
===========================================================================
report_checks -unconstrained
===========================================================================
======================= nom_tt_025C_1v80 Corner ===================================

Startpoint: _5127_ (rising edge-triggered flip-flop clocked by CLK)
Endpoint: DEVICES_STRW (output port clocked by CLK)
Path Group: CLK
Path Type: max

Fanout         Cap        Slew       Delay        Time   Description
---------------------------------------------------------------------------------------------
                                  0.000000    0.000000   clock CLK (rise edge)
                                  0.000000    0.000000   clock source latency
     1    0.043436    0.000000    0.000000    0.000000 ^ CLK (in)
                                                         CLK (net)
                      0.002124    0.001062    0.001062 ^ clkbuf_0_CLK/A (sky130_fd_sc_hd__clkbuf_16)
     4    0.074225    0.091700    0.150774    0.151837 ^ clkbuf_0_CLK/X (sky130_fd_sc_hd__clkbuf_16)
                                                         clknet_0_CLK (net)
                      0.091885    0.003307    0.155144 ^ clkbuf_2_2__f_CLK/A (sky130_fd_sc_hd__clkbuf_16)
    11    0.101417    0.117013    0.203294    0.358438 ^ clkbuf_2_2__f_CLK/X (sky130_fd_sc_hd__clkbuf_16)
                                                         clknet_2_2__leaf_CLK (net)
                      0.117260    0.003881    0.362319 ^ clkbuf_leaf_9_CLK/A (sky130_fd_sc_hd__clkbuf_8)
    11    0.033572    0.071859    0.175427    0.537745 ^ clkbuf_leaf_9_CLK/X (sky130_fd_sc_hd__clkbuf_8)
                                                         clknet_leaf_9_CLK (net)
                      0.071869    0.000875    0.538620 ^ _5127_/CLK (sky130_fd_sc_hd__dfxtp_4)
    18    0.147500    0.413636    0.612066    1.150686 ^ _5127_/Q (sky130_fd_sc_hd__dfxtp_4)
                                                         _0008_ (net)
                      0.413673    0.003312    1.153997 ^ max_cap183/A (sky130_fd_sc_hd__buf_12)
    24    0.208803    0.241546    0.304563    1.458560 ^ max_cap183/X (sky130_fd_sc_hd__buf_12)
                                                         net183 (net)
                      0.241981    0.008602    1.467162 ^ max_cap182/A (sky130_fd_sc_hd__buf_12)
    24    0.209260    0.242088    0.281432    1.748593 ^ max_cap182/X (sky130_fd_sc_hd__buf_12)
                                                         net182 (net)
                      0.247434    0.028652    1.777245 ^ _2578_/S0 (sky130_fd_sc_hd__mux4_2)
     1    0.003875    0.084222    0.536595    2.313841 v _2578_/X (sky130_fd_sc_hd__mux4_2)
                                                         _0508_ (net)
                      0.084222    0.000123    2.313963 v _2579_/B (sky130_fd_sc_hd__or2_2)
     2    0.007528    0.067496    0.304173    2.618137 v _2579_/X (sky130_fd_sc_hd__or2_2)
                                                         _0509_ (net)
                      0.067496    0.000138    2.618275 v _2586_/A1 (sky130_fd_sc_hd__a22o_2)
     8    0.056625    0.155226    0.364454    2.982728 v _2586_/X (sky130_fd_sc_hd__a22o_2)
                                                         _0516_ (net)
                      0.155246    0.001868    2.984597 v _2587_/B (sky130_fd_sc_hd__and2_2)
     4    0.014179    0.061362    0.269421    3.254018 v _2587_/X (sky130_fd_sc_hd__and2_2)
                                                         _0517_ (net)
                      0.061362    0.000219    3.254236 v _2589_/A (sky130_fd_sc_hd__nor2_2)
     9    0.048396    0.522328    0.435448    3.689685 ^ _2589_/Y (sky130_fd_sc_hd__nor2_2)
                                                         _0519_ (net)
                      0.522336    0.001830    3.691515 ^ _2615_/A1 (sky130_fd_sc_hd__a21o_2)
     2    0.015865    0.091929    0.252811    3.944326 ^ _2615_/X (sky130_fd_sc_hd__a21o_2)
                                                         _0545_ (net)
                      0.091930    0.000522    3.944848 ^ _2621_/A1 (sky130_fd_sc_hd__a21bo_2)
     3    0.022406    0.128607    0.203179    4.148026 ^ _2621_/X (sky130_fd_sc_hd__a21bo_2)
                                                         _0551_ (net)
                      0.128617    0.001210    4.149236 ^ _2626_/A2 (sky130_fd_sc_hd__a31o_2)
     3    0.019115    0.122258    0.232034    4.381270 ^ _2626_/X (sky130_fd_sc_hd__a31o_2)
                                                         _0556_ (net)
                      0.122259    0.000651    4.381922 ^ _2631_/A1 (sky130_fd_sc_hd__a31o_2)
     4    0.043069    0.247715    0.316386    4.698307 ^ _2631_/X (sky130_fd_sc_hd__a31o_2)
                                                         _0561_ (net)
                      0.247728    0.002121    4.700428 ^ _2684_/D_N (sky130_fd_sc_hd__or4b_2)
     3    0.014812    0.144893    0.684704    5.385132 v _2684_/X (sky130_fd_sc_hd__or4b_2)
                                                         _0614_ (net)
                      0.144893    0.000739    5.385870 v _2690_/A1 (sky130_fd_sc_hd__a21o_2)
     4    0.014705    0.061457    0.258009    5.643879 v _2690_/X (sky130_fd_sc_hd__a21o_2)
                                                         _0620_ (net)
                      0.061460    0.000523    5.644402 v _2694_/A3 (sky130_fd_sc_hd__a311o_2)
     4    0.016766    0.089325    0.437931    6.082333 v _2694_/X (sky130_fd_sc_hd__a311o_2)
                                                         _0624_ (net)
                      0.089325    0.000417    6.082750 v _2696_/A2 (sky130_fd_sc_hd__a21bo_2)
     5    0.020816    0.075644    0.274488    6.357238 v _2696_/X (sky130_fd_sc_hd__a21bo_2)
                                                         _0626_ (net)
                      0.075665    0.001231    6.358469 v _2704_/C (sky130_fd_sc_hd__and3_2)
     2    0.018325    0.072176    0.262629    6.621099 v _2704_/X (sky130_fd_sc_hd__and3_2)
                                                         _0628_ (net)
                      0.072176    0.000387    6.621486 v _2705_/B (sky130_fd_sc_hd__and2_2)
     1    0.002934    0.036682    0.195110    6.816596 v _2705_/X (sky130_fd_sc_hd__and2_2)
                                                         net53 (net)
                      0.036682    0.000088    6.816684 v output53/A (sky130_fd_sc_hd__clkdlybuf4s25_1)
     1    0.051853    0.380918    0.502875    7.319559 v output53/X (sky130_fd_sc_hd__clkdlybuf4s25_1)
                                                         DEVICES_STRW (net)
                      0.380920    0.001511    7.321069 v DEVICES_STRW (out)
                                              7.321069   data arrival time

                                 26.000000   26.000000   clock CLK (rise edge)
                                  0.000000   26.000000   clock network delay (propagated)
                                  0.000000   26.000000   clock reconvergence pessimism
                                 -5.000000   20.999998   output external delay
                                             20.999998   data required time
---------------------------------------------------------------------------------------------
                                             20.999998   data required time
                                             -7.321069   data arrival time
---------------------------------------------------------------------------------------------
                                             13.678929   slack (MET)




===========================================================================
report_checks --slack_max -0.01
============================================================================
======================= nom_tt_025C_1v80 Corner ===================================

No paths found.


===========================================================================
 report_check_types -max_slew -max_cap -max_fanout -violators
============================================================================
======================= nom_tt_025C_1v80 Corner ===================================



===========================================================================
report_parasitic_annotation -report_unannotated
============================================================================
Found 34 unannotated drivers.
 clkload0/X
 clkload1/Y
 clkload10/X
 clkload11/X
 clkload12/Y
 clkload13/Y
 clkload14/Y
 clkload15/Y
 clkload16/Y
 clkload17/X
 clkload18/Y
 clkload19/Y
 clkload2/Y
 clkload20/Y
 clkload21/Y
 clkload22/Y
 clkload23/X
 clkload24/X
 clkload25/X
 clkload26/Y
 clkload27/Y
 clkload28/X
 clkload29/X
 clkload3/Y
 clkload30/X
 clkload31/X
 clkload32/X
 clkload33/Y
 clkload4/X
 clkload5/X
 clkload6/X
 clkload7/X
 clkload8/X
 clkload9/X
Found 0 partially unannotated drivers.

===========================================================================
max slew violation count 0
max fanout violation count 0
max cap violation count 0
============================================================================

===========================================================================
check_setup -verbose -unconstrained_endpoints -multiple_clock -no_clock -no_input_delay -loops -generated_clocks
===========================================================================
