Clock: CLK
Sources: CLK 
Generated: no
Virtual: yes
Propagated: no
Period: 26.000000

===========================================================================
report_clock_properties
============================================================================
Clock                   Period          Waveform
----------------------------------------------------
CLK                  26.000000    0.000000 13.000000

===========================================================================
report_clock_latency
============================================================================
Clock CLK
rise -> rise
    min     max
0.000000 0.000000 source latency
0.520411         network latency _5219_/CLK
        0.567475 network latency _5057_/CLK
---------------
0.520411 0.567475 latency
        0.047064 skew

fall -> fall
    min     max
0.000000 0.000000 source latency
0.521092         network latency _5227_/CLK
        0.554414 network latency _5021_/CLK
---------------
0.521092 0.554414 latency
        0.033323 skew



===========================================================================
report_clock_min_period
============================================================================
CLK period_min = 6.70 fmax = 149.21
