
===========================================================================
report_checks -unconstrained
===========================================================================
======================= min_ff_n40C_1v95 Corner ===================================

Startpoint: _5127_ (rising edge-triggered flip-flop clocked by CLK)
Endpoint: DEVICES_STRW (output port clocked by CLK)
Path Group: CLK
Path Type: max

Fanout         Cap        Slew       Delay        Time   Description
---------------------------------------------------------------------------------------------
                                  0.000000    0.000000   clock CLK (rise edge)
                                  0.000000    0.000000   clock source latency
     1    0.046522    0.000000    0.000000    0.000000 ^ CLK (in)
                                                         CLK (net)
                      0.001598    0.000799    0.000799 ^ clkbuf_0_CLK/A (sky130_fd_sc_hd__clkbuf_16)
     4    0.072606    0.068761    0.105383    0.106182 ^ clkbuf_0_CLK/X (sky130_fd_sc_hd__clkbuf_16)
                                                         clknet_0_CLK (net)
                      0.069092    0.003770    0.109952 ^ clkbuf_2_2__f_CLK/A (sky130_fd_sc_hd__clkbuf_16)
    11    0.100862    0.089329    0.140394    0.250346 ^ clkbuf_2_2__f_CLK/X (sky130_fd_sc_hd__clkbuf_16)
                                                         clknet_2_2__leaf_CLK (net)
                      0.089431    0.001886    0.252232 ^ clkbuf_leaf_9_CLK/A (sky130_fd_sc_hd__clkbuf_8)
    12    0.034964    0.055521    0.118228    0.370460 ^ clkbuf_leaf_9_CLK/X (sky130_fd_sc_hd__clkbuf_8)
                                                         clknet_leaf_9_CLK (net)
                      0.055523    0.000396    0.370855 ^ _5127_/CLK (sky130_fd_sc_hd__dfxtp_4)
    18    0.149399    0.314406    0.416293    0.787148 ^ _5127_/Q (sky130_fd_sc_hd__dfxtp_4)
                                                         _0008_ (net)
                      0.314418    0.001630    0.788778 ^ max_cap165/A (sky130_fd_sc_hd__buf_12)
    24    0.208648    0.182675    0.185788    0.974566 ^ max_cap165/X (sky130_fd_sc_hd__buf_12)
                                                         net165 (net)
                      0.182975    0.006210    0.980777 ^ max_cap164/A (sky130_fd_sc_hd__buf_12)
    24    0.207176    0.181425    0.182085    1.162862 ^ max_cap164/X (sky130_fd_sc_hd__buf_12)
                                                         net164 (net)
                      0.186234    0.023411    1.186273 ^ _2578_/S0 (sky130_fd_sc_hd__mux4_2)
     1    0.004071    0.060173    0.304607    1.490880 v _2578_/X (sky130_fd_sc_hd__mux4_2)
                                                         _0508_ (net)
                      0.060173    0.000071    1.490951 v _2579_/B (sky130_fd_sc_hd__or2_2)
     2    0.007699    0.046297    0.179508    1.670458 v _2579_/X (sky130_fd_sc_hd__or2_2)
                                                         _0509_ (net)
                      0.046297    0.000052    1.670510 v _2586_/A1 (sky130_fd_sc_hd__a22o_2)
     8    0.052211    0.100919    0.204095    1.874605 v _2586_/X (sky130_fd_sc_hd__a22o_2)
                                                         _0516_ (net)
                      0.100921    0.000728    1.875333 v _2587_/B (sky130_fd_sc_hd__and2_2)
     4    0.014608    0.045421    0.168665    2.043998 v _2587_/X (sky130_fd_sc_hd__and2_2)
                                                         _0517_ (net)
                      0.045421    0.000062    2.044060 v _2589_/A (sky130_fd_sc_hd__nor2_2)
     9    0.048266    0.374939    0.307365    2.351424 ^ _2589_/Y (sky130_fd_sc_hd__nor2_2)
                                                         _0519_ (net)
                      0.374941    0.000665    2.352089 ^ _2615_/A1 (sky130_fd_sc_hd__a21o_2)
     2    0.015356    0.066239    0.125160    2.477249 ^ _2615_/X (sky130_fd_sc_hd__a21o_2)
                                                         _0545_ (net)
                      0.066239    0.000273    2.477522 ^ _2621_/A1 (sky130_fd_sc_hd__a21bo_2)
     3    0.021153    0.091876    0.128713    2.606235 ^ _2621_/X (sky130_fd_sc_hd__a21bo_2)
                                                         _0551_ (net)
                      0.091878    0.000581    2.606816 ^ _2626_/A2 (sky130_fd_sc_hd__a31o_2)
     3    0.019689    0.093258    0.145237    2.752053 ^ _2626_/X (sky130_fd_sc_hd__a31o_2)
                                                         _0556_ (net)
                      0.093258    0.000386    2.752439 ^ _2631_/A1 (sky130_fd_sc_hd__a31o_2)
     4    0.041695    0.181809    0.203961    2.956399 ^ _2631_/X (sky130_fd_sc_hd__a31o_2)
                                                         _0561_ (net)
                      0.181873    0.000742    2.957141 ^ _2684_/D_N (sky130_fd_sc_hd__or4b_2)
     3    0.013932    0.094835    0.370156    3.327298 v _2684_/X (sky130_fd_sc_hd__or4b_2)
                                                         _0614_ (net)
                      0.094835    0.000454    3.327752 v _2690_/A1 (sky130_fd_sc_hd__a21o_2)
     4    0.014103    0.044368    0.162481    3.490233 v _2690_/X (sky130_fd_sc_hd__a21o_2)
                                                         _0620_ (net)
                      0.044369    0.000255    3.490489 v _2694_/A3 (sky130_fd_sc_hd__a311o_2)
     4    0.016111    0.064087    0.272983    3.763472 v _2694_/X (sky130_fd_sc_hd__a311o_2)
                                                         _0624_ (net)
                      0.064116    0.000235    3.763707 v _2696_/A2 (sky130_fd_sc_hd__a21bo_2)
     5    0.018977    0.051422    0.176269    3.939976 v _2696_/X (sky130_fd_sc_hd__a21bo_2)
                                                         _0626_ (net)
                      0.051430    0.000626    3.940602 v _2704_/C (sky130_fd_sc_hd__and3_2)
     2    0.016041    0.049414    0.164434    4.105036 v _2704_/X (sky130_fd_sc_hd__and3_2)
                                                         _0628_ (net)
                      0.049414    0.000271    4.105307 v _2705_/B (sky130_fd_sc_hd__and2_2)
     1    0.002798    0.026417    0.119757    4.225064 v _2705_/X (sky130_fd_sc_hd__and2_2)
                                                         net53 (net)
                      0.026417    0.000030    4.225094 v output53/A (sky130_fd_sc_hd__clkdlybuf4s25_1)
     1    0.051713    0.260108    0.338178    4.563272 v output53/X (sky130_fd_sc_hd__clkdlybuf4s25_1)
                                                         DEVICES_STRW (net)
                      0.260108    0.000861    4.564133 v DEVICES_STRW (out)
                                              4.564133   data arrival time

                                 26.000000   26.000000   clock CLK (rise edge)
                                  0.000000   26.000000   clock network delay (propagated)
                                  0.000000   26.000000   clock reconvergence pessimism
                                 -5.000000   20.999998   output external delay
                                             20.999998   data required time
---------------------------------------------------------------------------------------------
                                             20.999998   data required time
                                             -4.564133   data arrival time
---------------------------------------------------------------------------------------------
                                             16.435867   slack (MET)




===========================================================================
report_checks --slack_max -0.01
============================================================================
======================= min_ff_n40C_1v95 Corner ===================================

No paths found.


===========================================================================
 report_check_types -max_slew -max_cap -max_fanout -violators
============================================================================
======================= min_ff_n40C_1v95 Corner ===================================



===========================================================================
report_parasitic_annotation -report_unannotated
============================================================================
Found 40 unannotated drivers.
 clkload0/X
 clkload1/Y
 clkload10/X
 clkload11/X
 clkload12/X
 clkload13/X
 clkload14/Y
 clkload15/Y
 clkload16/Y
 clkload17/Y
 clkload18/Y
 clkload19/Y
 clkload2/Y
 clkload20/X
 clkload21/Y
 clkload22/Y
 clkload23/Y
 clkload24/Y
 clkload25/Y
 clkload26/X
 clkload27/X
 clkload28/X
 clkload29/X
 clkload3/Y
 clkload30/Y
 clkload31/X
 clkload32/Y
 clkload33/Y
 clkload34/X
 clkload35/X
 clkload36/X
 clkload37/X
 clkload38/X
 clkload39/Y
 clkload4/X
 clkload5/X
 clkload6/X
 clkload7/X
 clkload8/X
 clkload9/X
Found 0 partially unannotated drivers.

===========================================================================
max slew violation count 0
max fanout violation count 0
max cap violation count 0
============================================================================

===========================================================================
check_setup -verbose -unconstrained_endpoints -multiple_clock -no_clock -no_input_delay -loops -generated_clocks
===========================================================================
