Clock: CLK
Sources: CLK 
Generated: no
Virtual: yes
Propagated: no
Period: 26.000000

===========================================================================
report_clock_properties
============================================================================
Clock                   Period          Waveform
----------------------------------------------------
CLK                  26.000000    0.000000 13.000000

===========================================================================
report_clock_latency
============================================================================
Clock CLK
rise -> rise
    min     max
0.000000 0.000000 source latency
0.352972         network latency _5219_/CLK
        0.390556 network latency _4883_/CLK
---------------
0.352972 0.390556 latency
        0.037585 skew

fall -> fall
    min     max
0.000000 0.000000 source latency
0.354398         network latency _5219_/CLK
        0.381204 network latency _4883_/CLK
---------------
0.354398 0.381204 latency
        0.026805 skew



===========================================================================
report_clock_min_period
============================================================================
CLK period_min = 4.06 fmax = 246.42
