
===========================================================================
 report_power
============================================================================
======================= min_ff_n40C_1v95 Corner ===================================

Group                    Internal    Switching      Leakage        Total
                            Power        Power        Power        Power (Watts)
------------------------------------------------------------------------
Sequential           7.563690e-04 5.232228e-05 8.574681e-09 8.086998e-04  41.6%
Combinational        2.090819e-04 2.845230e-04 2.788999e-08 4.936327e-04  25.4%
Clock                3.493490e-04 2.930046e-04 2.839000e-08 6.423820e-04  33.0%
Macro                0.000000e+00 0.000000e+00 0.000000e+00 0.000000e+00   0.0%
Pad                  0.000000e+00 0.000000e+00 0.000000e+00 0.000000e+00   0.0%
------------------------------------------------------------------------
Total                1.314798e-03 6.298498e-04 6.485497e-08 1.944713e-03 100.0%
                            67.6%        32.4%         0.0%

