%Warning-UNUSEDSIGNAL: /home/Ven/vscode/VRAI/VRAI-VERILOG/VRAI_CORE-sync_mem.v:72:12: Signal is not used: 'RESERVED_JMP'
                                                                                    : ... note: In instance 'VRAI_SYNC_CORE'
   72 | wire [3:0] RESERVED_JMP;  
      |            ^~~~~~~~~~~~
                       ... For warning description see https://verilator.org/warn/UNUSEDSIGNAL?v=5.044
                       ... Use "/* verilator lint_off UNUSEDSIGNAL */" and lint_on around source to disable this message.
%Warning-UNUSEDSIGNAL: /home/Ven/vscode/VRAI/VRAI-VERILOG/VRAI_CORE-sync_mem.v:128:13: Signal is not used: 'REG_ZR'
                                                                                     : ... note: In instance 'VRAI_SYNC_CORE'
  128 | wire [15:0] REG_ZR;
      |             ^~~~~~
%Warning-UNUSEDSIGNAL: /home/Ven/vscode/VRAI/VRAI-VERILOG/VRAI_CORE-sync_mem.v:129:13: Signal is not used: 'REG_Q1'
                                                                                     : ... note: In instance 'VRAI_SYNC_CORE'
  129 | wire [15:0] REG_Q1;
      |             ^~~~~~
%Warning-UNUSEDSIGNAL: /home/Ven/vscode/VRAI/VRAI-VERILOG/VRAI_CORE-sync_mem.v:130:13: Signal is not used: 'REG_Q2'
                                                                                     : ... note: In instance 'VRAI_SYNC_CORE'
  130 | wire [15:0] REG_Q2;
      |             ^~~~~~
%Warning-UNUSEDSIGNAL: /home/Ven/vscode/VRAI/VRAI-VERILOG/VRAI_CORE-sync_mem.v:131:13: Signal is not used: 'REG_Q3'
                                                                                     : ... note: In instance 'VRAI_SYNC_CORE'
  131 | wire [15:0] REG_Q3;
      |             ^~~~~~
%Warning-UNUSEDSIGNAL: /home/Ven/vscode/VRAI/VRAI-VERILOG/VRAI_CORE-sync_mem.v:132:13: Signal is not used: 'REG_Q4'
                                                                                     : ... note: In instance 'VRAI_SYNC_CORE'
  132 | wire [15:0] REG_Q4;
      |             ^~~~~~
%Warning-UNUSEDSIGNAL: /home/Ven/vscode/VRAI/VRAI-VERILOG/VRAI_CORE-sync_mem.v:133:13: Signal is not used: 'REG_Q5'
                                                                                     : ... note: In instance 'VRAI_SYNC_CORE'
  133 | wire [15:0] REG_Q5;
      |             ^~~~~~
%Warning-UNUSEDSIGNAL: /home/Ven/vscode/VRAI/VRAI-VERILOG/VRAI_CORE-sync_mem.v:134:13: Signal is not used: 'REG_Q6'
                                                                                     : ... note: In instance 'VRAI_SYNC_CORE'
  134 | wire [15:0] REG_Q6;
      |             ^~~~~~
%Warning-UNUSEDSIGNAL: /home/Ven/vscode/VRAI/VRAI-VERILOG/VRAI_CORE-sync_mem.v:135:13: Signal is not used: 'REG_Q7'
                                                                                     : ... note: In instance 'VRAI_SYNC_CORE'
  135 | wire [15:0] REG_Q7;
      |             ^~~~~~
%Warning-UNUSEDSIGNAL: /home/Ven/vscode/VRAI/VRAI-VERILOG/VRAI_CORE-sync_mem.v:136:13: Signal is not used: 'REG_Q8'
                                                                                     : ... note: In instance 'VRAI_SYNC_CORE'
  136 | wire [15:0] REG_Q8;
      |             ^~~~~~
%Warning-UNUSEDSIGNAL: /home/Ven/vscode/VRAI/VRAI-VERILOG/VRAI_CORE-sync_mem.v:137:13: Signal is not used: 'REG_Q9'
                                                                                     : ... note: In instance 'VRAI_SYNC_CORE'
  137 | wire [15:0] REG_Q9;
      |             ^~~~~~
%Warning-UNUSEDSIGNAL: /home/Ven/vscode/VRAI/VRAI-VERILOG/VRAI_CORE-sync_mem.v:138:13: Signal is not used: 'REG_QA'
                                                                                     : ... note: In instance 'VRAI_SYNC_CORE'
  138 | wire [15:0] REG_QA;
      |             ^~~~~~
%Warning-UNUSEDSIGNAL: /home/Ven/vscode/VRAI/VRAI-VERILOG/VRAI_CORE-sync_mem.v:139:13: Signal is not used: 'REG_QB'
                                                                                     : ... note: In instance 'VRAI_SYNC_CORE'
  139 | wire [15:0] REG_QB;
      |             ^~~~~~
%Warning-UNUSEDSIGNAL: /home/Ven/vscode/VRAI/VRAI-VERILOG/VRAI_CORE-sync_mem.v:140:13: Signal is not used: 'REG_QC'
                                                                                     : ... note: In instance 'VRAI_SYNC_CORE'
  140 | wire [15:0] REG_QC;
      |             ^~~~~~
%Warning-UNUSEDSIGNAL: /home/Ven/vscode/VRAI/VRAI-VERILOG/VRAI_CORE-sync_mem.v:141:13: Signal is not used: 'REG_QD'
                                                                                     : ... note: In instance 'VRAI_SYNC_CORE'
  141 | wire [15:0] REG_QD;
      |             ^~~~~~
%Warning-UNUSEDSIGNAL: /home/Ven/vscode/VRAI/VRAI-VERILOG/VRAI_CORE-sync_mem.v:142:13: Signal is not used: 'REG_SP'
                                                                                     : ... note: In instance 'VRAI_SYNC_CORE'
  142 | wire [15:0] REG_SP;
      |             ^~~~~~
%Warning-UNUSEDSIGNAL: /home/Ven/vscode/VRAI/VRAI-VERILOG/VRAI_CORE-sync_mem.v:239:6: Signal is not used: 'SYS_NOP'
                                                                                    : ... note: In instance 'VRAI_SYNC_CORE'
  239 | wire SYS_NOP;
      |      ^~~~~~~
%Warning-UNUSEDSIGNAL: /home/Ven/vscode/VRAI/VRAI-VERILOG/unit/jmp/UNIT_JMP.v:2:23: Bits of signal are not used: 'COND_FLAGS'[15:3]
                                                                                  : ... note: In instance 'VRAI_SYNC_CORE.jump_unit'
    2 |     input wire [15:0] COND_FLAGS,
      |                       ^~~~~~~~~~
%Warning-UNUSEDSIGNAL: /home/Ven/vscode/VRAI/VRAI-VERILOG/unit/bit/CLZ.v:143:6: Signal is not used: 'COUNT_8'
                                                                              : ... note: In instance 'VRAI_SYNC_CORE.bit_unit.clz_unit'
  143 | wire COUNT_8;
      |      ^~~~~~~
%Warning-UNUSEDSIGNAL: /home/Ven/vscode/VRAI/VRAI-VERILOG/unit/bit/CLZ.v:151:6: Signal is not used: 'COUNT_0'
                                                                              : ... note: In instance 'VRAI_SYNC_CORE.bit_unit.clz_unit'
  151 | wire COUNT_0;
      |      ^~~~~~~
%Warning-UNUSEDSIGNAL: /home/Ven/vscode/VRAI/VRAI-VERILOG/unit/bit/CTZ.v:105:102: Signal is not used: 'HI_COUNT_0'
                                                                                : ... note: In instance 'VRAI_SYNC_CORE.bit_unit.ctz_unit'
  105 | wire HI_COUNT_8, HI_COUNT_7, HI_COUNT_6, HI_COUNT_5, HI_COUNT_4, HI_COUNT_3, HI_COUNT_2, HI_COUNT_1, HI_COUNT_0;
      |                                                                                                      ^~~~~~~~~~
%Warning-UNUSEDSIGNAL: /home/Ven/vscode/VRAI/VRAI-VERILOG/unit/bit/CTZ.v:106:102: Signal is not used: 'LO_COUNT_0'
                                                                                : ... note: In instance 'VRAI_SYNC_CORE.bit_unit.ctz_unit'
  106 | wire LO_COUNT_8, LO_COUNT_7, LO_COUNT_6, LO_COUNT_5, LO_COUNT_4, LO_COUNT_3, LO_COUNT_2, LO_COUNT_1, LO_COUNT_0;
      |                                                                                                      ^~~~~~~~~~
- V e r i l a t i o n   R e p o r t: Verilator 5.044 2026-01-01 rev v5.040
- Verilator: Built from 3.004 MB sources in 474 modules, into 0.162 MB in 3 C++ files needing 0.000 MB
- Verilator: Walltime 0.066 s (elab=0.012, cvt=0.029, bld=0.000); cpu 0.066 s on 1 threads; alloced 29.930 MB
