
===========================================================================
report_checks -unconstrained
===========================================================================
======================= nom_tt_025C_1v80 Corner ===================================

Startpoint: RESET (input port clocked by CLK)
Endpoint: _5027_ (rising edge-triggered flip-flop clocked by CLK)
Path Group: CLK
Path Type: max

Fanout         Cap        Slew       Delay        Time   Description
---------------------------------------------------------------------------------------------
                      0.000000    0.000000    0.000000   clock CLK (rise edge)
                                  0.000000    0.000000   clock network delay (ideal)
                                  5.000000    5.000000 v input external delay
    64    0.264193    0.000000    0.000000    5.000000 v RESET (in)
                                                         RESET (net)
                      0.000000    0.000000    5.000000 v _2433_/A (sky130_fd_sc_hd__inv_2)
    86    0.183226    0.828554    0.577123    5.577123 ^ _2433_/Y (sky130_fd_sc_hd__inv_2)
                                                         _2323_ (net)
                      0.828554    0.000000    5.577123 ^ _2467_/B (sky130_fd_sc_hd__and2_2)
     5    0.014814    0.103552    0.315318    5.892440 ^ _2467_/X (sky130_fd_sc_hd__and2_2)
                                                         _0015_ (net)
                      0.103552    0.000000    5.892440 ^ _2893_/B (sky130_fd_sc_hd__nand2_2)
     5    0.007146    0.044851    0.070681    5.963121 v _2893_/Y (sky130_fd_sc_hd__nand2_2)
                                                         _0725_ (net)
                      0.044851    0.000000    5.963121 v _2985_/B (sky130_fd_sc_hd__or3b_2)
     4    0.016652    0.123794    0.503902    6.467023 v _2985_/X (sky130_fd_sc_hd__or3b_2)
                                                         _0769_ (net)
                      0.123794    0.000000    6.467023 v _3116_/A (sky130_fd_sc_hd__nor2_2)
    17    0.045012    0.491514    0.436977    6.904000 ^ _3116_/Y (sky130_fd_sc_hd__nor2_2)
                                                         _0788_ (net)
                      0.491514    0.000000    6.904000 ^ _3117_/B (sky130_fd_sc_hd__nor2_2)
    16    0.035472    0.164176    0.192976    7.096976 v _3117_/Y (sky130_fd_sc_hd__nor2_2)
                                                         _0789_ (net)
                      0.164176    0.000000    7.096976 v _3118_/B1 (sky130_fd_sc_hd__a22o_2)
     1    0.001681    0.036007    0.239572    7.336548 v _3118_/X (sky130_fd_sc_hd__a22o_2)
                                                         _0179_ (net)
                      0.036007    0.000000    7.336548 v _5027_/D (sky130_fd_sc_hd__dfxtp_2)
                                              7.336548   data arrival time

                      0.000000   26.000000   26.000000   clock CLK (rise edge)
                                  0.000000   26.000000   clock network delay (ideal)
                                  0.000000   26.000000   clock reconvergence pessimism
                                             26.000000 ^ _5027_/CLK (sky130_fd_sc_hd__dfxtp_2)
                                 -0.119464   25.880535   library setup time
                                             25.880535   data required time
---------------------------------------------------------------------------------------------
                                             25.880535   data required time
                                             -7.336548   data arrival time
---------------------------------------------------------------------------------------------
                                             18.543987   slack (MET)




===========================================================================
report_checks --slack_max -0.01
============================================================================
======================= nom_tt_025C_1v80 Corner ===================================

No paths found.


===========================================================================
 report_check_types -max_slew -max_cap -max_fanout -violators
============================================================================
======================= nom_tt_025C_1v80 Corner ===================================

max slew

Pin                                        Limit        Slew       Slack
------------------------------------------------------------------------
_3226_/Y                                1.487616    2.324576   -0.836960 (VIOLATED)
_3228_/B                                1.500000    2.324576   -0.824576 (VIOLATED)
_3230_/A2                               1.500000    2.324576   -0.824576 (VIOLATED)
_3232_/A2                               1.500000    2.324576   -0.824576 (VIOLATED)
_3234_/A2                               1.500000    2.324576   -0.824576 (VIOLATED)
_3236_/A2                               1.500000    2.324576   -0.824576 (VIOLATED)
_3238_/A2                               1.500000    2.324576   -0.824576 (VIOLATED)
_3240_/A2                               1.500000    2.324576   -0.824576 (VIOLATED)
_3242_/A2                               1.500000    2.324576   -0.824576 (VIOLATED)
_3244_/A2                               1.500000    2.324576   -0.824576 (VIOLATED)
_3246_/A2                               1.500000    2.324576   -0.824576 (VIOLATED)
_3247_/C                                1.500000    2.324576   -0.824576 (VIOLATED)
_3251_/A2                               1.500000    2.324576   -0.824576 (VIOLATED)
_3252_/C                                1.500000    2.324576   -0.824576 (VIOLATED)
_3411_/A2                               1.500000    2.324576   -0.824576 (VIOLATED)
_3413_/A2                               1.500000    2.324576   -0.824576 (VIOLATED)
_3415_/A2                               1.500000    2.324576   -0.824576 (VIOLATED)
_3417_/A2                               1.500000    2.324576   -0.824576 (VIOLATED)
_3419_/A2                               1.500000    2.324576   -0.824576 (VIOLATED)
_3421_/A2                               1.500000    2.324576   -0.824576 (VIOLATED)
_3422_/C                                1.500000    2.324576   -0.824576 (VIOLATED)
_3426_/A2                               1.500000    2.324576   -0.824576 (VIOLATED)
_3428_/A2                               1.500000    2.324576   -0.824576 (VIOLATED)
_3429_/C                                1.500000    2.324576   -0.824576 (VIOLATED)
_3433_/A2                               1.500000    2.324576   -0.824576 (VIOLATED)
_3435_/A2                               1.500000    2.324576   -0.824576 (VIOLATED)
_3437_/A2                               1.500000    2.324576   -0.824576 (VIOLATED)
_3439_/A2                               1.500000    2.324576   -0.824576 (VIOLATED)
_3441_/A2                               1.500000    2.324576   -0.824576 (VIOLATED)
_3443_/A2                               1.500000    2.324576   -0.824576 (VIOLATED)
_3445_/A2                               1.500000    2.324576   -0.824576 (VIOLATED)
_3447_/A2                               1.500000    2.324576   -0.824576 (VIOLATED)
_3449_/A2                               1.500000    2.324576   -0.824576 (VIOLATED)
_3450_/C                                1.500000    2.324576   -0.824576 (VIOLATED)
_4855_/A2                               1.500000    2.324576   -0.824576 (VIOLATED)
_4856_/A2                               1.500000    2.324576   -0.824576 (VIOLATED)
_4857_/A2                               1.500000    2.324576   -0.824576 (VIOLATED)
_4858_/A2                               1.500000    2.324576   -0.824576 (VIOLATED)
_4859_/A2                               1.500000    2.324576   -0.824576 (VIOLATED)
_4860_/A2                               1.500000    2.324576   -0.824576 (VIOLATED)
_4861_/A2                               1.500000    2.324576   -0.824576 (VIOLATED)
_4862_/A2                               1.500000    2.324576   -0.824576 (VIOLATED)
_4863_/A2                               1.500000    2.324576   -0.824576 (VIOLATED)
_4865_/A2                               1.500000    2.324576   -0.824576 (VIOLATED)
_2468_/S0                               1.500000    1.817447   -0.317447 (VIOLATED)
_2470_/S0                               1.500000    1.817447   -0.317447 (VIOLATED)
_2472_/S0                               1.500000    1.817447   -0.317447 (VIOLATED)
_2473_/S0                               1.500000    1.817447   -0.317447 (VIOLATED)
_2480_/S0                               1.500000    1.817447   -0.317447 (VIOLATED)
_2482_/S0                               1.500000    1.817447   -0.317447 (VIOLATED)
_2484_/S0                               1.500000    1.817447   -0.317447 (VIOLATED)
_2485_/S0                               1.500000    1.817447   -0.317447 (VIOLATED)
_2492_/S0                               1.500000    1.817447   -0.317447 (VIOLATED)
_2494_/S0                               1.500000    1.817447   -0.317447 (VIOLATED)
_2496_/S0                               1.500000    1.817447   -0.317447 (VIOLATED)
_2497_/S0                               1.500000    1.817447   -0.317447 (VIOLATED)
_2504_/S0                               1.500000    1.817447   -0.317447 (VIOLATED)
_2506_/S0                               1.500000    1.817447   -0.317447 (VIOLATED)
_2508_/S0                               1.500000    1.817447   -0.317447 (VIOLATED)
_2509_/S0                               1.500000    1.817447   -0.317447 (VIOLATED)
_2517_/S0                               1.500000    1.817447   -0.317447 (VIOLATED)
_2519_/S0                               1.500000    1.817447   -0.317447 (VIOLATED)
_2521_/S0                               1.500000    1.817447   -0.317447 (VIOLATED)
_2522_/S0                               1.500000    1.817447   -0.317447 (VIOLATED)
_2527_/S0                               1.500000    1.817447   -0.317447 (VIOLATED)
_2528_/S0                               1.500000    1.817447   -0.317447 (VIOLATED)
_2531_/S0                               1.500000    1.817447   -0.317447 (VIOLATED)
_2532_/S0                               1.500000    1.817447   -0.317447 (VIOLATED)
_2538_/S0                               1.500000    1.817447   -0.317447 (VIOLATED)
_2540_/S0                               1.500000    1.817447   -0.317447 (VIOLATED)
_2542_/S0                               1.500000    1.817447   -0.317447 (VIOLATED)
_2543_/S0                               1.500000    1.817447   -0.317447 (VIOLATED)
_2550_/S0                               1.500000    1.817447   -0.317447 (VIOLATED)
_2551_/S0                               1.500000    1.817447   -0.317447 (VIOLATED)
_2554_/S0                               1.500000    1.817447   -0.317447 (VIOLATED)
_2555_/S0                               1.500000    1.817447   -0.317447 (VIOLATED)
_2564_/S0                               1.500000    1.817447   -0.317447 (VIOLATED)
_2566_/S0                               1.500000    1.817447   -0.317447 (VIOLATED)
_2568_/S0                               1.500000    1.817447   -0.317447 (VIOLATED)
_2569_/S0                               1.500000    1.817447   -0.317447 (VIOLATED)
_2574_/S0                               1.500000    1.817447   -0.317447 (VIOLATED)
_2576_/S0                               1.500000    1.817447   -0.317447 (VIOLATED)
_2578_/S0                               1.500000    1.817447   -0.317447 (VIOLATED)
_2579_/S0                               1.500000    1.817447   -0.317447 (VIOLATED)
_2586_/S0                               1.500000    1.817447   -0.317447 (VIOLATED)
_2587_/S0                               1.500000    1.817447   -0.317447 (VIOLATED)
_2590_/S0                               1.500000    1.817447   -0.317447 (VIOLATED)
_2591_/S0                               1.500000    1.817447   -0.317447 (VIOLATED)
_2595_/S0                               1.500000    1.817447   -0.317447 (VIOLATED)
_2597_/S0                               1.500000    1.817447   -0.317447 (VIOLATED)
_2599_/S0                               1.500000    1.817447   -0.317447 (VIOLATED)
_2600_/S0                               1.500000    1.817447   -0.317447 (VIOLATED)
_2625_/S0                               1.500000    1.817447   -0.317447 (VIOLATED)
_2626_/S0                               1.500000    1.817447   -0.317447 (VIOLATED)
_2629_/S0                               1.500000    1.817447   -0.317447 (VIOLATED)
_2630_/S0                               1.500000    1.817447   -0.317447 (VIOLATED)
_2640_/S0                               1.500000    1.817447   -0.317447 (VIOLATED)
_2642_/S0                               1.500000    1.817447   -0.317447 (VIOLATED)
_2644_/S0                               1.500000    1.817447   -0.317447 (VIOLATED)
_2645_/S0                               1.500000    1.817447   -0.317447 (VIOLATED)
_2653_/S0                               1.500000    1.817447   -0.317447 (VIOLATED)
_2654_/S0                               1.500000    1.817447   -0.317447 (VIOLATED)
_2657_/S0                               1.500000    1.817447   -0.317447 (VIOLATED)
_2658_/S0                               1.500000    1.817447   -0.317447 (VIOLATED)
_2666_/S0                               1.500000    1.817447   -0.317447 (VIOLATED)
_2668_/S0                               1.500000    1.817447   -0.317447 (VIOLATED)
_2670_/S0                               1.500000    1.817447   -0.317447 (VIOLATED)
_2671_/S0                               1.500000    1.817447   -0.317447 (VIOLATED)
_2708_/S0                               1.500000    1.817447   -0.317447 (VIOLATED)
_2709_/S0                               1.500000    1.817447   -0.317447 (VIOLATED)
_2711_/S0                               1.500000    1.817447   -0.317447 (VIOLATED)
_2713_/S0                               1.500000    1.817447   -0.317447 (VIOLATED)
_2717_/S0                               1.500000    1.817447   -0.317447 (VIOLATED)
_2718_/S0                               1.500000    1.817447   -0.317447 (VIOLATED)
_2720_/S0                               1.500000    1.817447   -0.317447 (VIOLATED)
_2722_/S0                               1.500000    1.817447   -0.317447 (VIOLATED)
_2726_/S0                               1.500000    1.817447   -0.317447 (VIOLATED)
_2727_/S0                               1.500000    1.817447   -0.317447 (VIOLATED)
_2729_/S0                               1.500000    1.817447   -0.317447 (VIOLATED)
_2731_/S0                               1.500000    1.817447   -0.317447 (VIOLATED)
_2735_/S0                               1.500000    1.817447   -0.317447 (VIOLATED)
_2736_/S0                               1.500000    1.817447   -0.317447 (VIOLATED)
_2738_/S0                               1.500000    1.817447   -0.317447 (VIOLATED)
_2740_/S0                               1.500000    1.817447   -0.317447 (VIOLATED)
_2744_/S0                               1.500000    1.817447   -0.317447 (VIOLATED)
_2745_/S0                               1.500000    1.817447   -0.317447 (VIOLATED)
_2747_/S0                               1.500000    1.817447   -0.317447 (VIOLATED)
_2749_/S0                               1.500000    1.817447   -0.317447 (VIOLATED)
_2753_/S0                               1.500000    1.817447   -0.317447 (VIOLATED)
_2755_/S0                               1.500000    1.817447   -0.317447 (VIOLATED)
_2757_/S0                               1.500000    1.817447   -0.317447 (VIOLATED)
_2758_/S0                               1.500000    1.817447   -0.317447 (VIOLATED)
_2762_/S0                               1.500000    1.817447   -0.317447 (VIOLATED)
_2763_/S0                               1.500000    1.817447   -0.317447 (VIOLATED)
_2765_/S0                               1.500000    1.817447   -0.317447 (VIOLATED)
_2767_/S0                               1.500000    1.817447   -0.317447 (VIOLATED)
_2771_/S0                               1.500000    1.817447   -0.317447 (VIOLATED)
_2772_/S0                               1.500000    1.817447   -0.317447 (VIOLATED)
_2774_/S0                               1.500000    1.817447   -0.317447 (VIOLATED)
_2776_/S0                               1.500000    1.817447   -0.317447 (VIOLATED)
_2780_/S0                               1.500000    1.817447   -0.317447 (VIOLATED)
_2781_/S0                               1.500000    1.817447   -0.317447 (VIOLATED)
_2783_/S0                               1.500000    1.817447   -0.317447 (VIOLATED)
_2785_/S0                               1.500000    1.817447   -0.317447 (VIOLATED)
_2789_/S0                               1.500000    1.817447   -0.317447 (VIOLATED)
_2791_/S0                               1.500000    1.817447   -0.317447 (VIOLATED)
_2793_/S0                               1.500000    1.817447   -0.317447 (VIOLATED)
_2794_/S0                               1.500000    1.817447   -0.317447 (VIOLATED)
_2798_/S0                               1.500000    1.817447   -0.317447 (VIOLATED)
_2799_/S0                               1.500000    1.817447   -0.317447 (VIOLATED)
_2801_/S0                               1.500000    1.817447   -0.317447 (VIOLATED)
_2803_/S0                               1.500000    1.817447   -0.317447 (VIOLATED)
_2807_/S0                               1.500000    1.817447   -0.317447 (VIOLATED)
_2809_/S0                               1.500000    1.817447   -0.317447 (VIOLATED)
_2811_/S0                               1.500000    1.817447   -0.317447 (VIOLATED)
_2812_/S0                               1.500000    1.817447   -0.317447 (VIOLATED)
_2816_/S0                               1.500000    1.817447   -0.317447 (VIOLATED)
_2817_/S0                               1.500000    1.817447   -0.317447 (VIOLATED)
_2819_/S0                               1.500000    1.817447   -0.317447 (VIOLATED)
_2821_/S0                               1.500000    1.817447   -0.317447 (VIOLATED)
_2825_/S0                               1.500000    1.817447   -0.317447 (VIOLATED)
_2826_/S0                               1.500000    1.817447   -0.317447 (VIOLATED)
_2829_/S0                               1.500000    1.817447   -0.317447 (VIOLATED)
_2830_/S0                               1.500000    1.817447   -0.317447 (VIOLATED)
_2834_/S0                               1.500000    1.817447   -0.317447 (VIOLATED)
_2835_/S0                               1.500000    1.817447   -0.317447 (VIOLATED)
_2837_/S0                               1.500000    1.817447   -0.317447 (VIOLATED)
_2839_/S0                               1.500000    1.817447   -0.317447 (VIOLATED)
_2843_/S0                               1.500000    1.817447   -0.317447 (VIOLATED)
_2845_/S0                               1.500000    1.817447   -0.317447 (VIOLATED)
_2847_/S0                               1.500000    1.817447   -0.317447 (VIOLATED)
_2848_/S0                               1.500000    1.817447   -0.317447 (VIOLATED)
_3590_/S0                               1.500000    1.817447   -0.317447 (VIOLATED)
_3592_/S0                               1.500000    1.817447   -0.317447 (VIOLATED)
_3594_/S0                               1.500000    1.817447   -0.317447 (VIOLATED)
_3595_/S0                               1.500000    1.817447   -0.317447 (VIOLATED)
_3600_/S0                               1.500000    1.817447   -0.317447 (VIOLATED)
_3601_/S0                               1.500000    1.817447   -0.317447 (VIOLATED)
_3604_/S0                               1.500000    1.817447   -0.317447 (VIOLATED)
_3605_/S0                               1.500000    1.817447   -0.317447 (VIOLATED)
_3609_/S0                               1.500000    1.817447   -0.317447 (VIOLATED)
_3611_/S0                               1.500000    1.817447   -0.317447 (VIOLATED)
_3613_/S0                               1.500000    1.817447   -0.317447 (VIOLATED)
_3614_/S0                               1.500000    1.817447   -0.317447 (VIOLATED)
_3618_/S0                               1.500000    1.817447   -0.317447 (VIOLATED)
_3619_/S0                               1.500000    1.817447   -0.317447 (VIOLATED)
_3622_/S0                               1.500000    1.817447   -0.317447 (VIOLATED)
_3623_/S0                               1.500000    1.817447   -0.317447 (VIOLATED)
_3683_/S0                               1.500000    1.817447   -0.317447 (VIOLATED)
_3685_/S0                               1.500000    1.817447   -0.317447 (VIOLATED)
_3687_/S0                               1.500000    1.817447   -0.317447 (VIOLATED)
_3688_/S0                               1.500000    1.817447   -0.317447 (VIOLATED)
_3694_/S0                               1.500000    1.817447   -0.317447 (VIOLATED)
_3696_/S0                               1.500000    1.817447   -0.317447 (VIOLATED)
_3698_/S0                               1.500000    1.817447   -0.317447 (VIOLATED)
_3699_/S0                               1.500000    1.817447   -0.317447 (VIOLATED)
_3705_/S0                               1.500000    1.817447   -0.317447 (VIOLATED)
_3707_/S0                               1.500000    1.817447   -0.317447 (VIOLATED)
_3709_/S0                               1.500000    1.817447   -0.317447 (VIOLATED)
_3710_/S0                               1.500000    1.817447   -0.317447 (VIOLATED)
_3716_/S0                               1.500000    1.817447   -0.317447 (VIOLATED)
_3718_/S0                               1.500000    1.817447   -0.317447 (VIOLATED)
_3720_/S0                               1.500000    1.817447   -0.317447 (VIOLATED)
_3721_/S0                               1.500000    1.817447   -0.317447 (VIOLATED)
_3733_/S0                               1.500000    1.817447   -0.317447 (VIOLATED)
_3735_/S0                               1.500000    1.817447   -0.317447 (VIOLATED)
_3737_/S0                               1.500000    1.817447   -0.317447 (VIOLATED)
_3738_/S0                               1.500000    1.817447   -0.317447 (VIOLATED)
_3745_/S0                               1.500000    1.817447   -0.317447 (VIOLATED)
_3746_/S0                               1.500000    1.817447   -0.317447 (VIOLATED)
_3749_/S0                               1.500000    1.817447   -0.317447 (VIOLATED)
_3750_/S0                               1.500000    1.817447   -0.317447 (VIOLATED)
_3758_/S0                               1.500000    1.817447   -0.317447 (VIOLATED)
_3760_/S0                               1.500000    1.817447   -0.317447 (VIOLATED)
_3762_/S0                               1.500000    1.817447   -0.317447 (VIOLATED)
_3763_/S0                               1.500000    1.817447   -0.317447 (VIOLATED)
_3769_/S0                               1.500000    1.817447   -0.317447 (VIOLATED)
_3771_/S0                               1.500000    1.817447   -0.317447 (VIOLATED)
_3773_/S0                               1.500000    1.817447   -0.317447 (VIOLATED)
_3774_/S0                               1.500000    1.817447   -0.317447 (VIOLATED)
_3782_/S0                               1.500000    1.817447   -0.317447 (VIOLATED)
_3783_/S0                               1.500000    1.817447   -0.317447 (VIOLATED)
_3786_/S0                               1.500000    1.817447   -0.317447 (VIOLATED)
_3787_/S0                               1.500000    1.817447   -0.317447 (VIOLATED)
_3795_/S0                               1.500000    1.817447   -0.317447 (VIOLATED)
_3797_/S0                               1.500000    1.817447   -0.317447 (VIOLATED)
_3799_/S0                               1.500000    1.817447   -0.317447 (VIOLATED)
_3800_/S0                               1.500000    1.817447   -0.317447 (VIOLATED)
_3810_/S0                               1.500000    1.817447   -0.317447 (VIOLATED)
_3812_/S0                               1.500000    1.817447   -0.317447 (VIOLATED)
_3814_/S0                               1.500000    1.817447   -0.317447 (VIOLATED)
_3815_/S0                               1.500000    1.817447   -0.317447 (VIOLATED)
_3829_/S0                               1.500000    1.817447   -0.317447 (VIOLATED)
_3830_/S0                               1.500000    1.817447   -0.317447 (VIOLATED)
_3833_/S0                               1.500000    1.817447   -0.317447 (VIOLATED)
_3834_/S0                               1.500000    1.817447   -0.317447 (VIOLATED)
_5123_/Q                                1.503529    1.817447   -0.313918 (VIOLATED)
_5127_/Q                                1.503529    1.817447   -0.313918 (VIOLATED)
_5131_/Q                                1.503529    1.817447   -0.313918 (VIOLATED)

max capacitance

Pin                                        Limit         Cap       Slack
------------------------------------------------------------------------
_5123_/Q                                0.303049    0.369024   -0.065975 (VIOLATED)
_5127_/Q                                0.303049    0.369024   -0.065975 (VIOLATED)
_5131_/Q                                0.303049    0.369024   -0.065975 (VIOLATED)
_3226_/Y                                0.064097    0.105556   -0.041459 (VIOLATED)



===========================================================================
report_parasitic_annotation -report_unannotated
============================================================================
Found 2895 unannotated drivers.
 CLK
 INSTR_STREAM[0]
 INSTR_STREAM[10]
 INSTR_STREAM[11]
 INSTR_STREAM[12]
 INSTR_STREAM[13]
 INSTR_STREAM[14]
 INSTR_STREAM[15]
 INSTR_STREAM[16]
 INSTR_STREAM[17]
 INSTR_STREAM[18]
 INSTR_STREAM[19]
 INSTR_STREAM[1]
 INSTR_STREAM[20]
 INSTR_STREAM[21]
 INSTR_STREAM[22]
 INSTR_STREAM[23]
 INSTR_STREAM[24]
 INSTR_STREAM[25]
 INSTR_STREAM[26]
 INSTR_STREAM[27]
 INSTR_STREAM[28]
 INSTR_STREAM[29]
 INSTR_STREAM[2]
 INSTR_STREAM[30]
 INSTR_STREAM[31]
 INSTR_STREAM[3]
 INSTR_STREAM[4]
 INSTR_STREAM[5]
 INSTR_STREAM[6]
 INSTR_STREAM[7]
 INSTR_STREAM[8]
 INSTR_STREAM[9]
 MEM_LD_DATA[0]
 MEM_LD_DATA[10]
 MEM_LD_DATA[11]
 MEM_LD_DATA[12]
 MEM_LD_DATA[13]
 MEM_LD_DATA[14]
 MEM_LD_DATA[15]
 MEM_LD_DATA[1]
 MEM_LD_DATA[2]
 MEM_LD_DATA[3]
 MEM_LD_DATA[4]
 MEM_LD_DATA[5]
 MEM_LD_DATA[6]
 MEM_LD_DATA[7]
 MEM_LD_DATA[8]
 MEM_LD_DATA[9]
 RESET
 _2419_/Y
 _2420_/Y
 _2421_/Y
 _2422_/Y
 _2423_/Y
 _2424_/Y
 _2425_/Y
 _2426_/Y
 _2427_/Y
 _2428_/Y
 _2429_/Y
 _2430_/Y
 _2431_/Y
 _2432_/Y
 _2433_/Y
 _2434_/Y
 _2435_/Y
 _2436_/Y
 _2437_/Y
 _2438_/X
 _2439_/X
 _2440_/X
 _2441_/Y
 _2442_/X
 _2443_/Y
 _2444_/X
 _2445_/X
 _2446_/X
 _2447_/Y
 _2448_/X
 _2449_/Y
 _2450_/X
 _2451_/X
 _2452_/Y
 _2453_/X
 _2454_/X
 _2455_/X
 _2456_/X
 _2457_/X
 _2458_/X
 _2459_/Y
 _2460_/X
 _2461_/X
 _2462_/X
 _2463_/Y
 _2464_/X
 _2465_/Y
 _2466_/X
 _2467_/X
 _2468_/X
 _2469_/X
 _2470_/X
 _2471_/X
 _2472_/X
 _2473_/X
 _2474_/X
 _2475_/X
 _2476_/Y
 _2477_/Y
 _2478_/X
 _2479_/X
 _2480_/X
 _2481_/X
 _2482_/X
 _2483_/X
 _2484_/X
 _2485_/X
 _2486_/X
 _2487_/X
 _2488_/Y
 _2489_/X
 _2490_/X
 _2491_/Y
 _2492_/X
 _2493_/X
 _2494_/X
 _2495_/X
 _2496_/X
 _2497_/X
 _2498_/X
 _2499_/X
 _2500_/Y
 _2501_/X
 _2502_/Y
 _2503_/Y
 _2504_/X
 _2505_/X
 _2506_/X
 _2507_/X
 _2508_/X
 _2509_/X
 _2510_/X
 _2511_/X
 _2512_/Y
 _2513_/Y
 _2514_/Y
 _2515_/Y
 _2516_/Y
 _2517_/X
 _2518_/X
 _2519_/X
 _2520_/X
 _2521_/X
 _2522_/X
 _2523_/X
 _2524_/X
 _2525_/X
 _2526_/Y
 _2527_/X
 _2528_/X
 _2529_/X
 _2530_/X
 _2531_/X
 _2532_/X
 _2533_/X
 _2534_/X
 _2535_/Y
 _2536_/Y
 _2537_/Y
 _2538_/X
 _2539_/X
 _2540_/X
 _2541_/X
 _2542_/X
 _2543_/X
 _2544_/X
 _2545_/Y
 _2546_/X
 _2547_/X
 _2548_/Y
 _2549_/X
 _2550_/X
 _2551_/X
 _2552_/X
 _2553_/X
 _2554_/X
 _2555_/X
 _2556_/X
 _2557_/X
 _2558_/Y
 _2559_/X
 _2560_/Y
 _2561_/Y
 _2562_/Y
 _2563_/Y
 _2564_/X
 _2565_/X
 _2566_/X
 _2567_/X
 _2568_/X
 _2569_/X
 _2570_/X
 _2571_/Y
 _2572_/X
 _2573_/Y
 _2574_/X
 _2575_/X
 _2576_/X
 _2577_/X
 _2578_/X
 _2579_/X
 _2580_/X
 _2581_/Y
 _2582_/X
 _2583_/X
 _2584_/Y
 _2585_/Y
 _2586_/X
 _2587_/X
 _2588_/X
 _2589_/X
 _2590_/X
 _2591_/X
 _2592_/X
 _2593_/X
 _2594_/X
 _2595_/X
 _2596_/X
 _2597_/X
 _2598_/X
 _2599_/X
 _2600_/X
 _2601_/X
 _2602_/Y
 _2603_/X
 _2604_/X
 _2605_/Y
 _2606_/X
 _2607_/Y
 _2608_/X
 _2609_/X
 _2610_/X
 _2611_/Y
 _2612_/Y
 _2613_/Y
 _2614_/X
 _2615_/X
 _2616_/X
 _2617_/X
 _2618_/Y
 _2619_/X
 _2620_/X
 _2621_/X
 _2622_/Y
 _2623_/Y
 _2624_/X
 _2625_/X
 _2626_/X
 _2627_/X
 _2628_/X
 _2629_/X
 _2630_/X
 _2631_/X
 _2632_/X
 _2633_/Y
 _2634_/Y
 _2635_/Y
 _2636_/Y
 _2637_/Y
 _2638_/Y
 _2639_/Y
 _2640_/X
 _2641_/X
 _2642_/X
 _2643_/X
 _2644_/X
 _2645_/X
 _2646_/X
 _2647_/X
 _2648_/X
 _2649_/Y
 _2650_/Y
 _2651_/Y
 _2652_/X
 _2653_/X
 _2654_/X
 _2655_/X
 _2656_/X
 _2657_/X
 _2658_/X
 _2659_/X
 _2660_/X
 _2661_/Y
 _2662_/Y
 _2663_/Y
 _2664_/X
 _2665_/X
 _2666_/X
 _2667_/X
 _2668_/X
 _2669_/X
 _2670_/X
 _2671_/X
 _2672_/X
 _2673_/Y
 _2674_/X
 _2675_/Y
 _2676_/X
 _2677_/X
 _2678_/Y
 _2679_/Y
 _2680_/X
 _2681_/X
 _2682_/X
 _2683_/X
 _2684_/Y
 _2685_/Y
 _2686_/Y
 _2687_/X
 _2688_/X
 _2689_/Y
 _2690_/Y
 _2691_/Y
 _2692_/Y
 _2693_/Y
 _2694_/Y
 _2695_/Y
 _2696_/X
 _2697_/Y
 _2698_/Y
 _2699_/Y
 _2700_/Y
 _2701_/Y
 _2702_/Y
 _2703_/Y
 _2704_/X
 _2705_/X
 _2706_/X
 _2707_/Y
 _2708_/X
 _2709_/X
 _2710_/X
 _2711_/X
 _2712_/X
 _2713_/X
 _2714_/X
 _2715_/X
 _2716_/X
 _2717_/X
 _2718_/X
 _2719_/X
 _2720_/X
 _2721_/X
 _2722_/X
 _2723_/X
 _2724_/X
 _2725_/X
 _2726_/X
 _2727_/X
 _2728_/X
 _2729_/X
 _2730_/X
 _2731_/X
 _2732_/X
 _2733_/X
 _2734_/X
 _2735_/X
 _2736_/X
 _2737_/X
 _2738_/X
 _2739_/X
 _2740_/X
 _2741_/X
 _2742_/X
 _2743_/X
 _2744_/X
 _2745_/X
 _2746_/X
 _2747_/X
 _2748_/X
 _2749_/X
 _2750_/X
 _2751_/X
 _2752_/X
 _2753_/X
 _2754_/X
 _2755_/X
 _2756_/X
 _2757_/X
 _2758_/X
 _2759_/X
 _2760_/X
 _2761_/X
 _2762_/X
 _2763_/X
 _2764_/X
 _2765_/X
 _2766_/X
 _2767_/X
 _2768_/X
 _2769_/X
 _2770_/X
 _2771_/X
 _2772_/X
 _2773_/X
 _2774_/X
 _2775_/X
 _2776_/X
 _2777_/X
 _2778_/X
 _2779_/X
 _2780_/X
 _2781_/X
 _2782_/X
 _2783_/X
 _2784_/X
 _2785_/X
 _2786_/X
 _2787_/X
 _2788_/X
 _2789_/X
 _2790_/X
 _2791_/X
 _2792_/X
 _2793_/X
 _2794_/X
 _2795_/X
 _2796_/X
 _2797_/X
 _2798_/X
 _2799_/X
 _2800_/X
 _2801_/X
 _2802_/X
 _2803_/X
 _2804_/X
 _2805_/X
 _2806_/X
 _2807_/X
 _2808_/X
 _2809_/X
 _2810_/X
 _2811_/X
 _2812_/X
 _2813_/X
 _2814_/X
 _2815_/X
 _2816_/X
 _2817_/X
 _2818_/X
 _2819_/X
 _2820_/X
 _2821_/X
 _2822_/X
 _2823_/X
 _2824_/X
 _2825_/X
 _2826_/X
 _2827_/X
 _2828_/X
 _2829_/X
 _2830_/X
 _2831_/X
 _2832_/X
 _2833_/X
 _2834_/X
 _2835_/X
 _2836_/X
 _2837_/X
 _2838_/X
 _2839_/X
 _2840_/X
 _2841_/X
 _2842_/X
 _2843_/X
 _2844_/X
 _2845_/X
 _2846_/X
 _2847_/X
 _2848_/X
 _2849_/X
 _2850_/X
 _2851_/X
 _2852_/Y
 _2853_/Y
 _2854_/X
 _2855_/Y
 _2856_/Y
 _2857_/Y
 _2858_/Y
 _2859_/Y
 _2860_/Y
 _2861_/Y
 _2862_/Y
 _2863_/Y
 _2864_/Y
 _2865_/Y
 _2866_/Y
 _2867_/X
 _2868_/Y
 _2869_/Y
 _2870_/Y
 _2871_/Y
 _2872_/Y
 _2873_/Y
 _2874_/Y
 _2875_/X
 _2876_/Y
 _2877_/Y
 _2878_/X
 _2879_/Y
 _2880_/Y
 _2881_/Y
 _2882_/Y
 _2883_/Y
 _2884_/Y
 _2885_/Y
 _2886_/X
 _2887_/Y
 _2888_/Y
 _2889_/X
 _2890_/X
 _2891_/X
 _2892_/Y
 _2893_/Y
 _2894_/Y
 _2895_/X
 _2896_/Y
 _2897_/Y
 _2898_/X
 _2899_/X
 _2900_/X
 _2901_/X
 _2902_/X
 _2903_/X
 _2904_/X
 _2905_/X
 _2906_/X
 _2907_/X
 _2908_/X
 _2909_/X
 _2910_/X
 _2911_/X
 _2912_/X
 _2913_/X
 _2914_/X
 _2915_/X
 _2916_/X
 _2917_/X
 _2918_/X
 _2919_/X
 _2920_/X
 _2921_/X
 _2922_/X
 _2923_/X
 _2924_/X
 _2925_/X
 _2926_/X
 _2927_/X
 _2928_/X
 _2929_/X
 _2930_/X
 _2931_/X
 _2932_/X
 _2933_/X
 _2934_/X
 _2935_/X
 _2936_/X
 _2937_/X
 _2938_/X
 _2939_/X
 _2940_/X
 _2941_/X
 _2942_/X
 _2943_/X
 _2944_/X
 _2945_/X
 _2946_/X
 _2947_/Y
 _2948_/Y
 _2949_/X
 _2950_/X
 _2951_/X
 _2952_/X
 _2953_/X
 _2954_/X
 _2955_/X
 _2956_/X
 _2957_/X
 _2958_/X
 _2959_/X
 _2960_/X
 _2961_/X
 _2962_/X
 _2963_/X
 _2964_/X
 _2965_/Y
 _2966_/Y
 _2967_/Y
 _2968_/Y
 _2969_/X
 _2970_/X
 _2971_/X
 _2972_/X
 _2973_/X
 _2974_/X
 _2975_/X
 _2976_/X
 _2977_/X
 _2978_/X
 _2979_/X
 _2980_/X
 _2981_/X
 _2982_/X
 _2983_/X
 _2984_/X
 _2985_/X
 _2986_/Y
 _2987_/Y
 _2988_/X
 _2989_/X
 _2990_/X
 _2991_/X
 _2992_/X
 _2993_/X
 _2994_/X
 _2995_/X
 _2996_/X
 _2997_/X
 _2998_/X
 _2999_/X
 _3000_/X
 _3001_/X
 _3002_/X
 _3003_/X
 _3004_/X
 _3005_/Y
 _3006_/Y
 _3007_/X
 _3008_/X
 _3009_/X
 _3010_/X
 _3011_/X
 _3012_/X
 _3013_/X
 _3014_/X
 _3015_/X
 _3016_/X
 _3017_/X
 _3018_/X
 _3019_/X
 _3020_/X
 _3021_/X
 _3022_/X
 _3023_/Y
 _3024_/Y
 _3025_/X
 _3026_/X
 _3027_/X
 _3028_/X
 _3029_/X
 _3030_/X
 _3031_/X
 _3032_/X
 _3033_/X
 _3034_/X
 _3035_/X
 _3036_/X
 _3037_/X
 _3038_/X
 _3039_/X
 _3040_/X
 _3041_/X
 _3042_/Y
 _3043_/Y
 _3044_/X
 _3045_/X
 _3046_/X
 _3047_/X
 _3048_/X
 _3049_/X
 _3050_/X
 _3051_/X
 _3052_/X
 _3053_/X
 _3054_/X
 _3055_/X
 _3056_/X
 _3057_/X
 _3058_/X
 _3059_/X
 _3060_/Y
 _3061_/Y
 _3062_/X
 _3063_/X
 _3064_/X
 _3065_/X
 _3066_/X
 _3067_/X
 _3068_/X
 _3069_/X
 _3070_/X
 _3071_/X
 _3072_/X
 _3073_/X
 _3074_/X
 _3075_/X
 _3076_/X
 _3077_/X
 _3078_/X
 _3079_/Y
 _3080_/Y
 _3081_/X
 _3082_/X
 _3083_/X
 _3084_/X
 _3085_/X
 _3086_/X
 _3087_/X
 _3088_/X
 _3089_/X
 _3090_/X
 _3091_/X
 _3092_/X
 _3093_/X
 _3094_/X
 _3095_/X
 _3096_/X
 _3097_/Y
 _3098_/Y
 _3099_/Y
 _3100_/X
 _3101_/X
 _3102_/X
 _3103_/X
 _3104_/X
 _3105_/X
 _3106_/X
 _3107_/X
 _3108_/X
 _3109_/X
 _3110_/X
 _3111_/X
 _3112_/X
 _3113_/X
 _3114_/X
 _3115_/X
 _3116_/Y
 _3117_/Y
 _3118_/X
 _3119_/X
 _3120_/X
 _3121_/X
 _3122_/X
 _3123_/X
 _3124_/X
 _3125_/X
 _3126_/X
 _3127_/X
 _3128_/X
 _3129_/X
 _3130_/X
 _3131_/X
 _3132_/X
 _3133_/X
 _3134_/X
 _3135_/Y
 _3136_/Y
 _3137_/X
 _3138_/X
 _3139_/X
 _3140_/X
 _3141_/X
 _3142_/X
 _3143_/X
 _3144_/X
 _3145_/X
 _3146_/X
 _3147_/X
 _3148_/X
 _3149_/X
 _3150_/X
 _3151_/X
 _3152_/X
 _3153_/Y
 _3154_/Y
 _3155_/X
 _3156_/X
 _3157_/X
 _3158_/X
 _3159_/X
 _3160_/X
 _3161_/X
 _3162_/X
 _3163_/X
 _3164_/X
 _3165_/X
 _3166_/X
 _3167_/X
 _3168_/X
 _3169_/X
 _3170_/X
 _3171_/Y
 _3172_/Y
 _3173_/X
 _3174_/X
 _3175_/X
 _3176_/X
 _3177_/X
 _3178_/X
 _3179_/X
 _3180_/X
 _3181_/X
 _3182_/X
 _3183_/X
 _3184_/X
 _3185_/X
 _3186_/X
 _3187_/X
 _3188_/X
 _3189_/Y
 _3190_/Y
 _3191_/X
 _3192_/X
 _3193_/X
 _3194_/X
 _3195_/X
 _3196_/X
 _3197_/X
 _3198_/X
 _3199_/X
 _3200_/X
 _3201_/X
 _3202_/X
 _3203_/X
 _3204_/X
 _3205_/X
 _3206_/X
 _3207_/Y
 _3208_/Y
 _3209_/X
 _3210_/X
 _3211_/X
 _3212_/X
 _3213_/X
 _3214_/X
 _3215_/X
 _3216_/X
 _3217_/X
 _3218_/X
 _3219_/X
 _3220_/X
 _3221_/X
 _3222_/X
 _3223_/X
 _3224_/X
 _3225_/X
 _3226_/Y
 _3227_/X
 _3228_/Y
 _3229_/X
 _3230_/X
 _3231_/X
 _3232_/X
 _3233_/X
 _3234_/X
 _3235_/X
 _3236_/X
 _3237_/X
 _3238_/X
 _3239_/X
 _3240_/X
 _3241_/X
 _3242_/X
 _3243_/X
 _3244_/X
 _3245_/X
 _3246_/X
 _3247_/X
 _3248_/Y
 _3249_/Y
 _3250_/X
 _3251_/X
 _3252_/X
 _3253_/Y
 _3254_/Y
 _3255_/X
 _3256_/Y
 _3257_/Y
 _3258_/Y
 _3259_/Y
 _3260_/Y
 _3261_/Y
 _3262_/Y
 _3263_/X
 _3264_/Y
 _3265_/Y
 _3266_/Y
 _3267_/X
 _3268_/X
 _3269_/Y
 _3270_/Y
 _3271_/Y
 _3272_/Y
 _3273_/Y
 _3274_/X
 _3275_/Y
 _3276_/X
 _3277_/Y
 _3278_/X
 _3279_/X
 _3280_/Y
 _3281_/Y
 _3282_/Y
 _3283_/X
 _3284_/Y
 _3285_/X
 _3286_/Y
 _3287_/X
 _3288_/Y
 _3289_/X
 _3290_/X
 _3291_/Y
 _3292_/X
 _3293_/Y
 _3294_/X
 _3295_/X
 _3296_/X
 _3297_/X
 _3298_/Y
 _3299_/X
 _3300_/Y
 _3301_/X
 _3302_/X
 _3303_/X
 _3304_/Y
 _3305_/X
 _3306_/Y
 _3307_/Y
 _3308_/X
 _3309_/X
 _3310_/X
 _3311_/Y
 _3312_/X
 _3313_/X
 _3314_/X
 _3315_/Y
 _3316_/X
 _3317_/X
 _3318_/Y
 _3319_/Y
 _3320_/X
 _3321_/X
 _3322_/X
 _3323_/Y
 _3324_/X
 _3325_/X
 _3326_/X
 _3327_/Y
 _3328_/X
 _3329_/Y
 _3330_/X
 _3331_/Y
 _3332_/X
 _3333_/Y
 _3334_/X
 _3335_/Y
 _3336_/Y
 _3337_/Y
 _3338_/X
 _3339_/X
 _3340_/X
 _3341_/Y
 _3342_/Y
 _3343_/X
 _3344_/X
 _3345_/X
 _3346_/Y
 _3347_/X
 _3348_/Y
 _3349_/X
 _3350_/Y
 _3351_/X
 _3352_/Y
 _3353_/X
 _3354_/Y
 _3355_/X
 _3356_/X
 _3357_/Y
 _3358_/Y
 _3359_/X
 _3360_/X
 _3361_/X
 _3362_/X
 _3363_/X
 _3364_/X
 _3365_/X
 _3366_/Y
 _3367_/Y
 _3368_/Y
 _3369_/X
 _3370_/Y
 _3371_/X
 _3372_/X
 _3373_/Y
 _3374_/X
 _3375_/X
 _3376_/X
 _3377_/X
 _3378_/X
 _3379_/Y
 _3380_/X
 _3381_/Y
 _3382_/Y
 _3383_/X
 _3384_/X
 _3385_/Y
 _3386_/X
 _3387_/X
 _3388_/X
 _3389_/Y
 _3390_/X
 _3391_/X
 _3392_/Y
 _3393_/X
 _3394_/X
 _3395_/X
 _3396_/Y
 _3397_/X
 _3398_/Y
 _3399_/X
 _3400_/Y
 _3401_/Y
 _3402_/Y
 _3403_/X
 _3404_/X
 _3405_/X
 _3406_/X
 _3407_/X
 _3408_/X
 _3409_/X
 _3410_/X
 _3411_/X
 _3412_/X
 _3413_/X
 _3414_/X
 _3415_/X
 _3416_/X
 _3417_/X
 _3418_/X
 _3419_/X
 _3420_/X
 _3421_/X
 _3422_/X
 _3423_/Y
 _3424_/Y
 _3425_/X
 _3426_/X
 _3427_/X
 _3428_/X
 _3429_/X
 _3430_/Y
 _3431_/Y
 _3432_/X
 _3433_/X
 _3434_/X
 _3435_/X
 _3436_/X
 _3437_/X
 _3438_/X
 _3439_/X
 _3440_/X
 _3441_/X
 _3442_/X
 _3443_/X
 _3444_/X
 _3445_/X
 _3446_/X
 _3447_/X
 _3448_/X
 _3449_/X
 _3450_/X
 _3451_/Y
 _3452_/Y
 _3453_/X
 _3454_/X
 _3455_/X
 _3456_/X
 _3457_/X
 _3458_/X
 _3459_/X
 _3460_/X
 _3461_/X
 _3462_/Y
 _3463_/Y
 _3464_/X
 _3465_/X
 _3466_/X
 _3467_/X
 _3468_/X
 _3469_/X
 _3470_/X
 _3471_/X
 _3472_/X
 _3473_/X
 _3474_/Y
 _3475_/X
 _3476_/Y
 _3477_/X
 _3478_/X
 _3479_/X
 _3480_/Y
 _3481_/X
 _3482_/Y
 _3483_/Y
 _3484_/X
 _3485_/Y
 _3486_/X
 _3487_/X
 _3488_/X
 _3489_/X
 _3490_/Y
 _3491_/Y
 _3492_/Y
 _3493_/X
 _3494_/X
 _3495_/X
 _3496_/X
 _3497_/X
 _3498_/Y
 _3499_/X
 _3500_/X
 _3501_/X
 _3502_/X
 _3503_/Y
 _3504_/X
 _3505_/Y
 _3506_/X
 _3507_/Y
 _3508_/Y
 _3509_/X
 _3510_/Y
 _3511_/Y
 _3512_/X
 _3513_/Y
 _3514_/X
 _3515_/X
 _3516_/Y
 _3517_/X
 _3518_/Y
 _3519_/Y
 _3520_/X
 _3521_/Y
 _3522_/X
 _3523_/X
 _3524_/X
 _3525_/X
 _3526_/Y
 _3527_/X
 _3528_/Y
 _3529_/Y
 _3530_/Y
 _3531_/X
 _3532_/X
 _3533_/Y
 _3534_/X
 _3535_/X
 _3536_/Y
 _3537_/X
 _3538_/Y
 _3539_/X
 _3540_/Y
 _3541_/Y
 _3542_/X
 _3543_/Y
 _3544_/Y
 _3545_/X
 _3546_/Y
 _3547_/Y
 _3548_/X
 _3549_/Y
 _3550_/X
 _3551_/Y
 _3552_/X
 _3553_/Y
 _3554_/X
 _3555_/Y
 _3556_/X
 _3557_/X
 _3558_/Y
 _3559_/Y
 _3560_/X
 _3561_/Y
 _3562_/X
 _3563_/Y
 _3564_/X
 _3565_/Y
 _3566_/X
 _3567_/Y
 _3568_/Y
 _3569_/Y
 _3570_/Y
 _3571_/X
 _3572_/Y
 _3573_/X
 _3574_/Y
 _3575_/X
 _3576_/X
 _3577_/Y
 _3578_/X
 _3579_/Y
 _3580_/Y
 _3581_/X
 _3582_/Y
 _3583_/X
 _3584_/X
 _3585_/X
 _3586_/Y
 _3587_/X
 _3588_/X
 _3589_/Y
 _3590_/X
 _3591_/X
 _3592_/X
 _3593_/X
 _3594_/X
 _3595_/X
 _3596_/X
 _3597_/X
 _3598_/X
 _3599_/Y
 _3600_/X
 _3601_/X
 _3602_/X
 _3603_/X
 _3604_/X
 _3605_/X
 _3606_/X
 _3607_/X
 _3608_/X
 _3609_/X
 _3610_/X
 _3611_/X
 _3612_/X
 _3613_/X
 _3614_/X
 _3615_/X
 _3616_/X
 _3617_/X
 _3618_/X
 _3619_/X
 _3620_/X
 _3621_/X
 _3622_/X
 _3623_/X
 _3624_/X
 _3625_/X
 _3626_/X
 _3627_/Y
 _3628_/Y
 _3629_/X
 _3630_/X
 _3631_/Y
 _3632_/X
 _3633_/Y
 _3634_/X
 _3635_/X
 _3636_/Y
 _3637_/X
 _3638_/X
 _3639_/Y
 _3640_/X
 _3641_/X
 _3642_/Y
 _3643_/X
 _3644_/Y
 _3645_/X
 _3646_/X
 _3647_/X
 _3648_/Y
 _3649_/Y
 _3650_/X
 _3651_/Y
 _3652_/Y
 _3653_/X
 _3654_/X
 _3655_/X
 _3656_/X
 _3657_/Y
 _3658_/X
 _3659_/X
 _3660_/X
 _3661_/X
 _3662_/Y
 _3663_/X
 _3664_/X
 _3665_/X
 _3666_/Y
 _3667_/X
 _3668_/X
 _3669_/X
 _3670_/X
 _3671_/X
 _3672_/X
 _3673_/X
 _3674_/X
 _3675_/Y
 _3676_/Y
 _3677_/X
 _3678_/X
 _3679_/Y
 _3680_/X
 _3681_/X
 _3682_/Y
 _3683_/X
 _3684_/X
 _3685_/X
 _3686_/X
 _3687_/X
 _3688_/X
 _3689_/X
 _3690_/X
 _3691_/Y
 _3692_/X
 _3693_/Y
 _3694_/X
 _3695_/X
 _3696_/X
 _3697_/X
 _3698_/X
 _3699_/X
 _3700_/X
 _3701_/X
 _3702_/Y
 _3703_/X
 _3704_/Y
 _3705_/X
 _3706_/X
 _3707_/X
 _3708_/X
 _3709_/X
 _3710_/X
 _3711_/X
 _3712_/X
 _3713_/Y
 _3714_/X
 _3715_/X
 _3716_/X
 _3717_/X
 _3718_/X
 _3719_/X
 _3720_/X
 _3721_/X
 _3722_/X
 _3723_/X
 _3724_/Y
 _3725_/Y
 _3726_/Y
 _3727_/X
 _3728_/X
 _3729_/X
 _3730_/Y
 _3731_/Y
 _3732_/X
 _3733_/X
 _3734_/X
 _3735_/X
 _3736_/X
 _3737_/X
 _3738_/X
 _3739_/X
 _3740_/X
 _3741_/Y
 _3742_/X
 _3743_/Y
 _3744_/Y
 _3745_/X
 _3746_/X
 _3747_/X
 _3748_/X
 _3749_/X
 _3750_/X
 _3751_/X
 _3752_/X
 _3753_/Y
 _3754_/X
 _3755_/Y
 _3756_/Y
 _3757_/Y
 _3758_/X
 _3759_/X
 _3760_/X
 _3761_/X
 _3762_/X
 _3763_/X
 _3764_/X
 _3765_/X
 _3766_/Y
 _3767_/X
 _3768_/Y
 _3769_/X
 _3770_/X
 _3771_/X
 _3772_/X
 _3773_/X
 _3774_/X
 _3775_/X
 _3776_/X
 _3777_/Y
 _3778_/X
 _3779_/X
 _3780_/X
 _3781_/X
 _3782_/X
 _3783_/X
 _3784_/X
 _3785_/X
 _3786_/X
 _3787_/X
 _3788_/X
 _3789_/X
 _3790_/Y
 _3791_/Y
 _3792_/X
 _3793_/Y
 _3794_/Y
 _3795_/X
 _3796_/X
 _3797_/X
 _3798_/X
 _3799_/X
 _3800_/X
 _3801_/X
 _3802_/X
 _3803_/X
 _3804_/Y
 _3805_/Y
 _3806_/Y
 _3807_/Y
 _3808_/X
 _3809_/Y
 _3810_/X
 _3811_/X
 _3812_/X
 _3813_/X
 _3814_/X
 _3815_/X
 _3816_/X
 _3817_/X
 _3818_/Y
 _3819_/Y
 _3820_/X
 _3821_/X
 _3822_/Y
 _3823_/X
 _3824_/Y
 _3825_/X
 _3826_/Y
 _3827_/Y
 _3828_/Y
 _3829_/X
 _3830_/X
 _3831_/X
 _3832_/X
 _3833_/X
 _3834_/X
 _3835_/X
 _3836_/X
 _3837_/Y
 _3838_/X
 _3839_/Y
 _3840_/X
 _3841_/Y
 _3842_/Y
 _3843_/Y
 _3844_/X
 _3845_/X
 _3846_/X
 _3847_/X
 _3848_/Y
 _3849_/X
 _3850_/X
 _3851_/X
 _3852_/Y
 _3853_/X
 _3854_/X
 _3855_/X
 _3856_/X
 _3857_/Y
 _3858_/X
 _3859_/X
 _3860_/X
 _3861_/X
 _3862_/X
 _3863_/Y
 _3864_/Y
 _3865_/Y
 _3866_/Y
 _3867_/X
 _3868_/Y
 _3869_/Y
 _3870_/X
 _3871_/Y
 _3872_/Y
 _3873_/X
 _3874_/X
 _3875_/Y
 _3876_/X
 _3877_/X
 _3878_/X
 _3879_/X
 _3880_/X
 _3881_/X
 _3882_/Y
 _3883_/Y
 _3884_/X
 _3885_/Y
 _3886_/Y
 _3887_/Y
 _3888_/X
 _3889_/X
 _3890_/Y
 _3891_/X
 _3892_/Y
 _3893_/X
 _3894_/Y
 _3895_/X
 _3896_/Y
 _3897_/Y
 _3898_/X
 _3899_/Y
 _3900_/X
 _3901_/X
 _3902_/X
 _3903_/Y
 _3904_/Y
 _3905_/Y
 _3906_/Y
 _3907_/X
 _3908_/Y
 _3909_/X
 _3910_/Y
 _3911_/X
 _3912_/Y
 _3913_/X
 _3914_/X
 _3915_/X
 _3916_/X
 _3917_/X
 _3918_/X
 _3919_/Y
 _3920_/X
 _3921_/X
 _3922_/Y
 _3923_/X
 _3924_/Y
 _3925_/Y
 _3926_/X
 _3927_/Y
 _3928_/X
 _3929_/X
 _3930_/Y
 _3931_/Y
 _3932_/Y
 _3933_/X
 _3934_/Y
 _3935_/X
 _3936_/Y
 _3937_/X
 _3938_/X
 _3939_/Y
 _3940_/Y
 _3941_/X
 _3942_/Y
 _3943_/X
 _3944_/Y
 _3945_/Y
 _3946_/Y
 _3947_/X
 _3948_/X
 _3949_/X
 _3950_/Y
 _3951_/X
 _3952_/Y
 _3953_/Y
 _3954_/X
 _3955_/Y
 _3956_/Y
 _3957_/X
 _3958_/X
 _3959_/X
 _3960_/X
 _3961_/Y
 _3962_/Y
 _3963_/X
 _3964_/Y
 _3965_/X
 _3966_/Y
 _3967_/Y
 _3968_/X
 _3969_/X
 _3970_/X
 _3971_/X
 _3972_/Y
 _3973_/Y
 _3974_/X
 _3975_/X
 _3976_/X
 _3977_/Y
 _3978_/X
 _3979_/X
 _3980_/Y
 _3981_/Y
 _3982_/X
 _3983_/Y
 _3984_/Y
 _3985_/Y
 _3986_/Y
 _3987_/X
 _3988_/Y
 _3989_/X
 _3990_/Y
 _3991_/Y
 _3992_/Y
 _3993_/X
 _3994_/Y
 _3995_/X
 _3996_/Y
 _3997_/Y
 _3998_/Y
 _3999_/X
 _4000_/X
 _4001_/Y
 _4002_/Y
 _4003_/X
 _4004_/X
 _4005_/X
 _4006_/Y
 _4007_/X
 _4008_/X
 _4009_/X
 _4010_/X
 _4011_/Y
 _4012_/X
 _4013_/X
 _4014_/X
 _4015_/Y
 _4016_/X
 _4017_/X
 _4018_/X
 _4019_/Y
 _4020_/Y
 _4021_/X
 _4022_/Y
 _4023_/X
 _4024_/X
 _4025_/Y
 _4026_/X
 _4027_/X
 _4028_/X
 _4029_/X
 _4030_/X
 _4031_/X
 _4032_/X
 _4033_/X
 _4034_/X
 _4035_/X
 _4036_/X
 _4037_/Y
 _4038_/X
 _4039_/Y
 _4040_/X
 _4041_/X
 _4042_/X
 _4043_/Y
 _4044_/X
 _4045_/X
 _4046_/X
 _4047_/Y
 _4048_/Y
 _4049_/Y
 _4050_/X
 _4051_/X
 _4052_/X
 _4053_/X
 _4054_/Y
 _4055_/X
 _4056_/X
 _4057_/Y
 _4058_/X
 _4059_/X
 _4060_/X
 _4061_/Y
 _4062_/X
 _4063_/Y
 _4064_/Y
 _4065_/X
 _4066_/Y
 _4067_/Y
 _4068_/Y
 _4069_/X
 _4070_/X
 _4071_/Y
 _4072_/X
 _4073_/X
 _4074_/Y
 _4075_/X
 _4076_/Y
 _4077_/X
 _4078_/X
 _4079_/X
 _4080_/X
 _4081_/X
 _4082_/X
 _4083_/X
 _4084_/X
 _4085_/X
 _4086_/Y
 _4087_/X
 _4088_/X
 _4089_/X
 _4090_/Y
 _4091_/X
 _4092_/X
 _4093_/X
 _4094_/X
 _4095_/X
 _4096_/X
 _4097_/Y
 _4098_/X
 _4099_/X
 _4100_/Y
 _4101_/X
 _4102_/X
 _4103_/Y
 _4104_/X
 _4105_/X
 _4106_/Y
 _4107_/X
 _4108_/Y
 _4109_/X
 _4110_/X
 _4111_/X
 _4112_/X
 _4113_/Y
 _4114_/X
 _4115_/Y
 _4116_/X
 _4117_/X
 _4118_/X
 _4119_/X
 _4120_/Y
 _4121_/Y
 _4122_/X
 _4123_/X
 _4124_/Y
 _4125_/Y
 _4126_/X
 _4127_/Y
 _4128_/X
 _4129_/X
 _4130_/X
 _4131_/X
 _4132_/X
 _4133_/X
 _4134_/Y
 _4135_/X
 _4136_/Y
 _4137_/X
 _4138_/X
 _4139_/Y
 _4140_/Y
 _4141_/X
 _4142_/X
 _4143_/X
 _4144_/Y
 _4145_/Y
 _4146_/X
 _4147_/X
 _4148_/Y
 _4149_/X
 _4150_/X
 _4151_/X
 _4152_/X
 _4153_/Y
 _4154_/X
 _4155_/X
 _4156_/X
 _4157_/X
 _4158_/X
 _4159_/X
 _4160_/X
 _4161_/X
 _4162_/Y
 _4163_/X
 _4164_/Y
 _4165_/X
 _4166_/X
 _4167_/X
 _4168_/Y
 _4169_/X
 _4170_/Y
 _4171_/Y
 _4172_/X
 _4173_/Y
 _4174_/X
 _4175_/X
 _4176_/X
 _4177_/Y
 _4178_/X
 _4179_/Y
 _4180_/X
 _4181_/Y
 _4182_/Y
 _4183_/X
 _4184_/Y
 _4185_/Y
 _4186_/X
 _4187_/X
 _4188_/X
 _4189_/X
 _4190_/X
 _4191_/Y
 _4192_/X
 _4193_/Y
 _4194_/X
 _4195_/Y
 _4196_/Y
 _4197_/X
 _4198_/Y
 _4199_/Y
 _4200_/Y
 _4201_/X
 _4202_/X
 _4203_/X
 _4204_/Y
 _4205_/X
 _4206_/X
 _4207_/Y
 _4208_/Y
 _4209_/X
 _4210_/X
 _4211_/X
 _4212_/X
 _4213_/X
 _4214_/X
 _4215_/Y
 _4216_/X
 _4217_/X
 _4218_/Y
 _4219_/Y
 _4220_/X
 _4221_/X
 _4222_/Y
 _4223_/Y
 _4224_/X
 _4225_/X
 _4226_/X
 _4227_/X
 _4228_/Y
 _4229_/Y
 _4230_/X
 _4231_/Y
 _4232_/X
 _4233_/X
 _4234_/X
 _4235_/X
 _4236_/Y
 _4237_/X
 _4238_/Y
 _4239_/Y
 _4240_/X
 _4241_/Y
 _4242_/X
 _4243_/X
 _4244_/X
 _4245_/X
 _4246_/Y
 _4247_/X
 _4248_/Y
 _4249_/Y
 _4250_/X
 _4251_/X
 _4252_/Y
 _4253_/X
 _4254_/Y
 _4255_/X
 _4256_/X
 _4257_/X
 _4258_/X
 _4259_/Y
 _4260_/X
 _4261_/X
 _4262_/X
 _4263_/Y
 _4264_/X
 _4265_/X
 _4266_/X
 _4267_/Y
 _4268_/Y
 _4269_/X
 _4270_/X
 _4271_/Y
 _4272_/X
 _4273_/X
 _4274_/X
 _4275_/X
 _4276_/Y
 _4277_/X
 _4278_/Y
 _4279_/Y
 _4280_/X
 _4281_/Y
 _4282_/Y
 _4283_/X
 _4284_/Y
 _4285_/X
 _4286_/Y
 _4287_/X
 _4288_/X
 _4289_/Y
 _4290_/X
 _4291_/Y
 _4292_/Y
 _4293_/X
 _4294_/Y
 _4295_/X
 _4296_/X
 _4297_/Y
 _4298_/X
 _4299_/X
 _4300_/X
 _4301_/X
 _4302_/Y
 _4303_/X
 _4304_/X
 _4305_/X
 _4306_/Y
 _4307_/X
 _4308_/X
 _4309_/Y
 _4310_/Y
 _4311_/X
 _4312_/X
 _4313_/X
 _4314_/Y
 _4315_/Y
 _4316_/X
 _4317_/X
 _4318_/X
 _4319_/X
 _4320_/X
 _4321_/X
 _4322_/X
 _4323_/X
 _4324_/X
 _4325_/X
 _4326_/Y
 _4327_/X
 _4328_/Y
 _4329_/X
 _4330_/Y
 _4331_/X
 _4332_/X
 _4333_/X
 _4334_/Y
 _4335_/Y
 _4336_/X
 _4337_/Y
 _4338_/X
 _4339_/Y
 _4340_/Y
 _4341_/Y
 _4342_/Y
 _4343_/Y
 _4344_/X
 _4345_/X
 _4346_/X
 _4347_/X
 _4348_/X
 _4349_/Y
 _4350_/X
 _4351_/X
 _4352_/Y
 _4353_/X
 _4354_/X
 _4355_/X
 _4356_/Y
 _4357_/Y
 _4358_/X
 _4359_/X
 _4360_/X
 _4361_/Y
 _4362_/Y
 _4363_/X
 _4364_/Y
 _4365_/Y
 _4366_/X
 _4367_/Y
 _4368_/X
 _4369_/Y
 _4370_/X
 _4371_/Y
 _4372_/X
 _4373_/Y
 _4374_/X
 _4375_/X
 _4376_/Y
 _4377_/X
 _4378_/X
 _4379_/Y
 _4380_/X
 _4381_/Y
 _4382_/X
 _4383_/Y
 _4384_/X
 _4385_/X
 _4386_/X
 _4387_/X
 _4388_/Y
 _4389_/X
 _4390_/Y
 _4391_/Y
 _4392_/X
 _4393_/Y
 _4394_/Y
 _4395_/X
 _4396_/Y
 _4397_/Y
 _4398_/Y
 _4399_/X
 _4400_/X
 _4401_/Y
 _4402_/X
 _4403_/Y
 _4404_/X
 _4405_/X
 _4406_/Y
 _4407_/X
 _4408_/X
 _4409_/Y
 _4410_/X
 _4411_/Y
 _4412_/X
 _4413_/X
 _4414_/Y
 _4415_/X
 _4416_/X
 _4417_/X
 _4418_/X
 _4419_/X
 _4420_/X
 _4421_/X
 _4422_/X
 _4423_/Y
 _4424_/X
 _4425_/X
 _4426_/X
 _4427_/X
 _4428_/Y
 _4429_/Y
 _4430_/X
 _4431_/Y
 _4432_/Y
 _4433_/X
 _4434_/Y
 _4435_/Y
 _4436_/Y
 _4437_/X
 _4438_/X
 _4439_/Y
 _4440_/X
 _4441_/Y
 _4442_/Y
 _4443_/X
 _4444_/X
 _4445_/Y
 _4446_/Y
 _4447_/Y
 _4448_/Y
 _4449_/Y
 _4450_/X
 _4451_/Y
 _4452_/Y
 _4453_/Y
 _4454_/Y
 _4455_/Y
 _4456_/Y
 _4457_/Y
 _4458_/Y
 _4459_/X
 _4460_/Y
 _4461_/Y
 _4462_/X
 _4463_/X
 _4464_/X
 _4465_/Y
 _4466_/X
 _4467_/Y
 _4468_/Y
 _4469_/X
 _4470_/Y
 _4471_/X
 _4472_/X
 _4473_/X
 _4474_/Y
 _4475_/X
 _4476_/X
 _4477_/X
 _4478_/Y
 _4479_/X
 _4480_/X
 _4481_/X
 _4482_/X
 _4483_/Y
 _4484_/X
 _4485_/X
 _4486_/X
 _4487_/X
 _4488_/Y
 _4489_/X
 _4490_/Y
 _4491_/X
 _4492_/Y
 _4493_/X
 _4494_/Y
 _4495_/X
 _4496_/X
 _4497_/X
 _4498_/Y
 _4499_/Y
 _4500_/Y
 _4501_/X
 _4502_/Y
 _4503_/X
 _4504_/Y
 _4505_/X
 _4506_/Y
 _4507_/Y
 _4508_/X
 _4509_/X
 _4510_/Y
 _4511_/X
 _4512_/X
 _4513_/Y
 _4514_/X
 _4515_/X
 _4516_/X
 _4517_/X
 _4518_/X
 _4519_/X
 _4520_/X
 _4521_/Y
 _4522_/X
 _4523_/X
 _4524_/X
 _4525_/X
 _4526_/Y
 _4527_/X
 _4528_/Y
 _4529_/Y
 _4530_/X
 _4531_/X
 _4532_/X
 _4533_/X
 _4534_/X
 _4535_/Y
 _4536_/Y
 _4537_/X
 _4538_/X
 _4539_/Y
 _4540_/X
 _4541_/Y
 _4542_/X
 _4543_/X
 _4544_/X
 _4545_/Y
 _4546_/Y
 _4547_/Y
 _4548_/X
 _4549_/X
 _4550_/X
 _4551_/X
 _4552_/X
 _4553_/X
 _4554_/X
 _4555_/X
 _4556_/X
 _4557_/X
 _4558_/X
 _4559_/X
 _4560_/X
 _4561_/Y
 _4562_/Y
 _4563_/Y
 _4564_/Y
 _4565_/Y
 _4566_/X
 _4567_/Y
 _4568_/Y
 _4569_/Y
 _4570_/Y
 _4571_/Y
 _4572_/Y
 _4573_/Y
 _4574_/Y
 _4575_/X
 _4576_/X
 _4577_/X
 _4578_/Y
 _4579_/X
 _4580_/Y
 _4581_/X
 _4582_/X
 _4583_/X
 _4584_/X
 _4585_/X
 _4586_/X
 _4587_/Y
 _4588_/Y
 _4589_/X
 _4590_/X
 _4591_/X
 _4592_/X
 _4593_/X
 _4594_/X
 _4595_/X
 _4596_/X
 _4597_/X
 _4598_/X
 _4599_/Y
 _4600_/Y
 _4601_/X
 _4602_/Y
 _4603_/Y
 _4604_/X
 _4605_/X
 _4606_/X
 _4607_/Y
 _4608_/Y
 _4609_/X
 _4610_/X
 _4611_/X
 _4612_/X
 _4613_/X
 _4614_/X
 _4615_/X
 _4616_/Y
 _4617_/X
 _4618_/X
 _4619_/Y
 _4620_/X
 _4621_/Y
 _4622_/Y
 _4623_/X
 _4624_/Y
 _4625_/Y
 _4626_/X
 _4627_/X
 _4628_/X
 _4629_/X
 _4630_/Y
 _4631_/Y
 _4632_/X
 _4633_/X
 _4634_/Y
 _4635_/Y
 _4636_/X
 _4637_/X
 _4638_/X
 _4639_/X
 _4640_/X
 _4641_/X
 _4642_/Y
 _4643_/Y
 _4644_/X
 _4645_/X
 _4646_/X
 _4647_/X
 _4648_/X
 _4649_/X
 _4650_/X
 _4651_/X
 _4652_/Y
 _4653_/Y
 _4654_/Y
 _4655_/Y
 _4656_/X
 _4657_/X
 _4658_/X
 _4659_/X
 _4660_/X
 _4661_/Y
 _4662_/Y
 _4663_/X
 _4664_/X
 _4665_/X
 _4666_/X
 _4667_/X
 _4668_/X
 _4669_/Y
 _4670_/Y
 _4671_/Y
 _4672_/X
 _4673_/Y
 _4674_/X
 _4675_/X
 _4676_/X
 _4677_/X
 _4678_/X
 _4679_/X
 _4680_/X
 _4681_/X
 _4682_/X
 _4683_/X
 _4684_/Y
 _4685_/X
 _4686_/X
 _4687_/Y
 _4688_/X
 _4689_/X
 _4690_/X
 _4691_/X
 _4692_/Y
 _4693_/X
 _4694_/X
 _4695_/Y
 _4696_/X
 _4697_/Y
 _4698_/X
 _4699_/X
 _4700_/X
 _4701_/Y
 _4702_/X
 _4703_/Y
 _4704_/X
 _4705_/X
 _4706_/X
 _4707_/Y
 _4708_/X
 _4709_/X
 _4710_/X
 _4711_/X
 _4712_/X
 _4713_/X
 _4714_/Y
 _4715_/Y
 _4716_/Y
 _4717_/X
 _4718_/X
 _4719_/X
 _4720_/X
 _4721_/X
 _4722_/Y
 _4723_/Y
 _4724_/X
 _4725_/X
 _4726_/X
 _4727_/X
 _4728_/Y
 _4729_/Y
 _4730_/X
 _4731_/X
 _4732_/X
 _4733_/Y
 _4734_/X
 _4735_/X
 _4736_/Y
 _4737_/X
 _4738_/X
 _4739_/X
 _4740_/X
 _4741_/Y
 _4742_/Y
 _4743_/Y
 _4744_/X
 _4745_/Y
 _4746_/X
 _4747_/X
 _4748_/X
 _4749_/X
 _4750_/X
 _4751_/X
 _4752_/Y
 _4753_/X
 _4754_/X
 _4755_/Y
 _4756_/Y
 _4757_/Y
 _4758_/X
 _4759_/Y
 _4760_/X
 _4761_/X
 _4762_/X
 _4763_/X
 _4764_/X
 _4765_/X
 _4766_/X
 _4767_/X
 _4768_/X
 _4769_/X
 _4770_/X
 _4771_/Y
 _4772_/Y
 _4773_/Y
 _4774_/X
 _4775_/X
 _4776_/X
 _4777_/X
 _4778_/Y
 _4779_/X
 _4780_/X
 _4781_/X
 _4782_/X
 _4783_/X
 _4784_/X
 _4785_/Y
 _4786_/X
 _4787_/X
 _4788_/X
 _4789_/Y
 _4790_/X
 _4791_/X
 _4792_/Y
 _4793_/X
 _4794_/X
 _4795_/X
 _4796_/X
 _4797_/X
 _4798_/X
 _4799_/Y
 _4800_/Y
 _4801_/Y
 _4802_/Y
 _4803_/X
 _4804_/Y
 _4805_/X
 _4806_/Y
 _4807_/X
 _4808_/X
 _4809_/X
 _4810_/Y
 _4811_/X
 _4812_/X
 _4813_/X
 _4814_/Y
 _4815_/X
 _4816_/Y
 _4817_/X
 _4818_/X
 _4819_/X
 _4820_/X
 _4821_/X
 _4822_/X
 _4823_/X
 _4824_/X
 _4825_/X
 _4826_/X
 _4827_/X
 _4828_/X
 _4829_/X
 _4830_/X
 _4831_/X
 _4832_/X
 _4833_/X
 _4834_/X
 _4835_/X
 _4836_/X
 _4837_/X
 _4838_/X
 _4839_/X
 _4840_/X
 _4841_/X
 _4842_/X
 _4843_/X
 _4844_/X
 _4845_/X
 _4846_/X
 _4847_/X
 _4848_/X
 _4849_/X
 _4850_/X
 _4851_/X
 _4852_/X
 _4853_/X
 _4854_/X
 _4855_/X
 _4856_/X
 _4857_/X
 _4858_/X
 _4859_/X
 _4860_/X
 _4861_/X
 _4862_/X
 _4863_/X
 _4864_/Y
 _4865_/X
 _4866_/Y
 _4867_/Q
 _4868_/Q
 _4869_/Q
 _4870_/Q
 _4871_/Q
 _4872_/Q
 _4873_/Q
 _4874_/Q
 _4875_/Q
 _4876_/Q
 _4877_/Q
 _4878_/Q
 _4879_/Q
 _4880_/Q
 _4881_/Q
 _4882_/Q
 _4883_/Q
 _4884_/Q
 _4885_/Q
 _4886_/Q
 _4887_/Q
 _4888_/Q
 _4889_/Q
 _4890_/Q
 _4891_/Q
 _4892_/Q
 _4893_/Q
 _4894_/Q
 _4895_/Q
 _4896_/Q
 _4897_/Q
 _4898_/Q
 _4899_/Q
 _4900_/Q
 _4901_/Q
 _4902_/Q
 _4903_/Q
 _4904_/Q
 _4905_/Q
 _4906_/Q
 _4907_/Q
 _4908_/Q
 _4909_/Q
 _4910_/Q
 _4911_/Q
 _4912_/Q
 _4913_/Q
 _4914_/Q
 _4915_/Q
 _4916_/Q
 _4917_/Q
 _4918_/Q
 _4919_/Q
 _4920_/Q
 _4921_/Q
 _4922_/Q
 _4923_/Q
 _4924_/Q
 _4925_/Q
 _4926_/Q
 _4927_/Q
 _4928_/Q
 _4929_/Q
 _4930_/Q
 _4931_/Q
 _4932_/Q
 _4933_/Q
 _4934_/Q
 _4935_/Q
 _4936_/Q
 _4937_/Q
 _4938_/Q
 _4939_/Q
 _4940_/Q
 _4941_/Q
 _4942_/Q
 _4943_/Q
 _4944_/Q
 _4945_/Q
 _4946_/Q
 _4947_/Q
 _4948_/Q
 _4949_/Q
 _4950_/Q
 _4951_/Q
 _4952_/Q
 _4953_/Q
 _4954_/Q
 _4955_/Q
 _4956_/Q
 _4957_/Q
 _4958_/Q
 _4959_/Q
 _4960_/Q
 _4961_/Q
 _4962_/Q
 _4963_/Q
 _4964_/Q
 _4965_/Q
 _4966_/Q
 _4967_/Q
 _4968_/Q
 _4969_/Q
 _4970_/Q
 _4971_/Q
 _4972_/Q
 _4973_/Q
 _4974_/Q
 _4975_/Q
 _4976_/Q
 _4977_/Q
 _4978_/Q
 _4979_/Q
 _4980_/Q
 _4981_/Q
 _4982_/Q
 _4983_/Q
 _4984_/Q
 _4985_/Q
 _4986_/Q
 _4987_/Q
 _4988_/Q
 _4989_/Q
 _4990_/Q
 _4991_/Q
 _4992_/Q
 _4993_/Q
 _4994_/Q
 _4995_/Q
 _4996_/Q
 _4997_/Q
 _4998_/Q
 _4999_/Q
 _5000_/Q
 _5001_/Q
 _5002_/Q
 _5003_/Q
 _5004_/Q
 _5005_/Q
 _5006_/Q
 _5007_/Q
 _5008_/Q
 _5009_/Q
 _5010_/Q
 _5011_/Q
 _5012_/Q
 _5013_/Q
 _5014_/Q
 _5015_/Q
 _5016_/Q
 _5017_/Q
 _5018_/Q
 _5019_/Q
 _5020_/Q
 _5021_/Q
 _5022_/Q
 _5023_/Q
 _5024_/Q
 _5025_/Q
 _5026_/Q
 _5027_/Q
 _5028_/Q
 _5029_/Q
 _5030_/Q
 _5031_/Q
 _5032_/Q
 _5033_/Q
 _5034_/Q
 _5035_/Q
 _5036_/Q
 _5037_/Q
 _5038_/Q
 _5039_/Q
 _5040_/Q
 _5041_/Q
 _5042_/Q
 _5043_/Q
 _5044_/Q
 _5045_/Q
 _5046_/Q
 _5047_/Q
 _5048_/Q
 _5049_/Q
 _5050_/Q
 _5051_/Q
 _5052_/Q
 _5053_/Q
 _5054_/Q
 _5055_/Q
 _5056_/Q
 _5057_/Q
 _5058_/Q
 _5059_/Q
 _5060_/Q
 _5061_/Q
 _5062_/Q
 _5063_/Q
 _5064_/Q
 _5065_/Q
 _5066_/Q
 _5067_/Q
 _5068_/Q
 _5069_/Q
 _5070_/Q
 _5071_/Q
 _5072_/Q
 _5073_/Q
 _5074_/Q
 _5075_/Q
 _5076_/Q
 _5077_/Q
 _5078_/Q
 _5079_/Q
 _5080_/Q
 _5081_/Q
 _5082_/Q
 _5083_/Q
 _5084_/Q
 _5085_/Q
 _5086_/Q
 _5087_/Q
 _5088_/Q
 _5089_/Q
 _5090_/Q
 _5091_/Q
 _5092_/Q
 _5093_/Q
 _5094_/Q
 _5095_/Q
 _5096_/Q
 _5097_/Q
 _5098_/Q
 _5099_/Q
 _5100_/Q
 _5101_/Q
 _5102_/Q
 _5103_/Q
 _5104_/Q
 _5105_/Q
 _5106_/Q
 _5107_/Q
 _5108_/Q
 _5109_/Q
 _5110_/Q
 _5111_/Q
 _5112_/Q
 _5113_/Q
 _5114_/Q
 _5115_/Q
 _5116_/Q
 _5117_/Q
 _5118_/Q
 _5119_/Q
 _5120_/Q
 _5121_/Q
 _5122_/Q
 _5123_/Q
 _5124_/Q
 _5125_/Q
 _5126_/Q
 _5127_/Q
 _5128_/Q
 _5129_/Q
 _5130_/Q
 _5131_/Q
 _5132_/Q
 _5133_/Q
 _5134_/Q
 _5135_/Q
 _5136_/Q
 _5137_/Q
 _5138_/Q
 _5139_/Q
 _5140_/Q
 _5141_/Q
 _5142_/Q
 _5143_/Q
 _5144_/Q
 _5145_/Q
 _5146_/Q
 _5147_/Q
 _5148_/Q
 _5149_/Q
 _5150_/Q
 _5151_/Q
 _5152_/Q
 _5153_/Q
 _5154_/Q
 _5155_/Q
 _5156_/Q
 _5157_/Q
 _5158_/Q
 _5159_/Q
 _5160_/Q
 _5161_/Q
 _5162_/Q
 _5163_/Q
 _5164_/Q
 _5165_/Q
 _5166_/Q
 _5167_/Q
 _5168_/Q
 _5169_/Q
 _5170_/Q
 _5171_/Q
 _5172_/Q
 _5173_/Q
 _5174_/Q
 _5175_/Q
 _5176_/Q
 _5177_/Q
 _5178_/Q
 _5179_/Q
 _5180_/Q
 _5181_/Q
 _5182_/Q
 _5183_/Q
 _5184_/Q
 _5185_/Q
 _5186_/Q
 _5187_/Q
 _5188_/Q
 _5189_/Q
 _5190_/Q
 _5191_/Q
 _5192_/Q
 _5193_/Q
 _5194_/Q
 _5195_/Q
 _5196_/Q
 _5197_/Q
 _5198_/Q
 _5199_/Q
 _5200_/Q
 _5201_/Q
 _5202_/Q
 _5203_/Q
 _5204_/Q
 _5205_/Q
 _5206_/Q
 _5207_/Q
 _5208_/Q
 _5209_/Q
 _5210_/Q
 _5211_/Q
 _5212_/Q
 _5213_/Q
 _5214_/Q
 _5215_/Q
 _5216_/Q
 _5217_/Q
 _5218_/Q
 _5219_/Q
 _5220_/Q
 _5221_/Q
 _5222_/Q
 _5223_/Q
 _5224_/Q
 _5225_/Q
 _5226_/Q
 _5227_/Q
 _5228_/Q
 _5229_/Q
 _5230_/Q
 _5231_/Q
 _5232_/Q
 _5233_/Q
 _5234_/Q
 _5235_/Q
 _5236_/Q
 _5237_/Q
 _5238_/Q
 _5239_/Q
 _5240_/Q
 _5241_/Q
 _5242_/Q
 _5243_/Q
 _5244_/Q
 _5245_/Q
 _5246_/Q
 _5247_/Q
 _5248_/Q
 _5249_/Q
 _5250_/Q
 _5251_/Q
 _5252_/Q
 _5253_/Q
 _5254_/Q
 _5255_/Q
 _5256_/Q
 _5257_/Q
 _5258_/Q
 _5259_/Q
 _5260_/Q
 _5261_/Q
 _5262_/Q
 _5263_/Q
Found 0 partially unannotated drivers.

===========================================================================
max slew violation count 239
max fanout violation count 0
max cap violation count 4
============================================================================

===========================================================================
check_setup -verbose -unconstrained_endpoints -multiple_clock -no_clock -no_input_delay -loops -generated_clocks
===========================================================================
Warning: There are 58 unconstrained endpoints.
  DEVICES_LDH
  DEVICES_LDW
  DEVICES_STRH
  DEVICES_STRW
  EX_HALT
  INSTR_ADDR[0]
  INSTR_ADDR[10]
  INSTR_ADDR[11]
  INSTR_ADDR[12]
  INSTR_ADDR[13]
  INSTR_ADDR[14]
  INSTR_ADDR[15]
  INSTR_ADDR[1]
  INSTR_ADDR[2]
  INSTR_ADDR[3]
  INSTR_ADDR[4]
  INSTR_ADDR[5]
  INSTR_ADDR[6]
  INSTR_ADDR[7]
  INSTR_ADDR[8]
  INSTR_ADDR[9]
  INVALID_MEM
  MAIN_LDH
  MAIN_LDW
  MAIN_STRH
  MAIN_STRW
  MEM_ADDR[0]
  MEM_ADDR[10]
  MEM_ADDR[11]
  MEM_ADDR[12]
  MEM_ADDR[13]
  MEM_ADDR[14]
  MEM_ADDR[15]
  MEM_ADDR[1]
  MEM_ADDR[2]
  MEM_ADDR[3]
  MEM_ADDR[4]
  MEM_ADDR[5]
  MEM_ADDR[6]
  MEM_ADDR[7]
  MEM_ADDR[8]
  MEM_ADDR[9]
  MEM_STR_DATA[0]
  MEM_STR_DATA[10]
  MEM_STR_DATA[11]
  MEM_STR_DATA[12]
  MEM_STR_DATA[13]
  MEM_STR_DATA[14]
  MEM_STR_DATA[15]
  MEM_STR_DATA[1]
  MEM_STR_DATA[2]
  MEM_STR_DATA[3]
  MEM_STR_DATA[4]
  MEM_STR_DATA[5]
  MEM_STR_DATA[6]
  MEM_STR_DATA[7]
  MEM_STR_DATA[8]
  MEM_STR_DATA[9]
