
===========================================================================
report_checks -unconstrained
===========================================================================
======================= nom_tt_025C_1v80 Corner ===================================

Startpoint: _5123_ (rising edge-triggered flip-flop clocked by CLK)
Endpoint: _5221_ (rising edge-triggered flip-flop clocked by CLK)
Path Group: CLK
Path Type: max

Fanout         Cap        Slew       Delay        Time   Description
---------------------------------------------------------------------------------------------
                                  0.000000    0.000000   clock CLK (rise edge)
                                  0.000000    0.000000   clock source latency
     1    0.028675    0.000000    0.000000    0.000000 ^ CLK (in)
                                                         CLK (net)
                      0.002823    0.001411    0.001411 ^ clkbuf_0_CLK/A (sky130_fd_sc_hd__clkbuf_16)
     4    0.052811    0.071316    0.136538    0.137950 ^ clkbuf_0_CLK/X (sky130_fd_sc_hd__clkbuf_16)
                                                         clknet_0_CLK (net)
                      0.071323    0.000757    0.138706 ^ clkbuf_2_0__f_CLK/A (sky130_fd_sc_hd__clkbuf_16)
    14    0.089947    0.106199    0.188752    0.327458 ^ clkbuf_2_0__f_CLK/X (sky130_fd_sc_hd__clkbuf_16)
                                                         clknet_2_0__leaf_CLK (net)
                      0.106199    0.000388    0.327846 ^ clkbuf_leaf_3_CLK/A (sky130_fd_sc_hd__clkbuf_8)
    11    0.025637    0.059674    0.161987    0.489834 ^ clkbuf_leaf_3_CLK/X (sky130_fd_sc_hd__clkbuf_8)
                                                         clknet_leaf_3_CLK (net)
                      0.059674    0.000026    0.489860 ^ _5123_/CLK (sky130_fd_sc_hd__dfxtp_4)
    31    0.223668    0.620098    0.759364    1.249224 ^ _5123_/Q (sky130_fd_sc_hd__dfxtp_4)
                                                         _0008_ (net)
                      0.620318    0.004520    1.253744 ^ max_cap147/A (sky130_fd_sc_hd__buf_12)
    34    0.246304    0.277824    0.364683    1.618427 ^ max_cap147/X (sky130_fd_sc_hd__buf_12)
                                                         net147 (net)
                      0.277901    0.003852    1.622279 ^ _2591_/S0 (sky130_fd_sc_hd__mux4_2)
     1    0.002630    0.079457    0.532713    2.154991 v _2591_/X (sky130_fd_sc_hd__mux4_2)
                                                         _0466_ (net)
                      0.079457    0.000011    2.155002 v _2592_/A1 (sky130_fd_sc_hd__mux2_1)
     1    0.004977    0.065779    0.315542    2.470545 v _2592_/X (sky130_fd_sc_hd__mux2_1)
                                                         _0467_ (net)
                      0.065779    0.000068    2.470613 v _2593_/B1 (sky130_fd_sc_hd__a22o_2)
    23    0.115933    0.275372    0.441880    2.912492 v _2593_/X (sky130_fd_sc_hd__a22o_2)
                                                         _0468_ (net)
                      0.275380    0.001909    2.914401 v _3730_/A (sky130_fd_sc_hd__xnor2_2)
     7    0.028510    0.386171    0.435531    3.349932 ^ _3730_/Y (sky130_fd_sc_hd__xnor2_2)
                                                         _1235_ (net)
                      0.386171    0.000179    3.350111 ^ _3888_/A (sky130_fd_sc_hd__and2_2)
     3    0.011726    0.083116    0.255785    3.605896 ^ _3888_/X (sky130_fd_sc_hd__and2_2)
                                                         _1392_ (net)
                      0.083116    0.000014    3.605910 ^ _3890_/A1 (sky130_fd_sc_hd__o21bai_2)
     4    0.015620    0.091857    0.112513    3.718424 v _3890_/Y (sky130_fd_sc_hd__o21bai_2)
                                                         _1394_ (net)
                      0.091857    0.000043    3.718467 v _3894_/A2 (sky130_fd_sc_hd__a311oi_2)
     4    0.016468    0.388520    0.407468    4.125935 ^ _3894_/Y (sky130_fd_sc_hd__a311oi_2)
                                                         _1398_ (net)
                      0.388520    0.000160    4.126095 ^ _3896_/B (sky130_fd_sc_hd__nand2_2)
     3    0.011668    0.096135    0.132435    4.258530 v _3896_/Y (sky130_fd_sc_hd__nand2_2)
                                                         _1400_ (net)
                      0.096135    0.000130    4.258660 v _3901_/A2 (sky130_fd_sc_hd__o211a_2)
     4    0.019823    0.079095    0.305640    4.564299 v _3901_/X (sky130_fd_sc_hd__o211a_2)
                                                         _1405_ (net)
                      0.079098    0.000598    4.564898 v _3908_/A2 (sky130_fd_sc_hd__o21bai_2)
     2    0.012086    0.176391    0.181093    4.745991 ^ _3908_/Y (sky130_fd_sc_hd__o21bai_2)
                                                         _1412_ (net)
                      0.176391    0.000209    4.746200 ^ _4334_/A2 (sky130_fd_sc_hd__a21oi_2)
     3    0.009845    0.062695    0.099012    4.845212 v _4334_/Y (sky130_fd_sc_hd__a21oi_2)
                                                         _1825_ (net)
                      0.062695    0.000006    4.845219 v _4359_/A2 (sky130_fd_sc_hd__o21ba_2)
     2    0.005898    0.041942    0.207313    5.052531 v _4359_/X (sky130_fd_sc_hd__o21ba_2)
                                                         _1849_ (net)
                      0.041942    0.000036    5.052567 v _4360_/C (sky130_fd_sc_hd__and3_2)
     1    0.001499    0.033811    0.193234    5.245802 v _4360_/X (sky130_fd_sc_hd__and3_2)
                                                         _1850_ (net)
                      0.033811    0.000000    5.245802 v _4373_/A_N (sky130_fd_sc_hd__nand3b_2)
     1    0.001688    0.051176    0.177907    5.423710 v _4373_/Y (sky130_fd_sc_hd__nand3b_2)
                                                         _1863_ (net)
                      0.051176    0.000003    5.423712 v _4375_/C (sky130_fd_sc_hd__or4b_2)
     1    0.005121    0.109604    0.620459    6.044171 v _4375_/X (sky130_fd_sc_hd__or4b_2)
                                                         _1865_ (net)
                      0.109604    0.000047    6.044218 v _4378_/A2 (sky130_fd_sc_hd__o311a_2)
     1    0.002064    0.052388    0.381749    6.425968 v _4378_/X (sky130_fd_sc_hd__o311a_2)
                                                         _0373_ (net)
                      0.052388    0.000004    6.425972 v _5221_/D (sky130_fd_sc_hd__dfxtp_2)
                                              6.425972   data arrival time

                                 26.000000   26.000000   clock CLK (rise edge)
                                  0.000000   26.000000   clock source latency
     1    0.028675    0.000000    0.000000   26.000000 ^ CLK (in)
                                                         CLK (net)
                      0.002823    0.001412   26.001411 ^ clkbuf_0_CLK/A (sky130_fd_sc_hd__clkbuf_16)
     4    0.052811    0.071316    0.136538   26.137949 ^ clkbuf_0_CLK/X (sky130_fd_sc_hd__clkbuf_16)
                                                         clknet_0_CLK (net)
                      0.071323    0.000741   26.138691 ^ clkbuf_2_1__f_CLK/A (sky130_fd_sc_hd__clkbuf_16)
    12    0.086015    0.102520    0.185631   26.324322 ^ clkbuf_2_1__f_CLK/X (sky130_fd_sc_hd__clkbuf_16)
                                                         clknet_2_1__leaf_CLK (net)
                      0.102616    0.001698   26.326019 ^ clkbuf_leaf_19_CLK/A (sky130_fd_sc_hd__clkbuf_8)
     5    0.029015    0.064838    0.164766   26.490786 ^ clkbuf_leaf_19_CLK/X (sky130_fd_sc_hd__clkbuf_8)
                                                         clknet_leaf_19_CLK (net)
                      0.064838    0.000169   26.490953 ^ _5221_/CLK (sky130_fd_sc_hd__dfxtp_2)
                                  0.000000   26.490953   clock reconvergence pessimism
                                 -0.111472   26.379482   library setup time
                                             26.379482   data required time
---------------------------------------------------------------------------------------------
                                             26.379482   data required time
                                             -6.425972   data arrival time
---------------------------------------------------------------------------------------------
                                             19.953512   slack (MET)




===========================================================================
report_checks --slack_max -0.01
============================================================================
======================= nom_tt_025C_1v80 Corner ===================================

No paths found.


===========================================================================
 report_check_types -max_slew -max_cap -max_fanout -violators
============================================================================
======================= nom_tt_025C_1v80 Corner ===================================



===========================================================================
report_parasitic_annotation -report_unannotated
============================================================================
Found 37 unannotated drivers.
 clkload0/Y
 clkload1/Y
 clkload10/X
 clkload11/X
 clkload12/X
 clkload13/X
 clkload14/X
 clkload15/X
 clkload16/X
 clkload17/Y
 clkload18/X
 clkload19/X
 clkload2/Y
 clkload20/X
 clkload21/Y
 clkload22/Y
 clkload23/X
 clkload24/Y
 clkload25/Y
 clkload26/Y
 clkload27/X
 clkload28/X
 clkload29/Y
 clkload3/X
 clkload30/Y
 clkload31/X
 clkload32/X
 clkload33/X
 clkload34/Y
 clkload35/X
 clkload36/X
 clkload4/X
 clkload5/X
 clkload6/X
 clkload7/X
 clkload8/X
 clkload9/X
Found 0 partially unannotated drivers.

===========================================================================
max slew violation count 0
Writing metric design__max_slew_violation__count__corner:nom_tt_025C_1v80: 0
max fanout violation count 0
Writing metric design__max_fanout_violation__count__corner:nom_tt_025C_1v80: 0
max cap violation count 0
Writing metric design__max_cap_violation__count__corner:nom_tt_025C_1v80: 0
============================================================================

===========================================================================
check_setup -verbose -unconstrained_endpoints -multiple_clock -no_clock -no_input_delay -loops -generated_clocks
===========================================================================
Warning: There are 49 input ports missing set_input_delay.
  INSTR_STREAM[0]
  INSTR_STREAM[10]
  INSTR_STREAM[11]
  INSTR_STREAM[12]
  INSTR_STREAM[13]
  INSTR_STREAM[14]
  INSTR_STREAM[15]
  INSTR_STREAM[16]
  INSTR_STREAM[17]
  INSTR_STREAM[18]
  INSTR_STREAM[19]
  INSTR_STREAM[1]
  INSTR_STREAM[20]
  INSTR_STREAM[21]
  INSTR_STREAM[22]
  INSTR_STREAM[23]
  INSTR_STREAM[24]
  INSTR_STREAM[25]
  INSTR_STREAM[26]
  INSTR_STREAM[27]
  INSTR_STREAM[28]
  INSTR_STREAM[29]
  INSTR_STREAM[2]
  INSTR_STREAM[30]
  INSTR_STREAM[31]
  INSTR_STREAM[3]
  INSTR_STREAM[4]
  INSTR_STREAM[5]
  INSTR_STREAM[6]
  INSTR_STREAM[7]
  INSTR_STREAM[8]
  INSTR_STREAM[9]
  MEM_LD_DATA[0]
  MEM_LD_DATA[10]
  MEM_LD_DATA[11]
  MEM_LD_DATA[12]
  MEM_LD_DATA[13]
  MEM_LD_DATA[14]
  MEM_LD_DATA[15]
  MEM_LD_DATA[1]
  MEM_LD_DATA[2]
  MEM_LD_DATA[3]
  MEM_LD_DATA[4]
  MEM_LD_DATA[5]
  MEM_LD_DATA[6]
  MEM_LD_DATA[7]
  MEM_LD_DATA[8]
  MEM_LD_DATA[9]
  RESET
Warning: There are 58 unconstrained endpoints.
  DEVICES_LDH
  DEVICES_LDW
  DEVICES_STRH
  DEVICES_STRW
  EX_HALT
  INSTR_ADDR[0]
  INSTR_ADDR[10]
  INSTR_ADDR[11]
  INSTR_ADDR[12]
  INSTR_ADDR[13]
  INSTR_ADDR[14]
  INSTR_ADDR[15]
  INSTR_ADDR[1]
  INSTR_ADDR[2]
  INSTR_ADDR[3]
  INSTR_ADDR[4]
  INSTR_ADDR[5]
  INSTR_ADDR[6]
  INSTR_ADDR[7]
  INSTR_ADDR[8]
  INSTR_ADDR[9]
  INVALID_MEM
  MAIN_LDH
  MAIN_LDW
  MAIN_STRH
  MAIN_STRW
  MEM_ADDR[0]
  MEM_ADDR[10]
  MEM_ADDR[11]
  MEM_ADDR[12]
  MEM_ADDR[13]
  MEM_ADDR[14]
  MEM_ADDR[15]
  MEM_ADDR[1]
  MEM_ADDR[2]
  MEM_ADDR[3]
  MEM_ADDR[4]
  MEM_ADDR[5]
  MEM_ADDR[6]
  MEM_ADDR[7]
  MEM_ADDR[8]
  MEM_ADDR[9]
  MEM_STR_DATA[0]
  MEM_STR_DATA[10]
  MEM_STR_DATA[11]
  MEM_STR_DATA[12]
  MEM_STR_DATA[13]
  MEM_STR_DATA[14]
  MEM_STR_DATA[15]
  MEM_STR_DATA[1]
  MEM_STR_DATA[2]
  MEM_STR_DATA[3]
  MEM_STR_DATA[4]
  MEM_STR_DATA[5]
  MEM_STR_DATA[6]
  MEM_STR_DATA[7]
  MEM_STR_DATA[8]
  MEM_STR_DATA[9]
