Reading timing models for corner max_ss_100C_1v60…
Reading timing library for the 'max_ss_100C_1v60' corner at '/root/.ciel/ciel/sky130/versions/8afc8346a57fe1ab7934ba5a6056ea8b43078e71/sky130A/libs.ref/sky130_fd_sc_hd/lib/sky130_fd_sc_hd__ss_100C_1v60.lib'…
Reading OpenROAD database at '/home/Ven/vscode/VRAI/runs/RUN_2026-07-28_12-32-52/43-openroad-repairantennas/1-openroad-diodeinsertion/VRAI_SYNC_CORE.odb'…
Reading design constraints file at '/home/Ven/vscode/VRAI/constraints/vrai_pnr.sdc'…
[INFO] No information on clock propagation in input SDC file-- propagating all clocks.
[INFO ORD-0030] Using 16 thread(s).
+ detailed_route -droute_end_iter 64 -or_seed 42 -verbose 1 -output_drc /home/Ven/vscode/VRAI/runs/RUN_2026-07-28_12-32-52/45-openroad-detailedrouting/drt-run-0/VRAI_SYNC_CORE.drc
[INFO DRT-0149] Reading tech and libs.
[WARNING DRT-0349] LEF58_ENCLOSURE with no CUTCLASS is not supported. Skipping for layer mcon
[WARNING DRT-0349] LEF58_ENCLOSURE with no CUTCLASS is not supported. Skipping for layer mcon
[WARNING DRT-0349] LEF58_ENCLOSURE with no CUTCLASS is not supported. Skipping for layer via
[WARNING DRT-0349] LEF58_ENCLOSURE with no CUTCLASS is not supported. Skipping for layer via
[WARNING DRT-0349] LEF58_ENCLOSURE with no CUTCLASS is not supported. Skipping for layer via2
[WARNING DRT-0349] LEF58_ENCLOSURE with no CUTCLASS is not supported. Skipping for layer via2
[WARNING DRT-0349] LEF58_ENCLOSURE with no CUTCLASS is not supported. Skipping for layer via3
[WARNING DRT-0349] LEF58_ENCLOSURE with no CUTCLASS is not supported. Skipping for layer via3
[WARNING DRT-0349] LEF58_ENCLOSURE with no CUTCLASS is not supported. Skipping for layer via4
[WARNING DRT-0349] LEF58_ENCLOSURE with no CUTCLASS is not supported. Skipping for layer via4

Units:                1000
Number of layers:     13
Number of macros:     445
Number of vias:       29
Number of viarulegen: 25

[INFO DRT-0150] Reading design.

Design:                   VRAI_SYNC_CORE
Die area:                 ( 0 0 ) ( 269360 280080 )
Number of track patterns: 12
Number of DEF vias:       0
Number of components:     4202
Number of terminals:      110
Number of snets:          2
Number of nets:           3118

[INFO DRT-0167] List of default vias:
  Layer via
    default via: M1M2_PR
  Layer via2
    default via: M2M3_PR
  Layer via3
    default via: M3M4_PR
  Layer via4
    default via: M4M5_PR
[INFO DRT-0162] Library cell analysis.
[INFO DRT-0163] Instance analysis.
[INFO DRT-0164] Number of unique instances = 239.
[INFO DRT-0168] Init region query.
[INFO DRT-0024]   Complete FR_MASTERSLICE.
[INFO DRT-0024]   Complete licon.
[INFO DRT-0024]   Complete li1.
[INFO DRT-0024]   Complete mcon.
[INFO DRT-0024]   Complete met1.
[INFO DRT-0024]   Complete via.
[INFO DRT-0024]   Complete met2.
[INFO DRT-0024]   Complete via2.
[INFO DRT-0024]   Complete met3.
[INFO DRT-0024]   Complete via3.
[INFO DRT-0024]   Complete met4.
[INFO DRT-0024]   Complete via4.
[INFO DRT-0024]   Complete met5.
[INFO DRT-0033] FR_MASTERSLICE shape region query size = 0.
[INFO DRT-0033] licon shape region query size = 0.
[INFO DRT-0033] li1 shape region query size = 110019.
[INFO DRT-0033] mcon shape region query size = 0.
[INFO DRT-0033] met1 shape region query size = 15372.
[INFO DRT-0033] via shape region query size = 950.
[INFO DRT-0033] met2 shape region query size = 629.
[INFO DRT-0033] via2 shape region query size = 760.
[INFO DRT-0033] met3 shape region query size = 619.
[INFO DRT-0033] via3 shape region query size = 760.
[INFO DRT-0033] met4 shape region query size = 206.
[INFO DRT-0033] via4 shape region query size = 8.
[INFO DRT-0033] met5 shape region query size = 16.
[INFO DRT-0165] Start pin access.
[INFO DRT-0076]   Complete 1000 pins.
[INFO DRT-0078]   Complete 1915 pins.
[INFO DRT-0079]   Complete 100 unique inst patterns.
[INFO DRT-0079]   Complete 200 unique inst patterns.
[INFO DRT-0081]   Complete 239 unique inst patterns.
[INFO DRT-0084]   Complete 2093 groups.
#scanned instances     = 4202
#unique  instances     = 239
#stdCellGenAp          = 6973
#stdCellValidPlanarAp  = 84
#stdCellValidViaAp     = 5473
#stdCellPinNoAp        = 0
#stdCellPinCnt         = 12100
#instTermValidViaApCnt = 0
#macroGenAp            = 0
#macroValidPlanarAp    = 0
#macroValidViaAp       = 0
#macroNoAp             = 0
[INFO DRT-0166] Complete pin access.
[INFO DRT-0267] cpu time = 00:03:39, elapsed time = 00:00:16, memory = 158.52 (MB), peak = 157.34 (MB)

[INFO DRT-0157] Number of guides:     29214

[INFO DRT-0169] Post process guides.
[INFO DRT-0176] GCELLGRID X 0 DO 39 STEP 6900 ;
[INFO DRT-0177] GCELLGRID Y 0 DO 40 STEP 6900 ;
[INFO DRT-0028]   Complete FR_MASTERSLICE.
[INFO DRT-0028]   Complete licon.
[INFO DRT-0028]   Complete li1.
[INFO DRT-0028]   Complete mcon.
[INFO DRT-0028]   Complete met1.
[INFO DRT-0028]   Complete via.
[INFO DRT-0028]   Complete met2.
[INFO DRT-0028]   Complete via2.
[INFO DRT-0028]   Complete met3.
[INFO DRT-0028]   Complete via3.
[INFO DRT-0028]   Complete met4.
[INFO DRT-0028]   Complete via4.
[INFO DRT-0028]   Complete met5.
[INFO DRT-0178] Init guide query.
[INFO DRT-0035]   Complete FR_MASTERSLICE (guide).
[INFO DRT-0035]   Complete licon (guide).
[INFO DRT-0035]   Complete li1 (guide).
[INFO DRT-0035]   Complete mcon (guide).
[INFO DRT-0035]   Complete met1 (guide).
[INFO DRT-0035]   Complete via (guide).
[INFO DRT-0035]   Complete met2 (guide).
[INFO DRT-0035]   Complete via2 (guide).
[INFO DRT-0035]   Complete met3 (guide).
[INFO DRT-0035]   Complete via3 (guide).
[INFO DRT-0035]   Complete met4 (guide).
[INFO DRT-0035]   Complete via4 (guide).
[INFO DRT-0035]   Complete met5 (guide).
[INFO DRT-0036] FR_MASTERSLICE guide region query size = 0.
[INFO DRT-0036] licon guide region query size = 0.
[INFO DRT-0036] li1 guide region query size = 9713.
[INFO DRT-0036] mcon guide region query size = 0.
[INFO DRT-0036] met1 guide region query size = 8918.
[INFO DRT-0036] via guide region query size = 0.
[INFO DRT-0036] met2 guide region query size = 5032.
[INFO DRT-0036] via2 guide region query size = 0.
[INFO DRT-0036] met3 guide region query size = 607.
[INFO DRT-0036] via3 guide region query size = 0.
[INFO DRT-0036] met4 guide region query size = 152.
[INFO DRT-0036] via4 guide region query size = 0.
[INFO DRT-0036] met5 guide region query size = 4.
[INFO DRT-0179] Init gr pin query.
[INFO DRT-0267] cpu time = 00:00:00, elapsed time = 00:00:00, memory = 168.14 (MB), peak = 166.76 (MB)
[INFO DRT-0245] skipped writing guide updates to database.
[INFO DRT-0185] Post process initialize RPin region query.
[INFO DRT-0181] Start track assignment.
[INFO DRT-0184] Done with 14897 vertical wires in 1 frboxes and 9529 horizontal wires in 1 frboxes.
[INFO DRT-0186] Done with 1752 vertical wires in 1 frboxes and 2797 horizontal wires in 1 frboxes.
[INFO DRT-0182] Complete track assignment.
[INFO DRT-0267] cpu time = 00:00:07, elapsed time = 00:00:01, memory = 221.52 (MB), peak = 220.29 (MB)
[INFO DRT-0187] Start routing data preparation.
[INFO DRT-0267] cpu time = 00:00:00, elapsed time = 00:00:00, memory = 221.58 (MB), peak = 220.45 (MB)
[INFO DRT-0194] Start detail routing.
[INFO DRT-0195] Start 0th optimization iteration.
    Completing 10% with 0 violations.
    elapsed time = 00:00:01, memory = 403.06 (MB).
    Completing 20% with 0 violations.
    elapsed time = 00:00:03, memory = 373.78 (MB).
    Completing 30% with 302 violations.
    elapsed time = 00:00:05, memory = 557.29 (MB).
    Completing 40% with 302 violations.
    elapsed time = 00:00:07, memory = 554.16 (MB).
    Completing 50% with 302 violations.
    elapsed time = 00:00:08, memory = 503.97 (MB).
    Completing 60% with 568 violations.
    elapsed time = 00:00:09, memory = 636.16 (MB).
    Completing 70% with 568 violations.
    elapsed time = 00:00:12, memory = 655.89 (MB).
    Completing 80% with 889 violations.
    elapsed time = 00:00:13, memory = 709.70 (MB).
    Completing 90% with 889 violations.
    elapsed time = 00:00:15, memory = 725.47 (MB).
    Completing 100% with 1151 violations.
    elapsed time = 00:00:17, memory = 695.48 (MB).
[INFO DRT-0199]   Number of violations = 1363.
Viol/Layer         li1   mcon   met1   met2   met3
Cut Spacing          0      1      0      0      0
Metal Spacing        0      0    258     32      6
Min Hole             0      0      2      0      0
Recheck              1      0    146     65      0
Short                0      0    786     66      0
[INFO DRT-0267] cpu time = 00:01:36, elapsed time = 00:00:17, memory = 1020.38 (MB), peak = 1019.07 (MB)
Total wire length = 133100 um.
Total wire length on LAYER li1 = 0 um.
Total wire length on LAYER met1 = 52718 um.
Total wire length on LAYER met2 = 59689 um.
Total wire length on LAYER met3 = 13269 um.
Total wire length on LAYER met4 = 7235 um.
Total wire length on LAYER met5 = 186 um.
Total number of vias = 27262.
Up-via summary (total 27262):

------------------------
 FR_MASTERSLICE        0
            li1    12059
           met1    14038
           met2      895
           met3      262
           met4        8
------------------------
               27262


[INFO DRT-0195] Start 1st optimization iteration.
    Completing 10% with 1363 violations.
    elapsed time = 00:00:01, memory = 1073.14 (MB).
    Completing 20% with 1363 violations.
    elapsed time = 00:00:03, memory = 1079.14 (MB).
    Completing 30% with 1176 violations.
    elapsed time = 00:00:05, memory = 1132.95 (MB).
    Completing 40% with 1176 violations.
    elapsed time = 00:00:06, memory = 1150.64 (MB).
    Completing 50% with 1176 violations.
    elapsed time = 00:00:07, memory = 1154.80 (MB).
    Completing 60% with 1035 violations.
    elapsed time = 00:00:09, memory = 1200.76 (MB).
    Completing 70% with 1035 violations.
    elapsed time = 00:00:10, memory = 1216.25 (MB).
    Completing 80% with 729 violations.
    elapsed time = 00:00:14, memory = 1213.77 (MB).
    Completing 90% with 729 violations.
    elapsed time = 00:00:14, memory = 1219.61 (MB).
    Completing 100% with 515 violations.
    elapsed time = 00:00:15, memory = 1189.09 (MB).
[INFO DRT-0199]   Number of violations = 515.
Viol/Layer        mcon   met1   met2
Cut Spacing          1      0      0
Metal Spacing        0     95     24
Short                0    377     18
[INFO DRT-0267] cpu time = 00:01:30, elapsed time = 00:00:16, memory = 1189.59 (MB), peak = 1218.31 (MB)
Total wire length = 132208 um.
Total wire length on LAYER li1 = 0 um.
Total wire length on LAYER met1 = 52148 um.
Total wire length on LAYER met2 = 59381 um.
Total wire length on LAYER met3 = 13241 um.
Total wire length on LAYER met4 = 7250 um.
Total wire length on LAYER met5 = 186 um.
Total number of vias = 27082.
Up-via summary (total 27082):

------------------------
 FR_MASTERSLICE        0
            li1    12065
           met1    13843
           met2      901
           met3      265
           met4        8
------------------------
               27082


[INFO DRT-0195] Start 2nd optimization iteration.
    Completing 10% with 515 violations.
    elapsed time = 00:00:00, memory = 1189.59 (MB).
    Completing 20% with 515 violations.
    elapsed time = 00:00:00, memory = 1277.54 (MB).
    Completing 30% with 515 violations.
    elapsed time = 00:00:03, memory = 1310.73 (MB).
    Completing 40% with 526 violations.
    elapsed time = 00:00:03, memory = 1310.73 (MB).
    Completing 50% with 526 violations.
    elapsed time = 00:00:06, memory = 1316.36 (MB).
    Completing 60% with 518 violations.
    elapsed time = 00:00:07, memory = 1316.36 (MB).
    Completing 70% with 518 violations.
    elapsed time = 00:00:10, memory = 1347.96 (MB).
    Completing 80% with 518 violations.
    elapsed time = 00:00:11, memory = 1316.36 (MB).
    Completing 90% with 511 violations.
    elapsed time = 00:00:14, memory = 1329.88 (MB).
    Completing 100% with 482 violations.
    elapsed time = 00:00:16, memory = 1321.50 (MB).
[INFO DRT-0199]   Number of violations = 482.
Viol/Layer        met1   met2
Metal Spacing      101     15
Short              338     28
[INFO DRT-0267] cpu time = 00:01:29, elapsed time = 00:00:16, memory = 1324.47 (MB), peak = 1346.61 (MB)
Total wire length = 132105 um.
Total wire length on LAYER li1 = 0 um.
Total wire length on LAYER met1 = 52028 um.
Total wire length on LAYER met2 = 59512 um.
Total wire length on LAYER met3 = 13203 um.
Total wire length on LAYER met4 = 7175 um.
Total wire length on LAYER met5 = 186 um.
Total number of vias = 27051.
Up-via summary (total 27051):

------------------------
 FR_MASTERSLICE        0
            li1    12070
           met1    13835
           met2      882
           met3      256
           met4        8
------------------------
               27051


[INFO DRT-0195] Start 3rd optimization iteration.
    Completing 10% with 482 violations.
    elapsed time = 00:00:00, memory = 1339.36 (MB).
    Completing 20% with 482 violations.
    elapsed time = 00:00:02, memory = 1366.71 (MB).
    Completing 30% with 327 violations.
    elapsed time = 00:00:02, memory = 1368.05 (MB).
    Completing 40% with 327 violations.
    elapsed time = 00:00:04, memory = 1385.88 (MB).
    Completing 50% with 327 violations.
    elapsed time = 00:00:05, memory = 1380.32 (MB).
    Completing 60% with 210 violations.
    elapsed time = 00:00:05, memory = 1395.70 (MB).
    Completing 70% with 210 violations.
    elapsed time = 00:00:06, memory = 1395.70 (MB).
    Completing 80% with 118 violations.
    elapsed time = 00:00:07, memory = 1395.70 (MB).
    Completing 90% with 118 violations.
    elapsed time = 00:00:07, memory = 1395.70 (MB).
    Completing 100% with 20 violations.
    elapsed time = 00:00:09, memory = 1395.71 (MB).
[INFO DRT-0199]   Number of violations = 20.
Viol/Layer        met1
Metal Spacing        7
Short               13
[INFO DRT-0267] cpu time = 00:00:48, elapsed time = 00:00:09, memory = 1395.71 (MB), peak = 1394.52 (MB)
Total wire length = 131896 um.
Total wire length on LAYER li1 = 0 um.
Total wire length on LAYER met1 = 49881 um.
Total wire length on LAYER met2 = 59578 um.
Total wire length on LAYER met3 = 15097 um.
Total wire length on LAYER met4 = 7152 um.
Total wire length on LAYER met5 = 186 um.
Total number of vias = 27355.
Up-via summary (total 27355):

------------------------
 FR_MASTERSLICE        0
            li1    12071
           met1    13873
           met2     1143
           met3      260
           met4        8
------------------------
               27355


[INFO DRT-0195] Start 4th guides tiles iteration.
    Completing 10% with 20 violations.
    elapsed time = 00:00:00, memory = 1395.71 (MB).
    Completing 20% with 20 violations.
    elapsed time = 00:00:00, memory = 1395.71 (MB).
    Completing 30% with 20 violations.
    elapsed time = 00:00:00, memory = 1395.71 (MB).
    Completing 40% with 20 violations.
    elapsed time = 00:00:00, memory = 1395.71 (MB).
    Completing 50% with 20 violations.
    elapsed time = 00:00:00, memory = 1395.71 (MB).
    Completing 60% with 0 violations.
    elapsed time = 00:00:00, memory = 1395.71 (MB).
    Completing 70% with 0 violations.
    elapsed time = 00:00:00, memory = 1395.71 (MB).
    Completing 80% with 0 violations.
    elapsed time = 00:00:00, memory = 1395.71 (MB).
    Completing 90% with 0 violations.
    elapsed time = 00:00:00, memory = 1395.71 (MB).
    Completing 100% with 0 violations.
    elapsed time = 00:00:00, memory = 1395.71 (MB).
[INFO DRT-0199]   Number of violations = 0.
[INFO DRT-0267] cpu time = 00:00:05, elapsed time = 00:00:00, memory = 1395.71 (MB), peak = 1394.52 (MB)
Total wire length = 131891 um.
Total wire length on LAYER li1 = 0 um.
Total wire length on LAYER met1 = 49746 um.
Total wire length on LAYER met2 = 59598 um.
Total wire length on LAYER met3 = 15207 um.
Total wire length on LAYER met4 = 7152 um.
Total wire length on LAYER met5 = 186 um.
Total number of vias = 27379.
Up-via summary (total 27379):

------------------------
 FR_MASTERSLICE        0
            li1    12071
           met1    13878
           met2     1162
           met3      260
           met4        8
------------------------
               27379


[INFO DRT-0198] Complete detail routing.
Total wire length = 131891 um.
Total wire length on LAYER li1 = 0 um.
Total wire length on LAYER met1 = 49746 um.
Total wire length on LAYER met2 = 59598 um.
Total wire length on LAYER met3 = 15207 um.
Total wire length on LAYER met4 = 7152 um.
Total wire length on LAYER met5 = 186 um.
Total number of vias = 27379.
Up-via summary (total 27379):

------------------------
 FR_MASTERSLICE        0
            li1    12071
           met1    13878
           met2     1162
           met3      260
           met4        8
------------------------
               27379


[INFO DRT-0267] cpu time = 00:05:31, elapsed time = 00:01:00, memory = 1395.83 (MB), peak = 1394.66 (MB)

[INFO DRT-0180] Post processing.
+ check_antennas 
[INFO ANT-0002] Found 3 net violations.
[INFO ANT-0001] Found 3 pin violations.
[INFO] Running antenna repair iteration 1…
+ repair_antennas sky130_fd_sc_hd__diode_2 -ratio_margin 10
[INFO GRT-0012] Found 5 antenna violations.
[INFO GRT-0015] Inserted 5 diodes.
+ detailed_route -droute_end_iter 64 -or_seed 42 -verbose 1 -output_drc /home/Ven/vscode/VRAI/runs/RUN_2026-07-28_12-32-52/45-openroad-detailedrouting/drt-run-1/VRAI_SYNC_CORE.drc
[INFO DRT-0024]   Complete FR_MASTERSLICE.
[INFO DRT-0024]   Complete licon.
[INFO DRT-0024]   Complete li1.
[INFO DRT-0024]   Complete mcon.
[INFO DRT-0024]   Complete met1.
[INFO DRT-0024]   Complete via.
[INFO DRT-0024]   Complete met2.
[INFO DRT-0024]   Complete via2.
[INFO DRT-0024]   Complete met3.
[INFO DRT-0024]   Complete via3.
[INFO DRT-0024]   Complete met4.
[INFO DRT-0024]   Complete via4.
[INFO DRT-0024]   Complete met5.
[INFO DRT-0165] Start pin access.
[INFO DRT-0076]   Complete 1000 pins.
[INFO DRT-0078]   Complete 1930 pins.
[INFO DRT-0079]   Complete 100 unique inst patterns.
[INFO DRT-0079]   Complete 200 unique inst patterns.
[INFO DRT-0081]   Complete 242 unique inst patterns.
[INFO DRT-0084]   Complete 2093 groups.
#scanned instances     = 4207
#unique  instances     = 242
#stdCellGenAp          = 7009
#stdCellValidPlanarAp  = 84
#stdCellValidViaAp     = 5509
#stdCellPinNoAp        = 0
#stdCellPinCnt         = 12100
#instTermValidViaApCnt = 0
#macroGenAp            = 0
#macroValidPlanarAp    = 0
#macroValidViaAp       = 0
#macroNoAp             = 0
[INFO DRT-0166] Complete pin access.
[INFO DRT-0267] cpu time = 00:03:42, elapsed time = 00:00:16, memory = 1397.52 (MB), peak = 1396.41 (MB)

[INFO DRT-0157] Number of guides:     29207

[INFO DRT-0169] Post process guides.
[INFO DRT-0176] GCELLGRID X 0 DO 39 STEP 6900 ;
[INFO DRT-0177] GCELLGRID Y 0 DO 40 STEP 6900 ;
[INFO DRT-0028]   Complete FR_MASTERSLICE.
[INFO DRT-0028]   Complete licon.
[INFO DRT-0028]   Complete li1.
[INFO DRT-0028]   Complete mcon.
[INFO DRT-0028]   Complete met1.
[INFO DRT-0028]   Complete via.
[INFO DRT-0028]   Complete met2.
[INFO DRT-0028]   Complete via2.
[INFO DRT-0028]   Complete met3.
[INFO DRT-0028]   Complete via3.
[INFO DRT-0028]   Complete met4.
[INFO DRT-0028]   Complete via4.
[INFO DRT-0028]   Complete met5.
[INFO DRT-0178] Init guide query.
[INFO DRT-0035]   Complete FR_MASTERSLICE (guide).
[INFO DRT-0035]   Complete licon (guide).
[INFO DRT-0035]   Complete li1 (guide).
[INFO DRT-0035]   Complete mcon (guide).
[INFO DRT-0035]   Complete met1 (guide).
[INFO DRT-0035]   Complete via (guide).
[INFO DRT-0035]   Complete met2 (guide).
[INFO DRT-0035]   Complete via2 (guide).
[INFO DRT-0035]   Complete met3 (guide).
[INFO DRT-0035]   Complete via3 (guide).
[INFO DRT-0035]   Complete met4 (guide).
[INFO DRT-0035]   Complete via4 (guide).
[INFO DRT-0035]   Complete met5 (guide).
[INFO DRT-0036] FR_MASTERSLICE guide region query size = 0.
[INFO DRT-0036] licon guide region query size = 0.
[INFO DRT-0036] li1 guide region query size = 9714.
[INFO DRT-0036] mcon guide region query size = 0.
[INFO DRT-0036] met1 guide region query size = 8920.
[INFO DRT-0036] via guide region query size = 0.
[INFO DRT-0036] met2 guide region query size = 5030.
[INFO DRT-0036] via2 guide region query size = 0.
[INFO DRT-0036] met3 guide region query size = 603.
[INFO DRT-0036] via3 guide region query size = 0.
[INFO DRT-0036] met4 guide region query size = 151.
[INFO DRT-0036] via4 guide region query size = 0.
[INFO DRT-0036] met5 guide region query size = 4.
[INFO DRT-0179] Init gr pin query.
[INFO DRT-0267] cpu time = 00:00:00, elapsed time = 00:00:00, memory = 1397.52 (MB), peak = 1396.41 (MB)
[INFO DRT-0245] skipped writing guide updates to database.
[INFO DRT-0185] Post process initialize RPin region query.
[INFO DRT-0181] Start track assignment.
[INFO DRT-0184] Done with 14895 vertical wires in 1 frboxes and 9527 horizontal wires in 1 frboxes.
[INFO DRT-0186] Done with 1727 vertical wires in 1 frboxes and 2775 horizontal wires in 1 frboxes.
[INFO DRT-0182] Complete track assignment.
[INFO DRT-0267] cpu time = 00:00:07, elapsed time = 00:00:01, memory = 1397.52 (MB), peak = 1396.41 (MB)
[INFO DRT-0187] Start routing data preparation.
[INFO DRT-0267] cpu time = 00:00:00, elapsed time = 00:00:00, memory = 1397.52 (MB), peak = 1396.41 (MB)
[INFO DRT-0194] Start detail routing.
[INFO DRT-0195] Start 0th optimization iteration.
    Completing 10% with 0 violations.
    elapsed time = 00:00:00, memory = 1414.01 (MB).
    Completing 20% with 0 violations.
    elapsed time = 00:00:00, memory = 1414.01 (MB).
    Completing 30% with 12 violations.
    elapsed time = 00:00:01, memory = 1415.29 (MB).
    Completing 40% with 12 violations.
    elapsed time = 00:00:01, memory = 1415.29 (MB).
    Completing 50% with 12 violations.
    elapsed time = 00:00:01, memory = 1415.29 (MB).
    Completing 60% with 25 violations.
    elapsed time = 00:00:02, memory = 1416.71 (MB).
    Completing 70% with 25 violations.
    elapsed time = 00:00:02, memory = 1416.71 (MB).
    Completing 80% with 48 violations.
    elapsed time = 00:00:02, memory = 1417.06 (MB).
    Completing 90% with 48 violations.
    elapsed time = 00:00:02, memory = 1417.06 (MB).
    Completing 100% with 66 violations.
    elapsed time = 00:00:03, memory = 1417.06 (MB).
[INFO DRT-0199]   Number of violations = 80.
Viol/Layer        met1   met2   met3   met4
Metal Spacing        7      2      0      1
Recheck              5      6      1      2
Short               30     22      2      2
[INFO DRT-0267] cpu time = 00:00:29, elapsed time = 00:00:03, memory = 1511.80 (MB), peak = 1510.54 (MB)
Total wire length = 131910 um.
Total wire length on LAYER li1 = 0 um.
Total wire length on LAYER met1 = 49875 um.
Total wire length on LAYER met2 = 59592 um.
Total wire length on LAYER met3 = 15093 um.
Total wire length on LAYER met4 = 7160 um.
Total wire length on LAYER met5 = 186 um.
Total number of vias = 27385.
Up-via summary (total 27385):

------------------------
 FR_MASTERSLICE        0
            li1    12080
           met1    13885
           met2     1154
           met3      258
           met4        8
------------------------
               27385


[INFO DRT-0195] Start 1st optimization iteration.
    Completing 10% with 80 violations.
    elapsed time = 00:00:00, memory = 1511.80 (MB).
    Completing 20% with 80 violations.
    elapsed time = 00:00:00, memory = 1511.80 (MB).
    Completing 30% with 66 violations.
    elapsed time = 00:00:01, memory = 1511.80 (MB).
    Completing 40% with 66 violations.
    elapsed time = 00:00:01, memory = 1511.80 (MB).
    Completing 50% with 66 violations.
    elapsed time = 00:00:01, memory = 1511.80 (MB).
    Completing 60% with 56 violations.
    elapsed time = 00:00:02, memory = 1545.64 (MB).
    Completing 70% with 56 violations.
    elapsed time = 00:00:02, memory = 1511.80 (MB).
    Completing 80% with 35 violations.
    elapsed time = 00:00:03, memory = 1414.18 (MB).
    Completing 90% with 35 violations.
    elapsed time = 00:00:03, memory = 1414.18 (MB).
    Completing 100% with 9 violations.
    elapsed time = 00:00:03, memory = 1414.18 (MB).
[INFO DRT-0199]   Number of violations = 9.
Viol/Layer        met1   met2
Short                5      4
[INFO DRT-0267] cpu time = 00:00:30, elapsed time = 00:00:03, memory = 1511.80 (MB), peak = 1544.41 (MB)
Total wire length = 131900 um.
Total wire length on LAYER li1 = 0 um.
Total wire length on LAYER met1 = 49881 um.
Total wire length on LAYER met2 = 59581 um.
Total wire length on LAYER met3 = 15091 um.
Total wire length on LAYER met4 = 7159 um.
Total wire length on LAYER met5 = 186 um.
Total number of vias = 27381.
Up-via summary (total 27381):

------------------------
 FR_MASTERSLICE        0
            li1    12078
           met1    13883
           met2     1154
           met3      258
           met4        8
------------------------
               27381


[INFO DRT-0195] Start 2nd optimization iteration.
    Completing 10% with 9 violations.
    elapsed time = 00:00:00, memory = 1511.80 (MB).
    Completing 20% with 9 violations.
    elapsed time = 00:00:00, memory = 1511.80 (MB).
    Completing 30% with 9 violations.
    elapsed time = 00:00:00, memory = 1511.80 (MB).
    Completing 40% with 8 violations.
    elapsed time = 00:00:00, memory = 1511.80 (MB).
    Completing 50% with 8 violations.
    elapsed time = 00:00:00, memory = 1511.80 (MB).
    Completing 60% with 8 violations.
    elapsed time = 00:00:00, memory = 1511.80 (MB).
    Completing 70% with 8 violations.
    elapsed time = 00:00:00, memory = 1511.80 (MB).
    Completing 80% with 8 violations.
    elapsed time = 00:00:01, memory = 1511.80 (MB).
    Completing 90% with 6 violations.
    elapsed time = 00:00:01, memory = 1511.80 (MB).
    Completing 100% with 5 violations.
    elapsed time = 00:00:02, memory = 1511.80 (MB).
[INFO DRT-0199]   Number of violations = 5.
Viol/Layer        met1   met2
Short                4      1
[INFO DRT-0267] cpu time = 00:00:12, elapsed time = 00:00:02, memory = 1414.18 (MB), peak = 1544.41 (MB)
Total wire length = 131895 um.
Total wire length on LAYER li1 = 0 um.
Total wire length on LAYER met1 = 49877 um.
Total wire length on LAYER met2 = 59579 um.
Total wire length on LAYER met3 = 15092 um.
Total wire length on LAYER met4 = 7159 um.
Total wire length on LAYER met5 = 186 um.
Total number of vias = 27384.
Up-via summary (total 27384):

------------------------
 FR_MASTERSLICE        0
            li1    12078
           met1    13886
           met2     1154
           met3      258
           met4        8
------------------------
               27384


[INFO DRT-0195] Start 3rd guides tiles iteration.
    Completing 20% with 5 violations.
    elapsed time = 00:00:00, memory = 1414.18 (MB).
    Completing 50% with 5 violations.
    elapsed time = 00:00:00, memory = 1414.18 (MB).
    Completing 70% with 5 violations.
    elapsed time = 00:00:00, memory = 1414.18 (MB).
    Completing 100% with 0 violations.
    elapsed time = 00:00:00, memory = 1414.18 (MB).
[INFO DRT-0199]   Number of violations = 0.
[INFO DRT-0267] cpu time = 00:00:04, elapsed time = 00:00:00, memory = 1511.79 (MB), peak = 1544.41 (MB)
Total wire length = 131878 um.
Total wire length on LAYER li1 = 0 um.
Total wire length on LAYER met1 = 49677 um.
Total wire length on LAYER met2 = 59589 um.
Total wire length on LAYER met3 = 15264 um.
Total wire length on LAYER met4 = 7159 um.
Total wire length on LAYER met5 = 186 um.
Total number of vias = 27392.
Up-via summary (total 27392):

------------------------
 FR_MASTERSLICE        0
            li1    12078
           met1    13885
           met2     1163
           met3      258
           met4        8
------------------------
               27392


[INFO DRT-0198] Complete detail routing.
Total wire length = 131878 um.
Total wire length on LAYER li1 = 0 um.
Total wire length on LAYER met1 = 49677 um.
Total wire length on LAYER met2 = 59589 um.
Total wire length on LAYER met3 = 15264 um.
Total wire length on LAYER met4 = 7159 um.
Total wire length on LAYER met5 = 186 um.
Total number of vias = 27392.
Up-via summary (total 27392):

------------------------
 FR_MASTERSLICE        0
            li1    12078
           met1    13885
           met2     1163
           met3      258
           met4        8
------------------------
               27392


[INFO DRT-0267] cpu time = 00:01:17, elapsed time = 00:00:09, memory = 1511.79 (MB), peak = 1544.41 (MB)

[INFO DRT-0180] Post processing.
+ check_antennas 
[INFO ANT-0002] Found 0 net violations.
[INFO ANT-0001] Found 0 pin violations.
Setting global connections for newly added cells…
[INFO] Setting global connections...
[INFO ODB-0403] 20 connections made, 0 conflicts skipped.
Updating metrics…
Cell type report:                       Count       Area
  Fill cell                               188     705.68
  Tap cell                                912    1141.09
  Antenna cell                              5      12.51
  Clock buffer                             65     875.84
  Timing Repair Buffer                    155    1734.16
  Inverter                                 67     252.74
  Clock inverter                           16     223.96
  Sequential cell                         416    8863.50
  Multi-Input combinational cell         2383   24297.05
  Total                                  4207   38106.55
Writing OpenROAD database to '/home/Ven/vscode/VRAI/runs/RUN_2026-07-28_12-32-52/45-openroad-detailedrouting/VRAI_SYNC_CORE.odb'…
Writing netlist to '/home/Ven/vscode/VRAI/runs/RUN_2026-07-28_12-32-52/45-openroad-detailedrouting/VRAI_SYNC_CORE.nl.v'…
Writing powered netlist to '/home/Ven/vscode/VRAI/runs/RUN_2026-07-28_12-32-52/45-openroad-detailedrouting/VRAI_SYNC_CORE.pnl.v'…
Writing layout to '/home/Ven/vscode/VRAI/runs/RUN_2026-07-28_12-32-52/45-openroad-detailedrouting/VRAI_SYNC_CORE.def'…
Writing timing constraints to '/home/Ven/vscode/VRAI/runs/RUN_2026-07-28_12-32-52/45-openroad-detailedrouting/VRAI_SYNC_CORE.sdc'…
