Clock: CLK
Sources: CLK 
Generated: no
Virtual: yes
Propagated: no
Period: 250.000000

===========================================================================
report_clock_properties
============================================================================
Clock                   Period          Waveform
----------------------------------------------------
CLK                 250.000000    0.000000125.000000

===========================================================================
report_clock_latency
============================================================================
Clock CLK
rise -> rise
    min     max
0.000000 0.000000 source latency
0.631040         network latency _4970_/CLK
        0.646020 network latency _5170_/CLK
---------------
0.631040 0.646020 latency
        0.014980 skew

fall -> fall
    min     max
0.000000 0.000000 source latency
0.570267         network latency _5076_/CLK
        0.581053 network latency _5170_/CLK
---------------
0.570267 0.581053 latency
        0.010786 skew



===========================================================================
report_clock_min_period
============================================================================
CLK period_min = 8.44 fmax = 118.44
