Clock: CLK
Sources: CLK 
Generated: no
Virtual: yes
Propagated: no
Period: 26.000000

===========================================================================
report_clock_properties
============================================================================
Clock                   Period          Waveform
----------------------------------------------------
CLK                  26.000000    0.000000 13.000000

===========================================================================
report_clock_latency
============================================================================
Clock CLK
rise -> rise
    min     max
0.000000 0.000000 source latency
0.837790         network latency _5232_/CLK
        0.880662 network latency _5095_/CLK
---------------
0.837790 0.880662 latency
        0.042872 skew

fall -> fall
    min     max
0.000000 0.000000 source latency
0.863260         network latency _5232_/CLK
        0.895495 network latency _5032_/CLK
---------------
0.863260 0.895495 latency
        0.032236 skew



===========================================================================
report_clock_min_period
============================================================================
CLK period_min = 13.72 fmax = 72.89
