Clock: CLK
Sources: CLK 
Generated: no
Virtual: yes
Propagated: no
Period: 20.000000

===========================================================================
report_clock_properties
============================================================================
Clock                   Period          Waveform
----------------------------------------------------
CLK                  20.000000    0.000000 10.000000

===========================================================================
report_clock_latency
============================================================================
Clock CLK
rise -> rise
    min     max
0.000000 0.000000 source latency
0.783591         network latency _5004_/CLK
        0.804247 network latency _5170_/CLK
---------------
0.783591 0.804247 latency
        0.020656 skew

fall -> fall
    min     max
0.000000 0.000000 source latency
0.667259         network latency _5004_/CLK
        0.682524 network latency _5170_/CLK
---------------
0.667259 0.682524 latency
        0.015265 skew



===========================================================================
report_clock_min_period
============================================================================
CLK period_min = 9.94 fmax = 100.64
