┏━━━━━━━┳━━━━━━━━━┳━━━━━━━━━━┳━━━━━━━━━┳━━━━━━━━━━━┳━━━━━━━┓
┃ P / R ┃ Partial ┃ Required ┃ Net     ┃ Pin       ┃ Layer ┃
┡━━━━━━━╇━━━━━━━━━╇━━━━━━━━━━╇━━━━━━━━━╇━━━━━━━━━━━╇━━━━━━━┩
│ 2.13  │ 853.02  │ 400.00   │ _0618_  │ _2761_/B  │ met3  │
│ 2.13  │ 853.02  │ 400.00   │ _0618_  │ _3290_/B  │ met3  │
│ 2.13  │ 853.02  │ 400.00   │ _0618_  │ _3292_/B  │ met3  │
│ 1.97  │ 786.50  │ 400.00   │ _2397_  │ _4316_/A1 │ met1  │
│ 1.37  │ 548.50  │ 400.00   │ IMM[5\] │ _2549_/A  │ met1  │
│ 1.34  │ 534.98  │ 400.00   │ _0674_  │ _2824_/B  │ met3  │
│ 1.19  │ 475.67  │ 400.00   │ _0548_  │ _4010_/A1 │ met1  │
│ 1.13  │ 450.62  │ 400.00   │ _1836_  │ _4351_/B1 │ met3  │
│ 1.10  │ 438.50  │ 400.00   │ _2338_  │ _4664_/A0 │ met1  │
│ 1.07  │ 429.10  │ 400.00   │ _0658_  │ _2806_/B  │ met2  │
│ 1.07  │ 429.10  │ 400.00   │ _0658_  │ _3340_/B  │ met2  │
│ 1.04  │ 415.33  │ 400.00   │ _0602_  │ _2743_/B  │ met3  │
│ 1.04  │ 415.33  │ 400.00   │ _0602_  │ _3268_/B  │ met3  │
│ 1.04  │ 415.33  │ 400.00   │ _0602_  │ _3269_/B  │ met3  │
│ 1.01  │ 402.02  │ 400.00   │ _0594_  │ _2734_/B  │ met3  │
│ 1.01  │ 402.02  │ 400.00   │ _0594_  │ _3255_/B  │ met3  │
│ 1.01  │ 402.02  │ 400.00   │ _0594_  │ _3256_/B  │ met3  │
└───────┴─────────┴──────────┴─────────┴───────────┴───────┘
