Clock: CLK
Sources: CLK 
Generated: no
Virtual: yes
Propagated: no
Period: 20.000000

===========================================================================
report_clock_properties
============================================================================
Clock                   Period          Waveform
----------------------------------------------------
CLK                  20.000000    0.000000 10.000000

===========================================================================
report_clock_latency
============================================================================
Clock CLK
rise -> rise
    min     max
0.000000 0.000000 source latency
3.037792         network latency _5141_/CLK
        3.104070 network latency _4995_/CLK
---------------
3.037792 3.104070 latency
        0.066278 skew

fall -> fall
    min     max
0.000000 0.000000 source latency
1.479745         network latency _5141_/CLK
        1.541115 network latency _4995_/CLK
---------------
1.479745 1.541115 latency
        0.061370 skew



===========================================================================
report_clock_min_period
============================================================================
CLK period_min = 7.28 fmax = 137.28
