Reading timing models for corner nom_tt_025C_1v80…
Reading timing library for the 'nom_tt_025C_1v80' corner at '/root/.ciel/ciel/sky130/versions/8afc8346a57fe1ab7934ba5a6056ea8b43078e71/sky130A/libs.ref/sky130_fd_sc_hd/lib/sky130_fd_sc_hd__tt_025C_1v80.lib'…
Reading OpenROAD database at '/home/Ven/vscode/VRAI/runs/RUN_2026-07-24_15-22-16/39-openroad-globalrouting/VRAI_SYNC_CORE.odb'…
Reading design constraints file at '/home/Ven/vscode/VRAI/constraints/vrai_pnr.sdc'…
[INFO] No information on clock propagation in input SDC file-- propagating all clocks.
+ repair_antennas sky130_fd_sc_hd__diode_2 -iterations 3 -ratio_margin 10
[INFO GRT-0012] Found 11 antenna violations.
[INFO GRT-0302] Inserted 12 jumpers for 11 nets.
[INFO GRT-0012] Found 0 antenna violations.
Setting global connections for newly added cells…
[INFO] Setting global connections...
[INFO ODB-0403] 0 connections made, 0 conflicts skipped.
Updating metrics…
Cell type report:                       Count       Area
  Fill cell                               188     705.68
  Tap cell                                912    1141.09
  Clock buffer                             72     953.41
  Timing Repair Buffer                    149    1644.08
  Inverter                                 76     286.52
  Clock inverter                           12     210.20
  Sequential cell                         397    8459.36
  Multi-Input combinational cell         2372   24089.35
  Total                                  4178   37489.71
Writing OpenROAD database to '/home/Ven/vscode/VRAI/runs/RUN_2026-07-24_15-22-16/42-openroad-repairantennas/1-openroad-diodeinsertion/VRAI_SYNC_CORE.odb'…
Writing layout to '/home/Ven/vscode/VRAI/runs/RUN_2026-07-24_15-22-16/42-openroad-repairantennas/1-openroad-diodeinsertion/VRAI_SYNC_CORE.def'…
