Clock: CLK
Sources: CLK 
Generated: no
Virtual: yes
Propagated: no
Period: 20.000000

===========================================================================
report_clock_properties
============================================================================
Clock                   Period          Waveform
----------------------------------------------------
CLK                  20.000000    0.000000 10.000000

===========================================================================
report_clock_latency
============================================================================
Clock CLK
rise -> rise
    min     max
0.000000 0.000000 source latency
0.560075         network latency _5004_/CLK
        0.578373 network latency _5170_/CLK
---------------
0.560075 0.578373 latency
        0.018298 skew

fall -> fall
    min     max
0.000000 0.000000 source latency
0.476300         network latency _5004_/CLK
        0.491020 network latency _5045_/CLK
---------------
0.476300 0.491020 latency
        0.014720 skew



===========================================================================
report_clock_min_period
============================================================================
CLK period_min = 6.79 fmax = 147.35
