Clock: CLK
Sources: CLK 
Generated: no
Virtual: yes
Propagated: no
Period: 26.000000

===========================================================================
report_clock_properties
============================================================================
Clock                   Period          Waveform
----------------------------------------------------
CLK                  26.000000    0.000000 13.000000

===========================================================================
report_clock_latency
============================================================================
Clock CLK
rise -> rise
    min     max
0.000000 0.000000 source latency
0.631040         network latency _4970_/CLK
        0.646020 network latency _5170_/CLK
---------------
0.631040 0.646020 latency
        0.014980 skew

fall -> fall
    min     max
0.000000 0.000000 source latency
0.570258         network latency _5092_/CLK
        0.581051 network latency _5170_/CLK
---------------
0.570258 0.581051 latency
        0.010792 skew



===========================================================================
report_clock_min_period
============================================================================
CLK period_min = 8.44 fmax = 118.44
