Reading timing models for corner nom_tt_025C_1v80…
Reading timing library for the 'nom_tt_025C_1v80' corner at '/root/.ciel/ciel/sky130/versions/8afc8346a57fe1ab7934ba5a6056ea8b43078e71/sky130A/libs.ref/sky130_fd_sc_hd/lib/sky130_fd_sc_hd__tt_025C_1v80.lib'…
Reading OpenROAD database at '/home/Ven/vscode/VRAI/runs/RUN_2026-07-20_10-07-51/42-openroad-repairantennas/1-openroad-diodeinsertion/VRAI_SYNC_CORE.odb'…
Reading design constraints file at '/nix/store/bsc7517ifhyy0s2y84n52j5yvqsybbw9-python3-3.13.9-env/lib/python3.13/site-packages/librelane/scripts/base.sdc'…
[INFO] Using clock CLK…
[INFO] Setting output delay to: 5
[INFO] Setting input delay to: 5
[INFO] Setting load to: 0.033442
[INFO] Setting clock uncertainty to: 0.25
[INFO] Setting clock transition to: 0.1499999999999999944488848768742172978818416595458984375
[INFO] Setting timing derate to: 5%
[INFO ORD-0030] Using 16 thread(s).
+ detailed_route -droute_end_iter 64 -or_seed 42 -verbose 1 -output_drc /home/Ven/vscode/VRAI/runs/RUN_2026-07-20_10-07-51/44-openroad-detailedrouting/drt-run-0/VRAI_SYNC_CORE.drc
[INFO DRT-0149] Reading tech and libs.
[WARNING DRT-0349] LEF58_ENCLOSURE with no CUTCLASS is not supported. Skipping for layer mcon
[WARNING DRT-0349] LEF58_ENCLOSURE with no CUTCLASS is not supported. Skipping for layer mcon
[WARNING DRT-0349] LEF58_ENCLOSURE with no CUTCLASS is not supported. Skipping for layer via
[WARNING DRT-0349] LEF58_ENCLOSURE with no CUTCLASS is not supported. Skipping for layer via
[WARNING DRT-0349] LEF58_ENCLOSURE with no CUTCLASS is not supported. Skipping for layer via2
[WARNING DRT-0349] LEF58_ENCLOSURE with no CUTCLASS is not supported. Skipping for layer via2
[WARNING DRT-0349] LEF58_ENCLOSURE with no CUTCLASS is not supported. Skipping for layer via3
[WARNING DRT-0349] LEF58_ENCLOSURE with no CUTCLASS is not supported. Skipping for layer via3
[WARNING DRT-0349] LEF58_ENCLOSURE with no CUTCLASS is not supported. Skipping for layer via4
[WARNING DRT-0349] LEF58_ENCLOSURE with no CUTCLASS is not supported. Skipping for layer via4

Units:                1000
Number of layers:     13
Number of macros:     445
Number of vias:       29
Number of viarulegen: 25

[INFO DRT-0150] Reading design.

Design:                   VRAI_SYNC_CORE
Die area:                 ( 0 0 ) ( 267150 277870 )
Number of track patterns: 12
Number of DEF vias:       0
Number of components:     4862
Number of terminals:      110
Number of snets:          2
Number of nets:           3788

[INFO DRT-0167] List of default vias:
  Layer via
    default via: M1M2_PR
  Layer via2
    default via: M2M3_PR
  Layer via3
    default via: M3M4_PR
  Layer via4
    default via: M4M5_PR
[INFO DRT-0162] Library cell analysis.
[INFO DRT-0163] Instance analysis.
[INFO DRT-0164] Number of unique instances = 148.
[INFO DRT-0168] Init region query.
[INFO DRT-0024]   Complete FR_MASTERSLICE.
[INFO DRT-0024]   Complete licon.
[INFO DRT-0024]   Complete li1.
[INFO DRT-0024]   Complete mcon.
[INFO DRT-0024]   Complete met1.
[INFO DRT-0024]   Complete via.
[INFO DRT-0024]   Complete met2.
[INFO DRT-0024]   Complete via2.
[INFO DRT-0024]   Complete met3.
[INFO DRT-0024]   Complete via3.
[INFO DRT-0024]   Complete met4.
[INFO DRT-0024]   Complete via4.
[INFO DRT-0024]   Complete met5.
[INFO DRT-0033] FR_MASTERSLICE shape region query size = 0.
[INFO DRT-0033] licon shape region query size = 0.
[INFO DRT-0033] li1 shape region query size = 124353.
[INFO DRT-0033] mcon shape region query size = 0.
[INFO DRT-0033] met1 shape region query size = 16504.
[INFO DRT-0033] via shape region query size = 950.
[INFO DRT-0033] met2 shape region query size = 614.
[INFO DRT-0033] via2 shape region query size = 760.
[INFO DRT-0033] met3 shape region query size = 634.
[INFO DRT-0033] via3 shape region query size = 760.
[INFO DRT-0033] met4 shape region query size = 206.
[INFO DRT-0033] via4 shape region query size = 8.
[INFO DRT-0033] met5 shape region query size = 16.
[INFO DRT-0165] Start pin access.
[INFO DRT-0076]   Complete 1000 pins.
[INFO DRT-0078]   Complete 1170 pins.
[INFO DRT-0079]   Complete 100 unique inst patterns.
[INFO DRT-0081]   Complete 148 unique inst patterns.
[INFO DRT-0084]   Complete 2189 groups.
#scanned instances     = 4862
#unique  instances     = 148
#stdCellGenAp          = 4121
#stdCellValidPlanarAp  = 42
#stdCellValidViaAp     = 3227
#stdCellPinNoAp        = 0
#stdCellPinCnt         = 13320
#instTermValidViaApCnt = 0
#macroGenAp            = 0
#macroValidPlanarAp    = 0
#macroValidViaAp       = 0
#macroNoAp             = 0
[INFO DRT-0166] Complete pin access.
[INFO DRT-0267] cpu time = 00:03:28, elapsed time = 00:00:14, memory = 161.70 (MB), peak = 160.68 (MB)

[INFO DRT-0157] Number of guides:     33324

[INFO DRT-0169] Post process guides.
[INFO DRT-0176] GCELLGRID X 0 DO 38 STEP 6900 ;
[INFO DRT-0177] GCELLGRID Y 0 DO 40 STEP 6900 ;
[INFO DRT-0028]   Complete FR_MASTERSLICE.
[INFO DRT-0028]   Complete licon.
[INFO DRT-0028]   Complete li1.
[INFO DRT-0028]   Complete mcon.
[INFO DRT-0028]   Complete met1.
[INFO DRT-0028]   Complete via.
[INFO DRT-0028]   Complete met2.
[INFO DRT-0028]   Complete via2.
[INFO DRT-0028]   Complete met3.
[INFO DRT-0028]   Complete via3.
[INFO DRT-0028]   Complete met4.
[INFO DRT-0028]   Complete via4.
[INFO DRT-0028]   Complete met5.
[INFO DRT-0178] Init guide query.
[INFO DRT-0035]   Complete FR_MASTERSLICE (guide).
[INFO DRT-0035]   Complete licon (guide).
[INFO DRT-0035]   Complete li1 (guide).
[INFO DRT-0035]   Complete mcon (guide).
[INFO DRT-0035]   Complete met1 (guide).
[INFO DRT-0035]   Complete via (guide).
[INFO DRT-0035]   Complete met2 (guide).
[INFO DRT-0035]   Complete via2 (guide).
[INFO DRT-0035]   Complete met3 (guide).
[INFO DRT-0035]   Complete via3 (guide).
[INFO DRT-0035]   Complete met4 (guide).
[INFO DRT-0035]   Complete via4 (guide).
[INFO DRT-0035]   Complete met5 (guide).
[INFO DRT-0036] FR_MASTERSLICE guide region query size = 0.
[INFO DRT-0036] licon guide region query size = 0.
[INFO DRT-0036] li1 guide region query size = 11016.
[INFO DRT-0036] mcon guide region query size = 0.
[INFO DRT-0036] met1 guide region query size = 10105.
[INFO DRT-0036] via guide region query size = 0.
[INFO DRT-0036] met2 guide region query size = 5579.
[INFO DRT-0036] via2 guide region query size = 0.
[INFO DRT-0036] met3 guide region query size = 650.
[INFO DRT-0036] via3 guide region query size = 0.
[INFO DRT-0036] met4 guide region query size = 129.
[INFO DRT-0036] via4 guide region query size = 0.
[INFO DRT-0036] met5 guide region query size = 14.
[INFO DRT-0179] Init gr pin query.
[INFO DRT-0267] cpu time = 00:00:00, elapsed time = 00:00:00, memory = 172.65 (MB), peak = 171.30 (MB)
[INFO DRT-0245] skipped writing guide updates to database.
[INFO DRT-0185] Post process initialize RPin region query.
[INFO DRT-0181] Start track assignment.
[INFO DRT-0184] Done with 16724 vertical wires in 1 frboxes and 10769 horizontal wires in 1 frboxes.
[INFO DRT-0186] Done with 2302 vertical wires in 1 frboxes and 3858 horizontal wires in 1 frboxes.
[INFO DRT-0182] Complete track assignment.
[INFO DRT-0267] cpu time = 00:00:08, elapsed time = 00:00:01, memory = 236.89 (MB), peak = 235.57 (MB)
[INFO DRT-0187] Start routing data preparation.
[INFO DRT-0267] cpu time = 00:00:00, elapsed time = 00:00:00, memory = 236.89 (MB), peak = 235.57 (MB)
[INFO DRT-0194] Start detail routing.
[INFO DRT-0195] Start 0th optimization iteration.
    Completing 10% with 0 violations.
    elapsed time = 00:00:03, memory = 478.22 (MB).
    Completing 20% with 0 violations.
    elapsed time = 00:00:04, memory = 403.74 (MB).
    Completing 30% with 765 violations.
    elapsed time = 00:00:08, memory = 572.52 (MB).
    Completing 40% with 765 violations.
    elapsed time = 00:00:11, memory = 639.77 (MB).
    Completing 50% with 765 violations.
    elapsed time = 00:00:14, memory = 558.23 (MB).
    Completing 60% with 1349 violations.
    elapsed time = 00:00:17, memory = 690.15 (MB).
    Completing 70% with 1349 violations.
    elapsed time = 00:00:21, memory = 690.15 (MB).
    Completing 80% with 2135 violations.
    elapsed time = 00:00:23, memory = 726.67 (MB).
    Completing 90% with 2135 violations.
    elapsed time = 00:00:26, memory = 762.37 (MB).
    Completing 100% with 2687 violations.
    elapsed time = 00:00:39, memory = 748.36 (MB).
[INFO DRT-0199]   Number of violations = 2939.
Viol/Layer         li1   mcon   met1   met2   met3
Cut Spacing          0      4      0      0      0
Metal Spacing        0      0    364     77     11
Min Hole             0      0      2      0      0
Recheck              4      0    168     73      7
Short                0      1   1886    331     11
[INFO DRT-0267] cpu time = 00:02:41, elapsed time = 00:00:40, memory = 1062.57 (MB), peak = 1061.52 (MB)
Total wire length = 160695 um.
Total wire length on LAYER li1 = 0 um.
Total wire length on LAYER met1 = 65022 um.
Total wire length on LAYER met2 = 69036 um.
Total wire length on LAYER met3 = 21152 um.
Total wire length on LAYER met4 = 4989 um.
Total wire length on LAYER met5 = 493 um.
Total number of vias = 30987.
Up-via summary (total 30987):

------------------------
 FR_MASTERSLICE        0
            li1    13342
           met1    15974
           met2     1407
           met3      240
           met4       24
------------------------
               30987


[INFO DRT-0195] Start 1st optimization iteration.
    Completing 10% with 2939 violations.
    elapsed time = 00:00:02, memory = 1153.00 (MB).
    Completing 20% with 2939 violations.
    elapsed time = 00:00:05, memory = 1161.47 (MB).
    Completing 30% with 2543 violations.
    elapsed time = 00:00:11, memory = 1269.03 (MB).
    Completing 40% with 2543 violations.
    elapsed time = 00:00:14, memory = 1296.51 (MB).
    Completing 50% with 2543 violations.
    elapsed time = 00:00:18, memory = 1265.49 (MB).
    Completing 60% with 2377 violations.
    elapsed time = 00:00:20, memory = 1330.04 (MB).
    Completing 70% with 2377 violations.
    elapsed time = 00:00:23, memory = 1299.20 (MB).
    Completing 80% with 2051 violations.
    elapsed time = 00:00:25, memory = 1302.97 (MB).
    Completing 90% with 2051 violations.
    elapsed time = 00:00:27, memory = 1327.06 (MB).
    Completing 100% with 1681 violations.
    elapsed time = 00:00:35, memory = 1311.98 (MB).
[INFO DRT-0199]   Number of violations = 1681.
Viol/Layer        mcon   met1   met2   met3
Cut Spacing          1      0      0      0
Metal Spacing        0    220     65      5
Short                0   1254    134      2
[INFO DRT-0267] cpu time = 00:02:36, elapsed time = 00:00:35, memory = 1314.98 (MB), peak = 1329.18 (MB)
Total wire length = 159556 um.
Total wire length on LAYER li1 = 0 um.
Total wire length on LAYER met1 = 64346 um.
Total wire length on LAYER met2 = 68374 um.
Total wire length on LAYER met3 = 21294 um.
Total wire length on LAYER met4 = 5032 um.
Total wire length on LAYER met5 = 508 um.
Total number of vias = 31034.
Up-via summary (total 31034):

------------------------
 FR_MASTERSLICE        0
            li1    13341
           met1    15938
           met2     1483
           met3      248
           met4       24
------------------------
               31034


[INFO DRT-0195] Start 2nd optimization iteration.
    Completing 10% with 1681 violations.
    elapsed time = 00:00:00, memory = 1314.98 (MB).
    Completing 20% with 1681 violations.
    elapsed time = 00:00:00, memory = 1357.66 (MB).
    Completing 30% with 1681 violations.
    elapsed time = 00:00:09, memory = 1368.00 (MB).
    Completing 40% with 1604 violations.
    elapsed time = 00:00:09, memory = 1357.99 (MB).
    Completing 50% with 1604 violations.
    elapsed time = 00:00:14, memory = 1360.00 (MB).
    Completing 60% with 1631 violations.
    elapsed time = 00:00:16, memory = 1360.00 (MB).
    Completing 70% with 1631 violations.
    elapsed time = 00:00:20, memory = 1368.00 (MB).
    Completing 80% with 1631 violations.
    elapsed time = 00:00:26, memory = 1360.00 (MB).
    Completing 90% with 1686 violations.
    elapsed time = 00:00:31, memory = 1360.00 (MB).
    Completing 100% with 1675 violations.
    elapsed time = 00:00:35, memory = 1360.00 (MB).
[INFO DRT-0199]   Number of violations = 1675.
Viol/Layer        met1   met2   met3
Metal Spacing      212     78      3
Short             1257    122      3
[INFO DRT-0267] cpu time = 00:02:38, elapsed time = 00:00:35, memory = 1360.00 (MB), peak = 1411.80 (MB)
Total wire length = 159203 um.
Total wire length on LAYER li1 = 0 um.
Total wire length on LAYER met1 = 64155 um.
Total wire length on LAYER met2 = 68141 um.
Total wire length on LAYER met3 = 21288 um.
Total wire length on LAYER met4 = 5113 um.
Total wire length on LAYER met5 = 505 um.
Total number of vias = 30905.
Up-via summary (total 30905):

------------------------
 FR_MASTERSLICE        0
            li1    13384
           met1    15834
           met2     1411
           met3      252
           met4       24
------------------------
               30905


[INFO DRT-0195] Start 3rd optimization iteration.
    Completing 10% with 1675 violations.
    elapsed time = 00:00:02, memory = 1414.46 (MB).
    Completing 20% with 1675 violations.
    elapsed time = 00:00:04, memory = 1414.53 (MB).
    Completing 30% with 1334 violations.
    elapsed time = 00:00:05, memory = 1397.02 (MB).
    Completing 40% with 1334 violations.
    elapsed time = 00:00:07, memory = 1414.26 (MB).
    Completing 50% with 1334 violations.
    elapsed time = 00:00:11, memory = 1406.25 (MB).
    Completing 60% with 918 violations.
    elapsed time = 00:00:13, memory = 1436.56 (MB).
    Completing 70% with 918 violations.
    elapsed time = 00:00:15, memory = 1406.66 (MB).
    Completing 80% with 543 violations.
    elapsed time = 00:00:18, memory = 1438.81 (MB).
    Completing 90% with 543 violations.
    elapsed time = 00:00:19, memory = 1447.10 (MB).
    Completing 100% with 102 violations.
    elapsed time = 00:00:26, memory = 1410.66 (MB).
[INFO DRT-0199]   Number of violations = 102.
Viol/Layer        met1   met2   met3
Metal Spacing       26      9      2
Short               55     10      0
[INFO DRT-0267] cpu time = 00:01:42, elapsed time = 00:00:26, memory = 1410.66 (MB), peak = 1446.06 (MB)
Total wire length = 158888 um.
Total wire length on LAYER li1 = 0 um.
Total wire length on LAYER met1 = 58827 um.
Total wire length on LAYER met2 = 67824 um.
Total wire length on LAYER met3 = 26009 um.
Total wire length on LAYER met4 = 5723 um.
Total wire length on LAYER met5 = 505 um.
Total number of vias = 31650.
Up-via summary (total 31650):

------------------------
 FR_MASTERSLICE        0
            li1    13371
           met1    15892
           met2     2043
           met3      320
           met4       24
------------------------
               31650


[INFO DRT-0195] Start 4th optimization iteration.
    Completing 10% with 102 violations.
    elapsed time = 00:00:00, memory = 1410.66 (MB).
    Completing 20% with 102 violations.
    elapsed time = 00:00:00, memory = 1444.77 (MB).
    Completing 30% with 59 violations.
    elapsed time = 00:00:02, memory = 1410.66 (MB).
    Completing 40% with 59 violations.
    elapsed time = 00:00:02, memory = 1410.66 (MB).
    Completing 50% with 59 violations.
    elapsed time = 00:00:04, memory = 1414.66 (MB).
    Completing 60% with 45 violations.
    elapsed time = 00:00:04, memory = 1414.66 (MB).
    Completing 70% with 45 violations.
    elapsed time = 00:00:04, memory = 1456.93 (MB).
    Completing 80% with 25 violations.
    elapsed time = 00:00:05, memory = 1423.98 (MB).
    Completing 90% with 25 violations.
    elapsed time = 00:00:05, memory = 1423.98 (MB).
    Completing 100% with 7 violations.
    elapsed time = 00:00:10, memory = 1423.98 (MB).
[INFO DRT-0199]   Number of violations = 7.
Viol/Layer        met1
Metal Spacing        5
Short                2
[INFO DRT-0267] cpu time = 00:00:28, elapsed time = 00:00:10, memory = 1423.98 (MB), peak = 1456.11 (MB)
Total wire length = 158872 um.
Total wire length on LAYER li1 = 0 um.
Total wire length on LAYER met1 = 58789 um.
Total wire length on LAYER met2 = 67884 um.
Total wire length on LAYER met3 = 26039 um.
Total wire length on LAYER met4 = 5653 um.
Total wire length on LAYER met5 = 505 um.
Total number of vias = 31659.
Up-via summary (total 31659):

------------------------
 FR_MASTERSLICE        0
            li1    13370
           met1    15908
           met2     2044
           met3      313
           met4       24
------------------------
               31659


[INFO DRT-0195] Start 5th guides tiles iteration.
    Completing 30% with 7 violations.
    elapsed time = 00:00:00, memory = 1424.05 (MB).
    Completing 60% with 7 violations.
    elapsed time = 00:00:00, memory = 1424.05 (MB).
    Completing 100% with 0 violations.
    elapsed time = 00:00:00, memory = 1424.05 (MB).
[INFO DRT-0199]   Number of violations = 0.
[INFO DRT-0267] cpu time = 00:00:05, elapsed time = 00:00:00, memory = 1424.05 (MB), peak = 1456.11 (MB)
Total wire length = 158864 um.
Total wire length on LAYER li1 = 0 um.
Total wire length on LAYER met1 = 58756 um.
Total wire length on LAYER met2 = 67881 um.
Total wire length on LAYER met3 = 26067 um.
Total wire length on LAYER met4 = 5653 um.
Total wire length on LAYER met5 = 505 um.
Total number of vias = 31653.
Up-via summary (total 31653):

------------------------
 FR_MASTERSLICE        0
            li1    13371
           met1    15900
           met2     2045
           met3      313
           met4       24
------------------------
               31653


[INFO DRT-0198] Complete detail routing.
Total wire length = 158864 um.
Total wire length on LAYER li1 = 0 um.
Total wire length on LAYER met1 = 58756 um.
Total wire length on LAYER met2 = 67881 um.
Total wire length on LAYER met3 = 26067 um.
Total wire length on LAYER met4 = 5653 um.
Total wire length on LAYER met5 = 505 um.
Total number of vias = 31653.
Up-via summary (total 31653):

------------------------
 FR_MASTERSLICE        0
            li1    13371
           met1    15900
           met2     2045
           met3      313
           met4       24
------------------------
               31653


[INFO DRT-0267] cpu time = 00:10:14, elapsed time = 00:02:28, memory = 1424.17 (MB), peak = 1456.11 (MB)

[INFO DRT-0180] Post processing.
+ check_antennas 
[INFO ANT-0002] Found 3 net violations.
[INFO ANT-0001] Found 6 pin violations.
[INFO] Running antenna repair iteration 1…
+ repair_antennas sky130_fd_sc_hd__diode_2 -ratio_margin 10
[INFO GRT-0012] Found 4 antenna violations.
[INFO GRT-0015] Inserted 7 diodes.
+ detailed_route -droute_end_iter 64 -or_seed 42 -verbose 1 -output_drc /home/Ven/vscode/VRAI/runs/RUN_2026-07-20_10-07-51/44-openroad-detailedrouting/drt-run-1/VRAI_SYNC_CORE.drc
[INFO DRT-0024]   Complete FR_MASTERSLICE.
[INFO DRT-0024]   Complete licon.
[INFO DRT-0024]   Complete li1.
[INFO DRT-0024]   Complete mcon.
[INFO DRT-0024]   Complete met1.
[INFO DRT-0024]   Complete via.
[INFO DRT-0024]   Complete met2.
[INFO DRT-0024]   Complete via2.
[INFO DRT-0024]   Complete met3.
[INFO DRT-0024]   Complete via3.
[INFO DRT-0024]   Complete met4.
[INFO DRT-0024]   Complete via4.
[INFO DRT-0024]   Complete met5.
[INFO DRT-0165] Start pin access.
[INFO DRT-0076]   Complete 1000 pins.
[INFO DRT-0078]   Complete 1175 pins.
[INFO DRT-0079]   Complete 100 unique inst patterns.
[INFO DRT-0081]   Complete 149 unique inst patterns.
[INFO DRT-0084]   Complete 2190 groups.
#scanned instances     = 4869
#unique  instances     = 149
#stdCellGenAp          = 4133
#stdCellValidPlanarAp  = 42
#stdCellValidViaAp     = 3239
#stdCellPinNoAp        = 0
#stdCellPinCnt         = 13320
#instTermValidViaApCnt = 0
#macroGenAp            = 0
#macroValidPlanarAp    = 0
#macroValidViaAp       = 0
#macroNoAp             = 0
[INFO DRT-0166] Complete pin access.
[INFO DRT-0267] cpu time = 00:03:32, elapsed time = 00:00:15, memory = 1426.06 (MB), peak = 1456.11 (MB)

[INFO DRT-0157] Number of guides:     33331

[INFO DRT-0169] Post process guides.
[INFO DRT-0176] GCELLGRID X 0 DO 38 STEP 6900 ;
[INFO DRT-0177] GCELLGRID Y 0 DO 40 STEP 6900 ;
[INFO DRT-0028]   Complete FR_MASTERSLICE.
[INFO DRT-0028]   Complete licon.
[INFO DRT-0028]   Complete li1.
[INFO DRT-0028]   Complete mcon.
[INFO DRT-0028]   Complete met1.
[INFO DRT-0028]   Complete via.
[INFO DRT-0028]   Complete met2.
[INFO DRT-0028]   Complete via2.
[INFO DRT-0028]   Complete met3.
[INFO DRT-0028]   Complete via3.
[INFO DRT-0028]   Complete met4.
[INFO DRT-0028]   Complete via4.
[INFO DRT-0028]   Complete met5.
[INFO DRT-0178] Init guide query.
[INFO DRT-0035]   Complete FR_MASTERSLICE (guide).
[INFO DRT-0035]   Complete licon (guide).
[INFO DRT-0035]   Complete li1 (guide).
[INFO DRT-0035]   Complete mcon (guide).
[INFO DRT-0035]   Complete met1 (guide).
[INFO DRT-0035]   Complete via (guide).
[INFO DRT-0035]   Complete met2 (guide).
[INFO DRT-0035]   Complete via2 (guide).
[INFO DRT-0035]   Complete met3 (guide).
[INFO DRT-0035]   Complete via3 (guide).
[INFO DRT-0035]   Complete met4 (guide).
[INFO DRT-0035]   Complete via4 (guide).
[INFO DRT-0035]   Complete met5 (guide).
[INFO DRT-0036] FR_MASTERSLICE guide region query size = 0.
[INFO DRT-0036] licon guide region query size = 0.
[INFO DRT-0036] li1 guide region query size = 11022.
[INFO DRT-0036] mcon guide region query size = 0.
[INFO DRT-0036] met1 guide region query size = 10116.
[INFO DRT-0036] via guide region query size = 0.
[INFO DRT-0036] met2 guide region query size = 5582.
[INFO DRT-0036] via2 guide region query size = 0.
[INFO DRT-0036] met3 guide region query size = 645.
[INFO DRT-0036] via3 guide region query size = 0.
[INFO DRT-0036] met4 guide region query size = 125.
[INFO DRT-0036] via4 guide region query size = 0.
[INFO DRT-0036] met5 guide region query size = 13.
[INFO DRT-0179] Init gr pin query.
[INFO DRT-0267] cpu time = 00:00:00, elapsed time = 00:00:00, memory = 1426.06 (MB), peak = 1456.11 (MB)
[INFO DRT-0245] skipped writing guide updates to database.
[INFO DRT-0185] Post process initialize RPin region query.
[INFO DRT-0181] Start track assignment.
[INFO DRT-0184] Done with 16729 vertical wires in 1 frboxes and 10774 horizontal wires in 1 frboxes.
[INFO DRT-0186] Done with 2332 vertical wires in 1 frboxes and 3923 horizontal wires in 1 frboxes.
[INFO DRT-0182] Complete track assignment.
[INFO DRT-0267] cpu time = 00:00:08, elapsed time = 00:00:01, memory = 1426.06 (MB), peak = 1456.11 (MB)
[INFO DRT-0187] Start routing data preparation.
[INFO DRT-0267] cpu time = 00:00:00, elapsed time = 00:00:00, memory = 1426.06 (MB), peak = 1456.11 (MB)
[INFO DRT-0194] Start detail routing.
[INFO DRT-0195] Start 0th optimization iteration.
    Completing 10% with 0 violations.
    elapsed time = 00:00:00, memory = 1426.06 (MB).
    Completing 20% with 0 violations.
    elapsed time = 00:00:00, memory = 1426.06 (MB).
    Completing 30% with 19 violations.
    elapsed time = 00:00:01, memory = 1459.71 (MB).
    Completing 40% with 19 violations.
    elapsed time = 00:00:02, memory = 1426.06 (MB).
    Completing 50% with 19 violations.
    elapsed time = 00:00:03, memory = 1426.07 (MB).
    Completing 60% with 84 violations.
    elapsed time = 00:00:04, memory = 1461.17 (MB).
    Completing 70% with 84 violations.
    elapsed time = 00:00:04, memory = 1426.07 (MB).
    Completing 80% with 102 violations.
    elapsed time = 00:00:04, memory = 1471.04 (MB).
    Completing 90% with 102 violations.
    elapsed time = 00:00:05, memory = 1438.95 (MB).
    Completing 100% with 167 violations.
    elapsed time = 00:00:08, memory = 1438.95 (MB).
[INFO DRT-0199]   Number of violations = 196.
Viol/Layer        met1   met2   met3
Metal Spacing        3      8      6
Recheck              6     15      8
Short               73     50     27
[INFO DRT-0267] cpu time = 00:00:39, elapsed time = 00:00:08, memory = 1535.84 (MB), peak = 1535.00 (MB)
Total wire length = 158985 um.
Total wire length on LAYER li1 = 0 um.
Total wire length on LAYER met1 = 59017 um.
Total wire length on LAYER met2 = 68087 um.
Total wire length on LAYER met3 = 25964 um.
Total wire length on LAYER met4 = 5499 um.
Total wire length on LAYER met5 = 415 um.
Total number of vias = 31701.
Up-via summary (total 31701):

------------------------
 FR_MASTERSLICE        0
            li1    13377
           met1    15959
           met2     2039
           met3      304
           met4       22
------------------------
               31701


[INFO DRT-0195] Start 1st optimization iteration.
    Completing 10% with 196 violations.
    elapsed time = 00:00:00, memory = 1572.20 (MB).
    Completing 20% with 196 violations.
    elapsed time = 00:00:01, memory = 1572.20 (MB).
    Completing 30% with 173 violations.
    elapsed time = 00:00:01, memory = 1541.52 (MB).
    Completing 40% with 173 violations.
    elapsed time = 00:00:01, memory = 1541.52 (MB).
    Completing 50% with 173 violations.
    elapsed time = 00:00:03, memory = 1545.52 (MB).
    Completing 60% with 122 violations.
    elapsed time = 00:00:03, memory = 1577.37 (MB).
    Completing 70% with 122 violations.
    elapsed time = 00:00:04, memory = 1545.52 (MB).
    Completing 80% with 83 violations.
    elapsed time = 00:00:04, memory = 1445.76 (MB).
    Completing 90% with 83 violations.
    elapsed time = 00:00:05, memory = 1445.76 (MB).
    Completing 100% with 37 violations.
    elapsed time = 00:00:06, memory = 1445.76 (MB).
[INFO DRT-0199]   Number of violations = 37.
Viol/Layer        met1   met2
Metal Spacing        2      3
Short               23      9
[INFO DRT-0267] cpu time = 00:00:39, elapsed time = 00:00:07, memory = 1545.53 (MB), peak = 1576.40 (MB)
Total wire length = 158923 um.
Total wire length on LAYER li1 = 0 um.
Total wire length on LAYER met1 = 58980 um.
Total wire length on LAYER met2 = 68063 um.
Total wire length on LAYER met3 = 25966 um.
Total wire length on LAYER met4 = 5497 um.
Total wire length on LAYER met5 = 415 um.
Total number of vias = 31672.
Up-via summary (total 31672):

------------------------
 FR_MASTERSLICE        0
            li1    13376
           met1    15934
           met2     2036
           met3      304
           met4       22
------------------------
               31672


[INFO DRT-0195] Start 2nd optimization iteration.
    Completing 10% with 37 violations.
    elapsed time = 00:00:00, memory = 1545.53 (MB).
    Completing 20% with 37 violations.
    elapsed time = 00:00:00, memory = 1545.53 (MB).
    Completing 30% with 37 violations.
    elapsed time = 00:00:00, memory = 1545.79 (MB).
    Completing 40% with 37 violations.
    elapsed time = 00:00:01, memory = 1547.61 (MB).
    Completing 50% with 37 violations.
    elapsed time = 00:00:01, memory = 1547.61 (MB).
    Completing 60% with 38 violations.
    elapsed time = 00:00:02, memory = 1547.61 (MB).
    Completing 70% with 38 violations.
    elapsed time = 00:00:02, memory = 1547.61 (MB).
    Completing 80% with 38 violations.
    elapsed time = 00:00:05, memory = 1547.61 (MB).
    Completing 90% with 33 violations.
    elapsed time = 00:00:05, memory = 1547.61 (MB).
    Completing 100% with 32 violations.
    elapsed time = 00:00:05, memory = 1547.61 (MB).
[INFO DRT-0199]   Number of violations = 32.
Viol/Layer        met1   met2
Metal Spacing        0      2
Short               20     10
[INFO DRT-0267] cpu time = 00:00:19, elapsed time = 00:00:05, memory = 1447.84 (MB), peak = 1576.40 (MB)
Total wire length = 158928 um.
Total wire length on LAYER li1 = 0 um.
Total wire length on LAYER met1 = 58968 um.
Total wire length on LAYER met2 = 68083 um.
Total wire length on LAYER met3 = 25957 um.
Total wire length on LAYER met4 = 5502 um.
Total wire length on LAYER met5 = 415 um.
Total number of vias = 31669.
Up-via summary (total 31669):

------------------------
 FR_MASTERSLICE        0
            li1    13378
           met1    15932
           met2     2033
           met3      304
           met4       22
------------------------
               31669


[INFO DRT-0195] Start 3rd guides tiles iteration.
    Completing 10% with 32 violations.
    elapsed time = 00:00:00, memory = 1447.84 (MB).
    Completing 20% with 32 violations.
    elapsed time = 00:00:00, memory = 1447.84 (MB).
    Completing 30% with 32 violations.
    elapsed time = 00:00:00, memory = 1447.84 (MB).
    Completing 40% with 32 violations.
    elapsed time = 00:00:00, memory = 1447.84 (MB).
    Completing 50% with 32 violations.
    elapsed time = 00:00:00, memory = 1447.84 (MB).
    Completing 60% with 32 violations.
    elapsed time = 00:00:03, memory = 1447.84 (MB).
    Completing 70% with 20 violations.
    elapsed time = 00:00:03, memory = 1447.84 (MB).
    Completing 80% with 20 violations.
    elapsed time = 00:00:03, memory = 1447.84 (MB).
    Completing 90% with 20 violations.
    elapsed time = 00:00:03, memory = 1447.84 (MB).
    Completing 100% with 18 violations.
    elapsed time = 00:00:04, memory = 1447.84 (MB).
[INFO DRT-0199]   Number of violations = 18.
Viol/Layer        met1   met2
Metal Spacing        4      0
Short               11      3
[INFO DRT-0267] cpu time = 00:00:14, elapsed time = 00:00:04, memory = 1547.63 (MB), peak = 1576.40 (MB)
Total wire length = 158935 um.
Total wire length on LAYER li1 = 0 um.
Total wire length on LAYER met1 = 58804 um.
Total wire length on LAYER met2 = 67906 um.
Total wire length on LAYER met3 = 26101 um.
Total wire length on LAYER met4 = 5706 um.
Total wire length on LAYER met5 = 415 um.
Total number of vias = 31718.
Up-via summary (total 31718):

------------------------
 FR_MASTERSLICE        0
            li1    13379
           met1    15938
           met2     2055
           met3      324
           met4       22
------------------------
               31718


[INFO DRT-0195] Start 4th guides tiles iteration.
    Completing 20% with 18 violations.
    elapsed time = 00:00:00, memory = 1547.63 (MB).
    Completing 40% with 18 violations.
    elapsed time = 00:00:00, memory = 1547.63 (MB).
    Completing 60% with 18 violations.
    elapsed time = 00:00:01, memory = 1547.63 (MB).
    Completing 80% with 7 violations.
    elapsed time = 00:00:01, memory = 1547.63 (MB).
    Completing 100% with 7 violations.
    elapsed time = 00:00:01, memory = 1547.63 (MB).
[INFO DRT-0199]   Number of violations = 7.
Viol/Layer        met1   met2
Metal Spacing        0      2
Short                4      1
[INFO DRT-0267] cpu time = 00:00:07, elapsed time = 00:00:01, memory = 1547.63 (MB), peak = 1576.40 (MB)
Total wire length = 158963 um.
Total wire length on LAYER li1 = 0 um.
Total wire length on LAYER met1 = 58812 um.
Total wire length on LAYER met2 = 67908 um.
Total wire length on LAYER met3 = 26105 um.
Total wire length on LAYER met4 = 5722 um.
Total wire length on LAYER met5 = 415 um.
Total number of vias = 31732.
Up-via summary (total 31732):

------------------------
 FR_MASTERSLICE        0
            li1    13378
           met1    15944
           met2     2062
           met3      326
           met4       22
------------------------
               31732


[INFO DRT-0195] Start 5th guides tiles iteration.
    Completing 30% with 7 violations.
    elapsed time = 00:00:00, memory = 1547.63 (MB).
    Completing 60% with 7 violations.
    elapsed time = 00:00:01, memory = 1547.63 (MB).
    Completing 100% with 2 violations.
    elapsed time = 00:00:01, memory = 1547.63 (MB).
[INFO DRT-0199]   Number of violations = 2.
Viol/Layer        met1
Short                2
[INFO DRT-0267] cpu time = 00:00:07, elapsed time = 00:00:01, memory = 1547.63 (MB), peak = 1576.40 (MB)
Total wire length = 158963 um.
Total wire length on LAYER li1 = 0 um.
Total wire length on LAYER met1 = 58811 um.
Total wire length on LAYER met2 = 67907 um.
Total wire length on LAYER met3 = 26105 um.
Total wire length on LAYER met4 = 5722 um.
Total wire length on LAYER met5 = 415 um.
Total number of vias = 31730.
Up-via summary (total 31730):

------------------------
 FR_MASTERSLICE        0
            li1    13378
           met1    15942
           met2     2062
           met3      326
           met4       22
------------------------
               31730


[INFO DRT-0195] Start 6th guides tiles iteration.
    Completing 100% with 2 violations.
    elapsed time = 00:00:00, memory = 1547.63 (MB).
[INFO DRT-0199]   Number of violations = 2.
Viol/Layer        met1
Short                2
[INFO DRT-0267] cpu time = 00:00:03, elapsed time = 00:00:00, memory = 1547.63 (MB), peak = 1576.40 (MB)
Total wire length = 158963 um.
Total wire length on LAYER li1 = 0 um.
Total wire length on LAYER met1 = 58811 um.
Total wire length on LAYER met2 = 67907 um.
Total wire length on LAYER met3 = 26105 um.
Total wire length on LAYER met4 = 5722 um.
Total wire length on LAYER met5 = 415 um.
Total number of vias = 31730.
Up-via summary (total 31730):

------------------------
 FR_MASTERSLICE        0
            li1    13378
           met1    15942
           met2     2062
           met3      326
           met4       22
------------------------
               31730


[INFO DRT-0195] Start 7th stubborn tiles iteration.
    Completing 10% with 2 violations.
    elapsed time = 00:00:02, memory = 1756.19 (MB).
    Completing 20% with 2 violations.
    elapsed time = 00:00:04, memory = 1792.24 (MB).
    Completing 30% with 2 violations.
    elapsed time = 00:00:07, memory = 1785.73 (MB).
    Completing 40% with 2 violations.
    elapsed time = 00:00:08, memory = 1866.00 (MB).
    Completing 50% with 2 violations.
    elapsed time = 00:00:10, memory = 1901.89 (MB).
    Completing 60% with 2 violations.
    elapsed time = 00:00:12, memory = 1909.63 (MB).
    Completing 70% with 2 violations.
    elapsed time = 00:00:14, memory = 1978.03 (MB).
    Completing 80% with 2 violations.
    elapsed time = 00:00:15, memory = 1960.54 (MB).
    Completing 90% with 2 violations.
    elapsed time = 00:00:20, memory = 1923.46 (MB).
    Completing 100% with 0 violations.
    elapsed time = 00:00:24, memory = 1856.95 (MB).
[INFO DRT-0199]   Number of violations = 0.
[INFO DRT-0267] cpu time = 00:03:38, elapsed time = 00:00:24, memory = 1856.95 (MB), peak = 2008.95 (MB)
Total wire length = 158995 um.
Total wire length on LAYER li1 = 0 um.
Total wire length on LAYER met1 = 58810 um.
Total wire length on LAYER met2 = 67918 um.
Total wire length on LAYER met3 = 26104 um.
Total wire length on LAYER met4 = 5746 um.
Total wire length on LAYER met5 = 415 um.
Total number of vias = 31743.
Up-via summary (total 31743):

------------------------
 FR_MASTERSLICE        0
            li1    13379
           met1    15952
           met2     2062
           met3      328
           met4       22
------------------------
               31743


[INFO DRT-0198] Complete detail routing.
Total wire length = 158995 um.
Total wire length on LAYER li1 = 0 um.
Total wire length on LAYER met1 = 58810 um.
Total wire length on LAYER met2 = 67918 um.
Total wire length on LAYER met3 = 26104 um.
Total wire length on LAYER met4 = 5746 um.
Total wire length on LAYER met5 = 415 um.
Total number of vias = 31743.
Up-via summary (total 31743):

------------------------
 FR_MASTERSLICE        0
            li1    13379
           met1    15952
           met2     2062
           met3      328
           met4       22
------------------------
               31743


[INFO DRT-0267] cpu time = 00:05:50, elapsed time = 00:00:55, memory = 1857.00 (MB), peak = 2008.95 (MB)

[INFO DRT-0180] Post processing.
+ check_antennas 
[INFO ANT-0002] Found 0 net violations.
[INFO ANT-0001] Found 0 pin violations.
Setting global connections for newly added cells…
[INFO] Setting global connections...
[INFO ODB-0403] 28 connections made, 0 conflicts skipped.
Updating metrics…
Cell type report:                       Count       Area
  Fill cell                               188     705.68
  Tap cell                                912    1141.09
  Antenna cell                              9      22.52
  Clock buffer                             67     998.46
  Timing Repair Buffer                    843    8166.58
  Inverter                                 76     285.27
  Clock inverter                            5      53.80
  Sequential cell                         397    8444.35
  Multi-Input combinational cell         2372   24073.09
  Total                                  4869   43890.84
Writing OpenROAD database to '/home/Ven/vscode/VRAI/runs/RUN_2026-07-20_10-07-51/44-openroad-detailedrouting/VRAI_SYNC_CORE.odb'…
Writing netlist to '/home/Ven/vscode/VRAI/runs/RUN_2026-07-20_10-07-51/44-openroad-detailedrouting/VRAI_SYNC_CORE.nl.v'…
Writing powered netlist to '/home/Ven/vscode/VRAI/runs/RUN_2026-07-20_10-07-51/44-openroad-detailedrouting/VRAI_SYNC_CORE.pnl.v'…
Writing layout to '/home/Ven/vscode/VRAI/runs/RUN_2026-07-20_10-07-51/44-openroad-detailedrouting/VRAI_SYNC_CORE.def'…
Writing timing constraints to '/home/Ven/vscode/VRAI/runs/RUN_2026-07-20_10-07-51/44-openroad-detailedrouting/VRAI_SYNC_CORE.sdc'…
