
===========================================================================
report_checks -unconstrained
===========================================================================
======================= min_ff_n40C_1v95 Corner ===================================

Startpoint: _5127_ (rising edge-triggered flip-flop clocked by CLK)
Endpoint: DEVICES_STRW (output port clocked by CLK)
Path Group: CLK
Path Type: max

Fanout         Cap        Slew       Delay        Time   Description
---------------------------------------------------------------------------------------------
                                  0.000000    0.000000   clock CLK (rise edge)
                                  0.000000    0.000000   clock source latency
     1    0.041949    0.000000    0.000000    0.000000 ^ CLK (in)
                                                         CLK (net)
                      0.003314    0.001657    0.001657 ^ clkbuf_0_CLK/A (sky130_fd_sc_hd__clkbuf_16)
     4    0.069096    0.065953    0.104801    0.106458 ^ clkbuf_0_CLK/X (sky130_fd_sc_hd__clkbuf_16)
                                                         clknet_0_CLK (net)
                      0.066007    0.001510    0.107969 ^ clkbuf_2_2__f_CLK/A (sky130_fd_sc_hd__clkbuf_16)
    11    0.098799    0.087789    0.138941    0.246910 ^ clkbuf_2_2__f_CLK/X (sky130_fd_sc_hd__clkbuf_16)
                                                         clknet_2_2__leaf_CLK (net)
                      0.087892    0.001871    0.248781 ^ clkbuf_leaf_9_CLK/A (sky130_fd_sc_hd__clkbuf_8)
    11    0.032661    0.052745    0.115742    0.364523 ^ clkbuf_leaf_9_CLK/X (sky130_fd_sc_hd__clkbuf_8)
                                                         clknet_leaf_9_CLK (net)
                      0.052749    0.000505    0.365028 ^ _5127_/CLK (sky130_fd_sc_hd__dfxtp_4)
    18    0.150122    0.316213    0.415214    0.780243 ^ _5127_/Q (sky130_fd_sc_hd__dfxtp_4)
                                                         _0008_ (net)
                      0.316255    0.003110    0.783353 ^ max_cap165/A (sky130_fd_sc_hd__buf_12)
    24    0.208769    0.183144    0.184105    0.967457 ^ max_cap165/X (sky130_fd_sc_hd__buf_12)
                                                         net165 (net)
                      0.183813    0.009195    0.976652 ^ max_cap164/A (sky130_fd_sc_hd__buf_12)
    24    0.209063    0.182725    0.185339    1.161991 ^ max_cap164/X (sky130_fd_sc_hd__buf_12)
                                                         net164 (net)
                      0.185341    0.017515    1.179506 ^ _2578_/S0 (sky130_fd_sc_hd__mux4_2)
     1    0.003293    0.057416    0.300324    1.479830 v _2578_/X (sky130_fd_sc_hd__mux4_2)
                                                         _0508_ (net)
                      0.057416    0.000055    1.479884 v _2579_/B (sky130_fd_sc_hd__or2_2)
     2    0.007414    0.045839    0.177715    1.657599 v _2579_/X (sky130_fd_sc_hd__or2_2)
                                                         _0509_ (net)
                      0.045839    0.000042    1.657642 v _2586_/A1 (sky130_fd_sc_hd__a22o_2)
     8    0.054356    0.104104    0.206447    1.864089 v _2586_/X (sky130_fd_sc_hd__a22o_2)
                                                         _0516_ (net)
                      0.104106    0.000786    1.864875 v _2587_/B (sky130_fd_sc_hd__and2_2)
     4    0.014586    0.045394    0.169959    2.034834 v _2587_/X (sky130_fd_sc_hd__and2_2)
                                                         _0517_ (net)
                      0.045394    0.000067    2.034901 v _2589_/A (sky130_fd_sc_hd__nor2_2)
     9    0.048889    0.379682    0.310087    2.344989 ^ _2589_/Y (sky130_fd_sc_hd__nor2_2)
                                                         _0519_ (net)
                      0.379688    0.001246    2.346235 ^ _2615_/A1 (sky130_fd_sc_hd__a21o_2)
     2    0.015348    0.066250    0.125092    2.471327 ^ _2615_/X (sky130_fd_sc_hd__a21o_2)
                                                         _0545_ (net)
                      0.066250    0.000178    2.471505 ^ _2621_/A1 (sky130_fd_sc_hd__a21bo_2)
     3    0.021336    0.092594    0.129228    2.600733 ^ _2621_/X (sky130_fd_sc_hd__a21bo_2)
                                                         _0551_ (net)
                      0.092596    0.000564    2.601297 ^ _2626_/A2 (sky130_fd_sc_hd__a31o_2)
     3    0.019598    0.092971    0.145076    2.746373 ^ _2626_/X (sky130_fd_sc_hd__a31o_2)
                                                         _0556_ (net)
                      0.092972    0.000488    2.746861 ^ _2631_/A1 (sky130_fd_sc_hd__a31o_2)
     4    0.038299    0.168320    0.194333    2.941195 ^ _2631_/X (sky130_fd_sc_hd__a31o_2)
                                                         _0561_ (net)
                      0.168321    0.000751    2.941946 ^ _2684_/D_N (sky130_fd_sc_hd__or4b_2)
     3    0.014175    0.095297    0.370878    3.312824 v _2684_/X (sky130_fd_sc_hd__or4b_2)
                                                         _0614_ (net)
                      0.095297    0.000417    3.313241 v _2690_/A1 (sky130_fd_sc_hd__a21o_2)
     4    0.014484    0.044967    0.163336    3.476577 v _2690_/X (sky130_fd_sc_hd__a21o_2)
                                                         _0620_ (net)
                      0.044968    0.000290    3.476868 v _2694_/A3 (sky130_fd_sc_hd__a311o_2)
     4    0.016022    0.063967    0.273039    3.749906 v _2694_/X (sky130_fd_sc_hd__a311o_2)
                                                         _0624_ (net)
                      0.063995    0.000230    3.750136 v _2696_/A2 (sky130_fd_sc_hd__a21bo_2)
     5    0.018144    0.050204    0.174986    3.925122 v _2696_/X (sky130_fd_sc_hd__a21bo_2)
                                                         _0626_ (net)
                      0.050208    0.000518    3.925639 v _2704_/C (sky130_fd_sc_hd__and3_2)
     2    0.016974    0.050660    0.165329    4.090968 v _2704_/X (sky130_fd_sc_hd__and3_2)
                                                         _0628_ (net)
                      0.050660    0.000250    4.091218 v _2705_/B (sky130_fd_sc_hd__and2_2)
     1    0.002889    0.026582    0.120522    4.211740 v _2705_/X (sky130_fd_sc_hd__and2_2)
                                                         net53 (net)
                      0.026582    0.000032    4.211771 v output53/A (sky130_fd_sc_hd__clkdlybuf4s25_1)
     1    0.051713    0.260104    0.338244    4.550015 v output53/X (sky130_fd_sc_hd__clkdlybuf4s25_1)
                                                         DEVICES_STRW (net)
                      0.260105    0.000861    4.550876 v DEVICES_STRW (out)
                                              4.550876   data arrival time

                                 26.000000   26.000000   clock CLK (rise edge)
                                  0.000000   26.000000   clock network delay (propagated)
                                  0.000000   26.000000   clock reconvergence pessimism
                                 -5.000000   20.999998   output external delay
                                             20.999998   data required time
---------------------------------------------------------------------------------------------
                                             20.999998   data required time
                                             -4.550876   data arrival time
---------------------------------------------------------------------------------------------
                                             16.449121   slack (MET)




===========================================================================
report_checks --slack_max -0.01
============================================================================
======================= min_ff_n40C_1v95 Corner ===================================

No paths found.


===========================================================================
 report_check_types -max_slew -max_cap -max_fanout -violators
============================================================================
======================= min_ff_n40C_1v95 Corner ===================================



===========================================================================
report_parasitic_annotation -report_unannotated
============================================================================
Found 38 unannotated drivers.
 clkload0/X
 clkload1/Y
 clkload10/X
 clkload11/X
 clkload12/X
 clkload13/X
 clkload14/Y
 clkload15/Y
 clkload16/Y
 clkload17/Y
 clkload18/Y
 clkload19/Y
 clkload2/Y
 clkload20/X
 clkload21/Y
 clkload22/Y
 clkload23/Y
 clkload24/Y
 clkload25/Y
 clkload26/X
 clkload27/X
 clkload28/X
 clkload29/Y
 clkload3/Y
 clkload30/Y
 clkload31/X
 clkload32/X
 clkload33/X
 clkload34/X
 clkload35/X
 clkload36/X
 clkload37/Y
 clkload4/X
 clkload5/X
 clkload6/X
 clkload7/X
 clkload8/X
 clkload9/X
Found 0 partially unannotated drivers.

===========================================================================
max slew violation count 0
max fanout violation count 0
max cap violation count 0
============================================================================

===========================================================================
check_setup -verbose -unconstrained_endpoints -multiple_clock -no_clock -no_input_delay -loops -generated_clocks
===========================================================================
