Clock: CLK
Sources: CLK 
Generated: no
Virtual: yes
Propagated: no
Period: 26.000000

===========================================================================
report_clock_properties
============================================================================
Clock                   Period          Waveform
----------------------------------------------------
CLK                  26.000000    0.000000 13.000000

===========================================================================
report_clock_latency
============================================================================
Clock CLK
rise -> rise
    min     max
0.000000 0.000000 source latency
0.350569         network latency _5254_/CLK
        0.383570 network latency _5021_/CLK
---------------
0.350569 0.383570 latency
        0.033001 skew

fall -> fall
    min     max
0.000000 0.000000 source latency
0.352222         network latency _5254_/CLK
        0.376517 network latency _5021_/CLK
---------------
0.352222 0.376517 latency
        0.024294 skew



===========================================================================
report_clock_min_period
============================================================================
CLK period_min = 4.05 fmax = 247.21
