Clock: CLK
Sources: CLK 
Generated: no
Virtual: yes
Propagated: no
Period: 26.000000

===========================================================================
report_clock_properties
============================================================================
Clock                   Period          Waveform
----------------------------------------------------
CLK                  26.000000    0.000000 13.000000

===========================================================================
report_clock_latency
============================================================================
Clock CLK
rise -> rise
    min     max
0.000000 0.000000 source latency
0.352056         network latency _5005_/CLK
        0.385745 network latency _4882_/CLK
---------------
0.352056 0.385745 latency
        0.033689 skew

fall -> fall
    min     max
0.000000 0.000000 source latency
0.353343         network latency _5005_/CLK
        0.378862 network latency _4882_/CLK
---------------
0.353343 0.378862 latency
        0.025519 skew



===========================================================================
report_clock_min_period
============================================================================
CLK period_min = 4.00 fmax = 250.19
