Clock: CLK
Sources: CLK 
Generated: no
Virtual: yes
Propagated: no
Period: 20.000000

===========================================================================
report_clock_properties
============================================================================
Clock                   Period          Waveform
----------------------------------------------------
CLK                  20.000000    0.000000 10.000000

===========================================================================
report_clock_latency
============================================================================
Clock CLK
rise -> rise
    min     max
0.000000 0.000000 source latency
0.541030         network latency _5004_/CLK
        0.556074 network latency _5170_/CLK
---------------
0.541030 0.556074 latency
        0.015044 skew

fall -> fall
    min     max
0.000000 0.000000 source latency
0.460145         network latency _5004_/CLK
        0.471228 network latency _5045_/CLK
---------------
0.460145 0.471228 latency
        0.011084 skew



===========================================================================
report_clock_min_period
============================================================================
CLK period_min = 6.55 fmax = 152.78
