Clock: CLK
Sources: CLK 
Generated: no
Virtual: yes
Propagated: no
Period: 26.000000

===========================================================================
report_clock_properties
============================================================================
Clock                   Period          Waveform
----------------------------------------------------
CLK                  26.000000    0.000000 13.000000

===========================================================================
report_clock_latency
============================================================================
Clock CLK
rise -> rise
    min     max
0.000000 0.000000 source latency
0.815954         network latency _5219_/CLK
        0.856897 network latency _5057_/CLK
---------------
0.815954 0.856897 latency
        0.040942 skew

fall -> fall
    min     max
0.000000 0.000000 source latency
0.845449         network latency _5219_/CLK
        0.875252 network latency _5057_/CLK
---------------
0.845449 0.875252 latency
        0.029803 skew



===========================================================================
report_clock_min_period
============================================================================
CLK period_min = 13.48 fmax = 74.20
