
===========================================================================
report_checks -unconstrained
===========================================================================
======================= max_tt_025C_1v80 Corner ===================================

Startpoint: _5127_ (rising edge-triggered flip-flop clocked by CLK)
Endpoint: DEVICES_STRW (output port clocked by CLK)
Path Group: CLK
Path Type: max

Fanout         Cap        Slew       Delay        Time   Description
---------------------------------------------------------------------------------------------
                                  0.000000    0.000000   clock CLK (rise edge)
                                  0.000000    0.000000   clock source latency
     1    0.051547    0.000000    0.000000    0.000000 ^ CLK (in)
                                                         CLK (net)
                      0.004050    0.002025    0.002025 ^ clkbuf_0_CLK/A (sky130_fd_sc_hd__clkbuf_16)
     4    0.077381    0.094825    0.152374    0.154399 ^ clkbuf_0_CLK/X (sky130_fd_sc_hd__clkbuf_16)
                                                         clknet_0_CLK (net)
                      0.095555    0.006628    0.161027 ^ clkbuf_2_2__f_CLK/A (sky130_fd_sc_hd__clkbuf_16)
    12    0.114301    0.128110    0.212365    0.373392 ^ clkbuf_2_2__f_CLK/X (sky130_fd_sc_hd__clkbuf_16)
                                                         clknet_2_2__leaf_CLK (net)
                      0.128604    0.006352    0.379744 ^ clkbuf_leaf_8_CLK/A (sky130_fd_sc_hd__clkbuf_8)
    11    0.034585    0.073732    0.179795    0.559539 ^ clkbuf_leaf_8_CLK/X (sky130_fd_sc_hd__clkbuf_8)
                                                         clknet_leaf_8_CLK (net)
                      0.073857    0.002638    0.562177 ^ _5127_/CLK (sky130_fd_sc_hd__dfxtp_4)
    18    0.155224    0.436551    0.616431    1.178608 ^ _5127_/Q (sky130_fd_sc_hd__dfxtp_4)
                                                         _0008_ (net)
                      0.436859    0.009861    1.188469 ^ max_cap179/A (sky130_fd_sc_hd__buf_12)
    24    0.213460    0.247822    0.285699    1.474169 ^ max_cap179/X (sky130_fd_sc_hd__buf_12)
                                                         net179 (net)
                      0.257001    0.037534    1.511702 ^ max_cap178/A (sky130_fd_sc_hd__buf_12)
    24    0.216532    0.249690    0.269778    1.781480 ^ max_cap178/X (sky130_fd_sc_hd__buf_12)
                                                         net178 (net)
                      0.276640    0.062882    1.844362 ^ _2578_/S0 (sky130_fd_sc_hd__mux4_2)
     1    0.004346    0.086487    0.546306    2.390668 v _2578_/X (sky130_fd_sc_hd__mux4_2)
                                                         _0508_ (net)
                      0.086487    0.000376    2.391044 v _2579_/B (sky130_fd_sc_hd__or2_2)
     2    0.007653    0.067761    0.305507    2.696551 v _2579_/X (sky130_fd_sc_hd__or2_2)
                                                         _0509_ (net)
                      0.067761    0.000331    2.696882 v _2586_/A1 (sky130_fd_sc_hd__a22o_2)
     8    0.061417    0.167247    0.369941    3.066823 v _2586_/X (sky130_fd_sc_hd__a22o_2)
                                                         _0516_ (net)
                      0.167377    0.004374    3.071197 v _2587_/B (sky130_fd_sc_hd__and2_2)
     4    0.014615    0.062195    0.276008    3.347205 v _2587_/X (sky130_fd_sc_hd__and2_2)
                                                         _0517_ (net)
                      0.062198    0.000494    3.347699 v _2589_/A (sky130_fd_sc_hd__nor2_2)
     9    0.052331    0.563205    0.461603    3.809303 ^ _2589_/Y (sky130_fd_sc_hd__nor2_2)
                                                         _0519_ (net)
                      0.563255    0.004511    3.813813 ^ _2615_/A1 (sky130_fd_sc_hd__a21o_2)
     2    0.016091    0.093202    0.258681    4.072495 ^ _2615_/X (sky130_fd_sc_hd__a21o_2)
                                                         _0545_ (net)
                      0.093218    0.001212    4.073707 ^ _2621_/A1 (sky130_fd_sc_hd__a21bo_2)
     3    0.023789    0.135703    0.208259    4.281966 ^ _2621_/X (sky130_fd_sc_hd__a21bo_2)
                                                         _0551_ (net)
                      0.135731    0.001913    4.283879 ^ _2626_/A2 (sky130_fd_sc_hd__a31o_2)
     3    0.020728    0.130480    0.239446    4.523325 ^ _2626_/X (sky130_fd_sc_hd__a31o_2)
                                                         _0556_ (net)
                      0.130508    0.001870    4.525195 ^ _2631_/A1 (sky130_fd_sc_hd__a31o_2)
     4    0.045308    0.259118    0.325577    4.850772 ^ _2631_/X (sky130_fd_sc_hd__a31o_2)
                                                         _0561_ (net)
                      0.259331    0.004583    4.855355 ^ _2684_/D_N (sky130_fd_sc_hd__or4b_2)
     3    0.016195    0.148592    0.692101    5.547456 v _2684_/X (sky130_fd_sc_hd__or4b_2)
                                                         _0614_ (net)
                      0.148592    0.001227    5.548684 v _2690_/A1 (sky130_fd_sc_hd__a21o_2)
     4    0.015296    0.062746    0.260505    5.809188 v _2690_/X (sky130_fd_sc_hd__a21o_2)
                                                         _0620_ (net)
                      0.062768    0.001092    5.810280 v _2694_/A3 (sky130_fd_sc_hd__a311o_2)
     4    0.016096    0.087907    0.436294    6.246574 v _2694_/X (sky130_fd_sc_hd__a311o_2)
                                                         _0624_ (net)
                      0.087919    0.000996    6.247570 v _2696_/A2 (sky130_fd_sc_hd__a21bo_2)
     5    0.021282    0.076773    0.274382    6.521953 v _2696_/X (sky130_fd_sc_hd__a21bo_2)
                                                         _0626_ (net)
                      0.076861    0.002328    6.524281 v _2704_/C (sky130_fd_sc_hd__and3_2)
     2    0.021154    0.078480    0.268994    6.793275 v _2704_/X (sky130_fd_sc_hd__and3_2)
                                                         _0628_ (net)
                      0.078493    0.001083    6.794358 v _2705_/B (sky130_fd_sc_hd__and2_2)
     1    0.003065    0.036996    0.198586    6.992944 v _2705_/X (sky130_fd_sc_hd__and2_2)
                                                         net53 (net)
                      0.036996    0.000201    6.993145 v output53/A (sky130_fd_sc_hd__clkdlybuf4s25_1)
     1    0.051946    0.382001    0.502376    7.495521 v output53/X (sky130_fd_sc_hd__clkdlybuf4s25_1)
                                                         DEVICES_STRW (net)
                      0.382020    0.002896    7.498417 v DEVICES_STRW (out)
                                              7.498417   data arrival time

                                 26.000000   26.000000   clock CLK (rise edge)
                                  0.000000   26.000000   clock network delay (propagated)
                                  0.000000   26.000000   clock reconvergence pessimism
                                 -5.000000   20.999998   output external delay
                                             20.999998   data required time
---------------------------------------------------------------------------------------------
                                             20.999998   data required time
                                             -7.498417   data arrival time
---------------------------------------------------------------------------------------------
                                             13.501581   slack (MET)




===========================================================================
report_checks --slack_max -0.01
============================================================================
======================= max_tt_025C_1v80 Corner ===================================

No paths found.


===========================================================================
 report_check_types -max_slew -max_cap -max_fanout -violators
============================================================================
======================= max_tt_025C_1v80 Corner ===================================



===========================================================================
report_parasitic_annotation -report_unannotated
============================================================================
Found 33 unannotated drivers.
 clkload0/Y
 clkload1/Y
 clkload10/X
 clkload11/X
 clkload12/Y
 clkload13/X
 clkload14/X
 clkload15/X
 clkload16/X
 clkload17/X
 clkload18/X
 clkload19/X
 clkload2/Y
 clkload20/X
 clkload21/X
 clkload22/X
 clkload23/X
 clkload24/X
 clkload25/Y
 clkload26/Y
 clkload27/X
 clkload28/X
 clkload29/X
 clkload3/X
 clkload30/X
 clkload31/X
 clkload32/Y
 clkload4/X
 clkload5/Y
 clkload6/X
 clkload7/X
 clkload8/X
 clkload9/X
Found 0 partially unannotated drivers.

===========================================================================
max slew violation count 0
max fanout violation count 0
max cap violation count 0
============================================================================

===========================================================================
check_setup -verbose -unconstrained_endpoints -multiple_clock -no_clock -no_input_delay -loops -generated_clocks
===========================================================================
