Clock: CLK
Sources: CLK 
Generated: no
Virtual: yes
Propagated: no
Period: 26.000000

===========================================================================
report_clock_properties
============================================================================
Clock                   Period          Waveform
----------------------------------------------------
CLK                  26.000000    0.000000 13.000000

===========================================================================
report_clock_latency
============================================================================
Clock CLK
rise -> rise
    min     max
0.000000 0.000000 source latency
0.534027         network latency _5219_/CLK
        0.582384 network latency _4989_/CLK
---------------
0.534027 0.582384 latency
        0.048357 skew

fall -> fall
    min     max
0.000000 0.000000 source latency
0.532376         network latency _5219_/CLK
        0.568107 network latency _4989_/CLK
---------------
0.532376 0.568107 latency
        0.035731 skew



===========================================================================
report_clock_min_period
============================================================================
CLK period_min = 6.78 fmax = 147.59
