
===========================================================================
report_checks -unconstrained
===========================================================================
======================= nom_ff_n40C_1v95 Corner ===================================

Startpoint: _5127_ (rising edge-triggered flip-flop clocked by CLK)
Endpoint: DEVICES_STRW (output port clocked by CLK)
Path Group: CLK
Path Type: max

Fanout         Cap        Slew       Delay        Time   Description
---------------------------------------------------------------------------------------------
                                  0.000000    0.000000   clock CLK (rise edge)
                                  0.000000    0.000000   clock source latency
     1    0.043505    0.000000    0.000000    0.000000 ^ CLK (in)
                                                         CLK (net)
                      0.002131    0.001066    0.001066 ^ clkbuf_0_CLK/A (sky130_fd_sc_hd__clkbuf_16)
     4    0.074501    0.070164    0.106543    0.107608 ^ clkbuf_0_CLK/X (sky130_fd_sc_hd__clkbuf_16)
                                                         clknet_0_CLK (net)
                      0.070413    0.003317    0.110925 ^ clkbuf_2_2__f_CLK/A (sky130_fd_sc_hd__clkbuf_16)
    11    0.101810    0.090484    0.140666    0.251591 ^ clkbuf_2_2__f_CLK/X (sky130_fd_sc_hd__clkbuf_16)
                                                         clknet_2_2__leaf_CLK (net)
                      0.090743    0.003891    0.255483 ^ clkbuf_leaf_9_CLK/A (sky130_fd_sc_hd__clkbuf_8)
    11    0.034417    0.054850    0.117900    0.373382 ^ clkbuf_leaf_9_CLK/X (sky130_fd_sc_hd__clkbuf_8)
                                                         clknet_leaf_9_CLK (net)
                      0.054867    0.000900    0.374282 ^ _5127_/CLK (sky130_fd_sc_hd__dfxtp_4)
    18    0.152597    0.321570    0.417398    0.791680 ^ _5127_/Q (sky130_fd_sc_hd__dfxtp_4)
                                                         _0008_ (net)
                      0.321620    0.003417    0.795097 ^ max_cap183/A (sky130_fd_sc_hd__buf_12)
    24    0.215682    0.188937    0.186449    0.981546 ^ max_cap183/X (sky130_fd_sc_hd__buf_12)
                                                         net183 (net)
                      0.189529    0.008865    0.990411 ^ max_cap182/A (sky130_fd_sc_hd__buf_12)
    24    0.216388    0.188949    0.183360    1.173771 ^ max_cap182/X (sky130_fd_sc_hd__buf_12)
                                                         net182 (net)
                      0.196320    0.029357    1.203128 ^ _2578_/S0 (sky130_fd_sc_hd__mux4_2)
     1    0.003949    0.059709    0.304757    1.507885 v _2578_/X (sky130_fd_sc_hd__mux4_2)
                                                         _0508_ (net)
                      0.059709    0.000126    1.508011 v _2579_/B (sky130_fd_sc_hd__or2_2)
     2    0.007552    0.046076    0.178900    1.686911 v _2579_/X (sky130_fd_sc_hd__or2_2)
                                                         _0509_ (net)
                      0.046076    0.000139    1.687050 v _2586_/A1 (sky130_fd_sc_hd__a22o_2)
     8    0.056907    0.108550    0.208699    1.895749 v _2586_/X (sky130_fd_sc_hd__a22o_2)
                                                         _0516_ (net)
                      0.108582    0.001878    1.897627 v _2587_/B (sky130_fd_sc_hd__and2_2)
     4    0.014357    0.045116    0.171439    2.069067 v _2587_/X (sky130_fd_sc_hd__and2_2)
                                                         _0517_ (net)
                      0.045117    0.000221    2.069288 v _2589_/A (sky130_fd_sc_hd__nor2_2)
     9    0.048600    0.377699    0.307965    2.377252 ^ _2589_/Y (sky130_fd_sc_hd__nor2_2)
                                                         _0519_ (net)
                      0.377711    0.001837    2.379089 ^ _2615_/A1 (sky130_fd_sc_hd__a21o_2)
     2    0.015831    0.067961    0.126170    2.505259 ^ _2615_/X (sky130_fd_sc_hd__a21o_2)
                                                         _0545_ (net)
                      0.067964    0.000521    2.505780 ^ _2621_/A1 (sky130_fd_sc_hd__a21bo_2)
     3    0.022380    0.096726    0.132103    2.637883 ^ _2621_/X (sky130_fd_sc_hd__a21bo_2)
                                                         _0551_ (net)
                      0.096741    0.001210    2.639093 ^ _2626_/A2 (sky130_fd_sc_hd__a31o_2)
     3    0.019118    0.091136    0.144424    2.783517 ^ _2626_/X (sky130_fd_sc_hd__a31o_2)
                                                         _0556_ (net)
                      0.091138    0.000653    2.784170 ^ _2631_/A1 (sky130_fd_sc_hd__a31o_2)
     4    0.043162    0.188021    0.206887    2.991057 ^ _2631_/X (sky130_fd_sc_hd__a31o_2)
                                                         _0561_ (net)
                      0.188057    0.002129    2.993186 ^ _2684_/D_N (sky130_fd_sc_hd__or4b_2)
     3    0.014898    0.096480    0.372645    3.365831 v _2684_/X (sky130_fd_sc_hd__or4b_2)
                                                         _0614_ (net)
                      0.096480    0.000743    3.366574 v _2690_/A1 (sky130_fd_sc_hd__a21o_2)
     4    0.014804    0.045425    0.164160    3.530734 v _2690_/X (sky130_fd_sc_hd__a21o_2)
                                                         _0620_ (net)
                      0.045432    0.000525    3.531259 v _2694_/A3 (sky130_fd_sc_hd__a311o_2)
     4    0.016852    0.065137    0.274725    3.805984 v _2694_/X (sky130_fd_sc_hd__a311o_2)
                                                         _0624_ (net)
                      0.065139    0.000419    3.806403 v _2696_/A2 (sky130_fd_sc_hd__a21bo_2)
     5    0.021139    0.054711    0.179654    3.986057 v _2696_/X (sky130_fd_sc_hd__a21bo_2)
                                                         _0626_ (net)
                      0.054745    0.001254    3.987311 v _2704_/C (sky130_fd_sc_hd__and3_2)
     2    0.018426    0.052711    0.169187    4.156498 v _2704_/X (sky130_fd_sc_hd__and3_2)
                                                         _0628_ (net)
                      0.052712    0.000391    4.156889 v _2705_/B (sky130_fd_sc_hd__and2_2)
     1    0.002973    0.026740    0.121563    4.278452 v _2705_/X (sky130_fd_sc_hd__and2_2)
                                                         net53 (net)
                      0.026740    0.000089    4.278541 v output53/A (sky130_fd_sc_hd__clkdlybuf4s25_1)
     1    0.051853    0.261003    0.338288    4.616829 v output53/X (sky130_fd_sc_hd__clkdlybuf4s25_1)
                                                         DEVICES_STRW (net)
                      0.261010    0.001510    4.618339 v DEVICES_STRW (out)
                                              4.618339   data arrival time

                                 26.000000   26.000000   clock CLK (rise edge)
                                  0.000000   26.000000   clock network delay (propagated)
                                  0.000000   26.000000   clock reconvergence pessimism
                                 -5.000000   20.999998   output external delay
                                             20.999998   data required time
---------------------------------------------------------------------------------------------
                                             20.999998   data required time
                                             -4.618339   data arrival time
---------------------------------------------------------------------------------------------
                                             16.381659   slack (MET)




===========================================================================
report_checks --slack_max -0.01
============================================================================
======================= nom_ff_n40C_1v95 Corner ===================================

No paths found.


===========================================================================
 report_check_types -max_slew -max_cap -max_fanout -violators
============================================================================
======================= nom_ff_n40C_1v95 Corner ===================================



===========================================================================
report_parasitic_annotation -report_unannotated
============================================================================
Found 34 unannotated drivers.
 clkload0/X
 clkload1/Y
 clkload10/X
 clkload11/X
 clkload12/Y
 clkload13/Y
 clkload14/Y
 clkload15/Y
 clkload16/Y
 clkload17/X
 clkload18/Y
 clkload19/Y
 clkload2/Y
 clkload20/Y
 clkload21/Y
 clkload22/Y
 clkload23/X
 clkload24/X
 clkload25/X
 clkload26/Y
 clkload27/Y
 clkload28/X
 clkload29/X
 clkload3/Y
 clkload30/X
 clkload31/X
 clkload32/X
 clkload33/Y
 clkload4/X
 clkload5/X
 clkload6/X
 clkload7/X
 clkload8/X
 clkload9/X
Found 0 partially unannotated drivers.

===========================================================================
max slew violation count 0
max fanout violation count 0
max cap violation count 0
============================================================================

===========================================================================
check_setup -verbose -unconstrained_endpoints -multiple_clock -no_clock -no_input_delay -loops -generated_clocks
===========================================================================
