Clock: CLK
Sources: CLK 
Generated: no
Virtual: yes
Propagated: no
Period: 26.000000

===========================================================================
report_clock_properties
============================================================================
Clock                   Period          Waveform
----------------------------------------------------
CLK                  26.000000    0.000000 13.000000

===========================================================================
report_clock_latency
============================================================================
Clock CLK
rise -> rise
    min     max
0.000000 0.000000 source latency
0.360979         network latency _5219_/CLK
        0.395579 network latency _5021_/CLK
---------------
0.360979 0.395579 latency
        0.034599 skew

fall -> fall
    min     max
0.000000 0.000000 source latency
0.360035         network latency _5227_/CLK
        0.385616 network latency _5021_/CLK
---------------
0.360035 0.385616 latency
        0.025581 skew



===========================================================================
report_clock_min_period
============================================================================
CLK period_min = 4.10 fmax = 243.69
