Clock: CLK
Sources: CLK 
Generated: no
Virtual: yes
Propagated: no
Period: 25.000000

===========================================================================
report_clock_properties
============================================================================
Clock                   Period          Waveform
----------------------------------------------------
CLK                  25.000000    0.000000 12.500000

===========================================================================
report_clock_latency
============================================================================
Clock CLK
rise -> rise
    min     max
0.000000 0.000000 source latency
1.317801         network latency _5004_/CLK
        1.350960 network latency _5170_/CLK
---------------
1.317801 1.350960 latency
        0.033159 skew

fall -> fall
    min     max
0.000000 0.000000 source latency
1.166619         network latency _5004_/CLK
        1.192535 network latency _5170_/CLK
---------------
1.166619 1.192535 latency
        0.025916 skew



===========================================================================
report_clock_min_period
============================================================================
CLK period_min = 18.41 fmax = 54.31
