Clock: CLK
Sources: CLK 
Generated: no
Virtual: yes
Propagated: no
Period: 26.000000

===========================================================================
report_clock_properties
============================================================================
Clock                   Period          Waveform
----------------------------------------------------
CLK                  26.000000    0.000000 13.000000

===========================================================================
report_clock_latency
============================================================================
Clock CLK
rise -> rise
    min     max
0.000000 0.000000 source latency
0.869438         network latency _5219_/CLK
        0.950130 network latency _5021_/CLK
---------------
0.869438 0.950130 latency
        0.080693 skew

fall -> fall
    min     max
0.000000 0.000000 source latency
0.884467         network latency _5219_/CLK
        0.943602 network latency _5021_/CLK
---------------
0.884467 0.943602 latency
        0.059135 skew



===========================================================================
report_clock_min_period
============================================================================
CLK period_min = 14.20 fmax = 70.44
