Clock: CLK
Sources: CLK 
Generated: no
Virtual: yes
Propagated: no
Period: 250.000000

===========================================================================
report_clock_properties
============================================================================
Clock                   Period          Waveform
----------------------------------------------------
CLK                 250.000000    0.000000125.000000

===========================================================================
report_clock_latency
============================================================================
Clock CLK
rise -> rise
    min     max
0.000000 0.000000 source latency
1.362917         network latency _5004_/CLK
        1.399708 network latency _5170_/CLK
---------------
1.362917 1.399708 latency
        0.036790 skew

fall -> fall
    min     max
0.000000 0.000000 source latency
1.199098         network latency _5004_/CLK
        1.226937 network latency _5170_/CLK
---------------
1.199098 1.226937 latency
        0.027839 skew



===========================================================================
report_clock_min_period
============================================================================
CLK period_min = 19.11 fmax = 52.33
