
===========================================================================
report_checks -unconstrained
===========================================================================
======================= nom_ss_100C_1v60 Corner ===================================

Startpoint: _5123_ (rising edge-triggered flip-flop clocked by CLK)
Endpoint: _5219_ (rising edge-triggered flip-flop clocked by CLK)
Path Group: CLK
Path Type: max

Fanout         Cap        Slew       Delay        Time   Description
---------------------------------------------------------------------------------------------
                                  0.000000    0.000000   clock CLK (rise edge)
                                  0.000000    0.000000   clock source latency
     1    0.050007    0.000000    0.000000    0.000000 ^ CLK (in)
                                                         CLK (net)
                      0.005106    0.002553    0.002553 ^ clkbuf_0_CLK/A (sky130_fd_sc_hd__clkbuf_16)
     4    0.074801    0.140636    0.258572    0.261125 ^ clkbuf_0_CLK/X (sky130_fd_sc_hd__clkbuf_16)
                                                         clknet_0_CLK (net)
                      0.140851    0.003567    0.264692 ^ clkbuf_2_0__f_CLK/A (sky130_fd_sc_hd__clkbuf_16)
    14    0.128137    0.216192    0.377709    0.642401 ^ clkbuf_2_0__f_CLK/X (sky130_fd_sc_hd__clkbuf_16)
                                                         clknet_2_0__leaf_CLK (net)
                      0.216219    0.002527    0.644928 ^ clkbuf_leaf_3_CLK/A (sky130_fd_sc_hd__clkbuf_8)
    11    0.027377    0.101302    0.319782    0.964710 ^ clkbuf_leaf_3_CLK/X (sky130_fd_sc_hd__clkbuf_8)
                                                         clknet_leaf_3_CLK (net)
                      0.101302    0.000532    0.965242 ^ _5123_/CLK (sky130_fd_sc_hd__dfxtp_4)
    31    0.245941    1.072695    1.440441    2.405683 ^ _5123_/Q (sky130_fd_sc_hd__dfxtp_4)
                                                         _0008_ (net)
                      1.073353    0.016531    2.422215 ^ max_cap147/A (sky130_fd_sc_hd__buf_12)
    34    0.272640    0.482542    0.757341    3.179555 ^ max_cap147/X (sky130_fd_sc_hd__buf_12)
                                                         net147 (net)
                      0.489423    0.046311    3.225867 ^ _2569_/S0 (sky130_fd_sc_hd__mux4_2)
     1    0.004891    0.160030    1.258095    4.483962 v _2569_/X (sky130_fd_sc_hd__mux4_2)
                                                         _0444_ (net)
                      0.160030    0.000182    4.484144 v _2570_/A1 (sky130_fd_sc_hd__mux2_1)
     2    0.014429    0.212664    0.825234    5.309378 v _2570_/X (sky130_fd_sc_hd__mux2_1)
                                                         _0445_ (net)
                      0.212664    0.000755    5.310133 v _2571_/B1 (sky130_fd_sc_hd__a22oi_2)
    16    0.103634    1.932630    1.528495    6.838627 ^ _2571_/Y (sky130_fd_sc_hd__a22oi_2)
                                                         _0446_ (net)
                      1.932687    0.008937    6.847565 ^ _2610_/B (sky130_fd_sc_hd__or2_2)
     2    0.010084    0.134837    0.748646    7.596210 ^ _2610_/X (sky130_fd_sc_hd__or2_2)
                                                         _0485_ (net)
                      0.134837    0.000115    7.596325 ^ _3931_/C1 (sky130_fd_sc_hd__o211ai_2)
     3    0.012769    0.260549    0.260111    7.856437 v _3931_/Y (sky130_fd_sc_hd__o211ai_2)
                                                         _1435_ (net)
                      0.260549    0.000274    7.856711 v _3935_/A4 (sky130_fd_sc_hd__a41o_2)
     3    0.015739    0.128732    0.643751    8.500462 v _3935_/X (sky130_fd_sc_hd__a41o_2)
                                                         _1439_ (net)
                      0.128735    0.000698    8.501160 v _3941_/A2 (sky130_fd_sc_hd__o31a_2)
     3    0.036840    0.230980    0.816665    9.317825 v _3941_/X (sky130_fd_sc_hd__o31a_2)
                                                         _1445_ (net)
                      0.231062    0.004160    9.321985 v _3942_/B2 (sky130_fd_sc_hd__a221oi_2)
     4    0.024145    0.813389    0.848964   10.170949 ^ _3942_/Y (sky130_fd_sc_hd__a221oi_2)
                                                         _1446_ (net)
                      0.813389    0.000665   10.171614 ^ _4292_/B (sky130_fd_sc_hd__nor2_2)
     2    0.005250    0.144126    0.229567   10.401181 v _4292_/Y (sky130_fd_sc_hd__nor2_2)
                                                         _1785_ (net)
                      0.144126    0.000110   10.401292 v _4311_/C (sky130_fd_sc_hd__or3_2)
     1    0.002600    0.159446    0.978099   11.379390 v _4311_/X (sky130_fd_sc_hd__or3_2)
                                                         _1803_ (net)
                      0.159446    0.000074   11.379464 v _4313_/C (sky130_fd_sc_hd__and4_2)
     1    0.001613    0.068807    0.486611   11.866075 v _4313_/X (sky130_fd_sc_hd__and4_2)
                                                         _1805_ (net)
                      0.068807    0.000030   11.866105 v _4324_/B (sky130_fd_sc_hd__or3b_2)
     1    0.001998    0.153268    0.998273   12.864378 v _4324_/X (sky130_fd_sc_hd__or3b_2)
                                                         _1816_ (net)
                      0.153268    0.000054   12.864432 v _4327_/B1_N (sky130_fd_sc_hd__o21ba_2)
     1    0.011046    0.141223    0.560565   13.424997 ^ _4327_/X (sky130_fd_sc_hd__o21ba_2)
                                                         _1819_ (net)
                      0.141223    0.000533   13.425530 ^ _4328_/B1 (sky130_fd_sc_hd__o21ai_2)
     1    0.002862    0.149757    0.120278   13.545809 v _4328_/Y (sky130_fd_sc_hd__o21ai_2)
                                                         _1820_ (net)
                      0.149757    0.000085   13.545894 v _4329_/B2 (sky130_fd_sc_hd__o221a_2)
     1    0.002702    0.078210    0.461076   14.006969 v _4329_/X (sky130_fd_sc_hd__o221a_2)
                                                         _0371_ (net)
                      0.078210    0.000083   14.007052 v _5219_/D (sky130_fd_sc_hd__dfxtp_2)
                                             14.007052   data arrival time

                                 26.000000   26.000000   clock CLK (rise edge)
                                  0.000000   26.000000   clock source latency
     1    0.050007    0.000000    0.000000   26.000000 ^ CLK (in)
                                                         CLK (net)
                      0.005106    0.002553   26.002552 ^ clkbuf_0_CLK/A (sky130_fd_sc_hd__clkbuf_16)
     4    0.074801    0.140636    0.258572   26.261124 ^ clkbuf_0_CLK/X (sky130_fd_sc_hd__clkbuf_16)
                                                         clknet_0_CLK (net)
                      0.140849    0.003537   26.264660 ^ clkbuf_2_1__f_CLK/A (sky130_fd_sc_hd__clkbuf_16)
    12    0.107317    0.186265    0.353745   26.618406 ^ clkbuf_2_1__f_CLK/X (sky130_fd_sc_hd__clkbuf_16)
                                                         clknet_2_1__leaf_CLK (net)
                      0.186821    0.007278   26.625683 ^ clkbuf_leaf_17_CLK/A (sky130_fd_sc_hd__clkbuf_8)
    11    0.034635    0.116910    0.321450   26.947134 ^ clkbuf_leaf_17_CLK/X (sky130_fd_sc_hd__clkbuf_8)
                                                         clknet_leaf_17_CLK (net)
                      0.116910    0.000449   26.947582 ^ _5219_/CLK (sky130_fd_sc_hd__dfxtp_2)
                                  0.000000   26.947582   clock reconvergence pessimism
                                 -0.265092   26.682491   library setup time
                                             26.682491   data required time
---------------------------------------------------------------------------------------------
                                             26.682491   data required time
                                            -14.007052   data arrival time
---------------------------------------------------------------------------------------------
                                             12.675439   slack (MET)




===========================================================================
report_checks --slack_max -0.01
============================================================================
======================= nom_ss_100C_1v60 Corner ===================================

No paths found.


===========================================================================
 report_check_types -max_slew -max_cap -max_fanout -violators
============================================================================
======================= nom_ss_100C_1v60 Corner ===================================

max slew

Pin                                        Limit        Slew       Slack
------------------------------------------------------------------------
_3971_/A0                               1.500000    1.932781   -0.432781 (VIOLATED)
_4420_/A1                               1.500000    1.932777   -0.432777 (VIOLATED)
_3656_/A1                               1.500000    1.932776   -0.432776 (VIOLATED)
_4096_/A1                               1.500000    1.932774   -0.432774 (VIOLATED)
_4636_/A1                               1.500000    1.932763   -0.432763 (VIOLATED)
_3641_/A1                               1.500000    1.932762   -0.432762 (VIOLATED)
_3968_/A0                               1.500000    1.932748   -0.432748 (VIOLATED)
_4382_/A1                               1.500000    1.932707   -0.432707 (VIOLATED)
_3826_/A                                1.500000    1.932688   -0.432688 (VIOLATED)
_2611_/B                                1.500000    1.932687   -0.432687 (VIOLATED)
_3825_/A                                1.500000    1.932687   -0.432687 (VIOLATED)
_2610_/B                                1.500000    1.932687   -0.432687 (VIOLATED)
_4530_/A1                               1.500000    1.932685   -0.432685 (VIOLATED)
_4552_/B1                               1.500000    1.932676   -0.432676 (VIOLATED)
_4493_/A                                1.500000    1.932644   -0.432645 (VIOLATED)
_4446_/A                                1.500000    1.932641   -0.432641 (VIOLATED)
_4002_/Y                                1.496266    1.861538   -0.365272 (VIOLATED)
_4321_/B1                               1.500000    1.861559   -0.361559 (VIOLATED)
_4300_/B1                               1.500000    1.861558   -0.361558 (VIOLATED)
_4348_/B1                               1.500000    1.861556   -0.361556 (VIOLATED)
_4210_/B1                               1.500000    1.861553   -0.361553 (VIOLATED)
_4273_/B1                               1.500000    1.861553   -0.361553 (VIOLATED)
_4372_/A2                               1.500000    1.861552   -0.361552 (VIOLATED)
_4256_/B1                               1.500000    1.861549   -0.361550 (VIOLATED)
_4513_/B1                               1.500000    1.861547   -0.361547 (VIOLATED)
_4574_/C1                               1.500000    1.861547   -0.361547 (VIOLATED)
_4084_/A2_N                             1.500000    1.861543   -0.361543 (VIOLATED)
_4135_/B1                               1.500000    1.861542   -0.361542 (VIOLATED)
_4158_/B1                               1.500000    1.861543   -0.361543 (VIOLATED)
_4101_/B1                               1.500000    1.861541   -0.361541 (VIOLATED)
_4044_/A1                               1.500000    1.850791   -0.350791 (VIOLATED)
_4420_/A0                               1.500000    1.850789   -0.350790 (VIOLATED)
_4067_/A                                1.500000    1.850789   -0.350789 (VIOLATED)
_3973_/A1                               1.500000    1.850780   -0.350780 (VIOLATED)
_3641_/A0                               1.500000    1.850778   -0.350778 (VIOLATED)
_3656_/A0                               1.500000    1.850777   -0.350777 (VIOLATED)
_4585_/A1                               1.500000    1.850774   -0.350774 (VIOLATED)
_3966_/A                                1.500000    1.850745   -0.350745 (VIOLATED)
_4381_/B1                               1.500000    1.850735   -0.350735 (VIOLATED)
_4478_/A2                               1.500000    1.850723   -0.350723 (VIOLATED)
_3929_/B                                1.500000    1.850721   -0.350721 (VIOLATED)
_3891_/A                                1.500000    1.850721   -0.350721 (VIOLATED)
_4552_/C1                               1.500000    1.850717   -0.350717 (VIOLATED)
_4530_/A2                               1.500000    1.850716   -0.350716 (VIOLATED)
_3208_/Y                                1.496266    1.818966   -0.322700 (VIOLATED)
_3209_/B1                               1.500000    1.819026   -0.319026 (VIOLATED)
_3214_/B1                               1.500000    1.819024   -0.319024 (VIOLATED)
_3211_/B1                               1.500000    1.819024   -0.319024 (VIOLATED)
_3212_/B1                               1.500000    1.819023   -0.319023 (VIOLATED)
_3213_/B1                               1.500000    1.819010   -0.319011 (VIOLATED)
_3220_/B1                               1.500000    1.819000   -0.319000 (VIOLATED)
_3218_/B1                               1.500000    1.818986   -0.318986 (VIOLATED)
_3216_/B1                               1.500000    1.818981   -0.318982 (VIOLATED)
_3219_/B1                               1.500000    1.818980   -0.318980 (VIOLATED)
_3210_/B1                               1.500000    1.818979   -0.318979 (VIOLATED)
_3221_/B1                               1.500000    1.818978   -0.318979 (VIOLATED)
_3215_/B1                               1.500000    1.818975   -0.318975 (VIOLATED)
_3223_/B1                               1.500000    1.818969   -0.318970 (VIOLATED)
_3217_/B1                               1.500000    1.818966   -0.318966 (VIOLATED)
_3222_/B1                               1.500000    1.818966   -0.318966 (VIOLATED)
_3224_/B1                               1.500000    1.818966   -0.318966 (VIOLATED)
_3043_/Y                                1.496266    1.776442   -0.280176 (VIOLATED)
_3046_/B1                               1.500000    1.776492   -0.276492 (VIOLATED)
_3044_/B1                               1.500000    1.776491   -0.276491 (VIOLATED)
_3049_/B1                               1.500000    1.776490   -0.276491 (VIOLATED)
_3047_/B1                               1.500000    1.776490   -0.276490 (VIOLATED)
_3048_/B1                               1.500000    1.776487   -0.276487 (VIOLATED)
_3055_/B1                               1.500000    1.776486   -0.276486 (VIOLATED)
_3053_/B1                               1.500000    1.776484   -0.276484 (VIOLATED)
_3051_/B1                               1.500000    1.776469   -0.276469 (VIOLATED)
_3045_/B1                               1.500000    1.776464   -0.276464 (VIOLATED)
_3054_/B1                               1.500000    1.776462   -0.276462 (VIOLATED)
_3056_/B1                               1.500000    1.776458   -0.276458 (VIOLATED)
_3050_/B1                               1.500000    1.776456   -0.276456 (VIOLATED)
_3057_/B1                               1.500000    1.776450   -0.276450 (VIOLATED)
_3059_/B1                               1.500000    1.776450   -0.276450 (VIOLATED)
_3052_/B1                               1.500000    1.776446   -0.276446 (VIOLATED)
_3058_/B1                               1.500000    1.776442   -0.276442 (VIOLATED)
_3061_/Y                                1.496266    1.750325   -0.254059 (VIOLATED)
_3099_/Y                                1.496266    1.748949   -0.252683 (VIOLATED)
_3062_/B1                               1.500000    1.750378   -0.250378 (VIOLATED)
_3067_/B1                               1.500000    1.750377   -0.250377 (VIOLATED)
_3064_/B1                               1.500000    1.750377   -0.250377 (VIOLATED)
_3065_/B1                               1.500000    1.750376   -0.250376 (VIOLATED)
_3066_/B1                               1.500000    1.750373   -0.250373 (VIOLATED)
_3073_/B1                               1.500000    1.750370   -0.250370 (VIOLATED)
_3071_/B1                               1.500000    1.750357   -0.250357 (VIOLATED)
_3069_/B1                               1.500000    1.750353   -0.250353 (VIOLATED)
_3063_/B1                               1.500000    1.750343   -0.250343 (VIOLATED)
_3072_/B1                               1.500000    1.750342   -0.250342 (VIOLATED)
_3074_/B1                               1.500000    1.750338   -0.250338 (VIOLATED)
_3068_/B1                               1.500000    1.750337   -0.250337 (VIOLATED)
_3075_/B1                               1.500000    1.750332   -0.250332 (VIOLATED)
_3077_/B1                               1.500000    1.750332   -0.250332 (VIOLATED)
_3070_/B1                               1.500000    1.750329   -0.250329 (VIOLATED)
_3076_/B1                               1.500000    1.750325   -0.250325 (VIOLATED)
_3102_/B1                               1.500000    1.748988   -0.248988 (VIOLATED)
_3100_/B1                               1.500000    1.748987   -0.248987 (VIOLATED)
_3103_/B1                               1.500000    1.748985   -0.248985 (VIOLATED)
_3105_/B1                               1.500000    1.748985   -0.248985 (VIOLATED)
_3104_/B1                               1.500000    1.748981   -0.248981 (VIOLATED)
_3111_/B1                               1.500000    1.748977   -0.248977 (VIOLATED)
_3107_/B1                               1.500000    1.748975   -0.248975 (VIOLATED)
_3109_/B1                               1.500000    1.748966   -0.248967 (VIOLATED)
_3110_/B1                               1.500000    1.748956   -0.248956 (VIOLATED)
_3101_/B1                               1.500000    1.748953   -0.248953 (VIOLATED)
_3106_/B1                               1.500000    1.748952   -0.248952 (VIOLATED)
_3112_/B1                               1.500000    1.748952   -0.248952 (VIOLATED)
_3115_/B1                               1.500000    1.748952   -0.248952 (VIOLATED)
_3108_/B1                               1.500000    1.748949   -0.248949 (VIOLATED)
_3113_/B1                               1.500000    1.748949   -0.248949 (VIOLATED)
_3114_/B1                               1.500000    1.748949   -0.248949 (VIOLATED)
_3136_/Y                                1.496266    1.726552   -0.230286 (VIOLATED)
_3139_/B1                               1.500000    1.726748   -0.226748 (VIOLATED)
_3142_/B1                               1.500000    1.726749   -0.226749 (VIOLATED)
_3140_/B1                               1.500000    1.726748   -0.226748 (VIOLATED)
_3137_/B1                               1.500000    1.726741   -0.226741 (VIOLATED)
_3146_/B1                               1.500000    1.726735   -0.226735 (VIOLATED)
_3141_/B1                               1.500000    1.726731   -0.226731 (VIOLATED)
_3148_/B1                               1.500000    1.726723   -0.226723 (VIOLATED)
_3144_/B1                               1.500000    1.726715   -0.226715 (VIOLATED)
_3147_/B1                               1.500000    1.726679   -0.226679 (VIOLATED)
_3138_/B1                               1.500000    1.726648   -0.226648 (VIOLATED)
_3143_/B1                               1.500000    1.726618   -0.226618 (VIOLATED)
_3149_/B1                               1.500000    1.726591   -0.226591 (VIOLATED)
_3152_/B1                               1.500000    1.726583   -0.226583 (VIOLATED)
_3145_/B1                               1.500000    1.726564   -0.226564 (VIOLATED)
_3150_/B1                               1.500000    1.726558   -0.226558 (VIOLATED)
_3151_/B1                               1.500000    1.726552   -0.226552 (VIOLATED)
_3024_/Y                                1.496266    1.691162   -0.194896 (VIOLATED)
_3027_/B1                               1.500000    1.691265   -0.191265 (VIOLATED)
_3028_/B1                               1.500000    1.691265   -0.191265 (VIOLATED)
_3030_/B1                               1.500000    1.691263   -0.191263 (VIOLATED)
_3025_/B1                               1.500000    1.691261   -0.191261 (VIOLATED)
_3029_/B1                               1.500000    1.691248   -0.191248 (VIOLATED)
_3036_/B1                               1.500000    1.691241   -0.191241 (VIOLATED)
_3034_/B1                               1.500000    1.691229   -0.191229 (VIOLATED)
_3032_/B1                               1.500000    1.691211   -0.191211 (VIOLATED)
_3035_/B1                               1.500000    1.691194   -0.191194 (VIOLATED)
_3037_/B1                               1.500000    1.691186   -0.191186 (VIOLATED)
_3038_/B1                               1.500000    1.691181   -0.191181 (VIOLATED)
_3040_/B1                               1.500000    1.691181   -0.191181 (VIOLATED)
_3031_/B1                               1.500000    1.691181   -0.191181 (VIOLATED)
_3026_/B1                               1.500000    1.691169   -0.191169 (VIOLATED)
_3033_/B1                               1.500000    1.691162   -0.191162 (VIOLATED)
_3039_/B1                               1.500000    1.691162   -0.191162 (VIOLATED)
_2987_/Y                                1.496266    1.677364   -0.181098 (VIOLATED)
_2990_/B1                               1.500000    1.677482   -0.177482 (VIOLATED)
_2991_/B1                               1.500000    1.677481   -0.177481 (VIOLATED)
_2993_/B1                               1.500000    1.677479   -0.177479 (VIOLATED)
_2988_/B1                               1.500000    1.677474   -0.177474 (VIOLATED)
_2992_/B1                               1.500000    1.677468   -0.177468 (VIOLATED)
_2997_/B1                               1.500000    1.677465   -0.177465 (VIOLATED)
_2999_/B1                               1.500000    1.677453   -0.177453 (VIOLATED)
_2995_/B1                               1.500000    1.677425   -0.177425 (VIOLATED)
_2998_/B1                               1.500000    1.677419   -0.177419 (VIOLATED)
_2989_/B1                               1.500000    1.677418   -0.177418 (VIOLATED)
_3000_/B1                               1.500000    1.677397   -0.177397 (VIOLATED)
_2994_/B1                               1.500000    1.677381   -0.177381 (VIOLATED)
_3001_/B1                               1.500000    1.677373   -0.177373 (VIOLATED)
_3003_/B1                               1.500000    1.677371   -0.177371 (VIOLATED)
_2996_/B1                               1.500000    1.677364   -0.177364 (VIOLATED)
_3002_/B1                               1.500000    1.677364   -0.177364 (VIOLATED)
_2968_/Y                                1.496266    1.665146   -0.168880 (VIOLATED)
_2971_/B1                               1.500000    1.665185   -0.165185 (VIOLATED)
_2972_/B1                               1.500000    1.665184   -0.165184 (VIOLATED)
_2974_/B1                               1.500000    1.665183   -0.165183 (VIOLATED)
_2969_/B1                               1.500000    1.665182   -0.165182 (VIOLATED)
_2973_/B1                               1.500000    1.665179   -0.165180 (VIOLATED)
_2980_/B1                               1.500000    1.665179   -0.165179 (VIOLATED)
_2978_/B1                               1.500000    1.665175   -0.165175 (VIOLATED)
_2976_/B1                               1.500000    1.665173   -0.165173 (VIOLATED)
_2979_/B1                               1.500000    1.665170   -0.165170 (VIOLATED)
_2981_/B1                               1.500000    1.665164   -0.165164 (VIOLATED)
_2983_/B1                               1.500000    1.665164   -0.165164 (VIOLATED)
_2977_/B1                               1.500000    1.665163   -0.165163 (VIOLATED)
_2982_/B1                               1.500000    1.665162   -0.165162 (VIOLATED)
_2984_/B1                               1.500000    1.665161   -0.165161 (VIOLATED)
_2975_/B1                               1.500000    1.665160   -0.165160 (VIOLATED)
_2970_/B1                               1.500000    1.665149   -0.165149 (VIOLATED)
_3006_/Y                                1.496266    1.606976   -0.110710 (VIOLATED)
_3009_/B1                               1.500000    1.607122   -0.107122 (VIOLATED)
_3010_/B1                               1.500000    1.607122   -0.107122 (VIOLATED)
_3012_/B1                               1.500000    1.607118   -0.107118 (VIOLATED)
_3007_/B1                               1.500000    1.607112   -0.107112 (VIOLATED)
_3011_/B1                               1.500000    1.607099   -0.107099 (VIOLATED)
_3018_/B1                               1.500000    1.607089   -0.107089 (VIOLATED)
_3016_/B1                               1.500000    1.607074   -0.107074 (VIOLATED)
_3014_/B1                               1.500000    1.607052   -0.107052 (VIOLATED)
_3008_/B1                               1.500000    1.607040   -0.107040 (VIOLATED)
_3017_/B1                               1.500000    1.607040   -0.107040 (VIOLATED)
_3019_/B1                               1.500000    1.607039   -0.107039 (VIOLATED)
_3013_/B1                               1.500000    1.607026   -0.107026 (VIOLATED)
_3022_/B1                               1.500000    1.607011   -0.107011 (VIOLATED)
_3020_/B1                               1.500000    1.606997   -0.106997 (VIOLATED)
_3015_/B1                               1.500000    1.606988   -0.106988 (VIOLATED)
_3021_/B1                               1.500000    1.606982   -0.106982 (VIOLATED)
_2885_/A                                1.500000    1.526929   -0.026929 (VIOLATED)
_2874_/A                                1.500000    1.526924   -0.026924 (VIOLATED)
_2877_/A                                1.500000    1.526915   -0.026915 (VIOLATED)
_2866_/A                                1.500000    1.526896   -0.026896 (VIOLATED)
_2880_/A                                1.500000    1.526878   -0.026878 (VIOLATED)
_2871_/A                                1.500000    1.526855   -0.026855 (VIOLATED)
_2883_/A                                1.500000    1.526851   -0.026852 (VIOLATED)
_2869_/A                                1.500000    1.526824   -0.026824 (VIOLATED)
_2888_/B1                               1.500000    1.526801   -0.026801 (VIOLATED)
_2691_/A_N                              1.500000    1.526792   -0.026792 (VIOLATED)
_2696_/A                                1.500000    1.526783   -0.026783 (VIOLATED)
_2887_/B                                1.500000    1.526729   -0.026729 (VIOLATED)
_2454_/A_N                              1.500000    1.526555   -0.026555 (VIOLATED)
_2856_/A                                1.500000    1.526533   -0.026533 (VIOLATED)
_2854_/A_N                              1.500000    1.526532   -0.026532 (VIOLATED)
_2860_/A                                1.500000    1.526532   -0.026532 (VIOLATED)
_2858_/A                                1.500000    1.526531   -0.026532 (VIOLATED)
_2862_/A                                1.500000    1.526525   -0.026525 (VIOLATED)
_2702_/A1                               1.500000    1.526446   -0.026447 (VIOLATED)
_2466_/A_N                              1.500000    1.526438   -0.026438 (VIOLATED)
_2707_/B1                               1.500000    1.526433   -0.026433 (VIOLATED)
_2864_/A                                1.500000    1.526422   -0.026422 (VIOLATED)
_2448_/X                                1.500687    1.526398   -0.025711 (VIOLATED)
_3895_/B1                               1.500000    1.501007   -0.001007 (VIOLATED)
_3924_/B                                1.500000    1.501000   -0.001000 (VIOLATED)
_4422_/A1                               1.500000    1.500982   -0.000982 (VIOLATED)
_4520_/A0                               1.500000    1.500981   -0.000981 (VIOLATED)
_4675_/A1                               1.500000    1.500975   -0.000975 (VIOLATED)
_3647_/A1                               1.500000    1.500971   -0.000971 (VIOLATED)
_3960_/A0                               1.500000    1.500966   -0.000966 (VIOLATED)
_4474_/A2                               1.500000    1.500950   -0.000950 (VIOLATED)

max capacitance

Pin                                        Limit         Cap       Slack
------------------------------------------------------------------------
_4002_/Y                                0.086070    0.108800   -0.022730 (VIOLATED)
_3208_/Y                                0.086070    0.106195   -0.020125 (VIOLATED)
_3043_/Y                                0.086070    0.103616   -0.017546 (VIOLATED)
_3061_/Y                                0.086070    0.101915   -0.015845 (VIOLATED)
_3099_/Y                                0.086070    0.101842   -0.015772 (VIOLATED)
_3136_/Y                                0.086070    0.100243   -0.014173 (VIOLATED)
_3024_/Y                                0.086070    0.098209   -0.012139 (VIOLATED)
_2987_/Y                                0.086070    0.097373   -0.011303 (VIOLATED)
_2968_/Y                                0.086070    0.096693   -0.010623 (VIOLATED)
_3006_/Y                                0.086070    0.093157   -0.007087 (VIOLATED)
_2448_/X                                0.174876    0.179439   -0.004563 (VIOLATED)
_2446_/X                                0.174876    0.175596   -0.000720 (VIOLATED)



===========================================================================
report_parasitic_annotation -report_unannotated
============================================================================
Found 37 unannotated drivers.
 clkload0/Y
 clkload1/Y
 clkload10/X
 clkload11/X
 clkload12/X
 clkload13/X
 clkload14/X
 clkload15/X
 clkload16/X
 clkload17/Y
 clkload18/X
 clkload19/X
 clkload2/Y
 clkload20/X
 clkload21/Y
 clkload22/Y
 clkload23/X
 clkload24/Y
 clkload25/Y
 clkload26/Y
 clkload27/X
 clkload28/X
 clkload29/Y
 clkload3/X
 clkload30/Y
 clkload31/X
 clkload32/X
 clkload33/X
 clkload34/Y
 clkload35/X
 clkload36/X
 clkload4/X
 clkload5/X
 clkload6/X
 clkload7/X
 clkload8/X
 clkload9/X
Found 0 partially unannotated drivers.

===========================================================================
max slew violation count 228
max fanout violation count 0
max cap violation count 12
============================================================================

===========================================================================
check_setup -verbose -unconstrained_endpoints -multiple_clock -no_clock -no_input_delay -loops -generated_clocks
===========================================================================
Warning: There are 49 input ports missing set_input_delay.
  INSTR_STREAM[0]
  INSTR_STREAM[10]
  INSTR_STREAM[11]
  INSTR_STREAM[12]
  INSTR_STREAM[13]
  INSTR_STREAM[14]
  INSTR_STREAM[15]
  INSTR_STREAM[16]
  INSTR_STREAM[17]
  INSTR_STREAM[18]
  INSTR_STREAM[19]
  INSTR_STREAM[1]
  INSTR_STREAM[20]
  INSTR_STREAM[21]
  INSTR_STREAM[22]
  INSTR_STREAM[23]
  INSTR_STREAM[24]
  INSTR_STREAM[25]
  INSTR_STREAM[26]
  INSTR_STREAM[27]
  INSTR_STREAM[28]
  INSTR_STREAM[29]
  INSTR_STREAM[2]
  INSTR_STREAM[30]
  INSTR_STREAM[31]
  INSTR_STREAM[3]
  INSTR_STREAM[4]
  INSTR_STREAM[5]
  INSTR_STREAM[6]
  INSTR_STREAM[7]
  INSTR_STREAM[8]
  INSTR_STREAM[9]
  MEM_LD_DATA[0]
  MEM_LD_DATA[10]
  MEM_LD_DATA[11]
  MEM_LD_DATA[12]
  MEM_LD_DATA[13]
  MEM_LD_DATA[14]
  MEM_LD_DATA[15]
  MEM_LD_DATA[1]
  MEM_LD_DATA[2]
  MEM_LD_DATA[3]
  MEM_LD_DATA[4]
  MEM_LD_DATA[5]
  MEM_LD_DATA[6]
  MEM_LD_DATA[7]
  MEM_LD_DATA[8]
  MEM_LD_DATA[9]
  RESET
Warning: There are 58 unconstrained endpoints.
  DEVICES_LDH
  DEVICES_LDW
  DEVICES_STRH
  DEVICES_STRW
  EX_HALT
  INSTR_ADDR[0]
  INSTR_ADDR[10]
  INSTR_ADDR[11]
  INSTR_ADDR[12]
  INSTR_ADDR[13]
  INSTR_ADDR[14]
  INSTR_ADDR[15]
  INSTR_ADDR[1]
  INSTR_ADDR[2]
  INSTR_ADDR[3]
  INSTR_ADDR[4]
  INSTR_ADDR[5]
  INSTR_ADDR[6]
  INSTR_ADDR[7]
  INSTR_ADDR[8]
  INSTR_ADDR[9]
  INVALID_MEM
  MAIN_LDH
  MAIN_LDW
  MAIN_STRH
  MAIN_STRW
  MEM_ADDR[0]
  MEM_ADDR[10]
  MEM_ADDR[11]
  MEM_ADDR[12]
  MEM_ADDR[13]
  MEM_ADDR[14]
  MEM_ADDR[15]
  MEM_ADDR[1]
  MEM_ADDR[2]
  MEM_ADDR[3]
  MEM_ADDR[4]
  MEM_ADDR[5]
  MEM_ADDR[6]
  MEM_ADDR[7]
  MEM_ADDR[8]
  MEM_ADDR[9]
  MEM_STR_DATA[0]
  MEM_STR_DATA[10]
  MEM_STR_DATA[11]
  MEM_STR_DATA[12]
  MEM_STR_DATA[13]
  MEM_STR_DATA[14]
  MEM_STR_DATA[15]
  MEM_STR_DATA[1]
  MEM_STR_DATA[2]
  MEM_STR_DATA[3]
  MEM_STR_DATA[4]
  MEM_STR_DATA[5]
  MEM_STR_DATA[6]
  MEM_STR_DATA[7]
  MEM_STR_DATA[8]
  MEM_STR_DATA[9]
