Reading timing models for corner nom_tt_025C_1v80…
Reading timing library for the 'nom_tt_025C_1v80' corner at '/root/.ciel/ciel/sky130/versions/8afc8346a57fe1ab7934ba5a6056ea8b43078e71/sky130A/libs.ref/sky130_fd_sc_hd/lib/sky130_fd_sc_hd__tt_025C_1v80.lib'…
Reading OpenROAD database at '/home/Ven/vscode/VRAI/runs/RUN_2026-07-23_11-03-00/48-odb-reportdisconnectedpins/VRAI_SYNC_CORE.odb'…
Reading design constraints file at '/home/Ven/vscode/VRAI/vrai.sdc'…
[INFO] No information on clock propagation in input SDC file-- propagating all clocks.
sky130_fd_sc_hd__decap_3 sky130_fd_sc_hd__fill_2 sky130_fd_sc_hd__fill_1
[INFO DPL-0001] Placed 8292 filler instances.
Setting global connections for newly added cells…
[INFO] Setting global connections...
[INFO ODB-0403] 33168 connections made, 0 conflicts skipped.
Updating metrics…
Cell type report:                       Count       Area
  Fill cell                              8480   28598.68
  Tap cell                                912    1141.09
  Antenna cell                              4      10.01
  Clock buffer                             72     953.41
  Timing Repair Buffer                    149    1644.08
  Inverter                                 76     286.52
  Clock inverter                           12     210.20
  Sequential cell                         397    8459.36
  Multi-Input combinational cell         2372   24089.35
  Total                                 12474   65392.72
Writing OpenROAD database to '/home/Ven/vscode/VRAI/runs/RUN_2026-07-23_11-03-00/52-openroad-fillinsertion/VRAI_SYNC_CORE.odb'…
Writing netlist to '/home/Ven/vscode/VRAI/runs/RUN_2026-07-23_11-03-00/52-openroad-fillinsertion/VRAI_SYNC_CORE.nl.v'…
Writing powered netlist to '/home/Ven/vscode/VRAI/runs/RUN_2026-07-23_11-03-00/52-openroad-fillinsertion/VRAI_SYNC_CORE.pnl.v'…
Writing layout to '/home/Ven/vscode/VRAI/runs/RUN_2026-07-23_11-03-00/52-openroad-fillinsertion/VRAI_SYNC_CORE.def'…
Writing timing constraints to '/home/Ven/vscode/VRAI/runs/RUN_2026-07-23_11-03-00/52-openroad-fillinsertion/VRAI_SYNC_CORE.sdc'…
