Reading timing models for corner nom_tt_025C_1v80…
Reading timing library for the 'nom_tt_025C_1v80' corner at '/root/.ciel/ciel/sky130/versions/8afc8346a57fe1ab7934ba5a6056ea8b43078e71/sky130A/libs.ref/sky130_fd_sc_hd/lib/sky130_fd_sc_hd__tt_025C_1v80.lib'…
Reading OpenROAD database at '/home/Ven/vscode/VRAI/runs/RUN_2026-07-20_09-52-22/32-openroad-repairdesignpostgpl/VRAI_SYNC_CORE.odb'…
Reading design constraints file at '/nix/store/bsc7517ifhyy0s2y84n52j5yvqsybbw9-python3-3.13.9-env/lib/python3.13/site-packages/librelane/scripts/base.sdc'…
[INFO] Using clock CLK…
[INFO] Setting output delay to: 4
[INFO] Setting input delay to: 4
[INFO] Setting load to: 0.033442
[INFO] Setting clock uncertainty to: 0.25
[INFO] Setting clock transition to: 0.1499999999999999944488848768742172978818416595458984375
[INFO] Setting timing derate to: 5%
+ detailed_placement -max_displacement  500 100 
Placement Analysis
---------------------------------
total displacement          0.0 u
average displacement        0.0 u
max displacement            0.0 u
original HPWL          124117.9 u
legalized HPWL         126819.4 u
delta HPWL                    2 %

[INFO DPL-0020] Mirrored 1300 instances
[INFO DPL-0021] HPWL before          126819.4 u
[INFO DPL-0022] HPWL after           124117.9 u
[INFO DPL-0023] HPWL delta               -2.1 %
Setting global connections for newly added cells…
[INFO] Setting global connections...
[INFO ODB-0403] 0 connections made, 0 conflicts skipped.
Updating metrics…
Cell type report:                       Count       Area
  Fill cell                               188     705.68
  Tap cell                                912    1141.09
  Timing Repair Buffer                    530    5033.58
  Inverter                                 76     285.27
  Sequential cell                         397    8444.35
  Multi-Input combinational cell         2372   24073.09
  Total                                  4475   39683.06
Writing OpenROAD database to '/home/Ven/vscode/VRAI/runs/RUN_2026-07-20_09-52-22/34-openroad-detailedplacement/VRAI_SYNC_CORE.odb'…
Writing netlist to '/home/Ven/vscode/VRAI/runs/RUN_2026-07-20_09-52-22/34-openroad-detailedplacement/VRAI_SYNC_CORE.nl.v'…
Writing powered netlist to '/home/Ven/vscode/VRAI/runs/RUN_2026-07-20_09-52-22/34-openroad-detailedplacement/VRAI_SYNC_CORE.pnl.v'…
Writing layout to '/home/Ven/vscode/VRAI/runs/RUN_2026-07-20_09-52-22/34-openroad-detailedplacement/VRAI_SYNC_CORE.def'…
Writing timing constraints to '/home/Ven/vscode/VRAI/runs/RUN_2026-07-20_09-52-22/34-openroad-detailedplacement/VRAI_SYNC_CORE.sdc'…
