
===========================================================================
report_checks -unconstrained
===========================================================================
======================= nom_ff_n40C_1v95 Corner ===================================

Startpoint: _5127_ (rising edge-triggered flip-flop clocked by CLK)
Endpoint: _5221_ (rising edge-triggered flip-flop clocked by CLK)
Path Group: CLK
Path Type: max

Fanout         Cap        Slew       Delay        Time   Description
---------------------------------------------------------------------------------------------
                      0.000000    0.000000    0.000000   clock CLK (rise edge)
                                  0.000000    0.000000   clock network delay (ideal)
                      0.000000    0.000000    0.000000 ^ _5127_/CLK (sky130_fd_sc_hd__dfxtp_2)
    64    0.388032    1.456614    1.164036    1.164036 ^ _5127_/Q (sky130_fd_sc_hd__dfxtp_2)
                                                         _0008_ (net)
                      1.456614    0.000000    1.164036 ^ _2545_/S0 (sky130_fd_sc_hd__mux4_2)
     1    0.001395    0.058870    0.282052    1.446087 v _2545_/X (sky130_fd_sc_hd__mux4_2)
                                                         _0475_ (net)
                      0.058870    0.000000    1.446087 v _2546_/B (sky130_fd_sc_hd__or2_2)
     1    0.002261    0.035328    0.161679    1.607766 v _2546_/X (sky130_fd_sc_hd__or2_2)
                                                         _0476_ (net)
                      0.035328    0.000000    1.607766 v _2551_/A1 (sky130_fd_sc_hd__a22o_2)
    25    0.078604    0.141092    0.233785    1.841551 v _2551_/X (sky130_fd_sc_hd__a22o_2)
                                                         _0481_ (net)
                      0.141092    0.000000    1.841551 v _2554_/B (sky130_fd_sc_hd__or2_2)
     4    0.007737    0.047991    0.209867    2.051417 v _2554_/X (sky130_fd_sc_hd__or2_2)
                                                         _0484_ (net)
                      0.047991    0.000000    2.051417 v _2624_/B (sky130_fd_sc_hd__and2_2)
     4    0.014156    0.046342    0.145983    2.197401 v _2624_/X (sky130_fd_sc_hd__and2_2)
                                                         _0554_ (net)
                      0.046342    0.000000    2.197401 v _3775_/B (sky130_fd_sc_hd__or4_2)
     2    0.003548    0.067659    0.364375    2.561776 v _3775_/X (sky130_fd_sc_hd__or4_2)
                                                         _1335_ (net)
                      0.067659    0.000000    2.561776 v _3832_/A2 (sky130_fd_sc_hd__o31a_2)
     3    0.011486    0.054309    0.226900    2.788676 v _3832_/X (sky130_fd_sc_hd__o31a_2)
                                                         _1391_ (net)
                      0.054309    0.000000    2.788676 v _4109_/A2 (sky130_fd_sc_hd__a21oi_2)
     3    0.008720    0.104496    0.124444    2.913120 ^ _4109_/Y (sky130_fd_sc_hd__a21oi_2)
                                                         _1661_ (net)
                      0.104496    0.000000    2.913120 ^ _4125_/B (sky130_fd_sc_hd__nand2_2)
     2    0.008444    0.039854    0.045900    2.959020 v _4125_/Y (sky130_fd_sc_hd__nand2_2)
                                                         _1676_ (net)
                      0.039854    0.000000    2.959020 v _4144_/B (sky130_fd_sc_hd__nand2_2)
     3    0.009737    0.053394    0.061472    3.020492 ^ _4144_/Y (sky130_fd_sc_hd__nand2_2)
                                                         _1694_ (net)
                      0.053394    0.000000    3.020492 ^ _4172_/A2 (sky130_fd_sc_hd__a21o_2)
     2    0.003236    0.023470    0.074862    3.095354 ^ _4172_/X (sky130_fd_sc_hd__a21o_2)
                                                         _1721_ (net)
                      0.023470    0.000000    3.095354 ^ _4174_/A_N (sky130_fd_sc_hd__and3b_2)
     1    0.001487    0.025035    0.113165    3.208519 v _4174_/X (sky130_fd_sc_hd__and3b_2)
                                                         _1723_ (net)
                      0.025035    0.000000    3.208519 v _4185_/B (sky130_fd_sc_hd__or4b_2)
     1    0.001308    0.060646    0.341923    3.550441 v _4185_/X (sky130_fd_sc_hd__or4b_2)
                                                         _1734_ (net)
                      0.060646    0.000000    3.550441 v _4186_/D (sky130_fd_sc_hd__or4_2)
     1    0.002236    0.063324    0.296208    3.846649 v _4186_/X (sky130_fd_sc_hd__or4_2)
                                                         _1735_ (net)
                      0.063324    0.000000    3.846649 v _4187_/B2 (sky130_fd_sc_hd__o221a_2)
     1    0.001783    0.029500    0.139755    3.986404 v _4187_/X (sky130_fd_sc_hd__o221a_2)
                                                         _0369_ (net)
                      0.029500    0.000000    3.986404 v _5221_/D (sky130_fd_sc_hd__dfxtp_2)
                                              3.986404   data arrival time

                      0.000000   26.000000   26.000000   clock CLK (rise edge)
                                  0.000000   26.000000   clock network delay (ideal)
                                  0.000000   26.000000   clock reconvergence pessimism
                                             26.000000 ^ _5221_/CLK (sky130_fd_sc_hd__dfxtp_2)
                                 -0.073409   25.926590   library setup time
                                             25.926590   data required time
---------------------------------------------------------------------------------------------
                                             25.926590   data required time
                                             -3.986404   data arrival time
---------------------------------------------------------------------------------------------
                                             21.940186   slack (MET)




===========================================================================
report_checks --slack_max -0.01
============================================================================
======================= nom_ff_n40C_1v95 Corner ===================================

No paths found.


===========================================================================
 report_check_types -max_slew -max_cap -max_fanout -violators
============================================================================
======================= nom_ff_n40C_1v95 Corner ===================================



===========================================================================
report_parasitic_annotation -report_unannotated
============================================================================
Found 2916 unannotated drivers.
 CLK
 INSTR_STREAM[0]
 INSTR_STREAM[10]
 INSTR_STREAM[11]
 INSTR_STREAM[12]
 INSTR_STREAM[13]
 INSTR_STREAM[14]
 INSTR_STREAM[15]
 INSTR_STREAM[16]
 INSTR_STREAM[17]
 INSTR_STREAM[18]
 INSTR_STREAM[19]
 INSTR_STREAM[1]
 INSTR_STREAM[20]
 INSTR_STREAM[21]
 INSTR_STREAM[22]
 INSTR_STREAM[23]
 INSTR_STREAM[24]
 INSTR_STREAM[25]
 INSTR_STREAM[26]
 INSTR_STREAM[27]
 INSTR_STREAM[28]
 INSTR_STREAM[29]
 INSTR_STREAM[2]
 INSTR_STREAM[30]
 INSTR_STREAM[31]
 INSTR_STREAM[3]
 INSTR_STREAM[4]
 INSTR_STREAM[5]
 INSTR_STREAM[6]
 INSTR_STREAM[7]
 INSTR_STREAM[8]
 INSTR_STREAM[9]
 MEM_LD_DATA[0]
 MEM_LD_DATA[10]
 MEM_LD_DATA[11]
 MEM_LD_DATA[12]
 MEM_LD_DATA[13]
 MEM_LD_DATA[14]
 MEM_LD_DATA[15]
 MEM_LD_DATA[1]
 MEM_LD_DATA[2]
 MEM_LD_DATA[3]
 MEM_LD_DATA[4]
 MEM_LD_DATA[5]
 MEM_LD_DATA[6]
 MEM_LD_DATA[7]
 MEM_LD_DATA[8]
 MEM_LD_DATA[9]
 RESET
 _2421_/Y
 _2422_/Y
 _2423_/Y
 _2424_/Y
 _2425_/Y
 _2426_/Y
 _2427_/Y
 _2428_/Y
 _2429_/Y
 _2430_/Y
 _2431_/Y
 _2432_/Y
 _2433_/Y
 _2434_/Y
 _2435_/Y
 _2436_/X
 _2437_/X
 _2438_/Y
 _2439_/X
 _2440_/Y
 _2441_/Y
 _2442_/X
 _2443_/X
 _2444_/Y
 _2445_/X
 _2446_/X
 _2447_/Y
 _2448_/Y
 _2449_/X
 _2450_/X
 _2451_/Y
 _2452_/X
 _2453_/X
 _2454_/X
 _2455_/X
 _2456_/X
 _2457_/X
 _2458_/X
 _2459_/Y
 _2460_/X
 _2461_/X
 _2462_/Y
 _2463_/Y
 _2464_/Y
 _2465_/X
 _2466_/X
 _2467_/Y
 _2468_/X
 _2469_/X
 _2470_/X
 _2471_/X
 _2472_/X
 _2473_/Y
 _2474_/X
 _2475_/Y
 _2476_/X
 _2477_/Y
 _2478_/X
 _2479_/Y
 _2480_/Y
 _2481_/X
 _2482_/X
 _2483_/X
 _2484_/X
 _2485_/X
 _2486_/X
 _2487_/X
 _2488_/X
 _2489_/X
 _2490_/X
 _2491_/Y
 _2492_/Y
 _2493_/X
 _2494_/X
 _2495_/Y
 _2496_/X
 _2497_/X
 _2498_/X
 _2499_/X
 _2500_/X
 _2501_/X
 _2502_/X
 _2503_/X
 _2504_/Y
 _2505_/X
 _2506_/Y
 _2507_/Y
 _2508_/X
 _2509_/X
 _2510_/X
 _2511_/X
 _2512_/X
 _2513_/X
 _2514_/X
 _2515_/X
 _2516_/Y
 _2517_/X
 _2518_/Y
 _2519_/Y
 _2520_/Y
 _2521_/X
 _2522_/X
 _2523_/X
 _2524_/X
 _2525_/X
 _2526_/X
 _2527_/X
 _2528_/X
 _2529_/X
 _2530_/X
 _2531_/Y
 _2532_/Y
 _2533_/X
 _2534_/X
 _2535_/X
 _2536_/X
 _2537_/X
 _2538_/X
 _2539_/X
 _2540_/X
 _2541_/Y
 _2542_/Y
 _2543_/Y
 _2544_/X
 _2545_/X
 _2546_/X
 _2547_/X
 _2548_/X
 _2549_/X
 _2550_/X
 _2551_/X
 _2552_/Y
 _2553_/Y
 _2554_/X
 _2555_/X
 _2556_/X
 _2557_/X
 _2558_/X
 _2559_/X
 _2560_/X
 _2561_/X
 _2562_/Y
 _2563_/X
 _2564_/X
 _2565_/Y
 _2566_/Y
 _2567_/Y
 _2568_/X
 _2569_/X
 _2570_/X
 _2571_/X
 _2572_/X
 _2573_/X
 _2574_/X
 _2575_/Y
 _2576_/X
 _2577_/Y
 _2578_/X
 _2579_/X
 _2580_/X
 _2581_/X
 _2582_/X
 _2583_/X
 _2584_/X
 _2585_/Y
 _2586_/X
 _2587_/X
 _2588_/Y
 _2589_/Y
 _2590_/X
 _2591_/X
 _2592_/X
 _2593_/X
 _2594_/X
 _2595_/X
 _2596_/X
 _2597_/X
 _2598_/X
 _2599_/Y
 _2600_/Y
 _2601_/Y
 _2602_/Y
 _2603_/X
 _2604_/X
 _2605_/X
 _2606_/X
 _2607_/X
 _2608_/X
 _2609_/X
 _2610_/Y
 _2611_/X
 _2612_/Y
 _2613_/Y
 _2614_/Y
 _2615_/X
 _2616_/Y
 _2617_/X
 _2618_/Y
 _2619_/Y
 _2620_/Y
 _2621_/X
 _2622_/X
 _2623_/X
 _2624_/X
 _2625_/Y
 _2626_/X
 _2627_/X
 _2628_/X
 _2629_/Y
 _2630_/Y
 _2631_/X
 _2632_/X
 _2633_/X
 _2634_/X
 _2635_/X
 _2636_/X
 _2637_/X
 _2638_/X
 _2639_/X
 _2640_/Y
 _2641_/X
 _2642_/Y
 _2643_/Y
 _2644_/Y
 _2645_/X
 _2646_/X
 _2647_/X
 _2648_/X
 _2649_/X
 _2650_/X
 _2651_/X
 _2652_/X
 _2653_/X
 _2654_/Y
 _2655_/X
 _2656_/X
 _2657_/Y
 _2658_/X
 _2659_/X
 _2660_/X
 _2661_/X
 _2662_/X
 _2663_/X
 _2664_/X
 _2665_/X
 _2666_/Y
 _2667_/Y
 _2668_/X
 _2669_/X
 _2670_/Y
 _2671_/X
 _2672_/X
 _2673_/X
 _2674_/X
 _2675_/X
 _2676_/X
 _2677_/X
 _2678_/Y
 _2679_/X
 _2680_/Y
 _2681_/X
 _2682_/X
 _2683_/Y
 _2684_/X
 _2685_/X
 _2686_/Y
 _2687_/Y
 _2688_/Y
 _2689_/Y
 _2690_/X
 _2691_/Y
 _2692_/X
 _2693_/Y
 _2694_/X
 _2695_/Y
 _2696_/X
 _2697_/Y
 _2698_/X
 _2699_/X
 _2700_/X
 _2701_/X
 _2702_/Y
 _2703_/X
 _2704_/X
 _2705_/X
 _2706_/X
 _2707_/X
 _2708_/Y
 _2709_/Y
 _2710_/X
 _2711_/Y
 _2712_/Y
 _2713_/Y
 _2714_/X
 _2715_/X
 _2716_/X
 _2717_/X
 _2718_/X
 _2719_/X
 _2720_/X
 _2721_/X
 _2722_/X
 _2723_/X
 _2724_/X
 _2725_/X
 _2726_/X
 _2727_/X
 _2728_/X
 _2729_/X
 _2730_/X
 _2731_/X
 _2732_/X
 _2733_/X
 _2734_/X
 _2735_/X
 _2736_/X
 _2737_/X
 _2738_/X
 _2739_/X
 _2740_/X
 _2741_/X
 _2742_/X
 _2743_/X
 _2744_/X
 _2745_/X
 _2746_/X
 _2747_/X
 _2748_/X
 _2749_/X
 _2750_/X
 _2751_/X
 _2752_/X
 _2753_/X
 _2754_/X
 _2755_/X
 _2756_/X
 _2757_/X
 _2758_/X
 _2759_/X
 _2760_/X
 _2761_/X
 _2762_/X
 _2763_/X
 _2764_/X
 _2765_/X
 _2766_/X
 _2767_/X
 _2768_/X
 _2769_/X
 _2770_/X
 _2771_/X
 _2772_/X
 _2773_/X
 _2774_/X
 _2775_/X
 _2776_/X
 _2777_/X
 _2778_/X
 _2779_/X
 _2780_/X
 _2781_/X
 _2782_/X
 _2783_/X
 _2784_/X
 _2785_/X
 _2786_/X
 _2787_/X
 _2788_/X
 _2789_/X
 _2790_/X
 _2791_/X
 _2792_/X
 _2793_/X
 _2794_/X
 _2795_/X
 _2796_/X
 _2797_/X
 _2798_/X
 _2799_/X
 _2800_/X
 _2801_/X
 _2802_/X
 _2803_/X
 _2804_/X
 _2805_/X
 _2806_/X
 _2807_/X
 _2808_/X
 _2809_/X
 _2810_/X
 _2811_/X
 _2812_/X
 _2813_/X
 _2814_/X
 _2815_/X
 _2816_/X
 _2817_/X
 _2818_/X
 _2819_/X
 _2820_/X
 _2821_/X
 _2822_/X
 _2823_/X
 _2824_/X
 _2825_/X
 _2826_/X
 _2827_/X
 _2828_/X
 _2829_/X
 _2830_/X
 _2831_/X
 _2832_/X
 _2833_/X
 _2834_/X
 _2835_/X
 _2836_/X
 _2837_/X
 _2838_/X
 _2839_/X
 _2840_/X
 _2841_/X
 _2842_/X
 _2843_/X
 _2844_/X
 _2845_/X
 _2846_/X
 _2847_/X
 _2848_/X
 _2849_/X
 _2850_/X
 _2851_/X
 _2852_/X
 _2853_/X
 _2854_/X
 _2855_/X
 _2856_/X
 _2857_/X
 _2858_/Y
 _2859_/Y
 _2860_/X
 _2861_/Y
 _2862_/Y
 _2863_/Y
 _2864_/Y
 _2865_/Y
 _2866_/Y
 _2867_/Y
 _2868_/Y
 _2869_/Y
 _2870_/Y
 _2871_/Y
 _2872_/Y
 _2873_/Y
 _2874_/X
 _2875_/Y
 _2876_/Y
 _2877_/Y
 _2878_/Y
 _2879_/X
 _2880_/Y
 _2881_/Y
 _2882_/X
 _2883_/Y
 _2884_/Y
 _2885_/Y
 _2886_/Y
 _2887_/Y
 _2888_/X
 _2889_/X
 _2890_/X
 _2891_/X
 _2892_/X
 _2893_/Y
 _2894_/X
 _2895_/X
 _2896_/X
 _2897_/X
 _2898_/Y
 _2899_/X
 _2900_/Y
 _2901_/Y
 _2902_/Y
 _2903_/X
 _2904_/X
 _2905_/X
 _2906_/X
 _2907_/X
 _2908_/X
 _2909_/X
 _2910_/X
 _2911_/X
 _2912_/X
 _2913_/X
 _2914_/X
 _2915_/X
 _2916_/X
 _2917_/X
 _2918_/X
 _2919_/X
 _2920_/X
 _2921_/X
 _2922_/X
 _2923_/X
 _2924_/X
 _2925_/X
 _2926_/X
 _2927_/X
 _2928_/X
 _2929_/X
 _2930_/X
 _2931_/X
 _2932_/X
 _2933_/X
 _2934_/X
 _2935_/X
 _2936_/X
 _2937_/X
 _2938_/X
 _2939_/X
 _2940_/X
 _2941_/X
 _2942_/X
 _2943_/X
 _2944_/X
 _2945_/X
 _2946_/X
 _2947_/X
 _2948_/X
 _2949_/X
 _2950_/X
 _2951_/X
 _2952_/X
 _2953_/Y
 _2954_/Y
 _2955_/X
 _2956_/X
 _2957_/X
 _2958_/X
 _2959_/X
 _2960_/X
 _2961_/X
 _2962_/X
 _2963_/X
 _2964_/X
 _2965_/X
 _2966_/X
 _2967_/X
 _2968_/X
 _2969_/X
 _2970_/X
 _2971_/X
 _2972_/Y
 _2973_/Y
 _2974_/Y
 _2975_/X
 _2976_/X
 _2977_/X
 _2978_/X
 _2979_/X
 _2980_/X
 _2981_/X
 _2982_/X
 _2983_/X
 _2984_/X
 _2985_/X
 _2986_/X
 _2987_/X
 _2988_/X
 _2989_/X
 _2990_/X
 _2991_/Y
 _2992_/Y
 _2993_/Y
 _2994_/X
 _2995_/X
 _2996_/X
 _2997_/X
 _2998_/X
 _2999_/X
 _3000_/X
 _3001_/X
 _3002_/X
 _3003_/X
 _3004_/X
 _3005_/X
 _3006_/X
 _3007_/X
 _3008_/X
 _3009_/X
 _3010_/Y
 _3011_/Y
 _3012_/X
 _3013_/X
 _3014_/X
 _3015_/X
 _3016_/X
 _3017_/X
 _3018_/X
 _3019_/X
 _3020_/X
 _3021_/X
 _3022_/X
 _3023_/X
 _3024_/X
 _3025_/X
 _3026_/X
 _3027_/X
 _3028_/Y
 _3029_/Y
 _3030_/X
 _3031_/X
 _3032_/X
 _3033_/X
 _3034_/X
 _3035_/X
 _3036_/X
 _3037_/X
 _3038_/X
 _3039_/X
 _3040_/X
 _3041_/X
 _3042_/X
 _3043_/X
 _3044_/X
 _3045_/X
 _3046_/X
 _3047_/Y
 _3048_/Y
 _3049_/X
 _3050_/X
 _3051_/X
 _3052_/X
 _3053_/X
 _3054_/X
 _3055_/X
 _3056_/X
 _3057_/X
 _3058_/X
 _3059_/X
 _3060_/X
 _3061_/X
 _3062_/X
 _3063_/X
 _3064_/X
 _3065_/Y
 _3066_/Y
 _3067_/X
 _3068_/X
 _3069_/X
 _3070_/X
 _3071_/X
 _3072_/X
 _3073_/X
 _3074_/X
 _3075_/X
 _3076_/X
 _3077_/X
 _3078_/X
 _3079_/X
 _3080_/X
 _3081_/X
 _3082_/X
 _3083_/Y
 _3084_/Y
 _3085_/X
 _3086_/X
 _3087_/X
 _3088_/X
 _3089_/X
 _3090_/X
 _3091_/X
 _3092_/X
 _3093_/X
 _3094_/X
 _3095_/X
 _3096_/X
 _3097_/X
 _3098_/X
 _3099_/X
 _3100_/X
 _3101_/Y
 _3102_/Y
 _3103_/Y
 _3104_/X
 _3105_/X
 _3106_/X
 _3107_/X
 _3108_/X
 _3109_/X
 _3110_/X
 _3111_/X
 _3112_/X
 _3113_/X
 _3114_/X
 _3115_/X
 _3116_/X
 _3117_/X
 _3118_/X
 _3119_/X
 _3120_/Y
 _3121_/Y
 _3122_/X
 _3123_/X
 _3124_/X
 _3125_/X
 _3126_/X
 _3127_/X
 _3128_/X
 _3129_/X
 _3130_/X
 _3131_/X
 _3132_/X
 _3133_/X
 _3134_/X
 _3135_/X
 _3136_/X
 _3137_/X
 _3138_/Y
 _3139_/Y
 _3140_/X
 _3141_/X
 _3142_/X
 _3143_/X
 _3144_/X
 _3145_/X
 _3146_/X
 _3147_/X
 _3148_/X
 _3149_/X
 _3150_/X
 _3151_/X
 _3152_/X
 _3153_/X
 _3154_/X
 _3155_/X
 _3156_/Y
 _3157_/Y
 _3158_/X
 _3159_/X
 _3160_/X
 _3161_/X
 _3162_/X
 _3163_/X
 _3164_/X
 _3165_/X
 _3166_/X
 _3167_/X
 _3168_/X
 _3169_/X
 _3170_/X
 _3171_/X
 _3172_/X
 _3173_/X
 _3174_/Y
 _3175_/Y
 _3176_/X
 _3177_/X
 _3178_/X
 _3179_/X
 _3180_/X
 _3181_/X
 _3182_/X
 _3183_/X
 _3184_/X
 _3185_/X
 _3186_/X
 _3187_/X
 _3188_/X
 _3189_/X
 _3190_/X
 _3191_/X
 _3192_/Y
 _3193_/Y
 _3194_/X
 _3195_/X
 _3196_/X
 _3197_/X
 _3198_/X
 _3199_/X
 _3200_/X
 _3201_/X
 _3202_/X
 _3203_/X
 _3204_/X
 _3205_/X
 _3206_/X
 _3207_/X
 _3208_/X
 _3209_/X
 _3210_/Y
 _3211_/Y
 _3212_/X
 _3213_/X
 _3214_/X
 _3215_/X
 _3216_/X
 _3217_/X
 _3218_/X
 _3219_/X
 _3220_/X
 _3221_/X
 _3222_/X
 _3223_/X
 _3224_/X
 _3225_/X
 _3226_/X
 _3227_/X
 _3228_/X
 _3229_/Y
 _3230_/Y
 _3231_/X
 _3232_/X
 _3233_/X
 _3234_/X
 _3235_/X
 _3236_/X
 _3237_/X
 _3238_/X
 _3239_/X
 _3240_/X
 _3241_/X
 _3242_/X
 _3243_/X
 _3244_/X
 _3245_/X
 _3246_/X
 _3247_/X
 _3248_/X
 _3249_/X
 _3250_/X
 _3251_/X
 _3252_/X
 _3253_/X
 _3254_/X
 _3255_/Y
 _3256_/X
 _3257_/Y
 _3258_/Y
 _3259_/X
 _3260_/X
 _3261_/X
 _3262_/X
 _3263_/X
 _3264_/X
 _3265_/X
 _3266_/X
 _3267_/Y
 _3268_/Y
 _3269_/X
 _3270_/Y
 _3271_/X
 _3272_/X
 _3273_/Y
 _3274_/X
 _3275_/X
 _3276_/Y
 _3277_/X
 _3278_/X
 _3279_/X
 _3280_/X
 _3281_/X
 _3282_/X
 _3283_/X
 _3284_/X
 _3285_/X
 _3286_/X
 _3287_/Y
 _3288_/X
 _3289_/Y
 _3290_/X
 _3291_/X
 _3292_/X
 _3293_/Y
 _3294_/X
 _3295_/X
 _3296_/Y
 _3297_/X
 _3298_/Y
 _3299_/X
 _3300_/Y
 _3301_/X
 _3302_/Y
 _3303_/X
 _3304_/X
 _3305_/X
 _3306_/X
 _3307_/X
 _3308_/X
 _3309_/X
 _3310_/X
 _3311_/X
 _3312_/X
 _3313_/X
 _3314_/X
 _3315_/X
 _3316_/X
 _3317_/X
 _3318_/X
 _3319_/X
 _3320_/X
 _3321_/X
 _3322_/X
 _3323_/X
 _3324_/X
 _3325_/X
 _3326_/X
 _3327_/X
 _3328_/X
 _3329_/X
 _3330_/X
 _3331_/X
 _3332_/X
 _3333_/X
 _3334_/X
 _3335_/X
 _3336_/X
 _3337_/X
 _3338_/X
 _3339_/X
 _3340_/X
 _3341_/X
 _3342_/X
 _3343_/X
 _3344_/X
 _3345_/X
 _3346_/X
 _3347_/X
 _3348_/X
 _3349_/X
 _3350_/X
 _3351_/X
 _3352_/X
 _3353_/X
 _3354_/X
 _3355_/X
 _3356_/Y
 _3357_/X
 _3358_/X
 _3359_/X
 _3360_/X
 _3361_/X
 _3362_/X
 _3363_/X
 _3364_/X
 _3365_/X
 _3366_/X
 _3367_/X
 _3368_/Y
 _3369_/Y
 _3370_/X
 _3371_/X
 _3372_/X
 _3373_/X
 _3374_/X
 _3375_/X
 _3376_/X
 _3377_/X
 _3378_/X
 _3379_/Y
 _3380_/X
 _3381_/Y
 _3382_/X
 _3383_/X
 _3384_/X
 _3385_/Y
 _3386_/X
 _3387_/Y
 _3388_/Y
 _3389_/Y
 _3390_/X
 _3391_/X
 _3392_/X
 _3393_/X
 _3394_/X
 _3395_/Y
 _3396_/Y
 _3397_/Y
 _3398_/X
 _3399_/X
 _3400_/X
 _3401_/X
 _3402_/X
 _3403_/Y
 _3404_/X
 _3405_/Y
 _3406_/Y
 _3407_/X
 _3408_/Y
 _3409_/X
 _3410_/Y
 _3411_/X
 _3412_/Y
 _3413_/Y
 _3414_/X
 _3415_/Y
 _3416_/Y
 _3417_/X
 _3418_/Y
 _3419_/X
 _3420_/Y
 _3421_/X
 _3422_/X
 _3423_/Y
 _3424_/X
 _3425_/X
 _3426_/Y
 _3427_/Y
 _3428_/Y
 _3429_/X
 _3430_/X
 _3431_/X
 _3432_/X
 _3433_/X
 _3434_/Y
 _3435_/Y
 _3436_/X
 _3437_/Y
 _3438_/Y
 _3439_/Y
 _3440_/Y
 _3441_/X
 _3442_/Y
 _3443_/X
 _3444_/Y
 _3445_/Y
 _3446_/Y
 _3447_/Y
 _3448_/X
 _3449_/X
 _3450_/Y
 _3451_/Y
 _3452_/Y
 _3453_/X
 _3454_/Y
 _3455_/X
 _3456_/X
 _3457_/X
 _3458_/X
 _3459_/Y
 _3460_/Y
 _3461_/Y
 _3462_/Y
 _3463_/X
 _3464_/Y
 _3465_/Y
 _3466_/Y
 _3467_/Y
 _3468_/X
 _3469_/Y
 _3470_/X
 _3471_/X
 _3472_/Y
 _3473_/X
 _3474_/Y
 _3475_/X
 _3476_/Y
 _3477_/Y
 _3478_/Y
 _3479_/Y
 _3480_/X
 _3481_/X
 _3482_/Y
 _3483_/X
 _3484_/Y
 _3485_/Y
 _3486_/Y
 _3487_/Y
 _3488_/X
 _3489_/Y
 _3490_/X
 _3491_/X
 _3492_/Y
 _3493_/X
 _3494_/Y
 _3495_/X
 _3496_/Y
 _3497_/X
 _3498_/X
 _3499_/X
 _3500_/X
 _3501_/X
 _3502_/X
 _3503_/X
 _3504_/X
 _3505_/X
 _3506_/Y
 _3507_/X
 _3508_/X
 _3509_/X
 _3510_/X
 _3511_/X
 _3512_/X
 _3513_/X
 _3514_/X
 _3515_/X
 _3516_/X
 _3517_/X
 _3518_/X
 _3519_/X
 _3520_/X
 _3521_/X
 _3522_/X
 _3523_/X
 _3524_/X
 _3525_/X
 _3526_/X
 _3527_/X
 _3528_/X
 _3529_/X
 _3530_/X
 _3531_/X
 _3532_/X
 _3533_/X
 _3534_/X
 _3535_/Y
 _3536_/X
 _3537_/X
 _3538_/Y
 _3539_/Y
 _3540_/X
 _3541_/X
 _3542_/X
 _3543_/X
 _3544_/X
 _3545_/Y
 _3546_/Y
 _3547_/X
 _3548_/X
 _3549_/Y
 _3550_/X
 _3551_/Y
 _3552_/X
 _3553_/X
 _3554_/Y
 _3555_/X
 _3556_/X
 _3557_/X
 _3558_/X
 _3559_/Y
 _3560_/X
 _3561_/Y
 _3562_/X
 _3563_/Y
 _3564_/X
 _3565_/X
 _3566_/X
 _3567_/X
 _3568_/Y
 _3569_/X
 _3570_/X
 _3571_/Y
 _3572_/Y
 _3573_/X
 _3574_/X
 _3575_/X
 _3576_/X
 _3577_/X
 _3578_/X
 _3579_/X
 _3580_/X
 _3581_/X
 _3582_/X
 _3583_/X
 _3584_/Y
 _3585_/Y
 _3586_/Y
 _3587_/Y
 _3588_/Y
 _3589_/Y
 _3590_/X
 _3591_/X
 _3592_/X
 _3593_/X
 _3594_/X
 _3595_/X
 _3596_/X
 _3597_/X
 _3598_/X
 _3599_/Y
 _3600_/X
 _3601_/Y
 _3602_/Y
 _3603_/X
 _3604_/Y
 _3605_/X
 _3606_/X
 _3607_/X
 _3608_/X
 _3609_/X
 _3610_/X
 _3611_/X
 _3612_/X
 _3613_/Y
 _3614_/X
 _3615_/X
 _3616_/Y
 _3617_/Y
 _3618_/Y
 _3619_/X
 _3620_/Y
 _3621_/X
 _3622_/X
 _3623_/X
 _3624_/X
 _3625_/X
 _3626_/X
 _3627_/X
 _3628_/X
 _3629_/Y
 _3630_/X
 _3631_/Y
 _3632_/Y
 _3633_/X
 _3634_/X
 _3635_/X
 _3636_/X
 _3637_/X
 _3638_/X
 _3639_/X
 _3640_/X
 _3641_/Y
 _3642_/X
 _3643_/Y
 _3644_/X
 _3645_/X
 _3646_/X
 _3647_/X
 _3648_/X
 _3649_/X
 _3650_/X
 _3651_/X
 _3652_/Y
 _3653_/X
 _3654_/Y
 _3655_/X
 _3656_/X
 _3657_/X
 _3658_/X
 _3659_/X
 _3660_/X
 _3661_/X
 _3662_/X
 _3663_/Y
 _3664_/X
 _3665_/Y
 _3666_/X
 _3667_/X
 _3668_/X
 _3669_/X
 _3670_/X
 _3671_/X
 _3672_/X
 _3673_/X
 _3674_/X
 _3675_/Y
 _3676_/Y
 _3677_/X
 _3678_/Y
 _3679_/X
 _3680_/Y
 _3681_/X
 _3682_/Y
 _3683_/X
 _3684_/X
 _3685_/X
 _3686_/X
 _3687_/X
 _3688_/Y
 _3689_/X
 _3690_/X
 _3691_/Y
 _3692_/X
 _3693_/X
 _3694_/X
 _3695_/X
 _3696_/X
 _3697_/X
 _3698_/X
 _3699_/X
 _3700_/Y
 _3701_/X
 _3702_/Y
 _3703_/X
 _3704_/X
 _3705_/X
 _3706_/X
 _3707_/X
 _3708_/X
 _3709_/X
 _3710_/X
 _3711_/X
 _3712_/Y
 _3713_/X
 _3714_/Y
 _3715_/Y
 _3716_/X
 _3717_/X
 _3718_/X
 _3719_/X
 _3720_/X
 _3721_/X
 _3722_/X
 _3723_/X
 _3724_/X
 _3725_/Y
 _3726_/Y
 _3727_/X
 _3728_/X
 _3729_/X
 _3730_/X
 _3731_/X
 _3732_/X
 _3733_/X
 _3734_/X
 _3735_/X
 _3736_/Y
 _3737_/Y
 _3738_/Y
 _3739_/X
 _3740_/Y
 _3741_/Y
 _3742_/X
 _3743_/Y
 _3744_/Y
 _3745_/Y
 _3746_/Y
 _3747_/X
 _3748_/X
 _3749_/X
 _3750_/X
 _3751_/X
 _3752_/X
 _3753_/X
 _3754_/X
 _3755_/Y
 _3756_/X
 _3757_/X
 _3758_/X
 _3759_/X
 _3760_/X
 _3761_/X
 _3762_/X
 _3763_/Y
 _3764_/X
 _3765_/X
 _3766_/Y
 _3767_/Y
 _3768_/X
 _3769_/X
 _3770_/X
 _3771_/Y
 _3772_/X
 _3773_/X
 _3774_/Y
 _3775_/X
 _3776_/X
 _3777_/X
 _3778_/X
 _3779_/X
 _3780_/X
 _3781_/X
 _3782_/Y
 _3783_/X
 _3784_/X
 _3785_/Y
 _3786_/X
 _3787_/Y
 _3788_/Y
 _3789_/X
 _3790_/Y
 _3791_/Y
 _3792_/Y
 _3793_/Y
 _3794_/Y
 _3795_/X
 _3796_/Y
 _3797_/X
 _3798_/X
 _3799_/Y
 _3800_/Y
 _3801_/X
 _3802_/X
 _3803_/Y
 _3804_/Y
 _3805_/Y
 _3806_/X
 _3807_/Y
 _3808_/Y
 _3809_/Y
 _3810_/Y
 _3811_/X
 _3812_/X
 _3813_/X
 _3814_/X
 _3815_/Y
 _3816_/Y
 _3817_/Y
 _3818_/X
 _3819_/Y
 _3820_/Y
 _3821_/X
 _3822_/X
 _3823_/X
 _3824_/X
 _3825_/Y
 _3826_/Y
 _3827_/X
 _3828_/Y
 _3829_/X
 _3830_/X
 _3831_/X
 _3832_/X
 _3833_/Y
 _3834_/Y
 _3835_/X
 _3836_/Y
 _3837_/X
 _3838_/Y
 _3839_/X
 _3840_/Y
 _3841_/X
 _3842_/X
 _3843_/X
 _3844_/Y
 _3845_/X
 _3846_/X
 _3847_/Y
 _3848_/Y
 _3849_/Y
 _3850_/X
 _3851_/Y
 _3852_/Y
 _3853_/Y
 _3854_/X
 _3855_/Y
 _3856_/Y
 _3857_/X
 _3858_/X
 _3859_/X
 _3860_/X
 _3861_/Y
 _3862_/X
 _3863_/X
 _3864_/Y
 _3865_/X
 _3866_/Y
 _3867_/Y
 _3868_/X
 _3869_/Y
 _3870_/X
 _3871_/X
 _3872_/X
 _3873_/X
 _3874_/X
 _3875_/X
 _3876_/Y
 _3877_/X
 _3878_/X
 _3879_/Y
 _3880_/X
 _3881_/X
 _3882_/X
 _3883_/X
 _3884_/X
 _3885_/Y
 _3886_/X
 _3887_/X
 _3888_/Y
 _3889_/Y
 _3890_/Y
 _3891_/X
 _3892_/Y
 _3893_/Y
 _3894_/X
 _3895_/Y
 _3896_/Y
 _3897_/X
 _3898_/X
 _3899_/X
 _3900_/Y
 _3901_/X
 _3902_/X
 _3903_/Y
 _3904_/Y
 _3905_/Y
 _3906_/X
 _3907_/X
 _3908_/X
 _3909_/X
 _3910_/Y
 _3911_/X
 _3912_/Y
 _3913_/X
 _3914_/Y
 _3915_/Y
 _3916_/X
 _3917_/X
 _3918_/X
 _3919_/X
 _3920_/Y
 _3921_/Y
 _3922_/X
 _3923_/X
 _3924_/X
 _3925_/X
 _3926_/X
 _3927_/X
 _3928_/X
 _3929_/X
 _3930_/X
 _3931_/Y
 _3932_/X
 _3933_/Y
 _3934_/Y
 _3935_/X
 _3936_/X
 _3937_/X
 _3938_/Y
 _3939_/Y
 _3940_/X
 _3941_/X
 _3942_/Y
 _3943_/Y
 _3944_/X
 _3945_/X
 _3946_/X
 _3947_/X
 _3948_/X
 _3949_/X
 _3950_/X
 _3951_/X
 _3952_/Y
 _3953_/X
 _3954_/Y
 _3955_/X
 _3956_/X
 _3957_/X
 _3958_/Y
 _3959_/X
 _3960_/Y
 _3961_/X
 _3962_/X
 _3963_/Y
 _3964_/X
 _3965_/X
 _3966_/X
 _3967_/X
 _3968_/X
 _3969_/X
 _3970_/X
 _3971_/Y
 _3972_/X
 _3973_/X
 _3974_/X
 _3975_/X
 _3976_/X
 _3977_/X
 _3978_/X
 _3979_/X
 _3980_/Y
 _3981_/X
 _3982_/X
 _3983_/Y
 _3984_/X
 _3985_/X
 _3986_/Y
 _3987_/Y
 _3988_/X
 _3989_/Y
 _3990_/Y
 _3991_/X
 _3992_/Y
 _3993_/X
 _3994_/X
 _3995_/X
 _3996_/Y
 _3997_/X
 _3998_/X
 _3999_/X
 _4000_/X
 _4001_/X
 _4002_/Y
 _4003_/X
 _4004_/X
 _4005_/Y
 _4006_/X
 _4007_/Y
 _4008_/X
 _4009_/X
 _4010_/Y
 _4011_/X
 _4012_/X
 _4013_/X
 _4014_/X
 _4015_/Y
 _4016_/Y
 _4017_/X
 _4018_/X
 _4019_/X
 _4020_/X
 _4021_/X
 _4022_/Y
 _4023_/X
 _4024_/Y
 _4025_/Y
 _4026_/X
 _4027_/Y
 _4028_/Y
 _4029_/X
 _4030_/X
 _4031_/X
 _4032_/X
 _4033_/Y
 _4034_/X
 _4035_/X
 _4036_/Y
 _4037_/X
 _4038_/X
 _4039_/Y
 _4040_/Y
 _4041_/X
 _4042_/X
 _4043_/X
 _4044_/X
 _4045_/X
 _4046_/Y
 _4047_/X
 _4048_/X
 _4049_/Y
 _4050_/X
 _4051_/X
 _4052_/X
 _4053_/X
 _4054_/Y
 _4055_/X
 _4056_/X
 _4057_/Y
 _4058_/X
 _4059_/X
 _4060_/X
 _4061_/X
 _4062_/X
 _4063_/Y
 _4064_/X
 _4065_/Y
 _4066_/X
 _4067_/Y
 _4068_/Y
 _4069_/Y
 _4070_/X
 _4071_/Y
 _4072_/X
 _4073_/X
 _4074_/X
 _4075_/X
 _4076_/Y
 _4077_/X
 _4078_/X
 _4079_/Y
 _4080_/Y
 _4081_/X
 _4082_/X
 _4083_/X
 _4084_/X
 _4085_/X
 _4086_/Y
 _4087_/X
 _4088_/X
 _4089_/X
 _4090_/Y
 _4091_/X
 _4092_/Y
 _4093_/X
 _4094_/X
 _4095_/X
 _4096_/X
 _4097_/X
 _4098_/Y
 _4099_/X
 _4100_/X
 _4101_/Y
 _4102_/X
 _4103_/Y
 _4104_/Y
 _4105_/Y
 _4106_/Y
 _4107_/X
 _4108_/Y
 _4109_/Y
 _4110_/X
 _4111_/X
 _4112_/X
 _4113_/X
 _4114_/Y
 _4115_/X
 _4116_/Y
 _4117_/Y
 _4118_/X
 _4119_/Y
 _4120_/Y
 _4121_/X
 _4122_/Y
 _4123_/Y
 _4124_/X
 _4125_/Y
 _4126_/Y
 _4127_/Y
 _4128_/X
 _4129_/Y
 _4130_/X
 _4131_/X
 _4132_/X
 _4133_/X
 _4134_/Y
 _4135_/X
 _4136_/Y
 _4137_/X
 _4138_/X
 _4139_/X
 _4140_/Y
 _4141_/X
 _4142_/Y
 _4143_/X
 _4144_/Y
 _4145_/Y
 _4146_/X
 _4147_/Y
 _4148_/X
 _4149_/X
 _4150_/X
 _4151_/X
 _4152_/Y
 _4153_/X
 _4154_/Y
 _4155_/Y
 _4156_/Y
 _4157_/X
 _4158_/Y
 _4159_/X
 _4160_/X
 _4161_/X
 _4162_/Y
 _4163_/X
 _4164_/X
 _4165_/X
 _4166_/X
 _4167_/X
 _4168_/X
 _4169_/X
 _4170_/Y
 _4171_/Y
 _4172_/X
 _4173_/X
 _4174_/X
 _4175_/X
 _4176_/X
 _4177_/X
 _4178_/X
 _4179_/X
 _4180_/X
 _4181_/Y
 _4182_/X
 _4183_/X
 _4184_/X
 _4185_/X
 _4186_/X
 _4187_/X
 _4188_/X
 _4189_/Y
 _4190_/X
 _4191_/X
 _4192_/Y
 _4193_/X
 _4194_/X
 _4195_/X
 _4196_/X
 _4197_/Y
 _4198_/X
 _4199_/X
 _4200_/X
 _4201_/X
 _4202_/X
 _4203_/X
 _4204_/X
 _4205_/X
 _4206_/X
 _4207_/Y
 _4208_/X
 _4209_/Y
 _4210_/X
 _4211_/Y
 _4212_/Y
 _4213_/Y
 _4214_/Y
 _4215_/X
 _4216_/X
 _4217_/X
 _4218_/X
 _4219_/X
 _4220_/X
 _4221_/X
 _4222_/Y
 _4223_/Y
 _4224_/Y
 _4225_/Y
 _4226_/Y
 _4227_/X
 _4228_/Y
 _4229_/Y
 _4230_/X
 _4231_/X
 _4232_/X
 _4233_/X
 _4234_/X
 _4235_/Y
 _4236_/Y
 _4237_/X
 _4238_/X
 _4239_/Y
 _4240_/Y
 _4241_/Y
 _4242_/Y
 _4243_/X
 _4244_/X
 _4245_/X
 _4246_/X
 _4247_/Y
 _4248_/X
 _4249_/X
 _4250_/X
 _4251_/X
 _4252_/X
 _4253_/X
 _4254_/X
 _4255_/Y
 _4256_/Y
 _4257_/Y
 _4258_/X
 _4259_/X
 _4260_/X
 _4261_/X
 _4262_/X
 _4263_/X
 _4264_/Y
 _4265_/Y
 _4266_/X
 _4267_/X
 _4268_/X
 _4269_/X
 _4270_/X
 _4271_/Y
 _4272_/X
 _4273_/Y
 _4274_/X
 _4275_/X
 _4276_/X
 _4277_/Y
 _4278_/X
 _4279_/Y
 _4280_/X
 _4281_/Y
 _4282_/X
 _4283_/Y
 _4284_/X
 _4285_/X
 _4286_/X
 _4287_/Y
 _4288_/X
 _4289_/X
 _4290_/Y
 _4291_/X
 _4292_/X
 _4293_/Y
 _4294_/X
 _4295_/X
 _4296_/X
 _4297_/Y
 _4298_/X
 _4299_/X
 _4300_/Y
 _4301_/X
 _4302_/X
 _4303_/X
 _4304_/X
 _4305_/Y
 _4306_/X
 _4307_/Y
 _4308_/X
 _4309_/X
 _4310_/X
 _4311_/Y
 _4312_/Y
 _4313_/X
 _4314_/X
 _4315_/X
 _4316_/Y
 _4317_/X
 _4318_/Y
 _4319_/Y
 _4320_/Y
 _4321_/Y
 _4322_/Y
 _4323_/Y
 _4324_/X
 _4325_/X
 _4326_/Y
 _4327_/X
 _4328_/X
 _4329_/X
 _4330_/Y
 _4331_/Y
 _4332_/X
 _4333_/X
 _4334_/X
 _4335_/Y
 _4336_/Y
 _4337_/X
 _4338_/X
 _4339_/Y
 _4340_/X
 _4341_/X
 _4342_/X
 _4343_/X
 _4344_/X
 _4345_/X
 _4346_/Y
 _4347_/X
 _4348_/Y
 _4349_/X
 _4350_/Y
 _4351_/Y
 _4352_/X
 _4353_/Y
 _4354_/Y
 _4355_/Y
 _4356_/Y
 _4357_/Y
 _4358_/X
 _4359_/Y
 _4360_/Y
 _4361_/Y
 _4362_/Y
 _4363_/X
 _4364_/Y
 _4365_/Y
 _4366_/X
 _4367_/Y
 _4368_/Y
 _4369_/X
 _4370_/X
 _4371_/Y
 _4372_/Y
 _4373_/X
 _4374_/X
 _4375_/X
 _4376_/X
 _4377_/Y
 _4378_/Y
 _4379_/X
 _4380_/X
 _4381_/X
 _4382_/X
 _4383_/X
 _4384_/Y
 _4385_/Y
 _4386_/X
 _4387_/Y
 _4388_/X
 _4389_/Y
 _4390_/X
 _4391_/Y
 _4392_/Y
 _4393_/Y
 _4394_/X
 _4395_/X
 _4396_/X
 _4397_/Y
 _4398_/X
 _4399_/X
 _4400_/Y
 _4401_/X
 _4402_/Y
 _4403_/X
 _4404_/Y
 _4405_/X
 _4406_/X
 _4407_/Y
 _4408_/X
 _4409_/X
 _4410_/Y
 _4411_/X
 _4412_/X
 _4413_/X
 _4414_/X
 _4415_/X
 _4416_/X
 _4417_/X
 _4418_/X
 _4419_/X
 _4420_/X
 _4421_/X
 _4422_/X
 _4423_/Y
 _4424_/X
 _4425_/X
 _4426_/Y
 _4427_/Y
 _4428_/X
 _4429_/X
 _4430_/X
 _4431_/X
 _4432_/X
 _4433_/Y
 _4434_/X
 _4435_/X
 _4436_/Y
 _4437_/X
 _4438_/X
 _4439_/Y
 _4440_/Y
 _4441_/X
 _4442_/Y
 _4443_/Y
 _4444_/Y
 _4445_/X
 _4446_/Y
 _4447_/X
 _4448_/X
 _4449_/X
 _4450_/X
 _4451_/X
 _4452_/X
 _4453_/X
 _4454_/X
 _4455_/X
 _4456_/Y
 _4457_/Y
 _4458_/X
 _4459_/Y
 _4460_/Y
 _4461_/X
 _4462_/Y
 _4463_/Y
 _4464_/Y
 _4465_/Y
 _4466_/Y
 _4467_/Y
 _4468_/Y
 _4469_/Y
 _4470_/X
 _4471_/X
 _4472_/X
 _4473_/X
 _4474_/X
 _4475_/X
 _4476_/X
 _4477_/Y
 _4478_/X
 _4479_/Y
 _4480_/X
 _4481_/X
 _4482_/X
 _4483_/X
 _4484_/X
 _4485_/X
 _4486_/X
 _4487_/Y
 _4488_/X
 _4489_/X
 _4490_/X
 _4491_/X
 _4492_/Y
 _4493_/Y
 _4494_/X
 _4495_/Y
 _4496_/Y
 _4497_/X
 _4498_/Y
 _4499_/X
 _4500_/Y
 _4501_/X
 _4502_/Y
 _4503_/Y
 _4504_/X
 _4505_/X
 _4506_/X
 _4507_/X
 _4508_/X
 _4509_/X
 _4510_/X
 _4511_/X
 _4512_/X
 _4513_/X
 _4514_/X
 _4515_/X
 _4516_/X
 _4517_/X
 _4518_/X
 _4519_/X
 _4520_/Y
 _4521_/Y
 _4522_/X
 _4523_/X
 _4524_/X
 _4525_/X
 _4526_/X
 _4527_/X
 _4528_/X
 _4529_/X
 _4530_/X
 _4531_/X
 _4532_/X
 _4533_/X
 _4534_/X
 _4535_/X
 _4536_/X
 _4537_/X
 _4538_/X
 _4539_/Y
 _4540_/Y
 _4541_/X
 _4542_/X
 _4543_/Y
 _4544_/X
 _4545_/X
 _4546_/X
 _4547_/X
 _4548_/X
 _4549_/X
 _4550_/X
 _4551_/X
 _4552_/X
 _4553_/X
 _4554_/X
 _4555_/Y
 _4556_/Y
 _4557_/X
 _4558_/X
 _4559_/X
 _4560_/X
 _4561_/Y
 _4562_/X
 _4563_/X
 _4564_/X
 _4565_/X
 _4566_/X
 _4567_/X
 _4568_/X
 _4569_/Y
 _4570_/Y
 _4571_/X
 _4572_/X
 _4573_/X
 _4574_/X
 _4575_/Y
 _4576_/X
 _4577_/X
 _4578_/Y
 _4579_/Y
 _4580_/X
 _4581_/X
 _4582_/X
 _4583_/X
 _4584_/X
 _4585_/Y
 _4586_/Y
 _4587_/Y
 _4588_/X
 _4589_/X
 _4590_/X
 _4591_/X
 _4592_/Y
 _4593_/X
 _4594_/X
 _4595_/X
 _4596_/X
 _4597_/X
 _4598_/X
 _4599_/Y
 _4600_/X
 _4601_/X
 _4602_/X
 _4603_/X
 _4604_/X
 _4605_/X
 _4606_/Y
 _4607_/X
 _4608_/X
 _4609_/X
 _4610_/X
 _4611_/Y
 _4612_/Y
 _4613_/X
 _4614_/X
 _4615_/X
 _4616_/X
 _4617_/X
 _4618_/X
 _4619_/X
 _4620_/Y
 _4621_/X
 _4622_/X
 _4623_/Y
 _4624_/Y
 _4625_/Y
 _4626_/X
 _4627_/X
 _4628_/X
 _4629_/Y
 _4630_/X
 _4631_/X
 _4632_/X
 _4633_/X
 _4634_/X
 _4635_/X
 _4636_/X
 _4637_/Y
 _4638_/X
 _4639_/Y
 _4640_/X
 _4641_/X
 _4642_/X
 _4643_/Y
 _4644_/X
 _4645_/X
 _4646_/X
 _4647_/X
 _4648_/X
 _4649_/X
 _4650_/X
 _4651_/Y
 _4652_/X
 _4653_/Y
 _4654_/X
 _4655_/X
 _4656_/X
 _4657_/X
 _4658_/X
 _4659_/X
 _4660_/X
 _4661_/X
 _4662_/X
 _4663_/X
 _4664_/X
 _4665_/Y
 _4666_/X
 _4667_/Y
 _4668_/X
 _4669_/X
 _4670_/X
 _4671_/X
 _4672_/X
 _4673_/X
 _4674_/Y
 _4675_/X
 _4676_/X
 _4677_/X
 _4678_/Y
 _4679_/Y
 _4680_/Y
 _4681_/X
 _4682_/X
 _4683_/X
 _4684_/X
 _4685_/X
 _4686_/X
 _4687_/X
 _4688_/X
 _4689_/X
 _4690_/X
 _4691_/X
 _4692_/Y
 _4693_/X
 _4694_/Y
 _4695_/X
 _4696_/X
 _4697_/X
 _4698_/X
 _4699_/X
 _4700_/X
 _4701_/X
 _4702_/X
 _4703_/X
 _4704_/X
 _4705_/X
 _4706_/X
 _4707_/X
 _4708_/X
 _4709_/X
 _4710_/X
 _4711_/X
 _4712_/X
 _4713_/X
 _4714_/X
 _4715_/X
 _4716_/X
 _4717_/X
 _4718_/X
 _4719_/X
 _4720_/X
 _4721_/X
 _4722_/X
 _4723_/X
 _4724_/X
 _4725_/X
 _4726_/X
 _4727_/X
 _4728_/Y
 _4729_/Y
 _4730_/X
 _4731_/X
 _4732_/X
 _4733_/Y
 _4734_/X
 _4735_/X
 _4736_/X
 _4737_/X
 _4738_/Y
 _4739_/Y
 _4740_/X
 _4741_/Y
 _4742_/X
 _4743_/X
 _4744_/X
 _4745_/Y
 _4746_/X
 _4747_/X
 _4748_/X
 _4749_/Y
 _4750_/X
 _4751_/X
 _4752_/X
 _4753_/Y
 _4754_/Y
 _4755_/Y
 _4756_/Y
 _4757_/X
 _4758_/X
 _4759_/X
 _4760_/X
 _4761_/X
 _4762_/Y
 _4763_/X
 _4764_/Y
 _4765_/Y
 _4766_/Y
 _4767_/X
 _4768_/X
 _4769_/Y
 _4770_/Y
 _4771_/X
 _4772_/X
 _4773_/Y
 _4774_/Y
 _4775_/X
 _4776_/X
 _4777_/X
 _4778_/X
 _4779_/X
 _4780_/X
 _4781_/X
 _4782_/X
 _4783_/X
 _4784_/Y
 _4785_/Y
 _4786_/Y
 _4787_/X
 _4788_/Y
 _4789_/X
 _4790_/X
 _4791_/X
 _4792_/Y
 _4793_/X
 _4794_/Y
 _4795_/Y
 _4796_/X
 _4797_/X
 _4798_/Y
 _4799_/X
 _4800_/X
 _4801_/Y
 _4802_/X
 _4803_/Y
 _4804_/X
 _4805_/X
 _4806_/X
 _4807_/Y
 _4808_/Y
 _4809_/Y
 _4810_/Y
 _4811_/X
 _4812_/X
 _4813_/X
 _4814_/Y
 _4815_/X
 _4816_/Y
 _4817_/X
 _4818_/Y
 _4819_/Y
 _4820_/X
 _4821_/Y
 _4822_/X
 _4823_/X
 _4824_/Y
 _4825_/X
 _4826_/Y
 _4827_/Y
 _4828_/Y
 _4829_/Y
 _4830_/Y
 _4831_/X
 _4832_/X
 _4833_/Y
 _4834_/X
 _4835_/X
 _4836_/Y
 _4837_/X
 _4838_/X
 _4839_/Y
 _4840_/X
 _4841_/X
 _4842_/X
 _4843_/Y
 _4844_/X
 _4845_/X
 _4846_/X
 _4847_/Y
 _4848_/X
 _4849_/X
 _4850_/X
 _4851_/X
 _4852_/Y
 _4853_/Y
 _4854_/X
 _4855_/X
 _4856_/X
 _4857_/X
 _4858_/X
 _4859_/X
 _4860_/X
 _4861_/X
 _4862_/X
 _4863_/X
 _4864_/X
 _4865_/X
 _4866_/X
 _4867_/X
 _4868_/X
 _4869_/X
 _4870_/X
 _4871_/Q
 _4872_/Q
 _4873_/Q
 _4874_/Q
 _4875_/Q
 _4876_/Q
 _4877_/Q
 _4878_/Q
 _4879_/Q
 _4880_/Q
 _4881_/Q
 _4882_/Q
 _4883_/Q
 _4884_/Q
 _4885_/Q
 _4886_/Q
 _4887_/Q
 _4888_/Q
 _4889_/Q
 _4890_/Q
 _4891_/Q
 _4892_/Q
 _4893_/Q
 _4894_/Q
 _4895_/Q
 _4896_/Q
 _4897_/Q
 _4898_/Q
 _4899_/Q
 _4900_/Q
 _4901_/Q
 _4902_/Q
 _4903_/Q
 _4904_/Q
 _4905_/Q
 _4906_/Q
 _4907_/Q
 _4908_/Q
 _4909_/Q
 _4910_/Q
 _4911_/Q
 _4912_/Q
 _4913_/Q
 _4914_/Q
 _4915_/Q
 _4916_/Q
 _4917_/Q
 _4918_/Q
 _4919_/Q
 _4920_/Q
 _4921_/Q
 _4922_/Q
 _4923_/Q
 _4924_/Q
 _4925_/Q
 _4926_/Q
 _4927_/Q
 _4928_/Q
 _4929_/Q
 _4930_/Q
 _4931_/Q
 _4932_/Q
 _4933_/Q
 _4934_/Q
 _4935_/Q
 _4936_/Q
 _4937_/Q
 _4938_/Q
 _4939_/Q
 _4940_/Q
 _4941_/Q
 _4942_/Q
 _4943_/Q
 _4944_/Q
 _4945_/Q
 _4946_/Q
 _4947_/Q
 _4948_/Q
 _4949_/Q
 _4950_/Q
 _4951_/Q
 _4952_/Q
 _4953_/Q
 _4954_/Q
 _4955_/Q
 _4956_/Q
 _4957_/Q
 _4958_/Q
 _4959_/Q
 _4960_/Q
 _4961_/Q
 _4962_/Q
 _4963_/Q
 _4964_/Q
 _4965_/Q
 _4966_/Q
 _4967_/Q
 _4968_/Q
 _4969_/Q
 _4970_/Q
 _4971_/Q
 _4972_/Q
 _4973_/Q
 _4974_/Q
 _4975_/Q
 _4976_/Q
 _4977_/Q
 _4978_/Q
 _4979_/Q
 _4980_/Q
 _4981_/Q
 _4982_/Q
 _4983_/Q
 _4984_/Q
 _4985_/Q
 _4986_/Q
 _4987_/Q
 _4988_/Q
 _4989_/Q
 _4990_/Q
 _4991_/Q
 _4992_/Q
 _4993_/Q
 _4994_/Q
 _4995_/Q
 _4996_/Q
 _4997_/Q
 _4998_/Q
 _4999_/Q
 _5000_/Q
 _5001_/Q
 _5002_/Q
 _5003_/Q
 _5004_/Q
 _5005_/Q
 _5006_/Q
 _5007_/Q
 _5008_/Q
 _5009_/Q
 _5010_/Q
 _5011_/Q
 _5012_/Q
 _5013_/Q
 _5014_/Q
 _5015_/Q
 _5016_/Q
 _5017_/Q
 _5018_/Q
 _5019_/Q
 _5020_/Q
 _5021_/Q
 _5022_/Q
 _5023_/Q
 _5024_/Q
 _5025_/Q
 _5026_/Q
 _5027_/Q
 _5028_/Q
 _5029_/Q
 _5030_/Q
 _5031_/Q
 _5032_/Q
 _5033_/Q
 _5034_/Q
 _5035_/Q
 _5036_/Q
 _5037_/Q
 _5038_/Q
 _5039_/Q
 _5040_/Q
 _5041_/Q
 _5042_/Q
 _5043_/Q
 _5044_/Q
 _5045_/Q
 _5046_/Q
 _5047_/Q
 _5048_/Q
 _5049_/Q
 _5050_/Q
 _5051_/Q
 _5052_/Q
 _5053_/Q
 _5054_/Q
 _5055_/Q
 _5056_/Q
 _5057_/Q
 _5058_/Q
 _5059_/Q
 _5060_/Q
 _5061_/Q
 _5062_/Q
 _5063_/Q
 _5064_/Q
 _5065_/Q
 _5066_/Q
 _5067_/Q
 _5068_/Q
 _5069_/Q
 _5070_/Q
 _5071_/Q
 _5072_/Q
 _5073_/Q
 _5074_/Q
 _5075_/Q
 _5076_/Q
 _5077_/Q
 _5078_/Q
 _5079_/Q
 _5080_/Q
 _5081_/Q
 _5082_/Q
 _5083_/Q
 _5084_/Q
 _5085_/Q
 _5086_/Q
 _5087_/Q
 _5088_/Q
 _5089_/Q
 _5090_/Q
 _5091_/Q
 _5092_/Q
 _5093_/Q
 _5094_/Q
 _5095_/Q
 _5096_/Q
 _5097_/Q
 _5098_/Q
 _5099_/Q
 _5100_/Q
 _5101_/Q
 _5102_/Q
 _5103_/Q
 _5104_/Q
 _5105_/Q
 _5106_/Q
 _5107_/Q
 _5108_/Q
 _5109_/Q
 _5110_/Q
 _5111_/Q
 _5112_/Q
 _5113_/Q
 _5114_/Q
 _5115_/Q
 _5116_/Q
 _5117_/Q
 _5118_/Q
 _5119_/Q
 _5120_/Q
 _5121_/Q
 _5122_/Q
 _5123_/Q
 _5124_/Q
 _5125_/Q
 _5126_/Q
 _5127_/Q
 _5128_/Q
 _5129_/Q
 _5130_/Q
 _5131_/Q
 _5132_/Q
 _5133_/Q
 _5134_/Q
 _5135_/Q
 _5136_/Q
 _5137_/Q
 _5138_/Q
 _5139_/Q
 _5140_/Q
 _5141_/Q
 _5142_/Q
 _5143_/Q
 _5144_/Q
 _5145_/Q
 _5146_/Q
 _5147_/Q
 _5148_/Q
 _5149_/Q
 _5150_/Q
 _5151_/Q
 _5152_/Q
 _5153_/Q
 _5154_/Q
 _5155_/Q
 _5156_/Q
 _5157_/Q
 _5158_/Q
 _5159_/Q
 _5160_/Q
 _5161_/Q
 _5162_/Q
 _5163_/Q
 _5164_/Q
 _5165_/Q
 _5166_/Q
 _5167_/Q
 _5168_/Q
 _5169_/Q
 _5170_/Q
 _5171_/Q
 _5172_/Q
 _5173_/Q
 _5174_/Q
 _5175_/Q
 _5176_/Q
 _5177_/Q
 _5178_/Q
 _5179_/Q
 _5180_/Q
 _5181_/Q
 _5182_/Q
 _5183_/Q
 _5184_/Q
 _5185_/Q
 _5186_/Q
 _5187_/Q
 _5188_/Q
 _5189_/Q
 _5190_/Q
 _5191_/Q
 _5192_/Q
 _5193_/Q
 _5194_/Q
 _5195_/Q
 _5196_/Q
 _5197_/Q
 _5198_/Q
 _5199_/Q
 _5200_/Q
 _5201_/Q
 _5202_/Q
 _5203_/Q
 _5204_/Q
 _5205_/Q
 _5206_/Q
 _5207_/Q
 _5208_/Q
 _5209_/Q
 _5210_/Q
 _5211_/Q
 _5212_/Q
 _5213_/Q
 _5214_/Q
 _5215_/Q
 _5216_/Q
 _5217_/Q
 _5218_/Q
 _5219_/Q
 _5220_/Q
 _5221_/Q
 _5222_/Q
 _5223_/Q
 _5224_/Q
 _5225_/Q
 _5226_/Q
 _5227_/Q
 _5228_/Q
 _5229_/Q
 _5230_/Q
 _5231_/Q
 _5232_/Q
 _5233_/Q
 _5234_/Q
 _5235_/Q
 _5236_/Q
 _5237_/Q
 _5238_/Q
 _5239_/Q
 _5240_/Q
 _5241_/Q
 _5242_/Q
 _5243_/Q
 _5244_/Q
 _5245_/Q
 _5246_/Q
 _5247_/Q
 _5248_/Q
 _5249_/Q
 _5250_/Q
 _5251_/Q
 _5252_/Q
 _5253_/Q
 _5254_/Q
 _5255_/Q
 _5256_/Q
 _5257_/Q
 _5258_/Q
 _5259_/Q
 _5260_/Q
 _5261_/Q
 _5262_/Q
 _5263_/Q
 _5264_/Q
 _5265_/Q
 _5266_/Q
 _5267_/Q
 _5268_/Q
 _5269_/Q
 _5270_/Q
 _5271_/Q
 _5272_/Q
 _5273_/Q
 _5274_/Q
 _5275_/Q
 _5276_/Q
 _5277_/Q
 _5278_/Q
 _5279_/Q
 _5280_/Q
 _5281_/Q
 _5282_/Q
 _5283_/Q
 _5284_/Q
 _5285_/Q
 _5286_/Q
Found 0 partially unannotated drivers.

===========================================================================
max slew violation count 0
max fanout violation count 0
max cap violation count 0
============================================================================

===========================================================================
check_setup -verbose -unconstrained_endpoints -multiple_clock -no_clock -no_input_delay -loops -generated_clocks
===========================================================================
Warning: There are 49 input ports missing set_input_delay.
  INSTR_STREAM[0]
  INSTR_STREAM[10]
  INSTR_STREAM[11]
  INSTR_STREAM[12]
  INSTR_STREAM[13]
  INSTR_STREAM[14]
  INSTR_STREAM[15]
  INSTR_STREAM[16]
  INSTR_STREAM[17]
  INSTR_STREAM[18]
  INSTR_STREAM[19]
  INSTR_STREAM[1]
  INSTR_STREAM[20]
  INSTR_STREAM[21]
  INSTR_STREAM[22]
  INSTR_STREAM[23]
  INSTR_STREAM[24]
  INSTR_STREAM[25]
  INSTR_STREAM[26]
  INSTR_STREAM[27]
  INSTR_STREAM[28]
  INSTR_STREAM[29]
  INSTR_STREAM[2]
  INSTR_STREAM[30]
  INSTR_STREAM[31]
  INSTR_STREAM[3]
  INSTR_STREAM[4]
  INSTR_STREAM[5]
  INSTR_STREAM[6]
  INSTR_STREAM[7]
  INSTR_STREAM[8]
  INSTR_STREAM[9]
  MEM_LD_DATA[0]
  MEM_LD_DATA[10]
  MEM_LD_DATA[11]
  MEM_LD_DATA[12]
  MEM_LD_DATA[13]
  MEM_LD_DATA[14]
  MEM_LD_DATA[15]
  MEM_LD_DATA[1]
  MEM_LD_DATA[2]
  MEM_LD_DATA[3]
  MEM_LD_DATA[4]
  MEM_LD_DATA[5]
  MEM_LD_DATA[6]
  MEM_LD_DATA[7]
  MEM_LD_DATA[8]
  MEM_LD_DATA[9]
  RESET
Warning: There are 58 unconstrained endpoints.
  DEVICES_LDH
  DEVICES_LDW
  DEVICES_STRH
  DEVICES_STRW
  EX_HALT
  INSTR_ADDR[0]
  INSTR_ADDR[10]
  INSTR_ADDR[11]
  INSTR_ADDR[12]
  INSTR_ADDR[13]
  INSTR_ADDR[14]
  INSTR_ADDR[15]
  INSTR_ADDR[1]
  INSTR_ADDR[2]
  INSTR_ADDR[3]
  INSTR_ADDR[4]
  INSTR_ADDR[5]
  INSTR_ADDR[6]
  INSTR_ADDR[7]
  INSTR_ADDR[8]
  INSTR_ADDR[9]
  INVALID_MEM
  MAIN_LDH
  MAIN_LDW
  MAIN_STRH
  MAIN_STRW
  MEM_ADDR[0]
  MEM_ADDR[10]
  MEM_ADDR[11]
  MEM_ADDR[12]
  MEM_ADDR[13]
  MEM_ADDR[14]
  MEM_ADDR[15]
  MEM_ADDR[1]
  MEM_ADDR[2]
  MEM_ADDR[3]
  MEM_ADDR[4]
  MEM_ADDR[5]
  MEM_ADDR[6]
  MEM_ADDR[7]
  MEM_ADDR[8]
  MEM_ADDR[9]
  MEM_STR_DATA[0]
  MEM_STR_DATA[10]
  MEM_STR_DATA[11]
  MEM_STR_DATA[12]
  MEM_STR_DATA[13]
  MEM_STR_DATA[14]
  MEM_STR_DATA[15]
  MEM_STR_DATA[1]
  MEM_STR_DATA[2]
  MEM_STR_DATA[3]
  MEM_STR_DATA[4]
  MEM_STR_DATA[5]
  MEM_STR_DATA[6]
  MEM_STR_DATA[7]
  MEM_STR_DATA[8]
  MEM_STR_DATA[9]
