
===========================================================================
report_checks -unconstrained
===========================================================================
======================= nom_tt_025C_1v80 Corner ===================================

Startpoint: _5127_ (rising edge-triggered flip-flop clocked by CLK)
Endpoint: DEVICES_STRW (output port clocked by CLK)
Path Group: CLK
Path Type: max

Fanout         Cap        Slew       Delay        Time   Description
---------------------------------------------------------------------------------------------
                                  0.000000    0.000000   clock CLK (rise edge)
                                  0.000000    0.000000   clock source latency
     1    0.045988    0.000000    0.000000    0.000000 ^ CLK (in)
                                                         CLK (net)
                      0.002242    0.001121    0.001121 ^ clkbuf_0_CLK/A (sky130_fd_sc_hd__clkbuf_16)
     4    0.072299    0.089875    0.149402    0.150523 ^ clkbuf_0_CLK/X (sky130_fd_sc_hd__clkbuf_16)
                                                         clknet_0_CLK (net)
                      0.090100    0.003594    0.154117 ^ clkbuf_2_2__f_CLK/A (sky130_fd_sc_hd__clkbuf_16)
    11    0.101407    0.116949    0.203323    0.357440 ^ clkbuf_2_2__f_CLK/X (sky130_fd_sc_hd__clkbuf_16)
                                                         clknet_2_2__leaf_CLK (net)
                      0.117022    0.002693    0.360133 ^ clkbuf_leaf_9_CLK/A (sky130_fd_sc_hd__clkbuf_8)
    11    0.033699    0.072053    0.175449    0.535581 ^ clkbuf_leaf_9_CLK/X (sky130_fd_sc_hd__clkbuf_8)
                                                         clknet_leaf_9_CLK (net)
                      0.072065    0.000953    0.536535 ^ _5127_/CLK (sky130_fd_sc_hd__dfxtp_4)
    26    0.222215    0.618797    0.748158    1.284693 ^ _5127_/Q (sky130_fd_sc_hd__dfxtp_4)
                                                         _0008_ (net)
                      0.619006    0.009639    1.294332 ^ max_cap153/A (sky130_fd_sc_hd__buf_12)
    39    0.332198    0.374375    0.402512    1.696844 ^ max_cap153/X (sky130_fd_sc_hd__buf_12)
                                                         net153 (net)
                      0.387763    0.055887    1.752731 ^ _2578_/S0 (sky130_fd_sc_hd__mux4_2)
     1    0.003389    0.081705    0.552135    2.304866 v _2578_/X (sky130_fd_sc_hd__mux4_2)
                                                         _0508_ (net)
                      0.081705    0.000126    2.304991 v _2579_/B (sky130_fd_sc_hd__or2_2)
     2    0.007416    0.068714    0.302731    2.607722 v _2579_/X (sky130_fd_sc_hd__or2_2)
                                                         _0509_ (net)
                      0.068714    0.000135    2.607857 v _2586_/A1 (sky130_fd_sc_hd__a22o_2)
     8    0.056397    0.154681    0.364474    2.972331 v _2586_/X (sky130_fd_sc_hd__a22o_2)
                                                         _0516_ (net)
                      0.154701    0.001865    2.974196 v _2587_/B (sky130_fd_sc_hd__and2_2)
     4    0.014158    0.061318    0.269148    3.243343 v _2587_/X (sky130_fd_sc_hd__and2_2)
                                                         _0517_ (net)
                      0.061318    0.000157    3.243500 v _2589_/A (sky130_fd_sc_hd__nor2_2)
     9    0.050288    0.541632    0.449248    3.692748 ^ _2589_/Y (sky130_fd_sc_hd__nor2_2)
                                                         _0519_ (net)
                      0.541639    0.001680    3.694428 ^ _2615_/A1 (sky130_fd_sc_hd__a21o_2)
     2    0.015925    0.092390    0.255556    3.949984 ^ _2615_/X (sky130_fd_sc_hd__a21o_2)
                                                         _0545_ (net)
                      0.092392    0.000545    3.950529 ^ _2621_/A1 (sky130_fd_sc_hd__a21bo_2)
     3    0.022548    0.129328    0.203940    4.154469 ^ _2621_/X (sky130_fd_sc_hd__a21bo_2)
                                                         _0551_ (net)
                      0.129334    0.001065    4.155534 ^ _2626_/A2 (sky130_fd_sc_hd__a31o_2)
     3    0.019840    0.126046    0.234935    4.390469 ^ _2626_/X (sky130_fd_sc_hd__a31o_2)
                                                         _0556_ (net)
                      0.126049    0.000833    4.391301 ^ _2631_/A1 (sky130_fd_sc_hd__a31o_2)
     4    0.043006    0.247393    0.317180    4.708481 ^ _2631_/X (sky130_fd_sc_hd__a31o_2)
                                                         _0561_ (net)
                      0.247407    0.002160    4.710641 ^ _2684_/D_N (sky130_fd_sc_hd__or4b_2)
     3    0.014815    0.144888    0.684698    5.395339 v _2684_/X (sky130_fd_sc_hd__or4b_2)
                                                         _0614_ (net)
                      0.144888    0.000660    5.395999 v _2690_/A1 (sky130_fd_sc_hd__a21o_2)
     4    0.015181    0.062517    0.259041    5.655040 v _2690_/X (sky130_fd_sc_hd__a21o_2)
                                                         _0620_ (net)
                      0.062521    0.000545    5.655585 v _2694_/A3 (sky130_fd_sc_hd__a311o_2)
     4    0.016362    0.088476    0.437180    6.092765 v _2694_/X (sky130_fd_sc_hd__a311o_2)
                                                         _0624_ (net)
                      0.088477    0.000467    6.093232 v _2696_/A2 (sky130_fd_sc_hd__a21bo_2)
     5    0.017878    0.069035    0.267659    6.360891 v _2696_/X (sky130_fd_sc_hd__a21bo_2)
                                                         _0626_ (net)
                      0.069043    0.000785    6.361675 v _2704_/C (sky130_fd_sc_hd__and3_2)
     2    0.018382    0.072251    0.259752    6.621428 v _2704_/X (sky130_fd_sc_hd__and3_2)
                                                         _0628_ (net)
                      0.072251    0.000447    6.621875 v _2705_/B (sky130_fd_sc_hd__and2_2)
     1    0.002936    0.036685    0.195151    6.817025 v _2705_/X (sky130_fd_sc_hd__and2_2)
                                                         net53 (net)
                      0.036685    0.000088    6.817113 v output53/A (sky130_fd_sc_hd__clkdlybuf4s25_1)
     1    0.051857    0.380943    0.502896    7.320009 v output53/X (sky130_fd_sc_hd__clkdlybuf4s25_1)
                                                         DEVICES_STRW (net)
                      0.380946    0.001511    7.321519 v DEVICES_STRW (out)
                                              7.321519   data arrival time

                                 26.000000   26.000000   clock CLK (rise edge)
                                  0.000000   26.000000   clock network delay (propagated)
                                  0.000000   26.000000   clock reconvergence pessimism
                                 -5.000000   20.999998   output external delay
                                             20.999998   data required time
---------------------------------------------------------------------------------------------
                                             20.999998   data required time
                                             -7.321519   data arrival time
---------------------------------------------------------------------------------------------
                                             13.678479   slack (MET)




===========================================================================
report_checks --slack_max -0.01
============================================================================
======================= nom_tt_025C_1v80 Corner ===================================

No paths found.


===========================================================================
 report_check_types -max_slew -max_cap -max_fanout -violators
============================================================================
======================= nom_tt_025C_1v80 Corner ===================================



===========================================================================
report_parasitic_annotation -report_unannotated
============================================================================
Found 34 unannotated drivers.
 clkload0/X
 clkload1/Y
 clkload10/X
 clkload11/X
 clkload12/Y
 clkload13/Y
 clkload14/Y
 clkload15/Y
 clkload16/Y
 clkload17/X
 clkload18/Y
 clkload19/Y
 clkload2/Y
 clkload20/Y
 clkload21/Y
 clkload22/Y
 clkload23/X
 clkload24/X
 clkload25/X
 clkload26/Y
 clkload27/Y
 clkload28/X
 clkload29/X
 clkload3/Y
 clkload30/X
 clkload31/X
 clkload32/X
 clkload33/Y
 clkload4/X
 clkload5/X
 clkload6/X
 clkload7/X
 clkload8/X
 clkload9/X
Found 0 partially unannotated drivers.

===========================================================================
max slew violation count 0
max fanout violation count 0
max cap violation count 0
============================================================================

===========================================================================
check_setup -verbose -unconstrained_endpoints -multiple_clock -no_clock -no_input_delay -loops -generated_clocks
===========================================================================
