
===========================================================================
report_checks -unconstrained
===========================================================================
======================= max_tt_025C_1v80 Corner ===================================

Startpoint: _5125_ (rising edge-triggered flip-flop clocked by CLK)
Endpoint: DEVICES_LDW (output port clocked by CLK)
Path Group: CLK
Path Type: max

Fanout         Cap        Slew       Delay        Time   Description
---------------------------------------------------------------------------------------------
                                  0.000000    0.000000   clock CLK (rise edge)
                                  0.000000    0.000000   clock source latency
     1    0.054523    0.249290    0.173947    0.173947 ^ CLK (in)
                                                         CLK (net)
                      0.249335    0.000000    0.173947 ^ clkbuf_0_CLK/A (sky130_fd_sc_hd__clkbuf_16)
     8    0.145052    0.159700    0.275016    0.448963 ^ clkbuf_0_CLK/X (sky130_fd_sc_hd__clkbuf_16)
                                                         clknet_0_CLK (net)
                      0.162127    0.015651    0.464615 ^ clkbuf_3_0__f_CLK/A (sky130_fd_sc_hd__clkbuf_16)
     6    0.065033    0.083609    0.199405    0.664020 ^ clkbuf_3_0__f_CLK/X (sky130_fd_sc_hd__clkbuf_16)
                                                         clknet_3_0__leaf_CLK (net)
                      0.083907    0.003411    0.667431 ^ clkbuf_leaf_3_CLK/A (sky130_fd_sc_hd__clkbuf_8)
    11    0.033693    0.072174    0.162521    0.829952 ^ clkbuf_leaf_3_CLK/X (sky130_fd_sc_hd__clkbuf_8)
                                                         clknet_leaf_3_CLK (net)
                      0.072230    0.001823    0.831774 ^ _5125_/CLK (sky130_fd_sc_hd__dfxtp_2)
     1    0.003861    0.033998    0.318522    1.150296 ^ _5125_/Q (sky130_fd_sc_hd__dfxtp_2)
                                                         _0010_ (net)
                      0.034412    0.000239    1.150535 ^ fanout473/A (sky130_fd_sc_hd__clkdlybuf4s25_1)
     8    0.108393    1.072465    0.952123    2.102658 ^ fanout473/X (sky130_fd_sc_hd__clkdlybuf4s25_1)
                                                         net473 (net)
                      1.072832    0.016652    2.119310 ^ fanout472/A (sky130_fd_sc_hd__clkdlybuf4s25_1)
    10    0.079218    0.782080    0.904130    3.023440 ^ fanout472/X (sky130_fd_sc_hd__clkdlybuf4s25_1)
                                                         net472 (net)
                      0.782726    0.018735    3.042175 ^ _2434_/A (sky130_fd_sc_hd__inv_2)
     1    0.002712    0.090230    0.039317    3.081492 v _2434_/Y (sky130_fd_sc_hd__inv_2)
                                                         _2324_ (net)
                      0.090230    0.000185    3.081677 v fanout365/A (sky130_fd_sc_hd__clkdlybuf4s25_1)
     6    0.073392    0.533735    0.636857    3.718534 v fanout365/X (sky130_fd_sc_hd__clkdlybuf4s25_1)
                                                         net365 (net)
                      0.533754    0.003683    3.722217 v fanout363/A (sky130_fd_sc_hd__clkdlybuf4s25_1)
    10    0.071304    0.517879    0.744347    4.466564 v fanout363/X (sky130_fd_sc_hd__clkdlybuf4s25_1)
                                                         net363 (net)
                      0.517936    0.005738    4.472301 v _2592_/S (sky130_fd_sc_hd__mux2_1)
     1    0.011200    0.094718    0.530512    5.002813 v _2592_/X (sky130_fd_sc_hd__mux2_1)
                                                         _0467_ (net)
                      0.094803    0.001185    5.003999 v _2593_/B1 (sky130_fd_sc_hd__a22o_2)
     1    0.009155    0.063647    0.243487    5.247486 v _2593_/X (sky130_fd_sc_hd__a22o_2)
                                                         _0468_ (net)
                      0.063647    0.000755    5.248241 v fanout301/A (sky130_fd_sc_hd__clkdlybuf4s25_1)
     8    0.082895    0.603089    0.670801    5.919042 v fanout301/X (sky130_fd_sc_hd__clkdlybuf4s25_1)
                                                         net301 (net)
                      0.603089    0.000213    5.919255 v fanout299/A (sky130_fd_sc_hd__clkdlybuf4s25_1)
    10    0.076165    0.554025    0.790777    6.710032 v fanout299/X (sky130_fd_sc_hd__clkdlybuf4s25_1)
                                                         net299 (net)
                      0.554148    0.007844    6.717876 v _2606_/B (sky130_fd_sc_hd__xor2_2)
     3    0.020897    0.302246    0.438839    7.156715 ^ _2606_/X (sky130_fd_sc_hd__xor2_2)
                                                         _0481_ (net)
                      0.302246    0.001160    7.157876 ^ _2608_/A2 (sky130_fd_sc_hd__a21o_2)
     2    0.018160    0.100211    0.234599    7.392474 ^ _2608_/X (sky130_fd_sc_hd__a21o_2)
                                                         _0483_ (net)
                      0.100237    0.001576    7.394051 ^ _2609_/A2 (sky130_fd_sc_hd__a21o_2)
     2    0.013665    0.078306    0.169095    7.563146 ^ _2609_/X (sky130_fd_sc_hd__a21o_2)
                                                         _0484_ (net)
                      0.078310    0.000683    7.563829 ^ _2614_/A1 (sky130_fd_sc_hd__a21bo_2)
     3    0.026977    0.151323    0.213396    7.777225 ^ _2614_/X (sky130_fd_sc_hd__a21bo_2)
                                                         _0489_ (net)
                      0.151625    0.004931    7.782156 ^ _2619_/A2 (sky130_fd_sc_hd__a31o_2)
     3    0.025455    0.154448    0.261226    8.043383 ^ _2619_/X (sky130_fd_sc_hd__a31o_2)
                                                         _0494_ (net)
                      0.154490    0.002442    8.045825 ^ _2624_/A1 (sky130_fd_sc_hd__a311o_2)
     4    0.052029    0.274032    0.362893    8.408717 ^ _2624_/X (sky130_fd_sc_hd__a311o_2)
                                                         _0499_ (net)
                      0.274806    0.011934    8.420651 ^ _2679_/A (sky130_fd_sc_hd__nand4_2)
     2    0.014077    0.158736    0.181314    8.601965 v _2679_/Y (sky130_fd_sc_hd__nand4_2)
                                                         _0554_ (net)
                      0.158746    0.001244    8.603209 v _2683_/A1 (sky130_fd_sc_hd__a21bo_2)
     4    0.019889    0.073452    0.278026    8.881235 v _2683_/X (sky130_fd_sc_hd__a21bo_2)
                                                         _0558_ (net)
                      0.073474    0.001235    8.882470 v _2688_/A3 (sky130_fd_sc_hd__a311o_2)
     3    0.014208    0.083791    0.435511    9.317982 v _2688_/X (sky130_fd_sc_hd__a311o_2)
                                                         _0563_ (net)
                      0.083791    0.000793    9.318774 v _2689_/B (sky130_fd_sc_hd__nand2_2)
     1    0.009694    0.074304    0.098401    9.417175 ^ _2689_/Y (sky130_fd_sc_hd__nand2_2)
                                                         _0564_ (net)
                      0.074311    0.000748    9.417924 ^ _2690_/B (sky130_fd_sc_hd__xnor2_2)
     3    0.026223    0.141023    0.131240    9.549164 v _2690_/Y (sky130_fd_sc_hd__xnor2_2)
                                                         _0565_ (net)
                      0.141074    0.002141    9.551305 v _2696_/B (sky130_fd_sc_hd__or2_2)
     5    0.023328    0.107734    0.377643    9.928947 v _2696_/X (sky130_fd_sc_hd__or2_2)
                                                         _0567_ (net)
                      0.107741    0.000973    9.929920 v _2701_/B (sky130_fd_sc_hd__nor2_2)
     1    0.006060    0.133271    0.118287   10.048207 ^ _2701_/Y (sky130_fd_sc_hd__nor2_2)
                                                         net51 (net)
                      0.133271    0.000448   10.048655 ^ output51/A (sky130_fd_sc_hd__clkdlybuf4s25_1)
     1    0.035157    0.355551    0.493946   10.542601 ^ output51/X (sky130_fd_sc_hd__clkdlybuf4s25_1)
                                                         DEVICES_LDW (net)
                      0.355556    0.001807   10.544408 ^ DEVICES_LDW (out)
                                             10.544408   data arrival time

                                 26.000000   26.000000   clock CLK (rise edge)
                                  0.000000   26.000000   clock network delay (propagated)
                                 -0.250000   25.750000   clock uncertainty
                                  0.000000   25.750000   clock reconvergence pessimism
                                 -5.000000   20.750000   output external delay
                                             20.750000   data required time
---------------------------------------------------------------------------------------------
                                             20.750000   data required time
                                            -10.544408   data arrival time
---------------------------------------------------------------------------------------------
                                             10.205591   slack (MET)




===========================================================================
report_checks --slack_max -0.01
============================================================================
======================= max_tt_025C_1v80 Corner ===================================

No paths found.


===========================================================================
 report_check_types -max_slew -max_cap -max_fanout -violators
============================================================================
======================= max_tt_025C_1v80 Corner ===================================

max slew

Pin                                        Limit        Slew       Slack
------------------------------------------------------------------------
_2541_/B1                               0.750000    1.211781   -0.461781 (VIOLATED)
_2520_/B1                               0.750000    1.211745   -0.461745 (VIOLATED)
_2507_/B1                               0.750000    1.211719   -0.461719 (VIOLATED)
_2471_/B1                               0.750000    1.211637   -0.461637 (VIOLATED)
_2495_/B1                               0.750000    1.211544   -0.461544 (VIOLATED)
_2589_/B1                               0.750000    1.211541   -0.461541 (VIOLATED)
_2530_/B1                               0.750000    1.211535   -0.461535 (VIOLATED)
_2643_/B1                               0.750000    1.211531   -0.461531 (VIOLATED)
_2435_/A                                0.750000    1.211530   -0.461530 (VIOLATED)
_2483_/B1                               0.750000    1.211513   -0.461513 (VIOLATED)
fanout469/X                             0.750000    1.211484   -0.461484 (VIOLATED)
_2888_/A1                               0.750000    1.152995   -0.402995 (VIOLATED)
_2694_/A                                0.750000    1.152992   -0.402992 (VIOLATED)
_4611_/A0                               0.750000    1.152981   -0.402981 (VIOLATED)
_2700_/A                                0.750000    1.152964   -0.402964 (VIOLATED)
_4704_/A0                               0.750000    1.152964   -0.402964 (VIOLATED)
_4664_/A0                               0.750000    1.152949   -0.402949 (VIOLATED)
_2459_/A1                               0.750000    1.152944   -0.402944 (VIOLATED)
_3457_/A                                0.750000    1.152943   -0.402943 (VIOLATED)
_4681_/A1                               0.750000    1.152937   -0.402937 (VIOLATED)
_4808_/B2                               0.750000    1.152882   -0.402882 (VIOLATED)
fanout322/X                             0.750000    1.152873   -0.402873 (VIOLATED)
_3173_/A2                               0.750000    1.105039   -0.355039 (VIOLATED)
_3187_/A2                               0.750000    1.104936   -0.354936 (VIOLATED)
_3172_/B                                0.750000    1.104934   -0.354934 (VIOLATED)
_3186_/A2                               0.750000    1.104932   -0.354932 (VIOLATED)
_3181_/A2                               0.750000    1.104930   -0.354930 (VIOLATED)
_3180_/A2                               0.750000    1.104921   -0.354921 (VIOLATED)
_3179_/A2                               0.750000    1.104916   -0.354916 (VIOLATED)
_3174_/A2                               0.750000    1.104913   -0.354913 (VIOLATED)
_3188_/A2                               0.750000    1.104912   -0.354912 (VIOLATED)
_3185_/A2                               0.750000    1.104856   -0.354856 (VIOLATED)
fanout282/X                             0.750000    1.104856   -0.354856 (VIOLATED)
_3175_/B1                               0.750000    1.095032   -0.345032 (VIOLATED)
_3173_/B1                               0.750000    1.095018   -0.345018 (VIOLATED)
_3180_/B1                               0.750000    1.094939   -0.344939 (VIOLATED)
_3179_/B1                               0.750000    1.094927   -0.344927 (VIOLATED)
_3174_/B1                               0.750000    1.094921   -0.344921 (VIOLATED)
_3185_/B1                               0.750000    1.094888   -0.344888 (VIOLATED)
_3187_/B1                               0.750000    1.094854   -0.344854 (VIOLATED)
_3186_/B1                               0.750000    1.094853   -0.344853 (VIOLATED)
_3181_/B1                               0.750000    1.094852   -0.344852 (VIOLATED)
_3188_/B1                               0.750000    1.094849   -0.344849 (VIOLATED)
fanout243/X                             0.750000    1.094849   -0.344849 (VIOLATED)
_2880_/A                                0.750000    1.078532   -0.328532 (VIOLATED)
_2883_/A                                0.750000    1.078529   -0.328529 (VIOLATED)
_2888_/B1                               0.750000    1.078529   -0.328529 (VIOLATED)
_2887_/B                                0.750000    1.078467   -0.328467 (VIOLATED)
_2860_/A                                0.750000    1.078358   -0.328358 (VIOLATED)
_2862_/A                                0.750000    1.078359   -0.328359 (VIOLATED)
_2858_/A                                0.750000    1.078358   -0.328358 (VIOLATED)
_2856_/A                                0.750000    1.078352   -0.328352 (VIOLATED)
_2854_/A_N                              0.750000    1.078349   -0.328349 (VIOLATED)
fanout344/A                             0.750000    1.078293   -0.328294 (VIOLATED)
fanout345/X                             0.750000    1.078285   -0.328285 (VIOLATED)
_2601_/S                                0.750000    1.072991   -0.322991 (VIOLATED)
_2596_/A                                0.750000    1.072967   -0.322967 (VIOLATED)
ANTENNA_9/DIODE                         0.750000    1.072862   -0.322862 (VIOLATED)
fanout472/A                             0.750000    1.072832   -0.322832 (VIOLATED)
_2533_/S                                0.750000    1.072776   -0.322776 (VIOLATED)
_2672_/S                                0.750000    1.072768   -0.322768 (VIOLATED)
_2589_/A1                               0.750000    1.072736   -0.322736 (VIOLATED)
fanout471/A                             0.750000    1.072559   -0.322559 (VIOLATED)
fanout473/X                             0.750000    1.072465   -0.322465 (VIOLATED)
_2949_/B1                               0.750000    1.058882   -0.308882 (VIOLATED)
_2959_/B1                               0.750000    1.058822   -0.308822 (VIOLATED)
_2956_/B1                               0.750000    1.058802   -0.308802 (VIOLATED)
_2950_/B1                               0.750000    1.058782   -0.308782 (VIOLATED)
_2955_/B1                               0.750000    1.058685   -0.308685 (VIOLATED)
_2961_/B1                               0.750000    1.058649   -0.308649 (VIOLATED)
_2963_/B1                               0.750000    1.058642   -0.308642 (VIOLATED)
_2962_/B1                               0.750000    1.058640   -0.308640 (VIOLATED)
_2957_/B1                               0.750000    1.058636   -0.308636 (VIOLATED)
_2964_/B1                               0.750000    1.058635   -0.308635 (VIOLATED)
fanout176/X                             0.750000    1.058596   -0.308596 (VIOLATED)
_3862_/A1                               0.750000    1.049212   -0.299212 (VIOLATED)
_3608_/A1                               0.750000    1.049199   -0.299199 (VIOLATED)
_3658_/A0                               0.750000    1.049171   -0.299171 (VIOLATED)
_2584_/A                                0.750000    1.049110   -0.299110 (VIOLATED)
_2583_/A                                0.750000    1.049102   -0.299102 (VIOLATED)
_3485_/A                                0.750000    1.048986   -0.298987 (VIOLATED)
_3484_/A                                0.750000    1.048985   -0.298985 (VIOLATED)
_3256_/A                                0.750000    1.048892   -0.298892 (VIOLATED)
_3255_/A                                0.750000    1.048887   -0.298887 (VIOLATED)
_3415_/A1                               0.750000    1.048836   -0.298836 (VIOLATED)
fanout388/X                             0.750000    1.048827   -0.298827 (VIOLATED)
_3461_/B2                               0.750000    1.046555   -0.296555 (VIOLATED)
_3851_/A                                0.750000    1.046444   -0.296444 (VIOLATED)
fanout382/A                             0.750000    1.046248   -0.296248 (VIOLATED)
_2460_/D1                               0.750000    1.046244   -0.296244 (VIOLATED)
_3731_/C                                0.750000    1.046232   -0.296232 (VIOLATED)
_3732_/C                                0.750000    1.046107   -0.296107 (VIOLATED)
_3439_/A1                               0.750000    1.045417   -0.295417 (VIOLATED)
fanout383/X                             0.750000    1.045409   -0.295409 (VIOLATED)
_2897_/B                                0.750000    1.040039   -0.290039 (VIOLATED)
_2923_/B2                               0.750000    1.040037   -0.290037 (VIOLATED)
_2945_/B2                               0.750000    1.040024   -0.290024 (VIOLATED)
_2942_/B2                               0.750000    1.040016   -0.290016 (VIOLATED)
_2898_/A2                               0.750000    1.040008   -0.290008 (VIOLATED)
_2939_/B2                               0.750000    1.040005   -0.290005 (VIOLATED)
_2920_/B2                               0.750000    1.039984   -0.289983 (VIOLATED)
_2917_/B2                               0.750000    1.039982   -0.289982 (VIOLATED)
_2901_/B2                               0.750000    1.039979   -0.289979 (VIOLATED)
_2936_/B2                               0.750000    1.039945   -0.289945 (VIOLATED)
fanout269/X                             0.750000    1.039936   -0.289936 (VIOLATED)
_2639_/B                                0.750000    1.038511   -0.288511 (VIOLATED)
_2636_/B                                0.750000    1.038498   -0.288498 (VIOLATED)
_2634_/B                                0.750000    1.038496   -0.288496 (VIOLATED)
_2633_/A                                0.750000    1.038242   -0.288242 (VIOLATED)
_3673_/A1                               0.750000    1.038035   -0.288035 (VIOLATED)
_3193_/B1                               0.750000    1.037916   -0.287916 (VIOLATED)
_3191_/B1                               0.750000    1.037899   -0.287899 (VIOLATED)
_3198_/B1                               0.750000    1.037821   -0.287821 (VIOLATED)
_3203_/B1                               0.750000    1.037817   -0.287817 (VIOLATED)
_3192_/B1                               0.750000    1.037813   -0.287813 (VIOLATED)
_4723_/A1                               0.750000    1.037777   -0.287777 (VIOLATED)
_4432_/A                                0.750000    1.037682   -0.287682 (VIOLATED)
_4468_/A                                0.750000    1.037682   -0.287682 (VIOLATED)
_3197_/B1                               0.750000    1.037682   -0.287682 (VIOLATED)
_4431_/A                                0.750000    1.037680   -0.287680 (VIOLATED)
_4554_/A1                               0.750000    1.037577   -0.287577 (VIOLATED)
fanout297/X                             0.750000    1.037577   -0.287577 (VIOLATED)
_3205_/B1                               0.750000    1.037215   -0.287215 (VIOLATED)
_3204_/B1                               0.750000    1.037132   -0.287132 (VIOLATED)
_3206_/B1                               0.750000    1.037057   -0.287057 (VIOLATED)
_3199_/B1                               0.750000    1.037048   -0.287048 (VIOLATED)
fanout158/X                             0.750000    1.037024   -0.287024 (VIOLATED)
_2904_/A2                               0.750000    1.030639   -0.280639 (VIOLATED)
_2898_/B1                               0.750000    1.030631   -0.280631 (VIOLATED)
_2920_/A2                               0.750000    1.030549   -0.280549 (VIOLATED)
_2936_/A2                               0.750000    1.030377   -0.280377 (VIOLATED)
_2901_/A2                               0.750000    1.030375   -0.280375 (VIOLATED)
_2917_/A2                               0.750000    1.030366   -0.280366 (VIOLATED)
_2939_/A2                               0.750000    1.030341   -0.280341 (VIOLATED)
_2942_/A2                               0.750000    1.030340   -0.280340 (VIOLATED)
_2945_/A2                               0.750000    1.030253   -0.280253 (VIOLATED)
_2923_/A2                               0.750000    1.030216   -0.280216 (VIOLATED)
fanout204/X                             0.750000    1.030190   -0.280190 (VIOLATED)
_3190_/B                                0.750000    1.024775   -0.274775 (VIOLATED)
_3205_/A2                               0.750000    1.024774   -0.274774 (VIOLATED)
_3199_/A2                               0.750000    1.024772   -0.274772 (VIOLATED)
_3204_/A2                               0.750000    1.024770   -0.274770 (VIOLATED)
_3206_/A2                               0.750000    1.024764   -0.274764 (VIOLATED)
_3191_/A2                               0.750000    1.024729   -0.274729 (VIOLATED)
_3197_/A2                               0.750000    1.024719   -0.274719 (VIOLATED)
_3192_/A2                               0.750000    1.024703   -0.274703 (VIOLATED)
_3198_/A2                               0.750000    1.024701   -0.274701 (VIOLATED)
_3203_/A2                               0.750000    1.024675   -0.274675 (VIOLATED)
fanout241/X                             0.750000    1.024652   -0.274652 (VIOLATED)
_2603_/B2                               0.750000    1.023649   -0.273649 (VIOLATED)
_2524_/B2                               0.750000    1.023644   -0.273644 (VIOLATED)
fanout361/A                             0.750000    1.023635   -0.273635 (VIOLATED)
_2511_/B2                               0.750000    1.023627   -0.273627 (VIOLATED)
_2647_/B2                               0.750000    1.023624   -0.273624 (VIOLATED)
_2593_/B2                               0.750000    1.023623   -0.273623 (VIOLATED)
_2475_/B2                               0.750000    1.023619   -0.273619 (VIOLATED)
_2534_/B2                               0.750000    1.023611   -0.273611 (VIOLATED)
_2499_/B2                               0.750000    1.023587   -0.273587 (VIOLATED)
_2487_/B2                               0.750000    1.023586   -0.273586 (VIOLATED)
fanout362/X                             0.750000    1.023576   -0.273576 (VIOLATED)
_3626_/A1                               0.750000    1.014227   -0.264227 (VIOLATED)
_2852_/A                                0.750000    1.014146   -0.264146 (VIOLATED)
_2604_/A                                0.750000    1.014079   -0.264079 (VIOLATED)
_3479_/A                                0.750000    1.013758   -0.263758 (VIOLATED)
_3474_/A                                0.750000    1.013753   -0.263753 (VIOLATED)
_3480_/A1                               0.750000    1.013733   -0.263733 (VIOLATED)
_3486_/A1                               0.750000    1.013663   -0.263663 (VIOLATED)
_3403_/A                                0.750000    1.013592   -0.263592 (VIOLATED)
_3411_/A1                               0.750000    1.013592   -0.263592 (VIOLATED)
_3260_/A                                0.750000    1.013580   -0.263580 (VIOLATED)
fanout391/X                             0.750000    1.013580   -0.263580 (VIOLATED)
_3007_/B1                               0.750000    1.002872   -0.252872 (VIOLATED)
_3009_/B1                               0.750000    1.002849   -0.252849 (VIOLATED)
_3017_/B1                               0.750000    1.002681   -0.252681 (VIOLATED)
_3019_/B1                               0.750000    1.002676   -0.252676 (VIOLATED)
_3008_/B1                               0.750000    1.002654   -0.252654 (VIOLATED)
_3013_/B1                               0.750000    1.002592   -0.252592 (VIOLATED)
_3022_/B1                               0.750000    1.002584   -0.252584 (VIOLATED)
_3020_/B1                               0.750000    1.002584   -0.252584 (VIOLATED)
_3021_/B1                               0.750000    1.002584   -0.252584 (VIOLATED)
_3015_/B1                               0.750000    1.002580   -0.252580 (VIOLATED)
fanout172/X                             0.750000    1.002540   -0.252540 (VIOLATED)
_4407_/A                                0.750000    0.998886   -0.248886 (VIOLATED)
fanout389/A                             0.750000    0.998488   -0.248488 (VIOLATED)
_3478_/A                                0.750000    0.998254   -0.248254 (VIOLATED)
_3477_/A                                0.750000    0.998244   -0.248244 (VIOLATED)
_3258_/A                                0.750000    0.998095   -0.248095 (VIOLATED)
_3259_/A                                0.750000    0.998028   -0.248028 (VIOLATED)
_3413_/A1                               0.750000    0.998026   -0.248026 (VIOLATED)
fanout390/X                             0.750000    0.997977   -0.247977 (VIOLATED)
_3044_/B1                               0.750000    0.988386   -0.238386 (VIOLATED)
_3046_/B1                               0.750000    0.988377   -0.238377 (VIOLATED)
_3054_/B1                               0.750000    0.988343   -0.238343 (VIOLATED)
_3045_/B1                               0.750000    0.988325   -0.238325 (VIOLATED)
_3056_/B1                               0.750000    0.988312   -0.238312 (VIOLATED)
_3050_/B1                               0.750000    0.988304   -0.238304 (VIOLATED)
_3058_/B1                               0.750000    0.988236   -0.238236 (VIOLATED)
_3052_/B1                               0.750000    0.988220   -0.238220 (VIOLATED)
_3057_/B1                               0.750000    0.988220   -0.238220 (VIOLATED)
_3059_/B1                               0.750000    0.988217   -0.238217 (VIOLATED)
fanout257/X                             0.750000    0.988192   -0.238192 (VIOLATED)
_2692_/A                                0.750000    0.985884   -0.235884 (VIOLATED)
_2698_/A                                0.750000    0.985873   -0.235873 (VIOLATED)
_2707_/A1                               0.750000    0.985725   -0.235725 (VIOLATED)
_3654_/S                                0.750000    0.985711   -0.235711 (VIOLATED)
_3655_/S                                0.750000    0.985709   -0.235709 (VIOLATED)
_4485_/A1                               0.750000    0.985690   -0.235690 (VIOLATED)
_4609_/A0                               0.750000    0.985673   -0.235673 (VIOLATED)
_4591_/B2                               0.750000    0.985653   -0.235653 (VIOLATED)
_4547_/A                                0.750000    0.985632   -0.235632 (VIOLATED)
_4648_/A1                               0.750000    0.985631   -0.235631 (VIOLATED)
fanout327/X                             0.750000    0.985622   -0.235622 (VIOLATED)
_3083_/B1                               0.750000    0.985124   -0.235124 (VIOLATED)
_3081_/B1                               0.750000    0.985117   -0.235117 (VIOLATED)
_3082_/B1                               0.750000    0.985080   -0.235080 (VIOLATED)
_3091_/B1                               0.750000    0.985076   -0.235076 (VIOLATED)
_3093_/B1                               0.750000    0.985067   -0.235067 (VIOLATED)
_3087_/B1                               0.750000    0.984918   -0.234918 (VIOLATED)
_3094_/B1                               0.750000    0.984887   -0.234887 (VIOLATED)
_3096_/B1                               0.750000    0.984887   -0.234887 (VIOLATED)
_3089_/B1                               0.750000    0.984884   -0.234884 (VIOLATED)
_3095_/B1                               0.750000    0.984881   -0.234881 (VIOLATED)
fanout166/X                             0.750000    0.984767   -0.234767 (VIOLATED)
_3155_/A2                               0.750000    0.982470   -0.232470 (VIOLATED)
_3165_/A2                               0.750000    0.982393   -0.232393 (VIOLATED)
_3156_/A2                               0.750000    0.982374   -0.232374 (VIOLATED)
_3167_/A2                               0.750000    0.982284   -0.232284 (VIOLATED)
_3170_/A2                               0.750000    0.982269   -0.232269 (VIOLATED)
_3161_/A2                               0.750000    0.982261   -0.232261 (VIOLATED)
_3154_/B                                0.750000    0.982258   -0.232258 (VIOLATED)
_3169_/A2                               0.750000    0.982256   -0.232256 (VIOLATED)
_3168_/A2                               0.750000    0.982251   -0.232251 (VIOLATED)
_3163_/A2                               0.750000    0.982245   -0.232245 (VIOLATED)
fanout245/X                             0.750000    0.982241   -0.232241 (VIOLATED)
_3598_/A1                               0.750000    0.974357   -0.224357 (VIOLATED)
_2573_/A                                0.750000    0.974347   -0.224347 (VIOLATED)
_2612_/A                                0.750000    0.974345   -0.224345 (VIOLATED)
_2610_/A                                0.750000    0.974330   -0.224330 (VIOLATED)
_2611_/A                                0.750000    0.974330   -0.224330 (VIOLATED)
_3492_/A                                0.750000    0.974201   -0.224201 (VIOLATED)
_3493_/A                                0.750000    0.974199   -0.224199 (VIOLATED)
_3269_/A                                0.750000    0.974042   -0.224042 (VIOLATED)
_3268_/A                                0.750000    0.973961   -0.223961 (VIOLATED)
_3417_/A1                               0.750000    0.973933   -0.223933 (VIOLATED)
fanout387/X                             0.750000    0.973911   -0.223911 (VIOLATED)
_3132_/B1                               0.750000    0.965122   -0.215122 (VIOLATED)
_3126_/B1                               0.750000    0.965116   -0.215116 (VIOLATED)
_3131_/B1                               0.750000    0.965107   -0.215107 (VIOLATED)
_3133_/B1                               0.750000    0.965056   -0.215056 (VIOLATED)
_3130_/B1                               0.750000    0.965024   -0.215024 (VIOLATED)
_3118_/B1                               0.750000    0.964993   -0.214993 (VIOLATED)
_3121_/B1                               0.750000    0.964993   -0.214993 (VIOLATED)
_3120_/B1                               0.750000    0.964991   -0.214991 (VIOLATED)
_3124_/B1                               0.750000    0.964988   -0.214988 (VIOLATED)
_3119_/B1                               0.750000    0.964979   -0.214979 (VIOLATED)
fanout164/X                             0.750000    0.964946   -0.214946 (VIOLATED)
_3461_/A1                               0.750000    0.964478   -0.214478 (VIOLATED)
_3732_/D                                0.750000    0.964448   -0.214448 (VIOLATED)
_3731_/D                                0.750000    0.964413   -0.214413 (VIOLATED)
_4209_/A1                               0.750000    0.964401   -0.214401 (VIOLATED)
_4232_/A1                               0.750000    0.964399   -0.214400 (VIOLATED)
_4272_/A1                               0.750000    0.964395   -0.214395 (VIOLATED)
fanout384/A                             0.750000    0.964309   -0.214309 (VIOLATED)
fanout385/X                             0.750000    0.964300   -0.214300 (VIOLATED)
_3118_/A2                               0.750000    0.955786   -0.205786 (VIOLATED)
_3120_/A2                               0.750000    0.955785   -0.205785 (VIOLATED)
_3117_/B                                0.750000    0.955706   -0.205706 (VIOLATED)
_3119_/A2                               0.750000    0.955647   -0.205647 (VIOLATED)
_3124_/A2                               0.750000    0.955571   -0.205571 (VIOLATED)
_3132_/A2                               0.750000    0.955558   -0.205558 (VIOLATED)
_3131_/A2                               0.750000    0.955555   -0.205555 (VIOLATED)
_3126_/A2                               0.750000    0.955550   -0.205550 (VIOLATED)
_3133_/A2                               0.750000    0.955541   -0.205541 (VIOLATED)
_3130_/A2                               0.750000    0.955539   -0.205539 (VIOLATED)
fanout249/X                             0.750000    0.955505   -0.205505 (VIOLATED)
_3062_/B1                               0.750000    0.951826   -0.201826 (VIOLATED)
_3064_/B1                               0.750000    0.951790   -0.201790 (VIOLATED)
_3063_/B1                               0.750000    0.951692   -0.201692 (VIOLATED)
_3072_/B1                               0.750000    0.951545   -0.201545 (VIOLATED)
_3074_/B1                               0.750000    0.951160   -0.201160 (VIOLATED)
_3068_/B1                               0.750000    0.951060   -0.201060 (VIOLATED)
_3075_/B1                               0.750000    0.950561   -0.200561 (VIOLATED)
_3077_/B1                               0.750000    0.950526   -0.200526 (VIOLATED)
_3070_/B1                               0.750000    0.950464   -0.200465 (VIOLATED)
_3076_/B1                               0.750000    0.950433   -0.200433 (VIOLATED)
fanout168/X                             0.750000    0.950426   -0.200426 (VIOLATED)
_3157_/B1                               0.750000    0.946059   -0.196059 (VIOLATED)
_3155_/B1                               0.750000    0.946057   -0.196057 (VIOLATED)
_3165_/B1                               0.750000    0.946050   -0.196050 (VIOLATED)
_3156_/B1                               0.750000    0.946039   -0.196039 (VIOLATED)
_3161_/B1                               0.750000    0.946021   -0.196021 (VIOLATED)
_3167_/B1                               0.750000    0.946020   -0.196020 (VIOLATED)
_3170_/B1                               0.750000    0.946019   -0.196019 (VIOLATED)
_3163_/B1                               0.750000    0.946015   -0.196015 (VIOLATED)
_3169_/B1                               0.750000    0.946015   -0.196015 (VIOLATED)
_3168_/B1                               0.750000    0.946005   -0.196005 (VIOLATED)
fanout160/X                             0.750000    0.945998   -0.195998 (VIOLATED)
_3209_/A2                               0.750000    0.945489   -0.195489 (VIOLATED)
_3219_/A2                               0.750000    0.945390   -0.195390 (VIOLATED)
_3223_/A2                               0.750000    0.945315   -0.195315 (VIOLATED)
_3208_/B                                0.750000    0.945314   -0.195314 (VIOLATED)
_3221_/A2                               0.750000    0.945314   -0.195314 (VIOLATED)
_3222_/A2                               0.750000    0.945310   -0.195310 (VIOLATED)
_3217_/A2                               0.750000    0.945304   -0.195304 (VIOLATED)
_3224_/A2                               0.750000    0.945295   -0.195295 (VIOLATED)
_3215_/A2                               0.750000    0.945285   -0.195285 (VIOLATED)
_3210_/A2                               0.750000    0.945243   -0.195243 (VIOLATED)
fanout239/X                             0.750000    0.945232   -0.195232 (VIOLATED)
_4201_/A                                0.750000    0.942962   -0.192962 (VIOLATED)
_4521_/A1                               0.750000    0.942956   -0.192956 (VIOLATED)
_3976_/A0                               0.750000    0.942878   -0.192878 (VIOLATED)
fanout312/A                             0.750000    0.942855   -0.192855 (VIOLATED)
_2526_/B                                0.750000    0.942851   -0.192851 (VIOLATED)
_2525_/B                                0.750000    0.942850   -0.192850 (VIOLATED)
_2622_/B                                0.750000    0.942848   -0.192848 (VIOLATED)
_3803_/A                                0.750000    0.942837   -0.192837 (VIOLATED)
_3804_/A                                0.750000    0.942830   -0.192830 (VIOLATED)
_3884_/B                                0.750000    0.942822   -0.192822 (VIOLATED)
fanout313/X                             0.750000    0.942815   -0.192815 (VIOLATED)
_2732_/B1                               0.750000    0.937826   -0.187826 (VIOLATED)
_2714_/B1                               0.750000    0.937820   -0.187820 (VIOLATED)
_2804_/B1                               0.750000    0.937659   -0.187659 (VIOLATED)
_2723_/B1                               0.750000    0.937519   -0.187519 (VIOLATED)
_2822_/B1                               0.750000    0.937321   -0.187321 (VIOLATED)
_2768_/B1                               0.750000    0.937319   -0.187319 (VIOLATED)
_2786_/B1                               0.750000    0.937296   -0.187296 (VIOLATED)
_2840_/B1                               0.750000    0.937276   -0.187276 (VIOLATED)
_2850_/B2                               0.750000    0.937255   -0.187255 (VIOLATED)
_2832_/B2                               0.750000    0.937233   -0.187233 (VIOLATED)
fanout357/X                             0.750000    0.937233   -0.187233 (VIOLATED)
_3209_/B1                               0.750000    0.935320   -0.185320 (VIOLATED)
_3211_/B1                               0.750000    0.935319   -0.185319 (VIOLATED)
_3210_/B1                               0.750000    0.935259   -0.185259 (VIOLATED)
_3219_/B1                               0.750000    0.935259   -0.185259 (VIOLATED)
_3221_/B1                               0.750000    0.935164   -0.185164 (VIOLATED)
_3215_/B1                               0.750000    0.935005   -0.185005 (VIOLATED)
_3224_/B1                               0.750000    0.934900   -0.184900 (VIOLATED)
_3222_/B1                               0.750000    0.934866   -0.184866 (VIOLATED)
_3217_/B1                               0.750000    0.934854   -0.184854 (VIOLATED)
_3223_/B1                               0.750000    0.934772   -0.184772 (VIOLATED)
fanout156/X                             0.750000    0.934746   -0.184746 (VIOLATED)
_3044_/A2                               0.750000    0.933770   -0.183770 (VIOLATED)
_3045_/A2                               0.750000    0.933697   -0.183697 (VIOLATED)
_3054_/A2                               0.750000    0.933692   -0.183692 (VIOLATED)
_3057_/A2                               0.750000    0.933683   -0.183683 (VIOLATED)
_3059_/A2                               0.750000    0.933681   -0.183681 (VIOLATED)
_3052_/A2                               0.750000    0.933679   -0.183679 (VIOLATED)
_3056_/A2                               0.750000    0.933678   -0.183678 (VIOLATED)
_3043_/B                                0.750000    0.933676   -0.183676 (VIOLATED)
_3058_/A2                               0.750000    0.933672   -0.183672 (VIOLATED)
_3050_/A2                               0.750000    0.933666   -0.183666 (VIOLATED)
fanout286/X                             0.750000    0.933648   -0.183648 (VIOLATED)
_2428_/A                                0.750000    0.927608   -0.177608 (VIOLATED)
_2451_/A                                0.750000    0.927597   -0.177597 (VIOLATED)
_2445_/D                                0.750000    0.927596   -0.177596 (VIOLATED)
_3731_/A                                0.750000    0.927588   -0.177588 (VIOLATED)
_2460_/B1                               0.750000    0.927581   -0.177582 (VIOLATED)
_3463_/A                                0.750000    0.927558   -0.177558 (VIOLATED)
_2449_/A                                0.750000    0.927527   -0.177527 (VIOLATED)
_3732_/A                                0.750000    0.927499   -0.177499 (VIOLATED)
_2450_/A                                0.750000    0.927398   -0.177398 (VIOLATED)
_3443_/A1                               0.750000    0.927195   -0.177195 (VIOLATED)
fanout378/X                             0.750000    0.927188   -0.177188 (VIOLATED)
_3081_/A2                               0.750000    0.914961   -0.164961 (VIOLATED)
_3082_/A2                               0.750000    0.914915   -0.164915 (VIOLATED)
_3091_/A2                               0.750000    0.914914   -0.164914 (VIOLATED)
_3094_/A2                               0.750000    0.914908   -0.164908 (VIOLATED)
_3096_/A2                               0.750000    0.914906   -0.164906 (VIOLATED)
_3093_/A2                               0.750000    0.914905   -0.164905 (VIOLATED)
_3089_/A2                               0.750000    0.914903   -0.164903 (VIOLATED)
_3080_/B                                0.750000    0.914899   -0.164899 (VIOLATED)
_3095_/A2                               0.750000    0.914899   -0.164899 (VIOLATED)
_3087_/A2                               0.750000    0.914887   -0.164887 (VIOLATED)
fanout253/X                             0.750000    0.914869   -0.164869 (VIOLATED)
_3007_/A2                               0.750000    0.909390   -0.159390 (VIOLATED)
_3017_/A2                               0.750000    0.909332   -0.159332 (VIOLATED)
_3019_/A2                               0.750000    0.909319   -0.159319 (VIOLATED)
_3008_/A2                               0.750000    0.909287   -0.159287 (VIOLATED)
_3022_/A2                               0.750000    0.909273   -0.159273 (VIOLATED)
_3020_/A2                               0.750000    0.909273   -0.159273 (VIOLATED)
_3013_/A2                               0.750000    0.909272   -0.159272 (VIOLATED)
_3015_/A2                               0.750000    0.909272   -0.159272 (VIOLATED)
_3006_/B                                0.750000    0.909265   -0.159265 (VIOLATED)
_3021_/A2                               0.750000    0.909262   -0.159262 (VIOLATED)
fanout261/X                             0.750000    0.909228   -0.159228 (VIOLATED)
_4273_/B1                               0.750000    0.902400   -0.152400 (VIOLATED)
_4321_/B1                               0.750000    0.902384   -0.152384 (VIOLATED)
_4300_/B1                               0.750000    0.902370   -0.152370 (VIOLATED)
_4348_/B1                               0.750000    0.902342   -0.152342 (VIOLATED)
_4372_/A2                               0.750000    0.902287   -0.152287 (VIOLATED)
_4158_/B1                               0.750000    0.902227   -0.152227 (VIOLATED)
_4135_/B1                               0.750000    0.902219   -0.152219 (VIOLATED)
_4256_/B1                               0.750000    0.902202   -0.152202 (VIOLATED)
_4084_/A2_N                             0.750000    0.902196   -0.152196 (VIOLATED)
_4101_/B1                               0.750000    0.902191   -0.152191 (VIOLATED)
fanout276/X                             0.750000    0.902188   -0.152188 (VIOLATED)
_2714_/A1                               0.750000    0.897186   -0.147186 (VIOLATED)
ANTENNA_6/DIODE                         0.750000    0.897180   -0.147180 (VIOLATED)
ANTENNA_8/DIODE                         0.750000    0.897141   -0.147141 (VIOLATED)
_2802_/A                                0.750000    0.897129   -0.147129 (VIOLATED)
_2721_/A                                0.750000    0.897044   -0.147044 (VIOLATED)
ANTENNA_7/DIODE                         0.750000    0.897024   -0.147024 (VIOLATED)
_2828_/A1                               0.750000    0.896984   -0.146984 (VIOLATED)
_2846_/A1                               0.750000    0.896982   -0.146982 (VIOLATED)
_2840_/A1                               0.750000    0.896975   -0.146975 (VIOLATED)
_2822_/A1                               0.750000    0.896973   -0.146973 (VIOLATED)
_2831_/S                                0.750000    0.896973   -0.146973 (VIOLATED)
_2786_/A1                               0.750000    0.896971   -0.146971 (VIOLATED)
_2768_/A1                               0.750000    0.896963   -0.146963 (VIOLATED)
fanout359/X                             0.750000    0.896938   -0.146938 (VIOLATED)
_2988_/A2                               0.750000    0.896456   -0.146456 (VIOLATED)
_2998_/A2                               0.750000    0.896326   -0.146326 (VIOLATED)
_3000_/A2                               0.750000    0.896263   -0.146263 (VIOLATED)
_3001_/A2                               0.750000    0.896249   -0.146249 (VIOLATED)
_2994_/A2                               0.750000    0.896209   -0.146209 (VIOLATED)
_3003_/A2                               0.750000    0.896171   -0.146171 (VIOLATED)
_2987_/B                                0.750000    0.896133   -0.146133 (VIOLATED)
_2996_/A2                               0.750000    0.896114   -0.146114 (VIOLATED)
_3002_/A2                               0.750000    0.896111   -0.146111 (VIOLATED)
_2989_/A2                               0.750000    0.896065   -0.146065 (VIOLATED)
fanout263/X                             0.750000    0.896063   -0.146063 (VIOLATED)
_4151_/A0                               0.750000    0.889103   -0.139103 (VIOLATED)
_3649_/A1                               0.750000    0.889023   -0.139023 (VIOLATED)
_3663_/A0                               0.750000    0.888859   -0.138859 (VIOLATED)
_3978_/A1                               0.750000    0.888802   -0.138802 (VIOLATED)
_2535_/A                                0.750000    0.888599   -0.138599 (VIOLATED)
_2536_/B                                0.750000    0.888391   -0.138391 (VIOLATED)
_2620_/B                                0.750000    0.888390   -0.138390 (VIOLATED)
_3793_/A                                0.750000    0.888348   -0.138348 (VIOLATED)
_3790_/A                                0.750000    0.888333   -0.138333 (VIOLATED)
_3792_/A                                0.750000    0.888331   -0.138332 (VIOLATED)
fanout310/X                             0.750000    0.888323   -0.138323 (VIOLATED)
_3100_/A2                               0.750000    0.887989   -0.137989 (VIOLATED)
_3102_/A2                               0.750000    0.887984   -0.137984 (VIOLATED)
_3114_/A2                               0.750000    0.887955   -0.137955 (VIOLATED)
_3101_/A2                               0.750000    0.887950   -0.137950 (VIOLATED)
_3106_/A2                               0.750000    0.887918   -0.137918 (VIOLATED)
_3099_/B                                0.750000    0.887916   -0.137916 (VIOLATED)
_3113_/A2                               0.750000    0.887779   -0.137779 (VIOLATED)
_3108_/A2                               0.750000    0.887779   -0.137779 (VIOLATED)
_3115_/A2                               0.750000    0.887709   -0.137709 (VIOLATED)
_3112_/A2                               0.750000    0.887671   -0.137671 (VIOLATED)
fanout284/X                             0.750000    0.887651   -0.137651 (VIOLATED)
_2969_/A2                               0.750000    0.881001   -0.131001 (VIOLATED)
_2970_/A2                               0.750000    0.880907   -0.130907 (VIOLATED)
_2979_/A2                               0.750000    0.880869   -0.130869 (VIOLATED)
_2981_/A2                               0.750000    0.880671   -0.130671 (VIOLATED)
_2975_/A2                               0.750000    0.880579   -0.130579 (VIOLATED)
_2984_/A2                               0.750000    0.880535   -0.130535 (VIOLATED)
_2982_/A2                               0.750000    0.880406   -0.130406 (VIOLATED)
_2977_/A2                               0.750000    0.880390   -0.130390 (VIOLATED)
_2983_/A2                               0.750000    0.880333   -0.130333 (VIOLATED)
_2968_/B                                0.750000    0.880295   -0.130295 (VIOLATED)
fanout288/X                             0.750000    0.880286   -0.130286 (VIOLATED)
_4457_/B                                0.750000    0.879461   -0.129461 (VIOLATED)
_3956_/A1                               0.750000    0.879454   -0.129454 (VIOLATED)
_3632_/A1                               0.750000    0.879393   -0.129393 (VIOLATED)
_3670_/A1                               0.750000    0.879241   -0.129241 (VIOLATED)
_4007_/A0                               0.750000    0.879119   -0.129119 (VIOLATED)
_3741_/A                                0.750000    0.878849   -0.128849 (VIOLATED)
_3742_/A                                0.750000    0.878836   -0.128836 (VIOLATED)
_2500_/A                                0.750000    0.878832   -0.128832 (VIOLATED)
_2503_/B                                0.750000    0.878828   -0.128828 (VIOLATED)
_2501_/B                                0.750000    0.878828   -0.128828 (VIOLATED)
fanout316/X                             0.750000    0.878823   -0.128823 (VIOLATED)
_3607_/B2                               0.750000    0.873692   -0.123692 (VIOLATED)
_3597_/B2                               0.750000    0.873689   -0.123689 (VIOLATED)
_3802_/B2                               0.750000    0.873678   -0.123678 (VIOLATED)
_3616_/B2                               0.750000    0.873633   -0.123633 (VIOLATED)
_3752_/B2                               0.750000    0.873627   -0.123627 (VIOLATED)
_3789_/B2                               0.750000    0.873597   -0.123597 (VIOLATED)
_3776_/B2                               0.750000    0.873576   -0.123576 (VIOLATED)
_3690_/B2                               0.750000    0.873574   -0.123574 (VIOLATED)
_3740_/B2                               0.750000    0.873573   -0.123573 (VIOLATED)
_3765_/B2                               0.750000    0.873573   -0.123573 (VIOLATED)
fanout366/X                             0.750000    0.873571   -0.123571 (VIOLATED)
_2715_/A1                               0.750000    0.871988   -0.121988 (VIOLATED)
_2805_/A1                               0.750000    0.871893   -0.121893 (VIOLATED)
_2823_/A1                               0.750000    0.871885   -0.121885 (VIOLATED)
_2769_/A1                               0.750000    0.871883   -0.121883 (VIOLATED)
_2724_/A1                               0.750000    0.871879   -0.121879 (VIOLATED)
_2787_/A1                               0.750000    0.871823   -0.121823 (VIOLATED)
_2841_/A1                               0.750000    0.871822   -0.121822 (VIOLATED)
_2437_/A                                0.750000    0.871816   -0.121816 (VIOLATED)
_2828_/B1                               0.750000    0.871813   -0.121814 (VIOLATED)
_2846_/B1                               0.750000    0.871810   -0.121810 (VIOLATED)
fanout393/X                             0.750000    0.871781   -0.121781 (VIOLATED)
_2983_/B1                               0.750000    0.871634   -0.121634 (VIOLATED)
_2977_/B1                               0.750000    0.871612   -0.121612 (VIOLATED)
_2982_/B1                               0.750000    0.871588   -0.121589 (VIOLATED)
_2984_/B1                               0.750000    0.871538   -0.121538 (VIOLATED)
_2975_/B1                               0.750000    0.871521   -0.121521 (VIOLATED)
_2969_/B1                               0.750000    0.871485   -0.121485 (VIOLATED)
_2981_/B1                               0.750000    0.871474   -0.121474 (VIOLATED)
_2971_/B1                               0.750000    0.871465   -0.121465 (VIOLATED)
_2979_/B1                               0.750000    0.871393   -0.121393 (VIOLATED)
_2970_/B1                               0.750000    0.871267   -0.121267 (VIOLATED)
fanout265/X                             0.750000    0.871224   -0.121224 (VIOLATED)
_3137_/A2                               0.750000    0.863259   -0.113259 (VIOLATED)
_3143_/A2                               0.750000    0.863235   -0.113235 (VIOLATED)
_3147_/A2                               0.750000    0.863232   -0.113232 (VIOLATED)
_3138_/A2                               0.750000    0.863227   -0.113227 (VIOLATED)
_3149_/A2                               0.750000    0.863183   -0.113183 (VIOLATED)
_3152_/A2                               0.750000    0.863159   -0.113159 (VIOLATED)
_3136_/B                                0.750000    0.863152   -0.113152 (VIOLATED)
_3151_/A2                               0.750000    0.863150   -0.113150 (VIOLATED)
_3145_/A2                               0.750000    0.863123   -0.113123 (VIOLATED)
_3150_/A2                               0.750000    0.863123   -0.113123 (VIOLATED)
fanout247/X                             0.750000    0.863116   -0.113116 (VIOLATED)
_3112_/B1                               0.750000    0.859777   -0.109777 (VIOLATED)
_3115_/B1                               0.750000    0.859770   -0.109770 (VIOLATED)
_3108_/B1                               0.750000    0.859743   -0.109743 (VIOLATED)
_3113_/B1                               0.750000    0.859698   -0.109698 (VIOLATED)
_3062_/A2                               0.750000    0.859629   -0.109629 (VIOLATED)
_3063_/A2                               0.750000    0.859617   -0.109617 (VIOLATED)
_3072_/A2                               0.750000    0.859616   -0.109616 (VIOLATED)
_3114_/B1                               0.750000    0.859615   -0.109615 (VIOLATED)
_3076_/A2                               0.750000    0.859590   -0.109590 (VIOLATED)
_3103_/B1                               0.750000    0.859590   -0.109590 (VIOLATED)
_3061_/B                                0.750000    0.859589   -0.109589 (VIOLATED)
_3075_/A2                               0.750000    0.859587   -0.109587 (VIOLATED)
_3070_/A2                               0.750000    0.859587   -0.109587 (VIOLATED)
_3077_/A2                               0.750000    0.859587   -0.109587 (VIOLATED)
_3100_/B1                               0.750000    0.859582   -0.109582 (VIOLATED)
_3068_/A2                               0.750000    0.859582   -0.109582 (VIOLATED)
_3074_/A2                               0.750000    0.859581   -0.109581 (VIOLATED)
_3102_/B1                               0.750000    0.859579   -0.109579 (VIOLATED)
fanout255/X                             0.750000    0.859578   -0.109578 (VIOLATED)
_3106_/B1                               0.750000    0.859551   -0.109551 (VIOLATED)
_3101_/B1                               0.750000    0.859540   -0.109540 (VIOLATED)
fanout251/X                             0.750000    0.859506   -0.109506 (VIOLATED)
_4517_/A1                               0.750000    0.851661   -0.101661 (VIOLATED)
fanout318/A                             0.750000    0.851656   -0.101656 (VIOLATED)
_4787_/A0                               0.750000    0.851628   -0.101628 (VIOLATED)
_4007_/A1                               0.750000    0.851604   -0.101604 (VIOLATED)
_3944_/B                                0.750000    0.851596   -0.101596 (VIOLATED)
_2489_/B                                0.750000    0.851529   -0.101529 (VIOLATED)
_2488_/B                                0.750000    0.851528   -0.101528 (VIOLATED)
_3766_/A                                0.750000    0.851404   -0.101404 (VIOLATED)
_3767_/A                                0.750000    0.851397   -0.101397 (VIOLATED)
_3915_/B                                0.750000    0.851379   -0.101379 (VIOLATED)
fanout319/X                             0.750000    0.851371   -0.101371 (VIOLATED)
_2956_/A2                               0.750000    0.850896   -0.100896 (VIOLATED)
_2959_/A2                               0.750000    0.850895   -0.100895 (VIOLATED)
_2950_/A2                               0.750000    0.850877   -0.100877 (VIOLATED)
_2963_/A2                               0.750000    0.850865   -0.100865 (VIOLATED)
_2962_/A2                               0.750000    0.850859   -0.100859 (VIOLATED)
_2964_/A2                               0.750000    0.850855   -0.100855 (VIOLATED)
_2957_/A2                               0.750000    0.850854   -0.100854 (VIOLATED)
_2948_/B                                0.750000    0.850838   -0.100838 (VIOLATED)
_2955_/A2                               0.750000    0.850815   -0.100815 (VIOLATED)
_2961_/A2                               0.750000    0.850801   -0.100801 (VIOLATED)
fanout267/X                             0.750000    0.850782   -0.100782 (VIOLATED)
_2990_/B1                               0.750000    0.847195   -0.097195 (VIOLATED)
_2988_/B1                               0.750000    0.847176   -0.097176 (VIOLATED)
_2998_/B1                               0.750000    0.847109   -0.097109 (VIOLATED)
_2989_/B1                               0.750000    0.847106   -0.097106 (VIOLATED)
_3000_/B1                               0.750000    0.847025   -0.097025 (VIOLATED)
_2994_/B1                               0.750000    0.846930   -0.096930 (VIOLATED)
_3003_/B1                               0.750000    0.846839   -0.096839 (VIOLATED)
_3001_/B1                               0.750000    0.846778   -0.096778 (VIOLATED)
_2996_/B1                               0.750000    0.846707   -0.096707 (VIOLATED)
_3002_/B1                               0.750000    0.846686   -0.096686 (VIOLATED)
fanout174/X                             0.750000    0.846667   -0.096667 (VIOLATED)
_4188_/A3                               0.750000    0.845593   -0.095593 (VIOLATED)
_4681_/B2                               0.750000    0.845581   -0.095581 (VIOLATED)
_4165_/B1                               0.750000    0.845554   -0.095554 (VIOLATED)
_4112_/B                                0.750000    0.845526   -0.095526 (VIOLATED)
_4649_/B1                               0.750000    0.845502   -0.095502 (VIOLATED)
_4594_/B1                               0.750000    0.845407   -0.095407 (VIOLATED)
_4083_/B                                0.750000    0.845404   -0.095404 (VIOLATED)
_4484_/B2                               0.750000    0.845339   -0.095339 (VIOLATED)
_4705_/A2                               0.750000    0.845186   -0.095186 (VIOLATED)
_4719_/B2                               0.750000    0.845157   -0.095157 (VIOLATED)
fanout331/X                             0.750000    0.845157   -0.095157 (VIOLATED)
_3593_/B1                               0.750000    0.844773   -0.094773 (VIOLATED)
_3719_/B1                               0.750000    0.844737   -0.094737 (VIOLATED)
_3612_/B1                               0.750000    0.844714   -0.094714 (VIOLATED)
_3748_/B1                               0.750000    0.844703   -0.094703 (VIOLATED)
_3785_/B1                               0.750000    0.844688   -0.094688 (VIOLATED)
_3736_/B1                               0.750000    0.844665   -0.094665 (VIOLATED)
_3686_/B1                               0.750000    0.844664   -0.094664 (VIOLATED)
_3772_/B1                               0.750000    0.844664   -0.094664 (VIOLATED)
_2432_/A                                0.750000    0.844661   -0.094661 (VIOLATED)
_3761_/B1                               0.750000    0.844660   -0.094660 (VIOLATED)
fanout432/X                             0.750000    0.844649   -0.094649 (VIOLATED)
_3981_/A                                0.750000    0.844037   -0.094037 (VIOLATED)
_4043_/A                                0.750000    0.844031   -0.094031 (VIOLATED)
_4524_/A1                               0.750000    0.844002   -0.094002 (VIOLATED)
_3639_/A                                0.750000    0.843936   -0.093936 (VIOLATED)
_3659_/A1                               0.750000    0.843895   -0.093895 (VIOLATED)
_3974_/A1                               0.750000    0.843786   -0.093786 (VIOLATED)
fanout300/A                             0.750000    0.843633   -0.093633 (VIOLATED)
fanout299/A                             0.750000    0.843595   -0.093595 (VIOLATED)
fanout301/X                             0.750000    0.843595   -0.093595 (VIOLATED)
_4080_/A2                               0.750000    0.841350   -0.091350 (VIOLATED)
_4549_/B1                               0.750000    0.841341   -0.091341 (VIOLATED)
_3996_/B1                               0.750000    0.841334   -0.091334 (VIOLATED)
_4052_/A2                               0.750000    0.841334   -0.091334 (VIOLATED)
_4140_/B1                               0.750000    0.841253   -0.091253 (VIOLATED)
_4139_/B                                0.750000    0.841223   -0.091223 (VIOLATED)
_4697_/A2                               0.750000    0.841103   -0.091103 (VIOLATED)
_4187_/A3                               0.750000    0.841014   -0.091014 (VIOLATED)
_4279_/B                                0.750000    0.841011   -0.091011 (VIOLATED)
_4360_/B                                0.750000    0.840999   -0.090999 (VIOLATED)
fanout332/X                             0.750000    0.840976   -0.090976 (VIOLATED)
_3027_/B1                               0.750000    0.840455   -0.090455 (VIOLATED)
_4610_/A2                               0.750000    0.840447   -0.090447 (VIOLATED)
_3025_/B1                               0.750000    0.840438   -0.090438 (VIOLATED)
_4680_/A2                               0.750000    0.840408   -0.090408 (VIOLATED)
_4665_/B1                               0.750000    0.840395   -0.090395 (VIOLATED)
_4648_/B1                               0.750000    0.840362   -0.090362 (VIOLATED)
_3874_/D                                0.750000    0.840351   -0.090351 (VIOLATED)
_4812_/A2                               0.750000    0.840254   -0.090254 (VIOLATED)
_4016_/A1                               0.750000    0.840249   -0.090249 (VIOLATED)
_4023_/B1                               0.750000    0.840244   -0.090244 (VIOLATED)
_3035_/B1                               0.750000    0.840135   -0.090135 (VIOLATED)
_3037_/B1                               0.750000    0.840068   -0.090068 (VIOLATED)
_4731_/A2                               0.750000    0.840016   -0.090016 (VIOLATED)
_3026_/B1                               0.750000    0.840001   -0.090001 (VIOLATED)
_4718_/B1                               0.750000    0.839986   -0.089986 (VIOLATED)
fanout222/X                             0.750000    0.839977   -0.089977 (VIOLATED)
_3031_/B1                               0.750000    0.839967   -0.089967 (VIOLATED)
_3038_/B1                               0.750000    0.839903   -0.089903 (VIOLATED)
_3040_/B1                               0.750000    0.839831   -0.089831 (VIOLATED)
_3033_/B1                               0.750000    0.839708   -0.089708 (VIOLATED)
_3039_/B1                               0.750000    0.839680   -0.089680 (VIOLATED)
fanout170/X                             0.750000    0.839656   -0.089656 (VIOLATED)
fanout314/A                             0.750000    0.832880   -0.082880 (VIOLATED)
_4758_/A0                               0.750000    0.832852   -0.082852 (VIOLATED)
_4009_/A1                               0.750000    0.832788   -0.082788 (VIOLATED)
_2512_/A                                0.750000    0.832755   -0.082755 (VIOLATED)
_2513_/B                                0.750000    0.832748   -0.082748 (VIOLATED)
_3754_/A                                0.750000    0.832741   -0.082741 (VIOLATED)
_3753_/A                                0.750000    0.832736   -0.082736 (VIOLATED)
_2515_/B                                0.750000    0.832735   -0.082735 (VIOLATED)
fanout315/X                             0.750000    0.832720   -0.082720 (VIOLATED)
_2866_/A                                0.750000    0.832188   -0.082188 (VIOLATED)
_2871_/A                                0.750000    0.832164   -0.082164 (VIOLATED)
_2869_/A                                0.750000    0.832159   -0.082159 (VIOLATED)
_2696_/A                                0.750000    0.832099   -0.082099 (VIOLATED)
_2691_/A_N                              0.750000    0.832047   -0.082047 (VIOLATED)
_2454_/A_N                              0.750000    0.831841   -0.081841 (VIOLATED)
_2702_/A1                               0.750000    0.831778   -0.081778 (VIOLATED)
_2466_/A_N                              0.750000    0.831764   -0.081764 (VIOLATED)
_2864_/A                                0.750000    0.831669   -0.081669 (VIOLATED)
_2707_/B1                               0.750000    0.831660   -0.081660 (VIOLATED)
fanout344/X                             0.750000    0.831634   -0.081634 (VIOLATED)
_3602_/A                                0.750000    0.830160   -0.080160 (VIOLATED)
_3591_/A                                0.750000    0.830147   -0.080147 (VIOLATED)
_3606_/S                                0.750000    0.830104   -0.080104 (VIOLATED)
_2431_/A                                0.750000    0.830032   -0.080032 (VIOLATED)
_3722_/S                                0.750000    0.829972   -0.079972 (VIOLATED)
_3700_/S                                0.750000    0.829946   -0.079946 (VIOLATED)
_3695_/A                                0.750000    0.829825   -0.079825 (VIOLATED)
_3706_/A                                0.750000    0.829822   -0.079822 (VIOLATED)
_3801_/S                                0.750000    0.829672   -0.079672 (VIOLATED)
_3717_/A                                0.750000    0.829593   -0.079593 (VIOLATED)
fanout434/X                             0.750000    0.829570   -0.079570 (VIOLATED)
_4175_/A0                               0.750000    0.827881   -0.077881 (VIOLATED)
_3648_/A_N                              0.750000    0.827795   -0.077795 (VIOLATED)
_3663_/A1                               0.750000    0.827786   -0.077786 (VIOLATED)
_4691_/A0                               0.750000    0.827735   -0.077735 (VIOLATED)
_3962_/A1                               0.750000    0.827719   -0.077719 (VIOLATED)
_4384_/A1_N                             0.750000    0.827593   -0.077593 (VIOLATED)
_4383_/A                                0.750000    0.827525   -0.077525 (VIOLATED)
_4435_/A                                0.750000    0.827488   -0.077488 (VIOLATED)
_4436_/A                                0.750000    0.827485   -0.077485 (VIOLATED)
_4464_/A                                0.750000    0.827475   -0.077475 (VIOLATED)
fanout312/X                             0.750000    0.827469   -0.077469 (VIOLATED)
_3731_/B                                0.750000    0.826744   -0.076744 (VIOLATED)
_2460_/C1                               0.750000    0.826733   -0.076733 (VIOLATED)
_3462_/A1                               0.750000    0.826694   -0.076694 (VIOLATED)
_3732_/B                                0.750000    0.826589   -0.076589 (VIOLATED)
fanout380/A                             0.750000    0.826417   -0.076417 (VIOLATED)
fanout379/A                             0.750000    0.826383   -0.076383 (VIOLATED)
_3441_/A1                               0.750000    0.826193   -0.076193 (VIOLATED)
fanout381/X                             0.750000    0.826187   -0.076187 (VIOLATED)
_4515_/A1                               0.750000    0.815962   -0.065962 (VIOLATED)
_4413_/A1                               0.750000    0.815959   -0.065959 (VIOLATED)
_4295_/A0                               0.750000    0.815929   -0.065929 (VIOLATED)
_3632_/A0                               0.750000    0.815831   -0.065831 (VIOLATED)
_4455_/B                                0.750000    0.815783   -0.065783 (VIOLATED)
_4454_/B                                0.750000    0.815775   -0.065775 (VIOLATED)
_3670_/A0                               0.750000    0.815707   -0.065707 (VIOLATED)
_4476_/A2                               0.750000    0.815666   -0.065666 (VIOLATED)
_4387_/A1                               0.750000    0.815665   -0.065665 (VIOLATED)
_4471_/B                                0.750000    0.815619   -0.065619 (VIOLATED)
fanout314/X                             0.750000    0.815612   -0.065612 (VIOLATED)
_3025_/A2                               0.750000    0.814288   -0.064288 (VIOLATED)
_3035_/A2                               0.750000    0.814157   -0.064157 (VIOLATED)
_3037_/A2                               0.750000    0.814131   -0.064131 (VIOLATED)
_3031_/A2                               0.750000    0.814095   -0.064095 (VIOLATED)
_3040_/A2                               0.750000    0.814053   -0.064053 (VIOLATED)
_3038_/A2                               0.750000    0.814051   -0.064051 (VIOLATED)
_3033_/A2                               0.750000    0.814016   -0.064016 (VIOLATED)
_3039_/A2                               0.750000    0.814014   -0.064014 (VIOLATED)
_3024_/B                                0.750000    0.814014   -0.064014 (VIOLATED)
_3026_/A2                               0.750000    0.813996   -0.063996 (VIOLATED)
fanout259/X                             0.750000    0.813986   -0.063986 (VIOLATED)
_2675_/B                                0.750000    0.812133   -0.062133 (VIOLATED)
_2676_/B                                0.750000    0.812121   -0.062121 (VIOLATED)
_3724_/A                                0.750000    0.812099   -0.062099 (VIOLATED)
_3725_/A                                0.750000    0.812098   -0.062098 (VIOLATED)
_3672_/A0                               0.750000    0.811970   -0.061970 (VIOLATED)
_4744_/A1                               0.750000    0.811809   -0.061809 (VIOLATED)
_4386_/A1                               0.750000    0.811752   -0.061752 (VIOLATED)
_4431_/B                                0.750000    0.811710   -0.061710 (VIOLATED)
_4432_/B                                0.750000    0.811710   -0.061710 (VIOLATED)
_4529_/A1                               0.750000    0.811710   -0.061710 (VIOLATED)
fanout290/X                             0.750000    0.811710   -0.061710 (VIOLATED)
_4546_/A                                0.750000    0.800684   -0.050684 (VIOLATED)
_4611_/A1                               0.750000    0.800678   -0.050678 (VIOLATED)
_3993_/C1                               0.750000    0.800570   -0.050570 (VIOLATED)
_4117_/B2                               0.750000    0.800544   -0.050544 (VIOLATED)
_4122_/B1                               0.750000    0.800418   -0.050418 (VIOLATED)
_4664_/A1                               0.750000    0.800387   -0.050387 (VIOLATED)
_4678_/B2                               0.750000    0.800289   -0.050289 (VIOLATED)
_2454_/B                                0.750000    0.800095   -0.050095 (VIOLATED)
fanout340/A                             0.750000    0.799849   -0.049849 (VIOLATED)
fanout341/X                             0.750000    0.799849   -0.049849 (VIOLATED)
_4343_/A                                0.750000    0.798579   -0.048579 (VIOLATED)
_3634_/A0                               0.750000    0.798484   -0.048484 (VIOLATED)
_3955_/A_N                              0.750000    0.798338   -0.048338 (VIOLATED)
_4458_/A                                0.750000    0.798265   -0.048265 (VIOLATED)
_4457_/A                                0.750000    0.798252   -0.048252 (VIOLATED)
_4472_/A                                0.750000    0.798116   -0.048116 (VIOLATED)
_3669_/A0                               0.750000    0.798089   -0.048089 (VIOLATED)
_4388_/A1                               0.750000    0.798022   -0.048022 (VIOLATED)
_4532_/C_N                              0.750000    0.797990   -0.047990 (VIOLATED)
_4551_/A                                0.750000    0.797971   -0.047971 (VIOLATED)
fanout318/X                             0.750000    0.797952   -0.047952 (VIOLATED)
_3798_/A1                               0.750000    0.796037   -0.046037 (VIOLATED)
_3719_/A1                               0.750000    0.796037   -0.046037 (VIOLATED)
_3697_/A1                               0.750000    0.796024   -0.046024 (VIOLATED)
_3708_/A1                               0.750000    0.795977   -0.045977 (VIOLATED)
_3603_/A1                               0.750000    0.795967   -0.045967 (VIOLATED)
_3593_/A1                               0.750000    0.795966   -0.045966 (VIOLATED)
_3620_/A                                0.750000    0.795965   -0.045965 (VIOLATED)
_3711_/S                                0.750000    0.795965   -0.045965 (VIOLATED)
_3813_/A1                               0.750000    0.795953   -0.045953 (VIOLATED)
_3596_/S                                0.750000    0.795903   -0.045903 (VIOLATED)
fanout369/X                             0.750000    0.795685   -0.045685 (VIOLATED)
_4429_/A                                0.750000    0.795222   -0.045222 (VIOLATED)
_4428_/A                                0.750000    0.795218   -0.045218 (VIOLATED)
_4468_/B                                0.750000    0.795217   -0.045217 (VIOLATED)
_4477_/A                                0.750000    0.795191   -0.045191 (VIOLATED)
_4554_/A2                               0.750000    0.795191   -0.045191 (VIOLATED)
_4385_/A1                               0.750000    0.795168   -0.045168 (VIOLATED)
_3961_/A_N                              0.750000    0.795141   -0.045141 (VIOLATED)
fanout295/A                             0.750000    0.795025   -0.045025 (VIOLATED)
_3673_/A0                               0.750000    0.795016   -0.045016 (VIOLATED)
_3976_/A1                               0.750000    0.795007   -0.045007 (VIOLATED)
fanout296/X                             0.750000    0.794995   -0.044995 (VIOLATED)
_3964_/A                                0.750000    0.788797   -0.038797 (VIOLATED)
_2606_/B                                0.750000    0.788750   -0.038750 (VIOLATED)
_2594_/B                                0.750000    0.788731   -0.038731 (VIOLATED)
_2605_/B                                0.750000    0.788730   -0.038730 (VIOLATED)
_2607_/B                                0.750000    0.788730   -0.038730 (VIOLATED)
_3728_/A                                0.750000    0.788720   -0.038720 (VIOLATED)
_3889_/B                                0.750000    0.788716   -0.038716 (VIOLATED)
_3926_/B                                0.750000    0.788714   -0.038714 (VIOLATED)
_3729_/A                                0.750000    0.788708   -0.038708 (VIOLATED)
_3730_/A                                0.750000    0.788651   -0.038651 (VIOLATED)
fanout299/X                             0.750000    0.788421   -0.038421 (VIOLATED)
_4487_/B1                               0.750000    0.786047   -0.036047 (VIOLATED)
_4598_/B1                               0.750000    0.786046   -0.036046 (VIOLATED)
_4651_/B1                               0.750000    0.786045   -0.036045 (VIOLATED)
_4629_/B1                               0.750000    0.786044   -0.036044 (VIOLATED)
_4713_/B1                               0.750000    0.786041   -0.036041 (VIOLATED)
_4798_/B1                               0.750000    0.786035   -0.036035 (VIOLATED)
_4560_/B1                               0.750000    0.786029   -0.036029 (VIOLATED)
_4668_/B1                               0.750000    0.786022   -0.036022 (VIOLATED)
_4813_/B1                               0.750000    0.786020   -0.036020 (VIOLATED)
_4683_/B1                               0.750000    0.785998   -0.035998 (VIOLATED)
fanout112/X                             0.750000    0.785990   -0.035990 (VIOLATED)
_2575_/A                                0.750000    0.782810   -0.032810 (VIOLATED)
_2565_/A                                0.750000    0.782804   -0.032804 (VIOLATED)
_2539_/A                                0.750000    0.782788   -0.032788 (VIOLATED)
_2434_/A                                0.750000    0.782726   -0.032726 (VIOLATED)
_2556_/S                                0.750000    0.782680   -0.032680 (VIOLATED)
_2631_/S                                0.750000    0.782647   -0.032647 (VIOLATED)
_2655_/A                                0.750000    0.782486   -0.032486 (VIOLATED)
_2553_/A1                               0.750000    0.782397   -0.032397 (VIOLATED)
_2628_/A1                               0.750000    0.782160   -0.032160 (VIOLATED)
_2669_/A1                               0.750000    0.782098   -0.032098 (VIOLATED)
fanout472/X                             0.750000    0.782080   -0.032081 (VIOLATED)
_2523_/S                                0.750000    0.780245   -0.030245 (VIOLATED)
_2520_/A1                               0.750000    0.780244   -0.030244 (VIOLATED)
_2656_/A1                               0.750000    0.780233   -0.030233 (VIOLATED)
_2659_/S                                0.750000    0.780232   -0.030232 (VIOLATED)
_2627_/A                                0.750000    0.780173   -0.030173 (VIOLATED)
_2552_/A                                0.750000    0.780084   -0.030084 (VIOLATED)
_2567_/A1                               0.750000    0.779997   -0.029997 (VIOLATED)
_2541_/A1                               0.750000    0.779971   -0.029971 (VIOLATED)
_2570_/S                                0.750000    0.779858   -0.029858 (VIOLATED)
_2544_/S                                0.750000    0.779814   -0.029814 (VIOLATED)
fanout364/X                             0.750000    0.779777   -0.029777 (VIOLATED)
_3859_/A0                               0.750000    0.778335   -0.028335 (VIOLATED)
_3617_/A1                               0.750000    0.778331   -0.028331 (VIOLATED)
_4401_/A1                               0.750000    0.778317   -0.028317 (VIOLATED)
_4389_/B                                0.750000    0.778300   -0.028300 (VIOLATED)
_3654_/A0                               0.750000    0.778254   -0.028254 (VIOLATED)
_2606_/A                                0.750000    0.778200   -0.028200 (VIOLATED)
_2594_/A                                0.750000    0.778170   -0.028170 (VIOLATED)
_2607_/A                                0.750000    0.778162   -0.028162 (VIOLATED)
_3926_/A_N                              0.750000    0.778160   -0.028160 (VIOLATED)
_2605_/A                                0.750000    0.778158   -0.028158 (VIOLATED)
fanout389/X                             0.750000    0.777930   -0.027930 (VIOLATED)
_3973_/A1                               0.750000    0.776251   -0.026251 (VIOLATED)
_3656_/A0                               0.750000    0.776231   -0.026231 (VIOLATED)
_3641_/A0                               0.750000    0.776213   -0.026213 (VIOLATED)
_3966_/A                                0.750000    0.776162   -0.026162 (VIOLATED)
_3929_/B                                0.750000    0.776157   -0.026157 (VIOLATED)
_3891_/A                                0.750000    0.776154   -0.026154 (VIOLATED)
_4381_/B1                               0.750000    0.776144   -0.026144 (VIOLATED)
_4552_/C1                               0.750000    0.776142   -0.026142 (VIOLATED)
_4478_/A2                               0.750000    0.776133   -0.026133 (VIOLATED)
_4530_/A2                               0.750000    0.776132   -0.026132 (VIOLATED)
fanout302/X                             0.750000    0.775911   -0.025911 (VIOLATED)
fanout397/A                             0.750000    0.774129   -0.024129 (VIOLATED)
_2766_/A                                0.750000    0.774102   -0.024102 (VIOLATED)
_2820_/A                                0.750000    0.774085   -0.024086 (VIOLATED)
_2818_/S                                0.750000    0.774070   -0.024070 (VIOLATED)
fanout396/A                             0.750000    0.774056   -0.024056 (VIOLATED)
_2764_/S                                0.750000    0.774005   -0.024005 (VIOLATED)
fanout395/A                             0.750000    0.773879   -0.023879 (VIOLATED)
fanout398/X                             0.750000    0.773853   -0.023853 (VIOLATED)
_2737_/S                                0.750000    0.769829   -0.019829 (VIOLATED)
_2710_/S                                0.750000    0.769823   -0.019823 (VIOLATED)
_2730_/A                                0.750000    0.769778   -0.019778 (VIOLATED)
_2712_/A                                0.750000    0.769758   -0.019758 (VIOLATED)
_2808_/A                                0.750000    0.769721   -0.019721 (VIOLATED)
_2777_/A1                               0.750000    0.769628   -0.019628 (VIOLATED)
_2773_/S                                0.750000    0.769529   -0.019529 (VIOLATED)
_2790_/A                                0.750000    0.769405   -0.019405 (VIOLATED)
_2804_/A1                               0.750000    0.769362   -0.019362 (VIOLATED)
_2800_/S                                0.750000    0.769298   -0.019298 (VIOLATED)
fanout396/X                             0.750000    0.769290   -0.019290 (VIOLATED)
fanout293/A                             0.750000    0.766802   -0.016802 (VIOLATED)
_4515_/A0                               0.750000    0.766799   -0.016799 (VIOLATED)
_3672_/A1                               0.750000    0.766786   -0.016786 (VIOLATED)
_4758_/A1                               0.750000    0.766767   -0.016767 (VIOLATED)
_4744_/A0                               0.750000    0.766672   -0.016672 (VIOLATED)
_3953_/A1                               0.750000    0.766589   -0.016589 (VIOLATED)
_2661_/A                                0.750000    0.766528   -0.016528 (VIOLATED)
_4428_/B                                0.750000    0.766528   -0.016528 (VIOLATED)
_4429_/B                                0.750000    0.766528   -0.016528 (VIOLATED)
fanout294/X                             0.750000    0.766528   -0.016528 (VIOLATED)
_3818_/A                                0.750000    0.757661   -0.007661 (VIOLATED)
_3820_/A                                0.750000    0.757656   -0.007656 (VIOLATED)
_2548_/B                                0.750000    0.757650   -0.007650 (VIOLATED)
_2549_/B                                0.750000    0.757606   -0.007606 (VIOLATED)
_2547_/B                                0.750000    0.757555   -0.007555 (VIOLATED)
_4658_/A0                               0.750000    0.757297   -0.007297 (VIOLATED)
_4383_/B                                0.750000    0.757267   -0.007267 (VIOLATED)
_4466_/A                                0.750000    0.757213   -0.007213 (VIOLATED)
_4439_/B                                0.750000    0.757100   -0.007100 (VIOLATED)
_4438_/B                                0.750000    0.757090   -0.007090 (VIOLATED)
fanout307/X                             0.750000    0.757051   -0.007051 (VIOLATED)
_2474_/S                                0.750000    0.753008   -0.003008 (VIOLATED)
_2498_/S                                0.750000    0.752998   -0.002998 (VIOLATED)
_2646_/S                                0.750000    0.752978   -0.002978 (VIOLATED)
_2643_/A1                               0.750000    0.752929   -0.002929 (VIOLATED)
_2518_/A                                0.750000    0.752927   -0.002927 (VIOLATED)
_2507_/A1                               0.750000    0.752915   -0.002915 (VIOLATED)
_2493_/A                                0.750000    0.752914   -0.002914 (VIOLATED)
_2469_/A                                0.750000    0.752912   -0.002912 (VIOLATED)
_2529_/A                                0.750000    0.752896   -0.002896 (VIOLATED)
_2483_/A1                               0.750000    0.752640   -0.002640 (VIOLATED)
fanout471/X                             0.750000    0.752635   -0.002635 (VIOLATED)

max fanout

Pin                                   Limit Fanout  Slack
---------------------------------------------------------
fanout359/X                              10     13     -3 (VIOLATED)
clkbuf_leaf_24_CLK/X                     10     12     -2 (VIOLATED)
clkbuf_leaf_25_CLK/X                     10     12     -2 (VIOLATED)
fanout320/X                              10     12     -2 (VIOLATED)
clkbuf_leaf_0_CLK/X                      10     11        (VIOLATED)
clkbuf_leaf_16_CLK/X                     10     11        (VIOLATED)
clkbuf_leaf_22_CLK/X                     10     11        (VIOLATED)
clkbuf_leaf_23_CLK/X                     10     11        (VIOLATED)
clkbuf_leaf_2_CLK/X                      10     11        (VIOLATED)
clkbuf_leaf_36_CLK/X                     10     11        (VIOLATED)
clkbuf_leaf_3_CLK/X                      10     11        (VIOLATED)
clkbuf_leaf_4_CLK/X                      10     11        (VIOLATED)
clkbuf_leaf_6_CLK/X                      10     11        (VIOLATED)



===========================================================================
report_parasitic_annotation -report_unannotated
============================================================================
Found 22 unannotated drivers.
 clkload0/X
 clkload1/X
 clkload10/Y
 clkload11/X
 clkload12/X
 clkload13/Y
 clkload14/X
 clkload15/Y
 clkload16/X
 clkload17/X
 clkload18/Y
 clkload19/Y
 clkload2/X
 clkload20/X
 clkload21/X
 clkload3/X
 clkload4/X
 clkload5/X
 clkload6/X
 clkload7/X
 clkload8/X
 clkload9/X
Found 0 partially unannotated drivers.

===========================================================================
max slew violation count 871
max fanout violation count 13
max cap violation count 0
============================================================================

===========================================================================
check_setup -verbose -unconstrained_endpoints -multiple_clock -no_clock -no_input_delay -loops -generated_clocks
===========================================================================
