
===========================================================================
report_checks -unconstrained
===========================================================================
======================= nom_ss_100C_1v60 Corner ===================================

Startpoint: _5127_ (rising edge-triggered flip-flop clocked by CLK)
Endpoint: DEVICES_STRW (output port clocked by CLK)
Path Group: CLK
Path Type: max

Fanout         Cap        Slew       Delay        Time   Description
---------------------------------------------------------------------------------------------
                                  0.000000    0.000000   clock CLK (rise edge)
                                  0.000000    0.000000   clock source latency
     1    0.043436    0.000000    0.000000    0.000000 ^ CLK (in)
                                                         CLK (net)
                      0.002124    0.001062    0.001062 ^ clkbuf_0_CLK/A (sky130_fd_sc_hd__clkbuf_16)
     4    0.074225    0.139837    0.256620    0.257682 ^ clkbuf_0_CLK/X (sky130_fd_sc_hd__clkbuf_16)
                                                         clknet_0_CLK (net)
                      0.140031    0.003312    0.260995 ^ clkbuf_2_2__f_CLK/A (sky130_fd_sc_hd__clkbuf_16)
    11    0.101218    0.177713    0.347888    0.608883 ^ clkbuf_2_2__f_CLK/X (sky130_fd_sc_hd__clkbuf_16)
                                                         clknet_2_2__leaf_CLK (net)
                      0.177813    0.003882    0.612765 ^ clkbuf_leaf_9_CLK/A (sky130_fd_sc_hd__clkbuf_8)
    11    0.032107    0.110891    0.312544    0.925309 ^ clkbuf_leaf_9_CLK/X (sky130_fd_sc_hd__clkbuf_8)
                                                         clknet_leaf_9_CLK (net)
                      0.110895    0.000835    0.926144 ^ _5127_/CLK (sky130_fd_sc_hd__dfxtp_4)
    18    0.142898    0.632342    1.136050    2.062193 ^ _5127_/Q (sky130_fd_sc_hd__dfxtp_4)
                                                         _0008_ (net)
                      0.632345    0.003211    2.065405 ^ max_cap183/A (sky130_fd_sc_hd__buf_12)
    24    0.202659    0.364944    0.597112    2.662517 ^ max_cap183/X (sky130_fd_sc_hd__buf_12)
                                                         net183 (net)
                      0.365215    0.008364    2.670881 ^ max_cap182/A (sky130_fd_sc_hd__buf_12)
    24    0.203092    0.366063    0.504306    3.175188 ^ max_cap182/X (sky130_fd_sc_hd__buf_12)
                                                         net182 (net)
                      0.369342    0.028034    3.203222 ^ _2578_/S0 (sky130_fd_sc_hd__mux4_2)
     1    0.003834    0.150638    1.200546    4.403768 v _2578_/X (sky130_fd_sc_hd__mux4_2)
                                                         _0508_ (net)
                      0.150638    0.000121    4.403889 v _2579_/B (sky130_fd_sc_hd__or2_2)
     2    0.007649    0.136862    0.693447    5.097336 v _2579_/X (sky130_fd_sc_hd__or2_2)
                                                         _0509_ (net)
                      0.136862    0.000141    5.097477 v _2586_/A1 (sky130_fd_sc_hd__a22o_2)
     8    0.056723    0.289988    0.680288    5.777765 v _2586_/X (sky130_fd_sc_hd__a22o_2)
                                                         _0516_ (net)
                      0.289997    0.001872    5.779636 v _2587_/B (sky130_fd_sc_hd__and2_2)
     4    0.014403    0.119873    0.568921    6.348557 v _2587_/X (sky130_fd_sc_hd__and2_2)
                                                         _0517_ (net)
                      0.119873    0.000222    6.348780 v _2589_/A (sky130_fd_sc_hd__nor2_2)
     9    0.048316    0.851012    0.735309    7.084088 ^ _2589_/Y (sky130_fd_sc_hd__nor2_2)
                                                         _0519_ (net)
                      0.851018    0.001827    7.085915 ^ _2615_/A1 (sky130_fd_sc_hd__a21o_2)
     2    0.015886    0.151770    0.574548    7.660463 ^ _2615_/X (sky130_fd_sc_hd__a21o_2)
                                                         _0545_ (net)
                      0.151770    0.000522    7.660985 ^ _2621_/A1 (sky130_fd_sc_hd__a21bo_2)
     3    0.022463    0.204659    0.394013    8.054997 ^ _2621_/X (sky130_fd_sc_hd__a21bo_2)
                                                         _0551_ (net)
                      0.204663    0.001212    8.056211 ^ _2626_/A2 (sky130_fd_sc_hd__a31o_2)
     3    0.019139    0.198581    0.480837    8.537046 ^ _2626_/X (sky130_fd_sc_hd__a31o_2)
                                                         _0556_ (net)
                      0.198581    0.000652    8.537699 ^ _2631_/A1 (sky130_fd_sc_hd__a31o_2)
     4    0.043005    0.393842    0.609019    9.146717 ^ _2631_/X (sky130_fd_sc_hd__a31o_2)
                                                         _0561_ (net)
                      0.393848    0.002116    9.148833 ^ _2684_/D_N (sky130_fd_sc_hd__or4b_2)
     3    0.014856    0.303497    1.647910   10.796743 v _2684_/X (sky130_fd_sc_hd__or4b_2)
                                                         _0614_ (net)
                      0.303497    0.000743   10.797486 v _2690_/A1 (sky130_fd_sc_hd__a21o_2)
     4    0.014784    0.111969    0.506650   11.304135 v _2690_/X (sky130_fd_sc_hd__a21o_2)
                                                         _0620_ (net)
                      0.111970    0.000528   11.304664 v _2694_/A3 (sky130_fd_sc_hd__a311o_2)
     4    0.016828    0.164460    0.836183   12.140846 v _2694_/X (sky130_fd_sc_hd__a311o_2)
                                                         _0624_ (net)
                      0.164460    0.000419   12.141265 v _2696_/A2 (sky130_fd_sc_hd__a21bo_2)
     5    0.020632    0.134151    0.511146   12.652411 v _2696_/X (sky130_fd_sc_hd__a21bo_2)
                                                         _0626_ (net)
                      0.134160    0.001219   12.653630 v _2704_/C (sky130_fd_sc_hd__and3_2)
     2    0.018314    0.138244    0.554828   13.208459 v _2704_/X (sky130_fd_sc_hd__and3_2)
                                                         _0628_ (net)
                      0.138244    0.000386   13.208845 v _2705_/B (sky130_fd_sc_hd__and2_2)
     1    0.002952    0.070764    0.424442   13.633286 v _2705_/X (sky130_fd_sc_hd__and2_2)
                                                         net53 (net)
                      0.070764    0.000089   13.633376 v output53/A (sky130_fd_sc_hd__clkdlybuf4s25_1)
     1    0.051853    0.690202    0.934191   14.567567 v output53/X (sky130_fd_sc_hd__clkdlybuf4s25_1)
                                                         DEVICES_STRW (net)
                      0.690202    0.001511   14.569077 v DEVICES_STRW (out)
                                             14.569077   data arrival time

                                 26.000000   26.000000   clock CLK (rise edge)
                                  0.000000   26.000000   clock network delay (propagated)
                                  0.000000   26.000000   clock reconvergence pessimism
                                 -5.000000   20.999998   output external delay
                                             20.999998   data required time
---------------------------------------------------------------------------------------------
                                             20.999998   data required time
                                            -14.569077   data arrival time
---------------------------------------------------------------------------------------------
                                              6.430921   slack (MET)




===========================================================================
report_checks --slack_max -0.01
============================================================================
======================= nom_ss_100C_1v60 Corner ===================================

No paths found.


===========================================================================
 report_check_types -max_slew -max_cap -max_fanout -violators
============================================================================
======================= nom_ss_100C_1v60 Corner ===================================



===========================================================================
report_parasitic_annotation -report_unannotated
============================================================================
Found 34 unannotated drivers.
 clkload0/X
 clkload1/Y
 clkload10/X
 clkload11/X
 clkload12/Y
 clkload13/Y
 clkload14/Y
 clkload15/Y
 clkload16/Y
 clkload17/X
 clkload18/Y
 clkload19/Y
 clkload2/Y
 clkload20/Y
 clkload21/Y
 clkload22/Y
 clkload23/X
 clkload24/X
 clkload25/X
 clkload26/Y
 clkload27/Y
 clkload28/X
 clkload29/X
 clkload3/Y
 clkload30/X
 clkload31/X
 clkload32/X
 clkload33/Y
 clkload4/X
 clkload5/X
 clkload6/X
 clkload7/X
 clkload8/X
 clkload9/X
Found 0 partially unannotated drivers.

===========================================================================
max slew violation count 0
max fanout violation count 0
max cap violation count 0
============================================================================

===========================================================================
check_setup -verbose -unconstrained_endpoints -multiple_clock -no_clock -no_input_delay -loops -generated_clocks
===========================================================================
