Clock: CLK
Sources: CLK 
Generated: no
Virtual: yes
Propagated: no
Period: 26.000000

===========================================================================
report_clock_properties
============================================================================
Clock                   Period          Waveform
----------------------------------------------------
CLK                  26.000000    0.000000 13.000000

===========================================================================
report_clock_latency
============================================================================
Clock CLK
rise -> rise
    min     max
0.000000 0.000000 source latency
0.897726         network latency _5219_/CLK
        0.976241 network latency _5057_/CLK
---------------
0.897726 0.976241 latency
        0.078515 skew

fall -> fall
    min     max
0.000000 0.000000 source latency
0.906521         network latency _5219_/CLK
        0.962856 network latency _5057_/CLK
---------------
0.906521 0.962856 latency
        0.056335 skew



===========================================================================
report_clock_min_period
============================================================================
CLK period_min = 14.18 fmax = 70.51
