
===========================================================================
 report_power
============================================================================
======================= nom_ss_100C_1v60 Corner ===================================

Group                    Internal    Switching      Leakage        Total
                            Power        Power        Power        Power (Watts)
------------------------------------------------------------------------
Sequential           5.033771e-04 3.473907e-05 6.234266e-06 5.443505e-04  41.2%
Combinational        1.519058e-04 1.988508e-04 1.290759e-05 3.636642e-04  27.6%
Clock                2.252723e-04 1.856360e-04 8.968621e-07 4.118052e-04  31.2%
Macro                0.000000e+00 0.000000e+00 0.000000e+00 0.000000e+00   0.0%
Pad                  0.000000e+00 0.000000e+00 0.000000e+00 0.000000e+00   0.0%
------------------------------------------------------------------------
Total                8.805550e-04 4.192258e-04 2.003854e-05 1.319819e-03 100.0%
                            66.7%        31.8%         1.5%

