
===========================================================================
report_checks -unconstrained
===========================================================================
======================= max_ff_n40C_1v95 Corner ===================================

Startpoint: _5125_ (rising edge-triggered flip-flop clocked by CLK)
Endpoint: DEVICES_LDW (output port clocked by CLK)
Path Group: CLK
Path Type: max

Fanout         Cap        Slew       Delay        Time   Description
---------------------------------------------------------------------------------------------
                                  0.000000    0.000000   clock CLK (rise edge)
                                  0.000000    0.000000   clock source latency
     1    0.054592    0.186433    0.130515    0.130515 ^ CLK (in)
                                                         CLK (net)
                      0.186493    0.000000    0.130515 ^ clkbuf_0_CLK/A (sky130_fd_sc_hd__clkbuf_16)
     8    0.145604    0.123388    0.178363    0.308878 ^ clkbuf_0_CLK/X (sky130_fd_sc_hd__clkbuf_16)
                                                         clknet_0_CLK (net)
                      0.126589    0.015623    0.324501 ^ clkbuf_3_0__f_CLK/A (sky130_fd_sc_hd__clkbuf_16)
     6    0.065231    0.064070    0.134803    0.459304 ^ clkbuf_3_0__f_CLK/X (sky130_fd_sc_hd__clkbuf_16)
                                                         clknet_3_0__leaf_CLK (net)
                      0.064371    0.003419    0.462722 ^ clkbuf_leaf_3_CLK/A (sky130_fd_sc_hd__clkbuf_8)
    11    0.034496    0.054784    0.110111    0.572833 ^ clkbuf_leaf_3_CLK/X (sky130_fd_sc_hd__clkbuf_8)
                                                         clknet_leaf_3_CLK (net)
                      0.054922    0.001866    0.574699 ^ _5125_/CLK (sky130_fd_sc_hd__dfxtp_2)
     1    0.003901    0.024970    0.197345    0.772043 ^ _5125_/Q (sky130_fd_sc_hd__dfxtp_2)
                                                         _0010_ (net)
                      0.024975    0.000243    0.772286 ^ fanout473/A (sky130_fd_sc_hd__clkdlybuf4s25_1)
     8    0.108977    0.805761    0.686249    1.458535 ^ fanout473/X (sky130_fd_sc_hd__clkdlybuf4s25_1)
                                                         net473 (net)
                      0.806259    0.016733    1.475267 ^ fanout472/A (sky130_fd_sc_hd__clkdlybuf4s25_1)
    10    0.079962    0.595999    0.577382    2.052650 ^ fanout472/X (sky130_fd_sc_hd__clkdlybuf4s25_1)
                                                         net472 (net)
                      0.596874    0.018927    2.071577 ^ _2434_/A (sky130_fd_sc_hd__inv_2)
     1    0.002751    0.069238   -0.032486    2.039091 v _2434_/Y (sky130_fd_sc_hd__inv_2)
                                                         _2324_ (net)
                      0.069238    0.000188    2.039279 v fanout365/A (sky130_fd_sc_hd__clkdlybuf4s25_1)
     6    0.073722    0.367711    0.431901    2.471179 v fanout365/X (sky130_fd_sc_hd__clkdlybuf4s25_1)
                                                         net365 (net)
                      0.367747    0.003696    2.474876 v fanout363/A (sky130_fd_sc_hd__clkdlybuf4s25_1)
    10    0.072142    0.362993    0.495266    2.970142 v fanout363/X (sky130_fd_sc_hd__clkdlybuf4s25_1)
                                                         net363 (net)
                      0.363119    0.005795    2.975937 v _2592_/S (sky130_fd_sc_hd__mux2_1)
     1    0.011272    0.069588    0.319504    3.295441 v _2592_/X (sky130_fd_sc_hd__mux2_1)
                                                         _0467_ (net)
                      0.069612    0.001196    3.296637 v _2593_/B1 (sky130_fd_sc_hd__a22o_2)
     1    0.009194    0.044767    0.122651    3.419288 v _2593_/X (sky130_fd_sc_hd__a22o_2)
                                                         _0468_ (net)
                      0.044769    0.000760    3.420048 v fanout301/A (sky130_fd_sc_hd__clkdlybuf4s25_1)
     8    0.083110    0.415702    0.452105    3.872153 v fanout301/X (sky130_fd_sc_hd__clkdlybuf4s25_1)
                                                         net301 (net)
                      0.415702    0.000216    3.872369 v fanout299/A (sky130_fd_sc_hd__clkdlybuf4s25_1)
    10    0.076396    0.382401    0.525197    4.397566 v fanout299/X (sky130_fd_sc_hd__clkdlybuf4s25_1)
                                                         net299 (net)
                      0.382595    0.007851    4.405417 v _2606_/B (sky130_fd_sc_hd__xor2_2)
     3    0.019799    0.155039    0.230823    4.636240 v _2606_/X (sky130_fd_sc_hd__xor2_2)
                                                         _0481_ (net)
                      0.155052    0.001106    4.637346 v _2608_/A2 (sky130_fd_sc_hd__a21o_2)
     2    0.017504    0.049727    0.202865    4.840211 v _2608_/X (sky130_fd_sc_hd__a21o_2)
                                                         _0483_ (net)
                      0.049787    0.001506    4.841717 v _2609_/A2 (sky130_fd_sc_hd__a21o_2)
     2    0.012733    0.043539    0.159000    5.000718 v _2609_/X (sky130_fd_sc_hd__a21o_2)
                                                         _0484_ (net)
                      0.043549    0.000636    5.001354 v _2614_/A1 (sky130_fd_sc_hd__a21bo_2)
     3    0.026138    0.063306    0.161437    5.162791 v _2614_/X (sky130_fd_sc_hd__a21bo_2)
                                                         _0489_ (net)
                      0.063897    0.004714    5.167505 v _2619_/A2 (sky130_fd_sc_hd__a31o_2)
     3    0.024371    0.062821    0.196771    5.364277 v _2619_/X (sky130_fd_sc_hd__a31o_2)
                                                         _0494_ (net)
                      0.062933    0.002334    5.366611 v _2624_/A1 (sky130_fd_sc_hd__a311o_2)
     4    0.050640    0.114551    0.285794    5.652405 v _2624_/X (sky130_fd_sc_hd__a311o_2)
                                                         _0499_ (net)
                      0.116417    0.011478    5.663883 v _2679_/A (sky130_fd_sc_hd__nand4_2)
     2    0.014566    0.092456    0.107421    5.771305 ^ _2679_/Y (sky130_fd_sc_hd__nand4_2)
                                                         _0554_ (net)
                      0.092462    0.001299    5.772604 ^ _2683_/A1 (sky130_fd_sc_hd__a21bo_2)
     4    0.021117    0.091240    0.133296    5.905900 ^ _2683_/X (sky130_fd_sc_hd__a21bo_2)
                                                         _0558_ (net)
                      0.091301    0.001325    5.907226 ^ _2688_/A3 (sky130_fd_sc_hd__a311o_2)
     3    0.015009    0.067746    0.139958    6.047184 ^ _2688_/X (sky130_fd_sc_hd__a311o_2)
                                                         _0563_ (net)
                      0.067755    0.000834    6.048018 ^ _2689_/B (sky130_fd_sc_hd__nand2_2)
     1    0.009254    0.048447    0.043567    6.091585 v _2689_/Y (sky130_fd_sc_hd__nand2_2)
                                                         _0564_ (net)
                      0.048463    0.000711    6.092295 v _2690_/B (sky130_fd_sc_hd__xnor2_2)
     3    0.026317    0.096819    0.130822    6.223117 v _2690_/Y (sky130_fd_sc_hd__xnor2_2)
                                                         _0565_ (net)
                      0.096896    0.002153    6.225270 v _2696_/B (sky130_fd_sc_hd__or2_2)
     5    0.023373    0.076279    0.227077    6.452347 v _2696_/X (sky130_fd_sc_hd__or2_2)
                                                         _0567_ (net)
                      0.076292    0.000974    6.453321 v _2701_/B (sky130_fd_sc_hd__nor2_2)
     1    0.006100    0.096423    0.081322    6.534643 ^ _2701_/Y (sky130_fd_sc_hd__nor2_2)
                                                         net51 (net)
                      0.096430    0.000451    6.535094 ^ output51/A (sky130_fd_sc_hd__clkdlybuf4s25_1)
     1    0.035157    0.265958    0.336960    6.872055 ^ output51/X (sky130_fd_sc_hd__clkdlybuf4s25_1)
                                                         DEVICES_LDW (net)
                      0.265966    0.001807    6.873862 ^ DEVICES_LDW (out)
                                              6.873862   data arrival time

                                 26.000000   26.000000   clock CLK (rise edge)
                                  0.000000   26.000000   clock network delay (propagated)
                                 -0.250000   25.750000   clock uncertainty
                                  0.000000   25.750000   clock reconvergence pessimism
                                 -5.000000   20.750000   output external delay
                                             20.750000   data required time
---------------------------------------------------------------------------------------------
                                             20.750000   data required time
                                             -6.873862   data arrival time
---------------------------------------------------------------------------------------------
                                             13.876138   slack (MET)




===========================================================================
report_checks --slack_max -0.01
============================================================================
======================= max_ff_n40C_1v95 Corner ===================================

No paths found.


===========================================================================
 report_check_types -max_slew -max_cap -max_fanout -violators
============================================================================
======================= max_ff_n40C_1v95 Corner ===================================

max slew

Pin                                        Limit        Slew       Slack
------------------------------------------------------------------------
_2541_/B1                               0.750000    0.913092   -0.163092 (VIOLATED)
_2520_/B1                               0.750000    0.913044   -0.163044 (VIOLATED)
_2507_/B1                               0.750000    0.913008   -0.163008 (VIOLATED)
_2471_/B1                               0.750000    0.912896   -0.162896 (VIOLATED)
_2495_/B1                               0.750000    0.912771   -0.162771 (VIOLATED)
_2589_/B1                               0.750000    0.912767   -0.162767 (VIOLATED)
_2530_/B1                               0.750000    0.912757   -0.162757 (VIOLATED)
_2643_/B1                               0.750000    0.912753   -0.162753 (VIOLATED)
_2435_/A                                0.750000    0.912751   -0.162751 (VIOLATED)
_2483_/B1                               0.750000    0.912728   -0.162728 (VIOLATED)
fanout469/X                             0.750000    0.912689   -0.162689 (VIOLATED)
_2888_/A1                               0.750000    0.865929   -0.115929 (VIOLATED)
_2694_/A                                0.750000    0.865925   -0.115925 (VIOLATED)
_4611_/A0                               0.750000    0.865910   -0.115910 (VIOLATED)
_4704_/A0                               0.750000    0.865888   -0.115888 (VIOLATED)
_2700_/A                                0.750000    0.865887   -0.115887 (VIOLATED)
_4664_/A0                               0.750000    0.865868   -0.115868 (VIOLATED)
_2459_/A1                               0.750000    0.865860   -0.115860 (VIOLATED)
_3457_/A                                0.750000    0.865859   -0.115859 (VIOLATED)
_4681_/A1                               0.750000    0.865851   -0.115851 (VIOLATED)
_4808_/B2                               0.750000    0.865776   -0.115776 (VIOLATED)
fanout322/X                             0.750000    0.865764   -0.115764 (VIOLATED)
_3173_/A2                               0.750000    0.830145   -0.080145 (VIOLATED)
_3187_/A2                               0.750000    0.830007   -0.080007 (VIOLATED)
_3172_/B                                0.750000    0.830004   -0.080004 (VIOLATED)
_3186_/A2                               0.750000    0.830001   -0.080001 (VIOLATED)
_3181_/A2                               0.750000    0.829998   -0.079998 (VIOLATED)
_3180_/A2                               0.750000    0.829986   -0.079986 (VIOLATED)
_3179_/A2                               0.750000    0.829980   -0.079980 (VIOLATED)
_3174_/A2                               0.750000    0.829975   -0.079975 (VIOLATED)
_3188_/A2                               0.750000    0.829973   -0.079973 (VIOLATED)
_3185_/A2                               0.750000    0.829898   -0.079898 (VIOLATED)
fanout282/X                             0.750000    0.829898   -0.079898 (VIOLATED)
_3175_/B1                               0.750000    0.826597   -0.076597 (VIOLATED)
_3173_/B1                               0.750000    0.826578   -0.076578 (VIOLATED)
_3180_/B1                               0.750000    0.826471   -0.076471 (VIOLATED)
_3179_/B1                               0.750000    0.826456   -0.076456 (VIOLATED)
_3174_/B1                               0.750000    0.826447   -0.076448 (VIOLATED)
_3185_/B1                               0.750000    0.826403   -0.076403 (VIOLATED)
_3187_/B1                               0.750000    0.826357   -0.076357 (VIOLATED)
_3186_/B1                               0.750000    0.826356   -0.076356 (VIOLATED)
_3181_/B1                               0.750000    0.826353   -0.076353 (VIOLATED)
_3188_/B1                               0.750000    0.826352   -0.076352 (VIOLATED)
fanout243/X                             0.750000    0.826350   -0.076350 (VIOLATED)
_2880_/A                                0.750000    0.812185   -0.062185 (VIOLATED)
_2888_/B1                               0.750000    0.812181   -0.062181 (VIOLATED)
_2883_/A                                0.750000    0.812181   -0.062181 (VIOLATED)
_2887_/B                                0.750000    0.812097   -0.062097 (VIOLATED)
_2862_/A                                0.750000    0.811950   -0.061950 (VIOLATED)
_2860_/A                                0.750000    0.811950   -0.061950 (VIOLATED)
_2858_/A                                0.750000    0.811949   -0.061949 (VIOLATED)
_2856_/A                                0.750000    0.811942   -0.061942 (VIOLATED)
_2854_/A_N                              0.750000    0.811937   -0.061937 (VIOLATED)
fanout344/A                             0.750000    0.811863   -0.061863 (VIOLATED)
fanout345/X                             0.750000    0.811851   -0.061851 (VIOLATED)
_2601_/S                                0.750000    0.806476   -0.056476 (VIOLATED)
_2596_/A                                0.750000    0.806443   -0.056443 (VIOLATED)
ANTENNA_9/DIODE                         0.750000    0.806300   -0.056300 (VIOLATED)
fanout472/A                             0.750000    0.806259   -0.056259 (VIOLATED)
_2533_/S                                0.750000    0.806184   -0.056184 (VIOLATED)
_2672_/S                                0.750000    0.806173   -0.056173 (VIOLATED)
_2589_/A1                               0.750000    0.806129   -0.056129 (VIOLATED)
fanout471/A                             0.750000    0.805890   -0.055890 (VIOLATED)
fanout473/X                             0.750000    0.805761   -0.055761 (VIOLATED)
_2949_/B1                               0.750000    0.799400   -0.049400 (VIOLATED)
_2959_/B1                               0.750000    0.799318   -0.049318 (VIOLATED)
_2956_/B1                               0.750000    0.799292   -0.049292 (VIOLATED)
_2950_/B1                               0.750000    0.799265   -0.049265 (VIOLATED)
_2955_/B1                               0.750000    0.799135   -0.049135 (VIOLATED)
_2961_/B1                               0.750000    0.799085   -0.049085 (VIOLATED)
_2963_/B1                               0.750000    0.799076   -0.049076 (VIOLATED)
_2962_/B1                               0.750000    0.799074   -0.049074 (VIOLATED)
_2957_/B1                               0.750000    0.799068   -0.049068 (VIOLATED)
_2964_/B1                               0.750000    0.799066   -0.049066 (VIOLATED)
fanout176/X                             0.750000    0.799014   -0.049014 (VIOLATED)
_3461_/B2                               0.750000    0.793556   -0.043556 (VIOLATED)
_3851_/A                                0.750000    0.793407   -0.043407 (VIOLATED)
fanout382/A                             0.750000    0.793141   -0.043141 (VIOLATED)
_2460_/D1                               0.750000    0.793135   -0.043135 (VIOLATED)
_3731_/C                                0.750000    0.793119   -0.043119 (VIOLATED)
_3732_/C                                0.750000    0.792951   -0.042951 (VIOLATED)
_3439_/A1                               0.750000    0.792022   -0.042022 (VIOLATED)
fanout383/X                             0.750000    0.792012   -0.042012 (VIOLATED)
_3862_/A1                               0.750000    0.788556   -0.038556 (VIOLATED)
_3608_/A1                               0.750000    0.788538   -0.038538 (VIOLATED)
_3658_/A0                               0.750000    0.788501   -0.038501 (VIOLATED)
_2584_/A                                0.750000    0.788418   -0.038418 (VIOLATED)
_2583_/A                                0.750000    0.788407   -0.038407 (VIOLATED)
_3485_/A                                0.750000    0.788250   -0.038250 (VIOLATED)
_3484_/A                                0.750000    0.788248   -0.038248 (VIOLATED)
_3256_/A                                0.750000    0.788123   -0.038123 (VIOLATED)
_3193_/B1                               0.750000    0.788119   -0.038119 (VIOLATED)
_3255_/A                                0.750000    0.788116   -0.038116 (VIOLATED)
_3191_/B1                               0.750000    0.788095   -0.038095 (VIOLATED)
_3415_/A1                               0.750000    0.788046   -0.038046 (VIOLATED)
fanout388/X                             0.750000    0.788034   -0.038034 (VIOLATED)
_3198_/B1                               0.750000    0.787991   -0.037991 (VIOLATED)
_3203_/B1                               0.750000    0.787985   -0.037985 (VIOLATED)
_3192_/B1                               0.750000    0.787979   -0.037979 (VIOLATED)
_3197_/B1                               0.750000    0.787802   -0.037802 (VIOLATED)
_3205_/B1                               0.750000    0.787174   -0.037174 (VIOLATED)
_3204_/B1                               0.750000    0.787063   -0.037064 (VIOLATED)
_3206_/B1                               0.750000    0.786963   -0.036963 (VIOLATED)
_3199_/B1                               0.750000    0.786951   -0.036951 (VIOLATED)
fanout158/X                             0.750000    0.786918   -0.036918 (VIOLATED)
_2897_/B                                0.750000    0.781856   -0.031856 (VIOLATED)
_2923_/B2                               0.750000    0.781853   -0.031853 (VIOLATED)
_2945_/B2                               0.750000    0.781835   -0.031835 (VIOLATED)
_2942_/B2                               0.750000    0.781824   -0.031824 (VIOLATED)
_2898_/A2                               0.750000    0.781813   -0.031813 (VIOLATED)
_2939_/B2                               0.750000    0.781809   -0.031809 (VIOLATED)
_2920_/B2                               0.750000    0.781780   -0.031780 (VIOLATED)
_2917_/B2                               0.750000    0.781778   -0.031778 (VIOLATED)
_2901_/B2                               0.750000    0.781774   -0.031774 (VIOLATED)
_2936_/B2                               0.750000    0.781728   -0.031728 (VIOLATED)
fanout269/X                             0.750000    0.781716   -0.031716 (VIOLATED)
_2639_/B                                0.750000    0.781006   -0.031006 (VIOLATED)
_2636_/B                                0.750000    0.780988   -0.030988 (VIOLATED)
_2634_/B                                0.750000    0.780986   -0.030986 (VIOLATED)
_2633_/A                                0.750000    0.780643   -0.030643 (VIOLATED)
_3673_/A1                               0.750000    0.780364   -0.030364 (VIOLATED)
_4723_/A1                               0.750000    0.780015   -0.030015 (VIOLATED)
_4432_/A                                0.750000    0.779888   -0.029888 (VIOLATED)
_4468_/A                                0.750000    0.779888   -0.029888 (VIOLATED)
_4431_/A                                0.750000    0.779886   -0.029886 (VIOLATED)
_4554_/A1                               0.750000    0.779747   -0.029747 (VIOLATED)
fanout297/X                             0.750000    0.779747   -0.029747 (VIOLATED)
_2904_/A2                               0.750000    0.773772   -0.023772 (VIOLATED)
_2898_/B1                               0.750000    0.773762   -0.023762 (VIOLATED)
_2920_/A2                               0.750000    0.773651   -0.023651 (VIOLATED)
_2936_/A2                               0.750000    0.773419   -0.023419 (VIOLATED)
_2901_/A2                               0.750000    0.773416   -0.023416 (VIOLATED)
_2917_/A2                               0.750000    0.773403   -0.023404 (VIOLATED)
_2939_/A2                               0.750000    0.773371   -0.023371 (VIOLATED)
_2942_/A2                               0.750000    0.773368   -0.023368 (VIOLATED)
_2945_/A2                               0.750000    0.773252   -0.023252 (VIOLATED)
_2923_/A2                               0.750000    0.773202   -0.023202 (VIOLATED)
fanout204/X                             0.750000    0.773167   -0.023167 (VIOLATED)
_2603_/B2                               0.750000    0.770902   -0.020902 (VIOLATED)
_2524_/B2                               0.750000    0.770895   -0.020895 (VIOLATED)
fanout361/A                             0.750000    0.770884   -0.020884 (VIOLATED)
_2511_/B2                               0.750000    0.770872   -0.020873 (VIOLATED)
_2647_/B2                               0.750000    0.770869   -0.020869 (VIOLATED)
_2593_/B2                               0.750000    0.770867   -0.020867 (VIOLATED)
_2475_/B2                               0.750000    0.770862   -0.020862 (VIOLATED)
_2534_/B2                               0.750000    0.770851   -0.020851 (VIOLATED)
_2499_/B2                               0.750000    0.770818   -0.020818 (VIOLATED)
_2487_/B2                               0.750000    0.770817   -0.020817 (VIOLATED)
fanout362/X                             0.750000    0.770803   -0.020803 (VIOLATED)
_3190_/B                                0.750000    0.770184   -0.020184 (VIOLATED)
_3205_/A2                               0.750000    0.770182   -0.020182 (VIOLATED)
_3199_/A2                               0.750000    0.770179   -0.020179 (VIOLATED)
_3204_/A2                               0.750000    0.770177   -0.020177 (VIOLATED)
_3206_/A2                               0.750000    0.770170   -0.020170 (VIOLATED)
_3191_/A2                               0.750000    0.770121   -0.020121 (VIOLATED)
_3197_/A2                               0.750000    0.770107   -0.020107 (VIOLATED)
_3192_/A2                               0.750000    0.770086   -0.020086 (VIOLATED)
_3198_/A2                               0.750000    0.770083   -0.020083 (VIOLATED)
_3203_/A2                               0.750000    0.770048   -0.020048 (VIOLATED)
fanout241/X                             0.750000    0.770016   -0.020016 (VIOLATED)
_3626_/A1                               0.750000    0.757657   -0.007657 (VIOLATED)
_2852_/A                                0.750000    0.757546   -0.007546 (VIOLATED)
_2604_/A                                0.750000    0.757455   -0.007455 (VIOLATED)
_3007_/B1                               0.750000    0.757290   -0.007290 (VIOLATED)
_3009_/B1                               0.750000    0.757259   -0.007259 (VIOLATED)
_3017_/B1                               0.750000    0.757032   -0.007032 (VIOLATED)
_3019_/B1                               0.750000    0.757025   -0.007025 (VIOLATED)
_3479_/A                                0.750000    0.757016   -0.007016 (VIOLATED)
_3474_/A                                0.750000    0.757009   -0.007009 (VIOLATED)
_3008_/B1                               0.750000    0.756996   -0.006996 (VIOLATED)
_3480_/A1                               0.750000    0.756983   -0.006983 (VIOLATED)
_3013_/B1                               0.750000    0.756912   -0.006912 (VIOLATED)
_3022_/B1                               0.750000    0.756901   -0.006901 (VIOLATED)
_3021_/B1                               0.750000    0.756901   -0.006901 (VIOLATED)
_3020_/B1                               0.750000    0.756901   -0.006901 (VIOLATED)
_3015_/B1                               0.750000    0.756896   -0.006896 (VIOLATED)
_3486_/A1                               0.750000    0.756887   -0.006887 (VIOLATED)
fanout172/X                             0.750000    0.756842   -0.006842 (VIOLATED)
_3403_/A                                0.750000    0.756790   -0.006790 (VIOLATED)
_3411_/A1                               0.750000    0.756790   -0.006790 (VIOLATED)
_3260_/A                                0.750000    0.756775   -0.006775 (VIOLATED)
fanout391/X                             0.750000    0.756775   -0.006775 (VIOLATED)
_4407_/A                                0.750000    0.750257   -0.000257 (VIOLATED)

max fanout

Pin                                   Limit Fanout  Slack
---------------------------------------------------------
fanout359/X                              10     13     -3 (VIOLATED)
clkbuf_leaf_24_CLK/X                     10     12     -2 (VIOLATED)
clkbuf_leaf_25_CLK/X                     10     12     -2 (VIOLATED)
fanout320/X                              10     12     -2 (VIOLATED)
clkbuf_leaf_0_CLK/X                      10     11        (VIOLATED)
clkbuf_leaf_16_CLK/X                     10     11        (VIOLATED)
clkbuf_leaf_22_CLK/X                     10     11        (VIOLATED)
clkbuf_leaf_23_CLK/X                     10     11        (VIOLATED)
clkbuf_leaf_2_CLK/X                      10     11        (VIOLATED)
clkbuf_leaf_36_CLK/X                     10     11        (VIOLATED)
clkbuf_leaf_3_CLK/X                      10     11        (VIOLATED)
clkbuf_leaf_4_CLK/X                      10     11        (VIOLATED)
clkbuf_leaf_6_CLK/X                      10     11        (VIOLATED)



===========================================================================
report_parasitic_annotation -report_unannotated
============================================================================
Found 22 unannotated drivers.
 clkload0/X
 clkload1/X
 clkload10/Y
 clkload11/X
 clkload12/X
 clkload13/Y
 clkload14/X
 clkload15/Y
 clkload16/X
 clkload17/X
 clkload18/Y
 clkload19/Y
 clkload2/X
 clkload20/X
 clkload21/X
 clkload3/X
 clkload4/X
 clkload5/X
 clkload6/X
 clkload7/X
 clkload8/X
 clkload9/X
Found 0 partially unannotated drivers.

===========================================================================
max slew violation count 183
max fanout violation count 13
max cap violation count 0
============================================================================

===========================================================================
check_setup -verbose -unconstrained_endpoints -multiple_clock -no_clock -no_input_delay -loops -generated_clocks
===========================================================================
