
===========================================================================
report_checks -unconstrained
===========================================================================
======================= min_ff_n40C_1v95 Corner ===================================

Startpoint: RESET (input port clocked by CLK)
Endpoint: _4961_ (rising edge-triggered flip-flop clocked by CLK)
Path Group: CLK
Path Type: max

Fanout         Cap        Slew       Delay        Time   Description
---------------------------------------------------------------------------------------------
                                  0.000000    0.000000   clock CLK (rise edge)
                                  0.000000    0.000000   clock network delay (propagated)
                                  5.000000    5.000000 ^ input external delay
     1    0.005518    0.000000    0.000000    5.000000 ^ RESET (in)
                                                         RESET (net)
                      0.000154    0.000077    5.000077 ^ input49/A (sky130_fd_sc_hd__buf_4)
    32    0.218222    0.447699    0.339875    5.339952 ^ input49/X (sky130_fd_sc_hd__buf_4)
                                                         net49 (net)
                      0.447722    0.002763    5.342716 ^ _2431_/A (sky130_fd_sc_hd__clkinv_2)
    48    0.190499    0.511306    0.496728    5.839443 v _2431_/Y (sky130_fd_sc_hd__clkinv_2)
                                                         _2359_ (net)
                      0.512188    0.017669    5.857112 v _2469_/B (sky130_fd_sc_hd__and2_2)
     5    0.022048    0.066125    0.327566    6.184678 v _2469_/X (sky130_fd_sc_hd__and2_2)
                                                         _0012_ (net)
                      0.066130    0.000637    6.185315 v _2898_/B (sky130_fd_sc_hd__nand2_2)
     3    0.006857    0.044645    0.064698    6.250013 ^ _2898_/Y (sky130_fd_sc_hd__nand2_2)
                                                         _0785_ (net)
                      0.044645    0.000072    6.250086 ^ _2971_/A (sky130_fd_sc_hd__or3b_2)
     4    0.024185    0.110532    0.134103    6.384189 ^ _2971_/X (sky130_fd_sc_hd__or3b_2)
                                                         _0826_ (net)
                      0.110534    0.000593    6.384782 ^ _3028_/B (sky130_fd_sc_hd__nor2_2)
     9    0.048167    0.088659    0.090535    6.475317 v _3028_/Y (sky130_fd_sc_hd__nor2_2)
                                                         _0835_ (net)
                      0.088659    0.000103    6.475420 v max_cap132/A (sky130_fd_sc_hd__buf_4)
     9    0.049084    0.055430    0.145064    6.620483 v max_cap132/X (sky130_fd_sc_hd__buf_4)
                                                         net132 (net)
                      0.055620    0.002421    6.622905 v _3029_/B (sky130_fd_sc_hd__nor2_2)
    16    0.091492    0.695673    0.521329    7.144234 ^ _3029_/Y (sky130_fd_sc_hd__nor2_2)
                                                         _0836_ (net)
                      0.695770    0.006900    7.151134 ^ _3040_/B1 (sky130_fd_sc_hd__a22o_2)
     1    0.003252    0.037000    0.088612    7.239747 ^ _3040_/X (sky130_fd_sc_hd__a22o_2)
                                                         _0109_ (net)
                      0.037000    0.000040    7.239786 ^ _4961_/D (sky130_fd_sc_hd__dfxtp_2)
                                              7.239786   data arrival time

                                 26.000000   26.000000   clock CLK (rise edge)
                                  0.000000   26.000000   clock source latency
     1    0.043552    0.000000    0.000000   26.000000 ^ CLK (in)
                                                         CLK (net)
                      0.001369    0.000684   26.000683 ^ clkbuf_0_CLK/A (sky130_fd_sc_hd__clkbuf_16)
     4    0.068653    0.065843    0.103899   26.104582 ^ clkbuf_0_CLK/X (sky130_fd_sc_hd__clkbuf_16)
                                                         clknet_0_CLK (net)
                      0.065950    0.002098   26.106680 ^ clkbuf_2_0__f_CLK/A (sky130_fd_sc_hd__clkbuf_16)
    13    0.109875    0.095947    0.144940   26.251619 ^ clkbuf_2_0__f_CLK/X (sky130_fd_sc_hd__clkbuf_16)
                                                         clknet_2_0__leaf_CLK (net)
                      0.095947    0.000114   26.251734 ^ clkbuf_leaf_34_CLK/A (sky130_fd_sc_hd__clkbuf_8)
    11    0.030173    0.049919    0.115774   26.367508 ^ clkbuf_leaf_34_CLK/X (sky130_fd_sc_hd__clkbuf_8)
                                                         clknet_leaf_34_CLK (net)
                      0.049920    0.000259   26.367767 ^ _4961_/CLK (sky130_fd_sc_hd__dfxtp_2)
                                  0.000000   26.367767   clock reconvergence pessimism
                                 -0.031435   26.336330   library setup time
                                             26.336330   data required time
---------------------------------------------------------------------------------------------
                                             26.336330   data required time
                                             -7.239786   data arrival time
---------------------------------------------------------------------------------------------
                                             19.096546   slack (MET)




===========================================================================
report_checks --slack_max -0.01
============================================================================
======================= min_ff_n40C_1v95 Corner ===================================

No paths found.


===========================================================================
 report_check_types -max_slew -max_cap -max_fanout -violators
============================================================================
======================= min_ff_n40C_1v95 Corner ===================================



===========================================================================
report_parasitic_annotation -report_unannotated
============================================================================
Found 34 unannotated drivers.
 clkload0/X
 clkload1/Y
 clkload10/X
 clkload11/X
 clkload12/Y
 clkload13/Y
 clkload14/Y
 clkload15/Y
 clkload16/Y
 clkload17/X
 clkload18/Y
 clkload19/Y
 clkload2/Y
 clkload20/Y
 clkload21/Y
 clkload22/Y
 clkload23/X
 clkload24/X
 clkload25/X
 clkload26/Y
 clkload27/Y
 clkload28/X
 clkload29/X
 clkload3/Y
 clkload30/X
 clkload31/X
 clkload32/X
 clkload33/Y
 clkload4/X
 clkload5/X
 clkload6/X
 clkload7/X
 clkload8/X
 clkload9/X
Found 0 partially unannotated drivers.

===========================================================================
max slew violation count 0
max fanout violation count 0
max cap violation count 0
============================================================================

===========================================================================
check_setup -verbose -unconstrained_endpoints -multiple_clock -no_clock -no_input_delay -loops -generated_clocks
===========================================================================
Warning: There are 58 unconstrained endpoints.
  DEVICES_LDH
  DEVICES_LDW
  DEVICES_STRH
  DEVICES_STRW
  EX_HALT
  INSTR_ADDR[0]
  INSTR_ADDR[10]
  INSTR_ADDR[11]
  INSTR_ADDR[12]
  INSTR_ADDR[13]
  INSTR_ADDR[14]
  INSTR_ADDR[15]
  INSTR_ADDR[1]
  INSTR_ADDR[2]
  INSTR_ADDR[3]
  INSTR_ADDR[4]
  INSTR_ADDR[5]
  INSTR_ADDR[6]
  INSTR_ADDR[7]
  INSTR_ADDR[8]
  INSTR_ADDR[9]
  INVALID_MEM
  MAIN_LDH
  MAIN_LDW
  MAIN_STRH
  MAIN_STRW
  MEM_ADDR[0]
  MEM_ADDR[10]
  MEM_ADDR[11]
  MEM_ADDR[12]
  MEM_ADDR[13]
  MEM_ADDR[14]
  MEM_ADDR[15]
  MEM_ADDR[1]
  MEM_ADDR[2]
  MEM_ADDR[3]
  MEM_ADDR[4]
  MEM_ADDR[5]
  MEM_ADDR[6]
  MEM_ADDR[7]
  MEM_ADDR[8]
  MEM_ADDR[9]
  MEM_STR_DATA[0]
  MEM_STR_DATA[10]
  MEM_STR_DATA[11]
  MEM_STR_DATA[12]
  MEM_STR_DATA[13]
  MEM_STR_DATA[14]
  MEM_STR_DATA[15]
  MEM_STR_DATA[1]
  MEM_STR_DATA[2]
  MEM_STR_DATA[3]
  MEM_STR_DATA[4]
  MEM_STR_DATA[5]
  MEM_STR_DATA[6]
  MEM_STR_DATA[7]
  MEM_STR_DATA[8]
  MEM_STR_DATA[9]
