
===========================================================================
report_checks -unconstrained
===========================================================================
======================= min_ff_n40C_1v95 Corner ===================================

Startpoint: _5123_ (rising edge-triggered flip-flop clocked by CLK)
Endpoint: _5221_ (rising edge-triggered flip-flop clocked by CLK)
Path Group: CLK
Path Type: max

Fanout         Cap        Slew       Delay        Time   Description
---------------------------------------------------------------------------------------------
                                  0.000000    0.000000   clock CLK (rise edge)
                                  0.000000    0.000000   clock source latency
     1    0.045974    0.000000    0.000000    0.000000 ^ CLK (in)
                                                         CLK (net)
                      0.003770    0.001885    0.001885 ^ clkbuf_0_CLK/A (sky130_fd_sc_hd__clkbuf_16)
     4    0.071074    0.067622    0.105858    0.107743 ^ clkbuf_0_CLK/X (sky130_fd_sc_hd__clkbuf_16)
                                                         clknet_0_CLK (net)
                      0.067741    0.002245    0.109987 ^ clkbuf_2_0__f_CLK/A (sky130_fd_sc_hd__clkbuf_16)
    14    0.121546    0.104846    0.151979    0.261966 ^ clkbuf_2_0__f_CLK/X (sky130_fd_sc_hd__clkbuf_16)
                                                         clknet_2_0__leaf_CLK (net)
                      0.104854    0.001011    0.262977 ^ clkbuf_leaf_3_CLK/A (sky130_fd_sc_hd__clkbuf_8)
    11    0.028919    0.048493    0.117058    0.380035 ^ clkbuf_leaf_3_CLK/X (sky130_fd_sc_hd__clkbuf_8)
                                                         clknet_leaf_3_CLK (net)
                      0.048493    0.000227    0.380262 ^ _5123_/CLK (sky130_fd_sc_hd__dfxtp_4)
    31    0.255675    0.532852    0.562710    0.942972 ^ _5123_/Q (sky130_fd_sc_hd__dfxtp_4)
                                                         _0008_ (net)
                      0.533112    0.009842    0.952813 ^ max_cap147/A (sky130_fd_sc_hd__buf_12)
    34    0.282469    0.243251    0.211650    1.164463 ^ max_cap147/X (sky130_fd_sc_hd__buf_12)
                                                         net147 (net)
                      0.244117    0.012215    1.176678 ^ _2591_/S0 (sky130_fd_sc_hd__mux4_2)
     1    0.003432    0.057854    0.305865    1.482543 v _2591_/X (sky130_fd_sc_hd__mux4_2)
                                                         _0466_ (net)
                      0.057854    0.000045    1.482588 v _2592_/A1 (sky130_fd_sc_hd__mux2_1)
     1    0.007224    0.055097    0.176255    1.658842 v _2592_/X (sky130_fd_sc_hd__mux2_1)
                                                         _0467_ (net)
                      0.055097    0.000210    1.659053 v _2593_/B1 (sky130_fd_sc_hd__a22o_2)
    23    0.149112    0.245823    0.287322    1.946375 v _2593_/X (sky130_fd_sc_hd__a22o_2)
                                                         _0468_ (net)
                      0.245987    0.005391    1.951765 v _3730_/A (sky130_fd_sc_hd__xnor2_2)
     7    0.035365    0.348554    0.366394    2.318159 ^ _3730_/Y (sky130_fd_sc_hd__xnor2_2)
                                                         _1235_ (net)
                      0.348556    0.000680    2.318840 ^ _3888_/A (sky130_fd_sc_hd__and2_2)
     3    0.012419    0.062198    0.150054    2.468894 ^ _3888_/X (sky130_fd_sc_hd__and2_2)
                                                         _1392_ (net)
                      0.062198    0.000080    2.468974 ^ _3890_/A1 (sky130_fd_sc_hd__o21bai_2)
     4    0.018349    0.062911    0.073988    2.542962 v _3890_/Y (sky130_fd_sc_hd__o21bai_2)
                                                         _1394_ (net)
                      0.062911    0.000159    2.543121 v _3894_/A2 (sky130_fd_sc_hd__a311oi_2)
     4    0.018825    0.308055    0.298767    2.841889 ^ _3894_/Y (sky130_fd_sc_hd__a311oi_2)
                                                         _1398_ (net)
                      0.308055    0.000492    2.842381 ^ _3896_/B (sky130_fd_sc_hd__nand2_2)
     3    0.014177    0.081267    0.070200    2.912581 v _3896_/Y (sky130_fd_sc_hd__nand2_2)
                                                         _1400_ (net)
                      0.081267    0.000314    2.912895 v _3901_/A2 (sky130_fd_sc_hd__o211a_2)
     4    0.027831    0.069567    0.212648    3.125543 v _3901_/X (sky130_fd_sc_hd__o211a_2)
                                                         _1405_ (net)
                      0.069568    0.000394    3.125937 v _3908_/A2 (sky130_fd_sc_hd__o21bai_2)
     2    0.016181    0.158447    0.152467    3.278404 ^ _3908_/Y (sky130_fd_sc_hd__o21bai_2)
                                                         _1412_ (net)
                      0.158503    0.000649    3.279052 ^ _4334_/A2 (sky130_fd_sc_hd__a21oi_2)
     3    0.011116    0.052125    0.059143    3.338195 v _4334_/Y (sky130_fd_sc_hd__a21oi_2)
                                                         _1825_ (net)
                      0.052125    0.000057    3.338253 v _4359_/A2 (sky130_fd_sc_hd__o21ba_2)
     2    0.008616    0.035636    0.137999    3.476252 v _4359_/X (sky130_fd_sc_hd__o21ba_2)
                                                         _1849_ (net)
                      0.035636    0.000129    3.476380 v _4360_/C (sky130_fd_sc_hd__and3_2)
     1    0.001669    0.025163    0.123186    3.599566 v _4360_/X (sky130_fd_sc_hd__and3_2)
                                                         _1850_ (net)
                      0.025163    0.000006    3.599573 v _4373_/A_N (sky130_fd_sc_hd__nand3b_2)
     1    0.001753    0.035267    0.110954    3.710527 v _4373_/Y (sky130_fd_sc_hd__nand3b_2)
                                                         _1863_ (net)
                      0.035267    0.000015    3.710542 v _4375_/C (sky130_fd_sc_hd__or4b_2)
     1    0.007654    0.078404    0.357797    4.068339 v _4375_/X (sky130_fd_sc_hd__or4b_2)
                                                         _1865_ (net)
                      0.078404    0.000187    4.068526 v _4378_/A2 (sky130_fd_sc_hd__o311a_2)
     1    0.002388    0.038504    0.232675    4.301200 v _4378_/X (sky130_fd_sc_hd__o311a_2)
                                                         _0373_ (net)
                      0.038504    0.000024    4.301224 v _5221_/D (sky130_fd_sc_hd__dfxtp_2)
                                              4.301224   data arrival time

                                 26.000000   26.000000   clock CLK (rise edge)
                                  0.000000   26.000000   clock source latency
     1    0.045974    0.000000    0.000000   26.000000 ^ CLK (in)
                                                         CLK (net)
                      0.003770    0.001885   26.001884 ^ clkbuf_0_CLK/A (sky130_fd_sc_hd__clkbuf_16)
     4    0.071074    0.067622    0.105858   26.107742 ^ clkbuf_0_CLK/X (sky130_fd_sc_hd__clkbuf_16)
                                                         clknet_0_CLK (net)
                      0.067739    0.002229   26.109972 ^ clkbuf_2_1__f_CLK/A (sky130_fd_sc_hd__clkbuf_16)
    12    0.103126    0.091392    0.140853   26.250824 ^ clkbuf_2_1__f_CLK/X (sky130_fd_sc_hd__clkbuf_16)
                                                         clknet_2_1__leaf_CLK (net)
                      0.091774    0.004722   26.255547 ^ clkbuf_leaf_19_CLK/A (sky130_fd_sc_hd__clkbuf_8)
     5    0.035422    0.056091    0.119254   26.374800 ^ clkbuf_leaf_19_CLK/X (sky130_fd_sc_hd__clkbuf_8)
                                                         clknet_leaf_19_CLK (net)
                      0.056098    0.000650   26.375450 ^ _5221_/CLK (sky130_fd_sc_hd__dfxtp_2)
                                  0.000000   26.375450   clock reconvergence pessimism
                                 -0.071225   26.304226   library setup time
                                             26.304226   data required time
---------------------------------------------------------------------------------------------
                                             26.304226   data required time
                                             -4.301224   data arrival time
---------------------------------------------------------------------------------------------
                                             22.003000   slack (MET)




===========================================================================
report_checks --slack_max -0.01
============================================================================
======================= min_ff_n40C_1v95 Corner ===================================

No paths found.


===========================================================================
 report_check_types -max_slew -max_cap -max_fanout -violators
============================================================================
======================= min_ff_n40C_1v95 Corner ===================================



===========================================================================
report_parasitic_annotation -report_unannotated
============================================================================
Found 37 unannotated drivers.
 clkload0/Y
 clkload1/Y
 clkload10/X
 clkload11/X
 clkload12/X
 clkload13/X
 clkload14/X
 clkload15/X
 clkload16/X
 clkload17/Y
 clkload18/X
 clkload19/X
 clkload2/Y
 clkload20/X
 clkload21/Y
 clkload22/Y
 clkload23/X
 clkload24/Y
 clkload25/Y
 clkload26/Y
 clkload27/X
 clkload28/X
 clkload29/Y
 clkload3/X
 clkload30/Y
 clkload31/X
 clkload32/X
 clkload33/X
 clkload34/Y
 clkload35/X
 clkload36/X
 clkload4/X
 clkload5/X
 clkload6/X
 clkload7/X
 clkload8/X
 clkload9/X
Found 0 partially unannotated drivers.

===========================================================================
max slew violation count 0
max fanout violation count 0
max cap violation count 0
============================================================================

===========================================================================
check_setup -verbose -unconstrained_endpoints -multiple_clock -no_clock -no_input_delay -loops -generated_clocks
===========================================================================
Warning: There are 49 input ports missing set_input_delay.
  INSTR_STREAM[0]
  INSTR_STREAM[10]
  INSTR_STREAM[11]
  INSTR_STREAM[12]
  INSTR_STREAM[13]
  INSTR_STREAM[14]
  INSTR_STREAM[15]
  INSTR_STREAM[16]
  INSTR_STREAM[17]
  INSTR_STREAM[18]
  INSTR_STREAM[19]
  INSTR_STREAM[1]
  INSTR_STREAM[20]
  INSTR_STREAM[21]
  INSTR_STREAM[22]
  INSTR_STREAM[23]
  INSTR_STREAM[24]
  INSTR_STREAM[25]
  INSTR_STREAM[26]
  INSTR_STREAM[27]
  INSTR_STREAM[28]
  INSTR_STREAM[29]
  INSTR_STREAM[2]
  INSTR_STREAM[30]
  INSTR_STREAM[31]
  INSTR_STREAM[3]
  INSTR_STREAM[4]
  INSTR_STREAM[5]
  INSTR_STREAM[6]
  INSTR_STREAM[7]
  INSTR_STREAM[8]
  INSTR_STREAM[9]
  MEM_LD_DATA[0]
  MEM_LD_DATA[10]
  MEM_LD_DATA[11]
  MEM_LD_DATA[12]
  MEM_LD_DATA[13]
  MEM_LD_DATA[14]
  MEM_LD_DATA[15]
  MEM_LD_DATA[1]
  MEM_LD_DATA[2]
  MEM_LD_DATA[3]
  MEM_LD_DATA[4]
  MEM_LD_DATA[5]
  MEM_LD_DATA[6]
  MEM_LD_DATA[7]
  MEM_LD_DATA[8]
  MEM_LD_DATA[9]
  RESET
Warning: There are 58 unconstrained endpoints.
  DEVICES_LDH
  DEVICES_LDW
  DEVICES_STRH
  DEVICES_STRW
  EX_HALT
  INSTR_ADDR[0]
  INSTR_ADDR[10]
  INSTR_ADDR[11]
  INSTR_ADDR[12]
  INSTR_ADDR[13]
  INSTR_ADDR[14]
  INSTR_ADDR[15]
  INSTR_ADDR[1]
  INSTR_ADDR[2]
  INSTR_ADDR[3]
  INSTR_ADDR[4]
  INSTR_ADDR[5]
  INSTR_ADDR[6]
  INSTR_ADDR[7]
  INSTR_ADDR[8]
  INSTR_ADDR[9]
  INVALID_MEM
  MAIN_LDH
  MAIN_LDW
  MAIN_STRH
  MAIN_STRW
  MEM_ADDR[0]
  MEM_ADDR[10]
  MEM_ADDR[11]
  MEM_ADDR[12]
  MEM_ADDR[13]
  MEM_ADDR[14]
  MEM_ADDR[15]
  MEM_ADDR[1]
  MEM_ADDR[2]
  MEM_ADDR[3]
  MEM_ADDR[4]
  MEM_ADDR[5]
  MEM_ADDR[6]
  MEM_ADDR[7]
  MEM_ADDR[8]
  MEM_ADDR[9]
  MEM_STR_DATA[0]
  MEM_STR_DATA[10]
  MEM_STR_DATA[11]
  MEM_STR_DATA[12]
  MEM_STR_DATA[13]
  MEM_STR_DATA[14]
  MEM_STR_DATA[15]
  MEM_STR_DATA[1]
  MEM_STR_DATA[2]
  MEM_STR_DATA[3]
  MEM_STR_DATA[4]
  MEM_STR_DATA[5]
  MEM_STR_DATA[6]
  MEM_STR_DATA[7]
  MEM_STR_DATA[8]
  MEM_STR_DATA[9]
