Reading timing models for corner nom_tt_025C_1v80…
Reading timing library for the 'nom_tt_025C_1v80' corner at '/root/.ciel/ciel/sky130/versions/8afc8346a57fe1ab7934ba5a6056ea8b43078e71/sky130A/libs.ref/sky130_fd_sc_hd/lib/sky130_fd_sc_hd__tt_025C_1v80.lib'…
Reading OpenROAD database at '/home/Ven/vscode/VRAI/runs/RUN_2026-07-20_09-52-22/42-openroad-repairantennas/1-openroad-diodeinsertion/VRAI_SYNC_CORE.odb'…
Reading design constraints file at '/nix/store/bsc7517ifhyy0s2y84n52j5yvqsybbw9-python3-3.13.9-env/lib/python3.13/site-packages/librelane/scripts/base.sdc'…
[INFO] Using clock CLK…
[INFO] Setting output delay to: 4
[INFO] Setting input delay to: 4
[INFO] Setting load to: 0.033442
[INFO] Setting clock uncertainty to: 0.25
[INFO] Setting clock transition to: 0.1499999999999999944488848768742172978818416595458984375
[INFO] Setting timing derate to: 5%
[INFO ORD-0030] Using 16 thread(s).
+ detailed_route -droute_end_iter 64 -or_seed 42 -verbose 1 -output_drc /home/Ven/vscode/VRAI/runs/RUN_2026-07-20_09-52-22/44-openroad-detailedrouting/drt-run-0/VRAI_SYNC_CORE.drc
[INFO DRT-0149] Reading tech and libs.
[WARNING DRT-0349] LEF58_ENCLOSURE with no CUTCLASS is not supported. Skipping for layer mcon
[WARNING DRT-0349] LEF58_ENCLOSURE with no CUTCLASS is not supported. Skipping for layer mcon
[WARNING DRT-0349] LEF58_ENCLOSURE with no CUTCLASS is not supported. Skipping for layer via
[WARNING DRT-0349] LEF58_ENCLOSURE with no CUTCLASS is not supported. Skipping for layer via
[WARNING DRT-0349] LEF58_ENCLOSURE with no CUTCLASS is not supported. Skipping for layer via2
[WARNING DRT-0349] LEF58_ENCLOSURE with no CUTCLASS is not supported. Skipping for layer via2
[WARNING DRT-0349] LEF58_ENCLOSURE with no CUTCLASS is not supported. Skipping for layer via3
[WARNING DRT-0349] LEF58_ENCLOSURE with no CUTCLASS is not supported. Skipping for layer via3
[WARNING DRT-0349] LEF58_ENCLOSURE with no CUTCLASS is not supported. Skipping for layer via4
[WARNING DRT-0349] LEF58_ENCLOSURE with no CUTCLASS is not supported. Skipping for layer via4

Units:                1000
Number of layers:     13
Number of macros:     445
Number of vias:       29
Number of viarulegen: 25

[INFO DRT-0150] Reading design.

Design:                   VRAI_SYNC_CORE
Die area:                 ( 0 0 ) ( 267150 277870 )
Number of track patterns: 12
Number of DEF vias:       0
Number of components:     4863
Number of terminals:      110
Number of snets:          2
Number of nets:           3788

[INFO DRT-0167] List of default vias:
  Layer via
    default via: M1M2_PR
  Layer via2
    default via: M2M3_PR
  Layer via3
    default via: M3M4_PR
  Layer via4
    default via: M4M5_PR
[INFO DRT-0162] Library cell analysis.
[INFO DRT-0163] Instance analysis.
[INFO DRT-0164] Number of unique instances = 152.
[INFO DRT-0168] Init region query.
[INFO DRT-0024]   Complete FR_MASTERSLICE.
[INFO DRT-0024]   Complete licon.
[INFO DRT-0024]   Complete li1.
[INFO DRT-0024]   Complete mcon.
[INFO DRT-0024]   Complete met1.
[INFO DRT-0024]   Complete via.
[INFO DRT-0024]   Complete met2.
[INFO DRT-0024]   Complete via2.
[INFO DRT-0024]   Complete met3.
[INFO DRT-0024]   Complete via3.
[INFO DRT-0024]   Complete met4.
[INFO DRT-0024]   Complete via4.
[INFO DRT-0024]   Complete met5.
[INFO DRT-0033] FR_MASTERSLICE shape region query size = 0.
[INFO DRT-0033] licon shape region query size = 0.
[INFO DRT-0033] li1 shape region query size = 124412.
[INFO DRT-0033] mcon shape region query size = 0.
[INFO DRT-0033] met1 shape region query size = 16506.
[INFO DRT-0033] via shape region query size = 950.
[INFO DRT-0033] met2 shape region query size = 614.
[INFO DRT-0033] via2 shape region query size = 760.
[INFO DRT-0033] met3 shape region query size = 634.
[INFO DRT-0033] via3 shape region query size = 760.
[INFO DRT-0033] met4 shape region query size = 206.
[INFO DRT-0033] via4 shape region query size = 8.
[INFO DRT-0033] met5 shape region query size = 16.
[INFO DRT-0165] Start pin access.
[INFO DRT-0076]   Complete 1000 pins.
[INFO DRT-0078]   Complete 1196 pins.
[INFO DRT-0079]   Complete 100 unique inst patterns.
[INFO DRT-0081]   Complete 152 unique inst patterns.
[INFO DRT-0084]   Complete 2188 groups.
#scanned instances     = 4863
#unique  instances     = 152
#stdCellGenAp          = 4194
#stdCellValidPlanarAp  = 42
#stdCellValidViaAp     = 3294
#stdCellPinNoAp        = 0
#stdCellPinCnt         = 13320
#instTermValidViaApCnt = 0
#macroGenAp            = 0
#macroValidPlanarAp    = 0
#macroValidViaAp       = 0
#macroNoAp             = 0
[INFO DRT-0166] Complete pin access.
[INFO DRT-0267] cpu time = 00:03:16, elapsed time = 00:00:14, memory = 162.23 (MB), peak = 160.98 (MB)

[INFO DRT-0157] Number of guides:     33328

[INFO DRT-0169] Post process guides.
[INFO DRT-0176] GCELLGRID X 0 DO 38 STEP 6900 ;
[INFO DRT-0177] GCELLGRID Y 0 DO 40 STEP 6900 ;
[INFO DRT-0028]   Complete FR_MASTERSLICE.
[INFO DRT-0028]   Complete licon.
[INFO DRT-0028]   Complete li1.
[INFO DRT-0028]   Complete mcon.
[INFO DRT-0028]   Complete met1.
[INFO DRT-0028]   Complete via.
[INFO DRT-0028]   Complete met2.
[INFO DRT-0028]   Complete via2.
[INFO DRT-0028]   Complete met3.
[INFO DRT-0028]   Complete via3.
[INFO DRT-0028]   Complete met4.
[INFO DRT-0028]   Complete via4.
[INFO DRT-0028]   Complete met5.
[INFO DRT-0178] Init guide query.
[INFO DRT-0035]   Complete FR_MASTERSLICE (guide).
[INFO DRT-0035]   Complete licon (guide).
[INFO DRT-0035]   Complete li1 (guide).
[INFO DRT-0035]   Complete mcon (guide).
[INFO DRT-0035]   Complete met1 (guide).
[INFO DRT-0035]   Complete via (guide).
[INFO DRT-0035]   Complete met2 (guide).
[INFO DRT-0035]   Complete via2 (guide).
[INFO DRT-0035]   Complete met3 (guide).
[INFO DRT-0035]   Complete via3 (guide).
[INFO DRT-0035]   Complete met4 (guide).
[INFO DRT-0035]   Complete via4 (guide).
[INFO DRT-0035]   Complete met5 (guide).
[INFO DRT-0036] FR_MASTERSLICE guide region query size = 0.
[INFO DRT-0036] licon guide region query size = 0.
[INFO DRT-0036] li1 guide region query size = 11013.
[INFO DRT-0036] mcon guide region query size = 0.
[INFO DRT-0036] met1 guide region query size = 10122.
[INFO DRT-0036] via guide region query size = 0.
[INFO DRT-0036] met2 guide region query size = 5574.
[INFO DRT-0036] via2 guide region query size = 0.
[INFO DRT-0036] met3 guide region query size = 641.
[INFO DRT-0036] via3 guide region query size = 0.
[INFO DRT-0036] met4 guide region query size = 132.
[INFO DRT-0036] via4 guide region query size = 0.
[INFO DRT-0036] met5 guide region query size = 15.
[INFO DRT-0179] Init gr pin query.
[INFO DRT-0267] cpu time = 00:00:00, elapsed time = 00:00:00, memory = 173.19 (MB), peak = 171.78 (MB)
[INFO DRT-0245] skipped writing guide updates to database.
[INFO DRT-0185] Post process initialize RPin region query.
[INFO DRT-0181] Start track assignment.
[INFO DRT-0184] Done with 16719 vertical wires in 1 frboxes and 10778 horizontal wires in 1 frboxes.
[INFO DRT-0186] Done with 2299 vertical wires in 1 frboxes and 3924 horizontal wires in 1 frboxes.
[INFO DRT-0182] Complete track assignment.
[INFO DRT-0267] cpu time = 00:00:08, elapsed time = 00:00:01, memory = 257.61 (MB), peak = 256.19 (MB)
[INFO DRT-0187] Start routing data preparation.
[INFO DRT-0267] cpu time = 00:00:00, elapsed time = 00:00:00, memory = 257.61 (MB), peak = 256.19 (MB)
[INFO DRT-0194] Start detail routing.
[INFO DRT-0195] Start 0th optimization iteration.
    Completing 10% with 0 violations.
    elapsed time = 00:00:03, memory = 503.39 (MB).
    Completing 20% with 0 violations.
    elapsed time = 00:00:05, memory = 429.11 (MB).
    Completing 30% with 754 violations.
    elapsed time = 00:00:08, memory = 603.39 (MB).
    Completing 40% with 754 violations.
    elapsed time = 00:00:11, memory = 660.22 (MB).
    Completing 50% with 754 violations.
    elapsed time = 00:00:14, memory = 579.19 (MB).
    Completing 60% with 1328 violations.
    elapsed time = 00:00:17, memory = 658.52 (MB).
    Completing 70% with 1328 violations.
    elapsed time = 00:00:21, memory = 658.52 (MB).
    Completing 80% with 2075 violations.
    elapsed time = 00:00:22, memory = 743.38 (MB).
    Completing 90% with 2075 violations.
    elapsed time = 00:00:24, memory = 782.76 (MB).
    Completing 100% with 2697 violations.
    elapsed time = 00:00:38, memory = 755.82 (MB).
[INFO DRT-0199]   Number of violations = 2992.
Viol/Layer         li1   mcon   met1    via   met2   met3
Cut Spacing          0      4      0      0      0      0
Metal Spacing        0      0    359      0     80      6
Min Hole             0      0      1      0      0      0
Recheck              6      0    198      0     82      9
Short                0      1   1949      2    285     10
[INFO DRT-0267] cpu time = 00:02:38, elapsed time = 00:00:38, memory = 1085.93 (MB), peak = 1084.48 (MB)
Total wire length = 160621 um.
Total wire length on LAYER li1 = 0 um.
Total wire length on LAYER met1 = 65489 um.
Total wire length on LAYER met2 = 68915 um.
Total wire length on LAYER met3 = 20757 um.
Total wire length on LAYER met4 = 5032 um.
Total wire length on LAYER met5 = 426 um.
Total number of vias = 31183.
Up-via summary (total 31183):

------------------------
 FR_MASTERSLICE        0
            li1    13350
           met1    16176
           met2     1395
           met3      236
           met4       26
------------------------
               31183


[INFO DRT-0195] Start 1st optimization iteration.
    Completing 10% with 2992 violations.
    elapsed time = 00:00:02, memory = 1197.16 (MB).
    Completing 20% with 2992 violations.
    elapsed time = 00:00:06, memory = 1212.07 (MB).
    Completing 30% with 2636 violations.
    elapsed time = 00:00:09, memory = 1218.68 (MB).
    Completing 40% with 2636 violations.
    elapsed time = 00:00:11, memory = 1231.95 (MB).
    Completing 50% with 2636 violations.
    elapsed time = 00:00:16, memory = 1234.61 (MB).
    Completing 60% with 2321 violations.
    elapsed time = 00:00:18, memory = 1234.61 (MB).
    Completing 70% with 2321 violations.
    elapsed time = 00:00:22, memory = 1234.62 (MB).
    Completing 80% with 2116 violations.
    elapsed time = 00:00:24, memory = 1257.77 (MB).
    Completing 90% with 2116 violations.
    elapsed time = 00:00:27, memory = 1269.77 (MB).
    Completing 100% with 1724 violations.
    elapsed time = 00:00:36, memory = 1270.71 (MB).
[INFO DRT-0199]   Number of violations = 1724.
Viol/Layer        mcon   met1   met2   met3
Cut Spacing          1      0      0      0
Metal Spacing        0    216     89      6
Short                0   1232    175      5
[INFO DRT-0267] cpu time = 00:02:35, elapsed time = 00:00:37, memory = 1273.71 (MB), peak = 1279.56 (MB)
Total wire length = 159693 um.
Total wire length on LAYER li1 = 0 um.
Total wire length on LAYER met1 = 64559 um.
Total wire length on LAYER met2 = 68364 um.
Total wire length on LAYER met3 = 21283 um.
Total wire length on LAYER met4 = 5056 um.
Total wire length on LAYER met5 = 429 um.
Total number of vias = 31154.
Up-via summary (total 31154):

------------------------
 FR_MASTERSLICE        0
            li1    13355
           met1    16046
           met2     1478
           met3      249
           met4       26
------------------------
               31154


[INFO DRT-0195] Start 2nd optimization iteration.
    Completing 10% with 1724 violations.
    elapsed time = 00:00:00, memory = 1273.71 (MB).
    Completing 20% with 1724 violations.
    elapsed time = 00:00:00, memory = 1320.16 (MB).
    Completing 30% with 1724 violations.
    elapsed time = 00:00:09, memory = 1326.63 (MB).
    Completing 40% with 1775 violations.
    elapsed time = 00:00:12, memory = 1312.62 (MB).
    Completing 50% with 1775 violations.
    elapsed time = 00:00:17, memory = 1312.63 (MB).
    Completing 60% with 1875 violations.
    elapsed time = 00:00:20, memory = 1319.97 (MB).
    Completing 70% with 1875 violations.
    elapsed time = 00:00:22, memory = 1347.89 (MB).
    Completing 80% with 1875 violations.
    elapsed time = 00:00:28, memory = 1338.36 (MB).
    Completing 90% with 1847 violations.
    elapsed time = 00:00:32, memory = 1361.46 (MB).
    Completing 100% with 1814 violations.
    elapsed time = 00:00:36, memory = 1361.46 (MB).
[INFO DRT-0199]   Number of violations = 1814.
Viol/Layer        mcon   met1   met2   met3
Cut Spacing          1      0      0      0
Metal Spacing        0    246     74      1
Short                0   1332    157      3
[INFO DRT-0267] cpu time = 00:02:39, elapsed time = 00:00:36, memory = 1361.46 (MB), peak = 1360.59 (MB)
Total wire length = 159070 um.
Total wire length on LAYER li1 = 0 um.
Total wire length on LAYER met1 = 64460 um.
Total wire length on LAYER met2 = 68129 um.
Total wire length on LAYER met3 = 20966 um.
Total wire length on LAYER met4 = 5082 um.
Total wire length on LAYER met5 = 431 um.
Total number of vias = 30803.
Up-via summary (total 30803):

------------------------
 FR_MASTERSLICE        0
            li1    13371
           met1    15784
           met2     1376
           met3      246
           met4       26
------------------------
               30803


[INFO DRT-0195] Start 3rd optimization iteration.
    Completing 10% with 1814 violations.
    elapsed time = 00:00:01, memory = 1473.68 (MB).
    Completing 20% with 1814 violations.
    elapsed time = 00:00:07, memory = 1442.15 (MB).
    Completing 30% with 1447 violations.
    elapsed time = 00:00:08, memory = 1450.78 (MB).
    Completing 40% with 1447 violations.
    elapsed time = 00:00:10, memory = 1474.98 (MB).
    Completing 50% with 1447 violations.
    elapsed time = 00:00:15, memory = 1432.67 (MB).
    Completing 60% with 1105 violations.
    elapsed time = 00:00:17, memory = 1435.23 (MB).
    Completing 70% with 1105 violations.
    elapsed time = 00:00:18, memory = 1436.48 (MB).
    Completing 80% with 627 violations.
    elapsed time = 00:00:19, memory = 1468.75 (MB).
    Completing 90% with 627 violations.
    elapsed time = 00:00:20, memory = 1468.75 (MB).
    Completing 100% with 86 violations.
    elapsed time = 00:00:29, memory = 1436.48 (MB).
[INFO DRT-0199]   Number of violations = 86.
Viol/Layer        mcon   met1   met2   met3
Cut Spacing          1      0      0      0
Metal Spacing        0     38      7      2
Short                0     33      5      0
[INFO DRT-0267] cpu time = 00:01:45, elapsed time = 00:00:30, memory = 1436.48 (MB), peak = 1476.14 (MB)
Total wire length = 158720 um.
Total wire length on LAYER li1 = 0 um.
Total wire length on LAYER met1 = 58951 um.
Total wire length on LAYER met2 = 67414 um.
Total wire length on LAYER met3 = 26031 um.
Total wire length on LAYER met4 = 5925 um.
Total wire length on LAYER met5 = 397 um.
Total number of vias = 31600.
Up-via summary (total 31600):

------------------------
 FR_MASTERSLICE        0
            li1    13373
           met1    15890
           met2     1988
           met3      327
           met4       22
------------------------
               31600


[INFO DRT-0195] Start 4th guides tiles iteration.
    Completing 10% with 86 violations.
    elapsed time = 00:00:00, memory = 1500.54 (MB).
    Completing 20% with 86 violations.
    elapsed time = 00:00:00, memory = 1500.54 (MB).
    Completing 30% with 86 violations.
    elapsed time = 00:00:00, memory = 1500.54 (MB).
    Completing 40% with 86 violations.
    elapsed time = 00:00:00, memory = 1500.54 (MB).
    Completing 50% with 86 violations.
    elapsed time = 00:00:00, memory = 1500.54 (MB).
    Completing 60% with 86 violations.
    elapsed time = 00:00:05, memory = 1436.48 (MB).
    Completing 70% with 5 violations.
    elapsed time = 00:00:05, memory = 1436.48 (MB).
    Completing 80% with 5 violations.
    elapsed time = 00:00:05, memory = 1436.48 (MB).
    Completing 90% with 5 violations.
    elapsed time = 00:00:05, memory = 1436.48 (MB).
    Completing 100% with 5 violations.
    elapsed time = 00:00:07, memory = 1436.48 (MB).
[INFO DRT-0199]   Number of violations = 5.
Viol/Layer        met1   met2
Metal Spacing        4      1
[INFO DRT-0267] cpu time = 00:00:16, elapsed time = 00:00:07, memory = 1436.48 (MB), peak = 1530.20 (MB)
Total wire length = 158701 um.
Total wire length on LAYER li1 = 0 um.
Total wire length on LAYER met1 = 58818 um.
Total wire length on LAYER met2 = 67398 um.
Total wire length on LAYER met3 = 26163 um.
Total wire length on LAYER met4 = 5936 um.
Total wire length on LAYER met5 = 383 um.
Total number of vias = 31586.
Up-via summary (total 31586):

------------------------
 FR_MASTERSLICE        0
            li1    13373
           met1    15875
           met2     1995
           met3      323
           met4       20
------------------------
               31586


[INFO DRT-0195] Start 5th guides tiles iteration.
    Completing 30% with 5 violations.
    elapsed time = 00:00:00, memory = 1436.48 (MB).
    Completing 60% with 5 violations.
    elapsed time = 00:00:01, memory = 1436.48 (MB).
    Completing 100% with 5 violations.
    elapsed time = 00:00:02, memory = 1436.48 (MB).
[INFO DRT-0199]   Number of violations = 5.
Viol/Layer        met1   met2
Metal Spacing        4      1
[INFO DRT-0267] cpu time = 00:00:08, elapsed time = 00:00:02, memory = 1436.48 (MB), peak = 1530.20 (MB)
Total wire length = 158701 um.
Total wire length on LAYER li1 = 0 um.
Total wire length on LAYER met1 = 58818 um.
Total wire length on LAYER met2 = 67398 um.
Total wire length on LAYER met3 = 26163 um.
Total wire length on LAYER met4 = 5936 um.
Total wire length on LAYER met5 = 383 um.
Total number of vias = 31586.
Up-via summary (total 31586):

------------------------
 FR_MASTERSLICE        0
            li1    13373
           met1    15875
           met2     1995
           met3      323
           met4       20
------------------------
               31586


[INFO DRT-0195] Start 6th stubborn tiles iteration.
    Completing 10% with 5 violations.
    elapsed time = 00:00:12, memory = 1661.15 (MB).
    Completing 20% with 5 violations.
    elapsed time = 00:00:21, memory = 1657.79 (MB).
    Completing 30% with 5 violations.
    elapsed time = 00:00:33, memory = 1817.85 (MB).
    Completing 40% with 5 violations.
    elapsed time = 00:00:51, memory = 1909.57 (MB).
    Completing 50% with 5 violations.
    elapsed time = 00:01:04, memory = 1697.71 (MB).
    Completing 60% with 3 violations.
    elapsed time = 00:01:06, memory = 1737.69 (MB).
    Completing 70% with 3 violations.
    elapsed time = 00:01:06, memory = 1737.69 (MB).
    Completing 80% with 3 violations.
    elapsed time = 00:01:06, memory = 1737.88 (MB).
    Completing 90% with 3 violations.
    elapsed time = 00:01:07, memory = 1727.07 (MB).
    Completing 100% with 0 violations.
    elapsed time = 00:01:08, memory = 1728.40 (MB).
[INFO DRT-0199]   Number of violations = 0.
[INFO DRT-0267] cpu time = 00:13:23, elapsed time = 00:01:08, memory = 1728.40 (MB), peak = 1952.98 (MB)
Total wire length = 158707 um.
Total wire length on LAYER li1 = 0 um.
Total wire length on LAYER met1 = 58815 um.
Total wire length on LAYER met2 = 67374 um.
Total wire length on LAYER met3 = 26192 um.
Total wire length on LAYER met4 = 5941 um.
Total wire length on LAYER met5 = 383 um.
Total number of vias = 31584.
Up-via summary (total 31584):

------------------------
 FR_MASTERSLICE        0
            li1    13373
           met1    15874
           met2     1992
           met3      325
           met4       20
------------------------
               31584


[INFO DRT-0198] Complete detail routing.
Total wire length = 158707 um.
Total wire length on LAYER li1 = 0 um.
Total wire length on LAYER met1 = 58815 um.
Total wire length on LAYER met2 = 67374 um.
Total wire length on LAYER met3 = 26192 um.
Total wire length on LAYER met4 = 5941 um.
Total wire length on LAYER met5 = 383 um.
Total number of vias = 31584.
Up-via summary (total 31584):

------------------------
 FR_MASTERSLICE        0
            li1    13373
           met1    15874
           met2     1992
           met3      325
           met4       20
------------------------
               31584


[INFO DRT-0267] cpu time = 00:23:29, elapsed time = 00:03:41, memory = 1728.52 (MB), peak = 1952.98 (MB)

[INFO DRT-0180] Post processing.
+ check_antennas 
[INFO ANT-0002] Found 11 net violations.
[INFO ANT-0001] Found 17 pin violations.
[INFO] Running antenna repair iteration 1…
+ repair_antennas sky130_fd_sc_hd__diode_2 -ratio_margin 10
[INFO GRT-0012] Found 13 antenna violations.
[INFO GRT-0015] Inserted 19 diodes.
+ detailed_route -droute_end_iter 64 -or_seed 42 -verbose 1 -output_drc /home/Ven/vscode/VRAI/runs/RUN_2026-07-20_09-52-22/44-openroad-detailedrouting/drt-run-1/VRAI_SYNC_CORE.drc
[INFO DRT-0024]   Complete FR_MASTERSLICE.
[INFO DRT-0024]   Complete licon.
[INFO DRT-0024]   Complete li1.
[INFO DRT-0024]   Complete mcon.
[INFO DRT-0024]   Complete met1.
[INFO DRT-0024]   Complete via.
[INFO DRT-0024]   Complete met2.
[INFO DRT-0024]   Complete via2.
[INFO DRT-0024]   Complete met3.
[INFO DRT-0024]   Complete via3.
[INFO DRT-0024]   Complete met4.
[INFO DRT-0024]   Complete via4.
[INFO DRT-0024]   Complete met5.
[INFO DRT-0165] Start pin access.
[INFO DRT-0076]   Complete 1000 pins.
[INFO DRT-0078]   Complete 1201 pins.
[INFO DRT-0079]   Complete 100 unique inst patterns.
[INFO DRT-0081]   Complete 153 unique inst patterns.
[INFO DRT-0084]   Complete 2192 groups.
#scanned instances     = 4882
#unique  instances     = 153
#stdCellGenAp          = 4206
#stdCellValidPlanarAp  = 42
#stdCellValidViaAp     = 3306
#stdCellPinNoAp        = 0
#stdCellPinCnt         = 13320
#instTermValidViaApCnt = 0
#macroGenAp            = 0
#macroValidPlanarAp    = 0
#macroValidViaAp       = 0
#macroNoAp             = 0
[INFO DRT-0166] Complete pin access.
[INFO DRT-0267] cpu time = 00:03:32, elapsed time = 00:00:15, memory = 1730.21 (MB), peak = 1952.98 (MB)

[INFO DRT-0157] Number of guides:     33300

[INFO DRT-0169] Post process guides.
[INFO DRT-0176] GCELLGRID X 0 DO 38 STEP 6900 ;
[INFO DRT-0177] GCELLGRID Y 0 DO 40 STEP 6900 ;
[INFO DRT-0028]   Complete FR_MASTERSLICE.
[INFO DRT-0028]   Complete licon.
[INFO DRT-0028]   Complete li1.
[INFO DRT-0028]   Complete mcon.
[INFO DRT-0028]   Complete met1.
[INFO DRT-0028]   Complete via.
[INFO DRT-0028]   Complete met2.
[INFO DRT-0028]   Complete via2.
[INFO DRT-0028]   Complete met3.
[INFO DRT-0028]   Complete via3.
[INFO DRT-0028]   Complete met4.
[INFO DRT-0028]   Complete via4.
[INFO DRT-0028]   Complete met5.
[INFO DRT-0178] Init guide query.
[INFO DRT-0035]   Complete FR_MASTERSLICE (guide).
[INFO DRT-0035]   Complete licon (guide).
[INFO DRT-0035]   Complete li1 (guide).
[INFO DRT-0035]   Complete mcon (guide).
[INFO DRT-0035]   Complete met1 (guide).
[INFO DRT-0035]   Complete via (guide).
[INFO DRT-0035]   Complete met2 (guide).
[INFO DRT-0035]   Complete via2 (guide).
[INFO DRT-0035]   Complete met3 (guide).
[INFO DRT-0035]   Complete via3 (guide).
[INFO DRT-0035]   Complete met4 (guide).
[INFO DRT-0035]   Complete via4 (guide).
[INFO DRT-0035]   Complete met5 (guide).
[INFO DRT-0036] FR_MASTERSLICE guide region query size = 0.
[INFO DRT-0036] licon guide region query size = 0.
[INFO DRT-0036] li1 guide region query size = 11024.
[INFO DRT-0036] mcon guide region query size = 0.
[INFO DRT-0036] met1 guide region query size = 10135.
[INFO DRT-0036] via guide region query size = 0.
[INFO DRT-0036] met2 guide region query size = 5566.
[INFO DRT-0036] via2 guide region query size = 0.
[INFO DRT-0036] met3 guide region query size = 623.
[INFO DRT-0036] via3 guide region query size = 0.
[INFO DRT-0036] met4 guide region query size = 125.
[INFO DRT-0036] via4 guide region query size = 0.
[INFO DRT-0036] met5 guide region query size = 13.
[INFO DRT-0179] Init gr pin query.
[INFO DRT-0267] cpu time = 00:00:00, elapsed time = 00:00:00, memory = 1730.21 (MB), peak = 1952.98 (MB)
[INFO DRT-0245] skipped writing guide updates to database.
[INFO DRT-0185] Post process initialize RPin region query.
[INFO DRT-0181] Start track assignment.
[INFO DRT-0184] Done with 16715 vertical wires in 1 frboxes and 10771 horizontal wires in 1 frboxes.
[INFO DRT-0186] Done with 2265 vertical wires in 1 frboxes and 3944 horizontal wires in 1 frboxes.
[INFO DRT-0182] Complete track assignment.
[INFO DRT-0267] cpu time = 00:00:08, elapsed time = 00:00:01, memory = 1730.21 (MB), peak = 1952.98 (MB)
[INFO DRT-0187] Start routing data preparation.
[INFO DRT-0267] cpu time = 00:00:00, elapsed time = 00:00:00, memory = 1730.21 (MB), peak = 1952.98 (MB)
[INFO DRT-0194] Start detail routing.
[INFO DRT-0195] Start 0th optimization iteration.
    Completing 10% with 0 violations.
    elapsed time = 00:00:00, memory = 1761.93 (MB).
    Completing 20% with 0 violations.
    elapsed time = 00:00:01, memory = 1730.46 (MB).
    Completing 30% with 163 violations.
    elapsed time = 00:00:03, memory = 1789.35 (MB).
    Completing 40% with 163 violations.
    elapsed time = 00:00:04, memory = 1789.35 (MB).
    Completing 50% with 163 violations.
    elapsed time = 00:00:06, memory = 1730.46 (MB).
    Completing 60% with 353 violations.
    elapsed time = 00:00:07, memory = 1750.60 (MB).
    Completing 70% with 353 violations.
    elapsed time = 00:00:07, memory = 1732.46 (MB).
    Completing 80% with 445 violations.
    elapsed time = 00:00:08, memory = 1732.46 (MB).
    Completing 90% with 445 violations.
    elapsed time = 00:00:08, memory = 1732.46 (MB).
    Completing 100% with 591 violations.
    elapsed time = 00:00:11, memory = 1732.46 (MB).
[INFO DRT-0199]   Number of violations = 660.
Viol/Layer        met1   met2   met3   met4
Metal Spacing       53     22      0      0
Recheck             25     32     11      1
Short              318    177     19      2
[INFO DRT-0267] cpu time = 00:00:55, elapsed time = 00:00:11, memory = 1801.96 (MB), peak = 1952.98 (MB)
Total wire length = 158959 um.
Total wire length on LAYER li1 = 0 um.
Total wire length on LAYER met1 = 60072 um.
Total wire length on LAYER met2 = 67844 um.
Total wire length on LAYER met3 = 25163 um.
Total wire length on LAYER met4 = 5584 um.
Total wire length on LAYER met5 = 295 um.
Total number of vias = 31660.
Up-via summary (total 31660):

------------------------
 FR_MASTERSLICE        0
            li1    13399
           met1    16012
           met2     1936
           met3      295
           met4       18
------------------------
               31660


[INFO DRT-0195] Start 1st optimization iteration.
    Completing 10% with 660 violations.
    elapsed time = 00:00:00, memory = 1837.78 (MB).
    Completing 20% with 660 violations.
    elapsed time = 00:00:01, memory = 1837.78 (MB).
    Completing 30% with 506 violations.
    elapsed time = 00:00:02, memory = 1833.79 (MB).
    Completing 40% with 506 violations.
    elapsed time = 00:00:02, memory = 1833.79 (MB).
    Completing 50% with 506 violations.
    elapsed time = 00:00:03, memory = 1803.11 (MB).
    Completing 60% with 386 violations.
    elapsed time = 00:00:04, memory = 1834.41 (MB).
    Completing 70% with 386 violations.
    elapsed time = 00:00:05, memory = 1803.11 (MB).
    Completing 80% with 301 violations.
    elapsed time = 00:00:05, memory = 1835.18 (MB).
    Completing 90% with 301 violations.
    elapsed time = 00:00:06, memory = 1804.30 (MB).
    Completing 100% with 202 violations.
    elapsed time = 00:00:07, memory = 1804.30 (MB).
[INFO DRT-0199]   Number of violations = 202.
Viol/Layer        met1   met2
Metal Spacing       23      7
Short              143     29
[INFO DRT-0267] cpu time = 00:00:43, elapsed time = 00:00:07, memory = 1804.42 (MB), peak = 1952.98 (MB)
Total wire length = 158835 um.
Total wire length on LAYER li1 = 0 um.
Total wire length on LAYER met1 = 60086 um.
Total wire length on LAYER met2 = 67727 um.
Total wire length on LAYER met3 = 25136 um.
Total wire length on LAYER met4 = 5585 um.
Total wire length on LAYER met5 = 299 um.
Total number of vias = 31621.
Up-via summary (total 31621):

------------------------
 FR_MASTERSLICE        0
            li1    13394
           met1    15985
           met2     1929
           met3      295
           met4       18
------------------------
               31621


[INFO DRT-0195] Start 2nd optimization iteration.
    Completing 10% with 202 violations.
    elapsed time = 00:00:00, memory = 1804.42 (MB).
    Completing 20% with 202 violations.
    elapsed time = 00:00:00, memory = 1804.42 (MB).
    Completing 30% with 202 violations.
    elapsed time = 00:00:01, memory = 1804.42 (MB).
    Completing 40% with 183 violations.
    elapsed time = 00:00:03, memory = 1804.42 (MB).
    Completing 50% with 183 violations.
    elapsed time = 00:00:03, memory = 1804.42 (MB).
    Completing 60% with 181 violations.
    elapsed time = 00:00:04, memory = 1804.42 (MB).
    Completing 70% with 181 violations.
    elapsed time = 00:00:04, memory = 1804.42 (MB).
    Completing 80% with 181 violations.
    elapsed time = 00:00:06, memory = 1804.42 (MB).
    Completing 90% with 183 violations.
    elapsed time = 00:00:07, memory = 1804.42 (MB).
    Completing 100% with 174 violations.
    elapsed time = 00:00:07, memory = 1804.42 (MB).
[INFO DRT-0199]   Number of violations = 174.
Viol/Layer        met1   met2
Metal Spacing       21      4
Short              124     25
[INFO DRT-0267] cpu time = 00:00:34, elapsed time = 00:00:08, memory = 1807.30 (MB), peak = 1952.98 (MB)
Total wire length = 158816 um.
Total wire length on LAYER li1 = 0 um.
Total wire length on LAYER met1 = 60072 um.
Total wire length on LAYER met2 = 67727 um.
Total wire length on LAYER met3 = 25126 um.
Total wire length on LAYER met4 = 5591 um.
Total wire length on LAYER met5 = 299 um.
Total number of vias = 31624.
Up-via summary (total 31624):

------------------------
 FR_MASTERSLICE        0
            li1    13392
           met1    15986
           met2     1932
           met3      296
           met4       18
------------------------
               31624


[INFO DRT-0195] Start 3rd optimization iteration.
    Completing 10% with 174 violations.
    elapsed time = 00:00:00, memory = 1871.45 (MB).
    Completing 20% with 174 violations.
    elapsed time = 00:00:01, memory = 1807.30 (MB).
    Completing 30% with 161 violations.
    elapsed time = 00:00:10, memory = 1840.90 (MB).
    Completing 40% with 161 violations.
    elapsed time = 00:00:10, memory = 1840.90 (MB).
    Completing 50% with 161 violations.
    elapsed time = 00:00:14, memory = 1807.30 (MB).
    Completing 60% with 110 violations.
    elapsed time = 00:00:14, memory = 1807.30 (MB).
    Completing 70% with 110 violations.
    elapsed time = 00:00:14, memory = 1842.48 (MB).
    Completing 80% with 99 violations.
    elapsed time = 00:00:15, memory = 1807.30 (MB).
    Completing 90% with 99 violations.
    elapsed time = 00:00:15, memory = 1807.30 (MB).
    Completing 100% with 24 violations.
    elapsed time = 00:00:19, memory = 1807.30 (MB).
[INFO DRT-0199]   Number of violations = 24.
Viol/Layer        met1   met2
Metal Spacing        1      8
Short                3     12
[INFO DRT-0267] cpu time = 00:00:46, elapsed time = 00:00:19, memory = 1807.30 (MB), peak = 1952.98 (MB)
Total wire length = 158826 um.
Total wire length on LAYER li1 = 0 um.
Total wire length on LAYER met1 = 59195 um.
Total wire length on LAYER met2 = 67526 um.
Total wire length on LAYER met3 = 25954 um.
Total wire length on LAYER met4 = 5851 um.
Total wire length on LAYER met5 = 299 um.
Total number of vias = 31694.
Up-via summary (total 31694):

------------------------
 FR_MASTERSLICE        0
            li1    13393
           met1    15943
           met2     2025
           met3      315
           met4       18
------------------------
               31694


[INFO DRT-0195] Start 4th guides tiles iteration.
    Completing 10% with 24 violations.
    elapsed time = 00:00:00, memory = 1807.30 (MB).
    Completing 30% with 24 violations.
    elapsed time = 00:00:00, memory = 1807.30 (MB).
    Completing 50% with 24 violations.
    elapsed time = 00:00:00, memory = 1807.30 (MB).
    Completing 60% with 0 violations.
    elapsed time = 00:00:00, memory = 1807.30 (MB).
    Completing 80% with 0 violations.
    elapsed time = 00:00:00, memory = 1807.30 (MB).
    Completing 100% with 0 violations.
    elapsed time = 00:00:00, memory = 1807.30 (MB).
[INFO DRT-0199]   Number of violations = 0.
[INFO DRT-0267] cpu time = 00:00:05, elapsed time = 00:00:00, memory = 1807.30 (MB), peak = 1952.98 (MB)
Total wire length = 158828 um.
Total wire length on LAYER li1 = 0 um.
Total wire length on LAYER met1 = 59193 um.
Total wire length on LAYER met2 = 67515 um.
Total wire length on LAYER met3 = 25960 um.
Total wire length on LAYER met4 = 5859 um.
Total wire length on LAYER met5 = 299 um.
Total number of vias = 31689.
Up-via summary (total 31689):

------------------------
 FR_MASTERSLICE        0
            li1    13392
           met1    15939
           met2     2023
           met3      317
           met4       18
------------------------
               31689


[INFO DRT-0198] Complete detail routing.
Total wire length = 158828 um.
Total wire length on LAYER li1 = 0 um.
Total wire length on LAYER met1 = 59193 um.
Total wire length on LAYER met2 = 67515 um.
Total wire length on LAYER met3 = 25960 um.
Total wire length on LAYER met4 = 5859 um.
Total wire length on LAYER met5 = 299 um.
Total number of vias = 31689.
Up-via summary (total 31689):

------------------------
 FR_MASTERSLICE        0
            li1    13392
           met1    15939
           met2     2023
           met3      317
           met4       18
------------------------
               31689


[INFO DRT-0267] cpu time = 00:03:05, elapsed time = 00:00:48, memory = 1807.36 (MB), peak = 1952.98 (MB)

[INFO DRT-0180] Post processing.
+ check_antennas 
[INFO ANT-0002] Found 1 net violations.
[INFO ANT-0001] Found 1 pin violations.
[INFO] Running antenna repair iteration 2…
+ repair_antennas sky130_fd_sc_hd__diode_2 -ratio_margin 10
[INFO GRT-0012] Found 1 antenna violations.
[INFO GRT-0015] Inserted 1 diodes.
+ detailed_route -droute_end_iter 64 -or_seed 42 -verbose 1 -output_drc /home/Ven/vscode/VRAI/runs/RUN_2026-07-20_09-52-22/44-openroad-detailedrouting/drt-run-2/VRAI_SYNC_CORE.drc
[INFO DRT-0024]   Complete FR_MASTERSLICE.
[INFO DRT-0024]   Complete licon.
[INFO DRT-0024]   Complete li1.
[INFO DRT-0024]   Complete mcon.
[INFO DRT-0024]   Complete met1.
[INFO DRT-0024]   Complete via.
[INFO DRT-0024]   Complete met2.
[INFO DRT-0024]   Complete via2.
[INFO DRT-0024]   Complete met3.
[INFO DRT-0024]   Complete via3.
[INFO DRT-0024]   Complete met4.
[INFO DRT-0024]   Complete via4.
[INFO DRT-0024]   Complete met5.
[INFO DRT-0165] Start pin access.
[INFO DRT-0076]   Complete 1000 pins.
[INFO DRT-0078]   Complete 1201 pins.
[INFO DRT-0079]   Complete 100 unique inst patterns.
[INFO DRT-0081]   Complete 153 unique inst patterns.
[INFO DRT-0084]   Complete 2192 groups.
#scanned instances     = 4883
#unique  instances     = 153
#stdCellGenAp          = 4206
#stdCellValidPlanarAp  = 42
#stdCellValidViaAp     = 3306
#stdCellPinNoAp        = 0
#stdCellPinCnt         = 13320
#instTermValidViaApCnt = 0
#macroGenAp            = 0
#macroValidPlanarAp    = 0
#macroValidViaAp       = 0
#macroNoAp             = 0
[INFO DRT-0166] Complete pin access.
[INFO DRT-0267] cpu time = 00:03:34, elapsed time = 00:00:15, memory = 1807.36 (MB), peak = 1952.98 (MB)

[INFO DRT-0157] Number of guides:     33301

[INFO DRT-0169] Post process guides.
[INFO DRT-0176] GCELLGRID X 0 DO 38 STEP 6900 ;
[INFO DRT-0177] GCELLGRID Y 0 DO 40 STEP 6900 ;
[INFO DRT-0028]   Complete FR_MASTERSLICE.
[INFO DRT-0028]   Complete licon.
[INFO DRT-0028]   Complete li1.
[INFO DRT-0028]   Complete mcon.
[INFO DRT-0028]   Complete met1.
[INFO DRT-0028]   Complete via.
[INFO DRT-0028]   Complete met2.
[INFO DRT-0028]   Complete via2.
[INFO DRT-0028]   Complete met3.
[INFO DRT-0028]   Complete via3.
[INFO DRT-0028]   Complete met4.
[INFO DRT-0028]   Complete via4.
[INFO DRT-0028]   Complete met5.
[INFO DRT-0178] Init guide query.
[INFO DRT-0035]   Complete FR_MASTERSLICE (guide).
[INFO DRT-0035]   Complete licon (guide).
[INFO DRT-0035]   Complete li1 (guide).
[INFO DRT-0035]   Complete mcon (guide).
[INFO DRT-0035]   Complete met1 (guide).
[INFO DRT-0035]   Complete via (guide).
[INFO DRT-0035]   Complete met2 (guide).
[INFO DRT-0035]   Complete via2 (guide).
[INFO DRT-0035]   Complete met3 (guide).
[INFO DRT-0035]   Complete via3 (guide).
[INFO DRT-0035]   Complete met4 (guide).
[INFO DRT-0035]   Complete via4 (guide).
[INFO DRT-0035]   Complete met5 (guide).
[INFO DRT-0036] FR_MASTERSLICE guide region query size = 0.
[INFO DRT-0036] licon guide region query size = 0.
[INFO DRT-0036] li1 guide region query size = 11025.
[INFO DRT-0036] mcon guide region query size = 0.
[INFO DRT-0036] met1 guide region query size = 10135.
[INFO DRT-0036] via guide region query size = 0.
[INFO DRT-0036] met2 guide region query size = 5566.
[INFO DRT-0036] via2 guide region query size = 0.
[INFO DRT-0036] met3 guide region query size = 625.
[INFO DRT-0036] via3 guide region query size = 0.
[INFO DRT-0036] met4 guide region query size = 125.
[INFO DRT-0036] via4 guide region query size = 0.
[INFO DRT-0036] met5 guide region query size = 13.
[INFO DRT-0179] Init gr pin query.
[INFO DRT-0267] cpu time = 00:00:00, elapsed time = 00:00:00, memory = 1807.36 (MB), peak = 1952.98 (MB)
[INFO DRT-0245] skipped writing guide updates to database.
[INFO DRT-0185] Post process initialize RPin region query.
[INFO DRT-0181] Start track assignment.
[INFO DRT-0184] Done with 16716 vertical wires in 1 frboxes and 10773 horizontal wires in 1 frboxes.
[INFO DRT-0186] Done with 2262 vertical wires in 1 frboxes and 3950 horizontal wires in 1 frboxes.
[INFO DRT-0182] Complete track assignment.
[INFO DRT-0267] cpu time = 00:00:08, elapsed time = 00:00:01, memory = 1807.36 (MB), peak = 1952.98 (MB)
[INFO DRT-0187] Start routing data preparation.
[INFO DRT-0267] cpu time = 00:00:00, elapsed time = 00:00:00, memory = 1807.36 (MB), peak = 1952.98 (MB)
[INFO DRT-0194] Start detail routing.
[INFO DRT-0195] Start 0th optimization iteration.
    Completing 10% with 0 violations.
    elapsed time = 00:00:00, memory = 1839.66 (MB).
    Completing 20% with 0 violations.
    elapsed time = 00:00:00, memory = 1839.66 (MB).
    Completing 30% with 42 violations.
    elapsed time = 00:00:01, memory = 1807.36 (MB).
    Completing 40% with 42 violations.
    elapsed time = 00:00:02, memory = 1807.36 (MB).
    Completing 50% with 42 violations.
    elapsed time = 00:00:02, memory = 1807.36 (MB).
    Completing 60% with 56 violations.
    elapsed time = 00:00:03, memory = 1837.52 (MB).
    Completing 70% with 56 violations.
    elapsed time = 00:00:03, memory = 1807.36 (MB).
    Completing 80% with 92 violations.
    elapsed time = 00:00:04, memory = 1807.66 (MB).
    Completing 90% with 92 violations.
    elapsed time = 00:00:04, memory = 1807.66 (MB).
    Completing 100% with 104 violations.
    elapsed time = 00:00:05, memory = 1807.66 (MB).
[INFO DRT-0199]   Number of violations = 108.
Viol/Layer        met1   met2   met3
Metal Spacing       10      8      0
Recheck              0      2      2
Short               46     39      1
[INFO DRT-0267] cpu time = 00:00:34, elapsed time = 00:00:05, memory = 1807.66 (MB), peak = 1952.98 (MB)
Total wire length = 158887 um.
Total wire length on LAYER li1 = 0 um.
Total wire length on LAYER met1 = 59242 um.
Total wire length on LAYER met2 = 67604 um.
Total wire length on LAYER met3 = 25901 um.
Total wire length on LAYER met4 = 5839 um.
Total wire length on LAYER met5 = 299 um.
Total number of vias = 31713.
Up-via summary (total 31713):

------------------------
 FR_MASTERSLICE        0
            li1    13395
           met1    15963
           met2     2024
           met3      313
           met4       18
------------------------
               31713


[INFO DRT-0195] Start 1st optimization iteration.
    Completing 10% with 108 violations.
    elapsed time = 00:00:00, memory = 1813.27 (MB).
    Completing 20% with 108 violations.
    elapsed time = 00:00:00, memory = 1813.27 (MB).
    Completing 30% with 51 violations.
    elapsed time = 00:00:01, memory = 1813.27 (MB).
    Completing 40% with 51 violations.
    elapsed time = 00:00:01, memory = 1813.27 (MB).
    Completing 50% with 51 violations.
    elapsed time = 00:00:02, memory = 1813.27 (MB).
    Completing 60% with 47 violations.
    elapsed time = 00:00:02, memory = 1813.27 (MB).
    Completing 70% with 47 violations.
    elapsed time = 00:00:03, memory = 1813.27 (MB).
    Completing 80% with 39 violations.
    elapsed time = 00:00:03, memory = 1843.11 (MB).
    Completing 90% with 39 violations.
    elapsed time = 00:00:03, memory = 1843.11 (MB).
    Completing 100% with 27 violations.
    elapsed time = 00:00:04, memory = 1814.80 (MB).
[INFO DRT-0199]   Number of violations = 27.
Viol/Layer        met1   met2   met3
Metal Spacing        5      5      0
Short               13      3      1
[INFO DRT-0267] cpu time = 00:00:32, elapsed time = 00:00:04, memory = 1814.80 (MB), peak = 1952.98 (MB)
Total wire length = 158841 um.
Total wire length on LAYER li1 = 0 um.
Total wire length on LAYER met1 = 59235 um.
Total wire length on LAYER met2 = 67544 um.
Total wire length on LAYER met3 = 25922 um.
Total wire length on LAYER met4 = 5840 um.
Total wire length on LAYER met5 = 299 um.
Total number of vias = 31703.
Up-via summary (total 31703):

------------------------
 FR_MASTERSLICE        0
            li1    13395
           met1    15949
           met2     2028
           met3      313
           met4       18
------------------------
               31703


[INFO DRT-0195] Start 2nd optimization iteration.
    Completing 10% with 27 violations.
    elapsed time = 00:00:00, memory = 1814.80 (MB).
    Completing 20% with 27 violations.
    elapsed time = 00:00:00, memory = 1814.80 (MB).
    Completing 30% with 27 violations.
    elapsed time = 00:00:00, memory = 1814.80 (MB).
    Completing 40% with 23 violations.
    elapsed time = 00:00:01, memory = 1814.80 (MB).
    Completing 50% with 23 violations.
    elapsed time = 00:00:01, memory = 1814.80 (MB).
    Completing 60% with 23 violations.
    elapsed time = 00:00:01, memory = 1814.80 (MB).
    Completing 70% with 23 violations.
    elapsed time = 00:00:01, memory = 1814.80 (MB).
    Completing 80% with 23 violations.
    elapsed time = 00:00:02, memory = 1814.80 (MB).
    Completing 90% with 8 violations.
    elapsed time = 00:00:02, memory = 1814.80 (MB).
    Completing 100% with 8 violations.
    elapsed time = 00:00:02, memory = 1814.80 (MB).
[INFO DRT-0199]   Number of violations = 8.
Viol/Layer        met1
Metal Spacing        2
Short                6
[INFO DRT-0267] cpu time = 00:00:09, elapsed time = 00:00:02, memory = 1814.80 (MB), peak = 1952.98 (MB)
Total wire length = 158822 um.
Total wire length on LAYER li1 = 0 um.
Total wire length on LAYER met1 = 59260 um.
Total wire length on LAYER met2 = 67535 um.
Total wire length on LAYER met3 = 25890 um.
Total wire length on LAYER met4 = 5836 um.
Total wire length on LAYER met5 = 299 um.
Total number of vias = 31702.
Up-via summary (total 31702):

------------------------
 FR_MASTERSLICE        0
            li1    13396
           met1    15951
           met2     2024
           met3      313
           met4       18
------------------------
               31702


[INFO DRT-0195] Start 3rd guides tiles iteration.
    Completing 20% with 8 violations.
    elapsed time = 00:00:00, memory = 1814.80 (MB).
    Completing 50% with 8 violations.
    elapsed time = 00:00:00, memory = 1814.80 (MB).
    Completing 70% with 8 violations.
    elapsed time = 00:00:00, memory = 1814.80 (MB).
    Completing 100% with 0 violations.
    elapsed time = 00:00:00, memory = 1814.80 (MB).
[INFO DRT-0199]   Number of violations = 0.
[INFO DRT-0267] cpu time = 00:00:05, elapsed time = 00:00:00, memory = 1814.80 (MB), peak = 1952.98 (MB)
Total wire length = 158814 um.
Total wire length on LAYER li1 = 0 um.
Total wire length on LAYER met1 = 59197 um.
Total wire length on LAYER met2 = 67535 um.
Total wire length on LAYER met3 = 25942 um.
Total wire length on LAYER met4 = 5839 um.
Total wire length on LAYER met5 = 299 um.
Total number of vias = 31704.
Up-via summary (total 31704):

------------------------
 FR_MASTERSLICE        0
            li1    13396
           met1    15950
           met2     2026
           met3      314
           met4       18
------------------------
               31704


[INFO DRT-0198] Complete detail routing.
Total wire length = 158814 um.
Total wire length on LAYER li1 = 0 um.
Total wire length on LAYER met1 = 59197 um.
Total wire length on LAYER met2 = 67535 um.
Total wire length on LAYER met3 = 25942 um.
Total wire length on LAYER met4 = 5839 um.
Total wire length on LAYER met5 = 299 um.
Total number of vias = 31704.
Up-via summary (total 31704):

------------------------
 FR_MASTERSLICE        0
            li1    13396
           met1    15950
           met2     2026
           met3      314
           met4       18
------------------------
               31704


[INFO DRT-0267] cpu time = 00:01:21, elapsed time = 00:00:12, memory = 1814.80 (MB), peak = 1952.98 (MB)

[INFO DRT-0180] Post processing.
+ check_antennas 
[INFO ANT-0002] Found 0 net violations.
[INFO ANT-0001] Found 0 pin violations.
Setting global connections for newly added cells…
[INFO] Setting global connections...
[INFO ODB-0403] 80 connections made, 0 conflicts skipped.
Updating metrics…
Cell type report:                       Count       Area
  Fill cell                               188     705.68
  Tap cell                                912    1141.09
  Antenna cell                             23      57.56
  Clock buffer                             67     998.46
  Timing Repair Buffer                    843    8176.59
  Inverter                                 76     285.27
  Clock inverter                            5      53.80
  Sequential cell                         397    8444.35
  Multi-Input combinational cell         2372   24073.09
  Total                                  4883   43935.89
Writing OpenROAD database to '/home/Ven/vscode/VRAI/runs/RUN_2026-07-20_09-52-22/44-openroad-detailedrouting/VRAI_SYNC_CORE.odb'…
Writing netlist to '/home/Ven/vscode/VRAI/runs/RUN_2026-07-20_09-52-22/44-openroad-detailedrouting/VRAI_SYNC_CORE.nl.v'…
Writing powered netlist to '/home/Ven/vscode/VRAI/runs/RUN_2026-07-20_09-52-22/44-openroad-detailedrouting/VRAI_SYNC_CORE.pnl.v'…
Writing layout to '/home/Ven/vscode/VRAI/runs/RUN_2026-07-20_09-52-22/44-openroad-detailedrouting/VRAI_SYNC_CORE.def'…
Writing timing constraints to '/home/Ven/vscode/VRAI/runs/RUN_2026-07-20_09-52-22/44-openroad-detailedrouting/VRAI_SYNC_CORE.sdc'…
