
===========================================================================
report_checks -unconstrained
===========================================================================
======================= min_ff_n40C_1v95 Corner ===================================

Startpoint: RESET (input port clocked by CLK)
Endpoint: _4924_ (rising edge-triggered flip-flop clocked by CLK)
Path Group: CLK
Path Type: max

Fanout         Cap        Slew       Delay        Time   Description
---------------------------------------------------------------------------------------------
                                  0.000000    0.000000   clock CLK (rise edge)
                                  0.000000    0.000000   clock network delay (propagated)
                                  5.000000    5.000000 ^ input external delay
     1    0.003379    0.000000    0.000000    5.000000 ^ RESET (in)
                                                         RESET (net)
                      0.000041    0.000021    5.000021 ^ input49/A (sky130_fd_sc_hd__buf_4)
    16    0.126699    0.260710    0.222383    5.222404 ^ input49/X (sky130_fd_sc_hd__buf_4)
                                                         net49 (net)
                      0.260711    0.000480    5.222884 ^ _2433_/A (sky130_fd_sc_hd__clkinv_2)
    40    0.155618    0.411143    0.372614    5.595498 v _2433_/Y (sky130_fd_sc_hd__clkinv_2)
                                                         _2323_ (net)
                      0.411661    0.012276    5.607773 v _2467_/B (sky130_fd_sc_hd__and2_2)
     5    0.041754    0.090885    0.326429    5.934202 v _2467_/X (sky130_fd_sc_hd__and2_2)
                                                         _0015_ (net)
                      0.090891    0.000787    5.934989 v _2893_/B (sky130_fd_sc_hd__nand2_2)
     5    0.015601    0.075539    0.098456    6.033445 ^ _2893_/Y (sky130_fd_sc_hd__nand2_2)
                                                         _0725_ (net)
                      0.075539    0.000231    6.033676 ^ _2985_/B (sky130_fd_sc_hd__or3b_2)
     4    0.024436    0.111704    0.142523    6.176199 ^ _2985_/X (sky130_fd_sc_hd__or3b_2)
                                                         _0769_ (net)
                      0.111704    0.000370    6.176569 ^ _2986_/B (sky130_fd_sc_hd__nor2_2)
     2    0.014118    0.043741    0.043148    6.219718 v _2986_/Y (sky130_fd_sc_hd__nor2_2)
                                                         _0770_ (net)
                      0.043747    0.000396    6.220113 v max_cap130/A (sky130_fd_sc_hd__clkbuf_8)
    16    0.085384    0.074321    0.138829    6.358943 v max_cap130/X (sky130_fd_sc_hd__clkbuf_8)
                                                         net130 (net)
                      0.074370    0.001660    6.360603 v _2987_/B (sky130_fd_sc_hd__nor2_2)
    16    0.092226    0.701301    0.531908    6.892511 ^ _2987_/Y (sky130_fd_sc_hd__nor2_2)
                                                         _0771_ (net)
                      0.701399    0.006981    6.899491 ^ _2997_/B1 (sky130_fd_sc_hd__a22o_2)
     1    0.002098    0.033447    0.082699    6.982191 ^ _2997_/X (sky130_fd_sc_hd__a22o_2)
                                                         _0076_ (net)
                      0.033447    0.000018    6.982209 ^ _4924_/D (sky130_fd_sc_hd__dfxtp_2)
                                              6.982209   data arrival time

                                 26.000000   26.000000   clock CLK (rise edge)
                                  0.000000   26.000000   clock source latency
     1    0.045974    0.000000    0.000000   26.000000 ^ CLK (in)
                                                         CLK (net)
                      0.003770    0.001885   26.001884 ^ clkbuf_0_CLK/A (sky130_fd_sc_hd__clkbuf_16)
     4    0.071074    0.067622    0.105858   26.107742 ^ clkbuf_0_CLK/X (sky130_fd_sc_hd__clkbuf_16)
                                                         clknet_0_CLK (net)
                      0.067695    0.001764   26.109507 ^ clkbuf_2_2__f_CLK/A (sky130_fd_sc_hd__clkbuf_16)
     8    0.082685    0.076007    0.130594   26.240101 ^ clkbuf_2_2__f_CLK/X (sky130_fd_sc_hd__clkbuf_16)
                                                         clknet_2_2__leaf_CLK (net)
                      0.076027    0.001178   26.241278 ^ clkbuf_leaf_29_CLK/A (sky130_fd_sc_hd__clkbuf_8)
    10    0.030600    0.050139    0.110608   26.351887 ^ clkbuf_leaf_29_CLK/X (sky130_fd_sc_hd__clkbuf_8)
                                                         clknet_leaf_29_CLK (net)
                      0.050147    0.000613   26.352499 ^ _4924_/CLK (sky130_fd_sc_hd__dfxtp_2)
                                  0.000000   26.352499   clock reconvergence pessimism
                                 -0.031086   26.321413   library setup time
                                             26.321413   data required time
---------------------------------------------------------------------------------------------
                                             26.321413   data required time
                                             -6.982209   data arrival time
---------------------------------------------------------------------------------------------
                                             19.339205   slack (MET)




===========================================================================
report_checks --slack_max -0.01
============================================================================
======================= min_ff_n40C_1v95 Corner ===================================

No paths found.


===========================================================================
 report_check_types -max_slew -max_cap -max_fanout -violators
============================================================================
======================= min_ff_n40C_1v95 Corner ===================================



===========================================================================
report_parasitic_annotation -report_unannotated
============================================================================
Found 37 unannotated drivers.
 clkload0/Y
 clkload1/Y
 clkload10/X
 clkload11/X
 clkload12/X
 clkload13/X
 clkload14/X
 clkload15/X
 clkload16/X
 clkload17/Y
 clkload18/X
 clkload19/X
 clkload2/Y
 clkload20/X
 clkload21/Y
 clkload22/Y
 clkload23/X
 clkload24/Y
 clkload25/Y
 clkload26/Y
 clkload27/X
 clkload28/X
 clkload29/Y
 clkload3/X
 clkload30/Y
 clkload31/X
 clkload32/X
 clkload33/X
 clkload34/Y
 clkload35/X
 clkload36/X
 clkload4/X
 clkload5/X
 clkload6/X
 clkload7/X
 clkload8/X
 clkload9/X
Found 0 partially unannotated drivers.

===========================================================================
max slew violation count 0
max fanout violation count 0
max cap violation count 0
============================================================================

===========================================================================
check_setup -verbose -unconstrained_endpoints -multiple_clock -no_clock -no_input_delay -loops -generated_clocks
===========================================================================
Warning: There are 58 unconstrained endpoints.
  DEVICES_LDH
  DEVICES_LDW
  DEVICES_STRH
  DEVICES_STRW
  EX_HALT
  INSTR_ADDR[0]
  INSTR_ADDR[10]
  INSTR_ADDR[11]
  INSTR_ADDR[12]
  INSTR_ADDR[13]
  INSTR_ADDR[14]
  INSTR_ADDR[15]
  INSTR_ADDR[1]
  INSTR_ADDR[2]
  INSTR_ADDR[3]
  INSTR_ADDR[4]
  INSTR_ADDR[5]
  INSTR_ADDR[6]
  INSTR_ADDR[7]
  INSTR_ADDR[8]
  INSTR_ADDR[9]
  INVALID_MEM
  MAIN_LDH
  MAIN_LDW
  MAIN_STRH
  MAIN_STRW
  MEM_ADDR[0]
  MEM_ADDR[10]
  MEM_ADDR[11]
  MEM_ADDR[12]
  MEM_ADDR[13]
  MEM_ADDR[14]
  MEM_ADDR[15]
  MEM_ADDR[1]
  MEM_ADDR[2]
  MEM_ADDR[3]
  MEM_ADDR[4]
  MEM_ADDR[5]
  MEM_ADDR[6]
  MEM_ADDR[7]
  MEM_ADDR[8]
  MEM_ADDR[9]
  MEM_STR_DATA[0]
  MEM_STR_DATA[10]
  MEM_STR_DATA[11]
  MEM_STR_DATA[12]
  MEM_STR_DATA[13]
  MEM_STR_DATA[14]
  MEM_STR_DATA[15]
  MEM_STR_DATA[1]
  MEM_STR_DATA[2]
  MEM_STR_DATA[3]
  MEM_STR_DATA[4]
  MEM_STR_DATA[5]
  MEM_STR_DATA[6]
  MEM_STR_DATA[7]
  MEM_STR_DATA[8]
  MEM_STR_DATA[9]
