
===========================================================================
report_checks -unconstrained
===========================================================================
======================= max_tt_025C_1v80 Corner ===================================

Startpoint: _5123_ (rising edge-triggered flip-flop clocked by CLK)
Endpoint: _5219_ (rising edge-triggered flip-flop clocked by CLK)
Path Group: CLK
Path Type: max

Fanout         Cap        Slew       Delay        Time   Description
---------------------------------------------------------------------------------------------
                                  0.000000    0.000000   clock CLK (rise edge)
                                  0.000000    0.000000   clock source latency
     1    0.053913    0.000000    0.000000    0.000000 ^ CLK (in)
                                                         CLK (net)
                      0.006875    0.003438    0.003438 ^ clkbuf_0_CLK/A (sky130_fd_sc_hd__clkbuf_16)
     4    0.080549    0.097827    0.155636    0.159074 ^ clkbuf_0_CLK/X (sky130_fd_sc_hd__clkbuf_16)
                                                         clknet_0_CLK (net)
                      0.098476    0.006367    0.165441 ^ clkbuf_2_0__f_CLK/A (sky130_fd_sc_hd__clkbuf_16)
    14    0.134568    0.147586    0.227080    0.392521 ^ clkbuf_2_0__f_CLK/X (sky130_fd_sc_hd__clkbuf_16)
                                                         clknet_2_0__leaf_CLK (net)
                      0.147931    0.005754    0.398275 ^ clkbuf_leaf_3_CLK/A (sky130_fd_sc_hd__clkbuf_8)
    11    0.029757    0.066367    0.180422    0.578697 ^ clkbuf_leaf_3_CLK/X (sky130_fd_sc_hd__clkbuf_8)
                                                         clknet_leaf_3_CLK (net)
                      0.066401    0.001370    0.580067 ^ _5123_/CLK (sky130_fd_sc_hd__dfxtp_4)
    31    0.262395    0.731698    0.805244    1.385311 ^ _5123_/Q (sky130_fd_sc_hd__dfxtp_4)
                                                         _0008_ (net)
                      0.734558    0.037939    1.423250 ^ max_cap147/A (sky130_fd_sc_hd__buf_12)
    34    0.290914    0.328012    0.344155    1.767405 ^ max_cap147/X (sky130_fd_sc_hd__buf_12)
                                                         net147 (net)
                      0.374643    0.094108    1.861513 ^ _2569_/S0 (sky130_fd_sc_hd__mux4_2)
     1    0.005306    0.089186    0.563620    2.425132 v _2569_/X (sky130_fd_sc_hd__mux4_2)
                                                         _0444_ (net)
                      0.089186    0.000367    2.425499 v _2570_/A1 (sky130_fd_sc_hd__mux2_1)
     2    0.015406    0.112839    0.375741    2.801241 v _2570_/X (sky130_fd_sc_hd__mux2_1)
                                                         _0445_ (net)
                      0.112856    0.001399    2.802640 v _2571_/B1 (sky130_fd_sc_hd__a22oi_2)
    16    0.111225    1.291887    0.978711    3.781351 ^ _2571_/Y (sky130_fd_sc_hd__a22oi_2)
                                                         _0446_ (net)
                      1.292187    0.016531    3.797882 ^ _2610_/B (sky130_fd_sc_hd__or2_2)
     2    0.010097    0.087055    0.293358    4.091240 ^ _2610_/X (sky130_fd_sc_hd__or2_2)
                                                         _0485_ (net)
                      0.087055    0.000261    4.091501 ^ _3931_/C1 (sky130_fd_sc_hd__o211ai_2)
     3    0.013047    0.138651    0.119812    4.211313 v _3931_/Y (sky130_fd_sc_hd__o211ai_2)
                                                         _1435_ (net)
                      0.138652    0.000560    4.211873 v _3935_/A4 (sky130_fd_sc_hd__a41o_2)
     3    0.016519    0.070718    0.346749    4.558622 v _3935_/X (sky130_fd_sc_hd__a41o_2)
                                                         _1439_ (net)
                      0.070755    0.001492    4.560114 v _3941_/A2 (sky130_fd_sc_hd__o31a_2)
     3    0.040105    0.131474    0.430533    4.990647 v _3941_/X (sky130_fd_sc_hd__o31a_2)
                                                         _1445_ (net)
                      0.132420    0.007994    4.998641 v _3942_/B2 (sky130_fd_sc_hd__a221oi_2)
     4    0.025804    0.535645    0.516529    5.515169 ^ _3942_/Y (sky130_fd_sc_hd__a221oi_2)
                                                         _1446_ (net)
                      0.535653    0.001659    5.516828 ^ _4292_/B (sky130_fd_sc_hd__nor2_2)
     2    0.005512    0.088626    0.068384    5.585212 v _4292_/Y (sky130_fd_sc_hd__nor2_2)
                                                         _1785_ (net)
                      0.088627    0.000300    5.585511 v _4311_/C (sky130_fd_sc_hd__or3_2)
     1    0.002734    0.074838    0.413755    5.999266 v _4311_/X (sky130_fd_sc_hd__or3_2)
                                                         _1803_ (net)
                      0.074838    0.000198    5.999464 v _4313_/C (sky130_fd_sc_hd__and4_2)
     1    0.001667    0.036424    0.221331    6.220795 v _4313_/X (sky130_fd_sc_hd__and4_2)
                                                         _1805_ (net)
                      0.036424    0.000074    6.220870 v _4324_/B (sky130_fd_sc_hd__or3b_2)
     1    0.002124    0.072190    0.422881    6.643751 v _4324_/X (sky130_fd_sc_hd__or3b_2)
                                                         _1816_ (net)
                      0.072190    0.000128    6.643878 v _4327_/B1_N (sky130_fd_sc_hd__o21ba_2)
     1    0.011585    0.089257    0.271481    6.915359 ^ _4327_/X (sky130_fd_sc_hd__o21ba_2)
                                                         _1819_ (net)
                      0.089268    0.001010    6.916370 ^ _4328_/B1 (sky130_fd_sc_hd__o21ai_2)
     1    0.002904    0.102796    0.056083    6.972453 v _4328_/Y (sky130_fd_sc_hd__o21ai_2)
                                                         _1820_ (net)
                      0.102796    0.000200    6.972653 v _4329_/B2 (sky130_fd_sc_hd__o221a_2)
     1    0.002919    0.042715    0.242798    7.215451 v _4329_/X (sky130_fd_sc_hd__o221a_2)
                                                         _0371_ (net)
                      0.042715    0.000212    7.215663 v _5219_/D (sky130_fd_sc_hd__dfxtp_2)
                                              7.215663   data arrival time

                                 26.000000   26.000000   clock CLK (rise edge)
                                  0.000000   26.000000   clock source latency
     1    0.053913    0.000000    0.000000   26.000000 ^ CLK (in)
                                                         CLK (net)
                      0.006875    0.003437   26.003437 ^ clkbuf_0_CLK/A (sky130_fd_sc_hd__clkbuf_16)
     4    0.080549    0.097827    0.155637   26.159075 ^ clkbuf_0_CLK/X (sky130_fd_sc_hd__clkbuf_16)
                                                         clknet_0_CLK (net)
                      0.098472    0.006347   26.165421 ^ clkbuf_2_1__f_CLK/A (sky130_fd_sc_hd__clkbuf_16)
    12    0.112427    0.125950    0.209496   26.374918 ^ clkbuf_2_1__f_CLK/X (sky130_fd_sc_hd__clkbuf_16)
                                                         clknet_2_1__leaf_CLK (net)
                      0.128452    0.014030   26.388947 ^ clkbuf_leaf_17_CLK/A (sky130_fd_sc_hd__clkbuf_8)
    11    0.038286    0.079299    0.184572   26.573519 ^ clkbuf_leaf_17_CLK/X (sky130_fd_sc_hd__clkbuf_8)
                                                         clknet_leaf_17_CLK (net)
                      0.079317    0.001195   26.574715 ^ _5219_/CLK (sky130_fd_sc_hd__dfxtp_2)
                                  0.000000   26.574715   clock reconvergence pessimism
                                 -0.103872   26.470842   library setup time
                                             26.470842   data required time
---------------------------------------------------------------------------------------------
                                             26.470842   data required time
                                             -7.215663   data arrival time
---------------------------------------------------------------------------------------------
                                             19.255178   slack (MET)




===========================================================================
report_checks --slack_max -0.01
============================================================================
======================= max_tt_025C_1v80 Corner ===================================

No paths found.


===========================================================================
 report_check_types -max_slew -max_cap -max_fanout -violators
============================================================================
======================= max_tt_025C_1v80 Corner ===================================



===========================================================================
report_parasitic_annotation -report_unannotated
============================================================================
Found 37 unannotated drivers.
 clkload0/Y
 clkload1/Y
 clkload10/X
 clkload11/X
 clkload12/X
 clkload13/X
 clkload14/X
 clkload15/X
 clkload16/X
 clkload17/Y
 clkload18/X
 clkload19/X
 clkload2/Y
 clkload20/X
 clkload21/Y
 clkload22/Y
 clkload23/X
 clkload24/Y
 clkload25/Y
 clkload26/Y
 clkload27/X
 clkload28/X
 clkload29/Y
 clkload3/X
 clkload30/Y
 clkload31/X
 clkload32/X
 clkload33/X
 clkload34/Y
 clkload35/X
 clkload36/X
 clkload4/X
 clkload5/X
 clkload6/X
 clkload7/X
 clkload8/X
 clkload9/X
Found 0 partially unannotated drivers.

===========================================================================
max slew violation count 0
max fanout violation count 0
max cap violation count 0
============================================================================

===========================================================================
check_setup -verbose -unconstrained_endpoints -multiple_clock -no_clock -no_input_delay -loops -generated_clocks
===========================================================================
Warning: There are 49 input ports missing set_input_delay.
  INSTR_STREAM[0]
  INSTR_STREAM[10]
  INSTR_STREAM[11]
  INSTR_STREAM[12]
  INSTR_STREAM[13]
  INSTR_STREAM[14]
  INSTR_STREAM[15]
  INSTR_STREAM[16]
  INSTR_STREAM[17]
  INSTR_STREAM[18]
  INSTR_STREAM[19]
  INSTR_STREAM[1]
  INSTR_STREAM[20]
  INSTR_STREAM[21]
  INSTR_STREAM[22]
  INSTR_STREAM[23]
  INSTR_STREAM[24]
  INSTR_STREAM[25]
  INSTR_STREAM[26]
  INSTR_STREAM[27]
  INSTR_STREAM[28]
  INSTR_STREAM[29]
  INSTR_STREAM[2]
  INSTR_STREAM[30]
  INSTR_STREAM[31]
  INSTR_STREAM[3]
  INSTR_STREAM[4]
  INSTR_STREAM[5]
  INSTR_STREAM[6]
  INSTR_STREAM[7]
  INSTR_STREAM[8]
  INSTR_STREAM[9]
  MEM_LD_DATA[0]
  MEM_LD_DATA[10]
  MEM_LD_DATA[11]
  MEM_LD_DATA[12]
  MEM_LD_DATA[13]
  MEM_LD_DATA[14]
  MEM_LD_DATA[15]
  MEM_LD_DATA[1]
  MEM_LD_DATA[2]
  MEM_LD_DATA[3]
  MEM_LD_DATA[4]
  MEM_LD_DATA[5]
  MEM_LD_DATA[6]
  MEM_LD_DATA[7]
  MEM_LD_DATA[8]
  MEM_LD_DATA[9]
  RESET
Warning: There are 58 unconstrained endpoints.
  DEVICES_LDH
  DEVICES_LDW
  DEVICES_STRH
  DEVICES_STRW
  EX_HALT
  INSTR_ADDR[0]
  INSTR_ADDR[10]
  INSTR_ADDR[11]
  INSTR_ADDR[12]
  INSTR_ADDR[13]
  INSTR_ADDR[14]
  INSTR_ADDR[15]
  INSTR_ADDR[1]
  INSTR_ADDR[2]
  INSTR_ADDR[3]
  INSTR_ADDR[4]
  INSTR_ADDR[5]
  INSTR_ADDR[6]
  INSTR_ADDR[7]
  INSTR_ADDR[8]
  INSTR_ADDR[9]
  INVALID_MEM
  MAIN_LDH
  MAIN_LDW
  MAIN_STRH
  MAIN_STRW
  MEM_ADDR[0]
  MEM_ADDR[10]
  MEM_ADDR[11]
  MEM_ADDR[12]
  MEM_ADDR[13]
  MEM_ADDR[14]
  MEM_ADDR[15]
  MEM_ADDR[1]
  MEM_ADDR[2]
  MEM_ADDR[3]
  MEM_ADDR[4]
  MEM_ADDR[5]
  MEM_ADDR[6]
  MEM_ADDR[7]
  MEM_ADDR[8]
  MEM_ADDR[9]
  MEM_STR_DATA[0]
  MEM_STR_DATA[10]
  MEM_STR_DATA[11]
  MEM_STR_DATA[12]
  MEM_STR_DATA[13]
  MEM_STR_DATA[14]
  MEM_STR_DATA[15]
  MEM_STR_DATA[1]
  MEM_STR_DATA[2]
  MEM_STR_DATA[3]
  MEM_STR_DATA[4]
  MEM_STR_DATA[5]
  MEM_STR_DATA[6]
  MEM_STR_DATA[7]
  MEM_STR_DATA[8]
  MEM_STR_DATA[9]
