Clock: CLK
Sources: CLK 
Generated: no
Virtual: yes
Propagated: no
Period: 26.000000

===========================================================================
report_clock_properties
============================================================================
Clock                   Period          Waveform
----------------------------------------------------
CLK                  26.000000    0.000000 13.000000

===========================================================================
report_clock_latency
============================================================================
Clock CLK
rise -> rise
    min     max
0.000000 0.000000 source latency
0.835117         network latency _5243_/CLK
        0.879561 network latency _5095_/CLK
---------------
0.835117 0.879561 latency
        0.044444 skew

fall -> fall
    min     max
0.000000 0.000000 source latency
0.860974         network latency _5243_/CLK
        0.894040 network latency _5095_/CLK
---------------
0.860974 0.894040 latency
        0.033065 skew



===========================================================================
report_clock_min_period
============================================================================
CLK period_min = 13.84 fmax = 72.27
