Reading timing models for corner nom_tt_025C_1v80…
Reading timing library for the 'nom_tt_025C_1v80' corner at '/root/.ciel/ciel/sky130/versions/8afc8346a57fe1ab7934ba5a6056ea8b43078e71/sky130A/libs.ref/sky130_fd_sc_hd/lib/sky130_fd_sc_hd__tt_025C_1v80.lib'…
Reading OpenROAD database at '/home/Ven/vscode/VRAI/runs/RUN_2026-07-24_15-17-39/32-openroad-repairdesignpostgpl/VRAI_SYNC_CORE.odb'…
Reading design constraints file at '/home/Ven/vscode/VRAI/constraints/vrai_pnr.sdc'…
[INFO] No information on clock propagation in input SDC file-- propagating all clocks.
+ detailed_placement -max_displacement  500 100 
Placement Analysis
---------------------------------
total displacement          0.0 u
average displacement        0.0 u
max displacement            0.0 u
original HPWL           95598.5 u
legalized HPWL          98000.7 u
delta HPWL                    3 %

[INFO DPL-0020] Mirrored 1107 instances
[INFO DPL-0021] HPWL before           98000.7 u
[INFO DPL-0022] HPWL after            95598.5 u
[INFO DPL-0023] HPWL delta               -2.5 %
Setting global connections for newly added cells…
[INFO] Setting global connections...
[INFO ODB-0403] 0 connections made, 0 conflicts skipped.
Updating metrics…
Cell type report:                       Count       Area
  Fill cell                               188     705.68
  Tap cell                                912    1141.09
  Timing Repair Buffer                    149    1644.08
  Inverter                                 76     286.52
  Sequential cell                         397    8459.36
  Multi-Input combinational cell         2372   24089.35
  Total                                  4094   36326.09
Writing OpenROAD database to '/home/Ven/vscode/VRAI/runs/RUN_2026-07-24_15-17-39/34-openroad-detailedplacement/VRAI_SYNC_CORE.odb'…
Writing netlist to '/home/Ven/vscode/VRAI/runs/RUN_2026-07-24_15-17-39/34-openroad-detailedplacement/VRAI_SYNC_CORE.nl.v'…
Writing powered netlist to '/home/Ven/vscode/VRAI/runs/RUN_2026-07-24_15-17-39/34-openroad-detailedplacement/VRAI_SYNC_CORE.pnl.v'…
Writing layout to '/home/Ven/vscode/VRAI/runs/RUN_2026-07-24_15-17-39/34-openroad-detailedplacement/VRAI_SYNC_CORE.def'…
Writing timing constraints to '/home/Ven/vscode/VRAI/runs/RUN_2026-07-24_15-17-39/34-openroad-detailedplacement/VRAI_SYNC_CORE.sdc'…
