Reading timing models for corner max_ss_100C_1v60…
Reading timing library for the 'max_ss_100C_1v60' corner at '/root/.ciel/ciel/sky130/versions/8afc8346a57fe1ab7934ba5a6056ea8b43078e71/sky130A/libs.ref/sky130_fd_sc_hd/lib/sky130_fd_sc_hd__ss_100C_1v60.lib'…
Reading OpenROAD database at '/home/Ven/vscode/VRAI/runs/RUN_2026-07-30_11-04-56/32-openroad-repairdesignpostgpl/VRAI_SYNC_CORE.odb'…
Reading design constraints file at '/home/Ven/vscode/VRAI/constraints/vrai_pnr.sdc'…
[INFO] No information on clock propagation in input SDC file-- propagating all clocks.
+ detailed_placement -max_displacement  500 100 
Placement Analysis
---------------------------------
total displacement          0.0 u
average displacement        0.0 u
max displacement            0.0 u
original HPWL          100178.1 u
legalized HPWL         102556.9 u
delta HPWL                    2 %

[INFO DPL-0020] Mirrored 1125 instances
[INFO DPL-0021] HPWL before          102556.9 u
[INFO DPL-0022] HPWL after           100178.1 u
[INFO DPL-0023] HPWL delta               -2.3 %
Setting global connections for newly added cells…
[INFO] Setting global connections...
[INFO ODB-0403] 0 connections made, 0 conflicts skipped.
Updating metrics…
Cell type report:                       Count       Area
  Fill cell                               188     705.68
  Tap cell                                912    1141.09
  Timing Repair Buffer                    167    1886.81
  Inverter                                 67     256.50
  Sequential cell                         416    8863.50
  Multi-Input combinational cell         2383   24415.92
  Total                                  4133   37269.49
Writing OpenROAD database to '/home/Ven/vscode/VRAI/runs/RUN_2026-07-30_11-04-56/34-openroad-detailedplacement/VRAI_SYNC_CORE.odb'…
Writing netlist to '/home/Ven/vscode/VRAI/runs/RUN_2026-07-30_11-04-56/34-openroad-detailedplacement/VRAI_SYNC_CORE.nl.v'…
Writing powered netlist to '/home/Ven/vscode/VRAI/runs/RUN_2026-07-30_11-04-56/34-openroad-detailedplacement/VRAI_SYNC_CORE.pnl.v'…
Writing layout to '/home/Ven/vscode/VRAI/runs/RUN_2026-07-30_11-04-56/34-openroad-detailedplacement/VRAI_SYNC_CORE.def'…
Writing timing constraints to '/home/Ven/vscode/VRAI/runs/RUN_2026-07-30_11-04-56/34-openroad-detailedplacement/VRAI_SYNC_CORE.sdc'…
