
===========================================================================
report_checks -unconstrained
===========================================================================
======================= min_ss_100C_1v60 Corner ===================================

Startpoint: _5127_ (rising edge-triggered flip-flop clocked by CLK)
Endpoint: DEVICES_STRW (output port clocked by CLK)
Path Group: CLK
Path Type: max

Fanout         Cap        Slew       Delay        Time   Description
---------------------------------------------------------------------------------------------
                                  0.000000    0.000000   clock CLK (rise edge)
                                  0.000000    0.000000   clock source latency
     1    0.043483    0.000000    0.000000    0.000000 ^ CLK (in)
                                                         CLK (net)
                      0.001366    0.000683    0.000683 ^ clkbuf_0_CLK/A (sky130_fd_sc_hd__clkbuf_16)
     4    0.068377    0.131789    0.250730    0.251413 ^ clkbuf_0_CLK/X (sky130_fd_sc_hd__clkbuf_16)
                                                         clknet_0_CLK (net)
                      0.131825    0.002082    0.253495 ^ clkbuf_2_2__f_CLK/A (sky130_fd_sc_hd__clkbuf_16)
    11    0.096609    0.171479    0.340312    0.593807 ^ clkbuf_2_2__f_CLK/X (sky130_fd_sc_hd__clkbuf_16)
                                                         clknet_2_2__leaf_CLK (net)
                      0.171486    0.001337    0.595143 ^ clkbuf_leaf_9_CLK/A (sky130_fd_sc_hd__clkbuf_8)
    11    0.030926    0.108979    0.307262    0.902405 ^ clkbuf_leaf_9_CLK/X (sky130_fd_sc_hd__clkbuf_8)
                                                         clknet_leaf_9_CLK (net)
                      0.108979    0.000426    0.902831 ^ _5127_/CLK (sky130_fd_sc_hd__dfxtp_4)
    26    0.208701    0.917453    1.335174    2.238006 ^ _5127_/Q (sky130_fd_sc_hd__dfxtp_4)
                                                         _0008_ (net)
                      0.917456    0.003977    2.241983 ^ max_cap153/A (sky130_fd_sc_hd__buf_12)
    39    0.310842    0.544513    0.778103    3.020086 ^ max_cap153/X (sky130_fd_sc_hd__buf_12)
                                                         net153 (net)
                      0.548403    0.037345    3.057431 ^ _2578_/S0 (sky130_fd_sc_hd__mux4_2)
     1    0.003108    0.145642    1.250886    4.308317 v _2578_/X (sky130_fd_sc_hd__mux4_2)
                                                         _0508_ (net)
                      0.145642    0.000051    4.308367 v _2579_/B (sky130_fd_sc_hd__or2_2)
     2    0.007427    0.141136    0.689818    4.998186 v _2579_/X (sky130_fd_sc_hd__or2_2)
                                                         _0509_ (net)
                      0.141136    0.000042    4.998228 v _2586_/A1 (sky130_fd_sc_hd__a22o_2)
     8    0.053419    0.275553    0.670942    5.669170 v _2586_/X (sky130_fd_sc_hd__a22o_2)
                                                         _0516_ (net)
                      0.275554    0.000944    5.670114 v _2587_/B (sky130_fd_sc_hd__and2_2)
     4    0.014028    0.118052    0.559541    6.229655 v _2587_/X (sky130_fd_sc_hd__and2_2)
                                                         _0517_ (net)
                      0.118052    0.000056    6.229711 v _2589_/A (sky130_fd_sc_hd__nor2_2)
     9    0.047962    0.844816    0.730990    6.960701 ^ _2589_/Y (sky130_fd_sc_hd__nor2_2)
                                                         _0519_ (net)
                      0.844817    0.000874    6.961575 ^ _2615_/A1 (sky130_fd_sc_hd__a21o_2)
     2    0.015421    0.148312    0.570298    7.531873 ^ _2615_/X (sky130_fd_sc_hd__a21o_2)
                                                         _0545_ (net)
                      0.148312    0.000274    7.532146 ^ _2621_/A1 (sky130_fd_sc_hd__a21bo_2)
     3    0.021695    0.198556    0.388465    7.920612 ^ _2621_/X (sky130_fd_sc_hd__a21bo_2)
                                                         _0551_ (net)
                      0.198556    0.000615    7.921227 ^ _2626_/A2 (sky130_fd_sc_hd__a31o_2)
     3    0.019243    0.199236    0.479388    8.400615 ^ _2626_/X (sky130_fd_sc_hd__a31o_2)
                                                         _0556_ (net)
                      0.199236    0.000454    8.401069 ^ _2631_/A1 (sky130_fd_sc_hd__a31o_2)
     4    0.040642    0.374131    0.595519    8.996588 ^ _2631_/X (sky130_fd_sc_hd__a31o_2)
                                                         _0561_ (net)
                      0.374131    0.000971    8.997559 ^ _2684_/D_N (sky130_fd_sc_hd__or4b_2)
     3    0.014133    0.297416    1.634023   10.631581 v _2684_/X (sky130_fd_sc_hd__or4b_2)
                                                         _0614_ (net)
                      0.297416    0.000416   10.631997 v _2690_/A1 (sky130_fd_sc_hd__a21o_2)
     4    0.014679    0.111361    0.503826   11.135823 v _2690_/X (sky130_fd_sc_hd__a21o_2)
                                                         _0620_ (net)
                      0.111361    0.000292   11.136115 v _2694_/A3 (sky130_fd_sc_hd__a311o_2)
     4    0.015941    0.160574    0.829809   11.965924 v _2694_/X (sky130_fd_sc_hd__a311o_2)
                                                         _0624_ (net)
                      0.160574    0.000228   11.966153 v _2696_/A2 (sky130_fd_sc_hd__a21bo_2)
     5    0.016878    0.123252    0.494802   12.460955 v _2696_/X (sky130_fd_sc_hd__a21bo_2)
                                                         _0626_ (net)
                      0.123253    0.000464   12.461418 v _2704_/C (sky130_fd_sc_hd__and3_2)
     2    0.016855    0.136776    0.541477   13.002895 v _2704_/X (sky130_fd_sc_hd__and3_2)
                                                         _0628_ (net)
                      0.136776    0.000203   13.003098 v _2705_/B (sky130_fd_sc_hd__and2_2)
     1    0.002874    0.070417    0.423102   13.426200 v _2705_/X (sky130_fd_sc_hd__and2_2)
                                                         net53 (net)
                      0.070417    0.000031   13.426231 v output53/A (sky130_fd_sc_hd__clkdlybuf4s25_1)
     1    0.051713    0.688188    0.933218   14.359449 v output53/X (sky130_fd_sc_hd__clkdlybuf4s25_1)
                                                         DEVICES_STRW (net)
                      0.688188    0.000862   14.360311 v DEVICES_STRW (out)
                                             14.360311   data arrival time

                                 26.000000   26.000000   clock CLK (rise edge)
                                  0.000000   26.000000   clock network delay (propagated)
                                  0.000000   26.000000   clock reconvergence pessimism
                                 -5.000000   20.999998   output external delay
                                             20.999998   data required time
---------------------------------------------------------------------------------------------
                                             20.999998   data required time
                                            -14.360311   data arrival time
---------------------------------------------------------------------------------------------
                                              6.639688   slack (MET)




===========================================================================
report_checks --slack_max -0.01
============================================================================
======================= min_ss_100C_1v60 Corner ===================================

No paths found.


===========================================================================
 report_check_types -max_slew -max_cap -max_fanout -violators
============================================================================
======================= min_ss_100C_1v60 Corner ===================================

max slew

Pin                                        Limit        Slew       Slack
------------------------------------------------------------------------
_4533_/A0                               1.500000    1.643549   -0.143549 (VIOLATED)
_4027_/A                                1.500000    1.643548   -0.143548 (VIOLATED)
_3991_/A0                               1.500000    1.643548   -0.143548 (VIOLATED)
_3573_/A1                               1.500000    1.643541   -0.143541 (VIOLATED)
_3793_/A                                1.500000    1.643541   -0.143541 (VIOLATED)
_3828_/B                                1.500000    1.643541   -0.143541 (VIOLATED)
_3899_/A1                               1.500000    1.643541   -0.143541 (VIOLATED)
_4346_/B                                1.500000    1.643541   -0.143541 (VIOLATED)
_3084_/Y                                1.496266    1.627536   -0.131270 (VIOLATED)
_3088_/B1                               1.500000    1.627573   -0.127573 (VIOLATED)
_3089_/B1                               1.500000    1.627572   -0.127573 (VIOLATED)
_3090_/B1                               1.500000    1.627571   -0.127571 (VIOLATED)
_3091_/B1                               1.500000    1.627568   -0.127568 (VIOLATED)
_3092_/B1                               1.500000    1.627565   -0.127565 (VIOLATED)
_3086_/B1                               1.500000    1.627561   -0.127561 (VIOLATED)
_3096_/B1                               1.500000    1.627555   -0.127555 (VIOLATED)
_3085_/B1                               1.500000    1.627551   -0.127551 (VIOLATED)
_3100_/B1                               1.500000    1.627550   -0.127550 (VIOLATED)
_3087_/B1                               1.500000    1.627541   -0.127541 (VIOLATED)
_3097_/B1                               1.500000    1.627540   -0.127540 (VIOLATED)
_3095_/B1                               1.500000    1.627540   -0.127540 (VIOLATED)
_3094_/B1                               1.500000    1.627539   -0.127539 (VIOLATED)
_3093_/B1                               1.500000    1.627536   -0.127536 (VIOLATED)
_3098_/B1                               1.500000    1.627536   -0.127536 (VIOLATED)
_3099_/B1                               1.500000    1.627536   -0.127536 (VIOLATED)
_3029_/Y                                1.496266    1.560598   -0.064332 (VIOLATED)
_3040_/B1                               1.500000    1.560638   -0.060638 (VIOLATED)
_3030_/B1                               1.500000    1.560638   -0.060638 (VIOLATED)
_3042_/B1                               1.500000    1.560637   -0.060637 (VIOLATED)
_3045_/B1                               1.500000    1.560637   -0.060637 (VIOLATED)
_3033_/B1                               1.500000    1.560632   -0.060632 (VIOLATED)
_3034_/B1                               1.500000    1.560630   -0.060630 (VIOLATED)
_3035_/B1                               1.500000    1.560628   -0.060628 (VIOLATED)
_3036_/B1                               1.500000    1.560627   -0.060627 (VIOLATED)
_3037_/B1                               1.500000    1.560625   -0.060625 (VIOLATED)
_3031_/B1                               1.500000    1.560619   -0.060619 (VIOLATED)
_3041_/B1                               1.500000    1.560613   -0.060613 (VIOLATED)
_3032_/B1                               1.500000    1.560607   -0.060607 (VIOLATED)
_3039_/B1                               1.500000    1.560602   -0.060602 (VIOLATED)
_3038_/B1                               1.500000    1.560598   -0.060598 (VIOLATED)
_3043_/B1                               1.500000    1.560598   -0.060598 (VIOLATED)
_3044_/B1                               1.500000    1.560598   -0.060598 (VIOLATED)
_2974_/Y                                1.496266    1.535104   -0.038838 (VIOLATED)
_2981_/B1                               1.500000    1.535110   -0.035110 (VIOLATED)
_2980_/B1                               1.500000    1.535110   -0.035110 (VIOLATED)
_2978_/B1                               1.500000    1.535109   -0.035109 (VIOLATED)
_2979_/B1                               1.500000    1.535109   -0.035109 (VIOLATED)
_2982_/B1                               1.500000    1.535108   -0.035108 (VIOLATED)
_2976_/B1                               1.500000    1.535108   -0.035108 (VIOLATED)
_2986_/B1                               1.500000    1.535108   -0.035108 (VIOLATED)
_2977_/B1                               1.500000    1.535107   -0.035107 (VIOLATED)
_2990_/B1                               1.500000    1.535107   -0.035107 (VIOLATED)
_2987_/B1                               1.500000    1.535106   -0.035106 (VIOLATED)
_2983_/B1                               1.500000    1.535106   -0.035106 (VIOLATED)
_2975_/B1                               1.500000    1.535106   -0.035106 (VIOLATED)
_2984_/B1                               1.500000    1.535106   -0.035106 (VIOLATED)
_2985_/B1                               1.500000    1.535104   -0.035104 (VIOLATED)
_2988_/B1                               1.500000    1.535104   -0.035104 (VIOLATED)
_2989_/B1                               1.500000    1.535104   -0.035104 (VIOLATED)
_3103_/Y                                1.496266    1.529063   -0.032797 (VIOLATED)
_3114_/B1                               1.500000    1.529125   -0.029125 (VIOLATED)
_3106_/B1                               1.500000    1.529124   -0.029124 (VIOLATED)
_3107_/B1                               1.500000    1.529124   -0.029124 (VIOLATED)
_3108_/B1                               1.500000    1.529124   -0.029124 (VIOLATED)
_3104_/B1                               1.500000    1.529123   -0.029123 (VIOLATED)
_3105_/B1                               1.500000    1.529122   -0.029122 (VIOLATED)
_3110_/B1                               1.500000    1.529117   -0.029117 (VIOLATED)
_3111_/B1                               1.500000    1.529115   -0.029115 (VIOLATED)
_3119_/B1                               1.500000    1.529115   -0.029115 (VIOLATED)
_3109_/B1                               1.500000    1.529106   -0.029106 (VIOLATED)
_3115_/B1                               1.500000    1.529098   -0.029098 (VIOLATED)
_3113_/B1                               1.500000    1.529088   -0.029088 (VIOLATED)
_3116_/B1                               1.500000    1.529080   -0.029080 (VIOLATED)
_3112_/B1                               1.500000    1.529076   -0.029076 (VIOLATED)
_3117_/B1                               1.500000    1.529063   -0.029064 (VIOLATED)
_3118_/B1                               1.500000    1.529063   -0.029064 (VIOLATED)

max capacitance

Pin                                        Limit         Cap       Slack
------------------------------------------------------------------------
_3084_/Y                                0.086070    0.094559   -0.008489 (VIOLATED)
_3029_/Y                                0.086070    0.090548   -0.004478 (VIOLATED)
_2974_/Y                                0.086070    0.089079   -0.003009 (VIOLATED)
_3103_/Y                                0.086070    0.088759   -0.002689 (VIOLATED)



===========================================================================
report_parasitic_annotation -report_unannotated
============================================================================
Found 34 unannotated drivers.
 clkload0/X
 clkload1/Y
 clkload10/X
 clkload11/X
 clkload12/Y
 clkload13/Y
 clkload14/Y
 clkload15/Y
 clkload16/Y
 clkload17/X
 clkload18/Y
 clkload19/Y
 clkload2/Y
 clkload20/Y
 clkload21/Y
 clkload22/Y
 clkload23/X
 clkload24/X
 clkload25/X
 clkload26/Y
 clkload27/Y
 clkload28/X
 clkload29/X
 clkload3/Y
 clkload30/X
 clkload31/X
 clkload32/X
 clkload33/Y
 clkload4/X
 clkload5/X
 clkload6/X
 clkload7/X
 clkload8/X
 clkload9/X
Found 0 partially unannotated drivers.

===========================================================================
max slew violation count 76
max fanout violation count 0
max cap violation count 4
============================================================================

===========================================================================
check_setup -verbose -unconstrained_endpoints -multiple_clock -no_clock -no_input_delay -loops -generated_clocks
===========================================================================
