Clock: CLK
Sources: CLK 
Generated: no
Virtual: yes
Propagated: no
Period: 26.000000

===========================================================================
report_clock_properties
============================================================================
Clock                   Period          Waveform
----------------------------------------------------
CLK                  26.000000    0.000000 13.000000

===========================================================================
report_clock_latency
============================================================================
Clock CLK
rise -> rise
    min     max
0.000000 0.000000 source latency
0.507589         network latency _5005_/CLK
        0.553781 network latency _4882_/CLK
---------------
0.507589 0.553781 latency
        0.046192 skew

fall -> fall
    min     max
0.000000 0.000000 source latency
0.511252         network latency _5005_/CLK
        0.544832 network latency _4882_/CLK
---------------
0.511252 0.544832 latency
        0.033580 skew



===========================================================================
report_clock_min_period
============================================================================
CLK period_min = 6.46 fmax = 154.85
