
===========================================================================
report_checks -unconstrained
===========================================================================
======================= nom_ff_n40C_1v95 Corner ===================================

Startpoint: _5125_ (rising edge-triggered flip-flop clocked by CLK)
Endpoint: DEVICES_LDW (output port clocked by CLK)
Path Group: CLK
Path Type: max

Fanout         Cap        Slew       Delay        Time   Description
---------------------------------------------------------------------------------------------
                                  0.000000    0.000000   clock CLK (rise edge)
                                  0.000000    0.000000   clock source latency
     1    0.052276    0.178669    0.124667    0.124667 ^ CLK (in)
                                                         CLK (net)
                      0.178700    0.000000    0.124667 ^ clkbuf_0_CLK/A (sky130_fd_sc_hd__clkbuf_16)
     8    0.134931    0.115306    0.175514    0.300181 ^ clkbuf_0_CLK/X (sky130_fd_sc_hd__clkbuf_16)
                                                         clknet_0_CLK (net)
                      0.116882    0.010684    0.310865 ^ clkbuf_3_0__f_CLK/A (sky130_fd_sc_hd__clkbuf_16)
     6    0.057904    0.058612    0.129721    0.440586 ^ clkbuf_3_0__f_CLK/X (sky130_fd_sc_hd__clkbuf_16)
                                                         clknet_3_0__leaf_CLK (net)
                      0.058707    0.001371    0.441957 ^ clkbuf_leaf_3_CLK/A (sky130_fd_sc_hd__clkbuf_8)
    11    0.033487    0.053382    0.108260    0.550217 ^ clkbuf_leaf_3_CLK/X (sky130_fd_sc_hd__clkbuf_8)
                                                         clknet_leaf_3_CLK (net)
                      0.053400    0.000942    0.551160 ^ _5125_/CLK (sky130_fd_sc_hd__dfxtp_2)
     1    0.003723    0.024428    0.196421    0.747580 ^ _5125_/Q (sky130_fd_sc_hd__dfxtp_2)
                                                         _0010_ (net)
                      0.024428    0.000112    0.747692 ^ fanout473/A (sky130_fd_sc_hd__clkdlybuf4s25_1)
     9    0.101444    0.754113    0.651157    1.398849 ^ fanout473/X (sky130_fd_sc_hd__clkdlybuf4s25_1)
                                                         net473 (net)
                      0.754402    0.012337    1.411186 ^ fanout472/A (sky130_fd_sc_hd__dlymetal6s4s_1)
    10    0.080699    0.599244    0.510951    1.922137 ^ fanout472/X (sky130_fd_sc_hd__dlymetal6s4s_1)
                                                         net472 (net)
                      0.599431    0.008789    1.930927 ^ _2434_/A (sky130_fd_sc_hd__inv_2)
     1    0.002594    0.068814   -0.033839    1.897087 v _2434_/Y (sky130_fd_sc_hd__inv_2)
                                                         _2324_ (net)
                      0.068814    0.000073    1.897161 v fanout365/A (sky130_fd_sc_hd__clkdlybuf4s25_1)
     6    0.074265    0.369897    0.435577    2.332738 v fanout365/X (sky130_fd_sc_hd__clkdlybuf4s25_1)
                                                         net365 (net)
                      0.369904    0.001951    2.334689 v fanout363/A (sky130_fd_sc_hd__dlymetal6s4s_1)
    10    0.069058    0.230786    0.418672    2.753361 v fanout363/X (sky130_fd_sc_hd__dlymetal6s4s_1)
                                                         net363 (net)
                      0.230842    0.003566    2.756927 v _2592_/S (sky130_fd_sc_hd__mux2_1)
     1    0.009453    0.074223    0.222828    2.979755 ^ _2592_/X (sky130_fd_sc_hd__mux2_1)
                                                         _0467_ (net)
                      0.074224    0.000432    2.980187 ^ _2593_/B1 (sky130_fd_sc_hd__a22o_2)
     1    0.009048    0.053888    0.092993    3.073180 ^ _2593_/X (sky130_fd_sc_hd__a22o_2)
                                                         _0468_ (net)
                      0.053891    0.000434    3.073614 ^ fanout301/A (sky130_fd_sc_hd__clkdlybuf4s25_1)
     8    0.076865    0.571406    0.538404    3.612019 ^ fanout301/X (sky130_fd_sc_hd__clkdlybuf4s25_1)
                                                         net301 (net)
                      0.571408    0.000787    3.612805 ^ fanout299/A (sky130_fd_sc_hd__dlymetal6s4s_1)
    10    0.079691    0.591844    0.516624    4.129429 ^ fanout299/X (sky130_fd_sc_hd__dlymetal6s4s_1)
                                                         net299 (net)
                      0.591892    0.004504    4.133934 ^ _2606_/B (sky130_fd_sc_hd__xor2_2)
     3    0.019710    0.154197    0.103386    4.237319 v _2606_/X (sky130_fd_sc_hd__xor2_2)
                                                         _0481_ (net)
                      0.154202    0.000698    4.238017 v _2608_/A2 (sky130_fd_sc_hd__a21o_2)
     2    0.015665    0.046979    0.200176    4.438193 v _2608_/X (sky130_fd_sc_hd__a21o_2)
                                                         _0483_ (net)
                      0.046984    0.000507    4.438700 v _2609_/A2 (sky130_fd_sc_hd__a21o_2)
     2    0.012539    0.042890    0.157855    4.596555 v _2609_/X (sky130_fd_sc_hd__a21o_2)
                                                         _0484_ (net)
                      0.042890    0.000261    4.596816 v _2614_/A1 (sky130_fd_sc_hd__a21bo_2)
     3    0.023924    0.058928    0.159464    4.756280 v _2614_/X (sky130_fd_sc_hd__a21bo_2)
                                                         _0489_ (net)
                      0.058993    0.001753    4.758033 v _2619_/A2 (sky130_fd_sc_hd__a31o_2)
     3    0.021582    0.058103    0.191367    4.949400 v _2619_/X (sky130_fd_sc_hd__a31o_2)
                                                         _0494_ (net)
                      0.058118    0.000918    4.950318 v _2624_/A1 (sky130_fd_sc_hd__a311o_2)
     4    0.047963    0.110069    0.283215    5.233533 v _2624_/X (sky130_fd_sc_hd__a311o_2)
                                                         _0499_ (net)
                      0.110742    0.006285    5.239818 v _2679_/A (sky130_fd_sc_hd__nand4_2)
     2    0.014933    0.093959    0.106172    5.345991 ^ _2679_/Y (sky130_fd_sc_hd__nand4_2)
                                                         _0554_ (net)
                      0.093960    0.000770    5.346761 ^ _2683_/A1 (sky130_fd_sc_hd__a21bo_2)
     4    0.019430    0.084890    0.129286    5.476048 ^ _2683_/X (sky130_fd_sc_hd__a21bo_2)
                                                         _0558_ (net)
                      0.084893    0.000605    5.476652 ^ _2688_/A3 (sky130_fd_sc_hd__a311o_2)
     3    0.014181    0.064840    0.136867    5.613520 ^ _2688_/X (sky130_fd_sc_hd__a311o_2)
                                                         _0563_ (net)
                      0.064841    0.000397    5.613917 ^ _2689_/B (sky130_fd_sc_hd__nand2_2)
     1    0.009182    0.047397    0.043306    5.657223 v _2689_/Y (sky130_fd_sc_hd__nand2_2)
                                                         _0564_ (net)
                      0.047399    0.000300    5.657523 v _2690_/B (sky130_fd_sc_hd__xnor2_2)
     3    0.024566    0.091903    0.127454    5.784976 v _2690_/Y (sky130_fd_sc_hd__xnor2_2)
                                                         _0565_ (net)
                      0.091934    0.001342    5.786319 v _2696_/B (sky130_fd_sc_hd__or2_2)
     5    0.023345    0.075634    0.225371    6.011690 v _2696_/X (sky130_fd_sc_hd__or2_2)
                                                         _0567_ (net)
                      0.075636    0.000463    6.012152 v _2701_/B (sky130_fd_sc_hd__nor2_2)
     1    0.005680    0.093418    0.078896    6.091049 ^ _2701_/Y (sky130_fd_sc_hd__nor2_2)
                                                         net51 (net)
                      0.093418    0.000225    6.091273 ^ output51/A (sky130_fd_sc_hd__clkdlybuf4s25_1)
     1    0.035097    0.265350    0.336720    6.427994 ^ output51/X (sky130_fd_sc_hd__clkdlybuf4s25_1)
                                                         DEVICES_LDW (net)
                      0.265350    0.000892    6.428886 ^ DEVICES_LDW (out)
                                              6.428886   data arrival time

                                 20.000000   20.000000   clock CLK (rise edge)
                                  0.000000   20.000000   clock network delay (propagated)
                                 -0.250000   19.750002   clock uncertainty
                                  0.000000   19.750002   clock reconvergence pessimism
                                 -4.000000   15.750001   output external delay
                                             15.750001   data required time
---------------------------------------------------------------------------------------------
                                             15.750001   data required time
                                             -6.428886   data arrival time
---------------------------------------------------------------------------------------------
                                              9.321115   slack (MET)




===========================================================================
report_checks --slack_max -0.01
============================================================================
======================= nom_ff_n40C_1v95 Corner ===================================

No paths found.


===========================================================================
 report_check_types -max_slew -max_cap -max_fanout -violators
============================================================================
======================= nom_ff_n40C_1v95 Corner ===================================

max slew

Pin                                        Limit        Slew       Slack
------------------------------------------------------------------------
_4611_/A0                               0.750000    0.810416   -0.060416 (VIOLATED)
_2888_/A1                               0.750000    0.810403   -0.060403 (VIOLATED)
_2694_/A                                0.750000    0.810402   -0.060402 (VIOLATED)
_4664_/A0                               0.750000    0.810402   -0.060402 (VIOLATED)
_2700_/A                                0.750000    0.810400   -0.060400 (VIOLATED)
_3457_/A                                0.750000    0.810400   -0.060400 (VIOLATED)
_2459_/A1                               0.750000    0.810400   -0.060400 (VIOLATED)
_4704_/A0                               0.750000    0.810398   -0.060398 (VIOLATED)
_4681_/A1                               0.750000    0.810397   -0.060397 (VIOLATED)
_4808_/B2                               0.750000    0.810381   -0.060381 (VIOLATED)
fanout322/X                             0.750000    0.810379   -0.060379 (VIOLATED)
_2541_/B1                               0.750000    0.805875   -0.055875 (VIOLATED)
_2520_/B1                               0.750000    0.805857   -0.055857 (VIOLATED)
_2507_/B1                               0.750000    0.805853   -0.055853 (VIOLATED)
_2471_/B1                               0.750000    0.805837   -0.055837 (VIOLATED)
_2589_/B1                               0.750000    0.805826   -0.055826 (VIOLATED)
_2495_/B1                               0.750000    0.805826   -0.055826 (VIOLATED)
_2530_/B1                               0.750000    0.805821   -0.055821 (VIOLATED)
_2643_/B1                               0.750000    0.805818   -0.055818 (VIOLATED)
_2435_/A                                0.750000    0.805817   -0.055817 (VIOLATED)
_2483_/B1                               0.750000    0.805808   -0.055808 (VIOLATED)
fanout469/X                             0.750000    0.805798   -0.055798 (VIOLATED)
_3175_/B1                               0.750000    0.792803   -0.042803 (VIOLATED)
_3173_/B1                               0.750000    0.792792   -0.042793 (VIOLATED)
_3180_/B1                               0.750000    0.792670   -0.042671 (VIOLATED)
_3179_/B1                               0.750000    0.792638   -0.042638 (VIOLATED)
_3174_/B1                               0.750000    0.792633   -0.042633 (VIOLATED)
_3185_/B1                               0.750000    0.792618   -0.042618 (VIOLATED)
_3187_/B1                               0.750000    0.792608   -0.042608 (VIOLATED)
_3181_/B1                               0.750000    0.792607   -0.042607 (VIOLATED)
_3186_/B1                               0.750000    0.792607   -0.042607 (VIOLATED)
_3188_/B1                               0.750000    0.792607   -0.042607 (VIOLATED)
fanout243/X                             0.750000    0.792607   -0.042607 (VIOLATED)
_2949_/B1                               0.750000    0.770389   -0.020389 (VIOLATED)
_2950_/B1                               0.750000    0.770379   -0.020379 (VIOLATED)
_2959_/B1                               0.750000    0.770374   -0.020374 (VIOLATED)
_2956_/B1                               0.750000    0.770359   -0.020359 (VIOLATED)
ANTENNA_3/DIODE                         0.750000    0.770358   -0.020358 (VIOLATED)
_2955_/B1                               0.750000    0.770357   -0.020357 (VIOLATED)
_2961_/B1                               0.750000    0.770354   -0.020354 (VIOLATED)
_2963_/B1                               0.750000    0.770340   -0.020340 (VIOLATED)
_2962_/B1                               0.750000    0.770339   -0.020339 (VIOLATED)
_2957_/B1                               0.750000    0.770339   -0.020339 (VIOLATED)
_2964_/B1                               0.750000    0.770338   -0.020338 (VIOLATED)
fanout176/X                             0.750000    0.770335   -0.020335 (VIOLATED)
_3173_/A2                               0.750000    0.760309   -0.010309 (VIOLATED)
ANTENNA_23/DIODE                        0.750000    0.760308   -0.010308 (VIOLATED)
_3172_/B                                0.750000    0.760304   -0.010304 (VIOLATED)
_3187_/A2                               0.750000    0.760303   -0.010303 (VIOLATED)
_3181_/A2                               0.750000    0.760302   -0.010302 (VIOLATED)
_3186_/A2                               0.750000    0.760301   -0.010301 (VIOLATED)
_3188_/A2                               0.750000    0.760297   -0.010297 (VIOLATED)
_3179_/A2                               0.750000    0.760295   -0.010295 (VIOLATED)
_3180_/A2                               0.750000    0.760293   -0.010293 (VIOLATED)
_3174_/A2                               0.750000    0.760292   -0.010292 (VIOLATED)
_3185_/A2                               0.750000    0.760280   -0.010280 (VIOLATED)
fanout282/X                             0.750000    0.760276   -0.010276 (VIOLATED)
_2601_/S                                0.750000    0.754544   -0.004544 (VIOLATED)
_2596_/A                                0.750000    0.754489   -0.004489 (VIOLATED)
ANTENNA_22/DIODE                        0.750000    0.754424   -0.004424 (VIOLATED)
fanout472/A                             0.750000    0.754402   -0.004402 (VIOLATED)
_2880_/A                                0.750000    0.754392   -0.004392 (VIOLATED)
_2888_/B1                               0.750000    0.754391   -0.004391 (VIOLATED)
_2883_/A                                0.750000    0.754390   -0.004390 (VIOLATED)
_2887_/B                                0.750000    0.754375   -0.004375 (VIOLATED)
_2672_/S                                0.750000    0.754339   -0.004339 (VIOLATED)
_2533_/S                                0.750000    0.754338   -0.004338 (VIOLATED)
_2862_/A                                0.750000    0.754333   -0.004333 (VIOLATED)
_2860_/A                                0.750000    0.754332   -0.004332 (VIOLATED)
_2858_/A                                0.750000    0.754332   -0.004332 (VIOLATED)
_2856_/A                                0.750000    0.754330   -0.004330 (VIOLATED)
_2854_/A_N                              0.750000    0.754328   -0.004328 (VIOLATED)
_2589_/A1                               0.750000    0.754314   -0.004314 (VIOLATED)
fanout344/A                             0.750000    0.754311   -0.004311 (VIOLATED)
fanout345/X                             0.750000    0.754309   -0.004309 (VIOLATED)
ANTENNA_21/DIODE                        0.750000    0.754297   -0.004297 (VIOLATED)
fanout471/A                             0.750000    0.754120   -0.004120 (VIOLATED)
fanout473/X                             0.750000    0.754113   -0.004113 (VIOLATED)
_2460_/D1                               0.750000    0.752167   -0.002167 (VIOLATED)
_3731_/C                                0.750000    0.752163   -0.002163 (VIOLATED)
_3461_/B2                               0.750000    0.752161   -0.002161 (VIOLATED)
_3851_/A                                0.750000    0.752124   -0.002124 (VIOLATED)
ANTENNA_19/DIODE                        0.750000    0.752121   -0.002121 (VIOLATED)
_3732_/C                                0.750000    0.752117   -0.002117 (VIOLATED)
fanout382/A                             0.750000    0.752089   -0.002089 (VIOLATED)
_3439_/A1                               0.750000    0.751869   -0.001869 (VIOLATED)
fanout383/X                             0.750000    0.751868   -0.001868 (VIOLATED)

max fanout

Pin                                   Limit Fanout  Slack
---------------------------------------------------------
fanout359/X                              10     13     -3 (VIOLATED)
clkbuf_leaf_24_CLK/X                     10     12     -2 (VIOLATED)
clkbuf_leaf_25_CLK/X                     10     12     -2 (VIOLATED)
_5160_/Q                                 10     11        (VIOLATED)
clkbuf_leaf_0_CLK/X                      10     11        (VIOLATED)
clkbuf_leaf_16_CLK/X                     10     11        (VIOLATED)
clkbuf_leaf_22_CLK/X                     10     11        (VIOLATED)
clkbuf_leaf_23_CLK/X                     10     11        (VIOLATED)
clkbuf_leaf_2_CLK/X                      10     11        (VIOLATED)
clkbuf_leaf_36_CLK/X                     10     11        (VIOLATED)
clkbuf_leaf_3_CLK/X                      10     11        (VIOLATED)
clkbuf_leaf_4_CLK/X                      10     11        (VIOLATED)
clkbuf_leaf_6_CLK/X                      10     11        (VIOLATED)
fanout176/X                              10     11        (VIOLATED)
fanout282/X                              10     11        (VIOLATED)
fanout302/X                              10     11        (VIOLATED)
fanout313/X                              10     11        (VIOLATED)
fanout320/X                              10     11        (VIOLATED)



===========================================================================
report_parasitic_annotation -report_unannotated
============================================================================
Found 22 unannotated drivers.
 clkload0/X
 clkload1/X
 clkload10/Y
 clkload11/X
 clkload12/X
 clkload13/Y
 clkload14/X
 clkload15/Y
 clkload16/X
 clkload17/X
 clkload18/Y
 clkload19/Y
 clkload2/X
 clkload20/X
 clkload21/X
 clkload3/X
 clkload4/X
 clkload5/X
 clkload6/X
 clkload7/X
 clkload8/X
 clkload9/X
Found 0 partially unannotated drivers.

===========================================================================
max slew violation count 87
max fanout violation count 18
max cap violation count 0
============================================================================

===========================================================================
check_setup -verbose -unconstrained_endpoints -multiple_clock -no_clock -no_input_delay -loops -generated_clocks
===========================================================================
