[WARNING ORD-0039] .openroad ignored with -python
Unannotated report:
['report_parasitic_annotation -report_unannotated\n',
 '============================================================================\n',
 'Found 22 unannotated drivers.\n',
 ' clkload0/X\n',
 ' clkload1/X\n',
 ' clkload10/Y\n',
 ' clkload11/X\n',
 ' clkload12/X\n',
 ' clkload13/Y\n',
 ' clkload14/X\n',
 ' clkload15/Y\n',
 ' clkload16/X\n',
 ' clkload17/X\n',
 ' clkload18/Y\n',
 ' clkload19/Y\n',
 ' clkload2/X\n',
 ' clkload20/X\n',
 ' clkload21/X\n',
 ' clkload3/X\n',
 ' clkload4/X\n',
 ' clkload5/X\n',
 ' clkload6/X\n',
 ' clkload7/X\n',
 ' clkload8/X\n',
 ' clkload9/X\n',
 'Found 0 partially unannotated drivers.\n',
 '\n']
Reported nets:
['clkload0/X',
 'clkload1/X',
 'clkload10/Y',
 'clkload11/X',
 'clkload12/X',
 'clkload13/Y',
 'clkload14/X',
 'clkload15/Y',
 'clkload16/X',
 'clkload17/X',
 'clkload18/Y',
 'clkload19/Y',
 'clkload2/X',
 'clkload20/X',
 'clkload21/X',
 'clkload3/X',
 'clkload4/X',
 'clkload5/X',
 'clkload6/X',
 'clkload7/X',
 'clkload8/X',
 'clkload9/X']
Filtered nets:
[]
done
