Clock: CLK
Sources: CLK 
Generated: no
Virtual: yes
Propagated: no
Period: 20.000000

===========================================================================
report_clock_properties
============================================================================
Clock                   Period          Waveform
----------------------------------------------------
CLK                  20.000000    0.000000 10.000000

===========================================================================
report_clock_latency
============================================================================
Clock CLK
rise -> rise
    min     max
0.000000 0.000000 source latency
1.310742         network latency _5004_/CLK
        1.339895 network latency _5170_/CLK
---------------
1.310742 1.339895 latency
        0.029153 skew

fall -> fall
    min     max
0.000000 0.000000 source latency
1.161995         network latency _5004_/CLK
        1.184831 network latency _5170_/CLK
---------------
1.161995 1.184831 latency
        0.022836 skew



===========================================================================
report_clock_min_period
============================================================================
CLK period_min = 18.30 fmax = 54.64
