Clock: CLK
Sources: CLK 
Generated: no
Virtual: yes
Propagated: no
Period: 25.000000

===========================================================================
report_clock_properties
============================================================================
Clock                   Period          Waveform
----------------------------------------------------
CLK                  25.000000    0.000000 12.500000

===========================================================================
report_clock_latency
============================================================================
Clock CLK
rise -> rise
    min     max
0.000000 0.000000 source latency
0.812779         network latency _5004_/CLK
        0.839907 network latency _5170_/CLK
---------------
0.812779 0.839907 latency
        0.027128 skew

fall -> fall
    min     max
0.000000 0.000000 source latency
0.688770         network latency _5004_/CLK
        0.708657 network latency _5170_/CLK
---------------
0.688770 0.708657 latency
        0.019887 skew



===========================================================================
report_clock_min_period
============================================================================
CLK period_min = 10.34 fmax = 96.72
