
===========================================================================
 report_power
============================================================================
======================= max_tt_025C_1v80 Corner ===================================

Group                    Internal    Switching      Leakage        Total
                            Power        Power        Power        Power (Watts)
------------------------------------------------------------------------
Sequential           6.447101e-04 1.970270e-05 3.402940e-09 6.644162e-04  37.4%
Combinational        2.272708e-04 3.441323e-04 1.251303e-08 5.714156e-04  32.1%
Clock                2.729497e-04 2.692932e-04 1.707242e-08 5.422599e-04  30.5%
Macro                0.000000e+00 0.000000e+00 0.000000e+00 0.000000e+00   0.0%
Pad                  0.000000e+00 0.000000e+00 0.000000e+00 0.000000e+00   0.0%
------------------------------------------------------------------------
Total                1.144929e-03 6.331278e-04 3.298860e-08 1.778089e-03 100.0%
                            64.4%        35.6%         0.0%

