
===========================================================================
report_checks -unconstrained
===========================================================================
======================= min_ff_n40C_1v95 Corner ===================================

Startpoint: _5127_ (rising edge-triggered flip-flop clocked by CLK)
Endpoint: DEVICES_STRW (output port clocked by CLK)
Path Group: CLK
Path Type: max

Fanout         Cap        Slew       Delay        Time   Description
---------------------------------------------------------------------------------------------
                                  0.000000    0.000000   clock CLK (rise edge)
                                  0.000000    0.000000   clock source latency
     1    0.046824    0.000000    0.000000    0.000000 ^ CLK (in)
                                                         CLK (net)
                      0.001924    0.000962    0.000962 ^ clkbuf_0_CLK/A (sky130_fd_sc_hd__clkbuf_16)
     4    0.068373    0.065635    0.103902    0.104864 ^ clkbuf_0_CLK/X (sky130_fd_sc_hd__clkbuf_16)
                                                         clknet_0_CLK (net)
                      0.065758    0.002235    0.107099 ^ clkbuf_2_2__f_CLK/A (sky130_fd_sc_hd__clkbuf_16)
    12    0.103921    0.091559    0.141494    0.248593 ^ clkbuf_2_2__f_CLK/X (sky130_fd_sc_hd__clkbuf_16)
                                                         clknet_2_2__leaf_CLK (net)
                      0.091649    0.001763    0.250356 ^ clkbuf_leaf_8_CLK/A (sky130_fd_sc_hd__clkbuf_8)
    11    0.032696    0.052825    0.116787    0.367143 ^ clkbuf_leaf_8_CLK/X (sky130_fd_sc_hd__clkbuf_8)
                                                         clknet_leaf_8_CLK (net)
                      0.052830    0.000520    0.367664 ^ _5127_/CLK (sky130_fd_sc_hd__dfxtp_4)
    18    0.150800    0.317456    0.416922    0.784585 ^ _5127_/Q (sky130_fd_sc_hd__dfxtp_4)
                                                         _0008_ (net)
                      0.317468    0.001715    0.786300 ^ max_cap179/A (sky130_fd_sc_hd__buf_12)
    24    0.206083    0.180993    0.182202    0.968502 ^ max_cap179/X (sky130_fd_sc_hd__buf_12)
                                                         net179 (net)
                      0.181682    0.009284    0.977786 ^ max_cap178/A (sky130_fd_sc_hd__buf_12)
    24    0.207408    0.181511    0.182559    1.160345 ^ max_cap178/X (sky130_fd_sc_hd__buf_12)
                                                         net178 (net)
                      0.186111    0.022913    1.183257 ^ _2578_/S0 (sky130_fd_sc_hd__mux4_2)
     1    0.003795    0.059102    0.303099    1.486357 v _2578_/X (sky130_fd_sc_hd__mux4_2)
                                                         _0508_ (net)
                      0.059102    0.000079    1.486436 v _2579_/B (sky130_fd_sc_hd__or2_2)
     2    0.007415    0.045839    0.178338    1.664774 v _2579_/X (sky130_fd_sc_hd__or2_2)
                                                         _0509_ (net)
                      0.045839    0.000042    1.664816 v _2586_/A1 (sky130_fd_sc_hd__a22o_2)
     8    0.054959    0.105008    0.207123    1.871939 v _2586_/X (sky130_fd_sc_hd__a22o_2)
                                                         _0516_ (net)
                      0.105014    0.000960    1.872899 v _2587_/B (sky130_fd_sc_hd__and2_2)
     4    0.014061    0.044593    0.169462    2.042361 v _2587_/X (sky130_fd_sc_hd__and2_2)
                                                         _0517_ (net)
                      0.044593    0.000066    2.042427 v _2589_/A (sky130_fd_sc_hd__nor2_2)
     9    0.047942    0.372688    0.304955    2.347382 ^ _2589_/Y (sky130_fd_sc_hd__nor2_2)
                                                         _0519_ (net)
                      0.372691    0.000951    2.348333 ^ _2615_/A1 (sky130_fd_sc_hd__a21o_2)
     2    0.015269    0.065909    0.124996    2.473329 ^ _2615_/X (sky130_fd_sc_hd__a21o_2)
                                                         _0545_ (net)
                      0.065909    0.000278    2.473607 ^ _2621_/A1 (sky130_fd_sc_hd__a21bo_2)
     3    0.021619    0.093661    0.129946    2.603554 ^ _2621_/X (sky130_fd_sc_hd__a21bo_2)
                                                         _0551_ (net)
                      0.093663    0.000558    2.604111 ^ _2626_/A2 (sky130_fd_sc_hd__a31o_2)
     3    0.019260    0.091602    0.144351    2.748463 ^ _2626_/X (sky130_fd_sc_hd__a31o_2)
                                                         _0556_ (net)
                      0.091602    0.000460    2.748923 ^ _2631_/A1 (sky130_fd_sc_hd__a31o_2)
     4    0.042085    0.183452    0.204619    2.953542 ^ _2631_/X (sky130_fd_sc_hd__a31o_2)
                                                         _0561_ (net)
                      0.183518    0.000885    2.954427 ^ _2684_/D_N (sky130_fd_sc_hd__or4b_2)
     3    0.014570    0.095909    0.371871    3.326298 v _2684_/X (sky130_fd_sc_hd__or4b_2)
                                                         _0614_ (net)
                      0.095909    0.000425    3.326723 v _2690_/A1 (sky130_fd_sc_hd__a21o_2)
     4    0.014358    0.044799    0.163378    3.490100 v _2690_/X (sky130_fd_sc_hd__a21o_2)
                                                         _0620_ (net)
                      0.044800    0.000286    3.490387 v _2694_/A3 (sky130_fd_sc_hd__a311o_2)
     4    0.015468    0.063246    0.271924    3.762311 v _2694_/X (sky130_fd_sc_hd__a311o_2)
                                                         _0624_ (net)
                      0.063246    0.000222    3.762533 v _2696_/A2 (sky130_fd_sc_hd__a21bo_2)
     5    0.019179    0.051722    0.176267    3.938800 v _2696_/X (sky130_fd_sc_hd__a21bo_2)
                                                         _0626_ (net)
                      0.051732    0.000714    3.939514 v _2704_/C (sky130_fd_sc_hd__and3_2)
     2    0.017840    0.051844    0.167246    4.106760 v _2704_/X (sky130_fd_sc_hd__and3_2)
                                                         _0628_ (net)
                      0.051844    0.000215    4.106975 v _2705_/B (sky130_fd_sc_hd__and2_2)
     1    0.002932    0.026659    0.121114    4.228089 v _2705_/X (sky130_fd_sc_hd__and2_2)
                                                         net53 (net)
                      0.026659    0.000032    4.228121 v output53/A (sky130_fd_sc_hd__clkdlybuf4s25_1)
     1    0.051713    0.260102    0.338276    4.566397 v output53/X (sky130_fd_sc_hd__clkdlybuf4s25_1)
                                                         DEVICES_STRW (net)
                      0.260103    0.000861    4.567258 v DEVICES_STRW (out)
                                              4.567258   data arrival time

                                 26.000000   26.000000   clock CLK (rise edge)
                                  0.000000   26.000000   clock network delay (propagated)
                                  0.000000   26.000000   clock reconvergence pessimism
                                 -5.000000   20.999998   output external delay
                                             20.999998   data required time
---------------------------------------------------------------------------------------------
                                             20.999998   data required time
                                             -4.567258   data arrival time
---------------------------------------------------------------------------------------------
                                             16.432739   slack (MET)




===========================================================================
report_checks --slack_max -0.01
============================================================================
======================= min_ff_n40C_1v95 Corner ===================================

No paths found.


===========================================================================
 report_check_types -max_slew -max_cap -max_fanout -violators
============================================================================
======================= min_ff_n40C_1v95 Corner ===================================



===========================================================================
report_parasitic_annotation -report_unannotated
============================================================================
Found 33 unannotated drivers.
 clkload0/Y
 clkload1/Y
 clkload10/X
 clkload11/X
 clkload12/Y
 clkload13/X
 clkload14/X
 clkload15/X
 clkload16/X
 clkload17/X
 clkload18/X
 clkload19/X
 clkload2/Y
 clkload20/X
 clkload21/X
 clkload22/X
 clkload23/X
 clkload24/X
 clkload25/Y
 clkload26/Y
 clkload27/X
 clkload28/X
 clkload29/X
 clkload3/X
 clkload30/X
 clkload31/X
 clkload32/Y
 clkload4/X
 clkload5/Y
 clkload6/X
 clkload7/X
 clkload8/X
 clkload9/X
Found 0 partially unannotated drivers.

===========================================================================
max slew violation count 0
max fanout violation count 0
max cap violation count 0
============================================================================

===========================================================================
check_setup -verbose -unconstrained_endpoints -multiple_clock -no_clock -no_input_delay -loops -generated_clocks
===========================================================================
