Clock: CLK
Sources: CLK 
Generated: no
Virtual: yes
Propagated: no
Period: 26.000000

===========================================================================
report_clock_properties
============================================================================
Clock                   Period          Waveform
----------------------------------------------------
CLK                  26.000000    0.000000 13.000000

===========================================================================
report_clock_latency
============================================================================
Clock CLK
rise -> rise
    min     max
0.000000 0.000000 source latency
0.350716         network latency _5219_/CLK
        0.379351 network latency _4988_/CLK
---------------
0.350716 0.379351 latency
        0.028635 skew

fall -> fall
    min     max
0.000000 0.000000 source latency
0.351902         network latency _5219_/CLK
        0.373525 network latency _4988_/CLK
---------------
0.351902 0.373525 latency
        0.021624 skew



===========================================================================
report_clock_min_period
============================================================================
CLK period_min = 4.06 fmax = 246.37
