
===========================================================================
 report_power
============================================================================
======================= min_ff_n40C_1v95 Corner ===================================

Group                    Internal    Switching      Leakage        Total
                            Power        Power        Power        Power (Watts)
------------------------------------------------------------------------
Sequential           7.565799e-04 5.436588e-05 8.574681e-09 8.109543e-04  43.7%
Combinational        2.097702e-04 2.808119e-04 2.809256e-08 4.906102e-04  26.5%
Clock                2.788800e-04 2.739874e-04 2.802206e-08 5.528954e-04  29.8%
Macro                0.000000e+00 0.000000e+00 0.000000e+00 0.000000e+00   0.0%
Pad                  0.000000e+00 0.000000e+00 0.000000e+00 0.000000e+00   0.0%
------------------------------------------------------------------------
Total                1.245229e-03 6.091648e-04 6.468954e-08 1.854458e-03 100.0%
                            67.1%        32.8%         0.0%

