Clock: CLK
Sources: CLK 
Generated: no
Virtual: yes
Propagated: no
Period: 250.000000

===========================================================================
report_clock_properties
============================================================================
Clock                   Period          Waveform
----------------------------------------------------
CLK                 250.000000    0.000000125.000000

===========================================================================
report_clock_latency
============================================================================
Clock CLK
rise -> rise
    min     max
0.000000 0.000000 source latency
1.317801         network latency _5004_/CLK
        1.350960 network latency _5170_/CLK
---------------
1.317801 1.350960 latency
        0.033159 skew

fall -> fall
    min     max
0.000000 0.000000 source latency
1.166626         network latency _5004_/CLK
        1.192546 network latency _5155_/CLK
---------------
1.166626 1.192546 latency
        0.025921 skew



===========================================================================
report_clock_min_period
============================================================================
CLK period_min = 18.41 fmax = 54.31
