+ analyze_power_grid -net VPWR -voltage_file /home/Ven/vscode/VRAI/runs/RUN_2026-07-24_15-17-39/56-openroad-irdropreport/net-VPWR.csv
[INFO PSM-0040] All shapes on net VPWR are connected.
########## IR report #################
Net              : VPWR
Corner           : nom_tt_025C_1v80
Total power      : 1.61e-03 W
Supply voltage   : 1.80e+00 V
Worstcase voltage: 1.80e+00 V
Average voltage  : 1.80e+00 V
Average IR drop  : 5.77e-05 V
Worstcase IR drop: 2.86e-04 V
Percentage drop  : 0.02 %
######################################
+ analyze_power_grid -net VGND -voltage_file /home/Ven/vscode/VRAI/runs/RUN_2026-07-24_15-17-39/56-openroad-irdropreport/net-VGND.csv
[INFO PSM-0040] All shapes on net VGND are connected.
########## IR report #################
Net              : VGND
Corner           : nom_tt_025C_1v80
Total power      : 1.61e-03 W
Supply voltage   : 0.00e+00 V
Worstcase voltage: 2.49e-04 V
Average voltage  : 5.49e-05 V
Average IR drop  : 5.49e-05 V
Worstcase IR drop: 2.49e-04 V
Percentage drop  : 0.01 %
######################################
