
===========================================================================
report_checks -unconstrained
===========================================================================
======================= nom_tt_025C_1v80 Corner ===================================

Startpoint: _5123_ (rising edge-triggered flip-flop clocked by CLK)
Endpoint: DEVICES_STRH (output port clocked by CLK)
Path Group: CLK
Path Type: max

Fanout         Cap        Slew       Delay        Time   Description
---------------------------------------------------------------------------------------------
                                  0.000000    0.000000   clock CLK (rise edge)
                                  0.000000    0.000000   clock source latency
     1    0.029372    0.137529    0.095430    0.095430 ^ CLK (in)
                                                         CLK (net)
                      0.137544    0.000000    0.095430 ^ clkbuf_0_CLK/A (sky130_fd_sc_hd__clkbuf_16)
     8    0.100463    0.117207    0.215530    0.310960 ^ clkbuf_0_CLK/X (sky130_fd_sc_hd__clkbuf_16)
                                                         clknet_0_CLK (net)
                      0.117875    0.007168    0.318128 ^ clkbuf_3_0__f_CLK/A (sky130_fd_sc_hd__clkbuf_16)
     6    0.044327    0.063626    0.171277    0.489405 ^ clkbuf_3_0__f_CLK/X (sky130_fd_sc_hd__clkbuf_16)
                                                         clknet_3_0__leaf_CLK (net)
                      0.063665    0.001421    0.490826 ^ clkbuf_leaf_3_CLK/A (sky130_fd_sc_hd__clkbuf_8)
    11    0.028900    0.064527    0.149958    0.640785 ^ clkbuf_leaf_3_CLK/X (sky130_fd_sc_hd__clkbuf_8)
                                                         clknet_leaf_3_CLK (net)
                      0.064533    0.000634    0.641419 ^ _5123_/CLK (sky130_fd_sc_hd__dfxtp_2)
     1    0.002909    0.030151    0.311360    0.952779 ^ _5123_/Q (sky130_fd_sc_hd__dfxtp_2)
                                                         _0008_ (net)
                      0.030151    0.000064    0.952843 ^ fanout505/A (sky130_fd_sc_hd__clkdlybuf4s25_1)
     5    0.028268    0.287952    0.412867    1.365710 ^ fanout505/X (sky130_fd_sc_hd__clkdlybuf4s25_1)
                                                         net505 (net)
                      0.287952    0.000982    1.366692 ^ fanout504/A (sky130_fd_sc_hd__clkdlybuf4s25_1)
     5    0.035574    0.358887    0.534120    1.900812 ^ fanout504/X (sky130_fd_sc_hd__clkdlybuf4s25_1)
                                                         net504 (net)
                      0.358887    0.001143    1.901955 ^ fanout502/A (sky130_fd_sc_hd__clkdlybuf4s25_1)
     6    0.042503    0.426522    0.590895    2.492850 ^ fanout502/X (sky130_fd_sc_hd__clkdlybuf4s25_1)
                                                         net502 (net)
                      0.426525    0.001974    2.494823 ^ fanout500/A (sky130_fd_sc_hd__dlymetal6s4s_1)
     6    0.041023    0.411372    0.498141    2.992965 ^ fanout500/X (sky130_fd_sc_hd__dlymetal6s4s_1)
                                                         net500 (net)
                      0.411372    0.001672    2.994637 ^ _2555_/S0 (sky130_fd_sc_hd__mux4_2)
     1    0.003509    0.082296    0.555872    3.550509 v _2555_/X (sky130_fd_sc_hd__mux4_2)
                                                         _0430_ (net)
                      0.082296    0.000120    3.550629 v _2556_/A1 (sky130_fd_sc_hd__mux2_1)
     1    0.006904    0.075436    0.329297    3.879927 v _2556_/X (sky130_fd_sc_hd__mux2_1)
                                                         _0431_ (net)
                      0.075436    0.000369    3.880296 v _2557_/B1 (sky130_fd_sc_hd__a22o_2)
     1    0.008623    0.055373    0.234501    4.114797 v _2557_/X (sky130_fd_sc_hd__a22o_2)
                                                         _0432_ (net)
                      0.055373    0.000569    4.115366 v fanout306/A (sky130_fd_sc_hd__clkdlybuf4s25_1)
     7    0.034994    0.260845    0.421987    4.537354 v fanout306/X (sky130_fd_sc_hd__clkdlybuf4s25_1)
                                                         net306 (net)
                      0.260845    0.000619    4.537972 v fanout305/A (sky130_fd_sc_hd__clkdlybuf4s25_1)
    10    0.049490    0.364334    0.573391    5.111363 v fanout305/X (sky130_fd_sc_hd__clkdlybuf4s25_1)
                                                         net305 (net)
                      0.364398    0.004702    5.116065 v _2559_/B (sky130_fd_sc_hd__and2_2)
     2    0.008105    0.050527    0.348609    5.464674 v _2559_/X (sky130_fd_sc_hd__and2_2)
                                                         _0434_ (net)
                      0.050527    0.000240    5.464913 v _2562_/A (sky130_fd_sc_hd__nor2_2)
     7    0.031152    0.345933    0.305652    5.770565 ^ _2562_/Y (sky130_fd_sc_hd__nor2_2)
                                                         _0437_ (net)
                      0.345936    0.000855    5.771420 ^ _2619_/A1 (sky130_fd_sc_hd__a31o_2)
     3    0.018062    0.116201    0.274654    6.046074 ^ _2619_/X (sky130_fd_sc_hd__a31o_2)
                                                         _0494_ (net)
                      0.116204    0.000755    6.046829 ^ _2624_/A1 (sky130_fd_sc_hd__a311o_2)
     4    0.034608    0.188582    0.294244    6.341072 ^ _2624_/X (sky130_fd_sc_hd__a311o_2)
                                                         _0499_ (net)
                      0.188772    0.004077    6.345149 ^ _2679_/A (sky130_fd_sc_hd__nand4_2)
     2    0.010552    0.124133    0.138889    6.484038 v _2679_/Y (sky130_fd_sc_hd__nand4_2)
                                                         _0554_ (net)
                      0.124134    0.000431    6.484469 v _2683_/A1 (sky130_fd_sc_hd__a21bo_2)
     4    0.017107    0.067138    0.258999    6.743468 v _2683_/X (sky130_fd_sc_hd__a21bo_2)
                                                         _0558_ (net)
                      0.067141    0.000549    6.744017 v _2688_/A3 (sky130_fd_sc_hd__a311o_2)
     3    0.010178    0.074401    0.418156    7.162173 v _2688_/X (sky130_fd_sc_hd__a311o_2)
                                                         _0563_ (net)
                      0.074401    0.000328    7.162501 v _2689_/B (sky130_fd_sc_hd__nand2_2)
     1    0.009548    0.068098    0.093762    7.256263 ^ _2689_/Y (sky130_fd_sc_hd__nand2_2)
                                                         _0564_ (net)
                      0.068099    0.000356    7.256619 ^ _2690_/B (sky130_fd_sc_hd__xnor2_2)
     3    0.017094    0.104743    0.102180    7.358799 v _2690_/Y (sky130_fd_sc_hd__xnor2_2)
                                                         _0565_ (net)
                      0.104748    0.000878    7.359677 v _2696_/B (sky130_fd_sc_hd__or2_2)
     5    0.024023    0.107796    0.365322    7.724998 v _2696_/X (sky130_fd_sc_hd__or2_2)
                                                         _0567_ (net)
                      0.107796    0.000355    7.725354 v _2698_/B (sky130_fd_sc_hd__nor2_2)
     1    0.004318    0.111968    0.105587    7.830941 ^ _2698_/Y (sky130_fd_sc_hd__nor2_2)
                                                         net52 (net)
                      0.111968    0.000165    7.831106 ^ output52/A (sky130_fd_sc_hd__clkdlybuf4s25_1)
     1    0.035011    0.353879    0.487261    8.318367 ^ output52/X (sky130_fd_sc_hd__clkdlybuf4s25_1)
                                                         DEVICES_STRH (net)
                      0.353879    0.001076    8.319443 ^ DEVICES_STRH (out)
                                              8.319443   data arrival time

                                 20.000000   20.000000   clock CLK (rise edge)
                                  0.000000   20.000000   clock network delay (propagated)
                                 -0.250000   19.750002   clock uncertainty
                                  0.000000   19.750002   clock reconvergence pessimism
                                 -4.000000   15.750001   output external delay
                                             15.750001   data required time
---------------------------------------------------------------------------------------------
                                             15.750001   data required time
                                             -8.319443   data arrival time
---------------------------------------------------------------------------------------------
                                              7.430558   slack (MET)




===========================================================================
report_checks --slack_max -0.01
============================================================================
======================= nom_tt_025C_1v80 Corner ===================================

No paths found.


===========================================================================
 report_check_types -max_slew -max_cap -max_fanout -violators
============================================================================
======================= nom_tt_025C_1v80 Corner ===================================

max fanout

Pin                                   Limit Fanout  Slack
---------------------------------------------------------
clkbuf_leaf_24_CLK/X                     10     12     -2 (VIOLATED)
clkbuf_leaf_25_CLK/X                     10     12     -2 (VIOLATED)
clkbuf_leaf_0_CLK/X                      10     11        (VIOLATED)
clkbuf_leaf_16_CLK/X                     10     11        (VIOLATED)
clkbuf_leaf_22_CLK/X                     10     11        (VIOLATED)
clkbuf_leaf_23_CLK/X                     10     11        (VIOLATED)
clkbuf_leaf_2_CLK/X                      10     11        (VIOLATED)
clkbuf_leaf_36_CLK/X                     10     11        (VIOLATED)
clkbuf_leaf_3_CLK/X                      10     11        (VIOLATED)
clkbuf_leaf_4_CLK/X                      10     11        (VIOLATED)
clkbuf_leaf_6_CLK/X                      10     11        (VIOLATED)
fanout176/X                              10     11        (VIOLATED)



===========================================================================
report_parasitic_annotation -report_unannotated
============================================================================
Found 22 unannotated drivers.
 clkload0/X
 clkload1/X
 clkload10/Y
 clkload11/X
 clkload12/X
 clkload13/Y
 clkload14/X
 clkload15/Y
 clkload16/X
 clkload17/X
 clkload18/Y
 clkload19/Y
 clkload2/X
 clkload20/X
 clkload21/X
 clkload3/X
 clkload4/X
 clkload5/X
 clkload6/X
 clkload7/X
 clkload8/X
 clkload9/X
Found 0 partially unannotated drivers.

===========================================================================
max slew violation count 0
Writing metric design__max_slew_violation__count__corner:nom_tt_025C_1v80: 0
max fanout violation count 12
Writing metric design__max_fanout_violation__count__corner:nom_tt_025C_1v80: 12
max cap violation count 0
Writing metric design__max_cap_violation__count__corner:nom_tt_025C_1v80: 0
============================================================================

===========================================================================
check_setup -verbose -unconstrained_endpoints -multiple_clock -no_clock -no_input_delay -loops -generated_clocks
===========================================================================
