169. Printing statistics.

=== VRAI_SYNC_CORE ===

        +----------Local Count, excluding submodules.
        |        +-Local Area, excluding submodules.
        |        | 
     2804        - wires
     2895        - wire bits
      385        - public wires
      476        - public wire bits
       17        - ports
      108        - port bits
     2845 3.28E+04 cells
        1   12.512   sky130_fd_sc_hd__a2111o_2
        1   15.014   sky130_fd_sc_hd__a2111oi_2
       29  290.278   sky130_fd_sc_hd__a211o_2
        4   50.048   sky130_fd_sc_hd__a211oi_2
       12  120.115   sky130_fd_sc_hd__a21bo_2
        1   11.261   sky130_fd_sc_hd__a21boi_2
       44   385.37   sky130_fd_sc_hd__a21o_2
       66  578.054   sky130_fd_sc_hd__a21oi_2
       36  405.389   sky130_fd_sc_hd__a221o_2
        5   75.072   sky130_fd_sc_hd__a221oi_2
      340  3.4E+03   sky130_fd_sc_hd__a22o_2
        6   75.072   sky130_fd_sc_hd__a22oi_2
        6   67.565   sky130_fd_sc_hd__a2bb2o_2
        6   67.565   sky130_fd_sc_hd__a311o_2
        1   15.014   sky130_fd_sc_hd__a311oi_2
       37  324.061   sky130_fd_sc_hd__a31o_2
        9  101.347   sky130_fd_sc_hd__a32o_2
        3   33.782   sky130_fd_sc_hd__a41o_2
       90  675.648   sky130_fd_sc_hd__and2_2
       24  210.202   sky130_fd_sc_hd__and2b_2
       49  367.853   sky130_fd_sc_hd__and3_2
       10  100.096   sky130_fd_sc_hd__and3b_2
        6   60.058   sky130_fd_sc_hd__and4_2
        9  101.347   sky130_fd_sc_hd__and4b_2
        4   50.048   sky130_fd_sc_hd__and4bb_2
      397 8.44E+03   sky130_fd_sc_hd__dfxtp_2
       76  285.274   sky130_fd_sc_hd__inv_2
      215 2.42E+03   sky130_fd_sc_hd__mux2_1
      192 4.32E+03   sky130_fd_sc_hd__mux4_2
      146  913.376   sky130_fd_sc_hd__nand2_2
       21  183.926   sky130_fd_sc_hd__nand2b_2
        2   20.019   sky130_fd_sc_hd__nand3_2
        2   22.522   sky130_fd_sc_hd__nand3b_2
        2   25.024   sky130_fd_sc_hd__nand4_2
      260  1626.56   sky130_fd_sc_hd__nor2_2
       10  100.096   sky130_fd_sc_hd__nor3_2
        1   12.512   sky130_fd_sc_hd__nor3b_2
        6   75.072   sky130_fd_sc_hd__nor4_2
        3   37.536   sky130_fd_sc_hd__o2111a_2
       78  780.749   sky130_fd_sc_hd__o211a_2
        5    62.56   sky130_fd_sc_hd__o211ai_2
       95  832.048   sky130_fd_sc_hd__o21a_2
       55  481.712   sky130_fd_sc_hd__o21ai_2
       10  100.096   sky130_fd_sc_hd__o21ba_2
        5   56.304   sky130_fd_sc_hd__o21bai_2
       35  394.128   sky130_fd_sc_hd__o221a_2
        3   45.043   sky130_fd_sc_hd__o221ai_2
       53  530.509   sky130_fd_sc_hd__o22a_2
        1   12.512   sky130_fd_sc_hd__o22ai_2
       21  236.477   sky130_fd_sc_hd__o2bb2a_2
        9  101.347   sky130_fd_sc_hd__o311a_2
        1   16.266   sky130_fd_sc_hd__o311ai_2
       15  150.144   sky130_fd_sc_hd__o31a_2
        3   37.536   sky130_fd_sc_hd__o31ai_2
       16  180.173   sky130_fd_sc_hd__o32a_2
      191 1.19E+03   sky130_fd_sc_hd__or2_2
       14  105.101   sky130_fd_sc_hd__or3_2
       21  183.926   sky130_fd_sc_hd__or3b_2
       13  113.859   sky130_fd_sc_hd__or4_2
        4   40.038   sky130_fd_sc_hd__or4b_2
        1   12.512   sky130_fd_sc_hd__or4bb_2
       53  862.077   sky130_fd_sc_hd__xnor2_2
       11  178.922   sky130_fd_sc_hd__xor2_2

   Chip area for module '\VRAI_SYNC_CORE': 32796.454400
     of which used for sequential elements: 8444.348800 (25.75%)

