Clock: CLK
Sources: CLK 
Generated: no
Virtual: no
Propagated: no
Period: 250.000000

===========================================================================
report_clock_properties
============================================================================
Clock                   Period          Waveform
----------------------------------------------------
CLK                 250.000000    0.000000125.000000

===========================================================================
report_clock_latency
============================================================================
Clock CLK
rise -> rise
    min     max
0.000000 0.000000 source latency
1.812078         network latency _4867_/CLK
        1.812078 network latency _4867_/CLK
---------------
1.812078 1.812078 latency
        0.000000 skew

fall -> fall
    min     max
0.000000 0.000000 source latency
0.768296         network latency _4867_/CLK
        0.768296 network latency _4867_/CLK
---------------
0.768296 0.768296 latency
        0.000000 skew



===========================================================================
report_clock_min_period
============================================================================
CLK period_min = 0.00 fmax = inf
