Clock: CLK
Sources: CLK 
Generated: no
Virtual: yes
Propagated: no
Period: 26.000000

===========================================================================
report_clock_properties
============================================================================
Clock                   Period          Waveform
----------------------------------------------------
CLK                  26.000000    0.000000 13.000000

===========================================================================
report_clock_latency
============================================================================
Clock CLK
rise -> rise
    min     max
0.000000 0.000000 source latency
0.360111         network latency _4970_/CLK
        0.398228 network latency _4882_/CLK
---------------
0.360111 0.398228 latency
        0.038118 skew

fall -> fall
    min     max
0.000000 0.000000 source latency
0.360248         network latency _4970_/CLK
        0.389461 network latency _5008_/CLK
---------------
0.360248 0.389461 latency
        0.029213 skew



===========================================================================
report_clock_min_period
============================================================================
CLK period_min = 4.08 fmax = 245.30
