Clock: CLK
Sources: CLK 
Generated: no
Virtual: yes
Propagated: no
Period: 26.000000

===========================================================================
report_clock_properties
============================================================================
Clock                   Period          Waveform
----------------------------------------------------
CLK                  26.000000    0.000000 13.000000

===========================================================================
report_clock_latency
============================================================================
Clock CLK
rise -> rise
    min     max
0.000000 0.000000 source latency
0.876072         network latency _5219_/CLK
        0.940741 network latency _4988_/CLK
---------------
0.876072 0.940741 latency
        0.064669 skew

fall -> fall
    min     max
0.000000 0.000000 source latency
0.888142         network latency _5219_/CLK
        0.937107 network latency _4988_/CLK
---------------
0.888142 0.937107 latency
        0.048965 skew



===========================================================================
report_clock_min_period
============================================================================
CLK period_min = 14.00 fmax = 71.44
