Reading timing models for corner max_tt_025C_1v80…
Reading timing library for the 'max_tt_025C_1v80' corner at '/root/.ciel/ciel/sky130/versions/8afc8346a57fe1ab7934ba5a6056ea8b43078e71/sky130A/libs.ref/sky130_fd_sc_hd/lib/sky130_fd_sc_hd__tt_025C_1v80.lib'…
Reading timing models for corner min_ss_100C_1v60…
Reading timing library for the 'min_ss_100C_1v60' corner at '/root/.ciel/ciel/sky130/versions/8afc8346a57fe1ab7934ba5a6056ea8b43078e71/sky130A/libs.ref/sky130_fd_sc_hd/lib/sky130_fd_sc_hd__ss_100C_1v60.lib'…
Reading timing models for corner nom_tt_025C_1v80…
Reading timing library for the 'nom_tt_025C_1v80' corner at '/root/.ciel/ciel/sky130/versions/8afc8346a57fe1ab7934ba5a6056ea8b43078e71/sky130A/libs.ref/sky130_fd_sc_hd/lib/sky130_fd_sc_hd__tt_025C_1v80.lib'…
[WARNING STA-1140] /root/.ciel/ciel/sky130/versions/8afc8346a57fe1ab7934ba5a6056ea8b43078e71/sky130A/libs.ref/sky130_fd_sc_hd/lib/sky130_fd_sc_hd__tt_025C_1v80.lib line 1, library sky130_fd_sc_hd__tt_025C_1v80 already exists.
Reading timing models for corner max_ff_n40C_1v95…
Reading timing library for the 'max_ff_n40C_1v95' corner at '/root/.ciel/ciel/sky130/versions/8afc8346a57fe1ab7934ba5a6056ea8b43078e71/sky130A/libs.ref/sky130_fd_sc_hd/lib/sky130_fd_sc_hd__ff_n40C_1v95.lib'…
Reading timing models for corner nom_ff_n40C_1v95…
Reading timing library for the 'nom_ff_n40C_1v95' corner at '/root/.ciel/ciel/sky130/versions/8afc8346a57fe1ab7934ba5a6056ea8b43078e71/sky130A/libs.ref/sky130_fd_sc_hd/lib/sky130_fd_sc_hd__ff_n40C_1v95.lib'…
[WARNING STA-1140] /root/.ciel/ciel/sky130/versions/8afc8346a57fe1ab7934ba5a6056ea8b43078e71/sky130A/libs.ref/sky130_fd_sc_hd/lib/sky130_fd_sc_hd__ff_n40C_1v95.lib line 1, library sky130_fd_sc_hd__ff_n40C_1v95 already exists.
Reading timing models for corner max_ss_100C_1v60…
Reading timing library for the 'max_ss_100C_1v60' corner at '/root/.ciel/ciel/sky130/versions/8afc8346a57fe1ab7934ba5a6056ea8b43078e71/sky130A/libs.ref/sky130_fd_sc_hd/lib/sky130_fd_sc_hd__ss_100C_1v60.lib'…
[WARNING STA-1140] /root/.ciel/ciel/sky130/versions/8afc8346a57fe1ab7934ba5a6056ea8b43078e71/sky130A/libs.ref/sky130_fd_sc_hd/lib/sky130_fd_sc_hd__ss_100C_1v60.lib line 1, library sky130_fd_sc_hd__ss_100C_1v60 already exists.
Reading timing models for corner min_tt_025C_1v80…
Reading timing library for the 'min_tt_025C_1v80' corner at '/root/.ciel/ciel/sky130/versions/8afc8346a57fe1ab7934ba5a6056ea8b43078e71/sky130A/libs.ref/sky130_fd_sc_hd/lib/sky130_fd_sc_hd__tt_025C_1v80.lib'…
[WARNING STA-1140] /root/.ciel/ciel/sky130/versions/8afc8346a57fe1ab7934ba5a6056ea8b43078e71/sky130A/libs.ref/sky130_fd_sc_hd/lib/sky130_fd_sc_hd__tt_025C_1v80.lib line 1, library sky130_fd_sc_hd__tt_025C_1v80 already exists.
Reading timing models for corner nom_ss_100C_1v60…
Reading timing library for the 'nom_ss_100C_1v60' corner at '/root/.ciel/ciel/sky130/versions/8afc8346a57fe1ab7934ba5a6056ea8b43078e71/sky130A/libs.ref/sky130_fd_sc_hd/lib/sky130_fd_sc_hd__ss_100C_1v60.lib'…
[WARNING STA-1140] /root/.ciel/ciel/sky130/versions/8afc8346a57fe1ab7934ba5a6056ea8b43078e71/sky130A/libs.ref/sky130_fd_sc_hd/lib/sky130_fd_sc_hd__ss_100C_1v60.lib line 1, library sky130_fd_sc_hd__ss_100C_1v60 already exists.
Reading timing models for corner min_ff_n40C_1v95…
Reading timing library for the 'min_ff_n40C_1v95' corner at '/root/.ciel/ciel/sky130/versions/8afc8346a57fe1ab7934ba5a6056ea8b43078e71/sky130A/libs.ref/sky130_fd_sc_hd/lib/sky130_fd_sc_hd__ff_n40C_1v95.lib'…
[WARNING STA-1140] /root/.ciel/ciel/sky130/versions/8afc8346a57fe1ab7934ba5a6056ea8b43078e71/sky130A/libs.ref/sky130_fd_sc_hd/lib/sky130_fd_sc_hd__ff_n40C_1v95.lib line 1, library sky130_fd_sc_hd__ff_n40C_1v95 already exists.
Reading OpenROAD database at '/home/Ven/vscode/VRAI/runs/RUN_2026-07-20_09-36-57/35-openroad-cts/VRAI_SYNC_CORE.odb'…
Reading design constraints file at '/nix/store/bsc7517ifhyy0s2y84n52j5yvqsybbw9-python3-3.13.9-env/lib/python3.13/site-packages/librelane/scripts/base.sdc'…
[INFO] Using clock CLK…
[INFO] Setting output delay to: 4
[INFO] Setting input delay to: 4
[INFO] Setting load to: 0.033442
[INFO] Setting clock uncertainty to: 0.25
[INFO] Setting clock transition to: 0.1499999999999999944488848768742172978818416595458984375
[INFO] Setting timing derate to: 5%
+ repair_timing -verbose -setup -setup_margin 0.05000000000000000277555756156289135105907917022705078125 -max_buffer_percent 50
[INFO RSZ-0100] Repair move sequence: UnbufferMove SizeUpMove SwapPinsMove BufferMove CloneMove SplitLoadMove 
[INFO RSZ-0094] Found 5 endpoints with setup violations.
[INFO RSZ-0099] Repairing 5 out of 5 (100.00%) violating endpoints...
   Iter   | Removed | Resized | Inserted | Cloned |  Pin  |   Area   |    WNS   |   TNS      |  Viol  | Worst
          | Buffers |  Gates  | Buffers  |  Gates | Swaps |          |          |            | Endpts | Endpt
--------------------------------------------------------------------------------------------------------------
        0 |       0 |       0 |        0 |      0 |     0 |    +0.0% |   -0.252 |       -1.1 |      5 | DEVICES_LDW
        5 |       0 |       4 |        0 |      0 |     0 |    +0.0% |    0.143 |        0.0 |      3 | DEVICES_LDW
        6 |       0 |       4 |        0 |      0 |     0 |    +0.0% |    0.143 |        0.0 |      2 | DEVICES_LDW
        7 |       0 |       4 |        0 |      0 |     0 |    +0.0% |    0.143 |        0.0 |      1 | DEVICES_LDW
        8 |       0 |       4 |        0 |      0 |     0 |    +0.0% |    0.143 |        0.0 |      0 | DEVICES_LDW
        9 |       0 |       4 |        0 |      0 |     0 |    +0.0% |    0.143 |        0.0 |      0 | DEVICES_LDW
    final |       0 |       4 |        0 |      0 |     0 |    +0.0% |    0.143 |        0.0 |      0 | DEVICES_LDW
--------------------------------------------------------------------------------------------------------------
[INFO RSZ-0051] Resized 4 instances: 4 up, 0 up match, 0 down, 0 VT
+ repair_timing -verbose -hold -setup_margin 0.05000000000000000277555756156289135105907917022705078125 -hold_margin 0.1000000000000000055511151231257827021181583404541015625 -max_buffer_percent 50
[INFO RSZ-0046] Found 321 endpoints with hold violations.
Iteration | Resized | Buffers | Cloned Gates |   Area   |   WNS   |   TNS   | Endpoint
--------------------------------------------------------------------------------------
        0 |       0 |       0 |            0 |    +0.0% |   0.036 |   0.000 | _5261_/D
       10 |       0 |       9 |            0 |    +0.2% |   0.041 |   0.000 | _5235_/D
       20 |       0 |      19 |            0 |    +0.5% |   0.043 |   0.000 | _5034_/D
       30 |       0 |      29 |            0 |    +0.7% |   0.044 |   0.000 | _5038_/D
       40 |       0 |      39 |            0 |    +1.0% |   0.044 |   0.000 | _4973_/D
       50 |       0 |      49 |            0 |    +1.3% |   0.045 |   0.000 | _5115_/D
       60 |       0 |      59 |            0 |    +1.5% |   0.045 |   0.000 | _4910_/D
       70 |       0 |      69 |            0 |    +1.8% |   0.045 |   0.000 | _5058_/D
       80 |       0 |      79 |            0 |    +2.0% |   0.045 |   0.000 | _5081_/D
       90 |       0 |      89 |            0 |    +2.3% |   0.046 |   0.000 | _5030_/D
      100 |       0 |      99 |            0 |    +2.5% |   0.046 |   0.000 | _5020_/D
      110 |       0 |     109 |            0 |    +2.8% |   0.046 |   0.000 | _5053_/D
      120 |       0 |     119 |            0 |    +3.1% |   0.046 |   0.000 | _4985_/D
      130 |       0 |     129 |            0 |    +3.3% |   0.046 |   0.000 | _5114_/D
      140 |       0 |     139 |            0 |    +3.6% |   0.047 |   0.000 | _5118_/D
      150 |       0 |     149 |            0 |    +3.8% |   0.047 |   0.000 | _5062_/D
      160 |       0 |     159 |            0 |    +4.1% |   0.047 |   0.000 | _4970_/D
      170 |       0 |     169 |            0 |    +4.3% |   0.047 |   0.000 | _4947_/D
      180 |       0 |     179 |            0 |    +4.6% |   0.048 |   0.000 | _4892_/D
      190 |       0 |     189 |            0 |    +4.9% |   0.048 |   0.000 | _5107_/D
      200 |       0 |     199 |            0 |    +5.1% |   0.048 |   0.000 | _4960_/D
      210 |       0 |     208 |            0 |    +5.4% |   0.048 |   0.000 | _4995_/D
      220 |       0 |     218 |            0 |    +5.6% |   0.048 |   0.000 | _5046_/D
      230 |       0 |     228 |            0 |    +5.9% |   0.049 |   0.000 | _5010_/D
      240 |       0 |     238 |            0 |    +6.1% |   0.049 |   0.000 | _5016_/D
      250 |       0 |     247 |            0 |    +6.4% |   0.050 |   0.000 | _4901_/D
      260 |       0 |     257 |            0 |    +6.6% |   0.050 |   0.000 | _4999_/D
      270 |       0 |     267 |            0 |    +6.9% |   0.051 |   0.000 | _4878_/D
      280 |       0 |     276 |            0 |    +7.1% |   0.054 |   0.000 | _4875_/D
      290 |       0 |     285 |            0 |    +7.3% |   0.061 |   0.000 | _5217_/D
      300 |       0 |     294 |            0 |    +7.6% |   0.066 |   0.000 | _5175_/D
      310 |       0 |     302 |            0 |    +7.8% |   0.080 |   0.000 | _5204_/D
      320 |       0 |     311 |            0 |    +8.0% |   0.099 |   0.000 | _5140_/D
    final |       0 |     313 |            0 |    +8.1% |   0.100 |   0.000 | _5137_/D
--------------------------------------------------------------------------------------
[INFO RSZ-0032] Inserted 313 hold buffers.
+ detailed_placement -max_displacement  500 100 
Placement Analysis
---------------------------------
total displacement       3627.3 u
average displacement        0.7 u
max displacement           15.5 u
original HPWL          129530.3 u
legalized HPWL         135517.5 u
delta HPWL                    5 %

[INFO DPL-0020] Mirrored 1585 instances
[INFO DPL-0021] HPWL before          135517.5 u
[INFO DPL-0022] HPWL after           131811.8 u
[INFO DPL-0023] HPWL delta               -2.7 %
Setting global connections for newly added cells…
[INFO] Setting global connections...
[INFO ODB-0403] 1252 connections made, 0 conflicts skipped.
Updating metrics…
Cell type report:                       Count       Area
  Fill cell                               188     705.68
  Tap cell                                912    1141.09
  Clock buffer                             67     998.46
  Timing Repair Buffer                    843    8176.59
  Inverter                                 76     285.27
  Clock inverter                            5      53.80
  Sequential cell                         397    8444.35
  Multi-Input combinational cell         2372   24073.09
  Total                                  4860   43878.33
Writing OpenROAD database to '/home/Ven/vscode/VRAI/runs/RUN_2026-07-20_09-36-57/37-openroad-resizertimingpostcts/VRAI_SYNC_CORE.odb'…
Writing netlist to '/home/Ven/vscode/VRAI/runs/RUN_2026-07-20_09-36-57/37-openroad-resizertimingpostcts/VRAI_SYNC_CORE.nl.v'…
Writing powered netlist to '/home/Ven/vscode/VRAI/runs/RUN_2026-07-20_09-36-57/37-openroad-resizertimingpostcts/VRAI_SYNC_CORE.pnl.v'…
Writing layout to '/home/Ven/vscode/VRAI/runs/RUN_2026-07-20_09-36-57/37-openroad-resizertimingpostcts/VRAI_SYNC_CORE.def'…
Writing timing constraints to '/home/Ven/vscode/VRAI/runs/RUN_2026-07-20_09-36-57/37-openroad-resizertimingpostcts/VRAI_SYNC_CORE.sdc'…
