155. Printing statistics.

=== VRAI_SYNC_CORE ===

        +----------Local Count, excluding submodules.
        | 
     3168 wires
     3686 wire bits
       55 public wires
      564 public wire bits
       17 ports
      108 port bits
     3620 cells
      778   $_ANDNOT_
      208   $_AND_
        7   $_DFF_P_
     1073   $_MUX_
       65   $_NAND_
      153   $_NOR_
       79   $_NOT_
      103   $_ORNOT_
      558   $_OR_
      256   $_SDFFCE_PN0P_
       14   $_SDFFE_PP0N_
      107   $_SDFFE_PP0P_
        1   $_SDFFE_PP1P_
       12   $_SDFF_PP0_
       51   $_XNOR_
      155   $_XOR_

   Area for cell type $_ANDNOT_ is unknown!
   Area for cell type $_AND_ is unknown!
   Area for cell type $_DFF_P_ is unknown!
   Area for cell type $_MUX_ is unknown!
   Area for cell type $_NAND_ is unknown!
   Area for cell type $_NOR_ is unknown!
   Area for cell type $_NOT_ is unknown!
   Area for cell type $_ORNOT_ is unknown!
   Area for cell type $_OR_ is unknown!
   Area for cell type $_SDFFCE_PN0P_ is unknown!
   Area for cell type $_SDFFE_PP0N_ is unknown!
   Area for cell type $_SDFFE_PP0P_ is unknown!
   Area for cell type $_SDFFE_PP1P_ is unknown!
   Area for cell type $_SDFF_PP0_ is unknown!
   Area for cell type $_XNOR_ is unknown!
   Area for cell type $_XOR_ is unknown!

