
===========================================================================
report_checks -unconstrained
===========================================================================
======================= min_ss_100C_1v60 Corner ===================================

Startpoint: _5123_ (rising edge-triggered flip-flop clocked by CLK)
Endpoint: _5219_ (rising edge-triggered flip-flop clocked by CLK)
Path Group: CLK
Path Type: max

Fanout         Cap        Slew       Delay        Time   Description
---------------------------------------------------------------------------------------------
                                  0.000000    0.000000   clock CLK (rise edge)
                                  0.000000    0.000000   clock source latency
     1    0.045905    0.000000    0.000000    0.000000 ^ CLK (in)
                                                         CLK (net)
                      0.003759    0.001879    0.001879 ^ clkbuf_0_CLK/A (sky130_fd_sc_hd__clkbuf_16)
     4    0.070798    0.135126    0.254336    0.256216 ^ clkbuf_0_CLK/X (sky130_fd_sc_hd__clkbuf_16)
                                                         clknet_0_CLK (net)
                      0.135167    0.002238    0.258454 ^ clkbuf_2_0__f_CLK/A (sky130_fd_sc_hd__clkbuf_16)
    14    0.121000    0.205837    0.368247    0.626701 ^ clkbuf_2_0__f_CLK/X (sky130_fd_sc_hd__clkbuf_16)
                                                         clknet_2_0__leaf_CLK (net)
                      0.205838    0.001007    0.627708 ^ clkbuf_leaf_3_CLK/A (sky130_fd_sc_hd__clkbuf_8)
    11    0.026609    0.099304    0.313407    0.941115 ^ clkbuf_leaf_3_CLK/X (sky130_fd_sc_hd__clkbuf_8)
                                                         clknet_leaf_3_CLK (net)
                      0.099304    0.000208    0.941323 ^ _5123_/CLK (sky130_fd_sc_hd__dfxtp_4)
    31    0.238774    1.046074    1.423259    2.364582 ^ _5123_/Q (sky130_fd_sc_hd__dfxtp_4)
                                                         _0008_ (net)
                      1.046144    0.009224    2.373806 ^ max_cap147/A (sky130_fd_sc_hd__buf_12)
    34    0.263633    0.465639    0.751556    3.125362 ^ max_cap147/X (sky130_fd_sc_hd__buf_12)
                                                         net147 (net)
                      0.468441    0.029380    3.154743 ^ _2569_/S0 (sky130_fd_sc_hd__mux4_2)
     1    0.004593    0.156801    1.246322    4.401064 v _2569_/X (sky130_fd_sc_hd__mux4_2)
                                                         _0444_ (net)
                      0.156801    0.000085    4.401149 v _2570_/A1 (sky130_fd_sc_hd__mux2_1)
     2    0.013636    0.206755    0.817858    5.219007 v _2570_/X (sky130_fd_sc_hd__mux2_1)
                                                         _0445_ (net)
                      0.206755    0.000488    5.219496 v _2571_/B1 (sky130_fd_sc_hd__a22oi_2)
    16    0.096835    1.811844    1.442132    6.661628 ^ _2571_/Y (sky130_fd_sc_hd__a22oi_2)
                                                         _0446_ (net)
                      1.811869    0.005797    6.667425 ^ _2610_/B (sky130_fd_sc_hd__or2_2)
     2    0.009949    0.136344    0.730969    7.398394 ^ _2610_/X (sky130_fd_sc_hd__or2_2)
                                                         _0485_ (net)
                      0.136344    0.000031    7.398425 ^ _3931_/C1 (sky130_fd_sc_hd__o211ai_2)
     3    0.012339    0.253207    0.256766    7.655191 v _3931_/Y (sky130_fd_sc_hd__o211ai_2)
                                                         _1435_ (net)
                      0.253207    0.000117    7.655309 v _3935_/A4 (sky130_fd_sc_hd__a41o_2)
     3    0.014877    0.123985    0.635937    8.291245 v _3935_/X (sky130_fd_sc_hd__a41o_2)
                                                         _1439_ (net)
                      0.123985    0.000386    8.291632 v _3941_/A2 (sky130_fd_sc_hd__o31a_2)
     3    0.034019    0.218919    0.804096    9.095727 v _3941_/X (sky130_fd_sc_hd__o31a_2)
                                                         _1445_ (net)
                      0.218947    0.002580    9.098308 v _3942_/B2 (sky130_fd_sc_hd__a221oi_2)
     4    0.022783    0.776499    0.818178    9.916485 ^ _3942_/Y (sky130_fd_sc_hd__a221oi_2)
                                                         _1446_ (net)
                      0.776499    0.000244    9.916729 ^ _4292_/B (sky130_fd_sc_hd__nor2_2)
     2    0.005092    0.138999    0.223558   10.140287 v _4292_/Y (sky130_fd_sc_hd__nor2_2)
                                                         _1785_ (net)
                      0.138999    0.000035   10.140322 v _4311_/C (sky130_fd_sc_hd__or3_2)
     1    0.002454    0.160068    0.973937   11.114259 v _4311_/X (sky130_fd_sc_hd__or3_2)
                                                         _1803_ (net)
                      0.160068    0.000025   11.114284 v _4313_/C (sky130_fd_sc_hd__and4_2)
     1    0.001593    0.069110    0.486674   11.600958 v _4313_/X (sky130_fd_sc_hd__and4_2)
                                                         _1805_ (net)
                      0.069110    0.000006   11.600965 v _4324_/B (sky130_fd_sc_hd__or3b_2)
     1    0.001917    0.153538    0.996988   12.597953 v _4324_/X (sky130_fd_sc_hd__or3b_2)
                                                         _1816_ (net)
                      0.153538    0.000018   12.597970 v _4327_/B1_N (sky130_fd_sc_hd__o21ba_2)
     1    0.010272    0.134041    0.555329   13.153299 ^ _4327_/X (sky130_fd_sc_hd__o21ba_2)
                                                         _1819_ (net)
                      0.134041    0.000314   13.153613 ^ _4328_/B1 (sky130_fd_sc_hd__o21ai_2)
     1    0.002799    0.142457    0.116936   13.270549 v _4328_/Y (sky130_fd_sc_hd__o21ai_2)
                                                         _1820_ (net)
                      0.142457    0.000028   13.270576 v _4329_/B2 (sky130_fd_sc_hd__o221a_2)
     1    0.002581    0.077473    0.456790   13.727366 v _4329_/X (sky130_fd_sc_hd__o221a_2)
                                                         _0371_ (net)
                      0.077473    0.000029   13.727396 v _5219_/D (sky130_fd_sc_hd__dfxtp_2)
                                             13.727396   data arrival time

                                 26.000000   26.000000   clock CLK (rise edge)
                                  0.000000   26.000000   clock source latency
     1    0.045905    0.000000    0.000000   26.000000 ^ CLK (in)
                                                         CLK (net)
                      0.003759    0.001879   26.001879 ^ clkbuf_0_CLK/A (sky130_fd_sc_hd__clkbuf_16)
     4    0.070798    0.135126    0.254337   26.256216 ^ clkbuf_0_CLK/X (sky130_fd_sc_hd__clkbuf_16)
                                                         clknet_0_CLK (net)
                      0.135166    0.002222   26.258438 ^ clkbuf_2_1__f_CLK/A (sky130_fd_sc_hd__clkbuf_16)
    12    0.102495    0.179462    0.347223   26.605661 ^ clkbuf_2_1__f_CLK/X (sky130_fd_sc_hd__clkbuf_16)
                                                         clknet_2_1__leaf_CLK (net)
                      0.179742    0.004526   26.610188 ^ clkbuf_leaf_17_CLK/A (sky130_fd_sc_hd__clkbuf_8)
    11    0.033086    0.113300    0.315470   26.925657 ^ clkbuf_leaf_17_CLK/X (sky130_fd_sc_hd__clkbuf_8)
                                                         clknet_leaf_17_CLK (net)
                      0.113300    0.000126   26.925783 ^ _5219_/CLK (sky130_fd_sc_hd__dfxtp_2)
                                  0.000000   26.925783   clock reconvergence pessimism
                                 -0.265764   26.660019   library setup time
                                             26.660019   data required time
---------------------------------------------------------------------------------------------
                                             26.660019   data required time
                                            -13.727396   data arrival time
---------------------------------------------------------------------------------------------
                                             12.932623   slack (MET)




===========================================================================
report_checks --slack_max -0.01
============================================================================
======================= min_ss_100C_1v60 Corner ===================================

No paths found.


===========================================================================
 report_check_types -max_slew -max_cap -max_fanout -violators
============================================================================
======================= min_ss_100C_1v60 Corner ===================================

max slew

Pin                                        Limit        Slew       Slack
------------------------------------------------------------------------
_3971_/A0                               1.500000    1.811900   -0.311900 (VIOLATED)
_4420_/A1                               1.500000    1.811899   -0.311899 (VIOLATED)
_3656_/A1                               1.500000    1.811898   -0.311898 (VIOLATED)
_4096_/A1                               1.500000    1.811898   -0.311898 (VIOLATED)
_4636_/A1                               1.500000    1.811893   -0.311893 (VIOLATED)
_3641_/A1                               1.500000    1.811892   -0.311892 (VIOLATED)
_3968_/A0                               1.500000    1.811887   -0.311887 (VIOLATED)
_4382_/A1                               1.500000    1.811872   -0.311872 (VIOLATED)
_3825_/A                                1.500000    1.811869   -0.311869 (VIOLATED)
_3826_/A                                1.500000    1.811869   -0.311869 (VIOLATED)
_2610_/B                                1.500000    1.811869   -0.311869 (VIOLATED)
_2611_/B                                1.500000    1.811869   -0.311869 (VIOLATED)
_4530_/A1                               1.500000    1.811865   -0.311866 (VIOLATED)
_4552_/B1                               1.500000    1.811862   -0.311862 (VIOLATED)
_4493_/A                                1.500000    1.811849   -0.311849 (VIOLATED)
_4446_/A                                1.500000    1.811847   -0.311847 (VIOLATED)
_4044_/A1                               1.500000    1.732611   -0.232611 (VIOLATED)
_4420_/A0                               1.500000    1.732610   -0.232610 (VIOLATED)
_4067_/A                                1.500000    1.732610   -0.232610 (VIOLATED)
_3973_/A1                               1.500000    1.732607   -0.232607 (VIOLATED)
_3656_/A0                               1.500000    1.732605   -0.232606 (VIOLATED)
_3641_/A0                               1.500000    1.732605   -0.232605 (VIOLATED)
_4585_/A1                               1.500000    1.732603   -0.232603 (VIOLATED)
_3966_/A                                1.500000    1.732592   -0.232592 (VIOLATED)
_4381_/B1                               1.500000    1.732588   -0.232588 (VIOLATED)
_3891_/A                                1.500000    1.732584   -0.232584 (VIOLATED)
_3929_/B                                1.500000    1.732584   -0.232584 (VIOLATED)
_4478_/A2                               1.500000    1.732583   -0.232583 (VIOLATED)
_4552_/C1                               1.500000    1.732582   -0.232582 (VIOLATED)
_4530_/A2                               1.500000    1.732582   -0.232582 (VIOLATED)
_4002_/Y                                1.496266    1.726773   -0.230507 (VIOLATED)
_4321_/B1                               1.500000    1.726781   -0.226781 (VIOLATED)
_4300_/B1                               1.500000    1.726780   -0.226780 (VIOLATED)
_4348_/B1                               1.500000    1.726780   -0.226780 (VIOLATED)
_4273_/B1                               1.500000    1.726779   -0.226779 (VIOLATED)
_4210_/B1                               1.500000    1.726778   -0.226778 (VIOLATED)
_4372_/A2                               1.500000    1.726778   -0.226778 (VIOLATED)
_4256_/B1                               1.500000    1.726777   -0.226777 (VIOLATED)
_4513_/B1                               1.500000    1.726777   -0.226777 (VIOLATED)
_4574_/C1                               1.500000    1.726776   -0.226776 (VIOLATED)
_4084_/A2_N                             1.500000    1.726775   -0.226775 (VIOLATED)
_4101_/B1                               1.500000    1.726773   -0.226773 (VIOLATED)
_4135_/B1                               1.500000    1.726773   -0.226773 (VIOLATED)
_4158_/B1                               1.500000    1.726773   -0.226773 (VIOLATED)
_3208_/Y                                1.496266    1.703641   -0.207375 (VIOLATED)
_3209_/B1                               1.500000    1.703660   -0.203660 (VIOLATED)
_3214_/B1                               1.500000    1.703660   -0.203660 (VIOLATED)
_3211_/B1                               1.500000    1.703659   -0.203659 (VIOLATED)
_3212_/B1                               1.500000    1.703659   -0.203659 (VIOLATED)
_3213_/B1                               1.500000    1.703654   -0.203654 (VIOLATED)
_3220_/B1                               1.500000    1.703650   -0.203650 (VIOLATED)
_3218_/B1                               1.500000    1.703645   -0.203645 (VIOLATED)
_3216_/B1                               1.500000    1.703644   -0.203644 (VIOLATED)
_3219_/B1                               1.500000    1.703644   -0.203644 (VIOLATED)
_3210_/B1                               1.500000    1.703643   -0.203643 (VIOLATED)
_3221_/B1                               1.500000    1.703643   -0.203643 (VIOLATED)
_3215_/B1                               1.500000    1.703641   -0.203641 (VIOLATED)
_3217_/B1                               1.500000    1.703641   -0.203641 (VIOLATED)
_3222_/B1                               1.500000    1.703641   -0.203641 (VIOLATED)
_3223_/B1                               1.500000    1.703641   -0.203641 (VIOLATED)
_3224_/B1                               1.500000    1.703641   -0.203641 (VIOLATED)
_3043_/Y                                1.496266    1.664211   -0.167945 (VIOLATED)
_3046_/B1                               1.500000    1.664226   -0.164226 (VIOLATED)
_3044_/B1                               1.500000    1.664225   -0.164225 (VIOLATED)
_3049_/B1                               1.500000    1.664225   -0.164225 (VIOLATED)
_3047_/B1                               1.500000    1.664225   -0.164225 (VIOLATED)
_3048_/B1                               1.500000    1.664224   -0.164224 (VIOLATED)
_3055_/B1                               1.500000    1.664223   -0.164223 (VIOLATED)
_3053_/B1                               1.500000    1.664222   -0.164223 (VIOLATED)
_3051_/B1                               1.500000    1.664218   -0.164218 (VIOLATED)
_3045_/B1                               1.500000    1.664217   -0.164217 (VIOLATED)
_3054_/B1                               1.500000    1.664216   -0.164216 (VIOLATED)
_3056_/B1                               1.500000    1.664215   -0.164215 (VIOLATED)
_3050_/B1                               1.500000    1.664215   -0.164215 (VIOLATED)
_3052_/B1                               1.500000    1.664211   -0.164211 (VIOLATED)
_3057_/B1                               1.500000    1.664211   -0.164211 (VIOLATED)
_3058_/B1                               1.500000    1.664211   -0.164211 (VIOLATED)
_3059_/B1                               1.500000    1.664211   -0.164211 (VIOLATED)
_3061_/Y                                1.496266    1.646018   -0.149752 (VIOLATED)
_3062_/B1                               1.500000    1.646039   -0.146039 (VIOLATED)
_3067_/B1                               1.500000    1.646039   -0.146039 (VIOLATED)
_3064_/B1                               1.500000    1.646038   -0.146039 (VIOLATED)
_3065_/B1                               1.500000    1.646038   -0.146038 (VIOLATED)
_3066_/B1                               1.500000    1.646037   -0.146037 (VIOLATED)
_3073_/B1                               1.500000    1.646036   -0.146036 (VIOLATED)
_3071_/B1                               1.500000    1.646030   -0.146030 (VIOLATED)
_3069_/B1                               1.500000    1.646028   -0.146028 (VIOLATED)
_3063_/B1                               1.500000    1.646024   -0.146024 (VIOLATED)
_3072_/B1                               1.500000    1.646024   -0.146024 (VIOLATED)
_3074_/B1                               1.500000    1.646022   -0.146023 (VIOLATED)
_3068_/B1                               1.500000    1.646022   -0.146022 (VIOLATED)
_3075_/B1                               1.500000    1.646020   -0.146020 (VIOLATED)
_3077_/B1                               1.500000    1.646020   -0.146020 (VIOLATED)
_3070_/B1                               1.500000    1.646018   -0.146018 (VIOLATED)
_3076_/B1                               1.500000    1.646018   -0.146018 (VIOLATED)
_3099_/Y                                1.496266    1.635390   -0.139124 (VIOLATED)
_3100_/B1                               1.500000    1.635404   -0.135404 (VIOLATED)
_3102_/B1                               1.500000    1.635404   -0.135404 (VIOLATED)
_3103_/B1                               1.500000    1.635403   -0.135403 (VIOLATED)
_3105_/B1                               1.500000    1.635403   -0.135403 (VIOLATED)
_3104_/B1                               1.500000    1.635401   -0.135401 (VIOLATED)
_3111_/B1                               1.500000    1.635400   -0.135400 (VIOLATED)
_3107_/B1                               1.500000    1.635399   -0.135399 (VIOLATED)
_3109_/B1                               1.500000    1.635396   -0.135396 (VIOLATED)
_3101_/B1                               1.500000    1.635390   -0.135390 (VIOLATED)
_3106_/B1                               1.500000    1.635390   -0.135390 (VIOLATED)
_3108_/B1                               1.500000    1.635390   -0.135390 (VIOLATED)
_3110_/B1                               1.500000    1.635390   -0.135390 (VIOLATED)
_3112_/B1                               1.500000    1.635390   -0.135390 (VIOLATED)
_3113_/B1                               1.500000    1.635390   -0.135390 (VIOLATED)
_3114_/B1                               1.500000    1.635390   -0.135390 (VIOLATED)
_3115_/B1                               1.500000    1.635390   -0.135390 (VIOLATED)
_3136_/Y                                1.496266    1.613910   -0.117644 (VIOLATED)
_3142_/B1                               1.500000    1.613993   -0.113993 (VIOLATED)
_3139_/B1                               1.500000    1.613992   -0.113992 (VIOLATED)
_3140_/B1                               1.500000    1.613992   -0.113992 (VIOLATED)
_3137_/B1                               1.500000    1.613989   -0.113989 (VIOLATED)
_3146_/B1                               1.500000    1.613986   -0.113986 (VIOLATED)
_3141_/B1                               1.500000    1.613984   -0.113984 (VIOLATED)
_3148_/B1                               1.500000    1.613981   -0.113981 (VIOLATED)
_3144_/B1                               1.500000    1.613978   -0.113978 (VIOLATED)
_3147_/B1                               1.500000    1.613962   -0.113963 (VIOLATED)
_3138_/B1                               1.500000    1.613949   -0.113949 (VIOLATED)
_3143_/B1                               1.500000    1.613938   -0.113938 (VIOLATED)
_3149_/B1                               1.500000    1.613925   -0.113925 (VIOLATED)
_3152_/B1                               1.500000    1.613922   -0.113922 (VIOLATED)
_3145_/B1                               1.500000    1.613914   -0.113914 (VIOLATED)
_3150_/B1                               1.500000    1.613910   -0.113910 (VIOLATED)
_3151_/B1                               1.500000    1.613910   -0.113910 (VIOLATED)
_3024_/Y                                1.496266    1.584844   -0.088578 (VIOLATED)
_3027_/B1                               1.500000    1.584890   -0.084890 (VIOLATED)
_3028_/B1                               1.500000    1.584890   -0.084890 (VIOLATED)
_3030_/B1                               1.500000    1.584889   -0.084889 (VIOLATED)
_3025_/B1                               1.500000    1.584888   -0.084888 (VIOLATED)
_3029_/B1                               1.500000    1.584881   -0.084881 (VIOLATED)
_3036_/B1                               1.500000    1.584877   -0.084877 (VIOLATED)
_3034_/B1                               1.500000    1.584872   -0.084872 (VIOLATED)
_3032_/B1                               1.500000    1.584864   -0.084864 (VIOLATED)
_3035_/B1                               1.500000    1.584857   -0.084857 (VIOLATED)
_3037_/B1                               1.500000    1.584852   -0.084852 (VIOLATED)
_3038_/B1                               1.500000    1.584851   -0.084851 (VIOLATED)
_3040_/B1                               1.500000    1.584851   -0.084851 (VIOLATED)
_3031_/B1                               1.500000    1.584851   -0.084851 (VIOLATED)
_3026_/B1                               1.500000    1.584846   -0.084846 (VIOLATED)
_3033_/B1                               1.500000    1.584844   -0.084844 (VIOLATED)
_3039_/B1                               1.500000    1.584844   -0.084844 (VIOLATED)
_2987_/Y                                1.496266    1.574251   -0.077985 (VIOLATED)
_2990_/B1                               1.500000    1.574301   -0.074301 (VIOLATED)
_2991_/B1                               1.500000    1.574300   -0.074300 (VIOLATED)
_2993_/B1                               1.500000    1.574299   -0.074300 (VIOLATED)
_2988_/B1                               1.500000    1.574297   -0.074297 (VIOLATED)
_2992_/B1                               1.500000    1.574294   -0.074294 (VIOLATED)
_2997_/B1                               1.500000    1.574292   -0.074292 (VIOLATED)
_2999_/B1                               1.500000    1.574287   -0.074287 (VIOLATED)
_2995_/B1                               1.500000    1.574274   -0.074274 (VIOLATED)
_2989_/B1                               1.500000    1.574272   -0.074272 (VIOLATED)
_2998_/B1                               1.500000    1.574272   -0.074272 (VIOLATED)
_3000_/B1                               1.500000    1.574264   -0.074264 (VIOLATED)
_2994_/B1                               1.500000    1.574257   -0.074257 (VIOLATED)
_3001_/B1                               1.500000    1.574254   -0.074254 (VIOLATED)
_3003_/B1                               1.500000    1.574253   -0.074253 (VIOLATED)
_2996_/B1                               1.500000    1.574251   -0.074251 (VIOLATED)
_3002_/B1                               1.500000    1.574251   -0.074251 (VIOLATED)
_2968_/Y                                1.496266    1.570433   -0.074167 (VIOLATED)
_2971_/B1                               1.500000    1.570446   -0.070446 (VIOLATED)
_2972_/B1                               1.500000    1.570445   -0.070445 (VIOLATED)
_2974_/B1                               1.500000    1.570445   -0.070445 (VIOLATED)
_2969_/B1                               1.500000    1.570444   -0.070444 (VIOLATED)
_2973_/B1                               1.500000    1.570443   -0.070443 (VIOLATED)
_2980_/B1                               1.500000    1.570443   -0.070443 (VIOLATED)
_2978_/B1                               1.500000    1.570442   -0.070442 (VIOLATED)
_2976_/B1                               1.500000    1.570441   -0.070441 (VIOLATED)
_2979_/B1                               1.500000    1.570441   -0.070441 (VIOLATED)
_2983_/B1                               1.500000    1.570439   -0.070440 (VIOLATED)
_2977_/B1                               1.500000    1.570439   -0.070439 (VIOLATED)
_2981_/B1                               1.500000    1.570439   -0.070439 (VIOLATED)
_2982_/B1                               1.500000    1.570439   -0.070439 (VIOLATED)
_2975_/B1                               1.500000    1.570438   -0.070438 (VIOLATED)
_2984_/B1                               1.500000    1.570438   -0.070438 (VIOLATED)
_2970_/B1                               1.500000    1.570433   -0.070433 (VIOLATED)
_3006_/Y                                1.496266    1.509850   -0.013584 (VIOLATED)
_3009_/B1                               1.500000    1.509909   -0.009909 (VIOLATED)
_3010_/B1                               1.500000    1.509909   -0.009909 (VIOLATED)
_3012_/B1                               1.500000    1.509907   -0.009907 (VIOLATED)
_3007_/B1                               1.500000    1.509904   -0.009904 (VIOLATED)
_3011_/B1                               1.500000    1.509898   -0.009899 (VIOLATED)
_3018_/B1                               1.500000    1.509894   -0.009894 (VIOLATED)
_3016_/B1                               1.500000    1.509887   -0.009887 (VIOLATED)
_3014_/B1                               1.500000    1.509877   -0.009877 (VIOLATED)
_3017_/B1                               1.500000    1.509873   -0.009873 (VIOLATED)
_3008_/B1                               1.500000    1.509873   -0.009873 (VIOLATED)
_3019_/B1                               1.500000    1.509872   -0.009873 (VIOLATED)
_3013_/B1                               1.500000    1.509869   -0.009869 (VIOLATED)
_3022_/B1                               1.500000    1.509861   -0.009861 (VIOLATED)
_3020_/B1                               1.500000    1.509857   -0.009857 (VIOLATED)
_3015_/B1                               1.500000    1.509853   -0.009853 (VIOLATED)
_3021_/B1                               1.500000    1.509850   -0.009850 (VIOLATED)

max capacitance

Pin                                        Limit         Cap       Slack
------------------------------------------------------------------------
_4002_/Y                                0.086070    0.100420   -0.014350 (VIOLATED)
_3208_/Y                                0.086070    0.099024   -0.012954 (VIOLATED)
_3043_/Y                                0.086070    0.096671   -0.010601 (VIOLATED)
_3061_/Y                                0.086070    0.095581   -0.009511 (VIOLATED)
_3099_/Y                                0.086070    0.094969   -0.008899 (VIOLATED)
_3136_/Y                                0.086070    0.093602   -0.007532 (VIOLATED)
_3024_/Y                                0.086070    0.091921   -0.005851 (VIOLATED)
_2987_/Y                                0.086070    0.091282   -0.005212 (VIOLATED)
_2968_/Y                                0.086070    0.091089   -0.005019 (VIOLATED)
_3006_/Y                                0.086070    0.087434   -0.001364 (VIOLATED)



===========================================================================
report_parasitic_annotation -report_unannotated
============================================================================
Found 37 unannotated drivers.
 clkload0/Y
 clkload1/Y
 clkload10/X
 clkload11/X
 clkload12/X
 clkload13/X
 clkload14/X
 clkload15/X
 clkload16/X
 clkload17/Y
 clkload18/X
 clkload19/X
 clkload2/Y
 clkload20/X
 clkload21/Y
 clkload22/Y
 clkload23/X
 clkload24/Y
 clkload25/Y
 clkload26/Y
 clkload27/X
 clkload28/X
 clkload29/Y
 clkload3/X
 clkload30/Y
 clkload31/X
 clkload32/X
 clkload33/X
 clkload34/Y
 clkload35/X
 clkload36/X
 clkload4/X
 clkload5/X
 clkload6/X
 clkload7/X
 clkload8/X
 clkload9/X
Found 0 partially unannotated drivers.

===========================================================================
max slew violation count 197
max fanout violation count 0
max cap violation count 10
============================================================================

===========================================================================
check_setup -verbose -unconstrained_endpoints -multiple_clock -no_clock -no_input_delay -loops -generated_clocks
===========================================================================
Warning: There are 58 unconstrained endpoints.
  DEVICES_LDH
  DEVICES_LDW
  DEVICES_STRH
  DEVICES_STRW
  EX_HALT
  INSTR_ADDR[0]
  INSTR_ADDR[10]
  INSTR_ADDR[11]
  INSTR_ADDR[12]
  INSTR_ADDR[13]
  INSTR_ADDR[14]
  INSTR_ADDR[15]
  INSTR_ADDR[1]
  INSTR_ADDR[2]
  INSTR_ADDR[3]
  INSTR_ADDR[4]
  INSTR_ADDR[5]
  INSTR_ADDR[6]
  INSTR_ADDR[7]
  INSTR_ADDR[8]
  INSTR_ADDR[9]
  INVALID_MEM
  MAIN_LDH
  MAIN_LDW
  MAIN_STRH
  MAIN_STRW
  MEM_ADDR[0]
  MEM_ADDR[10]
  MEM_ADDR[11]
  MEM_ADDR[12]
  MEM_ADDR[13]
  MEM_ADDR[14]
  MEM_ADDR[15]
  MEM_ADDR[1]
  MEM_ADDR[2]
  MEM_ADDR[3]
  MEM_ADDR[4]
  MEM_ADDR[5]
  MEM_ADDR[6]
  MEM_ADDR[7]
  MEM_ADDR[8]
  MEM_ADDR[9]
  MEM_STR_DATA[0]
  MEM_STR_DATA[10]
  MEM_STR_DATA[11]
  MEM_STR_DATA[12]
  MEM_STR_DATA[13]
  MEM_STR_DATA[14]
  MEM_STR_DATA[15]
  MEM_STR_DATA[1]
  MEM_STR_DATA[2]
  MEM_STR_DATA[3]
  MEM_STR_DATA[4]
  MEM_STR_DATA[5]
  MEM_STR_DATA[6]
  MEM_STR_DATA[7]
  MEM_STR_DATA[8]
  MEM_STR_DATA[9]
