Clock: CLK
Sources: CLK 
Generated: no
Virtual: yes
Propagated: no
Period: 26.000000

===========================================================================
report_clock_properties
============================================================================
Clock                   Period          Waveform
----------------------------------------------------
CLK                  26.000000    0.000000 13.000000

===========================================================================
report_clock_latency
============================================================================
Clock CLK
rise -> rise
    min     max
0.000000 0.000000 source latency
0.876002         network latency _5005_/CLK
        0.954174 network latency _4882_/CLK
---------------
0.876002 0.954174 latency
        0.078172 skew

fall -> fall
    min     max
0.000000 0.000000 source latency
0.890025         network latency _5005_/CLK
        0.946844 network latency _4882_/CLK
---------------
0.890025 0.946844 latency
        0.056819 skew



===========================================================================
report_clock_min_period
============================================================================
CLK period_min = 13.07 fmax = 76.53
