Clock: CLK
Sources: CLK 
Generated: no
Virtual: yes
Propagated: no
Period: 26.000000

===========================================================================
report_clock_properties
============================================================================
Clock                   Period          Waveform
----------------------------------------------------
CLK                  26.000000    0.000000 13.000000

===========================================================================
report_clock_latency
============================================================================
Clock CLK
rise -> rise
    min     max
0.000000 0.000000 source latency
0.513702         network latency _5219_/CLK
        0.568340 network latency _5021_/CLK
---------------
0.513702 0.568340 latency
        0.054637 skew

fall -> fall
    min     max
0.000000 0.000000 source latency
0.516336         network latency _5219_/CLK
        0.555168 network latency _5021_/CLK
---------------
0.516336 0.555168 latency
        0.038832 skew



===========================================================================
report_clock_min_period
============================================================================
CLK period_min = 6.80 fmax = 147.07
