Clock: CLK
Sources: CLK 
Generated: no
Virtual: yes
Propagated: no
Period: 25.000000

===========================================================================
report_clock_properties
============================================================================
Clock                   Period          Waveform
----------------------------------------------------
CLK                  25.000000    0.000000 12.500000

===========================================================================
report_clock_latency
============================================================================
Clock CLK
rise -> rise
    min     max
0.000000 0.000000 source latency
0.787795         network latency _5004_/CLK
        0.810780 network latency _5170_/CLK
---------------
0.787795 0.810780 latency
        0.022986 skew

fall -> fall
    min     max
0.000000 0.000000 source latency
0.669696         network latency _5004_/CLK
        0.686366 network latency _5170_/CLK
---------------
0.669696 0.686366 latency
        0.016669 skew



===========================================================================
report_clock_min_period
============================================================================
CLK period_min = 10.00 fmax = 100.00
