
===========================================================================
 report_power
============================================================================
======================= nom_tt_025C_1v80 Corner ===================================

Group                    Internal    Switching      Leakage        Total
                            Power        Power        Power        Power (Watts)
------------------------------------------------------------------------
Sequential           6.448746e-04 1.873069e-05 3.402940e-09 6.636087e-04  38.0%
Combinational        2.270291e-04 3.267755e-04 1.251303e-08 5.538171e-04  31.7%
Clock                2.727676e-04 2.550998e-04 1.707242e-08 5.278845e-04  30.2%
Macro                0.000000e+00 0.000000e+00 0.000000e+00 0.000000e+00   0.0%
Pad                  0.000000e+00 0.000000e+00 0.000000e+00 0.000000e+00   0.0%
------------------------------------------------------------------------
Total                1.144671e-03 6.006056e-04 3.298860e-08 1.745310e-03 100.0%
                            65.6%        34.4%         0.0%

