Reading timing models for corner nom_tt_025C_1v80…
Reading timing library for the 'nom_tt_025C_1v80' corner at '/root/.ciel/ciel/sky130/versions/8afc8346a57fe1ab7934ba5a6056ea8b43078e71/sky130A/libs.ref/sky130_fd_sc_hd/lib/sky130_fd_sc_hd__tt_025C_1v80.lib'…
Reading OpenROAD database at '/home/Ven/vscode/VRAI/runs/RUN_2026-07-24_14-16-50/18-openroad-cutrows/VRAI_SYNC_CORE.odb'…
Reading design constraints file at '/home/Ven/vscode/VRAI/vrai.sdc'…
[INFO] No information on clock propagation in input SDC file-- propagating all clocks.
+ tapcell -halo_width_x 10 -halo_width_y 10 -distance 13 -tapcell_master sky130_fd_sc_hd__tapvpwrvgnd_1 -endcap_master sky130_fd_sc_hd__decap_3
[INFO TAP-0004] Inserted 188 endcaps.
[INFO TAP-0005] Inserted 912 tapcells.
Setting global connections for newly added cells…
[INFO] Setting global connections...
[INFO ODB-0403] 2576 connections made, 0 conflicts skipped.
Updating metrics…
Cell type report:                       Count       Area
  Fill cell                               188     705.68
  Tap cell                                912    1141.09
  Inverter                                 76     285.27
  Sequential cell                         397    8444.35
  Multi-Input combinational cell         2372   24066.83
  Total                                  3945   34643.23
Writing OpenROAD database to '/home/Ven/vscode/VRAI/runs/RUN_2026-07-24_14-16-50/19-openroad-tapendcapinsertion/VRAI_SYNC_CORE.odb'…
Writing netlist to '/home/Ven/vscode/VRAI/runs/RUN_2026-07-24_14-16-50/19-openroad-tapendcapinsertion/VRAI_SYNC_CORE.nl.v'…
Writing powered netlist to '/home/Ven/vscode/VRAI/runs/RUN_2026-07-24_14-16-50/19-openroad-tapendcapinsertion/VRAI_SYNC_CORE.pnl.v'…
Writing layout to '/home/Ven/vscode/VRAI/runs/RUN_2026-07-24_14-16-50/19-openroad-tapendcapinsertion/VRAI_SYNC_CORE.def'…
Writing timing constraints to '/home/Ven/vscode/VRAI/runs/RUN_2026-07-24_14-16-50/19-openroad-tapendcapinsertion/VRAI_SYNC_CORE.sdc'…
