                                                                        Cells by Master                                                                         
┏━━━━━━━━━━━━━━━━━━━━━━━━━━━━━━━━━━━━━━━━━━━━━━━━━━━━━━━━━━━━━━━━━━━━━━━━━━━━━━━━━━━━━━━━━━━━━━━━━━━━━━━━━━━━━━━━━━━━━━━━━━━━━━━━━━━┳━━━━━━━━━━━━━━━━━━━━━━━━━━┓
┃ Cell                                                                                                                              ┃ Count                    ┃
┡━━━━━━━━━━━━━━━━━━━━━━━━━━━━━━━━━━━━━━━━━━━━━━━━━━━━━━━━━━━━━━━━━━━━━━━━━━━━━━━━━━━━━━━━━━━━━━━━━━━━━━━━━━━━━━━━━━━━━━━━━━━━━━━━━━━╇━━━━━━━━━━━━━━━━━━━━━━━━━━┩
│ sky130_fd_sc_hd__a2111o_2                                                                                                         │ 1                        │
│ sky130_fd_sc_hd__a2111oi_2                                                                                                        │ 1                        │
│ sky130_fd_sc_hd__a211o_2                                                                                                          │ 29                       │
│ sky130_fd_sc_hd__a211oi_2                                                                                                         │ 4                        │
│ sky130_fd_sc_hd__a21bo_2                                                                                                          │ 12                       │
│ sky130_fd_sc_hd__a21boi_2                                                                                                         │ 1                        │
│ sky130_fd_sc_hd__a21o_2                                                                                                           │ 44                       │
│ sky130_fd_sc_hd__a21oi_2                                                                                                          │ 66                       │
│ sky130_fd_sc_hd__a221o_2                                                                                                          │ 36                       │
│ sky130_fd_sc_hd__a221oi_2                                                                                                         │ 5                        │
│ sky130_fd_sc_hd__a22o_2                                                                                                           │ 340                      │
│ sky130_fd_sc_hd__a22oi_2                                                                                                          │ 6                        │
│ sky130_fd_sc_hd__a2bb2o_2                                                                                                         │ 6                        │
│ sky130_fd_sc_hd__a311o_2                                                                                                          │ 6                        │
│ sky130_fd_sc_hd__a311oi_2                                                                                                         │ 1                        │
│ sky130_fd_sc_hd__a31o_2                                                                                                           │ 37                       │
│ sky130_fd_sc_hd__a32o_2                                                                                                           │ 9                        │
│ sky130_fd_sc_hd__a41o_2                                                                                                           │ 3                        │
│ sky130_fd_sc_hd__and2_2                                                                                                           │ 90                       │
│ sky130_fd_sc_hd__and2b_2                                                                                                          │ 24                       │
│ sky130_fd_sc_hd__and3_2                                                                                                           │ 49                       │
│ sky130_fd_sc_hd__and3b_2                                                                                                          │ 10                       │
│ sky130_fd_sc_hd__and4_2                                                                                                           │ 6                        │
│ sky130_fd_sc_hd__and4b_2                                                                                                          │ 9                        │
│ sky130_fd_sc_hd__and4bb_2                                                                                                         │ 4                        │
│ sky130_fd_sc_hd__buf_1                                                                                                            │ 2                        │
│ sky130_fd_sc_hd__buf_2                                                                                                            │ 11                       │
│ sky130_fd_sc_hd__buf_4                                                                                                            │ 28                       │
│ sky130_fd_sc_hd__buf_6                                                                                                            │ 3                        │
│ sky130_fd_sc_hd__bufinv_16                                                                                                        │ 1                        │
│ sky130_fd_sc_hd__clkbuf_16                                                                                                        │ 9                        │
│ sky130_fd_sc_hd__clkbuf_2                                                                                                         │ 21                       │
│ sky130_fd_sc_hd__clkbuf_4                                                                                                         │ 17                       │
│ sky130_fd_sc_hd__clkbuf_8                                                                                                         │ 54                       │
│ sky130_fd_sc_hd__clkdlybuf4s25_1                                                                                                  │ 448                      │
│ sky130_fd_sc_hd__clkinv_2                                                                                                         │ 3                        │
│ sky130_fd_sc_hd__decap_3                                                                                                          │ 5091                     │
│ sky130_fd_sc_hd__dfxtp_2                                                                                                          │ 397                      │
│ sky130_fd_sc_hd__diode_2                                                                                                          │ 23                       │
│ sky130_fd_sc_hd__dlygate4sd3_1                                                                                                    │ 313                      │
│ sky130_fd_sc_hd__dlymetal6s4s_1                                                                                                   │ 4                        │
│ sky130_fd_sc_hd__fill_1                                                                                                           │ 960                      │
│ sky130_fd_sc_hd__fill_2                                                                                                           │ 740                      │
│ sky130_fd_sc_hd__inv_2                                                                                                            │ 76                       │
│ sky130_fd_sc_hd__inv_6                                                                                                            │ 1                        │
│ sky130_fd_sc_hd__mux2_1                                                                                                           │ 215                      │
│ sky130_fd_sc_hd__mux4_2                                                                                                           │ 192                      │
│ sky130_fd_sc_hd__nand2_2                                                                                                          │ 146                      │
│ sky130_fd_sc_hd__nand2b_2                                                                                                         │ 21                       │
│ sky130_fd_sc_hd__nand3_2                                                                                                          │ 2                        │
│ sky130_fd_sc_hd__nand3b_2                                                                                                         │ 2                        │
│ sky130_fd_sc_hd__nand4_2                                                                                                          │ 2                        │
│ sky130_fd_sc_hd__nor2_1                                                                                                           │ 1                        │
│ sky130_fd_sc_hd__nor2_2                                                                                                           │ 259                      │
│ sky130_fd_sc_hd__nor3_2                                                                                                           │ 10                       │
│ sky130_fd_sc_hd__nor3b_2                                                                                                          │ 1                        │
│ sky130_fd_sc_hd__nor4_2                                                                                                           │ 5                        │
│ sky130_fd_sc_hd__nor4_4                                                                                                           │ 1                        │
│ sky130_fd_sc_hd__o2111a_2                                                                                                         │ 3                        │
│ sky130_fd_sc_hd__o211a_2                                                                                                          │ 78                       │
│ sky130_fd_sc_hd__o211ai_2                                                                                                         │ 5                        │
│ sky130_fd_sc_hd__o21a_2                                                                                                           │ 95                       │
│ sky130_fd_sc_hd__o21ai_2                                                                                                          │ 55                       │
│ sky130_fd_sc_hd__o21ba_2                                                                                                          │ 10                       │
│ sky130_fd_sc_hd__o21bai_2                                                                                                         │ 5                        │
│ sky130_fd_sc_hd__o221a_2                                                                                                          │ 35                       │
│ sky130_fd_sc_hd__o221ai_2                                                                                                         │ 3                        │
│ sky130_fd_sc_hd__o22a_2                                                                                                           │ 53                       │
│ sky130_fd_sc_hd__o22ai_2                                                                                                          │ 1                        │
│ sky130_fd_sc_hd__o2bb2a_2                                                                                                         │ 21                       │
│ sky130_fd_sc_hd__o311a_2                                                                                                          │ 9                        │
│ sky130_fd_sc_hd__o311ai_2                                                                                                         │ 1                        │
│ sky130_fd_sc_hd__o31a_2                                                                                                           │ 15                       │
│ sky130_fd_sc_hd__o31ai_2                                                                                                          │ 3                        │
│ sky130_fd_sc_hd__o32a_2                                                                                                           │ 16                       │
│ sky130_fd_sc_hd__or2_2                                                                                                            │ 191                      │
│ sky130_fd_sc_hd__or3_2                                                                                                            │ 14                       │
│ sky130_fd_sc_hd__or3b_2                                                                                                           │ 21                       │
│ sky130_fd_sc_hd__or4_2                                                                                                            │ 13                       │
│ sky130_fd_sc_hd__or4b_2                                                                                                           │ 4                        │
│ sky130_fd_sc_hd__or4bb_2                                                                                                          │ 1                        │
│ sky130_fd_sc_hd__tapvpwrvgnd_1                                                                                                    │ 912                      │
│ sky130_fd_sc_hd__xnor2_2                                                                                                          │ 53                       │
│ sky130_fd_sc_hd__xor2_2                                                                                                           │ 11                       │
└───────────────────────────────────────────────────────────────────────────────────────────────────────────────────────────────────┴──────────────────────────┘
