                                                                       Cells by Function                                                                        
┏━━━━━━━━━━━━━━━━━━━━━━━━━━━━━━━━━━━━━━━━━━━━━━━━━━━━━━━━━━━━━━━━━━━━━━━━━━━━━━━━━━━━━━━━━━━━━━━━━━━━━━━━━━━━━━━━━━━━━━━━━━━━━━━━━┳━━━━━━━━━━━━━━━━━━━━━━━━━━━━┓
┃ Cell Function                                                                                                                   ┃ Count                      ┃
┡━━━━━━━━━━━━━━━━━━━━━━━━━━━━━━━━━━━━━━━━━━━━━━━━━━━━━━━━━━━━━━━━━━━━━━━━━━━━━━━━━━━━━━━━━━━━━━━━━━━━━━━━━━━━━━━━━━━━━━━━━━━━━━━━━╇━━━━━━━━━━━━━━━━━━━━━━━━━━━━┩
│ sky130_fd_sc_hd__a2111o                                                                                                         │ 1                          │
│ sky130_fd_sc_hd__a2111oi                                                                                                        │ 1                          │
│ sky130_fd_sc_hd__a211o                                                                                                          │ 29                         │
│ sky130_fd_sc_hd__a211oi                                                                                                         │ 4                          │
│ sky130_fd_sc_hd__a21bo                                                                                                          │ 12                         │
│ sky130_fd_sc_hd__a21boi                                                                                                         │ 1                          │
│ sky130_fd_sc_hd__a21o                                                                                                           │ 44                         │
│ sky130_fd_sc_hd__a21oi                                                                                                          │ 66                         │
│ sky130_fd_sc_hd__a221o                                                                                                          │ 36                         │
│ sky130_fd_sc_hd__a221oi                                                                                                         │ 5                          │
│ sky130_fd_sc_hd__a22o                                                                                                           │ 340                        │
│ sky130_fd_sc_hd__a22oi                                                                                                          │ 6                          │
│ sky130_fd_sc_hd__a2bb2o                                                                                                         │ 6                          │
│ sky130_fd_sc_hd__a311o                                                                                                          │ 6                          │
│ sky130_fd_sc_hd__a311oi                                                                                                         │ 1                          │
│ sky130_fd_sc_hd__a31o                                                                                                           │ 37                         │
│ sky130_fd_sc_hd__a32o                                                                                                           │ 9                          │
│ sky130_fd_sc_hd__a41o                                                                                                           │ 3                          │
│ sky130_fd_sc_hd__and2                                                                                                           │ 90                         │
│ sky130_fd_sc_hd__and2b                                                                                                          │ 24                         │
│ sky130_fd_sc_hd__and3                                                                                                           │ 49                         │
│ sky130_fd_sc_hd__and3b                                                                                                          │ 10                         │
│ sky130_fd_sc_hd__and4                                                                                                           │ 6                          │
│ sky130_fd_sc_hd__and4b                                                                                                          │ 9                          │
│ sky130_fd_sc_hd__and4bb                                                                                                         │ 4                          │
│ sky130_fd_sc_hd__buf                                                                                                            │ 44                         │
│ sky130_fd_sc_hd__bufinv                                                                                                         │ 1                          │
│ sky130_fd_sc_hd__clkbuf                                                                                                         │ 101                        │
│ sky130_fd_sc_hd__clkdlybuf4s25                                                                                                  │ 448                        │
│ sky130_fd_sc_hd__clkinv                                                                                                         │ 3                          │
│ sky130_fd_sc_hd__decap                                                                                                          │ 5091                       │
│ sky130_fd_sc_hd__dfxtp                                                                                                          │ 397                        │
│ sky130_fd_sc_hd__diode                                                                                                          │ 23                         │
│ sky130_fd_sc_hd__dlygate4sd3                                                                                                    │ 313                        │
│ sky130_fd_sc_hd__dlymetal6s4s                                                                                                   │ 4                          │
│ sky130_fd_sc_hd__fill                                                                                                           │ 1700                       │
│ sky130_fd_sc_hd__inv                                                                                                            │ 77                         │
│ sky130_fd_sc_hd__mux2                                                                                                           │ 215                        │
│ sky130_fd_sc_hd__mux4                                                                                                           │ 192                        │
│ sky130_fd_sc_hd__nand2                                                                                                          │ 146                        │
│ sky130_fd_sc_hd__nand2b                                                                                                         │ 21                         │
│ sky130_fd_sc_hd__nand3                                                                                                          │ 2                          │
│ sky130_fd_sc_hd__nand3b                                                                                                         │ 2                          │
│ sky130_fd_sc_hd__nand4                                                                                                          │ 2                          │
│ sky130_fd_sc_hd__nor2                                                                                                           │ 260                        │
│ sky130_fd_sc_hd__nor3                                                                                                           │ 10                         │
│ sky130_fd_sc_hd__nor3b                                                                                                          │ 1                          │
│ sky130_fd_sc_hd__nor4                                                                                                           │ 6                          │
│ sky130_fd_sc_hd__o2111a                                                                                                         │ 3                          │
│ sky130_fd_sc_hd__o211a                                                                                                          │ 78                         │
│ sky130_fd_sc_hd__o211ai                                                                                                         │ 5                          │
│ sky130_fd_sc_hd__o21a                                                                                                           │ 95                         │
│ sky130_fd_sc_hd__o21ai                                                                                                          │ 55                         │
│ sky130_fd_sc_hd__o21ba                                                                                                          │ 10                         │
│ sky130_fd_sc_hd__o21bai                                                                                                         │ 5                          │
│ sky130_fd_sc_hd__o221a                                                                                                          │ 35                         │
│ sky130_fd_sc_hd__o221ai                                                                                                         │ 3                          │
│ sky130_fd_sc_hd__o22a                                                                                                           │ 53                         │
│ sky130_fd_sc_hd__o22ai                                                                                                          │ 1                          │
│ sky130_fd_sc_hd__o2bb2a                                                                                                         │ 21                         │
│ sky130_fd_sc_hd__o311a                                                                                                          │ 9                          │
│ sky130_fd_sc_hd__o311ai                                                                                                         │ 1                          │
│ sky130_fd_sc_hd__o31a                                                                                                           │ 15                         │
│ sky130_fd_sc_hd__o31ai                                                                                                          │ 3                          │
│ sky130_fd_sc_hd__o32a                                                                                                           │ 16                         │
│ sky130_fd_sc_hd__or2                                                                                                            │ 191                        │
│ sky130_fd_sc_hd__or3                                                                                                            │ 14                         │
│ sky130_fd_sc_hd__or3b                                                                                                           │ 21                         │
│ sky130_fd_sc_hd__or4                                                                                                            │ 13                         │
│ sky130_fd_sc_hd__or4b                                                                                                           │ 4                          │
│ sky130_fd_sc_hd__or4bb                                                                                                          │ 1                          │
│ sky130_fd_sc_hd__tapvpwrvgnd                                                                                                    │ 912                        │
│ sky130_fd_sc_hd__xnor2                                                                                                          │ 53                         │
│ sky130_fd_sc_hd__xor2                                                                                                           │ 11                         │
└─────────────────────────────────────────────────────────────────────────────────────────────────────────────────────────────────┴────────────────────────────┘
