Reading timing models for corner max_ss_100C_1v60…
Reading timing library for the 'max_ss_100C_1v60' corner at '/root/.ciel/ciel/sky130/versions/8afc8346a57fe1ab7934ba5a6056ea8b43078e71/sky130A/libs.ref/sky130_fd_sc_hd/lib/sky130_fd_sc_hd__ss_100C_1v60.lib'…
Reading OpenROAD database at '/home/Ven/vscode/VRAI/runs/RUN_2026-07-30_11-10-01/43-openroad-repairantennas/1-openroad-diodeinsertion/VRAI_SYNC_CORE.odb'…
Reading design constraints file at '/home/Ven/vscode/VRAI/constraints/vrai_pnr.sdc'…
[INFO] No information on clock propagation in input SDC file-- propagating all clocks.
[INFO ORD-0030] Using 16 thread(s).
+ detailed_route -droute_end_iter 64 -or_seed 42 -verbose 1 -output_drc /home/Ven/vscode/VRAI/runs/RUN_2026-07-30_11-10-01/45-openroad-detailedrouting/drt-run-0/VRAI_SYNC_CORE.drc
[INFO DRT-0149] Reading tech and libs.
[WARNING DRT-0349] LEF58_ENCLOSURE with no CUTCLASS is not supported. Skipping for layer mcon
[WARNING DRT-0349] LEF58_ENCLOSURE with no CUTCLASS is not supported. Skipping for layer mcon
[WARNING DRT-0349] LEF58_ENCLOSURE with no CUTCLASS is not supported. Skipping for layer via
[WARNING DRT-0349] LEF58_ENCLOSURE with no CUTCLASS is not supported. Skipping for layer via
[WARNING DRT-0349] LEF58_ENCLOSURE with no CUTCLASS is not supported. Skipping for layer via2
[WARNING DRT-0349] LEF58_ENCLOSURE with no CUTCLASS is not supported. Skipping for layer via2
[WARNING DRT-0349] LEF58_ENCLOSURE with no CUTCLASS is not supported. Skipping for layer via3
[WARNING DRT-0349] LEF58_ENCLOSURE with no CUTCLASS is not supported. Skipping for layer via3
[WARNING DRT-0349] LEF58_ENCLOSURE with no CUTCLASS is not supported. Skipping for layer via4
[WARNING DRT-0349] LEF58_ENCLOSURE with no CUTCLASS is not supported. Skipping for layer via4

Units:                1000
Number of layers:     13
Number of macros:     445
Number of vias:       29
Number of viarulegen: 25

[INFO DRT-0150] Reading design.

Design:                   VRAI_SYNC_CORE
Die area:                 ( 0 0 ) ( 269360 280080 )
Number of track patterns: 12
Number of DEF vias:       0
Number of components:     4232
Number of terminals:      110
Number of snets:          2
Number of nets:           3148

[INFO DRT-0167] List of default vias:
  Layer via
    default via: M1M2_PR
  Layer via2
    default via: M2M3_PR
  Layer via3
    default via: M3M4_PR
  Layer via4
    default via: M4M5_PR
[INFO DRT-0162] Library cell analysis.
[INFO DRT-0163] Instance analysis.
[INFO DRT-0164] Number of unique instances = 251.
[INFO DRT-0168] Init region query.
[INFO DRT-0024]   Complete FR_MASTERSLICE.
[INFO DRT-0024]   Complete licon.
[INFO DRT-0024]   Complete li1.
[INFO DRT-0024]   Complete mcon.
[INFO DRT-0024]   Complete met1.
[INFO DRT-0024]   Complete via.
[INFO DRT-0024]   Complete met2.
[INFO DRT-0024]   Complete via2.
[INFO DRT-0024]   Complete met3.
[INFO DRT-0024]   Complete via3.
[INFO DRT-0024]   Complete met4.
[INFO DRT-0024]   Complete via4.
[INFO DRT-0024]   Complete met5.
[INFO DRT-0033] FR_MASTERSLICE shape region query size = 0.
[INFO DRT-0033] licon shape region query size = 0.
[INFO DRT-0033] li1 shape region query size = 111235.
[INFO DRT-0033] mcon shape region query size = 0.
[INFO DRT-0033] met1 shape region query size = 15432.
[INFO DRT-0033] via shape region query size = 950.
[INFO DRT-0033] met2 shape region query size = 629.
[INFO DRT-0033] via2 shape region query size = 760.
[INFO DRT-0033] met3 shape region query size = 619.
[INFO DRT-0033] via3 shape region query size = 760.
[INFO DRT-0033] met4 shape region query size = 206.
[INFO DRT-0033] via4 shape region query size = 8.
[INFO DRT-0033] met5 shape region query size = 16.
[INFO DRT-0165] Start pin access.
[INFO DRT-0076]   Complete 1000 pins.
[INFO DRT-0078]   Complete 1996 pins.
[INFO DRT-0079]   Complete 100 unique inst patterns.
[INFO DRT-0079]   Complete 200 unique inst patterns.
[INFO DRT-0081]   Complete 251 unique inst patterns.
[INFO DRT-0084]   Complete 2111 groups.
#scanned instances     = 4232
#unique  instances     = 251
#stdCellGenAp          = 7253
#stdCellValidPlanarAp  = 84
#stdCellValidViaAp     = 5665
#stdCellPinNoAp        = 0
#stdCellPinCnt         = 12160
#instTermValidViaApCnt = 0
#macroGenAp            = 0
#macroValidPlanarAp    = 0
#macroValidViaAp       = 0
#macroNoAp             = 0
[INFO DRT-0166] Complete pin access.
[INFO DRT-0267] cpu time = 00:03:16, elapsed time = 00:00:13, memory = 158.23 (MB), peak = 156.91 (MB)

[INFO DRT-0157] Number of guides:     29473

[INFO DRT-0169] Post process guides.
[INFO DRT-0176] GCELLGRID X 0 DO 39 STEP 6900 ;
[INFO DRT-0177] GCELLGRID Y 0 DO 40 STEP 6900 ;
[INFO DRT-0028]   Complete FR_MASTERSLICE.
[INFO DRT-0028]   Complete licon.
[INFO DRT-0028]   Complete li1.
[INFO DRT-0028]   Complete mcon.
[INFO DRT-0028]   Complete met1.
[INFO DRT-0028]   Complete via.
[INFO DRT-0028]   Complete met2.
[INFO DRT-0028]   Complete via2.
[INFO DRT-0028]   Complete met3.
[INFO DRT-0028]   Complete via3.
[INFO DRT-0028]   Complete met4.
[INFO DRT-0028]   Complete via4.
[INFO DRT-0028]   Complete met5.
[INFO DRT-0178] Init guide query.
[INFO DRT-0035]   Complete FR_MASTERSLICE (guide).
[INFO DRT-0035]   Complete licon (guide).
[INFO DRT-0035]   Complete li1 (guide).
[INFO DRT-0035]   Complete mcon (guide).
[INFO DRT-0035]   Complete met1 (guide).
[INFO DRT-0035]   Complete via (guide).
[INFO DRT-0035]   Complete met2 (guide).
[INFO DRT-0035]   Complete via2 (guide).
[INFO DRT-0035]   Complete met3 (guide).
[INFO DRT-0035]   Complete via3 (guide).
[INFO DRT-0035]   Complete met4 (guide).
[INFO DRT-0035]   Complete via4 (guide).
[INFO DRT-0035]   Complete met5 (guide).
[INFO DRT-0036] FR_MASTERSLICE guide region query size = 0.
[INFO DRT-0036] licon guide region query size = 0.
[INFO DRT-0036] li1 guide region query size = 9765.
[INFO DRT-0036] mcon guide region query size = 0.
[INFO DRT-0036] met1 guide region query size = 8952.
[INFO DRT-0036] via guide region query size = 0.
[INFO DRT-0036] met2 guide region query size = 5085.
[INFO DRT-0036] via2 guide region query size = 0.
[INFO DRT-0036] met3 guide region query size = 630.
[INFO DRT-0036] via3 guide region query size = 0.
[INFO DRT-0036] met4 guide region query size = 157.
[INFO DRT-0036] via4 guide region query size = 0.
[INFO DRT-0036] met5 guide region query size = 6.
[INFO DRT-0179] Init gr pin query.
[INFO DRT-0267] cpu time = 00:00:00, elapsed time = 00:00:00, memory = 168.00 (MB), peak = 166.92 (MB)
[INFO DRT-0245] skipped writing guide updates to database.
[INFO DRT-0185] Post process initialize RPin region query.
[INFO DRT-0181] Start track assignment.
[INFO DRT-0184] Done with 15007 vertical wires in 1 frboxes and 9588 horizontal wires in 1 frboxes.
[INFO DRT-0186] Done with 1726 vertical wires in 1 frboxes and 2787 horizontal wires in 1 frboxes.
[INFO DRT-0182] Complete track assignment.
[INFO DRT-0267] cpu time = 00:00:07, elapsed time = 00:00:01, memory = 200.16 (MB), peak = 199.04 (MB)
[INFO DRT-0187] Start routing data preparation.
[INFO DRT-0267] cpu time = 00:00:00, elapsed time = 00:00:00, memory = 203.43 (MB), peak = 202.29 (MB)
[INFO DRT-0194] Start detail routing.
[INFO DRT-0195] Start 0th optimization iteration.
    Completing 10% with 0 violations.
    elapsed time = 00:00:01, memory = 418.86 (MB).
    Completing 20% with 0 violations.
    elapsed time = 00:00:02, memory = 348.75 (MB).
    Completing 30% with 274 violations.
    elapsed time = 00:00:05, memory = 502.62 (MB).
    Completing 40% with 274 violations.
    elapsed time = 00:00:07, memory = 528.10 (MB).
    Completing 50% with 274 violations.
    elapsed time = 00:00:08, memory = 454.84 (MB).
    Completing 60% with 523 violations.
    elapsed time = 00:00:09, memory = 614.90 (MB).
    Completing 70% with 523 violations.
    elapsed time = 00:00:11, memory = 632.12 (MB).
    Completing 80% with 805 violations.
    elapsed time = 00:00:13, memory = 724.73 (MB).
    Completing 90% with 805 violations.
    elapsed time = 00:00:15, memory = 745.66 (MB).
    Completing 100% with 1042 violations.
    elapsed time = 00:00:16, memory = 715.30 (MB).
[INFO DRT-0199]   Number of violations = 1306.
Viol/Layer         li1   met1   met2   met3
Metal Spacing        0    254     38      1
Min Hole             0      1      0      0
Recheck              1    196     66      1
Short                0    686     62      0
[INFO DRT-0267] cpu time = 00:01:25, elapsed time = 00:00:16, memory = 1029.59 (MB), peak = 1028.19 (MB)
Total wire length = 133860 um.
Total wire length on LAYER li1 = 0 um.
Total wire length on LAYER met1 = 52523 um.
Total wire length on LAYER met2 = 59669 um.
Total wire length on LAYER met3 = 14006 um.
Total wire length on LAYER met4 = 7499 um.
Total wire length on LAYER met5 = 161 um.
Total number of vias = 27428.
Up-via summary (total 27428):

------------------------
 FR_MASTERSLICE        0
            li1    12107
           met1    14098
           met2      939
           met3      272
           met4       12
------------------------
               27428


[INFO DRT-0195] Start 1st optimization iteration.
    Completing 10% with 1306 violations.
    elapsed time = 00:00:00, memory = 1103.25 (MB).
    Completing 20% with 1306 violations.
    elapsed time = 00:00:02, memory = 1115.77 (MB).
    Completing 30% with 1142 violations.
    elapsed time = 00:00:04, memory = 1153.27 (MB).
    Completing 40% with 1142 violations.
    elapsed time = 00:00:05, memory = 1165.97 (MB).
    Completing 50% with 1142 violations.
    elapsed time = 00:00:06, memory = 1165.97 (MB).
    Completing 60% with 969 violations.
    elapsed time = 00:00:07, memory = 1243.06 (MB).
    Completing 70% with 969 violations.
    elapsed time = 00:00:09, memory = 1218.21 (MB).
    Completing 80% with 759 violations.
    elapsed time = 00:00:11, memory = 1217.98 (MB).
    Completing 90% with 759 violations.
    elapsed time = 00:00:12, memory = 1218.23 (MB).
    Completing 100% with 562 violations.
    elapsed time = 00:00:14, memory = 1186.84 (MB).
[INFO DRT-0199]   Number of violations = 562.
Viol/Layer        met1   met2   met3   met4
Metal Spacing      113     19      0      1
Short              402     26      1      0
[INFO DRT-0267] cpu time = 00:01:21, elapsed time = 00:00:14, memory = 1189.84 (MB), peak = 1247.75 (MB)
Total wire length = 132901 um.
Total wire length on LAYER li1 = 0 um.
Total wire length on LAYER met1 = 51915 um.
Total wire length on LAYER met2 = 59344 um.
Total wire length on LAYER met3 = 14006 um.
Total wire length on LAYER met4 = 7472 um.
Total wire length on LAYER met5 = 162 um.
Total number of vias = 27188.
Up-via summary (total 27188):

------------------------
 FR_MASTERSLICE        0
            li1    12117
           met1    13838
           met2      955
           met3      266
           met4       12
------------------------
               27188


[INFO DRT-0195] Start 2nd optimization iteration.
    Completing 10% with 562 violations.
    elapsed time = 00:00:00, memory = 1189.84 (MB).
    Completing 20% with 562 violations.
    elapsed time = 00:00:00, memory = 1197.93 (MB).
    Completing 30% with 562 violations.
    elapsed time = 00:00:02, memory = 1201.07 (MB).
    Completing 40% with 554 violations.
    elapsed time = 00:00:02, memory = 1213.12 (MB).
    Completing 50% with 554 violations.
    elapsed time = 00:00:05, memory = 1220.61 (MB).
    Completing 60% with 533 violations.
    elapsed time = 00:00:07, memory = 1222.62 (MB).
    Completing 70% with 533 violations.
    elapsed time = 00:00:09, memory = 1242.42 (MB).
    Completing 80% with 533 violations.
    elapsed time = 00:00:11, memory = 1249.27 (MB).
    Completing 90% with 569 violations.
    elapsed time = 00:00:13, memory = 1333.02 (MB).
    Completing 100% with 570 violations.
    elapsed time = 00:00:15, memory = 1306.22 (MB).
[INFO DRT-0199]   Number of violations = 570.
Viol/Layer        mcon   met1   met2   met4
Cut Spacing          2      0      0      0
Metal Spacing        0    108     25      1
Short                0    405     29      0
[INFO DRT-0267] cpu time = 00:01:22, elapsed time = 00:00:15, memory = 1306.22 (MB), peak = 1337.21 (MB)
Total wire length = 132851 um.
Total wire length on LAYER li1 = 0 um.
Total wire length on LAYER met1 = 52103 um.
Total wire length on LAYER met2 = 59157 um.
Total wire length on LAYER met3 = 13933 um.
Total wire length on LAYER met4 = 7502 um.
Total wire length on LAYER met5 = 153 um.
Total number of vias = 27172.
Up-via summary (total 27172):

------------------------
 FR_MASTERSLICE        0
            li1    12123
           met1    13849
           met2      917
           met3      271
           met4       12
------------------------
               27172


[INFO DRT-0195] Start 3rd optimization iteration.
    Completing 10% with 570 violations.
    elapsed time = 00:00:00, memory = 1330.20 (MB).
    Completing 20% with 570 violations.
    elapsed time = 00:00:01, memory = 1330.20 (MB).
    Completing 30% with 437 violations.
    elapsed time = 00:00:03, memory = 1330.20 (MB).
    Completing 40% with 437 violations.
    elapsed time = 00:00:03, memory = 1330.20 (MB).
    Completing 50% with 437 violations.
    elapsed time = 00:00:05, memory = 1336.04 (MB).
    Completing 60% with 311 violations.
    elapsed time = 00:00:06, memory = 1336.60 (MB).
    Completing 70% with 311 violations.
    elapsed time = 00:00:07, memory = 1338.60 (MB).
    Completing 80% with 190 violations.
    elapsed time = 00:00:09, memory = 1344.92 (MB).
    Completing 90% with 190 violations.
    elapsed time = 00:00:10, memory = 1369.11 (MB).
    Completing 100% with 46 violations.
    elapsed time = 00:00:12, memory = 1359.11 (MB).
[INFO DRT-0199]   Number of violations = 46.
Viol/Layer        met1   met2
Metal Spacing       13      3
Short               27      3
[INFO DRT-0267] cpu time = 00:00:48, elapsed time = 00:00:12, memory = 1359.11 (MB), peak = 1372.46 (MB)
Total wire length = 132746 um.
Total wire length on LAYER li1 = 0 um.
Total wire length on LAYER met1 = 50039 um.
Total wire length on LAYER met2 = 59159 um.
Total wire length on LAYER met3 = 15820 um.
Total wire length on LAYER met4 = 7572 um.
Total wire length on LAYER met5 = 153 um.
Total number of vias = 27579.
Up-via summary (total 27579):

------------------------
 FR_MASTERSLICE        0
            li1    12124
           met1    13950
           met2     1210
           met3      283
           met4       12
------------------------
               27579


[INFO DRT-0195] Start 4th guides tiles iteration.
    Completing 10% with 46 violations.
    elapsed time = 00:00:00, memory = 1359.11 (MB).
    Completing 20% with 46 violations.
    elapsed time = 00:00:00, memory = 1359.11 (MB).
    Completing 30% with 46 violations.
    elapsed time = 00:00:00, memory = 1359.11 (MB).
    Completing 40% with 46 violations.
    elapsed time = 00:00:00, memory = 1359.11 (MB).
    Completing 50% with 46 violations.
    elapsed time = 00:00:00, memory = 1359.11 (MB).
    Completing 60% with 10 violations.
    elapsed time = 00:00:00, memory = 1359.11 (MB).
    Completing 70% with 10 violations.
    elapsed time = 00:00:00, memory = 1359.11 (MB).
    Completing 80% with 10 violations.
    elapsed time = 00:00:00, memory = 1359.11 (MB).
    Completing 90% with 10 violations.
    elapsed time = 00:00:00, memory = 1359.11 (MB).
    Completing 100% with 2 violations.
    elapsed time = 00:00:02, memory = 1359.11 (MB).
[INFO DRT-0199]   Number of violations = 2.
Viol/Layer        met1
Short                2
[INFO DRT-0267] cpu time = 00:00:10, elapsed time = 00:00:02, memory = 1359.11 (MB), peak = 1372.46 (MB)
Total wire length = 132750 um.
Total wire length on LAYER li1 = 0 um.
Total wire length on LAYER met1 = 49853 um.
Total wire length on LAYER met2 = 59168 um.
Total wire length on LAYER met3 = 16005 um.
Total wire length on LAYER met4 = 7570 um.
Total wire length on LAYER met5 = 153 um.
Total number of vias = 27588.
Up-via summary (total 27588):

------------------------
 FR_MASTERSLICE        0
            li1    12125
           met1    13942
           met2     1226
           met3      283
           met4       12
------------------------
               27588


[INFO DRT-0195] Start 5th guides tiles iteration.
    Completing 50% with 2 violations.
    elapsed time = 00:00:00, memory = 1359.11 (MB).
    Completing 100% with 0 violations.
    elapsed time = 00:00:00, memory = 1359.11 (MB).
[INFO DRT-0199]   Number of violations = 0.
[INFO DRT-0267] cpu time = 00:00:02, elapsed time = 00:00:00, memory = 1359.11 (MB), peak = 1372.46 (MB)
Total wire length = 132751 um.
Total wire length on LAYER li1 = 0 um.
Total wire length on LAYER met1 = 49852 um.
Total wire length on LAYER met2 = 59169 um.
Total wire length on LAYER met3 = 16005 um.
Total wire length on LAYER met4 = 7570 um.
Total wire length on LAYER met5 = 153 um.
Total number of vias = 27588.
Up-via summary (total 27588):

------------------------
 FR_MASTERSLICE        0
            li1    12125
           met1    13942
           met2     1226
           met3      283
           met4       12
------------------------
               27588


[INFO DRT-0198] Complete detail routing.
Total wire length = 132751 um.
Total wire length on LAYER li1 = 0 um.
Total wire length on LAYER met1 = 49852 um.
Total wire length on LAYER met2 = 59169 um.
Total wire length on LAYER met3 = 16005 um.
Total wire length on LAYER met4 = 7570 um.
Total wire length on LAYER met5 = 153 um.
Total number of vias = 27588.
Up-via summary (total 27588):

------------------------
 FR_MASTERSLICE        0
            li1    12125
           met1    13942
           met2     1226
           met3      283
           met4       12
------------------------
               27588


[INFO DRT-0267] cpu time = 00:05:11, elapsed time = 00:01:01, memory = 1359.23 (MB), peak = 1372.46 (MB)

[INFO DRT-0180] Post processing.
+ check_antennas 
[INFO ANT-0002] Found 0 net violations.
[INFO ANT-0001] Found 0 pin violations.
Setting global connections for newly added cells…
[INFO] Setting global connections...
[INFO ODB-0403] 0 connections made, 0 conflicts skipped.
Updating metrics…
Cell type report:                       Count       Area
  Fill cell                               188     705.68
  Tap cell                                912    1141.09
  Clock buffer                             65     875.84
  Timing Repair Buffer                    185    2103.27
  Inverter                                 67     256.50
  Clock inverter                           16     223.96
  Sequential cell                         416    8863.50
  Multi-Input combinational cell         2383   24484.73
  Total                                  4232   38654.57
Writing OpenROAD database to '/home/Ven/vscode/VRAI/runs/RUN_2026-07-30_11-10-01/45-openroad-detailedrouting/VRAI_SYNC_CORE.odb'…
Writing netlist to '/home/Ven/vscode/VRAI/runs/RUN_2026-07-30_11-10-01/45-openroad-detailedrouting/VRAI_SYNC_CORE.nl.v'…
Writing powered netlist to '/home/Ven/vscode/VRAI/runs/RUN_2026-07-30_11-10-01/45-openroad-detailedrouting/VRAI_SYNC_CORE.pnl.v'…
Writing layout to '/home/Ven/vscode/VRAI/runs/RUN_2026-07-30_11-10-01/45-openroad-detailedrouting/VRAI_SYNC_CORE.def'…
Writing timing constraints to '/home/Ven/vscode/VRAI/runs/RUN_2026-07-30_11-10-01/45-openroad-detailedrouting/VRAI_SYNC_CORE.sdc'…
