
===========================================================================
Violator List
============================================================================
[setup reg-out] _5125_/Q -> DEVICES_STRH : -2.647939
[setup reg-out] _5125_/Q -> DEVICES_LDW : -2.647838
[setup reg-out] _5125_/Q -> DEVICES_LDH : -2.640949
[setup reg-out] _5125_/Q -> DEVICES_STRW : -2.614991
[setup reg-out] _5125_/Q -> MEM_ADDR[15] : -2.512328
[setup reg-out] _5125_/Q -> MAIN_LDH : -2.230273
[setup reg-out] _5125_/Q -> MAIN_STRH : -2.220640
[setup reg-out] _5125_/Q -> MAIN_STRW : -2.188969
[setup reg-out] _5125_/Q -> MAIN_LDW : -2.182009
[setup reg-out] _5125_/Q -> MEM_ADDR[14] : -1.813769
[setup reg-out] _5125_/Q -> MEM_ADDR[11] : -1.300384
[setup reg-out] _5125_/Q -> MEM_ADDR[13] : -1.295613
[setup reg-out] _5125_/Q -> MEM_ADDR[12] : -0.965837
[setup reg-out] _5125_/Q -> MEM_ADDR[10] : -0.835945
[setup reg-out] _5125_/Q -> MEM_ADDR[9] : -0.647644
[setup reg-out] _5125_/Q -> MEM_ADDR[8] : -0.431475
[setup reg-out] _5125_/Q -> MEM_ADDR[7] : -0.052587
