Clock: CLK
Sources: CLK 
Generated: no
Virtual: yes
Propagated: no
Period: 26.000000

===========================================================================
report_clock_properties
============================================================================
Clock                   Period          Waveform
----------------------------------------------------
CLK                  26.000000    0.000000 13.000000

===========================================================================
report_clock_latency
============================================================================
Clock CLK
rise -> rise
    min     max
0.000000 0.000000 source latency
0.468934         network latency _5219_/CLK
        0.493403 network latency _5057_/CLK
---------------
0.468934 0.493403 latency
        0.024470 skew

fall -> fall
    min     max
0.000000 0.000000 source latency
0.482045         network latency _5219_/CLK
        0.499293 network latency _5057_/CLK
---------------
0.482045 0.499293 latency
        0.017248 skew



===========================================================================
report_clock_min_period
============================================================================
CLK period_min = 6.31 fmax = 158.43
