
===========================================================================
report_checks -unconstrained
===========================================================================
======================= min_tt_025C_1v80 Corner ===================================

Startpoint: _5127_ (rising edge-triggered flip-flop clocked by CLK)
Endpoint: DEVICES_STRW (output port clocked by CLK)
Path Group: CLK
Path Type: max

Fanout         Cap        Slew       Delay        Time   Description
---------------------------------------------------------------------------------------------
                                  0.000000    0.000000   clock CLK (rise edge)
                                  0.000000    0.000000   clock source latency
     1    0.041880    0.000000    0.000000    0.000000 ^ CLK (in)
                                                         CLK (net)
                      0.003303    0.001652    0.001652 ^ clkbuf_0_CLK/A (sky130_fd_sc_hd__clkbuf_16)
     4    0.068820    0.086149    0.148119    0.149770 ^ clkbuf_0_CLK/X (sky130_fd_sc_hd__clkbuf_16)
                                                         clknet_0_CLK (net)
                      0.086229    0.001504    0.151275 ^ clkbuf_2_2__f_CLK/A (sky130_fd_sc_hd__clkbuf_16)
    11    0.098406    0.114341    0.200113    0.351388 ^ clkbuf_2_2__f_CLK/X (sky130_fd_sc_hd__clkbuf_16)
                                                         clknet_2_2__leaf_CLK (net)
                      0.114373    0.001865    0.353253 ^ clkbuf_leaf_9_CLK/A (sky130_fd_sc_hd__clkbuf_8)
    11    0.031816    0.069210    0.172398    0.525651 ^ clkbuf_leaf_9_CLK/X (sky130_fd_sc_hd__clkbuf_8)
                                                         clknet_leaf_9_CLK (net)
                      0.069212    0.000490    0.526142 ^ _5127_/CLK (sky130_fd_sc_hd__dfxtp_4)
    18    0.145025    0.404290    0.608379    1.134520 ^ _5127_/Q (sky130_fd_sc_hd__dfxtp_4)
                                                         _0008_ (net)
                      0.404476    0.003006    1.137526 ^ max_cap165/A (sky130_fd_sc_hd__buf_12)
    24    0.201890    0.233952    0.299786    1.437312 ^ max_cap165/X (sky130_fd_sc_hd__buf_12)
                                                         net165 (net)
                      0.234440    0.008911    1.446223 ^ max_cap164/A (sky130_fd_sc_hd__buf_12)
    24    0.201935    0.233065    0.281382    1.727604 ^ max_cap164/X (sky130_fd_sc_hd__buf_12)
                                                         net164 (net)
                      0.234956    0.016981    1.744586 ^ _2578_/S0 (sky130_fd_sc_hd__mux4_2)
     1    0.003219    0.080847    0.528520    2.273105 v _2578_/X (sky130_fd_sc_hd__mux4_2)
                                                         _0508_ (net)
                      0.080847    0.000053    2.273159 v _2579_/B (sky130_fd_sc_hd__or2_2)
     2    0.007390    0.067199    0.302331    2.575490 v _2579_/X (sky130_fd_sc_hd__or2_2)
                                                         _0509_ (net)
                      0.067199    0.000042    2.575532 v _2586_/A1 (sky130_fd_sc_hd__a22o_2)
     8    0.054074    0.150092    0.360638    2.936170 v _2586_/X (sky130_fd_sc_hd__a22o_2)
                                                         _0516_ (net)
                      0.150093    0.000782    2.936951 v _2587_/B (sky130_fd_sc_hd__and2_2)
     4    0.014408    0.061786    0.267524    3.204476 v _2587_/X (sky130_fd_sc_hd__and2_2)
                                                         _0517_ (net)
                      0.061786    0.000067    3.204542 v _2589_/A (sky130_fd_sc_hd__nor2_2)
     9    0.048685    0.525155    0.438251    3.642793 ^ _2589_/Y (sky130_fd_sc_hd__nor2_2)
                                                         _0519_ (net)
                      0.525159    0.001241    3.644035 ^ _2615_/A1 (sky130_fd_sc_hd__a21o_2)
     2    0.015382    0.089734    0.251732    3.895767 ^ _2615_/X (sky130_fd_sc_hd__a21o_2)
                                                         _0545_ (net)
                      0.089734    0.000178    3.895945 ^ _2621_/A1 (sky130_fd_sc_hd__a21bo_2)
     3    0.021362    0.123242    0.198921    4.094866 ^ _2621_/X (sky130_fd_sc_hd__a21bo_2)
                                                         _0551_ (net)
                      0.123243    0.000564    4.095431 ^ _2626_/A2 (sky130_fd_sc_hd__a31o_2)
     3    0.019595    0.124578    0.232621    4.328052 ^ _2626_/X (sky130_fd_sc_hd__a31o_2)
                                                         _0556_ (net)
                      0.124578    0.000487    4.328538 ^ _2631_/A1 (sky130_fd_sc_hd__a31o_2)
     4    0.038206    0.221438    0.299628    4.628167 ^ _2631_/X (sky130_fd_sc_hd__a31o_2)
                                                         _0561_ (net)
                      0.221438    0.000748    4.628915 ^ _2684_/D_N (sky130_fd_sc_hd__or4b_2)
     3    0.014089    0.143044    0.678239    5.307154 v _2684_/X (sky130_fd_sc_hd__or4b_2)
                                                         _0614_ (net)
                      0.143044    0.000414    5.307568 v _2690_/A1 (sky130_fd_sc_hd__a21o_2)
     4    0.014385    0.060807    0.256682    5.564250 v _2690_/X (sky130_fd_sc_hd__a21o_2)
                                                         _0620_ (net)
                      0.060808    0.000290    5.564539 v _2694_/A3 (sky130_fd_sc_hd__a311o_2)
     4    0.015936    0.087520    0.435360    5.999899 v _2694_/X (sky130_fd_sc_hd__a311o_2)
                                                         _0624_ (net)
                      0.087520    0.000228    6.000128 v _2696_/A2 (sky130_fd_sc_hd__a21bo_2)
     5    0.017821    0.068816    0.267329    6.267457 v _2696_/X (sky130_fd_sc_hd__a21bo_2)
                                                         _0626_ (net)
                      0.068818    0.000508    6.267965 v _2704_/C (sky130_fd_sc_hd__and3_2)
     2    0.016873    0.069057    0.256382    6.524347 v _2704_/X (sky130_fd_sc_hd__and3_2)
                                                         _0628_ (net)
                      0.069057    0.000247    6.524594 v _2705_/B (sky130_fd_sc_hd__and2_2)
     1    0.002850    0.036473    0.193304    6.717898 v _2705_/X (sky130_fd_sc_hd__and2_2)
                                                         net53 (net)
                      0.036473    0.000031    6.717929 v output53/A (sky130_fd_sc_hd__clkdlybuf4s25_1)
     1    0.051713    0.379707    0.502568    7.220498 v output53/X (sky130_fd_sc_hd__clkdlybuf4s25_1)
                                                         DEVICES_STRW (net)
                      0.379707    0.000861    7.221359 v DEVICES_STRW (out)
                                              7.221359   data arrival time

                                 26.000000   26.000000   clock CLK (rise edge)
                                  0.000000   26.000000   clock network delay (propagated)
                                  0.000000   26.000000   clock reconvergence pessimism
                                 -5.000000   20.999998   output external delay
                                             20.999998   data required time
---------------------------------------------------------------------------------------------
                                             20.999998   data required time
                                             -7.221359   data arrival time
---------------------------------------------------------------------------------------------
                                             13.778640   slack (MET)




===========================================================================
report_checks --slack_max -0.01
============================================================================
======================= min_tt_025C_1v80 Corner ===================================

No paths found.


===========================================================================
 report_check_types -max_slew -max_cap -max_fanout -violators
============================================================================
======================= min_tt_025C_1v80 Corner ===================================



===========================================================================
report_parasitic_annotation -report_unannotated
============================================================================
Found 38 unannotated drivers.
 clkload0/X
 clkload1/Y
 clkload10/X
 clkload11/X
 clkload12/X
 clkload13/X
 clkload14/Y
 clkload15/Y
 clkload16/Y
 clkload17/Y
 clkload18/Y
 clkload19/Y
 clkload2/Y
 clkload20/X
 clkload21/Y
 clkload22/Y
 clkload23/Y
 clkload24/Y
 clkload25/Y
 clkload26/X
 clkload27/X
 clkload28/X
 clkload29/Y
 clkload3/Y
 clkload30/Y
 clkload31/X
 clkload32/X
 clkload33/X
 clkload34/X
 clkload35/X
 clkload36/X
 clkload37/Y
 clkload4/X
 clkload5/X
 clkload6/X
 clkload7/X
 clkload8/X
 clkload9/X
Found 0 partially unannotated drivers.

===========================================================================
max slew violation count 0
max fanout violation count 0
max cap violation count 0
============================================================================

===========================================================================
check_setup -verbose -unconstrained_endpoints -multiple_clock -no_clock -no_input_delay -loops -generated_clocks
===========================================================================
