Clock: CLK
Sources: CLK 
Generated: no
Virtual: yes
Propagated: no
Period: 26.000000

===========================================================================
report_clock_properties
============================================================================
Clock                   Period          Waveform
----------------------------------------------------
CLK                  26.000000    0.000000 13.000000

===========================================================================
report_clock_latency
============================================================================
Clock CLK
rise -> rise
    min     max
0.000000 0.000000 source latency
0.505985         network latency _5254_/CLK
        0.551610 network latency _5057_/CLK
---------------
0.505985 0.551610 latency
        0.045625 skew

fall -> fall
    min     max
0.000000 0.000000 source latency
0.509936         network latency _5254_/CLK
        0.542637 network latency _5057_/CLK
---------------
0.509936 0.542637 latency
        0.032701 skew



===========================================================================
report_clock_min_period
============================================================================
CLK period_min = 6.61 fmax = 151.34
