
===========================================================================
report_checks -unconstrained
===========================================================================
======================= max_ff_n40C_1v95 Corner ===================================

Startpoint: _5127_ (rising edge-triggered flip-flop clocked by CLK)
Endpoint: DEVICES_STRW (output port clocked by CLK)
Path Group: CLK
Path Type: max

Fanout         Cap        Slew       Delay        Time   Description
---------------------------------------------------------------------------------------------
                                  0.000000    0.000000   clock CLK (rise edge)
                                  0.000000    0.000000   clock source latency
     1    0.051616    0.000000    0.000000    0.000000 ^ CLK (in)
                                                         CLK (net)
                      0.004064    0.002032    0.002032 ^ clkbuf_0_CLK/A (sky130_fd_sc_hd__clkbuf_16)
     4    0.077657    0.072426    0.107436    0.109467 ^ clkbuf_0_CLK/X (sky130_fd_sc_hd__clkbuf_16)
                                                         clknet_0_CLK (net)
                      0.073400    0.006635    0.116103 ^ clkbuf_2_2__f_CLK/A (sky130_fd_sc_hd__clkbuf_16)
    12    0.114990    0.100374    0.147119    0.263222 ^ clkbuf_2_2__f_CLK/X (sky130_fd_sc_hd__clkbuf_16)
                                                         clknet_2_2__leaf_CLK (net)
                      0.100997    0.006360    0.269582 ^ clkbuf_leaf_8_CLK/A (sky130_fd_sc_hd__clkbuf_8)
    11    0.035430    0.056272    0.120861    0.390443 ^ clkbuf_leaf_8_CLK/X (sky130_fd_sc_hd__clkbuf_8)
                                                         clknet_leaf_8_CLK (net)
                      0.056525    0.002708    0.393151 ^ _5127_/CLK (sky130_fd_sc_hd__dfxtp_4)
    18    0.160321    0.339164    0.417371    0.810522 ^ _5127_/Q (sky130_fd_sc_hd__dfxtp_4)
                                                         _0008_ (net)
                      0.339582    0.010157    0.820679 ^ max_cap179/A (sky130_fd_sc_hd__buf_12)
    24    0.220339    0.191220    0.163062    0.983740 ^ max_cap179/X (sky130_fd_sc_hd__buf_12)
                                                         net179 (net)
                      0.204332    0.038114    1.021854 ^ max_cap178/A (sky130_fd_sc_hd__buf_12)
    24    0.223660    0.192867    0.169455    1.191310 ^ max_cap178/X (sky130_fd_sc_hd__buf_12)
                                                         net178 (net)
                      0.229068    0.064005    1.255314 ^ _2578_/S0 (sky130_fd_sc_hd__mux4_2)
     1    0.004420    0.061607    0.309908    1.565222 v _2578_/X (sky130_fd_sc_hd__mux4_2)
                                                         _0508_ (net)
                      0.061607    0.000385    1.565607 v _2579_/B (sky130_fd_sc_hd__or2_2)
     2    0.007677    0.046292    0.179875    1.745482 v _2579_/X (sky130_fd_sc_hd__or2_2)
                                                         _0509_ (net)
                      0.046292    0.000333    1.745815 v _2586_/A1 (sky130_fd_sc_hd__a22o_2)
     8    0.061699    0.116383    0.211639    1.957453 v _2586_/X (sky130_fd_sc_hd__a22o_2)
                                                         _0516_ (net)
                      0.116622    0.004391    1.961844 v _2587_/B (sky130_fd_sc_hd__and2_2)
     4    0.014793    0.046272    0.175308    2.137152 v _2587_/X (sky130_fd_sc_hd__and2_2)
                                                         _0517_ (net)
                      0.046298    0.000499    2.137651 v _2589_/A (sky130_fd_sc_hd__nor2_2)
     9    0.052535    0.405526    0.326249    2.463900 ^ _2589_/Y (sky130_fd_sc_hd__nor2_2)
                                                         _0519_ (net)
                      0.405598    0.004527    2.468427 ^ _2615_/A1 (sky130_fd_sc_hd__a21o_2)
     2    0.016057    0.068868    0.125776    2.594203 ^ _2615_/X (sky130_fd_sc_hd__a21o_2)
                                                         _0545_ (net)
                      0.068891    0.001211    2.595414 ^ _2621_/A1 (sky130_fd_sc_hd__a21bo_2)
     3    0.023763    0.101818    0.135679    2.731094 ^ _2621_/X (sky130_fd_sc_hd__a21bo_2)
                                                         _0551_ (net)
                      0.101909    0.001913    2.733006 ^ _2626_/A2 (sky130_fd_sc_hd__a31o_2)
     3    0.020731    0.097450    0.149391    2.882398 ^ _2626_/X (sky130_fd_sc_hd__a31o_2)
                                                         _0556_ (net)
                      0.097547    0.001874    2.884271 ^ _2631_/A1 (sky130_fd_sc_hd__a31o_2)
     4    0.045401    0.197535    0.212978    3.097250 ^ _2631_/X (sky130_fd_sc_hd__a31o_2)
                                                         _0561_ (net)
                      0.197695    0.004597    3.101847 ^ _2684_/D_N (sky130_fd_sc_hd__or4b_2)
     3    0.016281    0.098847    0.376132    3.477979 v _2684_/X (sky130_fd_sc_hd__or4b_2)
                                                         _0614_ (net)
                      0.098878    0.001234    3.479213 v _2690_/A1 (sky130_fd_sc_hd__a21o_2)
     4    0.015395    0.046298    0.165709    3.644922 v _2690_/X (sky130_fd_sc_hd__a21o_2)
                                                         _0620_ (net)
                      0.046333    0.001095    3.646018 v _2694_/A3 (sky130_fd_sc_hd__a311o_2)
     4    0.016182    0.064253    0.273552    3.919570 v _2694_/X (sky130_fd_sc_hd__a311o_2)
                                                         _0624_ (net)
                      0.064304    0.001001    3.920571 v _2696_/A2 (sky130_fd_sc_hd__a21bo_2)
     5    0.021605    0.055849    0.179460    4.100030 v _2696_/X (sky130_fd_sc_hd__a21bo_2)
                                                         _0626_ (net)
                      0.055981    0.002368    4.102398 v _2704_/C (sky130_fd_sc_hd__and3_2)
     2    0.021255    0.056896    0.173481    4.275880 v _2704_/X (sky130_fd_sc_hd__and3_2)
                                                         _0628_ (net)
                      0.056916    0.001092    4.276971 v _2705_/B (sky130_fd_sc_hd__and2_2)
     1    0.003104    0.027000    0.123703    4.400674 v _2705_/X (sky130_fd_sc_hd__and2_2)
                                                         net53 (net)
                      0.027000    0.000204    4.400878 v output53/A (sky130_fd_sc_hd__clkdlybuf4s25_1)
     1    0.051946    0.261876    0.337590    4.738469 v output53/X (sky130_fd_sc_hd__clkdlybuf4s25_1)
                                                         DEVICES_STRW (net)
                      0.261909    0.002895    4.741364 v DEVICES_STRW (out)
                                              4.741364   data arrival time

                                 26.000000   26.000000   clock CLK (rise edge)
                                  0.000000   26.000000   clock network delay (propagated)
                                  0.000000   26.000000   clock reconvergence pessimism
                                 -5.000000   20.999998   output external delay
                                             20.999998   data required time
---------------------------------------------------------------------------------------------
                                             20.999998   data required time
                                             -4.741364   data arrival time
---------------------------------------------------------------------------------------------
                                             16.258636   slack (MET)




===========================================================================
report_checks --slack_max -0.01
============================================================================
======================= max_ff_n40C_1v95 Corner ===================================

No paths found.


===========================================================================
 report_check_types -max_slew -max_cap -max_fanout -violators
============================================================================
======================= max_ff_n40C_1v95 Corner ===================================



===========================================================================
report_parasitic_annotation -report_unannotated
============================================================================
Found 33 unannotated drivers.
 clkload0/Y
 clkload1/Y
 clkload10/X
 clkload11/X
 clkload12/Y
 clkload13/X
 clkload14/X
 clkload15/X
 clkload16/X
 clkload17/X
 clkload18/X
 clkload19/X
 clkload2/Y
 clkload20/X
 clkload21/X
 clkload22/X
 clkload23/X
 clkload24/X
 clkload25/Y
 clkload26/Y
 clkload27/X
 clkload28/X
 clkload29/X
 clkload3/X
 clkload30/X
 clkload31/X
 clkload32/Y
 clkload4/X
 clkload5/Y
 clkload6/X
 clkload7/X
 clkload8/X
 clkload9/X
Found 0 partially unannotated drivers.

===========================================================================
max slew violation count 0
max fanout violation count 0
max cap violation count 0
============================================================================

===========================================================================
check_setup -verbose -unconstrained_endpoints -multiple_clock -no_clock -no_input_delay -loops -generated_clocks
===========================================================================
