Clock: CLK
Sources: CLK 
Generated: no
Virtual: yes
Propagated: no
Period: 26.000000

===========================================================================
report_clock_properties
============================================================================
Clock                   Period          Waveform
----------------------------------------------------
CLK                  26.000000    0.000000 13.000000

===========================================================================
report_clock_latency
============================================================================
Clock CLK
rise -> rise
    min     max
0.000000 0.000000 source latency
0.371300         network latency _5219_/CLK
        0.408066 network latency _4989_/CLK
---------------
0.371300 0.408066 latency
        0.036766 skew

fall -> fall
    min     max
0.000000 0.000000 source latency
0.369803         network latency _5219_/CLK
        0.397032 network latency _4989_/CLK
---------------
0.369803 0.397032 latency
        0.027229 skew



===========================================================================
report_clock_min_period
============================================================================
CLK period_min = 4.21 fmax = 237.45
