
===========================================================================
 report_power
============================================================================
======================= max_ff_n40C_1v95 Corner ===================================

Group                    Internal    Switching      Leakage        Total
                            Power        Power        Power        Power (Watts)
------------------------------------------------------------------------
Sequential           7.562481e-04 6.011903e-05 8.574681e-09 8.163757e-04  42.7%
Combinational        2.112910e-04 3.082757e-04 2.809256e-08 5.195948e-04  27.1%
Clock                2.790227e-04 2.988030e-04 2.802206e-08 5.778537e-04  30.2%
Macro                0.000000e+00 0.000000e+00 0.000000e+00 0.000000e+00   0.0%
Pad                  0.000000e+00 0.000000e+00 0.000000e+00 0.000000e+00   0.0%
------------------------------------------------------------------------
Total                1.246560e-03 6.671975e-04 6.468954e-08 1.913823e-03 100.0%
                            65.1%        34.9%         0.0%

