Clock: CLK
Sources: CLK 
Generated: no
Virtual: yes
Propagated: no
Period: 20.000000

===========================================================================
report_clock_properties
============================================================================
Clock                   Period          Waveform
----------------------------------------------------
CLK                  20.000000    0.000000 10.000000

===========================================================================
report_clock_latency
============================================================================
Clock CLK
rise -> rise
    min     max
0.000000 0.000000 source latency
0.521927         network latency _5004_/CLK
        0.535155 network latency _5170_/CLK
---------------
0.521927 0.535155 latency
        0.013228 skew

fall -> fall
    min     max
0.000000 0.000000 source latency
0.447185         network latency _5004_/CLK
        0.456700 network latency _5170_/CLK
---------------
0.447185 0.456700 latency
        0.009514 skew



===========================================================================
report_clock_min_period
============================================================================
CLK period_min = 6.30 fmax = 158.76
