
===========================================================================
report_checks -unconstrained
===========================================================================
======================= nom_tt_025C_1v80 Corner ===================================

Startpoint: _5123_ (rising edge-triggered flip-flop clocked by CLK)
Endpoint: _5219_ (rising edge-triggered flip-flop clocked by CLK)
Path Group: CLK
Path Type: max

Fanout         Cap        Slew       Delay        Time   Description
---------------------------------------------------------------------------------------------
                                  0.000000    0.000000   clock CLK (rise edge)
                                  0.000000    0.000000   clock source latency
     1    0.050007    0.000000    0.000000    0.000000 ^ CLK (in)
                                                         CLK (net)
                      0.005106    0.002553    0.002553 ^ clkbuf_0_CLK/A (sky130_fd_sc_hd__clkbuf_16)
     4    0.074801    0.092214    0.152293    0.154846 ^ clkbuf_0_CLK/X (sky130_fd_sc_hd__clkbuf_16)
                                                         clknet_0_CLK (net)
                      0.092428    0.003561    0.158407 ^ clkbuf_2_0__f_CLK/A (sky130_fd_sc_hd__clkbuf_16)
    14    0.128221    0.140931    0.222403    0.380810 ^ clkbuf_2_0__f_CLK/X (sky130_fd_sc_hd__clkbuf_16)
                                                         clknet_2_0__leaf_CLK (net)
                      0.141061    0.002527    0.383337 ^ clkbuf_leaf_3_CLK/A (sky130_fd_sc_hd__clkbuf_8)
    11    0.028842    0.064887    0.177539    0.560876 ^ clkbuf_leaf_3_CLK/X (sky130_fd_sc_hd__clkbuf_8)
                                                         clknet_leaf_3_CLK (net)
                      0.064891    0.000561    0.561437 ^ _5123_/CLK (sky130_fd_sc_hd__dfxtp_4)
    31    0.253884    0.704861    0.807518    1.368955 ^ _5123_/Q (sky130_fd_sc_hd__dfxtp_4)
                                                         _0008_ (net)
                      0.705448    0.017032    1.385987 ^ max_cap147/A (sky130_fd_sc_hd__buf_12)
    34    0.281378    0.320028    0.369155    1.755142 ^ max_cap147/X (sky130_fd_sc_hd__buf_12)
                                                         net147 (net)
                      0.331221    0.047202    1.802344 ^ _2569_/S0 (sky130_fd_sc_hd__mux4_2)
     1    0.004933    0.088123    0.556519    2.358863 v _2569_/X (sky130_fd_sc_hd__mux4_2)
                                                         _0444_ (net)
                      0.088123    0.000184    2.359047 v _2570_/A1 (sky130_fd_sc_hd__mux2_1)
     2    0.014287    0.107380    0.370517    2.729564 v _2570_/X (sky130_fd_sc_hd__mux2_1)
                                                         _0445_ (net)
                      0.107383    0.000745    2.730309 v _2571_/B1 (sky130_fd_sc_hd__a22oi_2)
    16    0.104392    1.220831    0.929582    3.659891 ^ _2571_/Y (sky130_fd_sc_hd__a22oi_2)
                                                         _0446_ (net)
                      1.220924    0.009002    3.668893 ^ _2610_/B (sky130_fd_sc_hd__or2_2)
     2    0.010068    0.085297    0.288411    3.957304 ^ _2610_/X (sky130_fd_sc_hd__or2_2)
                                                         _0485_ (net)
                      0.085297    0.000115    3.957419 ^ _3931_/C1 (sky130_fd_sc_hd__o211ai_2)
     3    0.012646    0.134783    0.117721    4.075140 v _3931_/Y (sky130_fd_sc_hd__o211ai_2)
                                                         _1435_ (net)
                      0.134783    0.000271    4.075412 v _3935_/A4 (sky130_fd_sc_hd__a41o_2)
     3    0.015609    0.068611    0.343356    4.418767 v _3935_/X (sky130_fd_sc_hd__a41o_2)
                                                         _1439_ (net)
                      0.068617    0.000693    4.419460 v _3941_/A2 (sky130_fd_sc_hd__o31a_2)
     3    0.036748    0.124139    0.425238    4.844698 v _3941_/X (sky130_fd_sc_hd__o31a_2)
                                                         _1445_ (net)
                      0.124314    0.004144    4.848842 v _3942_/B2 (sky130_fd_sc_hd__a221oi_2)
     4    0.024283    0.510036    0.496638    5.345480 ^ _3942_/Y (sky130_fd_sc_hd__a221oi_2)
                                                         _1446_ (net)
                      0.510037    0.000670    5.346149 ^ _4292_/B (sky130_fd_sc_hd__nor2_2)
     2    0.005245    0.084705    0.066159    5.412308 v _4292_/Y (sky130_fd_sc_hd__nor2_2)
                                                         _1785_ (net)
                      0.084705    0.000111    5.412419 v _4311_/C (sky130_fd_sc_hd__or3_2)
     1    0.002652    0.074484    0.411863    5.824282 v _4311_/X (sky130_fd_sc_hd__or3_2)
                                                         _1803_ (net)
                      0.074484    0.000075    5.824357 v _4313_/C (sky130_fd_sc_hd__and4_2)
     1    0.001658    0.036397    0.221128    6.045484 v _4313_/X (sky130_fd_sc_hd__and4_2)
                                                         _1805_ (net)
                      0.036397    0.000031    6.045515 v _4324_/B (sky130_fd_sc_hd__or3b_2)
     1    0.002050    0.071864    0.422258    6.467773 v _4324_/X (sky130_fd_sc_hd__or3b_2)
                                                         _1816_ (net)
                      0.071864    0.000056    6.467829 v _4327_/B1_N (sky130_fd_sc_hd__o21ba_2)
     1    0.011050    0.086371    0.269181    6.737010 ^ _4327_/X (sky130_fd_sc_hd__o21ba_2)
                                                         _1819_ (net)
                      0.086373    0.000533    6.737543 ^ _4328_/B1 (sky130_fd_sc_hd__o21ai_2)
     1    0.002823    0.098094    0.055036    6.792579 v _4328_/Y (sky130_fd_sc_hd__o21ai_2)
                                                         _1820_ (net)
                      0.098094    0.000084    6.792663 v _4329_/B2 (sky130_fd_sc_hd__o221a_2)
     1    0.002806    0.042401    0.240335    7.032998 v _4329_/X (sky130_fd_sc_hd__o221a_2)
                                                         _0371_ (net)
                      0.042401    0.000087    7.033084 v _5219_/D (sky130_fd_sc_hd__dfxtp_2)
                                              7.033084   data arrival time

                                 26.000000   26.000000   clock CLK (rise edge)
                                  0.000000   26.000000   clock source latency
     1    0.050007    0.000000    0.000000   26.000000 ^ CLK (in)
                                                         CLK (net)
                      0.005106    0.002553   26.002552 ^ clkbuf_0_CLK/A (sky130_fd_sc_hd__clkbuf_16)
     4    0.074801    0.092214    0.152294   26.154846 ^ clkbuf_0_CLK/X (sky130_fd_sc_hd__clkbuf_16)
                                                         clknet_0_CLK (net)
                      0.092425    0.003530   26.158377 ^ clkbuf_2_1__f_CLK/A (sky130_fd_sc_hd__clkbuf_16)
    12    0.107522    0.121641    0.206947   26.365324 ^ clkbuf_2_1__f_CLK/X (sky130_fd_sc_hd__clkbuf_16)
                                                         clknet_2_1__leaf_CLK (net)
                      0.122332    0.007269   26.372591 ^ clkbuf_leaf_17_CLK/A (sky130_fd_sc_hd__clkbuf_8)
    11    0.036384    0.076251    0.180780   26.553371 ^ clkbuf_leaf_17_CLK/X (sky130_fd_sc_hd__clkbuf_8)
                                                         clknet_leaf_17_CLK (net)
                      0.076252    0.000474   26.553846 ^ _5219_/CLK (sky130_fd_sc_hd__dfxtp_2)
                                  0.000000   26.553846   clock reconvergence pessimism
                                 -0.104451   26.449394   library setup time
                                             26.449394   data required time
---------------------------------------------------------------------------------------------
                                             26.449394   data required time
                                             -7.033084   data arrival time
---------------------------------------------------------------------------------------------
                                             19.416309   slack (MET)




===========================================================================
report_checks --slack_max -0.01
============================================================================
======================= nom_tt_025C_1v80 Corner ===================================

No paths found.


===========================================================================
 report_check_types -max_slew -max_cap -max_fanout -violators
============================================================================
======================= nom_tt_025C_1v80 Corner ===================================



===========================================================================
report_parasitic_annotation -report_unannotated
============================================================================
Found 37 unannotated drivers.
 clkload0/Y
 clkload1/Y
 clkload10/X
 clkload11/X
 clkload12/X
 clkload13/X
 clkload14/X
 clkload15/X
 clkload16/X
 clkload17/Y
 clkload18/X
 clkload19/X
 clkload2/Y
 clkload20/X
 clkload21/Y
 clkload22/Y
 clkload23/X
 clkload24/Y
 clkload25/Y
 clkload26/Y
 clkload27/X
 clkload28/X
 clkload29/Y
 clkload3/X
 clkload30/Y
 clkload31/X
 clkload32/X
 clkload33/X
 clkload34/Y
 clkload35/X
 clkload36/X
 clkload4/X
 clkload5/X
 clkload6/X
 clkload7/X
 clkload8/X
 clkload9/X
Found 0 partially unannotated drivers.

===========================================================================
max slew violation count 0
max fanout violation count 0
max cap violation count 0
============================================================================

===========================================================================
check_setup -verbose -unconstrained_endpoints -multiple_clock -no_clock -no_input_delay -loops -generated_clocks
===========================================================================
Warning: There are 49 input ports missing set_input_delay.
  INSTR_STREAM[0]
  INSTR_STREAM[10]
  INSTR_STREAM[11]
  INSTR_STREAM[12]
  INSTR_STREAM[13]
  INSTR_STREAM[14]
  INSTR_STREAM[15]
  INSTR_STREAM[16]
  INSTR_STREAM[17]
  INSTR_STREAM[18]
  INSTR_STREAM[19]
  INSTR_STREAM[1]
  INSTR_STREAM[20]
  INSTR_STREAM[21]
  INSTR_STREAM[22]
  INSTR_STREAM[23]
  INSTR_STREAM[24]
  INSTR_STREAM[25]
  INSTR_STREAM[26]
  INSTR_STREAM[27]
  INSTR_STREAM[28]
  INSTR_STREAM[29]
  INSTR_STREAM[2]
  INSTR_STREAM[30]
  INSTR_STREAM[31]
  INSTR_STREAM[3]
  INSTR_STREAM[4]
  INSTR_STREAM[5]
  INSTR_STREAM[6]
  INSTR_STREAM[7]
  INSTR_STREAM[8]
  INSTR_STREAM[9]
  MEM_LD_DATA[0]
  MEM_LD_DATA[10]
  MEM_LD_DATA[11]
  MEM_LD_DATA[12]
  MEM_LD_DATA[13]
  MEM_LD_DATA[14]
  MEM_LD_DATA[15]
  MEM_LD_DATA[1]
  MEM_LD_DATA[2]
  MEM_LD_DATA[3]
  MEM_LD_DATA[4]
  MEM_LD_DATA[5]
  MEM_LD_DATA[6]
  MEM_LD_DATA[7]
  MEM_LD_DATA[8]
  MEM_LD_DATA[9]
  RESET
Warning: There are 58 unconstrained endpoints.
  DEVICES_LDH
  DEVICES_LDW
  DEVICES_STRH
  DEVICES_STRW
  EX_HALT
  INSTR_ADDR[0]
  INSTR_ADDR[10]
  INSTR_ADDR[11]
  INSTR_ADDR[12]
  INSTR_ADDR[13]
  INSTR_ADDR[14]
  INSTR_ADDR[15]
  INSTR_ADDR[1]
  INSTR_ADDR[2]
  INSTR_ADDR[3]
  INSTR_ADDR[4]
  INSTR_ADDR[5]
  INSTR_ADDR[6]
  INSTR_ADDR[7]
  INSTR_ADDR[8]
  INSTR_ADDR[9]
  INVALID_MEM
  MAIN_LDH
  MAIN_LDW
  MAIN_STRH
  MAIN_STRW
  MEM_ADDR[0]
  MEM_ADDR[10]
  MEM_ADDR[11]
  MEM_ADDR[12]
  MEM_ADDR[13]
  MEM_ADDR[14]
  MEM_ADDR[15]
  MEM_ADDR[1]
  MEM_ADDR[2]
  MEM_ADDR[3]
  MEM_ADDR[4]
  MEM_ADDR[5]
  MEM_ADDR[6]
  MEM_ADDR[7]
  MEM_ADDR[8]
  MEM_ADDR[9]
  MEM_STR_DATA[0]
  MEM_STR_DATA[10]
  MEM_STR_DATA[11]
  MEM_STR_DATA[12]
  MEM_STR_DATA[13]
  MEM_STR_DATA[14]
  MEM_STR_DATA[15]
  MEM_STR_DATA[1]
  MEM_STR_DATA[2]
  MEM_STR_DATA[3]
  MEM_STR_DATA[4]
  MEM_STR_DATA[5]
  MEM_STR_DATA[6]
  MEM_STR_DATA[7]
  MEM_STR_DATA[8]
  MEM_STR_DATA[9]
