Clock: CLK
Sources: CLK 
Generated: no
Virtual: yes
Propagated: no
Period: 26.000000

===========================================================================
report_clock_properties
============================================================================
Clock                   Period          Waveform
----------------------------------------------------
CLK                  26.000000    0.000000 13.000000

===========================================================================
report_clock_latency
============================================================================
Clock CLK
rise -> rise
    min     max
0.000000 0.000000 source latency
0.875024         network latency _5254_/CLK
        0.949931 network latency _5057_/CLK
---------------
0.875024 0.949931 latency
        0.074907 skew

fall -> fall
    min     max
0.000000 0.000000 source latency
0.889126         network latency _5254_/CLK
        0.943614 network latency _5057_/CLK
---------------
0.889126 0.943614 latency
        0.054488 skew



===========================================================================
report_clock_min_period
============================================================================
CLK period_min = 14.01 fmax = 71.35
