Clock: CLK
Sources: CLK 
Generated: no
Virtual: yes
Propagated: no
Period: 26.000000

===========================================================================
report_clock_properties
============================================================================
Clock                   Period          Waveform
----------------------------------------------------
CLK                  26.000000    0.000000 13.000000

===========================================================================
report_clock_latency
============================================================================
Clock CLK
rise -> rise
    min     max
0.000000 0.000000 source latency
0.368200         network latency _5243_/CLK
        0.411402 network latency _5021_/CLK
---------------
0.368200 0.411402 latency
        0.043203 skew

fall -> fall
    min     max
0.000000 0.000000 source latency
0.367141         network latency _5243_/CLK
        0.401843 network latency _4928_/CLK
---------------
0.367141 0.401843 latency
        0.034702 skew



===========================================================================
report_clock_min_period
============================================================================
CLK period_min = 4.19 fmax = 238.78
