
===========================================================================
report_checks -unconstrained
===========================================================================
======================= nom_tt_025C_1v80 Corner ===================================

Startpoint: _5127_ (rising edge-triggered flip-flop clocked by CLK)
Endpoint: DEVICES_STRW (output port clocked by CLK)
Path Group: CLK
Path Type: max

Fanout         Cap        Slew       Delay        Time   Description
---------------------------------------------------------------------------------------------
                                  0.000000    0.000000   clock CLK (rise edge)
                                  0.000000    0.000000   clock source latency
     1    0.049736    0.000000    0.000000    0.000000 ^ CLK (in)
                                                         CLK (net)
                      0.002989    0.001495    0.001495 ^ clkbuf_0_CLK/A (sky130_fd_sc_hd__clkbuf_16)
     4    0.071934    0.089510    0.149488    0.150982 ^ clkbuf_0_CLK/X (sky130_fd_sc_hd__clkbuf_16)
                                                         clknet_0_CLK (net)
                      0.089738    0.003602    0.154584 ^ clkbuf_2_2__f_CLK/A (sky130_fd_sc_hd__clkbuf_16)
    12    0.108746    0.122332    0.208124    0.362709 ^ clkbuf_2_2__f_CLK/X (sky130_fd_sc_hd__clkbuf_16)
                                                         clknet_2_2__leaf_CLK (net)
                      0.122508    0.003041    0.365750 ^ clkbuf_leaf_8_CLK/A (sky130_fd_sc_hd__clkbuf_8)
    11    0.033066    0.071077    0.176691    0.542441 ^ clkbuf_leaf_8_CLK/X (sky130_fd_sc_hd__clkbuf_8)
                                                         clknet_leaf_8_CLK (net)
                      0.071094    0.001068    0.543509 ^ _5127_/CLK (sky130_fd_sc_hd__dfxtp_4)
    18    0.150038    0.420757    0.615546    1.159055 ^ _5127_/Q (sky130_fd_sc_hd__dfxtp_4)
                                                         _0008_ (net)
                      0.420806    0.003892    1.162947 ^ max_cap179/A (sky130_fd_sc_hd__buf_12)
    24    0.205654    0.239388    0.297388    1.460335 ^ max_cap179/X (sky130_fd_sc_hd__buf_12)
                                                         net179 (net)
                      0.241075    0.016565    1.476900 ^ max_cap178/A (sky130_fd_sc_hd__buf_12)
    24    0.207552    0.240372    0.278695    1.755595 ^ max_cap178/X (sky130_fd_sc_hd__buf_12)
                                                         net178 (net)
                      0.247749    0.033310    1.788905 ^ _2578_/S0 (sky130_fd_sc_hd__mux4_2)
     1    0.004010    0.084948    0.537772    2.326678 v _2578_/X (sky130_fd_sc_hd__mux4_2)
                                                         _0508_ (net)
                      0.084948    0.000158    2.326836 v _2579_/B (sky130_fd_sc_hd__or2_2)
     2    0.007514    0.067471    0.304389    2.631225 v _2579_/X (sky130_fd_sc_hd__or2_2)
                                                         _0509_ (net)
                      0.067471    0.000137    2.631362 v _2586_/A1 (sky130_fd_sc_hd__a22o_2)
     8    0.057874    0.157917    0.366509    2.997872 v _2586_/X (sky130_fd_sc_hd__a22o_2)
                                                         _0516_ (net)
                      0.157937    0.001897    2.999769 v _2587_/B (sky130_fd_sc_hd__and2_2)
     4    0.014231    0.061456    0.270817    3.270586 v _2587_/X (sky130_fd_sc_hd__and2_2)
                                                         _0517_ (net)
                      0.061456    0.000219    3.270805 v _2589_/A (sky130_fd_sc_hd__nor2_2)
     9    0.049922    0.537909    0.446391    3.717196 ^ _2589_/Y (sky130_fd_sc_hd__nor2_2)
                                                         _0519_ (net)
                      0.537918    0.001883    3.719079 ^ _2615_/A1 (sky130_fd_sc_hd__a21o_2)
     2    0.015916    0.092312    0.255044    3.974124 ^ _2615_/X (sky130_fd_sc_hd__a21o_2)
                                                         _0545_ (net)
                      0.092314    0.000562    3.974686 ^ _2621_/A1 (sky130_fd_sc_hd__a21bo_2)
     3    0.022640    0.129747    0.204268    4.178953 ^ _2621_/X (sky130_fd_sc_hd__a21bo_2)
                                                         _0551_ (net)
                      0.129752    0.000989    4.179942 ^ _2626_/A2 (sky130_fd_sc_hd__a31o_2)
     3    0.019895    0.126280    0.235250    4.415193 ^ _2626_/X (sky130_fd_sc_hd__a31o_2)
                                                         _0556_ (net)
                      0.126283    0.000842    4.416034 ^ _2631_/A1 (sky130_fd_sc_hd__a31o_2)
     4    0.044283    0.254259    0.322023    4.738058 ^ _2631_/X (sky130_fd_sc_hd__a31o_2)
                                                         _0561_ (net)
                      0.254271    0.002051    4.740108 ^ _2684_/D_N (sky130_fd_sc_hd__or4b_2)
     3    0.015267    0.146070    0.687563    5.427672 v _2684_/X (sky130_fd_sc_hd__or4b_2)
                                                         _0614_ (net)
                      0.146070    0.000679    5.428351 v _2690_/A1 (sky130_fd_sc_hd__a21o_2)
     4    0.014786    0.061621    0.258637    5.686988 v _2690_/X (sky130_fd_sc_hd__a21o_2)
                                                         _0620_ (net)
                      0.061625    0.000533    5.687522 v _2694_/A3 (sky130_fd_sc_hd__a311o_2)
     4    0.015770    0.087144    0.435129    6.122651 v _2694_/X (sky130_fd_sc_hd__a311o_2)
                                                         _0624_ (net)
                      0.087145    0.000451    6.123102 v _2696_/A2 (sky130_fd_sc_hd__a21bo_2)
     5    0.019908    0.073573    0.271641    6.394742 v _2696_/X (sky130_fd_sc_hd__a21bo_2)
                                                         _0626_ (net)
                      0.073591    0.001138    6.395881 v _2704_/C (sky130_fd_sc_hd__and3_2)
     2    0.019359    0.074369    0.263988    6.659869 v _2704_/X (sky130_fd_sc_hd__and3_2)
                                                         _0628_ (net)
                      0.074370    0.000471    6.660340 v _2705_/B (sky130_fd_sc_hd__and2_2)
     1    0.002981    0.036791    0.196334    6.856674 v _2705_/X (sky130_fd_sc_hd__and2_2)
                                                         net53 (net)
                      0.036791    0.000088    6.856762 v output53/A (sky130_fd_sc_hd__clkdlybuf4s25_1)
     1    0.051857    0.380945    0.502941    7.359703 v output53/X (sky130_fd_sc_hd__clkdlybuf4s25_1)
                                                         DEVICES_STRW (net)
                      0.380947    0.001511    7.361214 v DEVICES_STRW (out)
                                              7.361214   data arrival time

                                 26.000000   26.000000   clock CLK (rise edge)
                                  0.000000   26.000000   clock network delay (propagated)
                                  0.000000   26.000000   clock reconvergence pessimism
                                 -5.000000   20.999998   output external delay
                                             20.999998   data required time
---------------------------------------------------------------------------------------------
                                             20.999998   data required time
                                             -7.361214   data arrival time
---------------------------------------------------------------------------------------------
                                             13.638784   slack (MET)




===========================================================================
report_checks --slack_max -0.01
============================================================================
======================= nom_tt_025C_1v80 Corner ===================================

No paths found.


===========================================================================
 report_check_types -max_slew -max_cap -max_fanout -violators
============================================================================
======================= nom_tt_025C_1v80 Corner ===================================



===========================================================================
report_parasitic_annotation -report_unannotated
============================================================================
Found 33 unannotated drivers.
 clkload0/Y
 clkload1/Y
 clkload10/X
 clkload11/X
 clkload12/Y
 clkload13/X
 clkload14/X
 clkload15/X
 clkload16/X
 clkload17/X
 clkload18/X
 clkload19/X
 clkload2/Y
 clkload20/X
 clkload21/X
 clkload22/X
 clkload23/X
 clkload24/X
 clkload25/Y
 clkload26/Y
 clkload27/X
 clkload28/X
 clkload29/X
 clkload3/X
 clkload30/X
 clkload31/X
 clkload32/Y
 clkload4/X
 clkload5/Y
 clkload6/X
 clkload7/X
 clkload8/X
 clkload9/X
Found 0 partially unannotated drivers.

===========================================================================
max slew violation count 0
max fanout violation count 0
max cap violation count 0
============================================================================

===========================================================================
check_setup -verbose -unconstrained_endpoints -multiple_clock -no_clock -no_input_delay -loops -generated_clocks
===========================================================================
