Clock: CLK
Sources: CLK 
Generated: no
Virtual: yes
Propagated: no
Period: 26.000000

===========================================================================
report_clock_properties
============================================================================
Clock                   Period          Waveform
----------------------------------------------------
CLK                  26.000000    0.000000 13.000000

===========================================================================
report_clock_latency
============================================================================
Clock CLK
rise -> rise
    min     max
0.000000 0.000000 source latency
0.518543         network latency _5219_/CLK
        0.561734 network latency _4989_/CLK
---------------
0.518543 0.561734 latency
        0.043191 skew

fall -> fall
    min     max
0.000000 0.000000 source latency
0.519457         network latency _5219_/CLK
        0.551368 network latency _4989_/CLK
---------------
0.519457 0.551368 latency
        0.031911 skew



===========================================================================
report_clock_min_period
============================================================================
CLK period_min = 6.68 fmax = 149.61
