
===========================================================================
 report_power
============================================================================
======================= nom_tt_025C_1v80 Corner ===================================

Group                    Internal    Switching      Leakage        Total
                            Power        Power        Power        Power (Watts)
------------------------------------------------------------------------
Sequential           6.512562e-04 4.823645e-05 3.567935e-09 6.994962e-04  43.3%
Combinational        1.851508e-04 2.484105e-04 9.213502e-09 4.335705e-04  26.8%
Clock                2.444019e-04 2.393234e-04 2.241511e-08 4.837477e-04  29.9%
Macro                0.000000e+00 0.000000e+00 0.000000e+00 0.000000e+00   0.0%
Pad                  0.000000e+00 0.000000e+00 0.000000e+00 0.000000e+00   0.0%
------------------------------------------------------------------------
Total                1.080809e-03 5.359708e-04 3.519679e-08 1.616815e-03 100.0%
                            66.8%        33.1%         0.0%

