
===========================================================================
 report_power
============================================================================
======================= nom_tt_025C_1v80 Corner ===================================

Group                    Internal    Switching      Leakage        Total
                            Power        Power        Power        Power (Watts)
------------------------------------------------------------------------
Sequential           6.204345e-04 3.755074e-05 3.404780e-09 6.579887e-04  42.9%
Combinational        1.737186e-04 2.024399e-04 9.135691e-09 3.761676e-04  24.5%
Clock                2.912435e-04 2.088906e-04 1.218435e-09 5.001354e-04  32.6%
Macro                0.000000e+00 0.000000e+00 0.000000e+00 0.000000e+00   0.0%
Pad                  0.000000e+00 0.000000e+00 0.000000e+00 0.000000e+00   0.0%
------------------------------------------------------------------------
Total                1.085397e-03 4.488809e-04 1.375890e-08 1.534291e-03 100.0%
                            70.7%        29.3%         0.0%
Writing metric power__internal__total: 0.0010853968560695648
Writing metric power__switching__total: 0.00044888086267746985
Writing metric power__leakage__total: 1.3758903349980756e-8
Writing metric power__total: 0.0015342914266511798

