Clock: CLK
Sources: CLK 
Generated: no
Virtual: yes
Propagated: no
Period: 26.000000

===========================================================================
report_clock_properties
============================================================================
Clock                   Period          Waveform
----------------------------------------------------
CLK                  26.000000    0.000000 13.000000

===========================================================================
report_clock_latency
============================================================================
Clock CLK
rise -> rise
    min     max
0.000000 0.000000 source latency
0.359420         network latency _4970_/CLK
        0.398556 network latency _4882_/CLK
---------------
0.359420 0.398556 latency
        0.039136 skew

fall -> fall
    min     max
0.000000 0.000000 source latency
0.359785         network latency _4970_/CLK
        0.389911 network latency _4882_/CLK
---------------
0.359785 0.389911 latency
        0.030126 skew



===========================================================================
report_clock_min_period
============================================================================
CLK period_min = 4.10 fmax = 244.16
