Clock: CLK
Sources: CLK 
Generated: no
Virtual: yes
Propagated: no
Period: 26.000000

===========================================================================
report_clock_properties
============================================================================
Clock                   Period          Waveform
----------------------------------------------------
CLK                  26.000000    0.000000 13.000000

===========================================================================
report_clock_latency
============================================================================
Clock CLK
rise -> rise
    min     max
0.000000 0.000000 source latency
0.817223         network latency _5219_/CLK
        0.855349 network latency _5132_/CLK
---------------
0.817223 0.855349 latency
        0.038125 skew

fall -> fall
    min     max
0.000000 0.000000 source latency
0.845182         network latency _5219_/CLK
        0.874109 network latency _5132_/CLK
---------------
0.845182 0.874109 latency
        0.028927 skew



===========================================================================
report_clock_min_period
============================================================================
CLK period_min = 13.38 fmax = 74.75
