Clock: CLK
Sources: CLK 
Generated: no
Virtual: yes
Propagated: no
Period: 26.000000

===========================================================================
report_clock_properties
============================================================================
Clock                   Period          Waveform
----------------------------------------------------
CLK                  26.000000    0.000000 13.000000

===========================================================================
report_clock_latency
============================================================================
Clock CLK
rise -> rise
    min     max
0.000000 0.000000 source latency
0.529686         network latency _5243_/CLK
        0.586686 network latency _5021_/CLK
---------------
0.529686 0.586686 latency
        0.057001 skew

fall -> fall
    min     max
0.000000 0.000000 source latency
0.529266         network latency _5243_/CLK
        0.571538 network latency _4928_/CLK
---------------
0.529266 0.571538 latency
        0.042272 skew



===========================================================================
report_clock_min_period
============================================================================
CLK period_min = 6.78 fmax = 147.46
