Clock: CLK
Sources: CLK 
Generated: no
Virtual: yes
Propagated: no
Period: 26.000000

===========================================================================
report_clock_properties
============================================================================
Clock                   Period          Waveform
----------------------------------------------------
CLK                  26.000000    0.000000 13.000000

===========================================================================
report_clock_latency
============================================================================
Clock CLK
rise -> rise
    min     max
0.000000 0.000000 source latency
0.518281         network latency _4970_/CLK
        0.570253 network latency _4882_/CLK
---------------
0.518281 0.570253 latency
        0.051972 skew

fall -> fall
    min     max
0.000000 0.000000 source latency
0.520026         network latency _4970_/CLK
        0.557858 network latency _4882_/CLK
---------------
0.520026 0.557858 latency
        0.037832 skew



===========================================================================
report_clock_min_period
============================================================================
CLK period_min = 6.58 fmax = 151.89
