Reading timing models for corner nom_tt_025C_1v80…
Reading timing library for the 'nom_tt_025C_1v80' corner at '/root/.ciel/ciel/sky130/versions/8afc8346a57fe1ab7934ba5a6056ea8b43078e71/sky130A/libs.ref/sky130_fd_sc_hd/lib/sky130_fd_sc_hd__tt_025C_1v80.lib'…
Reading OpenROAD database at '/home/Ven/vscode/VRAI/runs/RUN_2026-07-17_11-58-48/21-openroad-generatepdn/VRAI_SYNC_CORE.odb'…
Reading design constraints file at '/nix/store/bsc7517ifhyy0s2y84n52j5yvqsybbw9-python3-3.13.9-env/lib/python3.13/site-packages/librelane/scripts/base.sdc'…
[INFO] Using clock CLK…
[INFO] Setting output delay to: 50
[INFO] Setting input delay to: 50
[INFO] Setting load to: 0.033442
[INFO] Setting clock uncertainty to: 0.25
[INFO] Setting clock transition to: 0.1499999999999999944488848768742172978818416595458984375
[INFO] Setting timing derate to: 5%
+ global_placement -density 0.618981 -skip_io -pad_right 0 -pad_left 0 -init_wirelength_coef 0.25
[INFO GPL-0001] ---- Initialize GPL Main Data Structures
[INFO GPL-0002] DBU: 1000
[INFO GPL-0003] SiteSize: (  0.460  2.720 ) um
[INFO GPL-0004] CoreBBox: (  5.520 10.880 ) ( 261.280 266.560 ) um
[INFO GPL-0036] Movable instances area:      32796.454 um^2
[INFO GPL-0037] Total instances area:        34643.226 um^2
[INFO GPL-0035] Pin density area adjust:      4315.909 um^2
[INFO GPL-0032] ---- Initialize Region: Top-level
[INFO GPL-0006] Number of instances:              3945
[INFO GPL-0007] Movable instances:                2845
[INFO GPL-0008] Fixed instances:                  1100
[INFO GPL-0009] Dummy instances:                     0
[INFO GPL-0010] Number of nets:                   2895
[INFO GPL-0011] Number of pins:                  11512
[INFO GPL-0012] Die BBox:  (  0.000  0.000 ) ( 267.150 277.870 ) um
[INFO GPL-0013] Core BBox: (  5.520 10.880 ) ( 261.280 266.560 ) um
[INFO GPL-0016] Core area:                   65392.717 um^2
[INFO GPL-0014] Region name: top-level.
[INFO GPL-0015] Region area:                 65392.717 um^2
[INFO GPL-0017] Fixed instances area:         1846.771 um^2
[INFO GPL-0018] Movable instances area:      37112.364 um^2
[INFO GPL-0019] Utilization:                    58.402 %
[INFO GPL-0020] Standard cells area:         37112.364 um^2
[INFO GPL-0021] Large instances area:            0.000 um^2
[INFO GPL-0005] ---- Execute Conjugate Gradient Initial Placement.
[INFO GPL-0051] Source of initial instance position counters:
	Odb location = 0	Core center = 2845	Region center = 0
[INFO GPL-0033] ---- Initialize Nesterov Region: Top-level
[INFO GPL-0023] Placement target density:       0.6190
[INFO GPL-0024] Movable insts average area:     13.045 um^2
[INFO GPL-0025] Ideal bin area:                 21.075 um^2
[INFO GPL-0026] Ideal bin count:                  3102
[INFO GPL-0027] Total bin area:              65392.717 um^2
[INFO GPL-0028] Bin count (X, Y):          32 ,     32
[INFO GPL-0029] Bin size (W * H):       7.992 *  7.990 um
[INFO GPL-0030] Number of bins:                   1024
[INFO GPL-0007] ---- Execute Nesterov Global Placement.
[INFO GPL-0031] HPWL: Half-Perimeter Wirelength
Iteration | Overflow |     HPWL (um) |  HPWL(%) |   Penalty | Group
---------------------------------------------------------------
        0 |   0.9956 |  8.979034e+03 |   +0.00% |  4.72e-15 |      
       10 |   0.9914 |  5.919301e+03 |  -34.08% |  7.68e-15 |      
       20 |   0.9914 |  5.854042e+03 |   -1.10% |  1.25e-14 |      
       30 |   0.9914 |  5.835481e+03 |   -0.32% |  2.04e-14 |      
       40 |   0.9916 |  5.832203e+03 |   -0.06% |  3.32e-14 |      
       50 |   0.9915 |  5.833658e+03 |   +0.02% |  5.41e-14 |      
       60 |   0.9914 |  5.833553e+03 |   -0.00% |  8.81e-14 |      
       70 |   0.9914 |  5.833219e+03 |   -0.01% |  1.43e-13 |      
       80 |   0.9914 |  5.836694e+03 |   +0.06% |  2.34e-13 |      
       90 |   0.9914 |  5.847849e+03 |   +0.19% |  3.81e-13 |      
      100 |   0.9914 |  5.884494e+03 |   +0.63% |  6.20e-13 |      
      110 |   0.9914 |  6.034661e+03 |   +2.55% |  1.01e-12 |      
      120 |   0.9910 |  6.659852e+03 |  +10.36% |  1.64e-12 |      
      130 |   0.9835 |  8.010317e+03 |  +20.28% |  2.68e-12 |      
      140 |   0.9772 |  9.660813e+03 |  +20.60% |  4.36e-12 |      
      150 |   0.9731 |  1.136548e+04 |  +17.65% |  7.11e-12 |      
      160 |   0.9620 |  1.380661e+04 |  +21.48% |  1.16e-11 |      
      170 |   0.9441 |  1.824871e+04 |  +32.17% |  1.88e-11 |      
      180 |   0.9203 |  2.279528e+04 |  +24.91% |  3.07e-11 |      
      190 |   0.9010 |  2.652391e+04 |  +16.36% |  4.99e-11 |      
      200 |   0.8722 |  3.109527e+04 |  +17.23% |  8.13e-11 |      
      210 |   0.8377 |  3.565955e+04 |  +14.68% |  1.32e-10 |      
      220 |   0.8024 |  4.043820e+04 |  +13.40% |  2.16e-10 |      
      230 |   0.7651 |  4.505033e+04 |  +11.41% |  3.51e-10 |      
      240 |   0.7222 |  4.944785e+04 |   +9.76% |  5.71e-10 |      
      250 |   0.6757 |  5.375347e+04 |   +8.71% |  9.30e-10 |      
      260 |   0.6296 |  5.800947e+04 |   +7.92% |  1.51e-09 |      
      270 |   0.5797 |  6.175491e+04 |   +6.46% |  2.47e-09 |      
      280 |   0.5271 |  6.566654e+04 |   +6.33% |  4.01e-09 |      
      290 |   0.4650 |  6.868868e+04 |   +4.60% |  6.54e-09 |      
      300 |   0.4013 |  7.102701e+04 |   +3.40% |  1.06e-08 |      
      310 |   0.3551 |  7.333464e+04 |   +3.25% |  1.73e-08 |      
      320 |   0.3175 |  7.451034e+04 |   +1.60% |  2.63e-08 |      
      330 |   0.2808 |  7.574617e+04 |   +1.66% |  3.88e-08 |      
      340 |   0.2504 |  7.660778e+04 |   +1.14% |  5.71e-08 |      
      350 |   0.2219 |  7.715490e+04 |   +0.71% |  8.41e-08 |      
      360 |   0.1926 |  7.756882e+04 |   +0.54% |  1.24e-07 |      
      370 |   0.1644 |  7.793263e+04 |   +0.47% |  1.83e-07 |      
      380 |   0.1425 |  7.828064e+04 |   +0.45% |  2.69e-07 |      
      390 |   0.1207 |  7.852709e+04 |   +0.31% |  3.96e-07 |      
      398 |   0.0977 |  7.871724e+04 |          |  5.61e-07 |      
---------------------------------------------------------------
[INFO GPL-1001] Global placement finished at iteration 398
[INFO GPL-1002] Placed Cell Area            37112.3639
[INFO GPL-1003] Available Free Area         63545.9456
[INFO GPL-1004] Minimum Feasible Density        0.5900 (cell_area / free_area)
[INFO GPL-1006]   Suggested Target Densities:
[INFO GPL-1007]     - For 90% usage of free space: 0.6489
[INFO GPL-1008]     - For 80% usage of free space: 0.7300
[INFO GPL-1014] Final placement area: 37112.36 (+0.00%)
Setting global connections for newly added cells…
[INFO] Setting global connections...
[INFO ODB-0403] 0 connections made, 0 conflicts skipped.
Updating metrics…
Cell type report:                       Count       Area
  Fill cell                               188     705.68
  Tap cell                                912    1141.09
  Inverter                                 76     285.27
  Sequential cell                         397    8444.35
  Multi-Input combinational cell         2372   24066.83
  Total                                  3945   34643.23
Writing OpenROAD database to '/home/Ven/vscode/VRAI/runs/RUN_2026-07-17_11-58-48/24-openroad-globalplacementskipio/VRAI_SYNC_CORE.odb'…
Writing netlist to '/home/Ven/vscode/VRAI/runs/RUN_2026-07-17_11-58-48/24-openroad-globalplacementskipio/VRAI_SYNC_CORE.nl.v'…
Writing powered netlist to '/home/Ven/vscode/VRAI/runs/RUN_2026-07-17_11-58-48/24-openroad-globalplacementskipio/VRAI_SYNC_CORE.pnl.v'…
Writing layout to '/home/Ven/vscode/VRAI/runs/RUN_2026-07-17_11-58-48/24-openroad-globalplacementskipio/VRAI_SYNC_CORE.def'…
Writing timing constraints to '/home/Ven/vscode/VRAI/runs/RUN_2026-07-17_11-58-48/24-openroad-globalplacementskipio/VRAI_SYNC_CORE.sdc'…
