
===========================================================================
report_checks -unconstrained
===========================================================================
======================= min_tt_025C_1v80 Corner ===================================

Startpoint: _5125_ (rising edge-triggered flip-flop clocked by CLK)
Endpoint: DEVICES_LDW (output port clocked by CLK)
Path Group: CLK
Path Type: max

Fanout         Cap        Slew       Delay        Time   Description
---------------------------------------------------------------------------------------------
                                  0.000000    0.000000   clock CLK (rise edge)
                                  0.000000    0.000000   clock source latency
     1    0.049961    0.228847    0.159136    0.159136 ^ CLK (in)
                                                         CLK (net)
                      0.228861    0.000000    0.159136 ^ clkbuf_0_CLK/A (sky130_fd_sc_hd__clkbuf_16)
     8    0.128939    0.142877    0.264885    0.424021 ^ clkbuf_0_CLK/X (sky130_fd_sc_hd__clkbuf_16)
                                                         clknet_0_CLK (net)
                      0.143250    0.005181    0.429202 ^ clkbuf_3_0__f_CLK/A (sky130_fd_sc_hd__clkbuf_16)
     6    0.056459    0.075096    0.188727    0.617930 ^ clkbuf_3_0__f_CLK/X (sky130_fd_sc_hd__clkbuf_16)
                                                         clknet_3_0__leaf_CLK (net)
                      0.075098    0.000524    0.618454 ^ clkbuf_leaf_3_CLK/A (sky130_fd_sc_hd__clkbuf_8)
    11    0.031056    0.067953    0.156910    0.775364 ^ clkbuf_leaf_3_CLK/X (sky130_fd_sc_hd__clkbuf_8)
                                                         clknet_leaf_3_CLK (net)
                      0.067953    0.000314    0.775678 ^ _5125_/CLK (sky130_fd_sc_hd__dfxtp_2)
     1    0.003579    0.032825    0.315719    1.091397 ^ _5125_/Q (sky130_fd_sc_hd__dfxtp_2)
                                                         _0010_ (net)
                      0.032825    0.000042    1.091439 ^ fanout473/A (sky130_fd_sc_hd__clkdlybuf4s25_1)
     8    0.094282    0.932391    0.864103    1.955542 ^ fanout473/X (sky130_fd_sc_hd__clkdlybuf4s25_1)
                                                         net473 (net)
                      0.932409    0.003457    1.958999 ^ fanout472/A (sky130_fd_sc_hd__clkdlybuf4s25_1)
    10    0.068345    0.678512    0.827927    2.786925 ^ fanout472/X (sky130_fd_sc_hd__clkdlybuf4s25_1)
                                                         net472 (net)
                      0.678534    0.004578    2.791504 ^ _2434_/A (sky130_fd_sc_hd__inv_2)
     1    0.002590    0.081684    0.041450    2.832954 v _2434_/Y (sky130_fd_sc_hd__inv_2)
                                                         _2324_ (net)
                      0.081684    0.000024    2.832978 v fanout365/A (sky130_fd_sc_hd__clkdlybuf4s25_1)
     6    0.063432    0.462338    0.583502    3.416480 v fanout365/X (sky130_fd_sc_hd__clkdlybuf4s25_1)
                                                         net365 (net)
                      0.462338    0.000702    3.417181 v fanout363/A (sky130_fd_sc_hd__clkdlybuf4s25_1)
    10    0.060837    0.445211    0.680721    4.097903 v fanout363/X (sky130_fd_sc_hd__clkdlybuf4s25_1)
                                                         net363 (net)
                      0.445212    0.001641    4.099544 v _2592_/S (sky130_fd_sc_hd__mux2_1)
     1    0.009022    0.085208    0.493371    4.592915 v _2592_/X (sky130_fd_sc_hd__mux2_1)
                                                         _0467_ (net)
                      0.085208    0.000334    4.593248 v _2593_/B1 (sky130_fd_sc_hd__a22o_2)
     1    0.008031    0.058480    0.236123    4.829372 v _2593_/X (sky130_fd_sc_hd__a22o_2)
                                                         _0468_ (net)
                      0.058480    0.000241    4.829613 v fanout301/A (sky130_fd_sc_hd__clkdlybuf4s25_1)
     8    0.071042    0.517317    0.611719    5.441331 v fanout301/X (sky130_fd_sc_hd__clkdlybuf4s25_1)
                                                         net301 (net)
                      0.517317    0.000036    5.441368 v fanout299/A (sky130_fd_sc_hd__clkdlybuf4s25_1)
    10    0.069081    0.502799    0.738340    6.179707 v fanout299/X (sky130_fd_sc_hd__clkdlybuf4s25_1)
                                                         net299 (net)
                      0.502805    0.002347    6.182054 v _2606_/B (sky130_fd_sc_hd__xor2_2)
     3    0.018640    0.202393    0.335072    6.517125 v _2606_/X (sky130_fd_sc_hd__xor2_2)
                                                         _0481_ (net)
                      0.202393    0.000175    6.517300 v _2608_/A2 (sky130_fd_sc_hd__a21o_2)
     2    0.016134    0.064313    0.303941    6.821241 v _2608_/X (sky130_fd_sc_hd__a21o_2)
                                                         _0483_ (net)
                      0.064315    0.000423    6.821664 v _2609_/A2 (sky130_fd_sc_hd__a21o_2)
     2    0.012311    0.056494    0.243543    7.065207 v _2609_/X (sky130_fd_sc_hd__a21o_2)
                                                         _0484_ (net)
                      0.056494    0.000099    7.065306 v _2614_/A1 (sky130_fd_sc_hd__a21bo_2)
     3    0.023485    0.081676    0.245941    7.311248 v _2614_/X (sky130_fd_sc_hd__a21bo_2)
                                                         _0489_ (net)
                      0.081693    0.001172    7.312420 v _2619_/A2 (sky130_fd_sc_hd__a31o_2)
     3    0.022085    0.080862    0.295956    7.608376 v _2619_/X (sky130_fd_sc_hd__a31o_2)
                                                         _0494_ (net)
                      0.080863    0.000463    7.608838 v _2624_/A1 (sky130_fd_sc_hd__a311o_2)
     4    0.044381    0.147676    0.441202    8.050040 v _2624_/X (sky130_fd_sc_hd__a311o_2)
                                                         _0499_ (net)
                      0.147834    0.004327    8.054367 v _2679_/A (sky130_fd_sc_hd__nand4_2)
     2    0.013338    0.114879    0.141408    8.195775 ^ _2679_/Y (sky130_fd_sc_hd__nand4_2)
                                                         _0554_ (net)
                      0.114880    0.000418    8.196194 ^ _2683_/A1 (sky130_fd_sc_hd__a21bo_2)
     4    0.019612    0.113854    0.201113    8.397306 ^ _2683_/X (sky130_fd_sc_hd__a21bo_2)
                                                         _0558_ (net)
                      0.113854    0.000326    8.397633 ^ _2688_/A3 (sky130_fd_sc_hd__a311o_2)
     3    0.013180    0.086554    0.222975    8.620607 ^ _2688_/X (sky130_fd_sc_hd__a311o_2)
                                                         _0563_ (net)
                      0.086554    0.000212    8.620820 ^ _2689_/B (sky130_fd_sc_hd__nand2_2)
     1    0.009045    0.064259    0.072307    8.693127 v _2689_/Y (sky130_fd_sc_hd__nand2_2)
                                                         _0564_ (net)
                      0.064259    0.000107    8.693233 v _2690_/B (sky130_fd_sc_hd__xnor2_2)
     3    0.023206    0.128268    0.193411    8.886644 v _2690_/Y (sky130_fd_sc_hd__xnor2_2)
                                                         _0565_ (net)
                      0.128268    0.000512    8.887156 v _2696_/B (sky130_fd_sc_hd__or2_2)
     5    0.022766    0.105509    0.371201    9.258357 v _2696_/X (sky130_fd_sc_hd__or2_2)
                                                         _0567_ (net)
                      0.105509    0.000156    9.258513 v _2701_/B (sky130_fd_sc_hd__nor2_2)
     1    0.005257    0.120366    0.111605    9.370118 ^ _2701_/Y (sky130_fd_sc_hd__nor2_2)
                                                         net51 (net)
                      0.120366    0.000105    9.370223 ^ output51/A (sky130_fd_sc_hd__clkdlybuf4s25_1)
     1    0.034934    0.353115    0.490070    9.860293 ^ output51/X (sky130_fd_sc_hd__clkdlybuf4s25_1)
                                                         DEVICES_LDW (net)
                      0.353115    0.000470    9.860764 ^ DEVICES_LDW (out)
                                              9.860764   data arrival time

                                 25.000000   25.000000   clock CLK (rise edge)
                                  0.000000   25.000000   clock network delay (propagated)
                                 -0.250000   24.750000   clock uncertainty
                                  0.000000   24.750000   clock reconvergence pessimism
                                 -5.000000   19.750000   output external delay
                                             19.750000   data required time
---------------------------------------------------------------------------------------------
                                             19.750000   data required time
                                             -9.860764   data arrival time
---------------------------------------------------------------------------------------------
                                              9.889236   slack (MET)




===========================================================================
report_checks --slack_max -0.01
============================================================================
======================= min_tt_025C_1v80 Corner ===================================

No paths found.


===========================================================================
 report_check_types -max_slew -max_cap -max_fanout -violators
============================================================================
======================= min_tt_025C_1v80 Corner ===================================

max slew

Pin                                        Limit        Slew       Slack
------------------------------------------------------------------------
_2541_/B1                               0.750000    1.052201   -0.302201 (VIOLATED)
_2520_/B1                               0.750000    1.052200   -0.302200 (VIOLATED)
_2507_/B1                               0.750000    1.052197   -0.302197 (VIOLATED)
_2471_/B1                               0.750000    1.052191   -0.302191 (VIOLATED)
_2589_/B1                               0.750000    1.052185   -0.302185 (VIOLATED)
_2530_/B1                               0.750000    1.052184   -0.302185 (VIOLATED)
_2435_/A                                0.750000    1.052184   -0.302184 (VIOLATED)
_2495_/B1                               0.750000    1.052184   -0.302184 (VIOLATED)
_2643_/B1                               0.750000    1.052183   -0.302183 (VIOLATED)
_2483_/B1                               0.750000    1.052181   -0.302181 (VIOLATED)
fanout469/X                             0.750000    1.052181   -0.302181 (VIOLATED)
_2888_/A1                               0.750000    1.001649   -0.251649 (VIOLATED)
_2694_/A                                0.750000    1.001648   -0.251648 (VIOLATED)
_4611_/A0                               0.750000    1.001647   -0.251648 (VIOLATED)
_2700_/A                                0.750000    1.001647   -0.251647 (VIOLATED)
_4704_/A0                               0.750000    1.001647   -0.251646 (VIOLATED)
_2459_/A1                               0.750000    1.001645   -0.251645 (VIOLATED)
_3457_/A                                0.750000    1.001645   -0.251645 (VIOLATED)
_4664_/A0                               0.750000    1.001645   -0.251645 (VIOLATED)
_4681_/A1                               0.750000    1.001645   -0.251645 (VIOLATED)
_4808_/B2                               0.750000    1.001644   -0.251644 (VIOLATED)
fanout322/X                             0.750000    1.001644   -0.251644 (VIOLATED)
_2880_/A                                0.750000    0.959090   -0.209090 (VIOLATED)
_2883_/A                                0.750000    0.959090   -0.209090 (VIOLATED)
_2888_/B1                               0.750000    0.959090   -0.209090 (VIOLATED)
_2887_/B                                0.750000    0.959082   -0.209082 (VIOLATED)
_2858_/A                                0.750000    0.959067   -0.209067 (VIOLATED)
_2860_/A                                0.750000    0.959067   -0.209067 (VIOLATED)
_2862_/A                                0.750000    0.959067   -0.209067 (VIOLATED)
_2856_/A                                0.750000    0.959066   -0.209066 (VIOLATED)
_2854_/A_N                              0.750000    0.959066   -0.209066 (VIOLATED)
fanout344/A                             0.750000    0.959063   -0.209063 (VIOLATED)
fanout345/X                             0.750000    0.959063   -0.209063 (VIOLATED)
_3173_/A2                               0.750000    0.944475   -0.194475 (VIOLATED)
_3172_/B                                0.750000    0.944468   -0.194468 (VIOLATED)
_3187_/A2                               0.750000    0.944468   -0.194468 (VIOLATED)
_3186_/A2                               0.750000    0.944468   -0.194468 (VIOLATED)
_3181_/A2                               0.750000    0.944468   -0.194468 (VIOLATED)
_3179_/A2                               0.750000    0.944467   -0.194467 (VIOLATED)
_3174_/A2                               0.750000    0.944467   -0.194467 (VIOLATED)
_3180_/A2                               0.750000    0.944466   -0.194466 (VIOLATED)
_3188_/A2                               0.750000    0.944466   -0.194466 (VIOLATED)
_3185_/A2                               0.750000    0.944464   -0.194464 (VIOLATED)
fanout282/X                             0.750000    0.944464   -0.194464 (VIOLATED)
_3175_/B1                               0.750000    0.934179   -0.184179 (VIOLATED)
_3173_/B1                               0.750000    0.934177   -0.184177 (VIOLATED)
_3179_/B1                               0.750000    0.934169   -0.184169 (VIOLATED)
_3180_/B1                               0.750000    0.934169   -0.184169 (VIOLATED)
_3174_/B1                               0.750000    0.934168   -0.184168 (VIOLATED)
_3185_/B1                               0.750000    0.934167   -0.184167 (VIOLATED)
_3181_/B1                               0.750000    0.934166   -0.184166 (VIOLATED)
_3186_/B1                               0.750000    0.934166   -0.184166 (VIOLATED)
_3187_/B1                               0.750000    0.934166   -0.184166 (VIOLATED)
_3188_/B1                               0.750000    0.934166   -0.184166 (VIOLATED)
fanout243/X                             0.750000    0.934166   -0.184166 (VIOLATED)
_2601_/S                                0.750000    0.932418   -0.182418 (VIOLATED)
_2596_/A                                0.750000    0.932416   -0.182416 (VIOLATED)
ANTENNA_9/DIODE                         0.750000    0.932410   -0.182410 (VIOLATED)
fanout472/A                             0.750000    0.932409   -0.182409 (VIOLATED)
_2533_/S                                0.750000    0.932406   -0.182406 (VIOLATED)
_2672_/S                                0.750000    0.932405   -0.182405 (VIOLATED)
_2589_/A1                               0.750000    0.932403   -0.182403 (VIOLATED)
fanout471/A                             0.750000    0.932394   -0.182394 (VIOLATED)
fanout473/X                             0.750000    0.932391   -0.182391 (VIOLATED)
_2639_/B                                0.750000    0.921973   -0.171973 (VIOLATED)
_2636_/B                                0.750000    0.921970   -0.171971 (VIOLATED)
_2634_/B                                0.750000    0.921970   -0.171970 (VIOLATED)
_2633_/A                                0.750000    0.921937   -0.171937 (VIOLATED)
_3673_/A1                               0.750000    0.921901   -0.171901 (VIOLATED)
_4723_/A1                               0.750000    0.921872   -0.171872 (VIOLATED)
_4432_/A                                0.750000    0.921859   -0.171859 (VIOLATED)
_4431_/A                                0.750000    0.921858   -0.171858 (VIOLATED)
_4468_/A                                0.750000    0.921858   -0.171859 (VIOLATED)
_4554_/A1                               0.750000    0.921855   -0.171855 (VIOLATED)
fanout297/X                             0.750000    0.921855   -0.171855 (VIOLATED)
_2949_/B1                               0.750000    0.901855   -0.151855 (VIOLATED)
_2959_/B1                               0.750000    0.901849   -0.151849 (VIOLATED)
_2956_/B1                               0.750000    0.901849   -0.151849 (VIOLATED)
_2950_/B1                               0.750000    0.901847   -0.151847 (VIOLATED)
_2955_/B1                               0.750000    0.901841   -0.151841 (VIOLATED)
_2961_/B1                               0.750000    0.901837   -0.151837 (VIOLATED)
_2957_/B1                               0.750000    0.901835   -0.151835 (VIOLATED)
_2962_/B1                               0.750000    0.901835   -0.151835 (VIOLATED)
_2963_/B1                               0.750000    0.901835   -0.151835 (VIOLATED)
_2964_/B1                               0.750000    0.901835   -0.151835 (VIOLATED)
fanout176/X                             0.750000    0.901835   -0.151835 (VIOLATED)
_3862_/A1                               0.750000    0.898148   -0.148148 (VIOLATED)
_3608_/A1                               0.750000    0.898146   -0.148146 (VIOLATED)
_3658_/A0                               0.750000    0.898144   -0.148144 (VIOLATED)
_2584_/A                                0.750000    0.898126   -0.148126 (VIOLATED)
_2583_/A                                0.750000    0.898126   -0.148126 (VIOLATED)
_3484_/A                                0.750000    0.898111   -0.148111 (VIOLATED)
_3485_/A                                0.750000    0.898111   -0.148111 (VIOLATED)
_3256_/A                                0.750000    0.898100   -0.148100 (VIOLATED)
_3255_/A                                0.750000    0.898099   -0.148099 (VIOLATED)
_3415_/A1                               0.750000    0.898097   -0.148097 (VIOLATED)
fanout388/X                             0.750000    0.898097   -0.148097 (VIOLATED)
_3626_/A1                               0.750000    0.894221   -0.144221 (VIOLATED)
_2852_/A                                0.750000    0.894208   -0.144208 (VIOLATED)
_2604_/A                                0.750000    0.894201   -0.144201 (VIOLATED)
_3474_/A                                0.750000    0.894152   -0.144152 (VIOLATED)
_3479_/A                                0.750000    0.894152   -0.144152 (VIOLATED)
_3480_/A1                               0.750000    0.894150   -0.144150 (VIOLATED)
_3486_/A1                               0.750000    0.894145   -0.144145 (VIOLATED)
_3260_/A                                0.750000    0.894138   -0.144138 (VIOLATED)
_3403_/A                                0.750000    0.894138   -0.144138 (VIOLATED)
_3411_/A1                               0.750000    0.894138   -0.144138 (VIOLATED)
fanout391/X                             0.750000    0.894138   -0.144138 (VIOLATED)
_2475_/B2                               0.750000    0.889169   -0.139169 (VIOLATED)
_2487_/B2                               0.750000    0.889169   -0.139169 (VIOLATED)
_2499_/B2                               0.750000    0.889169   -0.139169 (VIOLATED)
_2511_/B2                               0.750000    0.889169   -0.139169 (VIOLATED)
_2524_/B2                               0.750000    0.889169   -0.139169 (VIOLATED)
_2534_/B2                               0.750000    0.889169   -0.139169 (VIOLATED)
_2593_/B2                               0.750000    0.889169   -0.139169 (VIOLATED)
_2603_/B2                               0.750000    0.889169   -0.139169 (VIOLATED)
_2647_/B2                               0.750000    0.889169   -0.139169 (VIOLATED)
fanout361/A                             0.750000    0.889169   -0.139169 (VIOLATED)
fanout362/X                             0.750000    0.889169   -0.139169 (VIOLATED)
_2897_/B                                0.750000    0.888719   -0.138719 (VIOLATED)
_2923_/B2                               0.750000    0.888719   -0.138719 (VIOLATED)
_2945_/B2                               0.750000    0.888717   -0.138717 (VIOLATED)
_2942_/B2                               0.750000    0.888717   -0.138717 (VIOLATED)
_2898_/A2                               0.750000    0.888716   -0.138716 (VIOLATED)
_2939_/B2                               0.750000    0.888716   -0.138716 (VIOLATED)
_2901_/B2                               0.750000    0.888503   -0.138503 (VIOLATED)
_2917_/B2                               0.750000    0.888503   -0.138503 (VIOLATED)
_2920_/B2                               0.750000    0.888503   -0.138503 (VIOLATED)
_2936_/B2                               0.750000    0.888503   -0.138503 (VIOLATED)
fanout269/X                             0.750000    0.888503   -0.138503 (VIOLATED)
_3193_/B1                               0.750000    0.884415   -0.134415 (VIOLATED)
_3191_/B1                               0.750000    0.884413   -0.134413 (VIOLATED)
_3198_/B1                               0.750000    0.884402   -0.134402 (VIOLATED)
_3192_/B1                               0.750000    0.884401   -0.134401 (VIOLATED)
_3203_/B1                               0.750000    0.884401   -0.134401 (VIOLATED)
_3197_/B1                               0.750000    0.884390   -0.134390 (VIOLATED)
_3205_/B1                               0.750000    0.884361   -0.134361 (VIOLATED)
_3204_/B1                               0.750000    0.884353   -0.134353 (VIOLATED)
_3206_/B1                               0.750000    0.884348   -0.134348 (VIOLATED)
_3199_/B1                               0.750000    0.884347   -0.134347 (VIOLATED)
fanout158/X                             0.750000    0.884347   -0.134347 (VIOLATED)
_4407_/A                                0.750000    0.880475   -0.130475 (VIOLATED)
fanout389/A                             0.750000    0.880403   -0.130403 (VIOLATED)
_3478_/A                                0.750000    0.880354   -0.130354 (VIOLATED)
_3477_/A                                0.750000    0.880353   -0.130353 (VIOLATED)
_3258_/A                                0.750000    0.880339   -0.130339 (VIOLATED)
_3259_/A                                0.750000    0.880336   -0.130336 (VIOLATED)
_3413_/A1                               0.750000    0.880336   -0.130336 (VIOLATED)
fanout390/X                             0.750000    0.880336   -0.130336 (VIOLATED)
_2904_/A2                               0.750000    0.879608   -0.129608 (VIOLATED)
_2898_/B1                               0.750000    0.879607   -0.129607 (VIOLATED)
_2920_/A2                               0.750000    0.879599   -0.129599 (VIOLATED)
_2936_/A2                               0.750000    0.879586   -0.129586 (VIOLATED)
_2901_/A2                               0.750000    0.879585   -0.129585 (VIOLATED)
_2917_/A2                               0.750000    0.879584   -0.129584 (VIOLATED)
_2939_/A2                               0.750000    0.879580   -0.129580 (VIOLATED)
_2942_/A2                               0.750000    0.879580   -0.129580 (VIOLATED)
_2945_/A2                               0.750000    0.879573   -0.129573 (VIOLATED)
_2923_/A2                               0.750000    0.879571   -0.129571 (VIOLATED)
fanout204/X                             0.750000    0.879571   -0.129571 (VIOLATED)
_3461_/B2                               0.750000    0.879442   -0.129442 (VIOLATED)
_3851_/A                                0.750000    0.879414   -0.129414 (VIOLATED)
fanout382/A                             0.750000    0.879388   -0.129388 (VIOLATED)
_2460_/D1                               0.750000    0.879387   -0.129387 (VIOLATED)
_3731_/C                                0.750000    0.879384   -0.129384 (VIOLATED)
_3732_/C                                0.750000    0.879369   -0.129370 (VIOLATED)
_3439_/A1                               0.750000    0.879269   -0.129269 (VIOLATED)
fanout383/X                             0.750000    0.879269   -0.129269 (VIOLATED)
_3190_/B                                0.750000    0.875960   -0.125960 (VIOLATED)
_3205_/A2                               0.750000    0.875960   -0.125960 (VIOLATED)
_3199_/A2                               0.750000    0.875960   -0.125960 (VIOLATED)
_3204_/A2                               0.750000    0.875959   -0.125959 (VIOLATED)
_3206_/A2                               0.750000    0.875959   -0.125959 (VIOLATED)
_3191_/A2                               0.750000    0.875958   -0.125958 (VIOLATED)
_3197_/A2                               0.750000    0.875955   -0.125955 (VIOLATED)
_3192_/A2                               0.750000    0.875954   -0.125954 (VIOLATED)
_3198_/A2                               0.750000    0.875953   -0.125953 (VIOLATED)
_3203_/A2                               0.750000    0.875743   -0.125743 (VIOLATED)
fanout241/X                             0.750000    0.875743   -0.125743 (VIOLATED)
_3598_/A1                               0.750000    0.862637   -0.112637 (VIOLATED)
_2573_/A                                0.750000    0.862634   -0.112635 (VIOLATED)
_2612_/A                                0.750000    0.862634   -0.112634 (VIOLATED)
_2610_/A                                0.750000    0.862632   -0.112632 (VIOLATED)
_2611_/A                                0.750000    0.862632   -0.112632 (VIOLATED)
_3493_/A                                0.750000    0.862616   -0.112616 (VIOLATED)
_3492_/A                                0.750000    0.862616   -0.112616 (VIOLATED)
_3269_/A                                0.750000    0.862597   -0.112597 (VIOLATED)
_3268_/A                                0.750000    0.862594   -0.112594 (VIOLATED)
_3417_/A1                               0.750000    0.862592   -0.112592 (VIOLATED)
fanout387/X                             0.750000    0.862592   -0.112592 (VIOLATED)
_3044_/B1                               0.750000    0.854881   -0.104881 (VIOLATED)
_3046_/B1                               0.750000    0.854880   -0.104880 (VIOLATED)
_3054_/B1                               0.750000    0.854876   -0.104876 (VIOLATED)
_3045_/B1                               0.750000    0.854875   -0.104875 (VIOLATED)
_3056_/B1                               0.750000    0.854874   -0.104874 (VIOLATED)
_3050_/B1                               0.750000    0.854663   -0.104663 (VIOLATED)
_3052_/B1                               0.750000    0.854663   -0.104663 (VIOLATED)
_3057_/B1                               0.750000    0.854663   -0.104663 (VIOLATED)
_3058_/B1                               0.750000    0.854663   -0.104663 (VIOLATED)
_3059_/B1                               0.750000    0.854663   -0.104663 (VIOLATED)
fanout257/X                             0.750000    0.854663   -0.104663 (VIOLATED)
_3007_/B1                               0.750000    0.854488   -0.104488 (VIOLATED)
_3009_/B1                               0.750000    0.854485   -0.104485 (VIOLATED)
_3019_/B1                               0.750000    0.854467   -0.104467 (VIOLATED)
_3017_/B1                               0.750000    0.854467   -0.104467 (VIOLATED)
_3008_/B1                               0.750000    0.854465   -0.104465 (VIOLATED)
_3013_/B1                               0.750000    0.854462   -0.104462 (VIOLATED)
_3020_/B1                               0.750000    0.854462   -0.104462 (VIOLATED)
_3022_/B1                               0.750000    0.854462   -0.104462 (VIOLATED)
_3015_/B1                               0.750000    0.854462   -0.104462 (VIOLATED)
_3021_/B1                               0.750000    0.854461   -0.104461 (VIOLATED)
_3083_/B1                               0.750000    0.854301   -0.104301 (VIOLATED)
_3081_/B1                               0.750000    0.854300   -0.104300 (VIOLATED)
_3082_/B1                               0.750000    0.854294   -0.104294 (VIOLATED)
_3091_/B1                               0.750000    0.854294   -0.104294 (VIOLATED)
_3093_/B1                               0.750000    0.854292   -0.104292 (VIOLATED)
_3087_/B1                               0.750000    0.854282   -0.104282 (VIOLATED)
_3094_/B1                               0.750000    0.854280   -0.104280 (VIOLATED)
_3096_/B1                               0.750000    0.854280   -0.104280 (VIOLATED)
_3089_/B1                               0.750000    0.854279   -0.104279 (VIOLATED)
_3095_/B1                               0.750000    0.854279   -0.104279 (VIOLATED)
fanout172/X                             0.750000    0.854247   -0.104247 (VIOLATED)
fanout166/X                             0.750000    0.854067   -0.104067 (VIOLATED)
_3461_/A1                               0.750000    0.852193   -0.102193 (VIOLATED)
_3732_/D                                0.750000    0.852189   -0.102189 (VIOLATED)
_4209_/A1                               0.750000    0.852188   -0.102188 (VIOLATED)
_4232_/A1                               0.750000    0.852188   -0.102188 (VIOLATED)
_4272_/A1                               0.750000    0.852188   -0.102188 (VIOLATED)
_3731_/D                                0.750000    0.852185   -0.102185 (VIOLATED)
fanout384/A                             0.750000    0.852176   -0.102176 (VIOLATED)
fanout385/X                             0.750000    0.852176   -0.102176 (VIOLATED)
_2692_/A                                0.750000    0.848991   -0.098991 (VIOLATED)
_2698_/A                                0.750000    0.848989   -0.098989 (VIOLATED)
_3654_/S                                0.750000    0.848965   -0.098965 (VIOLATED)
_3655_/S                                0.750000    0.848965   -0.098965 (VIOLATED)
_2707_/A1                               0.750000    0.848963   -0.098963 (VIOLATED)
_4485_/A1                               0.750000    0.848961   -0.098961 (VIOLATED)
_4609_/A0                               0.750000    0.848959   -0.098959 (VIOLATED)
_4591_/B2                               0.750000    0.848957   -0.098957 (VIOLATED)
_4547_/A                                0.750000    0.848955   -0.098955 (VIOLATED)
_4648_/A1                               0.750000    0.848955   -0.098955 (VIOLATED)
fanout327/X                             0.750000    0.848955   -0.098955 (VIOLATED)
_3155_/A2                               0.750000    0.842568   -0.092568 (VIOLATED)
_3165_/A2                               0.750000    0.842557   -0.092557 (VIOLATED)
_3156_/A2                               0.750000    0.842556   -0.092556 (VIOLATED)
_3167_/A2                               0.750000    0.842544   -0.092544 (VIOLATED)
_3170_/A2                               0.750000    0.842541   -0.092541 (VIOLATED)
_3154_/B                                0.750000    0.842539   -0.092539 (VIOLATED)
_3161_/A2                               0.750000    0.842539   -0.092539 (VIOLATED)
_3163_/A2                               0.750000    0.842539   -0.092539 (VIOLATED)
_3168_/A2                               0.750000    0.842539   -0.092539 (VIOLATED)
_3169_/A2                               0.750000    0.842539   -0.092539 (VIOLATED)
fanout245/X                             0.750000    0.842539   -0.092539 (VIOLATED)
_3209_/A2                               0.750000    0.831675   -0.081675 (VIOLATED)
_3219_/A2                               0.750000    0.831655   -0.081655 (VIOLATED)
_3208_/B                                0.750000    0.831647   -0.081647 (VIOLATED)
_3222_/A2                               0.750000    0.831647   -0.081647 (VIOLATED)
_3223_/A2                               0.750000    0.831647   -0.081647 (VIOLATED)
_3221_/A2                               0.750000    0.831647   -0.081647 (VIOLATED)
_3217_/A2                               0.750000    0.831646   -0.081646 (VIOLATED)
_3224_/A2                               0.750000    0.831645   -0.081645 (VIOLATED)
_3215_/A2                               0.750000    0.831644   -0.081644 (VIOLATED)
_3210_/A2                               0.750000    0.831641   -0.081641 (VIOLATED)
fanout239/X                             0.750000    0.831641   -0.081641 (VIOLATED)
_2428_/A                                0.750000    0.830059   -0.080059 (VIOLATED)
_2451_/A                                0.750000    0.830059   -0.080059 (VIOLATED)
_2445_/D                                0.750000    0.830058   -0.080058 (VIOLATED)
_2460_/B1                               0.750000    0.830056   -0.080056 (VIOLATED)
_3731_/A                                0.750000    0.830056   -0.080056 (VIOLATED)
_3463_/A                                0.750000    0.830052   -0.080052 (VIOLATED)
_2449_/A                                0.750000    0.830046   -0.080046 (VIOLATED)
_3732_/A                                0.750000    0.830042   -0.080043 (VIOLATED)
_2450_/A                                0.750000    0.830030   -0.080030 (VIOLATED)
_3443_/A1                               0.750000    0.829998   -0.079998 (VIOLATED)
fanout378/X                             0.750000    0.829998   -0.079998 (VIOLATED)
_3132_/B1                               0.750000    0.827088   -0.077088 (VIOLATED)
_3126_/B1                               0.750000    0.827087   -0.077087 (VIOLATED)
_3131_/B1                               0.750000    0.827086   -0.077086 (VIOLATED)
_3133_/B1                               0.750000    0.827082   -0.077082 (VIOLATED)
_3130_/B1                               0.750000    0.827079   -0.077079 (VIOLATED)
_3121_/B1                               0.750000    0.827077   -0.077077 (VIOLATED)
_3118_/B1                               0.750000    0.827076   -0.077076 (VIOLATED)
_3119_/B1                               0.750000    0.827076   -0.077076 (VIOLATED)
_3120_/B1                               0.750000    0.827076   -0.077076 (VIOLATED)
_3124_/B1                               0.750000    0.827076   -0.077076 (VIOLATED)
fanout164/X                             0.750000    0.827076   -0.077076 (VIOLATED)
_3044_/A2                               0.750000    0.824696   -0.074696 (VIOLATED)
_3045_/A2                               0.750000    0.824684   -0.074684 (VIOLATED)
_3057_/A2                               0.750000    0.824684   -0.074684 (VIOLATED)
_3059_/A2                               0.750000    0.824684   -0.074684 (VIOLATED)
_3054_/A2                               0.750000    0.824683   -0.074683 (VIOLATED)
_3043_/B                                0.750000    0.824682   -0.074682 (VIOLATED)
_3050_/A2                               0.750000    0.824682   -0.074682 (VIOLATED)
_3052_/A2                               0.750000    0.824682   -0.074682 (VIOLATED)
_3056_/A2                               0.750000    0.824682   -0.074682 (VIOLATED)
_3058_/A2                               0.750000    0.824682   -0.074682 (VIOLATED)
fanout286/X                             0.750000    0.824682   -0.074682 (VIOLATED)
_3211_/B1                               0.750000    0.824234   -0.074234 (VIOLATED)
_3209_/B1                               0.750000    0.824233   -0.074234 (VIOLATED)
_3219_/B1                               0.750000    0.824226   -0.074226 (VIOLATED)
_3210_/B1                               0.750000    0.824225   -0.074225 (VIOLATED)
_3221_/B1                               0.750000    0.824220   -0.074220 (VIOLATED)
_3215_/B1                               0.750000    0.824204   -0.074204 (VIOLATED)
_3224_/B1                               0.750000    0.824199   -0.074199 (VIOLATED)
_3222_/B1                               0.750000    0.824198   -0.074198 (VIOLATED)
_3217_/B1                               0.750000    0.824196   -0.074196 (VIOLATED)
_3223_/B1                               0.750000    0.823984   -0.073984 (VIOLATED)
fanout156/X                             0.750000    0.823984   -0.073984 (VIOLATED)
_3062_/B1                               0.750000    0.820108   -0.070108 (VIOLATED)
_3064_/B1                               0.750000    0.820101   -0.070101 (VIOLATED)
_3063_/B1                               0.750000    0.820084   -0.070084 (VIOLATED)
_3072_/B1                               0.750000    0.820070   -0.070070 (VIOLATED)
_3074_/B1                               0.750000    0.820029   -0.070029 (VIOLATED)
_3068_/B1                               0.750000    0.820018   -0.070018 (VIOLATED)
_3075_/B1                               0.750000    0.819951   -0.069951 (VIOLATED)
_3077_/B1                               0.750000    0.819950   -0.069950 (VIOLATED)
_3070_/B1                               0.750000    0.819942   -0.069942 (VIOLATED)
_3076_/B1                               0.750000    0.819940   -0.069940 (VIOLATED)
fanout168/X                             0.750000    0.819940   -0.069940 (VIOLATED)
_3120_/A2                               0.750000    0.818360   -0.068360 (VIOLATED)
_3118_/A2                               0.750000    0.818360   -0.068360 (VIOLATED)
_3117_/B                                0.750000    0.818352   -0.068352 (VIOLATED)
_3119_/A2                               0.750000    0.818347   -0.068347 (VIOLATED)
_3124_/A2                               0.750000    0.818339   -0.068340 (VIOLATED)
_3132_/A2                               0.750000    0.818339   -0.068339 (VIOLATED)
_3131_/A2                               0.750000    0.818338   -0.068338 (VIOLATED)
_3126_/A2                               0.750000    0.818338   -0.068338 (VIOLATED)
_3130_/A2                               0.750000    0.818337   -0.068337 (VIOLATED)
_3133_/A2                               0.750000    0.818337   -0.068337 (VIOLATED)
fanout249/X                             0.750000    0.818337   -0.068337 (VIOLATED)
_4201_/A                                0.750000    0.816050   -0.066050 (VIOLATED)
_4521_/A1                               0.750000    0.816049   -0.066049 (VIOLATED)
_3976_/A0                               0.750000    0.816040   -0.066040 (VIOLATED)
fanout312/A                             0.750000    0.816039   -0.066039 (VIOLATED)
_2525_/B                                0.750000    0.816037   -0.066037 (VIOLATED)
_2526_/B                                0.750000    0.816037   -0.066037 (VIOLATED)
_2622_/B                                0.750000    0.816037   -0.066037 (VIOLATED)
_3803_/A                                0.750000    0.816036   -0.066036 (VIOLATED)
_3804_/A                                0.750000    0.816036   -0.066036 (VIOLATED)
_3884_/B                                0.750000    0.816036   -0.066036 (VIOLATED)
fanout313/X                             0.750000    0.816036   -0.066036 (VIOLATED)
_3155_/B1                               0.750000    0.815770   -0.065770 (VIOLATED)
_3156_/B1                               0.750000    0.815770   -0.065770 (VIOLATED)
_3157_/B1                               0.750000    0.815770   -0.065770 (VIOLATED)
_3161_/B1                               0.750000    0.815770   -0.065770 (VIOLATED)
_3163_/B1                               0.750000    0.815770   -0.065770 (VIOLATED)
_3165_/B1                               0.750000    0.815770   -0.065770 (VIOLATED)
_3167_/B1                               0.750000    0.815770   -0.065770 (VIOLATED)
_3168_/B1                               0.750000    0.815770   -0.065770 (VIOLATED)
_3169_/B1                               0.750000    0.815770   -0.065770 (VIOLATED)
_3170_/B1                               0.750000    0.815770   -0.065770 (VIOLATED)
fanout160/X                             0.750000    0.815770   -0.065770 (VIOLATED)
_2732_/B1                               0.750000    0.800596   -0.050596 (VIOLATED)
_2714_/B1                               0.750000    0.800595   -0.050595 (VIOLATED)
_2804_/B1                               0.750000    0.800568   -0.050568 (VIOLATED)
_2723_/B1                               0.750000    0.800556   -0.050556 (VIOLATED)
_2822_/B1                               0.750000    0.800537   -0.050537 (VIOLATED)
_2768_/B1                               0.750000    0.800537   -0.050537 (VIOLATED)
_2786_/B1                               0.750000    0.800535   -0.050535 (VIOLATED)
_2840_/B1                               0.750000    0.800533   -0.050533 (VIOLATED)
_2832_/B2                               0.750000    0.800530   -0.050530 (VIOLATED)
_2850_/B2                               0.750000    0.800530   -0.050530 (VIOLATED)
fanout357/X                             0.750000    0.800530   -0.050530 (VIOLATED)
_3081_/A2                               0.750000    0.799806   -0.049806 (VIOLATED)
_3080_/B                                0.750000    0.799604   -0.049604 (VIOLATED)
_3082_/A2                               0.750000    0.799604   -0.049604 (VIOLATED)
_3087_/A2                               0.750000    0.799604   -0.049604 (VIOLATED)
_3089_/A2                               0.750000    0.799604   -0.049604 (VIOLATED)
_3091_/A2                               0.750000    0.799604   -0.049604 (VIOLATED)
_3093_/A2                               0.750000    0.799604   -0.049604 (VIOLATED)
_3094_/A2                               0.750000    0.799604   -0.049604 (VIOLATED)
_3095_/A2                               0.750000    0.799604   -0.049604 (VIOLATED)
_3096_/A2                               0.750000    0.799604   -0.049604 (VIOLATED)
fanout253/X                             0.750000    0.799604   -0.049604 (VIOLATED)
_2988_/A2                               0.750000    0.797275   -0.047275 (VIOLATED)
_2998_/A2                               0.750000    0.797251   -0.047251 (VIOLATED)
_3000_/A2                               0.750000    0.797243   -0.047243 (VIOLATED)
_3001_/A2                               0.750000    0.797240   -0.047240 (VIOLATED)
_2994_/A2                               0.750000    0.797237   -0.047237 (VIOLATED)
_3003_/A2                               0.750000    0.797233   -0.047233 (VIOLATED)
_2987_/B                                0.750000    0.797229   -0.047229 (VIOLATED)
_2996_/A2                               0.750000    0.797228   -0.047228 (VIOLATED)
_3002_/A2                               0.750000    0.797227   -0.047227 (VIOLATED)
_2989_/A2                               0.750000    0.797225   -0.047225 (VIOLATED)
fanout263/X                             0.750000    0.797225   -0.047225 (VIOLATED)
_3006_/B                                0.750000    0.793092   -0.043092 (VIOLATED)
_3007_/A2                               0.750000    0.793092   -0.043092 (VIOLATED)
_3008_/A2                               0.750000    0.793092   -0.043092 (VIOLATED)
_3013_/A2                               0.750000    0.793092   -0.043092 (VIOLATED)
_3015_/A2                               0.750000    0.793092   -0.043092 (VIOLATED)
_3017_/A2                               0.750000    0.793092   -0.043092 (VIOLATED)
_3019_/A2                               0.750000    0.793092   -0.043092 (VIOLATED)
_3020_/A2                               0.750000    0.793092   -0.043092 (VIOLATED)
_3021_/A2                               0.750000    0.793092   -0.043092 (VIOLATED)
_3022_/A2                               0.750000    0.793092   -0.043092 (VIOLATED)
fanout261/X                             0.750000    0.793092   -0.043092 (VIOLATED)
_2969_/A2                               0.750000    0.783407   -0.033407 (VIOLATED)
_2970_/A2                               0.750000    0.783390   -0.033390 (VIOLATED)
_2979_/A2                               0.750000    0.783384   -0.033384 (VIOLATED)
_2981_/A2                               0.750000    0.783358   -0.033358 (VIOLATED)
_2975_/A2                               0.750000    0.783341   -0.033341 (VIOLATED)
_2984_/A2                               0.750000    0.783338   -0.033338 (VIOLATED)
_2982_/A2                               0.750000    0.783324   -0.033324 (VIOLATED)
_2977_/A2                               0.750000    0.783319   -0.033319 (VIOLATED)
_2983_/A2                               0.750000    0.783308   -0.033308 (VIOLATED)
_2968_/B                                0.750000    0.783299   -0.033299 (VIOLATED)
fanout288/X                             0.750000    0.783299   -0.033299 (VIOLATED)
_4457_/B                                0.750000    0.773414   -0.023414 (VIOLATED)
_3956_/A1                               0.750000    0.773413   -0.023413 (VIOLATED)
_3632_/A1                               0.750000    0.773402   -0.023403 (VIOLATED)
_3670_/A1                               0.750000    0.773386   -0.023386 (VIOLATED)
_4007_/A0                               0.750000    0.773372   -0.023372 (VIOLATED)
_2500_/A                                0.750000    0.773350   -0.023350 (VIOLATED)
_2501_/B                                0.750000    0.773350   -0.023350 (VIOLATED)
_2503_/B                                0.750000    0.773350   -0.023350 (VIOLATED)
_3741_/A                                0.750000    0.773350   -0.023350 (VIOLATED)
_3742_/A                                0.750000    0.773350   -0.023350 (VIOLATED)
fanout316/X                             0.750000    0.773350   -0.023350 (VIOLATED)
_3100_/A2                               0.750000    0.771981   -0.021981 (VIOLATED)
_3102_/A2                               0.750000    0.771980   -0.021980 (VIOLATED)
_3114_/A2                               0.750000    0.771975   -0.021975 (VIOLATED)
_3101_/A2                               0.750000    0.771975   -0.021975 (VIOLATED)
_3106_/A2                               0.750000    0.771972   -0.021972 (VIOLATED)
_3099_/B                                0.750000    0.771971   -0.021971 (VIOLATED)
_3108_/A2                               0.750000    0.771958   -0.021958 (VIOLATED)
_3113_/A2                               0.750000    0.771958   -0.021958 (VIOLATED)
_3115_/A2                               0.750000    0.771954   -0.021954 (VIOLATED)
_3112_/A2                               0.750000    0.771951   -0.021951 (VIOLATED)
fanout284/X                             0.750000    0.771951   -0.021951 (VIOLATED)
_2714_/A1                               0.750000    0.770717   -0.020717 (VIOLATED)
ANTENNA_6/DIODE                         0.750000    0.770717   -0.020717 (VIOLATED)
ANTENNA_8/DIODE                         0.750000    0.770712   -0.020712 (VIOLATED)
_2802_/A                                0.750000    0.770712   -0.020712 (VIOLATED)
_2721_/A                                0.750000    0.770706   -0.020706 (VIOLATED)
ANTENNA_7/DIODE                         0.750000    0.770705   -0.020705 (VIOLATED)
_2828_/A1                               0.750000    0.770701   -0.020701 (VIOLATED)
_2846_/A1                               0.750000    0.770701   -0.020701 (VIOLATED)
_2768_/A1                               0.750000    0.770700   -0.020700 (VIOLATED)
_2786_/A1                               0.750000    0.770700   -0.020700 (VIOLATED)
_2822_/A1                               0.750000    0.770700   -0.020700 (VIOLATED)
_2831_/S                                0.750000    0.770700   -0.020700 (VIOLATED)
_2840_/A1                               0.750000    0.770700   -0.020700 (VIOLATED)
fanout359/X                             0.750000    0.770700   -0.020700 (VIOLATED)
_4151_/A0                               0.750000    0.769991   -0.019991 (VIOLATED)
_3649_/A1                               0.750000    0.769981   -0.019981 (VIOLATED)
_3663_/A0                               0.750000    0.769956   -0.019956 (VIOLATED)
_3978_/A1                               0.750000    0.769943   -0.019943 (VIOLATED)
_2535_/A                                0.750000    0.769924   -0.019924 (VIOLATED)
_2536_/B                                0.750000    0.769895   -0.019895 (VIOLATED)
_2620_/B                                0.750000    0.769895   -0.019895 (VIOLATED)
_3790_/A                                0.750000    0.769890   -0.019890 (VIOLATED)
_3792_/A                                0.750000    0.769890   -0.019890 (VIOLATED)
_3793_/A                                0.750000    0.769890   -0.019890 (VIOLATED)
fanout310/X                             0.750000    0.769890   -0.019890 (VIOLATED)
_3062_/A2                               0.750000    0.764053   -0.014053 (VIOLATED)
_3063_/A2                               0.750000    0.764051   -0.014051 (VIOLATED)
_3072_/A2                               0.750000    0.764050   -0.014050 (VIOLATED)
_3061_/B                                0.750000    0.763859   -0.013859 (VIOLATED)
_3068_/A2                               0.750000    0.763859   -0.013859 (VIOLATED)
_3070_/A2                               0.750000    0.763859   -0.013859 (VIOLATED)
_3074_/A2                               0.750000    0.763859   -0.013859 (VIOLATED)
_3075_/A2                               0.750000    0.763859   -0.013859 (VIOLATED)
_3076_/A2                               0.750000    0.763859   -0.013859 (VIOLATED)
_3077_/A2                               0.750000    0.763859   -0.013859 (VIOLATED)
fanout255/X                             0.750000    0.763859   -0.013859 (VIOLATED)
_4273_/B1                               0.750000    0.760629   -0.010629 (VIOLATED)
_4321_/B1                               0.750000    0.760626   -0.010626 (VIOLATED)
_4300_/B1                               0.750000    0.760624   -0.010624 (VIOLATED)
_4348_/B1                               0.750000    0.760621   -0.010621 (VIOLATED)
_4372_/A2                               0.750000    0.760614   -0.010614 (VIOLATED)
_4158_/B1                               0.750000    0.760603   -0.010603 (VIOLATED)
_4135_/B1                               0.750000    0.760602   -0.010602 (VIOLATED)
_4084_/A2_N                             0.750000    0.760395   -0.010395 (VIOLATED)
_4101_/B1                               0.750000    0.760395   -0.010395 (VIOLATED)
_4256_/B1                               0.750000    0.760395   -0.010395 (VIOLATED)
fanout276/X                             0.750000    0.760395   -0.010395 (VIOLATED)
_2983_/B1                               0.750000    0.756077   -0.006077 (VIOLATED)
_2977_/B1                               0.750000    0.756074   -0.006074 (VIOLATED)
_2982_/B1                               0.750000    0.756072   -0.006072 (VIOLATED)
_2984_/B1                               0.750000    0.756066   -0.006066 (VIOLATED)
_2975_/B1                               0.750000    0.756063   -0.006063 (VIOLATED)
_2969_/B1                               0.750000    0.756063   -0.006063 (VIOLATED)
_2971_/B1                               0.750000    0.756061   -0.006061 (VIOLATED)
_2981_/B1                               0.750000    0.756061   -0.006061 (VIOLATED)
_2970_/B1                               0.750000    0.755858   -0.005858 (VIOLATED)
_2979_/B1                               0.750000    0.755858   -0.005858 (VIOLATED)
fanout265/X                             0.750000    0.755858   -0.005858 (VIOLATED)
_3607_/B2                               0.750000    0.753309   -0.003309 (VIOLATED)
_3597_/B2                               0.750000    0.753308   -0.003309 (VIOLATED)
_3802_/B2                               0.750000    0.753307   -0.003307 (VIOLATED)
_3616_/B2                               0.750000    0.753304   -0.003304 (VIOLATED)
_3752_/B2                               0.750000    0.753304   -0.003304 (VIOLATED)
_3789_/B2                               0.750000    0.753302   -0.003302 (VIOLATED)
_3690_/B2                               0.750000    0.753115   -0.003115 (VIOLATED)
_3740_/B2                               0.750000    0.753115   -0.003115 (VIOLATED)
_3765_/B2                               0.750000    0.753115   -0.003115 (VIOLATED)
_3776_/B2                               0.750000    0.753115   -0.003115 (VIOLATED)
fanout366/X                             0.750000    0.753115   -0.003115 (VIOLATED)
_2715_/A1                               0.750000    0.750890   -0.000890 (VIOLATED)
_2805_/A1                               0.750000    0.750879   -0.000879 (VIOLATED)
_2724_/A1                               0.750000    0.750876   -0.000876 (VIOLATED)
_2823_/A1                               0.750000    0.750875   -0.000875 (VIOLATED)
_2769_/A1                               0.750000    0.750875   -0.000875 (VIOLATED)
_2787_/A1                               0.750000    0.750871   -0.000871 (VIOLATED)
_2841_/A1                               0.750000    0.750871   -0.000871 (VIOLATED)
_2437_/A                                0.750000    0.750870   -0.000870 (VIOLATED)
_2828_/B1                               0.750000    0.750870   -0.000870 (VIOLATED)
_2846_/B1                               0.750000    0.750870   -0.000870 (VIOLATED)
fanout393/X                             0.750000    0.750869   -0.000869 (VIOLATED)

max fanout

Pin                                   Limit Fanout  Slack
---------------------------------------------------------
fanout359/X                              10     13     -3 (VIOLATED)
clkbuf_leaf_24_CLK/X                     10     12     -2 (VIOLATED)
clkbuf_leaf_25_CLK/X                     10     12     -2 (VIOLATED)
fanout320/X                              10     12     -2 (VIOLATED)
clkbuf_leaf_0_CLK/X                      10     11        (VIOLATED)
clkbuf_leaf_16_CLK/X                     10     11        (VIOLATED)
clkbuf_leaf_22_CLK/X                     10     11        (VIOLATED)
clkbuf_leaf_23_CLK/X                     10     11        (VIOLATED)
clkbuf_leaf_2_CLK/X                      10     11        (VIOLATED)
clkbuf_leaf_36_CLK/X                     10     11        (VIOLATED)
clkbuf_leaf_3_CLK/X                      10     11        (VIOLATED)
clkbuf_leaf_4_CLK/X                      10     11        (VIOLATED)
clkbuf_leaf_6_CLK/X                      10     11        (VIOLATED)



===========================================================================
report_parasitic_annotation -report_unannotated
============================================================================
Found 22 unannotated drivers.
 clkload0/X
 clkload1/X
 clkload10/Y
 clkload11/X
 clkload12/X
 clkload13/Y
 clkload14/X
 clkload15/Y
 clkload16/X
 clkload17/X
 clkload18/Y
 clkload19/Y
 clkload2/X
 clkload20/X
 clkload21/X
 clkload3/X
 clkload4/X
 clkload5/X
 clkload6/X
 clkload7/X
 clkload8/X
 clkload9/X
Found 0 partially unannotated drivers.

===========================================================================
max slew violation count 509
max fanout violation count 13
max cap violation count 0
============================================================================

===========================================================================
check_setup -verbose -unconstrained_endpoints -multiple_clock -no_clock -no_input_delay -loops -generated_clocks
===========================================================================
