                                                                        Cells by Master                                                                         
┏━━━━━━━━━━━━━━━━━━━━━━━━━━━━━━━━━━━━━━━━━━━━━━━━━━━━━━━━━━━━━━━━━━━━━━━━━━━━━━━━━━━━━━━━━━━━━━━━━━━━━━━━━━━━━━━━━━━━━━━━━━━━━━━━━━━┳━━━━━━━━━━━━━━━━━━━━━━━━━━┓
┃ Cell                                                                                                                              ┃ Count                    ┃
┡━━━━━━━━━━━━━━━━━━━━━━━━━━━━━━━━━━━━━━━━━━━━━━━━━━━━━━━━━━━━━━━━━━━━━━━━━━━━━━━━━━━━━━━━━━━━━━━━━━━━━━━━━━━━━━━━━━━━━━━━━━━━━━━━━━━╇━━━━━━━━━━━━━━━━━━━━━━━━━━┩
│ sky130_fd_sc_hd__a2111o_2                                                                                                         │ 1                        │
│ sky130_fd_sc_hd__a211o_2                                                                                                          │ 33                       │
│ sky130_fd_sc_hd__a211oi_2                                                                                                         │ 3                        │
│ sky130_fd_sc_hd__a21bo_2                                                                                                          │ 11                       │
│ sky130_fd_sc_hd__a21boi_2                                                                                                         │ 6                        │
│ sky130_fd_sc_hd__a21o_2                                                                                                           │ 58                       │
│ sky130_fd_sc_hd__a21oi_2                                                                                                          │ 71                       │
│ sky130_fd_sc_hd__a221o_2                                                                                                          │ 26                       │
│ sky130_fd_sc_hd__a221oi_2                                                                                                         │ 4                        │
│ sky130_fd_sc_hd__a22o_2                                                                                                           │ 343                      │
│ sky130_fd_sc_hd__a22oi_2                                                                                                          │ 13                       │
│ sky130_fd_sc_hd__a2bb2o_2                                                                                                         │ 5                        │
│ sky130_fd_sc_hd__a311o_2                                                                                                          │ 4                        │
│ sky130_fd_sc_hd__a31o_2                                                                                                           │ 33                       │
│ sky130_fd_sc_hd__a31oi_2                                                                                                          │ 1                        │
│ sky130_fd_sc_hd__a32o_2                                                                                                           │ 6                        │
│ sky130_fd_sc_hd__a41o_2                                                                                                           │ 2                        │
│ sky130_fd_sc_hd__and2_2                                                                                                           │ 80                       │
│ sky130_fd_sc_hd__and2_4                                                                                                           │ 1                        │
│ sky130_fd_sc_hd__and2b_2                                                                                                          │ 19                       │
│ sky130_fd_sc_hd__and3_2                                                                                                           │ 69                       │
│ sky130_fd_sc_hd__and3b_2                                                                                                          │ 5                        │
│ sky130_fd_sc_hd__and4_2                                                                                                           │ 13                       │
│ sky130_fd_sc_hd__and4b_2                                                                                                          │ 9                        │
│ sky130_fd_sc_hd__and4bb_2                                                                                                         │ 2                        │
│ sky130_fd_sc_hd__buf_12                                                                                                           │ 18                       │
│ sky130_fd_sc_hd__buf_4                                                                                                            │ 13                       │
│ sky130_fd_sc_hd__buf_6                                                                                                            │ 29                       │
│ sky130_fd_sc_hd__buf_8                                                                                                            │ 14                       │
│ sky130_fd_sc_hd__bufinv_16                                                                                                        │ 5                        │
│ sky130_fd_sc_hd__clkbuf_16                                                                                                        │ 5                        │
│ sky130_fd_sc_hd__clkbuf_2                                                                                                         │ 1                        │
│ sky130_fd_sc_hd__clkbuf_4                                                                                                         │ 14                       │
│ sky130_fd_sc_hd__clkbuf_8                                                                                                         │ 50                       │
│ sky130_fd_sc_hd__clkdlybuf4s25_1                                                                                                  │ 106                      │
│ sky130_fd_sc_hd__clkinv_2                                                                                                         │ 8                        │
│ sky130_fd_sc_hd__clkinv_4                                                                                                         │ 1                        │
│ sky130_fd_sc_hd__decap_3                                                                                                          │ 6644                     │
│ sky130_fd_sc_hd__dfxtp_2                                                                                                          │ 410                      │
│ sky130_fd_sc_hd__dfxtp_4                                                                                                          │ 6                        │
│ sky130_fd_sc_hd__fill_1                                                                                                           │ 942                      │
│ sky130_fd_sc_hd__fill_2                                                                                                           │ 765                      │
│ sky130_fd_sc_hd__inv_12                                                                                                           │ 1                        │
│ sky130_fd_sc_hd__inv_2                                                                                                            │ 66                       │
│ sky130_fd_sc_hd__inv_6                                                                                                            │ 2                        │
│ sky130_fd_sc_hd__mux2_1                                                                                                           │ 220                      │
│ sky130_fd_sc_hd__mux2_2                                                                                                           │ 2                        │
│ sky130_fd_sc_hd__mux2_4                                                                                                           │ 2                        │
│ sky130_fd_sc_hd__mux4_2                                                                                                           │ 192                      │
│ sky130_fd_sc_hd__nand2_2                                                                                                          │ 138                      │
│ sky130_fd_sc_hd__nand2_8                                                                                                          │ 1                        │
│ sky130_fd_sc_hd__nand2b_2                                                                                                         │ 21                       │
│ sky130_fd_sc_hd__nand3_2                                                                                                          │ 2                        │
│ sky130_fd_sc_hd__nand3b_2                                                                                                         │ 1                        │
│ sky130_fd_sc_hd__nand4_2                                                                                                          │ 4                        │
│ sky130_fd_sc_hd__nor2_2                                                                                                           │ 194                      │
│ sky130_fd_sc_hd__nor2_4                                                                                                           │ 36                       │
│ sky130_fd_sc_hd__nor3_2                                                                                                           │ 4                        │
│ sky130_fd_sc_hd__nor4_2                                                                                                           │ 1                        │
│ sky130_fd_sc_hd__nor4b_4                                                                                                          │ 1                        │
│ sky130_fd_sc_hd__o2111a_2                                                                                                         │ 5                        │
│ sky130_fd_sc_hd__o2111ai_2                                                                                                        │ 1                        │
│ sky130_fd_sc_hd__o211a_2                                                                                                          │ 86                       │
│ sky130_fd_sc_hd__o211ai_2                                                                                                         │ 2                        │
│ sky130_fd_sc_hd__o21a_2                                                                                                           │ 91                       │
│ sky130_fd_sc_hd__o21ai_2                                                                                                          │ 56                       │
│ sky130_fd_sc_hd__o21ba_2                                                                                                          │ 6                        │
│ sky130_fd_sc_hd__o221a_2                                                                                                          │ 34                       │
│ sky130_fd_sc_hd__o221ai_2                                                                                                         │ 1                        │
│ sky130_fd_sc_hd__o22a_2                                                                                                           │ 62                       │
│ sky130_fd_sc_hd__o2bb2a_2                                                                                                         │ 30                       │
│ sky130_fd_sc_hd__o311a_2                                                                                                          │ 18                       │
│ sky130_fd_sc_hd__o31a_2                                                                                                           │ 17                       │
│ sky130_fd_sc_hd__o31ai_2                                                                                                          │ 4                        │
│ sky130_fd_sc_hd__o31ai_4                                                                                                          │ 1                        │
│ sky130_fd_sc_hd__o32a_2                                                                                                           │ 11                       │
│ sky130_fd_sc_hd__or2_2                                                                                                            │ 185                      │
│ sky130_fd_sc_hd__or3_2                                                                                                            │ 27                       │
│ sky130_fd_sc_hd__or3b_2                                                                                                           │ 19                       │
│ sky130_fd_sc_hd__or4_2                                                                                                            │ 17                       │
│ sky130_fd_sc_hd__or4b_2                                                                                                           │ 6                        │
│ sky130_fd_sc_hd__or4bb_2                                                                                                          │ 1                        │
│ sky130_fd_sc_hd__tapvpwrvgnd_1                                                                                                    │ 912                      │
│ sky130_fd_sc_hd__xnor2_2                                                                                                          │ 49                       │
│ sky130_fd_sc_hd__xor2_2                                                                                                           │ 17                       │
└───────────────────────────────────────────────────────────────────────────────────────────────────────────────────────────────────┴──────────────────────────┘
