
===========================================================================
report_checks -unconstrained
===========================================================================
======================= nom_tt_025C_1v80 Corner ===================================

Startpoint: _5125_ (rising edge-triggered flip-flop clocked by CLK)
Endpoint: DEVICES_LDW (output port clocked by CLK)
Path Group: CLK
Path Type: max

Fanout         Cap        Slew       Delay        Time   Description
---------------------------------------------------------------------------------------------
                                  0.000000    0.000000   clock CLK (rise edge)
                                  0.000000    0.000000   clock source latency
     1    0.052207    0.238895    0.166329    0.166329 ^ CLK (in)
                                                         CLK (net)
                      0.238917    0.000000    0.166329 ^ clkbuf_0_CLK/A (sky130_fd_sc_hd__clkbuf_16)
     8    0.134379    0.147970    0.268359    0.434688 ^ clkbuf_0_CLK/X (sky130_fd_sc_hd__clkbuf_16)
                                                         clknet_0_CLK (net)
                      0.149171    0.010674    0.445362 ^ clkbuf_3_0__f_CLK/A (sky130_fd_sc_hd__clkbuf_16)
     6    0.057706    0.076320    0.191050    0.636412 ^ clkbuf_3_0__f_CLK/X (sky130_fd_sc_hd__clkbuf_16)
                                                         clknet_3_0__leaf_CLK (net)
                      0.076345    0.001366    0.637778 ^ clkbuf_leaf_3_CLK/A (sky130_fd_sc_hd__clkbuf_8)
    11    0.032684    0.070390    0.159079    0.796857 ^ clkbuf_leaf_3_CLK/X (sky130_fd_sc_hd__clkbuf_8)
                                                         clknet_leaf_3_CLK (net)
                      0.070402    0.000919    0.797777 ^ _5125_/CLK (sky130_fd_sc_hd__dfxtp_2)
     1    0.003683    0.033257    0.317069    1.114846 ^ _5125_/Q (sky130_fd_sc_hd__dfxtp_2)
                                                         _0010_ (net)
                      0.033257    0.000110    1.114956 ^ fanout473/A (sky130_fd_sc_hd__clkdlybuf4s25_1)
     9    0.100871    0.998152    0.903920    2.018876 ^ fanout473/X (sky130_fd_sc_hd__clkdlybuf4s25_1)
                                                         net473 (net)
                      0.998366    0.012267    2.031142 ^ fanout472/A (sky130_fd_sc_hd__dlymetal6s4s_1)
    10    0.079955    0.775168    0.786049    2.817191 ^ fanout472/X (sky130_fd_sc_hd__dlymetal6s4s_1)
                                                         net472 (net)
                      0.775308    0.008703    2.825894 ^ _2434_/A (sky130_fd_sc_hd__inv_2)
     1    0.002555    0.088646    0.037732    2.863626 v _2434_/Y (sky130_fd_sc_hd__inv_2)
                                                         _2324_ (net)
                      0.088646    0.000072    2.863698 v fanout365/A (sky130_fd_sc_hd__clkdlybuf4s25_1)
     6    0.073861    0.536621    0.640445    3.504143 v fanout365/X (sky130_fd_sc_hd__clkdlybuf4s25_1)
                                                         net365 (net)
                      0.536623    0.001942    3.506084 v fanout363/A (sky130_fd_sc_hd__dlymetal6s4s_1)
    10    0.068220    0.327345    0.659932    4.166016 v fanout363/X (sky130_fd_sc_hd__dlymetal6s4s_1)
                                                         net363 (net)
                      0.327379    0.003528    4.169544 v _2592_/S (sky130_fd_sc_hd__mux2_1)
     1    0.009114    0.085326    0.450747    4.620292 v _2592_/X (sky130_fd_sc_hd__mux2_1)
                                                         _0467_ (net)
                      0.085326    0.000411    4.620703 v _2593_/B1 (sky130_fd_sc_hd__a22o_2)
     1    0.008783    0.061852    0.238798    4.859500 v _2593_/X (sky130_fd_sc_hd__a22o_2)
                                                         _0468_ (net)
                      0.061852    0.000417    4.859918 v fanout301/A (sky130_fd_sc_hd__clkdlybuf4s25_1)
     8    0.074619    0.543175    0.630167    5.490086 v fanout301/X (sky130_fd_sc_hd__clkdlybuf4s25_1)
                                                         net301 (net)
                      0.543175    0.000759    5.490844 v fanout299/A (sky130_fd_sc_hd__dlymetal6s4s_1)
    10    0.075941    0.363920    0.690609    6.181453 v fanout299/X (sky130_fd_sc_hd__dlymetal6s4s_1)
                                                         net299 (net)
                      0.363972    0.004309    6.185762 v _2606_/B (sky130_fd_sc_hd__xor2_2)
     3    0.019778    0.213708    0.296895    6.482657 v _2606_/X (sky130_fd_sc_hd__xor2_2)
                                                         _0481_ (net)
                      0.213708    0.000700    6.483357 v _2608_/A2 (sky130_fd_sc_hd__a21o_2)
     2    0.015740    0.063459    0.307069    6.790426 v _2608_/X (sky130_fd_sc_hd__a21o_2)
                                                         _0483_ (net)
                      0.063461    0.000510    6.790936 v _2609_/A2 (sky130_fd_sc_hd__a21o_2)
     2    0.012573    0.057104    0.243870    7.034805 v _2609_/X (sky130_fd_sc_hd__a21o_2)
                                                         _0484_ (net)
                      0.057104    0.000261    7.035067 v _2614_/A1 (sky130_fd_sc_hd__a21bo_2)
     3    0.023989    0.083019    0.246989    7.282055 v _2614_/X (sky130_fd_sc_hd__a21bo_2)
                                                         _0489_ (net)
                      0.083063    0.001759    7.283814 v _2619_/A2 (sky130_fd_sc_hd__a31o_2)
     3    0.021604    0.079901    0.295148    7.578962 v _2619_/X (sky130_fd_sc_hd__a31o_2)
                                                         _0494_ (net)
                      0.079911    0.000918    7.579880 v _2624_/A1 (sky130_fd_sc_hd__a311o_2)
     4    0.047982    0.155320    0.446658    8.026538 v _2624_/X (sky130_fd_sc_hd__a311o_2)
                                                         _0499_ (net)
                      0.155654    0.006295    8.032833 v _2679_/A (sky130_fd_sc_hd__nand4_2)
     2    0.014918    0.123100    0.150611    8.183444 ^ _2679_/Y (sky130_fd_sc_hd__nand4_2)
                                                         _0554_ (net)
                      0.123105    0.000769    8.184214 ^ _2683_/A1 (sky130_fd_sc_hd__a21bo_2)
     4    0.019322    0.112456    0.202619    8.386833 ^ _2683_/X (sky130_fd_sc_hd__a21bo_2)
                                                         _0558_ (net)
                      0.112457    0.000601    8.387434 ^ _2688_/A3 (sky130_fd_sc_hd__a311o_2)
     3    0.014004    0.090474    0.225632    8.613066 ^ _2688_/X (sky130_fd_sc_hd__a311o_2)
                                                         _0563_ (net)
                      0.090475    0.000398    8.613464 ^ _2689_/B (sky130_fd_sc_hd__nand2_2)
     1    0.009257    0.067060    0.073902    8.687366 v _2689_/Y (sky130_fd_sc_hd__nand2_2)
                                                         _0564_ (net)
                      0.067060    0.000302    8.687668 v _2690_/B (sky130_fd_sc_hd__xnor2_2)
     3    0.024472    0.134078    0.198094    8.885761 v _2690_/Y (sky130_fd_sc_hd__xnor2_2)
                                                         _0565_ (net)
                      0.134152    0.001335    8.887096 v _2696_/B (sky130_fd_sc_hd__or2_2)
     5    0.023300    0.107257    0.374905    9.262001 v _2696_/X (sky130_fd_sc_hd__or2_2)
                                                         _0567_ (net)
                      0.107257    0.000462    9.262463 v _2701_/B (sky130_fd_sc_hd__nor2_2)
     1    0.005640    0.129037    0.115079    9.377542 ^ _2701_/Y (sky130_fd_sc_hd__nor2_2)
                                                         net51 (net)
                      0.129037    0.000223    9.377765 ^ output51/A (sky130_fd_sc_hd__clkdlybuf4s25_1)
     1    0.035097    0.354803    0.493189    9.870954 ^ output51/X (sky130_fd_sc_hd__clkdlybuf4s25_1)
                                                         DEVICES_LDW (net)
                      0.354803    0.000892    9.871845 ^ DEVICES_LDW (out)
                                              9.871845   data arrival time

                                 20.000000   20.000000   clock CLK (rise edge)
                                  0.000000   20.000000   clock network delay (propagated)
                                 -0.250000   19.750002   clock uncertainty
                                  0.000000   19.750002   clock reconvergence pessimism
                                 -4.000000   15.750001   output external delay
                                             15.750001   data required time
---------------------------------------------------------------------------------------------
                                             15.750001   data required time
                                             -9.871845   data arrival time
---------------------------------------------------------------------------------------------
                                              5.878156   slack (MET)




===========================================================================
report_checks --slack_max -0.01
============================================================================
======================= nom_tt_025C_1v80 Corner ===================================

No paths found.


===========================================================================
 report_check_types -max_slew -max_cap -max_fanout -violators
============================================================================
======================= nom_tt_025C_1v80 Corner ===================================

max slew

Pin                                        Limit        Slew       Slack
------------------------------------------------------------------------
_4611_/A0                               0.750000    1.078837   -0.328837 (VIOLATED)
_2888_/A1                               0.750000    1.078828   -0.328828 (VIOLATED)
_2694_/A                                0.750000    1.078827   -0.328827 (VIOLATED)
_4664_/A0                               0.750000    1.078827   -0.328827 (VIOLATED)
_2700_/A                                0.750000    1.078826   -0.328826 (VIOLATED)
_3457_/A                                0.750000    1.078826   -0.328826 (VIOLATED)
_2459_/A1                               0.750000    1.078825   -0.328825 (VIOLATED)
_4704_/A0                               0.750000    1.078825   -0.328825 (VIOLATED)
_4681_/A1                               0.750000    1.078824   -0.328824 (VIOLATED)
_4808_/B2                               0.750000    1.078810   -0.328810 (VIOLATED)
fanout322/X                             0.750000    1.078810   -0.328810 (VIOLATED)
_2541_/B1                               0.750000    1.068746   -0.318746 (VIOLATED)
_2520_/B1                               0.750000    1.068733   -0.318733 (VIOLATED)
_2507_/B1                               0.750000    1.068730   -0.318730 (VIOLATED)
_2471_/B1                               0.750000    1.068718   -0.318718 (VIOLATED)
_2589_/B1                               0.750000    1.068710   -0.318710 (VIOLATED)
_2495_/B1                               0.750000    1.068709   -0.318710 (VIOLATED)
_2530_/B1                               0.750000    1.068706   -0.318706 (VIOLATED)
_2643_/B1                               0.750000    1.068704   -0.318704 (VIOLATED)
_2435_/A                                0.750000    1.068704   -0.318704 (VIOLATED)
_2483_/B1                               0.750000    1.068696   -0.318696 (VIOLATED)
fanout469/X                             0.750000    1.068690   -0.318690 (VIOLATED)
_3175_/B1                               0.750000    1.050304   -0.300304 (VIOLATED)
_3173_/B1                               0.750000    1.050297   -0.300297 (VIOLATED)
_3180_/B1                               0.750000    1.050206   -0.300206 (VIOLATED)
_3179_/B1                               0.750000    1.050182   -0.300182 (VIOLATED)
_3174_/B1                               0.750000    1.050178   -0.300178 (VIOLATED)
_3185_/B1                               0.750000    1.050167   -0.300167 (VIOLATED)
_3181_/B1                               0.750000    1.050159   -0.300159 (VIOLATED)
_3186_/B1                               0.750000    1.050159   -0.300159 (VIOLATED)
_3187_/B1                               0.750000    1.050159   -0.300159 (VIOLATED)
_3188_/B1                               0.750000    1.050159   -0.300159 (VIOLATED)
fanout243/X                             0.750000    1.050159   -0.300159 (VIOLATED)
_2949_/B1                               0.750000    1.021582   -0.271582 (VIOLATED)
_2950_/B1                               0.750000    1.021574   -0.271574 (VIOLATED)
_2959_/B1                               0.750000    1.021570   -0.271570 (VIOLATED)
_2956_/B1                               0.750000    1.021559   -0.271559 (VIOLATED)
ANTENNA_3/DIODE                         0.750000    1.021559   -0.271559 (VIOLATED)
_2955_/B1                               0.750000    1.021558   -0.271558 (VIOLATED)
_2961_/B1                               0.750000    1.021556   -0.271556 (VIOLATED)
_2963_/B1                               0.750000    1.021545   -0.271545 (VIOLATED)
_2957_/B1                               0.750000    1.021545   -0.271545 (VIOLATED)
_2962_/B1                               0.750000    1.021545   -0.271545 (VIOLATED)
_2964_/B1                               0.750000    1.021544   -0.271544 (VIOLATED)
fanout176/X                             0.750000    1.021542   -0.271542 (VIOLATED)
_3173_/A2                               0.750000    1.012686   -0.262686 (VIOLATED)
ANTENNA_23/DIODE                        0.750000    1.012685   -0.262685 (VIOLATED)
_3172_/B                                0.750000    1.012682   -0.262682 (VIOLATED)
_3187_/A2                               0.750000    1.012681   -0.262681 (VIOLATED)
_3181_/A2                               0.750000    1.012680   -0.262680 (VIOLATED)
_3186_/A2                               0.750000    1.012680   -0.262680 (VIOLATED)
_3188_/A2                               0.750000    1.012676   -0.262676 (VIOLATED)
_3179_/A2                               0.750000    1.012675   -0.262675 (VIOLATED)
_3180_/A2                               0.750000    1.012673   -0.262673 (VIOLATED)
_3174_/A2                               0.750000    1.012673   -0.262673 (VIOLATED)
_3185_/A2                               0.750000    1.012664   -0.262664 (VIOLATED)
fanout282/X                             0.750000    1.012661   -0.262661 (VIOLATED)
_2880_/A                                0.750000    1.002179   -0.252179 (VIOLATED)
_2888_/B1                               0.750000    1.002178   -0.252178 (VIOLATED)
_2883_/A                                0.750000    1.002177   -0.252177 (VIOLATED)
_2887_/B                                0.750000    1.002166   -0.252166 (VIOLATED)
_2858_/A                                0.750000    1.002134   -0.252134 (VIOLATED)
_2860_/A                                0.750000    1.002135   -0.252135 (VIOLATED)
_2862_/A                                0.750000    1.002135   -0.252135 (VIOLATED)
_2856_/A                                0.750000    1.002132   -0.252132 (VIOLATED)
_2854_/A_N                              0.750000    1.002132   -0.252132 (VIOLATED)
fanout344/A                             0.750000    1.002119   -0.252119 (VIOLATED)
fanout345/X                             0.750000    1.002118   -0.252118 (VIOLATED)
_2460_/D1                               0.750000    0.998721   -0.248721 (VIOLATED)
_3731_/C                                0.750000    0.998719   -0.248719 (VIOLATED)
_3461_/B2                               0.750000    0.998718   -0.248718 (VIOLATED)
_3851_/A                                0.750000    0.998690   -0.248691 (VIOLATED)
ANTENNA_19/DIODE                        0.750000    0.998688   -0.248688 (VIOLATED)
_3732_/C                                0.750000    0.998685   -0.248685 (VIOLATED)
fanout382/A                             0.750000    0.998664   -0.248664 (VIOLATED)
_3439_/A1                               0.750000    0.998500   -0.248500 (VIOLATED)
fanout383/X                             0.750000    0.998500   -0.248500 (VIOLATED)
_2601_/S                                0.750000    0.998470   -0.248470 (VIOLATED)
_2596_/A                                0.750000    0.998429   -0.248429 (VIOLATED)
ANTENNA_22/DIODE                        0.750000    0.998382   -0.248382 (VIOLATED)
fanout472/A                             0.750000    0.998366   -0.248366 (VIOLATED)
_2672_/S                                0.750000    0.998318   -0.248318 (VIOLATED)
_2533_/S                                0.750000    0.998318   -0.248318 (VIOLATED)
_2589_/A1                               0.750000    0.998301   -0.248301 (VIOLATED)
ANTENNA_21/DIODE                        0.750000    0.998288   -0.248288 (VIOLATED)
fanout471/A                             0.750000    0.998158   -0.248158 (VIOLATED)
fanout473/X                             0.750000    0.998152   -0.248152 (VIOLATED)
_3193_/B1                               0.750000    0.986042   -0.236042 (VIOLATED)
_3191_/B1                               0.750000    0.986037   -0.236037 (VIOLATED)
_3198_/B1                               0.750000    0.986007   -0.236007 (VIOLATED)
_3203_/B1                               0.750000    0.986000   -0.236000 (VIOLATED)
_3192_/B1                               0.750000    0.986000   -0.236000 (VIOLATED)
_3197_/B1                               0.750000    0.985957   -0.235957 (VIOLATED)
_3205_/B1                               0.750000    0.985935   -0.235935 (VIOLATED)
_3204_/B1                               0.750000    0.985919   -0.235919 (VIOLATED)
_3206_/B1                               0.750000    0.985903   -0.235903 (VIOLATED)
_3199_/B1                               0.750000    0.985897   -0.235897 (VIOLATED)
fanout158/X                             0.750000    0.985895   -0.235895 (VIOLATED)
_2897_/B                                0.750000    0.984881   -0.234881 (VIOLATED)
_2923_/B2                               0.750000    0.984880   -0.234880 (VIOLATED)
_2945_/B2                               0.750000    0.984875   -0.234875 (VIOLATED)
_2942_/B2                               0.750000    0.984872   -0.234872 (VIOLATED)
_2939_/B2                               0.750000    0.984871   -0.234871 (VIOLATED)
_2898_/A2                               0.750000    0.984863   -0.234863 (VIOLATED)
_2917_/B2                               0.750000    0.984863   -0.234863 (VIOLATED)
_2901_/B2                               0.750000    0.984859   -0.234859 (VIOLATED)
_2920_/B2                               0.750000    0.984854   -0.234854 (VIOLATED)
_2936_/B2                               0.750000    0.984847   -0.234847 (VIOLATED)
fanout269/X                             0.750000    0.984847   -0.234847 (VIOLATED)
_2603_/B2                               0.750000    0.982544   -0.232544 (VIOLATED)
_2524_/B2                               0.750000    0.982540   -0.232540 (VIOLATED)
fanout361/A                             0.750000    0.982536   -0.232536 (VIOLATED)
_2593_/B2                               0.750000    0.982534   -0.232534 (VIOLATED)
_2511_/B2                               0.750000    0.982532   -0.232532 (VIOLATED)
_2647_/B2                               0.750000    0.982531   -0.232531 (VIOLATED)
_2475_/B2                               0.750000    0.982529   -0.232529 (VIOLATED)
_2534_/B2                               0.750000    0.982528   -0.232528 (VIOLATED)
_2499_/B2                               0.750000    0.982522   -0.232522 (VIOLATED)
_2487_/B2                               0.750000    0.982521   -0.232521 (VIOLATED)
fanout362/X                             0.750000    0.982520   -0.232520 (VIOLATED)
_2639_/B                                0.750000    0.982470   -0.232470 (VIOLATED)
_2636_/B                                0.750000    0.982465   -0.232465 (VIOLATED)
_2634_/B                                0.750000    0.982460   -0.232460 (VIOLATED)
_2633_/A                                0.750000    0.982403   -0.232403 (VIOLATED)
_3673_/A1                               0.750000    0.982335   -0.232335 (VIOLATED)
_4723_/A1                               0.750000    0.982265   -0.232265 (VIOLATED)
_4431_/A                                0.750000    0.982239   -0.232239 (VIOLATED)
_4432_/A                                0.750000    0.982239   -0.232239 (VIOLATED)
_4468_/A                                0.750000    0.982239   -0.232239 (VIOLATED)
_4554_/A1                               0.750000    0.982232   -0.232232 (VIOLATED)
fanout297/X                             0.750000    0.982231   -0.232231 (VIOLATED)
_2904_/A2                               0.750000    0.978270   -0.228270 (VIOLATED)
_2898_/B1                               0.750000    0.978266   -0.228266 (VIOLATED)
_2920_/A2                               0.750000    0.978240   -0.228240 (VIOLATED)
_2901_/A2                               0.750000    0.978214   -0.228214 (VIOLATED)
_2936_/A2                               0.750000    0.978191   -0.228191 (VIOLATED)
_2917_/A2                               0.750000    0.978170   -0.228170 (VIOLATED)
_2939_/A2                               0.750000    0.978147   -0.228147 (VIOLATED)
_2942_/A2                               0.750000    0.978141   -0.228141 (VIOLATED)
_2945_/A2                               0.750000    0.978119   -0.228119 (VIOLATED)
_2923_/A2                               0.750000    0.978110   -0.228110 (VIOLATED)
fanout204/X                             0.750000    0.978106   -0.228106 (VIOLATED)
_4407_/A                                0.750000    0.975623   -0.225623 (VIOLATED)
fanout389/A                             0.750000    0.975478   -0.225478 (VIOLATED)
_3478_/A                                0.750000    0.975332   -0.225332 (VIOLATED)
_3477_/A                                0.750000    0.975331   -0.225331 (VIOLATED)
_3258_/A                                0.750000    0.975306   -0.225306 (VIOLATED)
_3259_/A                                0.750000    0.975302   -0.225302 (VIOLATED)
_3413_/A1                               0.750000    0.975302   -0.225302 (VIOLATED)
fanout390/X                             0.750000    0.975288   -0.225288 (VIOLATED)
_3862_/A1                               0.750000    0.971948   -0.221948 (VIOLATED)
_3608_/A1                               0.750000    0.971944   -0.221944 (VIOLATED)
_3658_/A0                               0.750000    0.971935   -0.221935 (VIOLATED)
_2583_/A                                0.750000    0.971899   -0.221899 (VIOLATED)
_2584_/A                                0.750000    0.971899   -0.221899 (VIOLATED)
_3485_/A                                0.750000    0.971862   -0.221863 (VIOLATED)
_3484_/A                                0.750000    0.971862   -0.221862 (VIOLATED)
_3256_/A                                0.750000    0.971836   -0.221836 (VIOLATED)
_3255_/A                                0.750000    0.971833   -0.221833 (VIOLATED)
_3415_/A1                               0.750000    0.971824   -0.221824 (VIOLATED)
fanout388/X                             0.750000    0.971822   -0.221822 (VIOLATED)
_3626_/A1                               0.750000    0.951516   -0.201516 (VIOLATED)
_2852_/A                                0.750000    0.951485   -0.201485 (VIOLATED)
_2604_/A                                0.750000    0.951472   -0.201472 (VIOLATED)
_3474_/A                                0.750000    0.951378   -0.201378 (VIOLATED)
_3479_/A                                0.750000    0.951365   -0.201365 (VIOLATED)
_3480_/A1                               0.750000    0.951356   -0.201356 (VIOLATED)
_3486_/A1                               0.750000    0.951347   -0.201348 (VIOLATED)
_3403_/A                                0.750000    0.951317   -0.201317 (VIOLATED)
_3411_/A1                               0.750000    0.951317   -0.201317 (VIOLATED)
_3260_/A                                0.750000    0.951316   -0.201316 (VIOLATED)
fanout391/X                             0.750000    0.951316   -0.201316 (VIOLATED)
_3083_/B1                               0.750000    0.942291   -0.192291 (VIOLATED)
_3081_/B1                               0.750000    0.942288   -0.192288 (VIOLATED)
_3091_/B1                               0.750000    0.942265   -0.192265 (VIOLATED)
_3082_/B1                               0.750000    0.942262   -0.192262 (VIOLATED)
_3093_/B1                               0.750000    0.942257   -0.192257 (VIOLATED)
_3087_/B1                               0.750000    0.942225   -0.192225 (VIOLATED)
_3094_/B1                               0.750000    0.942215   -0.192215 (VIOLATED)
_3096_/B1                               0.750000    0.942215   -0.192215 (VIOLATED)
_3089_/B1                               0.750000    0.942214   -0.192214 (VIOLATED)
_3095_/B1                               0.750000    0.942213   -0.192213 (VIOLATED)
fanout166/X                             0.750000    0.942199   -0.192199 (VIOLATED)
_3191_/A2                               0.750000    0.938511   -0.188511 (VIOLATED)
_3198_/A2                               0.750000    0.938498   -0.188498 (VIOLATED)
_3205_/A2                               0.750000    0.938497   -0.188497 (VIOLATED)
_3190_/B                                0.750000    0.938496   -0.188496 (VIOLATED)
_3192_/A2                               0.750000    0.938496   -0.188496 (VIOLATED)
_3199_/A2                               0.750000    0.938496   -0.188496 (VIOLATED)
_3204_/A2                               0.750000    0.938495   -0.188495 (VIOLATED)
_3197_/A2                               0.750000    0.938495   -0.188495 (VIOLATED)
_3206_/A2                               0.750000    0.938495   -0.188495 (VIOLATED)
_3203_/A2                               0.750000    0.938486   -0.188486 (VIOLATED)
fanout241/X                             0.750000    0.938483   -0.188483 (VIOLATED)
_3044_/B1                               0.750000    0.938408   -0.188408 (VIOLATED)
_3046_/B1                               0.750000    0.938404   -0.188404 (VIOLATED)
_3054_/B1                               0.750000    0.938394   -0.188395 (VIOLATED)
_3045_/B1                               0.750000    0.938394   -0.188394 (VIOLATED)
_3056_/B1                               0.750000    0.938391   -0.188391 (VIOLATED)
_3050_/B1                               0.750000    0.938385   -0.188385 (VIOLATED)
_3058_/B1                               0.750000    0.938380   -0.188380 (VIOLATED)
_3057_/B1                               0.750000    0.938377   -0.188377 (VIOLATED)
_3059_/B1                               0.750000    0.938376   -0.188376 (VIOLATED)
_3052_/B1                               0.750000    0.938376   -0.188376 (VIOLATED)
fanout257/X                             0.750000    0.938373   -0.188373 (VIOLATED)
_3209_/A2                               0.750000    0.932022   -0.182022 (VIOLATED)
_3219_/A2                               0.750000    0.931982   -0.181982 (VIOLATED)
_3210_/A2                               0.750000    0.931975   -0.181975 (VIOLATED)
_3221_/A2                               0.750000    0.931975   -0.181975 (VIOLATED)
_3208_/B                                0.750000    0.931966   -0.181966 (VIOLATED)
_3223_/A2                               0.750000    0.931965   -0.181965 (VIOLATED)
_3222_/A2                               0.750000    0.931964   -0.181964 (VIOLATED)
_3217_/A2                               0.750000    0.931964   -0.181964 (VIOLATED)
_3224_/A2                               0.750000    0.931963   -0.181963 (VIOLATED)
_3215_/A2                               0.750000    0.931961   -0.181961 (VIOLATED)
fanout239/X                             0.750000    0.931949   -0.181949 (VIOLATED)
_3062_/B1                               0.750000    0.921678   -0.171678 (VIOLATED)
_3064_/B1                               0.750000    0.921659   -0.171659 (VIOLATED)
_3063_/B1                               0.750000    0.921560   -0.171560 (VIOLATED)
_3072_/B1                               0.750000    0.921516   -0.171516 (VIOLATED)
_3074_/B1                               0.750000    0.921499   -0.171499 (VIOLATED)
_3068_/B1                               0.750000    0.921472   -0.171472 (VIOLATED)
_3075_/B1                               0.750000    0.921339   -0.171339 (VIOLATED)
_3077_/B1                               0.750000    0.921338   -0.171338 (VIOLATED)
_3070_/B1                               0.750000    0.921320   -0.171320 (VIOLATED)
_3076_/B1                               0.750000    0.921311   -0.171311 (VIOLATED)
fanout168/X                             0.750000    0.921311   -0.171311 (VIOLATED)
_2692_/A                                0.750000    0.908948   -0.158948 (VIOLATED)
_2698_/A                                0.750000    0.908945   -0.158945 (VIOLATED)
_3654_/S                                0.750000    0.908909   -0.158909 (VIOLATED)
_3655_/S                                0.750000    0.908908   -0.158908 (VIOLATED)
_2707_/A1                               0.750000    0.908902   -0.158902 (VIOLATED)
_4485_/A1                               0.750000    0.908902   -0.158902 (VIOLATED)
_4609_/A0                               0.750000    0.908896   -0.158896 (VIOLATED)
_4591_/B2                               0.750000    0.908893   -0.158893 (VIOLATED)
_4547_/A                                0.750000    0.908889   -0.158889 (VIOLATED)
_4648_/A1                               0.750000    0.908887   -0.158887 (VIOLATED)
fanout327/X                             0.750000    0.908887   -0.158887 (VIOLATED)
_3598_/A1                               0.750000    0.906470   -0.156470 (VIOLATED)
_2573_/A                                0.750000    0.906465   -0.156465 (VIOLATED)
_2612_/A                                0.750000    0.906464   -0.156464 (VIOLATED)
_2610_/A                                0.750000    0.906460   -0.156460 (VIOLATED)
_2611_/A                                0.750000    0.906460   -0.156460 (VIOLATED)
_3492_/A                                0.750000    0.906424   -0.156424 (VIOLATED)
_3493_/A                                0.750000    0.906424   -0.156424 (VIOLATED)
_3269_/A                                0.750000    0.906398   -0.156399 (VIOLATED)
_3268_/A                                0.750000    0.906392   -0.156392 (VIOLATED)
_3417_/A1                               0.750000    0.906392   -0.156392 (VIOLATED)
fanout387/X                             0.750000    0.906391   -0.156391 (VIOLATED)
_3157_/B1                               0.750000    0.897620   -0.147621 (VIOLATED)
_3155_/B1                               0.750000    0.897619   -0.147619 (VIOLATED)
_3165_/B1                               0.750000    0.897615   -0.147615 (VIOLATED)
_3156_/B1                               0.750000    0.897610   -0.147610 (VIOLATED)
_3161_/B1                               0.750000    0.897598   -0.147598 (VIOLATED)
_3163_/B1                               0.750000    0.897598   -0.147598 (VIOLATED)
_3167_/B1                               0.750000    0.897598   -0.147598 (VIOLATED)
_3170_/B1                               0.750000    0.897594   -0.147594 (VIOLATED)
_3169_/B1                               0.750000    0.897593   -0.147593 (VIOLATED)
_3168_/B1                               0.750000    0.897592   -0.147592 (VIOLATED)
fanout160/X                             0.750000    0.897368   -0.147368 (VIOLATED)
_3118_/A2                               0.750000    0.893830   -0.143830 (VIOLATED)
_3120_/A2                               0.750000    0.893830   -0.143830 (VIOLATED)
_3117_/B                                0.750000    0.893826   -0.143826 (VIOLATED)
_3119_/A2                               0.750000    0.893826   -0.143826 (VIOLATED)
_3124_/A2                               0.750000    0.893825   -0.143825 (VIOLATED)
_3126_/A2                               0.750000    0.893611   -0.143611 (VIOLATED)
_3130_/A2                               0.750000    0.893611   -0.143611 (VIOLATED)
_3131_/A2                               0.750000    0.893611   -0.143611 (VIOLATED)
_3132_/A2                               0.750000    0.893611   -0.143611 (VIOLATED)
_3133_/A2                               0.750000    0.893611   -0.143611 (VIOLATED)
fanout249/X                             0.750000    0.893611   -0.143611 (VIOLATED)
_3007_/B1                               0.750000    0.889577   -0.139577 (VIOLATED)
_3009_/B1                               0.750000    0.889572   -0.139572 (VIOLATED)
_3019_/B1                               0.750000    0.889532   -0.139532 (VIOLATED)
_3017_/B1                               0.750000    0.889529   -0.139529 (VIOLATED)
_3008_/B1                               0.750000    0.889513   -0.139513 (VIOLATED)
_3022_/B1                               0.750000    0.889508   -0.139508 (VIOLATED)
_3020_/B1                               0.750000    0.889508   -0.139508 (VIOLATED)
_3013_/B1                               0.750000    0.889506   -0.139506 (VIOLATED)
_3015_/B1                               0.750000    0.889506   -0.139506 (VIOLATED)
_3021_/B1                               0.750000    0.889502   -0.139502 (VIOLATED)
fanout172/X                             0.750000    0.889496   -0.139496 (VIOLATED)
_3044_/A2                               0.750000    0.888774   -0.138774 (VIOLATED)
_3054_/A2                               0.750000    0.888713   -0.138713 (VIOLATED)
_3045_/A2                               0.750000    0.888710   -0.138710 (VIOLATED)
_3056_/A2                               0.750000    0.888691   -0.138691 (VIOLATED)
_3050_/A2                               0.750000    0.888669   -0.138669 (VIOLATED)
_3057_/A2                               0.750000    0.888668   -0.138668 (VIOLATED)
_3043_/B                                0.750000    0.888668   -0.138668 (VIOLATED)
_3058_/A2                               0.750000    0.888668   -0.138668 (VIOLATED)
_3059_/A2                               0.750000    0.888668   -0.138668 (VIOLATED)
_3052_/A2                               0.750000    0.888668   -0.138668 (VIOLATED)
fanout286/X                             0.750000    0.888663   -0.138663 (VIOLATED)
_3081_/A2                               0.750000    0.888365   -0.138365 (VIOLATED)
_3094_/A2                               0.750000    0.888343   -0.138343 (VIOLATED)
_3096_/A2                               0.750000    0.888343   -0.138343 (VIOLATED)
_3091_/A2                               0.750000    0.888342   -0.138342 (VIOLATED)
_3089_/A2                               0.750000    0.888342   -0.138342 (VIOLATED)
_3082_/A2                               0.750000    0.888341   -0.138341 (VIOLATED)
_3080_/B                                0.750000    0.888341   -0.138341 (VIOLATED)
_3095_/A2                               0.750000    0.888341   -0.138341 (VIOLATED)
_3093_/A2                               0.750000    0.888339   -0.138339 (VIOLATED)
_3087_/A2                               0.750000    0.888338   -0.138338 (VIOLATED)
fanout253/X                             0.750000    0.888337   -0.138337 (VIOLATED)
_3155_/A2                               0.750000    0.887468   -0.137468 (VIOLATED)
_3165_/A2                               0.750000    0.887430   -0.137430 (VIOLATED)
_3156_/A2                               0.750000    0.887416   -0.137416 (VIOLATED)
_3161_/A2                               0.750000    0.887407   -0.137407 (VIOLATED)
_3154_/B                                0.750000    0.887380   -0.137380 (VIOLATED)
_3169_/A2                               0.750000    0.887372   -0.137372 (VIOLATED)
_3168_/A2                               0.750000    0.887357   -0.137357 (VIOLATED)
_3167_/A2                               0.750000    0.887351   -0.137351 (VIOLATED)
_3163_/A2                               0.750000    0.887349   -0.137349 (VIOLATED)
_3170_/A2                               0.750000    0.887349   -0.137349 (VIOLATED)
fanout245/X                             0.750000    0.887347   -0.137347 (VIOLATED)
_4201_/A                                0.750000    0.875190   -0.125190 (VIOLATED)
_4521_/A1                               0.750000    0.875187   -0.125187 (VIOLATED)
fanout312/A                             0.750000    0.875187   -0.125187 (VIOLATED)
ANTENNA_13/DIODE                        0.750000    0.875103   -0.125103 (VIOLATED)
_3976_/A0                               0.750000    0.875098   -0.125098 (VIOLATED)
_2622_/B                                0.750000    0.875068   -0.125068 (VIOLATED)
_2526_/B                                0.750000    0.875067   -0.125067 (VIOLATED)
_2525_/B                                0.750000    0.875067   -0.125067 (VIOLATED)
_3803_/A                                0.750000    0.875064   -0.125064 (VIOLATED)
_3804_/A                                0.750000    0.875061   -0.125061 (VIOLATED)
_3884_/B                                0.750000    0.875056   -0.125056 (VIOLATED)
fanout313/X                             0.750000    0.875055   -0.125055 (VIOLATED)
_3461_/A1                               0.750000    0.873380   -0.123380 (VIOLATED)
_3731_/D                                0.750000    0.873324   -0.123324 (VIOLATED)
_3732_/D                                0.750000    0.873300   -0.123300 (VIOLATED)
ANTENNA_20/DIODE                        0.750000    0.873300   -0.123300 (VIOLATED)
_4209_/A1                               0.750000    0.873219   -0.123219 (VIOLATED)
_4232_/A1                               0.750000    0.873218   -0.123218 (VIOLATED)
_4272_/A1                               0.750000    0.873214   -0.123214 (VIOLATED)
fanout384/A                             0.750000    0.873180   -0.123180 (VIOLATED)
fanout385/X                             0.750000    0.873180   -0.123180 (VIOLATED)
_3132_/B1                               0.750000    0.871343   -0.121343 (VIOLATED)
_3131_/B1                               0.750000    0.871340   -0.121340 (VIOLATED)
_3126_/B1                               0.750000    0.871339   -0.121339 (VIOLATED)
_3133_/B1                               0.750000    0.871328   -0.121328 (VIOLATED)
_3130_/B1                               0.750000    0.871326   -0.121326 (VIOLATED)
_3124_/B1                               0.750000    0.871315   -0.121315 (VIOLATED)
_3121_/B1                               0.750000    0.871310   -0.121311 (VIOLATED)
_3119_/B1                               0.750000    0.871310   -0.121310 (VIOLATED)
_3118_/B1                               0.750000    0.871310   -0.121310 (VIOLATED)
_3120_/B1                               0.750000    0.871309   -0.121309 (VIOLATED)
fanout164/X                             0.750000    0.871302   -0.121302 (VIOLATED)
_2831_/S                                0.750000    0.865132   -0.115132 (VIOLATED)
_2786_/A1                               0.750000    0.865129   -0.115129 (VIOLATED)
_2840_/A1                               0.750000    0.865125   -0.115125 (VIOLATED)
_2828_/A1                               0.750000    0.865119   -0.115119 (VIOLATED)
_2846_/A1                               0.750000    0.865119   -0.115119 (VIOLATED)
_2714_/A1                               0.750000    0.865097   -0.115097 (VIOLATED)
ANTENNA_16/DIODE                        0.750000    0.865095   -0.115095 (VIOLATED)
ANTENNA_18/DIODE                        0.750000    0.865076   -0.115076 (VIOLATED)
_2802_/A                                0.750000    0.865068   -0.115069 (VIOLATED)
ANTENNA_17/DIODE                        0.750000    0.865061   -0.115061 (VIOLATED)
_2721_/A                                0.750000    0.865058   -0.115058 (VIOLATED)
_2822_/A1                               0.750000    0.865036   -0.115036 (VIOLATED)
_2768_/A1                               0.750000    0.865031   -0.115031 (VIOLATED)
fanout359/X                             0.750000    0.865030   -0.115030 (VIOLATED)
_3211_/B1                               0.750000    0.860173   -0.110173 (VIOLATED)
_3209_/B1                               0.750000    0.860166   -0.110166 (VIOLATED)
_3219_/B1                               0.750000    0.860144   -0.110144 (VIOLATED)
_3210_/B1                               0.750000    0.860139   -0.110139 (VIOLATED)
_3221_/B1                               0.750000    0.860112   -0.110112 (VIOLATED)
_3215_/B1                               0.750000    0.860063   -0.110063 (VIOLATED)
_3224_/B1                               0.750000    0.860037   -0.110037 (VIOLATED)
_3222_/B1                               0.750000    0.860029   -0.110029 (VIOLATED)
_3217_/B1                               0.750000    0.860025   -0.110025 (VIOLATED)
_3223_/B1                               0.750000    0.860010   -0.110010 (VIOLATED)
fanout156/X                             0.750000    0.860006   -0.110006 (VIOLATED)
_2969_/A2                               0.750000    0.855674   -0.105674 (VIOLATED)
_2970_/A2                               0.750000    0.855627   -0.105627 (VIOLATED)
_2979_/A2                               0.750000    0.855616   -0.105616 (VIOLATED)
_2981_/A2                               0.750000    0.855560   -0.105560 (VIOLATED)
_2975_/A2                               0.750000    0.855515   -0.105515 (VIOLATED)
_2984_/A2                               0.750000    0.855485   -0.105485 (VIOLATED)
_2982_/A2                               0.750000    0.855438   -0.105438 (VIOLATED)
_2977_/A2                               0.750000    0.855428   -0.105428 (VIOLATED)
_2983_/A2                               0.750000    0.855403   -0.105403 (VIOLATED)
_2968_/B                                0.750000    0.855385   -0.105385 (VIOLATED)
fanout288/X                             0.750000    0.855384   -0.105384 (VIOLATED)
_3137_/A2                               0.750000    0.854313   -0.104313 (VIOLATED)
_3147_/A2                               0.750000    0.854305   -0.104305 (VIOLATED)
_3138_/A2                               0.750000    0.854304   -0.104304 (VIOLATED)
_3143_/A2                               0.750000    0.854303   -0.104304 (VIOLATED)
_3149_/A2                               0.750000    0.854303   -0.104303 (VIOLATED)
_3152_/A2                               0.750000    0.854301   -0.104301 (VIOLATED)
_3136_/B                                0.750000    0.854300   -0.104300 (VIOLATED)
_3151_/A2                               0.750000    0.854299   -0.104299 (VIOLATED)
_3145_/A2                               0.750000    0.854089   -0.104089 (VIOLATED)
_3150_/A2                               0.750000    0.854089   -0.104089 (VIOLATED)
fanout247/X                             0.750000    0.854089   -0.104089 (VIOLATED)
_3062_/A2                               0.750000    0.853917   -0.103917 (VIOLATED)
_3072_/A2                               0.750000    0.853892   -0.103892 (VIOLATED)
_3063_/A2                               0.750000    0.853889   -0.103889 (VIOLATED)
_3076_/A2                               0.750000    0.853876   -0.103876 (VIOLATED)
_3061_/B                                0.750000    0.853876   -0.103876 (VIOLATED)
_3070_/A2                               0.750000    0.853876   -0.103876 (VIOLATED)
_3075_/A2                               0.750000    0.853876   -0.103876 (VIOLATED)
_3077_/A2                               0.750000    0.853876   -0.103876 (VIOLATED)
_3068_/A2                               0.750000    0.853874   -0.103874 (VIOLATED)
_3074_/A2                               0.750000    0.853874   -0.103874 (VIOLATED)
fanout255/X                             0.750000    0.853874   -0.103874 (VIOLATED)
_3602_/A                                0.750000    0.846118   -0.096118 (VIOLATED)
_3591_/A                                0.750000    0.846115   -0.096115 (VIOLATED)
_3606_/S                                0.750000    0.846113   -0.096113 (VIOLATED)
_2431_/A                                0.750000    0.846112   -0.096112 (VIOLATED)
_3700_/S                                0.750000    0.846101   -0.096101 (VIOLATED)
_3695_/A                                0.750000    0.846095   -0.096095 (VIOLATED)
_3706_/A                                0.750000    0.846094   -0.096094 (VIOLATED)
_3722_/S                                0.750000    0.846079   -0.096079 (VIOLATED)
_3801_/S                                0.750000    0.846074   -0.096074 (VIOLATED)
_3717_/A                                0.750000    0.846046   -0.096046 (VIOLATED)
fanout434/X                             0.750000    0.846042   -0.096042 (VIOLATED)
_3731_/A                                0.750000    0.843878   -0.093878 (VIOLATED)
_2460_/B1                               0.750000    0.843875   -0.093875 (VIOLATED)
_3463_/A                                0.750000    0.843870   -0.093870 (VIOLATED)
_2428_/A                                0.750000    0.843857   -0.093857 (VIOLATED)
_2451_/A                                0.750000    0.843854   -0.093854 (VIOLATED)
_2445_/D                                0.750000    0.843854   -0.093854 (VIOLATED)
_3732_/A                                0.750000    0.843838   -0.093838 (VIOLATED)
_2449_/A                                0.750000    0.843830   -0.093830 (VIOLATED)
_2450_/A                                0.750000    0.843765   -0.093765 (VIOLATED)
_3443_/A1                               0.750000    0.843706   -0.093706 (VIOLATED)
fanout378/X                             0.750000    0.843706   -0.093706 (VIOLATED)
_4457_/B                                0.750000    0.841776   -0.091776 (VIOLATED)
_3956_/A1                               0.750000    0.841771   -0.091771 (VIOLATED)
_3632_/A1                               0.750000    0.841752   -0.091752 (VIOLATED)
_3670_/A1                               0.750000    0.841720   -0.091720 (VIOLATED)
_4007_/A0                               0.750000    0.841698   -0.091698 (VIOLATED)
_3741_/A                                0.750000    0.841668   -0.091668 (VIOLATED)
_2500_/A                                0.750000    0.841666   -0.091666 (VIOLATED)
_3742_/A                                0.750000    0.841665   -0.091665 (VIOLATED)
_2503_/B                                0.750000    0.841664   -0.091664 (VIOLATED)
_2501_/B                                0.750000    0.841664   -0.091664 (VIOLATED)
fanout316/X                             0.750000    0.841662   -0.091662 (VIOLATED)
_2715_/A1                               0.750000    0.825812   -0.075812 (VIOLATED)
_2805_/A1                               0.750000    0.825768   -0.075768 (VIOLATED)
_2724_/A1                               0.750000    0.825756   -0.075756 (VIOLATED)
_2823_/A1                               0.750000    0.825745   -0.075745 (VIOLATED)
_2769_/A1                               0.750000    0.825743   -0.075743 (VIOLATED)
_2846_/B1                               0.750000    0.825718   -0.075718 (VIOLATED)
_2787_/A1                               0.750000    0.825714   -0.075714 (VIOLATED)
_2841_/A1                               0.750000    0.825713   -0.075713 (VIOLATED)
_2437_/A                                0.750000    0.825706   -0.075706 (VIOLATED)
_2828_/B1                               0.750000    0.825702   -0.075702 (VIOLATED)
fanout393/X                             0.750000    0.825694   -0.075694 (VIOLATED)
_3103_/B1                               0.750000    0.823270   -0.073270 (VIOLATED)
_3100_/B1                               0.750000    0.823267   -0.073267 (VIOLATED)
_3102_/B1                               0.750000    0.823265   -0.073265 (VIOLATED)
_3113_/B1                               0.750000    0.823264   -0.073264 (VIOLATED)
_3108_/B1                               0.750000    0.823262   -0.073262 (VIOLATED)
_3115_/B1                               0.750000    0.823260   -0.073260 (VIOLATED)
_3112_/B1                               0.750000    0.823253   -0.073253 (VIOLATED)
_3106_/B1                               0.750000    0.823241   -0.073241 (VIOLATED)
_3114_/B1                               0.750000    0.823241   -0.073241 (VIOLATED)
_3101_/B1                               0.750000    0.823240   -0.073240 (VIOLATED)
_3100_/A2                               0.750000    0.823133   -0.073133 (VIOLATED)
_3102_/A2                               0.750000    0.823132   -0.073132 (VIOLATED)
_3101_/A2                               0.750000    0.823118   -0.073118 (VIOLATED)
_3114_/A2                               0.750000    0.823112   -0.073112 (VIOLATED)
_3106_/A2                               0.750000    0.823110   -0.073110 (VIOLATED)
_3099_/B                                0.750000    0.823108   -0.073108 (VIOLATED)
_3113_/A2                               0.750000    0.823081   -0.073081 (VIOLATED)
_3108_/A2                               0.750000    0.823080   -0.073080 (VIOLATED)
_3115_/A2                               0.750000    0.823065   -0.073065 (VIOLATED)
_3112_/A2                               0.750000    0.823056   -0.073056 (VIOLATED)
fanout284/X                             0.750000    0.823055   -0.073055 (VIOLATED)
fanout251/X                             0.750000    0.823030   -0.073030 (VIOLATED)
_4151_/A0                               0.750000    0.821642   -0.071642 (VIOLATED)
_3649_/A1                               0.750000    0.821623   -0.071623 (VIOLATED)
_3663_/A0                               0.750000    0.821577   -0.071577 (VIOLATED)
_3978_/A1                               0.750000    0.821557   -0.071557 (VIOLATED)
_2535_/A                                0.750000    0.821517   -0.071517 (VIOLATED)
_2536_/B                                0.750000    0.821484   -0.071484 (VIOLATED)
_2620_/B                                0.750000    0.821484   -0.071484 (VIOLATED)
_3793_/A                                0.750000    0.821477   -0.071477 (VIOLATED)
_3790_/A                                0.750000    0.821477   -0.071477 (VIOLATED)
_3792_/A                                0.750000    0.821477   -0.071477 (VIOLATED)
fanout310/X                             0.750000    0.821476   -0.071476 (VIOLATED)
_2732_/B1                               0.750000    0.817319   -0.067319 (VIOLATED)
_2714_/B1                               0.750000    0.817314   -0.067314 (VIOLATED)
_2804_/B1                               0.750000    0.817264   -0.067264 (VIOLATED)
_2723_/B1                               0.750000    0.817247   -0.067247 (VIOLATED)
_2822_/B1                               0.750000    0.817206   -0.067206 (VIOLATED)
_2768_/B1                               0.750000    0.817205   -0.067205 (VIOLATED)
_2786_/B1                               0.750000    0.817170   -0.067170 (VIOLATED)
_2840_/B1                               0.750000    0.817168   -0.067168 (VIOLATED)
_2850_/B2                               0.750000    0.817155   -0.067156 (VIOLATED)
_2832_/B2                               0.750000    0.817154   -0.067154 (VIOLATED)
fanout357/X                             0.750000    0.817154   -0.067154 (VIOLATED)
_2988_/A2                               0.750000    0.809275   -0.059275 (VIOLATED)
_2998_/A2                               0.750000    0.809225   -0.059225 (VIOLATED)
_2989_/A2                               0.750000    0.809221   -0.059221 (VIOLATED)
_3000_/A2                               0.750000    0.809208   -0.059208 (VIOLATED)
_2994_/A2                               0.750000    0.809181   -0.059181 (VIOLATED)
_3001_/A2                               0.750000    0.809178   -0.059178 (VIOLATED)
_3003_/A2                               0.750000    0.809176   -0.059176 (VIOLATED)
_2987_/B                                0.750000    0.809149   -0.059149 (VIOLATED)
_2996_/A2                               0.750000    0.809138   -0.059139 (VIOLATED)
_3002_/A2                               0.750000    0.809137   -0.059137 (VIOLATED)
fanout263/X                             0.750000    0.809127   -0.059127 (VIOLATED)
_2983_/B1                               0.750000    0.808061   -0.058061 (VIOLATED)
_2977_/B1                               0.750000    0.808057   -0.058057 (VIOLATED)
_2982_/B1                               0.750000    0.808051   -0.058051 (VIOLATED)
_2984_/B1                               0.750000    0.808044   -0.058044 (VIOLATED)
_2975_/B1                               0.750000    0.808034   -0.058034 (VIOLATED)
_2981_/B1                               0.750000    0.808024   -0.058024 (VIOLATED)
_2969_/B1                               0.750000    0.808014   -0.058014 (VIOLATED)
_2979_/B1                               0.750000    0.808013   -0.058013 (VIOLATED)
_2971_/B1                               0.750000    0.808012   -0.058013 (VIOLATED)
_2970_/B1                               0.750000    0.808005   -0.058005 (VIOLATED)
fanout265/X                             0.750000    0.808005   -0.058005 (VIOLATED)
_3593_/B1                               0.750000    0.805476   -0.055476 (VIOLATED)
_3719_/B1                               0.750000    0.805471   -0.055471 (VIOLATED)
_3748_/B1                               0.750000    0.805471   -0.055471 (VIOLATED)
_3736_/B1                               0.750000    0.805470   -0.055470 (VIOLATED)
_3612_/B1                               0.750000    0.805470   -0.055470 (VIOLATED)
_3686_/B1                               0.750000    0.805469   -0.055469 (VIOLATED)
_3785_/B1                               0.750000    0.805469   -0.055469 (VIOLATED)
_3772_/B1                               0.750000    0.805468   -0.055469 (VIOLATED)
_3761_/B1                               0.750000    0.805467   -0.055467 (VIOLATED)
_2432_/A                                0.750000    0.805467   -0.055467 (VIOLATED)
fanout432/X                             0.750000    0.805465   -0.055465 (VIOLATED)
_4517_/A1                               0.750000    0.798600   -0.048600 (VIOLATED)
fanout318/A                             0.750000    0.798595   -0.048595 (VIOLATED)
_4787_/A0                               0.750000    0.798576   -0.048576 (VIOLATED)
_4007_/A1                               0.750000    0.798562   -0.048562 (VIOLATED)
_3944_/B                                0.750000    0.798512   -0.048512 (VIOLATED)
_2489_/B                                0.750000    0.798476   -0.048476 (VIOLATED)
_2488_/B                                0.750000    0.798462   -0.048462 (VIOLATED)
_3766_/A                                0.750000    0.798417   -0.048417 (VIOLATED)
_3767_/A                                0.750000    0.798415   -0.048415 (VIOLATED)
_3915_/B                                0.750000    0.798411   -0.048411 (VIOLATED)
fanout319/X                             0.750000    0.798410   -0.048410 (VIOLATED)
_4610_/A2                               0.750000    0.795950   -0.045950 (VIOLATED)
_4680_/A2                               0.750000    0.795943   -0.045943 (VIOLATED)
_4665_/B1                               0.750000    0.795941   -0.045941 (VIOLATED)
_3874_/D                                0.750000    0.795931   -0.045931 (VIOLATED)
_4648_/B1                               0.750000    0.795930   -0.045930 (VIOLATED)
_4016_/A1                               0.750000    0.795908   -0.045908 (VIOLATED)
_4812_/A2                               0.750000    0.795893   -0.045893 (VIOLATED)
_4023_/B1                               0.750000    0.795891   -0.045891 (VIOLATED)
_3996_/B1                               0.750000    0.795887   -0.045887 (VIOLATED)
_4052_/A2                               0.750000    0.795885   -0.045885 (VIOLATED)
_4080_/A2                               0.750000    0.795885   -0.045885 (VIOLATED)
_4549_/B1                               0.750000    0.795881   -0.045881 (VIOLATED)
_4140_/B1                               0.750000    0.795879   -0.045879 (VIOLATED)
_4139_/B                                0.750000    0.795879   -0.045879 (VIOLATED)
_4731_/A2                               0.750000    0.795853   -0.045853 (VIOLATED)
_4718_/B1                               0.750000    0.795848   -0.045848 (VIOLATED)
fanout222/X                             0.750000    0.795847   -0.045847 (VIOLATED)
_4697_/A2                               0.750000    0.795832   -0.045832 (VIOLATED)
_4187_/A3                               0.750000    0.795809   -0.045809 (VIOLATED)
_4279_/B                                0.750000    0.795806   -0.045806 (VIOLATED)
_4360_/B                                0.750000    0.795802   -0.045802 (VIOLATED)
fanout332/X                             0.750000    0.795798   -0.045798 (VIOLATED)
_2990_/B1                               0.750000    0.794466   -0.044466 (VIOLATED)
_2988_/B1                               0.750000    0.794460   -0.044460 (VIOLATED)
_2998_/B1                               0.750000    0.794437   -0.044437 (VIOLATED)
_2989_/B1                               0.750000    0.794434   -0.044434 (VIOLATED)
_3000_/B1                               0.750000    0.794411   -0.044411 (VIOLATED)
_2994_/B1                               0.750000    0.794385   -0.044385 (VIOLATED)
_3003_/B1                               0.750000    0.794363   -0.044363 (VIOLATED)
_3001_/B1                               0.750000    0.794338   -0.044338 (VIOLATED)
_2996_/B1                               0.750000    0.794324   -0.044324 (VIOLATED)
_3002_/B1                               0.750000    0.794318   -0.044318 (VIOLATED)
fanout174/X                             0.750000    0.794317   -0.044317 (VIOLATED)
_3007_/A2                               0.750000    0.793330   -0.043330 (VIOLATED)
_3017_/A2                               0.750000    0.793326   -0.043326 (VIOLATED)
_3019_/A2                               0.750000    0.793324   -0.043324 (VIOLATED)
_3006_/B                                0.750000    0.793118   -0.043118 (VIOLATED)
_3008_/A2                               0.750000    0.793118   -0.043118 (VIOLATED)
_3013_/A2                               0.750000    0.793118   -0.043118 (VIOLATED)
_3015_/A2                               0.750000    0.793118   -0.043118 (VIOLATED)
_3020_/A2                               0.750000    0.793118   -0.043118 (VIOLATED)
_3021_/A2                               0.750000    0.793118   -0.043118 (VIOLATED)
_3022_/A2                               0.750000    0.793118   -0.043118 (VIOLATED)
fanout261/X                             0.750000    0.793118   -0.043118 (VIOLATED)
_2866_/A                                0.750000    0.787976   -0.037976 (VIOLATED)
_2871_/A                                0.750000    0.787968   -0.037968 (VIOLATED)
_2869_/A                                0.750000    0.787966   -0.037966 (VIOLATED)
_2691_/A_N                              0.750000    0.787954   -0.037954 (VIOLATED)
_2696_/A                                0.750000    0.787951   -0.037951 (VIOLATED)
_2454_/A_N                              0.750000    0.787880   -0.037880 (VIOLATED)
_2702_/A1                               0.750000    0.787879   -0.037879 (VIOLATED)
_2466_/A_N                              0.750000    0.787877   -0.037877 (VIOLATED)
_2707_/B1                               0.750000    0.787868   -0.037868 (VIOLATED)
_2864_/A                                0.750000    0.787864   -0.037864 (VIOLATED)
fanout344/X                             0.750000    0.787864   -0.037864 (VIOLATED)
_4188_/A3                               0.750000    0.783172   -0.033172 (VIOLATED)
_4681_/B2                               0.750000    0.783164   -0.033164 (VIOLATED)
_4165_/B1                               0.750000    0.783157   -0.033157 (VIOLATED)
_4112_/B                                0.750000    0.783155   -0.033155 (VIOLATED)
_4649_/B1                               0.750000    0.783149   -0.033149 (VIOLATED)
_4083_/B                                0.750000    0.783122   -0.033122 (VIOLATED)
_4594_/B1                               0.750000    0.783121   -0.033121 (VIOLATED)
_4484_/B2                               0.750000    0.783099   -0.033099 (VIOLATED)
_4705_/A2                               0.750000    0.783007   -0.033007 (VIOLATED)
_4719_/B2                               0.750000    0.783002   -0.033002 (VIOLATED)
fanout331/X                             0.750000    0.783002   -0.033002 (VIOLATED)
_2956_/A2                               0.750000    0.782654   -0.032654 (VIOLATED)
_2959_/A2                               0.750000    0.782653   -0.032653 (VIOLATED)
_2963_/A2                               0.750000    0.782648   -0.032648 (VIOLATED)
_2950_/A2                               0.750000    0.782647   -0.032647 (VIOLATED)
_2962_/A2                               0.750000    0.782645   -0.032645 (VIOLATED)
_2964_/A2                               0.750000    0.782644   -0.032644 (VIOLATED)
_2957_/A2                               0.750000    0.782643   -0.032643 (VIOLATED)
_2955_/A2                               0.750000    0.782640   -0.032641 (VIOLATED)
_2948_/B                                0.750000    0.782640   -0.032640 (VIOLATED)
_2961_/A2                               0.750000    0.782424   -0.032424 (VIOLATED)
fanout267/X                             0.750000    0.782424   -0.032424 (VIOLATED)
_3607_/B2                               0.750000    0.779773   -0.029773 (VIOLATED)
_3597_/B2                               0.750000    0.779771   -0.029771 (VIOLATED)
_3802_/B2                               0.750000    0.779765   -0.029765 (VIOLATED)
_3616_/B2                               0.750000    0.779740   -0.029740 (VIOLATED)
_3752_/B2                               0.750000    0.779723   -0.029723 (VIOLATED)
_3789_/B2                               0.750000    0.779704   -0.029704 (VIOLATED)
_3776_/B2                               0.750000    0.779692   -0.029692 (VIOLATED)
_3690_/B2                               0.750000    0.779691   -0.029691 (VIOLATED)
_3740_/B2                               0.750000    0.779690   -0.029690 (VIOLATED)
_3765_/B2                               0.750000    0.779690   -0.029690 (VIOLATED)
fanout366/X                             0.750000    0.779687   -0.029687 (VIOLATED)
fanout314/A                             0.750000    0.778579   -0.028579 (VIOLATED)
_4758_/A0                               0.750000    0.778557   -0.028557 (VIOLATED)
_4009_/A1                               0.750000    0.778527   -0.028527 (VIOLATED)
_2512_/A                                0.750000    0.778512   -0.028512 (VIOLATED)
_2513_/B                                0.750000    0.778511   -0.028511 (VIOLATED)
_3754_/A                                0.750000    0.778509   -0.028509 (VIOLATED)
_2515_/B                                0.750000    0.778509   -0.028509 (VIOLATED)
_3753_/A                                0.750000    0.778509   -0.028509 (VIOLATED)
fanout315/X                             0.750000    0.778506   -0.028506 (VIOLATED)
_3027_/B1                               0.750000    0.776617   -0.026617 (VIOLATED)
_3025_/B1                               0.750000    0.776606   -0.026606 (VIOLATED)
_3035_/B1                               0.750000    0.776494   -0.026494 (VIOLATED)
_3037_/B1                               0.750000    0.776480   -0.026480 (VIOLATED)
_3026_/B1                               0.750000    0.776459   -0.026459 (VIOLATED)
_3031_/B1                               0.750000    0.776448   -0.026448 (VIOLATED)
_3038_/B1                               0.750000    0.776412   -0.026412 (VIOLATED)
_3040_/B1                               0.750000    0.776377   -0.026377 (VIOLATED)
_3033_/B1                               0.750000    0.776341   -0.026341 (VIOLATED)
_3039_/B1                               0.750000    0.776333   -0.026333 (VIOLATED)
fanout170/X                             0.750000    0.776327   -0.026327 (VIOLATED)
_2631_/S                                0.750000    0.775312   -0.025312 (VIOLATED)
_2434_/A                                0.750000    0.775308   -0.025308 (VIOLATED)
_2556_/S                                0.750000    0.775300   -0.025300 (VIOLATED)
_2575_/A                                0.750000    0.775291   -0.025291 (VIOLATED)
_2565_/A                                0.750000    0.775289   -0.025289 (VIOLATED)
_2539_/A                                0.750000    0.775278   -0.025278 (VIOLATED)
_2553_/A1                               0.750000    0.775253   -0.025253 (VIOLATED)
_2655_/A                                0.750000    0.775216   -0.025216 (VIOLATED)
_2628_/A1                               0.750000    0.775181   -0.025181 (VIOLATED)
_2669_/A1                               0.750000    0.775170   -0.025170 (VIOLATED)
fanout472/X                             0.750000    0.775168   -0.025168 (VIOLATED)
_4515_/A1                               0.750000    0.774034   -0.024034 (VIOLATED)
_4413_/A1                               0.750000    0.774032   -0.024032 (VIOLATED)
_4295_/A0                               0.750000    0.774028   -0.024028 (VIOLATED)
_3632_/A0                               0.750000    0.773992   -0.023992 (VIOLATED)
_4454_/B                                0.750000    0.773961   -0.023961 (VIOLATED)
_4455_/B                                0.750000    0.773960   -0.023960 (VIOLATED)
_3670_/A0                               0.750000    0.773954   -0.023954 (VIOLATED)
_4387_/A1                               0.750000    0.773941   -0.023941 (VIOLATED)
_4476_/A2                               0.750000    0.773940   -0.023940 (VIOLATED)
_4471_/B                                0.750000    0.773719   -0.023719 (VIOLATED)
fanout314/X                             0.750000    0.773719   -0.023719 (VIOLATED)
_4546_/A                                0.750000    0.770744   -0.020744 (VIOLATED)
_4611_/A1                               0.750000    0.770744   -0.020744 (VIOLATED)
_3993_/C1                               0.750000    0.770700   -0.020700 (VIOLATED)
_4117_/B2                               0.750000    0.770688   -0.020688 (VIOLATED)
_4122_/B1                               0.750000    0.770648   -0.020648 (VIOLATED)
_4664_/A1                               0.750000    0.770633   -0.020633 (VIOLATED)
_4678_/B2                               0.750000    0.770595   -0.020595 (VIOLATED)
_2454_/B                                0.750000    0.770504   -0.020504 (VIOLATED)
fanout340/A                             0.750000    0.770427   -0.020427 (VIOLATED)
fanout341/X                             0.750000    0.770427   -0.020427 (VIOLATED)
_3964_/A                                0.750000    0.769449   -0.019449 (VIOLATED)
_2606_/B                                0.750000    0.769430   -0.019430 (VIOLATED)
_2594_/B                                0.750000    0.769419   -0.019419 (VIOLATED)
_2605_/B                                0.750000    0.769412   -0.019412 (VIOLATED)
_2607_/B                                0.750000    0.769409   -0.019409 (VIOLATED)
_3926_/B                                0.750000    0.769405   -0.019405 (VIOLATED)
_3728_/A                                0.750000    0.769399   -0.019399 (VIOLATED)
_3889_/B                                0.750000    0.769398   -0.019398 (VIOLATED)
_3729_/A                                0.750000    0.769397   -0.019397 (VIOLATED)
_3730_/A                                0.750000    0.769396   -0.019396 (VIOLATED)
fanout299/X                             0.750000    0.769393   -0.019393 (VIOLATED)
_2675_/B                                0.750000    0.769066   -0.019066 (VIOLATED)
_2676_/B                                0.750000    0.769063   -0.019063 (VIOLATED)
_3725_/A                                0.750000    0.769052   -0.019052 (VIOLATED)
_3724_/A                                0.750000    0.769052   -0.019052 (VIOLATED)
_3672_/A0                               0.750000    0.769011   -0.019011 (VIOLATED)
_4744_/A1                               0.750000    0.768979   -0.018979 (VIOLATED)
_4386_/A1                               0.750000    0.768961   -0.018961 (VIOLATED)
_4529_/A1                               0.750000    0.768953   -0.018953 (VIOLATED)
_4431_/B                                0.750000    0.768950   -0.018950 (VIOLATED)
_4432_/B                                0.750000    0.768950   -0.018950 (VIOLATED)
fanout290/X                             0.750000    0.768950   -0.018950 (VIOLATED)
_3025_/A2                               0.750000    0.768667   -0.018667 (VIOLATED)
_3035_/A2                               0.750000    0.768621   -0.018621 (VIOLATED)
_3037_/A2                               0.750000    0.768615   -0.018615 (VIOLATED)
_3031_/A2                               0.750000    0.768607   -0.018607 (VIOLATED)
_3040_/A2                               0.750000    0.768605   -0.018605 (VIOLATED)
_3038_/A2                               0.750000    0.768605   -0.018605 (VIOLATED)
_3026_/A2                               0.750000    0.768594   -0.018594 (VIOLATED)
_3033_/A2                               0.750000    0.768592   -0.018592 (VIOLATED)
_3024_/B                                0.750000    0.768591   -0.018591 (VIOLATED)
_3039_/A2                               0.750000    0.768591   -0.018591 (VIOLATED)
fanout259/X                             0.750000    0.768591   -0.018591 (VIOLATED)
_4256_/B1                               0.750000    0.768496   -0.018496 (VIOLATED)
_4273_/B1                               0.750000    0.768486   -0.018486 (VIOLATED)
_4321_/B1                               0.750000    0.768471   -0.018471 (VIOLATED)
_4300_/B1                               0.750000    0.768460   -0.018460 (VIOLATED)
_4348_/B1                               0.750000    0.768451   -0.018451 (VIOLATED)
_4372_/A2                               0.750000    0.768431   -0.018431 (VIOLATED)
_4158_/B1                               0.750000    0.768398   -0.018398 (VIOLATED)
_4135_/B1                               0.750000    0.768394   -0.018394 (VIOLATED)
_4084_/A2_N                             0.750000    0.768379   -0.018379 (VIOLATED)
_4101_/B1                               0.750000    0.768378   -0.018378 (VIOLATED)
fanout276/X                             0.750000    0.768377   -0.018377 (VIOLATED)
_3973_/A1                               0.750000    0.766083   -0.016083 (VIOLATED)
_3656_/A0                               0.750000    0.766077   -0.016077 (VIOLATED)
ANTENNA_12/DIODE                        0.750000    0.766077   -0.016077 (VIOLATED)
_3641_/A0                               0.750000    0.766068   -0.016068 (VIOLATED)
_3966_/A                                0.750000    0.765850   -0.015850 (VIOLATED)
_3929_/B                                0.750000    0.765848   -0.015848 (VIOLATED)
_4381_/B1                               0.750000    0.765848   -0.015848 (VIOLATED)
_3891_/A                                0.750000    0.765847   -0.015847 (VIOLATED)
_4478_/A2                               0.750000    0.765847   -0.015847 (VIOLATED)
_4530_/A2                               0.750000    0.765847   -0.015847 (VIOLATED)
_4552_/C1                               0.750000    0.765847   -0.015847 (VIOLATED)
fanout302/X                             0.750000    0.765847   -0.015847 (VIOLATED)
_4175_/A0                               0.750000    0.762353   -0.012354 (VIOLATED)
_3663_/A1                               0.750000    0.762326   -0.012326 (VIOLATED)
_3648_/A_N                              0.750000    0.762325   -0.012325 (VIOLATED)
_4691_/A0                               0.750000    0.762306   -0.012306 (VIOLATED)
_3962_/A1                               0.750000    0.762294   -0.012294 (VIOLATED)
_4384_/A1_N                             0.750000    0.762274   -0.012274 (VIOLATED)
_4383_/A                                0.750000    0.762271   -0.012271 (VIOLATED)
_4435_/A                                0.750000    0.762038   -0.012038 (VIOLATED)
_4436_/A                                0.750000    0.762038   -0.012038 (VIOLATED)
_4464_/A                                0.750000    0.762038   -0.012038 (VIOLATED)
fanout312/X                             0.750000    0.762038   -0.012038 (VIOLATED)
_3981_/A                                0.750000    0.761068   -0.011068 (VIOLATED)
_4043_/A                                0.750000    0.761065   -0.011065 (VIOLATED)
_4524_/A1                               0.750000    0.761056   -0.011056 (VIOLATED)
_3639_/A                                0.750000    0.761025   -0.011025 (VIOLATED)
_3659_/A1                               0.750000    0.761013   -0.011013 (VIOLATED)
_3974_/A1                               0.750000    0.760994   -0.010994 (VIOLATED)
fanout300/A                             0.750000    0.760944   -0.010944 (VIOLATED)
fanout299/A                             0.750000    0.760925   -0.010925 (VIOLATED)
fanout301/X                             0.750000    0.760924   -0.010924 (VIOLATED)
_4343_/A                                0.750000    0.757844   -0.007844 (VIOLATED)
_3634_/A0                               0.750000    0.757803   -0.007803 (VIOLATED)
_3669_/A0                               0.750000    0.757801   -0.007801 (VIOLATED)
_3955_/A_N                              0.750000    0.757753   -0.007753 (VIOLATED)
_4458_/A                                0.750000    0.757726   -0.007726 (VIOLATED)
_4457_/A                                0.750000    0.757724   -0.007724 (VIOLATED)
_4472_/A                                0.750000    0.757675   -0.007675 (VIOLATED)
_4388_/A1                               0.750000    0.757656   -0.007656 (VIOLATED)
_4532_/C_N                              0.750000    0.757651   -0.007651 (VIOLATED)
_4551_/A                                0.750000    0.757648   -0.007648 (VIOLATED)
fanout318/X                             0.750000    0.757645   -0.007645 (VIOLATED)
_4429_/A                                0.750000    0.754603   -0.004603 (VIOLATED)
_4428_/A                                0.750000    0.754601   -0.004601 (VIOLATED)
_4468_/B                                0.750000    0.754600   -0.004600 (VIOLATED)
_4554_/A2                               0.750000    0.754595   -0.004595 (VIOLATED)
_4477_/A                                0.750000    0.754592   -0.004592 (VIOLATED)
_4385_/A1                               0.750000    0.754576   -0.004576 (VIOLATED)
_3961_/A_N                              0.750000    0.754547   -0.004547 (VIOLATED)
_3673_/A0                               0.750000    0.754475   -0.004475 (VIOLATED)
fanout295/A                             0.750000    0.754474   -0.004474 (VIOLATED)
_3976_/A1                               0.750000    0.754469   -0.004469 (VIOLATED)
fanout296/X                             0.750000    0.754467   -0.004467 (VIOLATED)
_2460_/C1                               0.750000    0.751881   -0.001881 (VIOLATED)
_3731_/B                                0.750000    0.751879   -0.001879 (VIOLATED)
_3462_/A1                               0.750000    0.751869   -0.001869 (VIOLATED)
_3732_/B                                0.750000    0.751851   -0.001851 (VIOLATED)
fanout380/A                             0.750000    0.751814   -0.001814 (VIOLATED)
fanout379/A                             0.750000    0.751803   -0.001803 (VIOLATED)
_3441_/A1                               0.750000    0.751756   -0.001756 (VIOLATED)
fanout381/X                             0.750000    0.751756   -0.001756 (VIOLATED)
_3137_/B1                               0.750000    0.750118   -0.000118 (VIOLATED)
_3139_/B1                               0.750000    0.750116   -0.000116 (VIOLATED)
_3147_/B1                               0.750000    0.750093   -0.000093 (VIOLATED)
_3149_/B1                               0.750000    0.750089   -0.000089 (VIOLATED)
_3138_/B1                               0.750000    0.750078   -0.000078 (VIOLATED)
_3143_/B1                               0.750000    0.750073   -0.000073 (VIOLATED)
_3145_/B1                               0.750000    0.750070   -0.000070 (VIOLATED)
_3150_/B1                               0.750000    0.750070   -0.000070 (VIOLATED)
_3152_/B1                               0.750000    0.750069   -0.000069 (VIOLATED)
_3151_/B1                               0.750000    0.750068   -0.000068 (VIOLATED)

max fanout

Pin                                   Limit Fanout  Slack
---------------------------------------------------------
fanout359/X                              10     13     -3 (VIOLATED)
clkbuf_leaf_24_CLK/X                     10     12     -2 (VIOLATED)
clkbuf_leaf_25_CLK/X                     10     12     -2 (VIOLATED)
_5160_/Q                                 10     11        (VIOLATED)
clkbuf_leaf_0_CLK/X                      10     11        (VIOLATED)
clkbuf_leaf_16_CLK/X                     10     11        (VIOLATED)
clkbuf_leaf_22_CLK/X                     10     11        (VIOLATED)
clkbuf_leaf_23_CLK/X                     10     11        (VIOLATED)
clkbuf_leaf_2_CLK/X                      10     11        (VIOLATED)
clkbuf_leaf_36_CLK/X                     10     11        (VIOLATED)
clkbuf_leaf_3_CLK/X                      10     11        (VIOLATED)
clkbuf_leaf_4_CLK/X                      10     11        (VIOLATED)
clkbuf_leaf_6_CLK/X                      10     11        (VIOLATED)
fanout176/X                              10     11        (VIOLATED)
fanout282/X                              10     11        (VIOLATED)
fanout302/X                              10     11        (VIOLATED)
fanout313/X                              10     11        (VIOLATED)
fanout320/X                              10     11        (VIOLATED)



===========================================================================
report_parasitic_annotation -report_unannotated
============================================================================
Found 22 unannotated drivers.
 clkload0/X
 clkload1/X
 clkload10/Y
 clkload11/X
 clkload12/X
 clkload13/Y
 clkload14/X
 clkload15/Y
 clkload16/X
 clkload17/X
 clkload18/Y
 clkload19/Y
 clkload2/X
 clkload20/X
 clkload21/X
 clkload3/X
 clkload4/X
 clkload5/X
 clkload6/X
 clkload7/X
 clkload8/X
 clkload9/X
Found 0 partially unannotated drivers.

===========================================================================
max slew violation count 793
max fanout violation count 18
max cap violation count 0
============================================================================

===========================================================================
check_setup -verbose -unconstrained_endpoints -multiple_clock -no_clock -no_input_delay -loops -generated_clocks
===========================================================================
