Reading timing models for corner nom_tt_025C_1v80…
Reading timing library for the 'nom_tt_025C_1v80' corner at '/root/.ciel/ciel/sky130/versions/8afc8346a57fe1ab7934ba5a6056ea8b43078e71/sky130A/libs.ref/sky130_fd_sc_hd/lib/sky130_fd_sc_hd__tt_025C_1v80.lib'…
Reading OpenROAD database at '/home/Ven/vscode/VRAI/runs/RUN_2026-07-24_14-16-50/42-openroad-repairantennas/1-openroad-diodeinsertion/VRAI_SYNC_CORE.odb'…
Reading design constraints file at '/home/Ven/vscode/VRAI/vrai.sdc'…
[INFO] No information on clock propagation in input SDC file-- propagating all clocks.
[INFO ORD-0030] Using 16 thread(s).
+ detailed_route -droute_end_iter 64 -or_seed 42 -verbose 1 -output_drc /home/Ven/vscode/VRAI/runs/RUN_2026-07-24_14-16-50/44-openroad-detailedrouting/drt-run-0/VRAI_SYNC_CORE.drc
[INFO DRT-0149] Reading tech and libs.
[WARNING DRT-0349] LEF58_ENCLOSURE with no CUTCLASS is not supported. Skipping for layer mcon
[WARNING DRT-0349] LEF58_ENCLOSURE with no CUTCLASS is not supported. Skipping for layer mcon
[WARNING DRT-0349] LEF58_ENCLOSURE with no CUTCLASS is not supported. Skipping for layer via
[WARNING DRT-0349] LEF58_ENCLOSURE with no CUTCLASS is not supported. Skipping for layer via
[WARNING DRT-0349] LEF58_ENCLOSURE with no CUTCLASS is not supported. Skipping for layer via2
[WARNING DRT-0349] LEF58_ENCLOSURE with no CUTCLASS is not supported. Skipping for layer via2
[WARNING DRT-0349] LEF58_ENCLOSURE with no CUTCLASS is not supported. Skipping for layer via3
[WARNING DRT-0349] LEF58_ENCLOSURE with no CUTCLASS is not supported. Skipping for layer via3
[WARNING DRT-0349] LEF58_ENCLOSURE with no CUTCLASS is not supported. Skipping for layer via4
[WARNING DRT-0349] LEF58_ENCLOSURE with no CUTCLASS is not supported. Skipping for layer via4

Units:                1000
Number of layers:     13
Number of macros:     445
Number of vias:       29
Number of viarulegen: 25

[INFO DRT-0150] Reading design.

Design:                   VRAI_SYNC_CORE
Die area:                 ( 0 0 ) ( 267150 277870 )
Number of track patterns: 12
Number of DEF vias:       0
Number of components:     4178
Number of terminals:      110
Number of snets:          2
Number of nets:           3091

[INFO DRT-0167] List of default vias:
  Layer via
    default via: M1M2_PR
  Layer via2
    default via: M2M3_PR
  Layer via3
    default via: M3M4_PR
  Layer via4
    default via: M4M5_PR
[INFO DRT-0162] Library cell analysis.
[INFO DRT-0163] Instance analysis.
[INFO DRT-0164] Number of unique instances = 241.
[INFO DRT-0168] Init region query.
[INFO DRT-0024]   Complete FR_MASTERSLICE.
[INFO DRT-0024]   Complete licon.
[INFO DRT-0024]   Complete li1.
[INFO DRT-0024]   Complete mcon.
[INFO DRT-0024]   Complete met1.
[INFO DRT-0024]   Complete via.
[INFO DRT-0024]   Complete met2.
[INFO DRT-0024]   Complete via2.
[INFO DRT-0024]   Complete met3.
[INFO DRT-0024]   Complete via3.
[INFO DRT-0024]   Complete met4.
[INFO DRT-0024]   Complete via4.
[INFO DRT-0024]   Complete met5.
[INFO DRT-0033] FR_MASTERSLICE shape region query size = 0.
[INFO DRT-0033] licon shape region query size = 0.
[INFO DRT-0033] li1 shape region query size = 108335.
[INFO DRT-0033] mcon shape region query size = 0.
[INFO DRT-0033] met1 shape region query size = 15136.
[INFO DRT-0033] via shape region query size = 950.
[INFO DRT-0033] met2 shape region query size = 614.
[INFO DRT-0033] via2 shape region query size = 760.
[INFO DRT-0033] met3 shape region query size = 634.
[INFO DRT-0033] via3 shape region query size = 760.
[INFO DRT-0033] met4 shape region query size = 206.
[INFO DRT-0033] via4 shape region query size = 8.
[INFO DRT-0033] met5 shape region query size = 16.
[INFO DRT-0165] Start pin access.
[INFO DRT-0076]   Complete 1000 pins.
[INFO DRT-0078]   Complete 1938 pins.
[INFO DRT-0079]   Complete 100 unique inst patterns.
[INFO DRT-0079]   Complete 200 unique inst patterns.
[INFO DRT-0081]   Complete 241 unique inst patterns.
[INFO DRT-0084]   Complete 2018 groups.
#scanned instances     = 4178
#unique  instances     = 241
#stdCellGenAp          = 7029
#stdCellValidPlanarAp  = 84
#stdCellValidViaAp     = 5465
#stdCellPinNoAp        = 0
#stdCellPinCnt         = 11941
#instTermValidViaApCnt = 0
#macroGenAp            = 0
#macroValidPlanarAp    = 0
#macroValidViaAp       = 0
#macroNoAp             = 0
[INFO DRT-0166] Complete pin access.
[INFO DRT-0267] cpu time = 00:03:10, elapsed time = 00:00:12, memory = 158.21 (MB), peak = 156.82 (MB)

[INFO DRT-0157] Number of guides:     28720

[INFO DRT-0169] Post process guides.
[INFO DRT-0176] GCELLGRID X 0 DO 38 STEP 6900 ;
[INFO DRT-0177] GCELLGRID Y 0 DO 40 STEP 6900 ;
[INFO DRT-0028]   Complete FR_MASTERSLICE.
[INFO DRT-0028]   Complete licon.
[INFO DRT-0028]   Complete li1.
[INFO DRT-0028]   Complete mcon.
[INFO DRT-0028]   Complete met1.
[INFO DRT-0028]   Complete via.
[INFO DRT-0028]   Complete met2.
[INFO DRT-0028]   Complete via2.
[INFO DRT-0028]   Complete met3.
[INFO DRT-0028]   Complete via3.
[INFO DRT-0028]   Complete met4.
[INFO DRT-0028]   Complete via4.
[INFO DRT-0028]   Complete met5.
[INFO DRT-0178] Init guide query.
[INFO DRT-0035]   Complete FR_MASTERSLICE (guide).
[INFO DRT-0035]   Complete licon (guide).
[INFO DRT-0035]   Complete li1 (guide).
[INFO DRT-0035]   Complete mcon (guide).
[INFO DRT-0035]   Complete met1 (guide).
[INFO DRT-0035]   Complete via (guide).
[INFO DRT-0035]   Complete met2 (guide).
[INFO DRT-0035]   Complete via2 (guide).
[INFO DRT-0035]   Complete met3 (guide).
[INFO DRT-0035]   Complete via3 (guide).
[INFO DRT-0035]   Complete met4 (guide).
[INFO DRT-0035]   Complete via4 (guide).
[INFO DRT-0035]   Complete met5 (guide).
[INFO DRT-0036] FR_MASTERSLICE guide region query size = 0.
[INFO DRT-0036] licon guide region query size = 0.
[INFO DRT-0036] li1 guide region query size = 9530.
[INFO DRT-0036] mcon guide region query size = 0.
[INFO DRT-0036] met1 guide region query size = 8762.
[INFO DRT-0036] via guide region query size = 0.
[INFO DRT-0036] met2 guide region query size = 4906.
[INFO DRT-0036] via2 guide region query size = 0.
[INFO DRT-0036] met3 guide region query size = 630.
[INFO DRT-0036] via3 guide region query size = 0.
[INFO DRT-0036] met4 guide region query size = 130.
[INFO DRT-0036] via4 guide region query size = 0.
[INFO DRT-0036] met5 guide region query size = 5.
[INFO DRT-0179] Init gr pin query.
[INFO DRT-0267] cpu time = 00:00:00, elapsed time = 00:00:00, memory = 167.69 (MB), peak = 166.32 (MB)
[INFO DRT-0245] skipped writing guide updates to database.
[INFO DRT-0185] Post process initialize RPin region query.
[INFO DRT-0181] Start track assignment.
[INFO DRT-0184] Done with 14566 vertical wires in 1 frboxes and 9397 horizontal wires in 1 frboxes.
[INFO DRT-0186] Done with 1600 vertical wires in 1 frboxes and 2694 horizontal wires in 1 frboxes.
[INFO DRT-0182] Complete track assignment.
[INFO DRT-0267] cpu time = 00:00:07, elapsed time = 00:00:01, memory = 200.47 (MB), peak = 199.02 (MB)
[INFO DRT-0187] Start routing data preparation.
[INFO DRT-0267] cpu time = 00:00:00, elapsed time = 00:00:00, memory = 203.48 (MB), peak = 202.02 (MB)
[INFO DRT-0194] Start detail routing.
[INFO DRT-0195] Start 0th optimization iteration.
    Completing 10% with 0 violations.
    elapsed time = 00:00:01, memory = 409.68 (MB).
    Completing 20% with 0 violations.
    elapsed time = 00:00:03, memory = 350.20 (MB).
    Completing 30% with 322 violations.
    elapsed time = 00:00:04, memory = 532.10 (MB).
    Completing 40% with 322 violations.
    elapsed time = 00:00:05, memory = 542.60 (MB).
    Completing 50% with 322 violations.
    elapsed time = 00:00:07, memory = 489.40 (MB).
    Completing 60% with 611 violations.
    elapsed time = 00:00:09, memory = 604.90 (MB).
    Completing 70% with 611 violations.
    elapsed time = 00:00:10, memory = 604.90 (MB).
    Completing 80% with 952 violations.
    elapsed time = 00:00:11, memory = 698.58 (MB).
    Completing 90% with 952 violations.
    elapsed time = 00:00:12, memory = 720.25 (MB).
    Completing 100% with 1213 violations.
    elapsed time = 00:00:15, memory = 697.34 (MB).
[INFO DRT-0199]   Number of violations = 1427.
Viol/Layer         li1   mcon   met1   met2   met3
Cut Spacing          0      8      0      0      0
Metal Spacing        0      0    291     44      2
Min Hole             0      0      1      0      0
Recheck              1      0    139     71      3
Short                0      0    745    121      1
[INFO DRT-0267] cpu time = 00:01:23, elapsed time = 00:00:16, memory = 1010.23 (MB), peak = 1008.82 (MB)
Total wire length = 129291 um.
Total wire length on LAYER li1 = 0 um.
Total wire length on LAYER met1 = 52422 um.
Total wire length on LAYER met2 = 57758 um.
Total wire length on LAYER met3 = 13688 um.
Total wire length on LAYER met4 = 5359 um.
Total wire length on LAYER met5 = 63 um.
Total number of vias = 27117.
Up-via summary (total 27117):

------------------------
 FR_MASTERSLICE        0
            li1    11930
           met1    13991
           met2      958
           met3      228
           met4       10
------------------------
               27117


[INFO DRT-0195] Start 1st optimization iteration.
    Completing 10% with 1427 violations.
    elapsed time = 00:00:01, memory = 1151.82 (MB).
    Completing 20% with 1427 violations.
    elapsed time = 00:00:02, memory = 1151.82 (MB).
    Completing 30% with 1298 violations.
    elapsed time = 00:00:04, memory = 1184.16 (MB).
    Completing 40% with 1298 violations.
    elapsed time = 00:00:05, memory = 1186.51 (MB).
    Completing 50% with 1298 violations.
    elapsed time = 00:00:06, memory = 1197.52 (MB).
    Completing 60% with 1104 violations.
    elapsed time = 00:00:08, memory = 1205.04 (MB).
    Completing 70% with 1104 violations.
    elapsed time = 00:00:09, memory = 1225.52 (MB).
    Completing 80% with 858 violations.
    elapsed time = 00:00:10, memory = 1225.52 (MB).
    Completing 90% with 858 violations.
    elapsed time = 00:00:12, memory = 1227.52 (MB).
    Completing 100% with 611 violations.
    elapsed time = 00:00:15, memory = 1227.52 (MB).
[INFO DRT-0199]   Number of violations = 611.
Viol/Layer        met1   met2   met3
Metal Spacing      130     16      2
Short              439     23      1
[INFO DRT-0267] cpu time = 00:01:19, elapsed time = 00:00:15, memory = 1230.52 (MB), peak = 1229.22 (MB)
Total wire length = 128164 um.
Total wire length on LAYER li1 = 0 um.
Total wire length on LAYER met1 = 51580 um.
Total wire length on LAYER met2 = 57340 um.
Total wire length on LAYER met3 = 13828 um.
Total wire length on LAYER met4 = 5369 um.
Total wire length on LAYER met5 = 46 um.
Total number of vias = 26860.
Up-via summary (total 26860):

------------------------
 FR_MASTERSLICE        0
            li1    11924
           met1    13719
           met2      982
           met3      225
           met4       10
------------------------
               26860


[INFO DRT-0195] Start 2nd optimization iteration.
    Completing 10% with 611 violations.
    elapsed time = 00:00:00, memory = 1230.52 (MB).
    Completing 20% with 611 violations.
    elapsed time = 00:00:00, memory = 1303.33 (MB).
    Completing 30% with 611 violations.
    elapsed time = 00:00:02, memory = 1294.52 (MB).
    Completing 40% with 614 violations.
    elapsed time = 00:00:02, memory = 1294.52 (MB).
    Completing 50% with 614 violations.
    elapsed time = 00:00:05, memory = 1338.51 (MB).
    Completing 60% with 576 violations.
    elapsed time = 00:00:06, memory = 1340.23 (MB).
    Completing 70% with 576 violations.
    elapsed time = 00:00:08, memory = 1340.23 (MB).
    Completing 80% with 576 violations.
    elapsed time = 00:00:10, memory = 1346.84 (MB).
    Completing 90% with 591 violations.
    elapsed time = 00:00:13, memory = 1346.84 (MB).
    Completing 100% with 594 violations.
    elapsed time = 00:00:13, memory = 1347.20 (MB).
[INFO DRT-0199]   Number of violations = 594.
Viol/Layer        met1   met2
Metal Spacing      129     12
Short              421     32
[INFO DRT-0267] cpu time = 00:01:20, elapsed time = 00:00:14, memory = 1347.20 (MB), peak = 1347.22 (MB)
Total wire length = 127837 um.
Total wire length on LAYER li1 = 0 um.
Total wire length on LAYER met1 = 51475 um.
Total wire length on LAYER met2 = 57227 um.
Total wire length on LAYER met3 = 13733 um.
Total wire length on LAYER met4 = 5341 um.
Total wire length on LAYER met5 = 59 um.
Total number of vias = 26694.
Up-via summary (total 26694):

------------------------
 FR_MASTERSLICE        0
            li1    11911
           met1    13606
           met2      949
           met3      218
           met4       10
------------------------
               26694


[INFO DRT-0195] Start 3rd optimization iteration.
    Completing 10% with 594 violations.
    elapsed time = 00:00:01, memory = 1380.20 (MB).
    Completing 20% with 594 violations.
    elapsed time = 00:00:02, memory = 1380.20 (MB).
    Completing 30% with 426 violations.
    elapsed time = 00:00:03, memory = 1354.87 (MB).
    Completing 40% with 426 violations.
    elapsed time = 00:00:04, memory = 1354.87 (MB).
    Completing 50% with 426 violations.
    elapsed time = 00:00:04, memory = 1354.87 (MB).
    Completing 60% with 306 violations.
    elapsed time = 00:00:05, memory = 1388.42 (MB).
    Completing 70% with 306 violations.
    elapsed time = 00:00:06, memory = 1356.21 (MB).
    Completing 80% with 180 violations.
    elapsed time = 00:00:06, memory = 1356.21 (MB).
    Completing 90% with 180 violations.
    elapsed time = 00:00:07, memory = 1356.21 (MB).
    Completing 100% with 37 violations.
    elapsed time = 00:00:08, memory = 1356.21 (MB).
[INFO DRT-0199]   Number of violations = 37.
Viol/Layer        met1   met2
Metal Spacing       15      3
Short               19      0
[INFO DRT-0267] cpu time = 00:00:52, elapsed time = 00:00:08, memory = 1356.21 (MB), peak = 1386.96 (MB)
Total wire length = 127768 um.
Total wire length on LAYER li1 = 0 um.
Total wire length on LAYER met1 = 49203 um.
Total wire length on LAYER met2 = 57384 um.
Total wire length on LAYER met3 = 15805 um.
Total wire length on LAYER met4 = 5315 um.
Total wire length on LAYER met5 = 59 um.
Total number of vias = 27044.
Up-via summary (total 27044):

------------------------
 FR_MASTERSLICE        0
            li1    11916
           met1    13708
           met2     1194
           met3      216
           met4       10
------------------------
               27044


[INFO DRT-0195] Start 4th guides tiles iteration.
    Completing 10% with 37 violations.
    elapsed time = 00:00:00, memory = 1356.27 (MB).
    Completing 20% with 37 violations.
    elapsed time = 00:00:00, memory = 1356.27 (MB).
    Completing 30% with 37 violations.
    elapsed time = 00:00:00, memory = 1356.27 (MB).
    Completing 40% with 37 violations.
    elapsed time = 00:00:00, memory = 1356.27 (MB).
    Completing 50% with 37 violations.
    elapsed time = 00:00:00, memory = 1356.27 (MB).
    Completing 60% with 37 violations.
    elapsed time = 00:00:00, memory = 1356.27 (MB).
    Completing 70% with 4 violations.
    elapsed time = 00:00:00, memory = 1356.27 (MB).
    Completing 80% with 4 violations.
    elapsed time = 00:00:00, memory = 1356.27 (MB).
    Completing 100% with 4 violations.
    elapsed time = 00:00:00, memory = 1356.27 (MB).
[INFO DRT-0199]   Number of violations = 4.
Viol/Layer        met1
Metal Spacing        4
[INFO DRT-0267] cpu time = 00:00:05, elapsed time = 00:00:00, memory = 1356.27 (MB), peak = 1386.96 (MB)
Total wire length = 127773 um.
Total wire length on LAYER li1 = 0 um.
Total wire length on LAYER met1 = 49186 um.
Total wire length on LAYER met2 = 57385 um.
Total wire length on LAYER met3 = 15826 um.
Total wire length on LAYER met4 = 5315 um.
Total wire length on LAYER met5 = 59 um.
Total number of vias = 27047.
Up-via summary (total 27047):

------------------------
 FR_MASTERSLICE        0
            li1    11915
           met1    13706
           met2     1200
           met3      216
           met4       10
------------------------
               27047


[INFO DRT-0195] Start 5th guides tiles iteration.
    Completing 100% with 4 violations.
    elapsed time = 00:00:00, memory = 1356.27 (MB).
[INFO DRT-0199]   Number of violations = 4.
Viol/Layer        met1
Metal Spacing        4
[INFO DRT-0267] cpu time = 00:00:03, elapsed time = 00:00:00, memory = 1356.27 (MB), peak = 1386.96 (MB)
Total wire length = 127773 um.
Total wire length on LAYER li1 = 0 um.
Total wire length on LAYER met1 = 49186 um.
Total wire length on LAYER met2 = 57385 um.
Total wire length on LAYER met3 = 15826 um.
Total wire length on LAYER met4 = 5315 um.
Total wire length on LAYER met5 = 59 um.
Total number of vias = 27047.
Up-via summary (total 27047):

------------------------
 FR_MASTERSLICE        0
            li1    11915
           met1    13706
           met2     1200
           met3      216
           met4       10
------------------------
               27047


[INFO DRT-0195] Start 6th stubborn tiles iteration.
    Completing 10% with 4 violations.
    elapsed time = 00:00:01, memory = 1433.96 (MB).
    Completing 20% with 4 violations.
    elapsed time = 00:00:01, memory = 1441.04 (MB).
    Completing 30% with 4 violations.
    elapsed time = 00:00:01, memory = 1453.41 (MB).
    Completing 40% with 4 violations.
    elapsed time = 00:00:02, memory = 1495.65 (MB).
    Completing 50% with 4 violations.
    elapsed time = 00:00:02, memory = 1568.54 (MB).
    Completing 60% with 4 violations.
    elapsed time = 00:00:04, memory = 1793.23 (MB).
    Completing 70% with 4 violations.
    elapsed time = 00:00:04, memory = 1822.65 (MB).
    Completing 80% with 4 violations.
    elapsed time = 00:00:05, memory = 1783.85 (MB).
    Completing 90% with 4 violations.
    elapsed time = 00:00:06, memory = 1726.73 (MB).
    Completing 100% with 0 violations.
    elapsed time = 00:00:10, memory = 1664.04 (MB).
[INFO DRT-0199]   Number of violations = 0.
[INFO DRT-0267] cpu time = 00:01:38, elapsed time = 00:00:10, memory = 1664.04 (MB), peak = 1852.96 (MB)
Total wire length = 127774 um.
Total wire length on LAYER li1 = 0 um.
Total wire length on LAYER met1 = 49187 um.
Total wire length on LAYER met2 = 57385 um.
Total wire length on LAYER met3 = 15826 um.
Total wire length on LAYER met4 = 5315 um.
Total wire length on LAYER met5 = 59 um.
Total number of vias = 27047.
Up-via summary (total 27047):

------------------------
 FR_MASTERSLICE        0
            li1    11915
           met1    13706
           met2     1200
           met3      216
           met4       10
------------------------
               27047


[INFO DRT-0198] Complete detail routing.
Total wire length = 127774 um.
Total wire length on LAYER li1 = 0 um.
Total wire length on LAYER met1 = 49187 um.
Total wire length on LAYER met2 = 57385 um.
Total wire length on LAYER met3 = 15826 um.
Total wire length on LAYER met4 = 5315 um.
Total wire length on LAYER met5 = 59 um.
Total number of vias = 27047.
Up-via summary (total 27047):

------------------------
 FR_MASTERSLICE        0
            li1    11915
           met1    13706
           met2     1200
           met3      216
           met4       10
------------------------
               27047


[INFO DRT-0267] cpu time = 00:06:44, elapsed time = 00:01:06, memory = 1664.16 (MB), peak = 1852.96 (MB)

[INFO DRT-0180] Post processing.
+ check_antennas 
[INFO ANT-0002] Found 4 net violations.
[INFO ANT-0001] Found 4 pin violations.
[INFO] Running antenna repair iteration 1…
+ repair_antennas sky130_fd_sc_hd__diode_2 -ratio_margin 10
[INFO GRT-0012] Found 4 antenna violations.
[INFO GRT-0015] Inserted 4 diodes.
+ detailed_route -droute_end_iter 64 -or_seed 42 -verbose 1 -output_drc /home/Ven/vscode/VRAI/runs/RUN_2026-07-24_14-16-50/44-openroad-detailedrouting/drt-run-1/VRAI_SYNC_CORE.drc
[INFO DRT-0024]   Complete FR_MASTERSLICE.
[INFO DRT-0024]   Complete licon.
[INFO DRT-0024]   Complete li1.
[INFO DRT-0024]   Complete mcon.
[INFO DRT-0024]   Complete met1.
[INFO DRT-0024]   Complete via.
[INFO DRT-0024]   Complete met2.
[INFO DRT-0024]   Complete via2.
[INFO DRT-0024]   Complete met3.
[INFO DRT-0024]   Complete via3.
[INFO DRT-0024]   Complete met4.
[INFO DRT-0024]   Complete via4.
[INFO DRT-0024]   Complete met5.
[INFO DRT-0165] Start pin access.
[INFO DRT-0076]   Complete 1000 pins.
[INFO DRT-0078]   Complete 1953 pins.
[INFO DRT-0079]   Complete 100 unique inst patterns.
[INFO DRT-0079]   Complete 200 unique inst patterns.
[INFO DRT-0081]   Complete 244 unique inst patterns.
[INFO DRT-0084]   Complete 2019 groups.
#scanned instances     = 4182
#unique  instances     = 244
#stdCellGenAp          = 7065
#stdCellValidPlanarAp  = 84
#stdCellValidViaAp     = 5501
#stdCellPinNoAp        = 0
#stdCellPinCnt         = 11941
#instTermValidViaApCnt = 0
#macroGenAp            = 0
#macroValidPlanarAp    = 0
#macroValidViaAp       = 0
#macroNoAp             = 0
[INFO DRT-0166] Complete pin access.
[INFO DRT-0267] cpu time = 00:03:47, elapsed time = 00:00:15, memory = 1612.00 (MB), peak = 1852.96 (MB)

[INFO DRT-0157] Number of guides:     28693

[INFO DRT-0169] Post process guides.
[INFO DRT-0176] GCELLGRID X 0 DO 38 STEP 6900 ;
[INFO DRT-0177] GCELLGRID Y 0 DO 40 STEP 6900 ;
[INFO DRT-0028]   Complete FR_MASTERSLICE.
[INFO DRT-0028]   Complete licon.
[INFO DRT-0028]   Complete li1.
[INFO DRT-0028]   Complete mcon.
[INFO DRT-0028]   Complete met1.
[INFO DRT-0028]   Complete via.
[INFO DRT-0028]   Complete met2.
[INFO DRT-0028]   Complete via2.
[INFO DRT-0028]   Complete met3.
[INFO DRT-0028]   Complete via3.
[INFO DRT-0028]   Complete met4.
[INFO DRT-0028]   Complete via4.
[INFO DRT-0028]   Complete met5.
[INFO DRT-0178] Init guide query.
[INFO DRT-0035]   Complete FR_MASTERSLICE (guide).
[INFO DRT-0035]   Complete licon (guide).
[INFO DRT-0035]   Complete li1 (guide).
[INFO DRT-0035]   Complete mcon (guide).
[INFO DRT-0035]   Complete met1 (guide).
[INFO DRT-0035]   Complete via (guide).
[INFO DRT-0035]   Complete met2 (guide).
[INFO DRT-0035]   Complete via2 (guide).
[INFO DRT-0035]   Complete met3 (guide).
[INFO DRT-0035]   Complete via3 (guide).
[INFO DRT-0035]   Complete met4 (guide).
[INFO DRT-0035]   Complete via4 (guide).
[INFO DRT-0035]   Complete met5 (guide).
[INFO DRT-0036] FR_MASTERSLICE guide region query size = 0.
[INFO DRT-0036] licon guide region query size = 0.
[INFO DRT-0036] li1 guide region query size = 9532.
[INFO DRT-0036] mcon guide region query size = 0.
[INFO DRT-0036] met1 guide region query size = 8763.
[INFO DRT-0036] via guide region query size = 0.
[INFO DRT-0036] met2 guide region query size = 4903.
[INFO DRT-0036] via2 guide region query size = 0.
[INFO DRT-0036] met3 guide region query size = 617.
[INFO DRT-0036] via3 guide region query size = 0.
[INFO DRT-0036] met4 guide region query size = 123.
[INFO DRT-0036] via4 guide region query size = 0.
[INFO DRT-0036] met5 guide region query size = 5.
[INFO DRT-0179] Init gr pin query.
[INFO DRT-0267] cpu time = 00:00:00, elapsed time = 00:00:00, memory = 1612.00 (MB), peak = 1852.96 (MB)
[INFO DRT-0245] skipped writing guide updates to database.
[INFO DRT-0185] Post process initialize RPin region query.
[INFO DRT-0181] Start track assignment.
[INFO DRT-0184] Done with 14558 vertical wires in 1 frboxes and 9385 horizontal wires in 1 frboxes.
[INFO DRT-0186] Done with 1638 vertical wires in 1 frboxes and 2687 horizontal wires in 1 frboxes.
[INFO DRT-0182] Complete track assignment.
[INFO DRT-0267] cpu time = 00:00:07, elapsed time = 00:00:01, memory = 1612.00 (MB), peak = 1852.96 (MB)
[INFO DRT-0187] Start routing data preparation.
[INFO DRT-0267] cpu time = 00:00:00, elapsed time = 00:00:00, memory = 1612.00 (MB), peak = 1852.96 (MB)
[INFO DRT-0194] Start detail routing.
[INFO DRT-0195] Start 0th optimization iteration.
    Completing 10% with 0 violations.
    elapsed time = 00:00:00, memory = 1616.20 (MB).
    Completing 20% with 0 violations.
    elapsed time = 00:00:00, memory = 1616.20 (MB).
    Completing 30% with 62 violations.
    elapsed time = 00:00:01, memory = 1620.27 (MB).
    Completing 40% with 62 violations.
    elapsed time = 00:00:01, memory = 1620.27 (MB).
    Completing 50% with 62 violations.
    elapsed time = 00:00:01, memory = 1620.27 (MB).
    Completing 60% with 79 violations.
    elapsed time = 00:00:02, memory = 1618.56 (MB).
    Completing 70% with 79 violations.
    elapsed time = 00:00:02, memory = 1618.56 (MB).
    Completing 80% with 112 violations.
    elapsed time = 00:00:02, memory = 1552.44 (MB).
    Completing 90% with 112 violations.
    elapsed time = 00:00:03, memory = 1552.44 (MB).
    Completing 100% with 125 violations.
    elapsed time = 00:00:03, memory = 1552.44 (MB).
[INFO DRT-0199]   Number of violations = 145.
Viol/Layer        met1   met2
Metal Spacing        7      9
Recheck              6     14
Short               59     50
[INFO DRT-0267] cpu time = 00:00:30, elapsed time = 00:00:03, memory = 1647.12 (MB), peak = 1852.96 (MB)
Total wire length = 127774 um.
Total wire length on LAYER li1 = 0 um.
Total wire length on LAYER met1 = 49313 um.
Total wire length on LAYER met2 = 57574 um.
Total wire length on LAYER met3 = 15679 um.
Total wire length on LAYER met4 = 5150 um.
Total wire length on LAYER met5 = 57 um.
Total number of vias = 27050.
Up-via summary (total 27050):

------------------------
 FR_MASTERSLICE        0
            li1    11922
           met1    13728
           met2     1185
           met3      205
           met4       10
------------------------
               27050


[INFO DRT-0195] Start 1st optimization iteration.
    Completing 10% with 145 violations.
    elapsed time = 00:00:00, memory = 1682.66 (MB).
    Completing 20% with 145 violations.
    elapsed time = 00:00:00, memory = 1682.66 (MB).
    Completing 30% with 116 violations.
    elapsed time = 00:00:01, memory = 1647.12 (MB).
    Completing 40% with 116 violations.
    elapsed time = 00:00:01, memory = 1647.13 (MB).
    Completing 50% with 116 violations.
    elapsed time = 00:00:01, memory = 1647.13 (MB).
    Completing 60% with 97 violations.
    elapsed time = 00:00:01, memory = 1647.13 (MB).
    Completing 70% with 97 violations.
    elapsed time = 00:00:02, memory = 1647.13 (MB).
    Completing 80% with 44 violations.
    elapsed time = 00:00:03, memory = 1549.57 (MB).
    Completing 90% with 44 violations.
    elapsed time = 00:00:03, memory = 1549.57 (MB).
    Completing 100% with 14 violations.
    elapsed time = 00:00:03, memory = 1549.57 (MB).
[INFO DRT-0199]   Number of violations = 14.
Viol/Layer        met1   met2
Short               12      2
[INFO DRT-0267] cpu time = 00:00:31, elapsed time = 00:00:03, memory = 1647.13 (MB), peak = 1852.96 (MB)
Total wire length = 127727 um.
Total wire length on LAYER li1 = 0 um.
Total wire length on LAYER met1 = 49283 um.
Total wire length on LAYER met2 = 57551 um.
Total wire length on LAYER met3 = 15684 um.
Total wire length on LAYER met4 = 5150 um.
Total wire length on LAYER met5 = 57 um.
Total number of vias = 27041.
Up-via summary (total 27041):

------------------------
 FR_MASTERSLICE        0
            li1    11920
           met1    13721
           met2     1185
           met3      205
           met4       10
------------------------
               27041


[INFO DRT-0195] Start 2nd optimization iteration.
    Completing 10% with 14 violations.
    elapsed time = 00:00:00, memory = 1647.13 (MB).
    Completing 20% with 14 violations.
    elapsed time = 00:00:00, memory = 1647.13 (MB).
    Completing 30% with 14 violations.
    elapsed time = 00:00:00, memory = 1647.13 (MB).
    Completing 40% with 14 violations.
    elapsed time = 00:00:00, memory = 1647.13 (MB).
    Completing 50% with 14 violations.
    elapsed time = 00:00:00, memory = 1647.13 (MB).
    Completing 60% with 14 violations.
    elapsed time = 00:00:00, memory = 1647.13 (MB).
    Completing 70% with 14 violations.
    elapsed time = 00:00:00, memory = 1647.13 (MB).
    Completing 80% with 14 violations.
    elapsed time = 00:00:01, memory = 1647.13 (MB).
    Completing 90% with 14 violations.
    elapsed time = 00:00:01, memory = 1647.13 (MB).
    Completing 100% with 16 violations.
    elapsed time = 00:00:02, memory = 1647.13 (MB).
[INFO DRT-0199]   Number of violations = 16.
Viol/Layer        met1   met2
Metal Spacing        0      2
Short               14      0
[INFO DRT-0267] cpu time = 00:00:13, elapsed time = 00:00:02, memory = 1647.25 (MB), peak = 1852.96 (MB)
Total wire length = 127719 um.
Total wire length on LAYER li1 = 0 um.
Total wire length on LAYER met1 = 49288 um.
Total wire length on LAYER met2 = 57541 um.
Total wire length on LAYER met3 = 15680 um.
Total wire length on LAYER met4 = 5148 um.
Total wire length on LAYER met5 = 59 um.
Total number of vias = 27029.
Up-via summary (total 27029):

------------------------
 FR_MASTERSLICE        0
            li1    11920
           met1    13710
           met2     1184
           met3      205
           met4       10
------------------------
               27029


[INFO DRT-0195] Start 3rd guides tiles iteration.
    Completing 10% with 16 violations.
    elapsed time = 00:00:00, memory = 1647.25 (MB).
    Completing 20% with 16 violations.
    elapsed time = 00:00:00, memory = 1647.25 (MB).
    Completing 30% with 16 violations.
    elapsed time = 00:00:00, memory = 1647.25 (MB).
    Completing 40% with 16 violations.
    elapsed time = 00:00:00, memory = 1647.25 (MB).
    Completing 50% with 16 violations.
    elapsed time = 00:00:00, memory = 1647.25 (MB).
    Completing 60% with 16 violations.
    elapsed time = 00:00:00, memory = 1647.25 (MB).
    Completing 70% with 1 violations.
    elapsed time = 00:00:00, memory = 1647.25 (MB).
    Completing 80% with 1 violations.
    elapsed time = 00:00:00, memory = 1647.25 (MB).
    Completing 90% with 1 violations.
    elapsed time = 00:00:00, memory = 1647.25 (MB).
    Completing 100% with 0 violations.
    elapsed time = 00:00:00, memory = 1647.25 (MB).
[INFO DRT-0199]   Number of violations = 0.
[INFO DRT-0267] cpu time = 00:00:06, elapsed time = 00:00:00, memory = 1647.25 (MB), peak = 1852.96 (MB)
Total wire length = 127716 um.
Total wire length on LAYER li1 = 0 um.
Total wire length on LAYER met1 = 49199 um.
Total wire length on LAYER met2 = 57543 um.
Total wire length on LAYER met3 = 15765 um.
Total wire length on LAYER met4 = 5148 um.
Total wire length on LAYER met5 = 59 um.
Total number of vias = 27043.
Up-via summary (total 27043):

------------------------
 FR_MASTERSLICE        0
            li1    11920
           met1    13708
           met2     1200
           met3      205
           met4       10
------------------------
               27043


[INFO DRT-0198] Complete detail routing.
Total wire length = 127716 um.
Total wire length on LAYER li1 = 0 um.
Total wire length on LAYER met1 = 49199 um.
Total wire length on LAYER met2 = 57543 um.
Total wire length on LAYER met3 = 15765 um.
Total wire length on LAYER met4 = 5148 um.
Total wire length on LAYER met5 = 59 um.
Total number of vias = 27043.
Up-via summary (total 27043):

------------------------
 FR_MASTERSLICE        0
            li1    11920
           met1    13708
           met2     1200
           met3      205
           met4       10
------------------------
               27043


[INFO DRT-0267] cpu time = 00:01:23, elapsed time = 00:00:10, memory = 1647.25 (MB), peak = 1852.96 (MB)

[INFO DRT-0180] Post processing.
+ check_antennas 
[INFO ANT-0002] Found 0 net violations.
[INFO ANT-0001] Found 0 pin violations.
Setting global connections for newly added cells…
[INFO] Setting global connections...
[INFO ODB-0403] 16 connections made, 0 conflicts skipped.
Updating metrics…
Cell type report:                       Count       Area
  Fill cell                               188     705.68
  Tap cell                                912    1141.09
  Antenna cell                              4      10.01
  Clock buffer                             72     953.41
  Timing Repair Buffer                    149    1644.08
  Inverter                                 76     286.52
  Clock inverter                           12     210.20
  Sequential cell                         397    8459.36
  Multi-Input combinational cell         2372   24089.35
  Total                                  4182   37499.72
Writing OpenROAD database to '/home/Ven/vscode/VRAI/runs/RUN_2026-07-24_14-16-50/44-openroad-detailedrouting/VRAI_SYNC_CORE.odb'…
Writing netlist to '/home/Ven/vscode/VRAI/runs/RUN_2026-07-24_14-16-50/44-openroad-detailedrouting/VRAI_SYNC_CORE.nl.v'…
Writing powered netlist to '/home/Ven/vscode/VRAI/runs/RUN_2026-07-24_14-16-50/44-openroad-detailedrouting/VRAI_SYNC_CORE.pnl.v'…
Writing layout to '/home/Ven/vscode/VRAI/runs/RUN_2026-07-24_14-16-50/44-openroad-detailedrouting/VRAI_SYNC_CORE.def'…
Writing timing constraints to '/home/Ven/vscode/VRAI/runs/RUN_2026-07-24_14-16-50/44-openroad-detailedrouting/VRAI_SYNC_CORE.sdc'…
