Clock: CLK
Sources: CLK 
Generated: no
Virtual: yes
Propagated: no
Period: 26.000000

===========================================================================
report_clock_properties
============================================================================
Clock                   Period          Waveform
----------------------------------------------------
CLK                  26.000000    0.000000 13.000000

===========================================================================
report_clock_latency
============================================================================
Clock CLK
rise -> rise
    min     max
0.000000 0.000000 source latency
0.524911         network latency _5004_/CLK
        0.539346 network latency _5170_/CLK
---------------
0.524911 0.539346 latency
        0.014435 skew

fall -> fall
    min     max
0.000000 0.000000 source latency
0.449308         network latency _5004_/CLK
        0.459496 network latency _5170_/CLK
---------------
0.449308 0.459496 latency
        0.010187 skew



===========================================================================
report_clock_min_period
============================================================================
CLK period_min = 6.34 fmax = 157.76
