┏━━━━━━━━━━━━━━━━━━━━━━┳━━━━━━━━━━┳━━━━━━━━━━┳━━━━━━━━━━┳━━━━━━━━━━┳━━━━━━━━━━━┳━━━━━━━━━━┳━━━━━━━━━━━┳━━━━━━━━━━┳━━━━━━━━━━━┳━━━━━━━━━━┳━━━━━━━━━━━┳━━━━━━━━━━┓
┃                      ┃ Hold     ┃ Reg to   ┃          ┃          ┃ of which  ┃ Setup    ┃           ┃          ┃           ┃ of which ┃           ┃          ┃
┃                      ┃ Worst    ┃ Reg      ┃          ┃ Hold Vio ┃ reg to    ┃ Worst    ┃ Reg to    ┃ Setup    ┃ Setup Vio ┃ reg to   ┃ Max Cap   ┃ Max Slew ┃
┃ Corner/Group         ┃ Slack    ┃ Paths    ┃ Hold TNS ┃ Count    ┃ reg       ┃ Slack    ┃ Reg Paths ┃ TNS      ┃ Count     ┃ reg      ┃ Violatio… ┃ Violati… ┃
┡━━━━━━━━━━━━━━━━━━━━━━╇━━━━━━━━━━╇━━━━━━━━━━╇━━━━━━━━━━╇━━━━━━━━━━╇━━━━━━━━━━━╇━━━━━━━━━━╇━━━━━━━━━━━╇━━━━━━━━━━╇━━━━━━━━━━━╇━━━━━━━━━━╇━━━━━━━━━━━╇━━━━━━━━━━┩
│ Overall              │ 0.2902   │ 0.2902   │ 0.0000   │ 0        │ 0         │ 12.4307  │ 12.4307   │ 0.0000   │ 0         │ 0        │ 17        │ 284      │
│ nom_tt_025C_1v80     │ 0.4459   │ 0.4459   │ 0.0000   │ 0        │ 0         │ 18.2936  │ 19.3885   │ 0.0000   │ 0         │ 0        │ 0         │ 0        │
│ nom_ss_100C_1v60     │ 0.8811   │ 0.8811   │ 0.0000   │ 0        │ 0         │ 12.7170  │ 12.7170   │ 0.0000   │ 0         │ 0        │ 12        │ 247      │
│ nom_ff_n40C_1v95     │ 0.2916   │ 0.2916   │ 0.0000   │ 0        │ 0         │ 19.2623  │ N/A       │ 0.0000   │ 0         │ 0        │ 0         │ 0        │
│ min_tt_025C_1v80     │ 0.4447   │ 0.4447   │ 0.0000   │ 0        │ 0         │ 18.4093  │ 19.5031   │ 0.0000   │ 0         │ 0        │ 0         │ 0        │
│ min_ss_100C_1v60     │ 0.8791   │ 0.8791   │ 0.0000   │ 0        │ 0         │ 12.9460  │ 12.9460   │ 0.0000   │ 0         │ 0        │ 10        │ 180      │
│ min_ff_n40C_1v95     │ 0.2902   │ 0.2902   │ 0.0000   │ 0        │ 0         │ 19.3337  │ N/A       │ 0.0000   │ 0         │ 0        │ 0         │ 0        │
│ max_tt_025C_1v80     │ 0.4476   │ 0.4476   │ 0.0000   │ 0        │ 0         │ 18.1939  │ 19.2835   │ 0.0000   │ 0         │ 0        │ 0         │ 0        │
│ max_ss_100C_1v60     │ 0.8839   │ 0.8839   │ 0.0000   │ 0        │ 0         │ 12.4307  │ 12.4307   │ 0.0000   │ 0         │ 0        │ 17        │ 284      │
│ max_ff_n40C_1v95     │ 0.2933   │ 0.2933   │ 0.0000   │ 0        │ 0         │ 19.2006  │ N/A       │ 0.0000   │ 0         │ 0        │ 0         │ 0        │
└──────────────────────┴──────────┴──────────┴──────────┴──────────┴───────────┴──────────┴───────────┴──────────┴───────────┴──────────┴───────────┴──────────┘
