
===========================================================================
report_checks -unconstrained
===========================================================================
======================= max_ss_100C_1v60 Corner ===================================

Startpoint: _5127_ (rising edge-triggered flip-flop clocked by CLK)
Endpoint: _5221_ (rising edge-triggered flip-flop clocked by CLK)
Path Group: CLK
Path Type: max

Fanout         Cap        Slew       Delay        Time   Description
---------------------------------------------------------------------------------------------
                                  0.000000    0.000000   clock CLK (rise edge)
                                  0.000000    0.000000   clock source latency
     1    0.027885    0.000000    0.000000    0.000000 ^ CLK (in)
                                                         CLK (net)
                      0.003137    0.001568    0.001568 ^ clkbuf_0_CLK/A (sky130_fd_sc_hd__clkbuf_16)
     4    0.053384    0.111395    0.235687    0.237255 ^ clkbuf_0_CLK/X (sky130_fd_sc_hd__clkbuf_16)
                                                         clknet_0_CLK (net)
                      0.111404    0.001021    0.238276 ^ clkbuf_2_2__f_CLK/A (sky130_fd_sc_hd__clkbuf_16)
    11    0.078359    0.145988    0.311298    0.549574 ^ clkbuf_2_2__f_CLK/X (sky130_fd_sc_hd__clkbuf_16)
                                                         clknet_2_2__leaf_CLK (net)
                      0.145988    0.000631    0.550206 ^ clkbuf_leaf_9_CLK/A (sky130_fd_sc_hd__clkbuf_8)
    11    0.025742    0.097050    0.283753    0.833958 ^ clkbuf_leaf_9_CLK/X (sky130_fd_sc_hd__clkbuf_8)
                                                         clknet_leaf_9_CLK (net)
                      0.097050    0.000142    0.834101 ^ _5127_/CLK (sky130_fd_sc_hd__dfxtp_4)
    18    0.125365    0.559159    1.081120    1.915220 ^ _5127_/Q (sky130_fd_sc_hd__dfxtp_4)
                                                         _0008_ (net)
                      0.559159    0.000670    1.915890 ^ max_cap183/A (sky130_fd_sc_hd__buf_12)
    24    0.171865    0.310868    0.542137    2.458027 ^ max_cap183/X (sky130_fd_sc_hd__buf_12)
                                                         net183 (net)
                      0.311115    0.004517    2.462544 ^ max_cap182/A (sky130_fd_sc_hd__buf_12)
    24    0.169380    0.305955    0.456080    2.918625 ^ max_cap182/X (sky130_fd_sc_hd__buf_12)
                                                         net182 (net)
                      0.306343    0.007462    2.926086 ^ _2534_/S0 (sky130_fd_sc_hd__mux4_2)
     1    0.001383    0.131990    1.139187    4.065274 v _2534_/X (sky130_fd_sc_hd__mux4_2)
                                                         _0464_ (net)
                      0.131990    0.000000    4.065274 v _2535_/B (sky130_fd_sc_hd__or2_2)
     1    0.002676    0.111112    0.635684    4.700958 v _2535_/X (sky130_fd_sc_hd__or2_2)
                                                         _0465_ (net)
                      0.111112    0.000006    4.700964 v _2540_/A1 (sky130_fd_sc_hd__a22o_2)
     7    0.039904    0.219451    0.608916    5.309880 v _2540_/X (sky130_fd_sc_hd__a22o_2)
                                                         _0470_ (net)
                      0.219451    0.000122    5.310002 v max_cap154/A (sky130_fd_sc_hd__buf_6)
    11    0.055803    0.104844    0.342344    5.652346 v max_cap154/X (sky130_fd_sc_hd__buf_6)
                                                         net154 (net)
                      0.104996    0.003636    5.655982 v _2627_/B (sky130_fd_sc_hd__or2_2)
     4    0.013579    0.171222    0.719903    6.375885 v _2627_/X (sky130_fd_sc_hd__or2_2)
                                                         _0557_ (net)
                      0.171222    0.000044    6.375929 v _2628_/B (sky130_fd_sc_hd__and2_2)
     7    0.022858    0.149606    0.544917    6.920846 v _2628_/X (sky130_fd_sc_hd__and2_2)
                                                         _0558_ (net)
                      0.149606    0.000117    6.920963 v _3775_/C (sky130_fd_sc_hd__or4_2)
     2    0.003815    0.226875    1.482088    8.403051 v _3775_/X (sky130_fd_sc_hd__or4_2)
                                                         _1335_ (net)
                      0.226875    0.000004    8.403054 v _3832_/A2 (sky130_fd_sc_hd__o31a_2)
     3    0.021725    0.170484    0.795532    9.198586 v _3832_/X (sky130_fd_sc_hd__o31a_2)
                                                         _1391_ (net)
                      0.170489    0.001194    9.199780 v _4109_/A2 (sky130_fd_sc_hd__a21oi_2)
     3    0.012598    0.289481    0.376511    9.576291 ^ _4109_/Y (sky130_fd_sc_hd__a21oi_2)
                                                         _1661_ (net)
                      0.289481    0.000130    9.576421 ^ _4125_/B (sky130_fd_sc_hd__nand2_2)
     2    0.009196    0.113259    0.204890    9.781311 v _4125_/Y (sky130_fd_sc_hd__nand2_2)
                                                         _1676_ (net)
                      0.113259    0.000037    9.781348 v _4144_/B (sky130_fd_sc_hd__nand2_2)
     3    0.011713    0.123321    0.163476    9.944825 ^ _4144_/Y (sky130_fd_sc_hd__nand2_2)
                                                         _1694_ (net)
                      0.123321    0.000073    9.944898 ^ _4172_/A2 (sky130_fd_sc_hd__a21o_2)
     2    0.003932    0.061497    0.260802   10.205700 ^ _4172_/X (sky130_fd_sc_hd__a21o_2)
                                                         _1721_ (net)
                      0.061497    0.000024   10.205724 ^ _4174_/A_N (sky130_fd_sc_hd__and3b_2)
     1    0.002008    0.068461    0.402348   10.608071 v _4174_/X (sky130_fd_sc_hd__and3b_2)
                                                         _1723_ (net)
                      0.068461    0.000006   10.608077 v _4185_/B (sky130_fd_sc_hd__or4b_2)
     1    0.003046    0.218054    1.481466   12.089543 v _4185_/X (sky130_fd_sc_hd__or4b_2)
                                                         _1734_ (net)
                      0.218054    0.000019   12.089561 v _4186_/D (sky130_fd_sc_hd__or4_2)
     1    0.005678    0.244363    1.391042   13.480603 v _4186_/X (sky130_fd_sc_hd__or4_2)
                                                         _1735_ (net)
                      0.244363    0.000068   13.480672 v _4187_/B2 (sky130_fd_sc_hd__o221a_2)
     1    0.001821    0.073550    0.492348   13.973021 v _4187_/X (sky130_fd_sc_hd__o221a_2)
                                                         _0369_ (net)
                      0.073550    0.000003   13.973023 v _5221_/D (sky130_fd_sc_hd__dfxtp_2)
                                             13.973023   data arrival time

                                 26.000000   26.000000   clock CLK (rise edge)
                                  0.000000   26.000000   clock source latency
     1    0.027885    0.000000    0.000000   26.000000 ^ CLK (in)
                                                         CLK (net)
                      0.003137    0.001569   26.001568 ^ clkbuf_0_CLK/A (sky130_fd_sc_hd__clkbuf_16)
     4    0.053384    0.111395    0.235687   26.237255 ^ clkbuf_0_CLK/X (sky130_fd_sc_hd__clkbuf_16)
                                                         clknet_0_CLK (net)
                      0.111402    0.000924   26.238178 ^ clkbuf_2_3__f_CLK/A (sky130_fd_sc_hd__clkbuf_16)
     8    0.071613    0.136645    0.304050   26.542229 ^ clkbuf_2_3__f_CLK/X (sky130_fd_sc_hd__clkbuf_16)
                                                         clknet_2_3__leaf_CLK (net)
                      0.136645    0.000133   26.542362 ^ clkbuf_leaf_21_CLK/A (sky130_fd_sc_hd__clkbuf_8)
    10    0.026309    0.098394    0.280739   26.823101 ^ clkbuf_leaf_21_CLK/X (sky130_fd_sc_hd__clkbuf_8)
                                                         clknet_leaf_21_CLK (net)
                      0.098394    0.000059   26.823160 ^ _5221_/CLK (sky130_fd_sc_hd__dfxtp_2)
                                  0.000000   26.823160   clock reconvergence pessimism
                                 -0.268171   26.554989   library setup time
                                             26.554989   data required time
---------------------------------------------------------------------------------------------
                                             26.554989   data required time
                                            -13.973023   data arrival time
---------------------------------------------------------------------------------------------
                                             12.581965   slack (MET)




===========================================================================
report_checks --slack_max -0.01
============================================================================
======================= max_ss_100C_1v60 Corner ===================================

No paths found.


===========================================================================
 report_check_types -max_slew -max_cap -max_fanout -violators
============================================================================
======================= max_ss_100C_1v60 Corner ===================================



===========================================================================
report_parasitic_annotation -report_unannotated
============================================================================
Found 34 unannotated drivers.
 clkload0/X
 clkload1/Y
 clkload10/X
 clkload11/X
 clkload12/Y
 clkload13/Y
 clkload14/Y
 clkload15/Y
 clkload16/Y
 clkload17/X
 clkload18/Y
 clkload19/Y
 clkload2/Y
 clkload20/Y
 clkload21/Y
 clkload22/Y
 clkload23/X
 clkload24/X
 clkload25/X
 clkload26/Y
 clkload27/Y
 clkload28/X
 clkload29/X
 clkload3/Y
 clkload30/X
 clkload31/X
 clkload32/X
 clkload33/Y
 clkload4/X
 clkload5/X
 clkload6/X
 clkload7/X
 clkload8/X
 clkload9/X
Found 0 partially unannotated drivers.

===========================================================================
max slew violation count 0
Writing metric design__max_slew_violation__count__corner:max_ss_100C_1v60: 0
max fanout violation count 0
Writing metric design__max_fanout_violation__count__corner:max_ss_100C_1v60: 0
max cap violation count 0
Writing metric design__max_cap_violation__count__corner:max_ss_100C_1v60: 0
============================================================================

===========================================================================
check_setup -verbose -unconstrained_endpoints -multiple_clock -no_clock -no_input_delay -loops -generated_clocks
===========================================================================
Warning: There are 49 input ports missing set_input_delay.
  INSTR_STREAM[0]
  INSTR_STREAM[10]
  INSTR_STREAM[11]
  INSTR_STREAM[12]
  INSTR_STREAM[13]
  INSTR_STREAM[14]
  INSTR_STREAM[15]
  INSTR_STREAM[16]
  INSTR_STREAM[17]
  INSTR_STREAM[18]
  INSTR_STREAM[19]
  INSTR_STREAM[1]
  INSTR_STREAM[20]
  INSTR_STREAM[21]
  INSTR_STREAM[22]
  INSTR_STREAM[23]
  INSTR_STREAM[24]
  INSTR_STREAM[25]
  INSTR_STREAM[26]
  INSTR_STREAM[27]
  INSTR_STREAM[28]
  INSTR_STREAM[29]
  INSTR_STREAM[2]
  INSTR_STREAM[30]
  INSTR_STREAM[31]
  INSTR_STREAM[3]
  INSTR_STREAM[4]
  INSTR_STREAM[5]
  INSTR_STREAM[6]
  INSTR_STREAM[7]
  INSTR_STREAM[8]
  INSTR_STREAM[9]
  MEM_LD_DATA[0]
  MEM_LD_DATA[10]
  MEM_LD_DATA[11]
  MEM_LD_DATA[12]
  MEM_LD_DATA[13]
  MEM_LD_DATA[14]
  MEM_LD_DATA[15]
  MEM_LD_DATA[1]
  MEM_LD_DATA[2]
  MEM_LD_DATA[3]
  MEM_LD_DATA[4]
  MEM_LD_DATA[5]
  MEM_LD_DATA[6]
  MEM_LD_DATA[7]
  MEM_LD_DATA[8]
  MEM_LD_DATA[9]
  RESET
Warning: There are 58 unconstrained endpoints.
  DEVICES_LDH
  DEVICES_LDW
  DEVICES_STRH
  DEVICES_STRW
  EX_HALT
  INSTR_ADDR[0]
  INSTR_ADDR[10]
  INSTR_ADDR[11]
  INSTR_ADDR[12]
  INSTR_ADDR[13]
  INSTR_ADDR[14]
  INSTR_ADDR[15]
  INSTR_ADDR[1]
  INSTR_ADDR[2]
  INSTR_ADDR[3]
  INSTR_ADDR[4]
  INSTR_ADDR[5]
  INSTR_ADDR[6]
  INSTR_ADDR[7]
  INSTR_ADDR[8]
  INSTR_ADDR[9]
  INVALID_MEM
  MAIN_LDH
  MAIN_LDW
  MAIN_STRH
  MAIN_STRW
  MEM_ADDR[0]
  MEM_ADDR[10]
  MEM_ADDR[11]
  MEM_ADDR[12]
  MEM_ADDR[13]
  MEM_ADDR[14]
  MEM_ADDR[15]
  MEM_ADDR[1]
  MEM_ADDR[2]
  MEM_ADDR[3]
  MEM_ADDR[4]
  MEM_ADDR[5]
  MEM_ADDR[6]
  MEM_ADDR[7]
  MEM_ADDR[8]
  MEM_ADDR[9]
  MEM_STR_DATA[0]
  MEM_STR_DATA[10]
  MEM_STR_DATA[11]
  MEM_STR_DATA[12]
  MEM_STR_DATA[13]
  MEM_STR_DATA[14]
  MEM_STR_DATA[15]
  MEM_STR_DATA[1]
  MEM_STR_DATA[2]
  MEM_STR_DATA[3]
  MEM_STR_DATA[4]
  MEM_STR_DATA[5]
  MEM_STR_DATA[6]
  MEM_STR_DATA[7]
  MEM_STR_DATA[8]
  MEM_STR_DATA[9]
