Clock: CLK
Sources: CLK 
Generated: no
Virtual: yes
Propagated: no
Period: 26.000000

===========================================================================
report_clock_properties
============================================================================
Clock                   Period          Waveform
----------------------------------------------------
CLK                  26.000000    0.000000 13.000000

===========================================================================
report_clock_latency
============================================================================
Clock CLK
rise -> rise
    min     max
0.000000 0.000000 source latency
0.818111         network latency _5219_/CLK
        0.856897 network latency _5057_/CLK
---------------
0.818111 0.856897 latency
        0.038786 skew

fall -> fall
    min     max
0.000000 0.000000 source latency
0.847228         network latency _5219_/CLK
        0.875252 network latency _5057_/CLK
---------------
0.847228 0.875252 latency
        0.028024 skew



===========================================================================
report_clock_min_period
============================================================================
CLK period_min = 13.42 fmax = 74.53
