Clock: CLK
Sources: CLK 
Generated: no
Virtual: no
Propagated: no
Period: 250.000000

===========================================================================
report_clock_properties
============================================================================
Clock                   Period          Waveform
----------------------------------------------------
CLK                 250.000000    0.000000125.000000

===========================================================================
report_clock_latency
============================================================================
Clock CLK
rise -> rise
    min     max
0.000000 0.000000 source latency
3.392668         network latency _4867_/CLK
        3.392668 network latency _4867_/CLK
---------------
3.392668 3.392668 latency
        0.000000 skew

fall -> fall
    min     max
0.000000 0.000000 source latency
1.906670         network latency _4867_/CLK
        1.906670 network latency _4867_/CLK
---------------
1.906670 1.906670 latency
        0.000000 skew



===========================================================================
report_clock_min_period
============================================================================
CLK period_min = 0.00 fmax = inf
