
===========================================================================
 report_power
============================================================================
======================= nom_ff_n40C_1v95 Corner ===================================

Group                    Internal    Switching      Leakage        Total
                            Power        Power        Power        Power (Watts)
------------------------------------------------------------------------
Sequential           9.499477e-04 5.988666e-05 8.129094e-09 1.009843e-03  70.6%
Combinational        2.426717e-04 1.783886e-04 2.499737e-08 4.210853e-04  29.4%
Clock                0.000000e+00 0.000000e+00 0.000000e+00 0.000000e+00   0.0%
Macro                0.000000e+00 0.000000e+00 0.000000e+00 0.000000e+00   0.0%
Pad                  0.000000e+00 0.000000e+00 0.000000e+00 0.000000e+00   0.0%
------------------------------------------------------------------------
Total                1.192621e-03 2.382749e-04 3.312643e-08 1.430929e-03 100.0%
                            83.3%        16.7%         0.0%

