Clock: CLK
Sources: CLK 
Generated: no
Virtual: yes
Propagated: no
Period: 26.000000

===========================================================================
report_clock_properties
============================================================================
Clock                   Period          Waveform
----------------------------------------------------
CLK                  26.000000    0.000000 13.000000

===========================================================================
report_clock_latency
============================================================================
Clock CLK
rise -> rise
    min     max
0.000000 0.000000 source latency
0.907956         network latency _5219_/CLK
        1.006567 network latency _5037_/CLK
---------------
0.907956 1.006567 latency
        0.098612 skew

fall -> fall
    min     max
0.000000 0.000000 source latency
0.914748         network latency _5219_/CLK
        0.986527 network latency _5037_/CLK
---------------
0.914748 0.986527 latency
        0.071779 skew



===========================================================================
report_clock_min_period
============================================================================
CLK period_min = 14.57 fmax = 68.65
