Clock: CLK
Sources: CLK 
Generated: no
Virtual: yes
Propagated: no
Period: 20.000000

===========================================================================
report_clock_properties
============================================================================
Clock                   Period          Waveform
----------------------------------------------------
CLK                  20.000000    0.000000 10.000000

===========================================================================
report_clock_latency
============================================================================
Clock CLK
rise -> rise
    min     max
0.000000 0.000000 source latency
0.631314         network latency _4970_/CLK
        0.645943 network latency _5170_/CLK
---------------
0.631314 0.645943 latency
        0.014629 skew

fall -> fall
    min     max
0.000000 0.000000 source latency
0.570270         network latency _5092_/CLK
        0.580975 network latency _5170_/CLK
---------------
0.570270 0.580975 latency
        0.010705 skew



===========================================================================
report_clock_min_period
============================================================================
CLK period_min = 8.34 fmax = 119.92
