
===========================================================================
report_checks -unconstrained
===========================================================================
======================= nom_ff_n40C_1v95 Corner ===================================

Startpoint: _5125_ (rising edge-triggered flip-flop clocked by CLK)
Endpoint: _5221_ (rising edge-triggered flip-flop clocked by CLK)
Path Group: CLK
Path Type: max

Fanout         Cap        Slew       Delay        Time   Description
---------------------------------------------------------------------------------------------
                                  0.000000    0.000000   clock CLK (rise edge)
                                  0.000000    0.000000   clock source latency
     1    0.050076    0.000000    0.000000    0.000000 ^ CLK (in)
                                                         CLK (net)
                      0.005120    0.002560    0.002560 ^ clkbuf_0_CLK/A (sky130_fd_sc_hd__clkbuf_16)
     4    0.075077    0.070587    0.107748    0.110308 ^ clkbuf_0_CLK/X (sky130_fd_sc_hd__clkbuf_16)
                                                         clknet_0_CLK (net)
                      0.070875    0.003572    0.113880 ^ clkbuf_2_0__f_CLK/A (sky130_fd_sc_hd__clkbuf_16)
    14    0.128683    0.109315    0.155830    0.269709 ^ clkbuf_2_0__f_CLK/X (sky130_fd_sc_hd__clkbuf_16)
                                                         clknet_2_0__leaf_CLK (net)
                      0.109405    0.002535    0.272244 ^ clkbuf_leaf_3_CLK/A (sky130_fd_sc_hd__clkbuf_8)
    11    0.029687    0.049421    0.118817    0.391061 ^ clkbuf_leaf_3_CLK/X (sky130_fd_sc_hd__clkbuf_8)
                                                         clknet_leaf_3_CLK (net)
                      0.049422    0.000304    0.391365 ^ _5125_/CLK (sky130_fd_sc_hd__dfxtp_2)
    25    0.186593    0.698601    0.652526    1.043891 ^ _5125_/Q (sky130_fd_sc_hd__dfxtp_2)
                                                         _0010_ (net)
                      0.699721    0.023125    1.067016 ^ _2434_/A (sky130_fd_sc_hd__inv_2)
    24    0.144172    0.332028    0.315577    1.382594 v _2434_/Y (sky130_fd_sc_hd__inv_2)
                                                         _2324_ (net)
                      0.333767    0.018613    1.401207 v _2592_/S (sky130_fd_sc_hd__mux2_1)
     1    0.007760    0.057365    0.296691    1.697898 v _2592_/X (sky130_fd_sc_hd__mux2_1)
                                                         _0467_ (net)
                      0.057366    0.000356    1.698254 v _2593_/B1 (sky130_fd_sc_hd__a22o_2)
    23    0.157216    0.259473    0.292374    1.990628 v _2593_/X (sky130_fd_sc_hd__a22o_2)
                                                         _0468_ (net)
                      0.259870    0.008618    1.999246 v _3730_/A (sky130_fd_sc_hd__xnor2_2)
     7    0.037135    0.363751    0.381438    2.380684 ^ _3730_/Y (sky130_fd_sc_hd__xnor2_2)
                                                         _1235_ (net)
                      0.363757    0.001275    2.381959 ^ _3888_/A (sky130_fd_sc_hd__and2_2)
     3    0.012619    0.063187    0.151114    2.533073 ^ _3888_/X (sky130_fd_sc_hd__and2_2)
                                                         _1392_ (net)
                      0.063187    0.000249    2.533322 ^ _3890_/A1 (sky130_fd_sc_hd__o21bai_2)
     4    0.018987    0.064612    0.075317    2.608639 v _3890_/Y (sky130_fd_sc_hd__o21bai_2)
                                                         _1394_ (net)
                      0.064615    0.000367    2.609006 v _3894_/A2 (sky130_fd_sc_hd__a311oi_2)
     4    0.019407    0.314543    0.304188    2.913194 ^ _3894_/Y (sky130_fd_sc_hd__a311oi_2)
                                                         _1398_ (net)
                      0.314543    0.000893    2.914087 ^ _3896_/B (sky130_fd_sc_hd__nand2_2)
     3    0.014790    0.083309    0.071609    2.985696 v _3896_/Y (sky130_fd_sc_hd__nand2_2)
                                                         _1400_ (net)
                      0.083316    0.000557    2.986253 v _3901_/A2 (sky130_fd_sc_hd__o211a_2)
     4    0.029167    0.071976    0.215257    3.201510 v _3901_/X (sky130_fd_sc_hd__o211a_2)
                                                         _1405_ (net)
                      0.071993    0.001066    3.202576 v _3908_/A2 (sky130_fd_sc_hd__o21bai_2)
     2    0.017220    0.165950    0.158849    3.361425 ^ _3908_/Y (sky130_fd_sc_hd__o21bai_2)
                                                         _1412_ (net)
                      0.165959    0.000967    3.362391 ^ _4334_/A2 (sky130_fd_sc_hd__a21oi_2)
     3    0.011424    0.053717    0.060028    3.422420 v _4334_/Y (sky130_fd_sc_hd__a21oi_2)
                                                         _1825_ (net)
                      0.053717    0.000202    3.422622 v _4359_/A2 (sky130_fd_sc_hd__o21ba_2)
     2    0.009328    0.036988    0.140228    3.562850 v _4359_/X (sky130_fd_sc_hd__o21ba_2)
                                                         _1849_ (net)
                      0.036988    0.000234    3.563083 v _4360_/C (sky130_fd_sc_hd__and3_2)
     1    0.001698    0.025228    0.123793    3.686876 v _4360_/X (sky130_fd_sc_hd__and3_2)
                                                         _1850_ (net)
                      0.025228    0.000032    3.686908 v _4373_/A_N (sky130_fd_sc_hd__nand3b_2)
     1    0.001783    0.036513    0.111088    3.797996 v _4373_/Y (sky130_fd_sc_hd__nand3b_2)
                                                         _1863_ (net)
                      0.036513    0.000051    3.798047 v _4375_/C (sky130_fd_sc_hd__or4b_2)
     1    0.008390    0.080118    0.360921    4.158968 v _4375_/X (sky130_fd_sc_hd__or4b_2)
                                                         _1865_ (net)
                      0.080118    0.000318    4.159286 v _4378_/A2 (sky130_fd_sc_hd__o311a_2)
     1    0.002451    0.038663    0.233550    4.392836 v _4378_/X (sky130_fd_sc_hd__o311a_2)
                                                         _0373_ (net)
                      0.038663    0.000073    4.392909 v _5221_/D (sky130_fd_sc_hd__dfxtp_2)
                                              4.392909   data arrival time

                                 26.000000   26.000000   clock CLK (rise edge)
                                  0.000000   26.000000   clock source latency
     1    0.050076    0.000000    0.000000   26.000000 ^ CLK (in)
                                                         CLK (net)
                      0.005120    0.002560   26.002560 ^ clkbuf_0_CLK/A (sky130_fd_sc_hd__clkbuf_16)
     4    0.075077    0.070587    0.107748   26.110308 ^ clkbuf_0_CLK/X (sky130_fd_sc_hd__clkbuf_16)
                                                         clknet_0_CLK (net)
                      0.070870    0.003540   26.113848 ^ clkbuf_2_1__f_CLK/A (sky130_fd_sc_hd__clkbuf_16)
    12    0.107948    0.095054    0.143055   26.256903 ^ clkbuf_2_1__f_CLK/X (sky130_fd_sc_hd__clkbuf_16)
                                                         clknet_2_1__leaf_CLK (net)
                      0.095989    0.007514   26.264418 ^ clkbuf_leaf_19_CLK/A (sky130_fd_sc_hd__clkbuf_8)
     5    0.036956    0.057928    0.121400   26.385817 ^ clkbuf_leaf_19_CLK/X (sky130_fd_sc_hd__clkbuf_8)
                                                         clknet_leaf_19_CLK (net)
                      0.057980    0.001529   26.387346 ^ _5221_/CLK (sky130_fd_sc_hd__dfxtp_2)
                                  0.000000   26.387346   clock reconvergence pessimism
                                 -0.071101   26.316246   library setup time
                                             26.316246   data required time
---------------------------------------------------------------------------------------------
                                             26.316246   data required time
                                             -4.392909   data arrival time
---------------------------------------------------------------------------------------------
                                             21.923336   slack (MET)




===========================================================================
report_checks --slack_max -0.01
============================================================================
======================= nom_ff_n40C_1v95 Corner ===================================

No paths found.


===========================================================================
 report_check_types -max_slew -max_cap -max_fanout -violators
============================================================================
======================= nom_ff_n40C_1v95 Corner ===================================



===========================================================================
report_parasitic_annotation -report_unannotated
============================================================================
Found 37 unannotated drivers.
 clkload0/Y
 clkload1/Y
 clkload10/X
 clkload11/X
 clkload12/X
 clkload13/X
 clkload14/X
 clkload15/X
 clkload16/X
 clkload17/Y
 clkload18/X
 clkload19/X
 clkload2/Y
 clkload20/X
 clkload21/Y
 clkload22/Y
 clkload23/X
 clkload24/Y
 clkload25/Y
 clkload26/Y
 clkload27/X
 clkload28/X
 clkload29/Y
 clkload3/X
 clkload30/Y
 clkload31/X
 clkload32/X
 clkload33/X
 clkload34/Y
 clkload35/X
 clkload36/X
 clkload4/X
 clkload5/X
 clkload6/X
 clkload7/X
 clkload8/X
 clkload9/X
Found 0 partially unannotated drivers.

===========================================================================
max slew violation count 0
max fanout violation count 0
max cap violation count 0
============================================================================

===========================================================================
check_setup -verbose -unconstrained_endpoints -multiple_clock -no_clock -no_input_delay -loops -generated_clocks
===========================================================================
Warning: There are 49 input ports missing set_input_delay.
  INSTR_STREAM[0]
  INSTR_STREAM[10]
  INSTR_STREAM[11]
  INSTR_STREAM[12]
  INSTR_STREAM[13]
  INSTR_STREAM[14]
  INSTR_STREAM[15]
  INSTR_STREAM[16]
  INSTR_STREAM[17]
  INSTR_STREAM[18]
  INSTR_STREAM[19]
  INSTR_STREAM[1]
  INSTR_STREAM[20]
  INSTR_STREAM[21]
  INSTR_STREAM[22]
  INSTR_STREAM[23]
  INSTR_STREAM[24]
  INSTR_STREAM[25]
  INSTR_STREAM[26]
  INSTR_STREAM[27]
  INSTR_STREAM[28]
  INSTR_STREAM[29]
  INSTR_STREAM[2]
  INSTR_STREAM[30]
  INSTR_STREAM[31]
  INSTR_STREAM[3]
  INSTR_STREAM[4]
  INSTR_STREAM[5]
  INSTR_STREAM[6]
  INSTR_STREAM[7]
  INSTR_STREAM[8]
  INSTR_STREAM[9]
  MEM_LD_DATA[0]
  MEM_LD_DATA[10]
  MEM_LD_DATA[11]
  MEM_LD_DATA[12]
  MEM_LD_DATA[13]
  MEM_LD_DATA[14]
  MEM_LD_DATA[15]
  MEM_LD_DATA[1]
  MEM_LD_DATA[2]
  MEM_LD_DATA[3]
  MEM_LD_DATA[4]
  MEM_LD_DATA[5]
  MEM_LD_DATA[6]
  MEM_LD_DATA[7]
  MEM_LD_DATA[8]
  MEM_LD_DATA[9]
  RESET
Warning: There are 58 unconstrained endpoints.
  DEVICES_LDH
  DEVICES_LDW
  DEVICES_STRH
  DEVICES_STRW
  EX_HALT
  INSTR_ADDR[0]
  INSTR_ADDR[10]
  INSTR_ADDR[11]
  INSTR_ADDR[12]
  INSTR_ADDR[13]
  INSTR_ADDR[14]
  INSTR_ADDR[15]
  INSTR_ADDR[1]
  INSTR_ADDR[2]
  INSTR_ADDR[3]
  INSTR_ADDR[4]
  INSTR_ADDR[5]
  INSTR_ADDR[6]
  INSTR_ADDR[7]
  INSTR_ADDR[8]
  INSTR_ADDR[9]
  INVALID_MEM
  MAIN_LDH
  MAIN_LDW
  MAIN_STRH
  MAIN_STRW
  MEM_ADDR[0]
  MEM_ADDR[10]
  MEM_ADDR[11]
  MEM_ADDR[12]
  MEM_ADDR[13]
  MEM_ADDR[14]
  MEM_ADDR[15]
  MEM_ADDR[1]
  MEM_ADDR[2]
  MEM_ADDR[3]
  MEM_ADDR[4]
  MEM_ADDR[5]
  MEM_ADDR[6]
  MEM_ADDR[7]
  MEM_ADDR[8]
  MEM_ADDR[9]
  MEM_STR_DATA[0]
  MEM_STR_DATA[10]
  MEM_STR_DATA[11]
  MEM_STR_DATA[12]
  MEM_STR_DATA[13]
  MEM_STR_DATA[14]
  MEM_STR_DATA[15]
  MEM_STR_DATA[1]
  MEM_STR_DATA[2]
  MEM_STR_DATA[3]
  MEM_STR_DATA[4]
  MEM_STR_DATA[5]
  MEM_STR_DATA[6]
  MEM_STR_DATA[7]
  MEM_STR_DATA[8]
  MEM_STR_DATA[9]
