
===========================================================================
report_checks -unconstrained
===========================================================================
======================= min_ff_n40C_1v95 Corner ===================================

Startpoint: _5127_ (rising edge-triggered flip-flop clocked by CLK)
Endpoint: DEVICES_STRW (output port clocked by CLK)
Path Group: CLK
Path Type: max

Fanout         Cap        Slew       Delay        Time   Description
---------------------------------------------------------------------------------------------
                                  0.000000    0.000000   clock CLK (rise edge)
                                  0.000000    0.000000   clock source latency
     1    0.041612    0.000000    0.000000    0.000000 ^ CLK (in)
                                                         CLK (net)
                      0.001553    0.000776    0.000776 ^ clkbuf_0_CLK/A (sky130_fd_sc_hd__clkbuf_16)
     4    0.070439    0.067156    0.104920    0.105697 ^ clkbuf_0_CLK/X (sky130_fd_sc_hd__clkbuf_16)
                                                         clknet_0_CLK (net)
                      0.067238    0.001870    0.107567 ^ clkbuf_2_2__f_CLK/A (sky130_fd_sc_hd__clkbuf_16)
    11    0.097263    0.086709    0.138262    0.245829 ^ clkbuf_2_2__f_CLK/X (sky130_fd_sc_hd__clkbuf_16)
                                                         clknet_2_2__leaf_CLK (net)
                      0.086791    0.002149    0.247977 ^ clkbuf_leaf_9_CLK/A (sky130_fd_sc_hd__clkbuf_8)
    11    0.033132    0.053302    0.115887    0.363864 ^ clkbuf_leaf_9_CLK/X (sky130_fd_sc_hd__clkbuf_8)
                                                         clknet_leaf_9_CLK (net)
                      0.053304    0.000434    0.364298 ^ _5127_/CLK (sky130_fd_sc_hd__dfxtp_4)
    18    0.148591    0.312738    0.414432    0.778730 ^ _5127_/Q (sky130_fd_sc_hd__dfxtp_4)
                                                         _0008_ (net)
                      0.312748    0.001488    0.780218 ^ max_cap183/A (sky130_fd_sc_hd__buf_12)
    24    0.208618    0.182433    0.187013    0.967231 ^ max_cap183/X (sky130_fd_sc_hd__buf_12)
                                                         net183 (net)
                      0.182600    0.004647    0.971878 ^ max_cap182/A (sky130_fd_sc_hd__buf_12)
    24    0.208858    0.182600    0.184585    1.156463 ^ max_cap182/X (sky130_fd_sc_hd__buf_12)
                                                         net182 (net)
                      0.185740    0.019117    1.175580 ^ _2578_/S0 (sky130_fd_sc_hd__mux4_2)
     1    0.003655    0.058565    0.302321    1.477900 v _2578_/X (sky130_fd_sc_hd__mux4_2)
                                                         _0508_ (net)
                      0.058565    0.000053    1.477953 v _2579_/B (sky130_fd_sc_hd__or2_2)
     2    0.007422    0.045851    0.178159    1.656113 v _2579_/X (sky130_fd_sc_hd__or2_2)
                                                         _0509_ (net)
                      0.045851    0.000043    1.656155 v _2586_/A1 (sky130_fd_sc_hd__a22o_2)
     8    0.053787    0.103261    0.205779    1.861935 v _2586_/X (sky130_fd_sc_hd__a22o_2)
                                                         _0516_ (net)
                      0.103267    0.000947    1.862881 v _2587_/B (sky130_fd_sc_hd__and2_2)
     4    0.014017    0.044505    0.168632    2.031514 v _2587_/X (sky130_fd_sc_hd__and2_2)
                                                         _0517_ (net)
                      0.044505    0.000066    2.031580 v _2589_/A (sky130_fd_sc_hd__nor2_2)
     9    0.046630    0.363004    0.298192    2.329772 ^ _2589_/Y (sky130_fd_sc_hd__nor2_2)
                                                         _0519_ (net)
                      0.363007    0.000929    2.330701 ^ _2615_/A1 (sky130_fd_sc_hd__a21o_2)
     2    0.015330    0.066028    0.125373    2.456074 ^ _2615_/X (sky130_fd_sc_hd__a21o_2)
                                                         _0545_ (net)
                      0.066028    0.000261    2.456335 ^ _2621_/A1 (sky130_fd_sc_hd__a21bo_2)
     3    0.021462    0.093077    0.129487    2.585822 ^ _2621_/X (sky130_fd_sc_hd__a21bo_2)
                                                         _0551_ (net)
                      0.093080    0.000673    2.586496 ^ _2626_/A2 (sky130_fd_sc_hd__a31o_2)
     3    0.018559    0.088784    0.142287    2.728783 ^ _2626_/X (sky130_fd_sc_hd__a31o_2)
                                                         _0556_ (net)
                      0.088784    0.000363    2.729146 ^ _2631_/A1 (sky130_fd_sc_hd__a31o_2)
     4    0.040878    0.178427    0.200649    2.929795 ^ _2631_/X (sky130_fd_sc_hd__a31o_2)
                                                         _0561_ (net)
                      0.178493    0.000970    2.930765 ^ _2684_/D_N (sky130_fd_sc_hd__or4b_2)
     3    0.014133    0.095187    0.370714    3.301480 v _2684_/X (sky130_fd_sc_hd__or4b_2)
                                                         _0614_ (net)
                      0.095187    0.000447    3.301927 v _2690_/A1 (sky130_fd_sc_hd__a21o_2)
     4    0.014305    0.044721    0.163034    3.464960 v _2690_/X (sky130_fd_sc_hd__a21o_2)
                                                         _0620_ (net)
                      0.044723    0.000278    3.465238 v _2694_/A3 (sky130_fd_sc_hd__a311o_2)
     4    0.016318    0.064388    0.273530    3.738768 v _2694_/X (sky130_fd_sc_hd__a311o_2)
                                                         _0624_ (net)
                      0.064388    0.000195    3.738963 v _2696_/A2 (sky130_fd_sc_hd__a21bo_2)
     5    0.019965    0.052881    0.177837    3.916801 v _2696_/X (sky130_fd_sc_hd__a21bo_2)
                                                         _0626_ (net)
                      0.052893    0.000782    3.917583 v _2704_/C (sky130_fd_sc_hd__and3_2)
     2    0.016820    0.050469    0.166141    4.083724 v _2704_/X (sky130_fd_sc_hd__and3_2)
                                                         _0628_ (net)
                      0.050469    0.000157    4.083881 v _2705_/B (sky130_fd_sc_hd__and2_2)
     1    0.002894    0.026591    0.120464    4.204345 v _2705_/X (sky130_fd_sc_hd__and2_2)
                                                         net53 (net)
                      0.026591    0.000032    4.204376 v output53/A (sky130_fd_sc_hd__clkdlybuf4s25_1)
     1    0.051710    0.260090    0.338237    4.542614 v output53/X (sky130_fd_sc_hd__clkdlybuf4s25_1)
                                                         DEVICES_STRW (net)
                      0.260091    0.000861    4.543475 v DEVICES_STRW (out)
                                              4.543475   data arrival time

                                 26.000000   26.000000   clock CLK (rise edge)
                                  0.000000   26.000000   clock network delay (propagated)
                                  0.000000   26.000000   clock reconvergence pessimism
                                 -5.000000   20.999998   output external delay
                                             20.999998   data required time
---------------------------------------------------------------------------------------------
                                             20.999998   data required time
                                             -4.543475   data arrival time
---------------------------------------------------------------------------------------------
                                             16.456524   slack (MET)




===========================================================================
report_checks --slack_max -0.01
============================================================================
======================= min_ff_n40C_1v95 Corner ===================================

No paths found.


===========================================================================
 report_check_types -max_slew -max_cap -max_fanout -violators
============================================================================
======================= min_ff_n40C_1v95 Corner ===================================



===========================================================================
report_parasitic_annotation -report_unannotated
============================================================================
Found 34 unannotated drivers.
 clkload0/X
 clkload1/Y
 clkload10/X
 clkload11/X
 clkload12/Y
 clkload13/Y
 clkload14/Y
 clkload15/Y
 clkload16/Y
 clkload17/X
 clkload18/Y
 clkload19/Y
 clkload2/Y
 clkload20/Y
 clkload21/Y
 clkload22/Y
 clkload23/X
 clkload24/X
 clkload25/X
 clkload26/Y
 clkload27/Y
 clkload28/X
 clkload29/X
 clkload3/Y
 clkload30/X
 clkload31/X
 clkload32/X
 clkload33/Y
 clkload4/X
 clkload5/X
 clkload6/X
 clkload7/X
 clkload8/X
 clkload9/X
Found 0 partially unannotated drivers.

===========================================================================
max slew violation count 0
max fanout violation count 0
max cap violation count 0
============================================================================

===========================================================================
check_setup -verbose -unconstrained_endpoints -multiple_clock -no_clock -no_input_delay -loops -generated_clocks
===========================================================================
