Clock: CLK
Sources: CLK 
Generated: no
Virtual: yes
Propagated: no
Period: 26.000000

===========================================================================
report_clock_properties
============================================================================
Clock                   Period          Waveform
----------------------------------------------------
CLK                  26.000000    0.000000 13.000000

===========================================================================
report_clock_latency
============================================================================
Clock CLK
rise -> rise
    min     max
0.000000 0.000000 source latency
0.352609         network latency _5219_/CLK
        0.383702 network latency _5021_/CLK
---------------
0.352609 0.383702 latency
        0.031094 skew

fall -> fall
    min     max
0.000000 0.000000 source latency
0.353397         network latency _5219_/CLK
        0.376081 network latency _5021_/CLK
---------------
0.353397 0.376081 latency
        0.022684 skew



===========================================================================
report_clock_min_period
============================================================================
CLK period_min = 4.04 fmax = 247.68
