
 /----------------------------------------------------------------------------\
 |  yosys -- Yosys Open SYnthesis Suite                                       |
 |  Copyright (C) 2012 - 2026  Claire Xenia Wolf <claire@yosyshq.com>         |
 |  Distributed under an ISC-like license, type "license" to see terms        |
 \----------------------------------------------------------------------------/
 Yosys 0.62 (git sha1 7326bb7d6641500ecb285c291a54a662cb1e76cf, clang++ 21.1.2 -fPIC -O3)

1. Executing Verilog-2005 frontend: /home/Ven/vscode/VRAI/runs/RUN_2026-07-28_12-27-23/tmp/288e5dddd428455dbb49723363f214a4.bb.v
Parsing SystemVerilog input from `/home/Ven/vscode/VRAI/runs/RUN_2026-07-28_12-27-23/tmp/288e5dddd428455dbb49723363f214a4.bb.v' to AST representation.
Generating RTLIL representation for module `\sky130_ef_sc_hd__decap_12'.
Generating RTLIL representation for module `\sky130_ef_sc_hd__decap_20_12'.
Generating RTLIL representation for module `\sky130_ef_sc_hd__decap_40_12'.
Generating RTLIL representation for module `\sky130_ef_sc_hd__decap_60_12'.
Generating RTLIL representation for module `\sky130_ef_sc_hd__decap_80_12'.
Generating RTLIL representation for module `\sky130_ef_sc_hd__fill_12'.
Generating RTLIL representation for module `\sky130_ef_sc_hd__fill_2'.
Generating RTLIL representation for module `\sky130_ef_sc_hd__fill_4'.
Generating RTLIL representation for module `\sky130_ef_sc_hd__fill_8'.
Generating RTLIL representation for module `\sky130_fd_sc_hd__a2111o_1'.
Generating RTLIL representation for module `\sky130_fd_sc_hd__a2111o_2'.
Generating RTLIL representation for module `\sky130_fd_sc_hd__a2111o_4'.
Generating RTLIL representation for module `\sky130_fd_sc_hd__a2111oi_0'.
Generating RTLIL representation for module `\sky130_fd_sc_hd__a2111oi_1'.
Generating RTLIL representation for module `\sky130_fd_sc_hd__a2111oi_2'.
Generating RTLIL representation for module `\sky130_fd_sc_hd__a2111oi_4'.
Generating RTLIL representation for module `\sky130_fd_sc_hd__a211o_1'.
Generating RTLIL representation for module `\sky130_fd_sc_hd__a211o_2'.
Generating RTLIL representation for module `\sky130_fd_sc_hd__a211o_4'.
Generating RTLIL representation for module `\sky130_fd_sc_hd__a211oi_1'.
Generating RTLIL representation for module `\sky130_fd_sc_hd__a211oi_2'.
Generating RTLIL representation for module `\sky130_fd_sc_hd__a211oi_4'.
Generating RTLIL representation for module `\sky130_fd_sc_hd__a21bo_1'.
Generating RTLIL representation for module `\sky130_fd_sc_hd__a21bo_2'.
Generating RTLIL representation for module `\sky130_fd_sc_hd__a21bo_4'.
Generating RTLIL representation for module `\sky130_fd_sc_hd__a21boi_0'.
Generating RTLIL representation for module `\sky130_fd_sc_hd__a21boi_1'.
Generating RTLIL representation for module `\sky130_fd_sc_hd__a21boi_2'.
Generating RTLIL representation for module `\sky130_fd_sc_hd__a21boi_4'.
Generating RTLIL representation for module `\sky130_fd_sc_hd__a21o_1'.
Generating RTLIL representation for module `\sky130_fd_sc_hd__a21o_2'.
Generating RTLIL representation for module `\sky130_fd_sc_hd__a21o_4'.
Generating RTLIL representation for module `\sky130_fd_sc_hd__a21oi_1'.
Generating RTLIL representation for module `\sky130_fd_sc_hd__a21oi_2'.
Generating RTLIL representation for module `\sky130_fd_sc_hd__a21oi_4'.
Generating RTLIL representation for module `\sky130_fd_sc_hd__a221o_1'.
Generating RTLIL representation for module `\sky130_fd_sc_hd__a221o_2'.
Generating RTLIL representation for module `\sky130_fd_sc_hd__a221o_4'.
Generating RTLIL representation for module `\sky130_fd_sc_hd__a221oi_1'.
Generating RTLIL representation for module `\sky130_fd_sc_hd__a221oi_2'.
Generating RTLIL representation for module `\sky130_fd_sc_hd__a221oi_4'.
Generating RTLIL representation for module `\sky130_fd_sc_hd__a222oi_1'.
Generating RTLIL representation for module `\sky130_fd_sc_hd__a22o_1'.
Generating RTLIL representation for module `\sky130_fd_sc_hd__a22o_2'.
Generating RTLIL representation for module `\sky130_fd_sc_hd__a22o_4'.
Generating RTLIL representation for module `\sky130_fd_sc_hd__a22oi_1'.
Generating RTLIL representation for module `\sky130_fd_sc_hd__a22oi_2'.
Generating RTLIL representation for module `\sky130_fd_sc_hd__a22oi_4'.
Generating RTLIL representation for module `\sky130_fd_sc_hd__a2bb2o_1'.
Generating RTLIL representation for module `\sky130_fd_sc_hd__a2bb2o_2'.
Generating RTLIL representation for module `\sky130_fd_sc_hd__a2bb2o_4'.
Generating RTLIL representation for module `\sky130_fd_sc_hd__a2bb2oi_1'.
Generating RTLIL representation for module `\sky130_fd_sc_hd__a2bb2oi_2'.
Generating RTLIL representation for module `\sky130_fd_sc_hd__a2bb2oi_4'.
Generating RTLIL representation for module `\sky130_fd_sc_hd__a311o_1'.
Generating RTLIL representation for module `\sky130_fd_sc_hd__a311o_2'.
Generating RTLIL representation for module `\sky130_fd_sc_hd__a311o_4'.
Generating RTLIL representation for module `\sky130_fd_sc_hd__a311oi_1'.
Generating RTLIL representation for module `\sky130_fd_sc_hd__a311oi_2'.
Generating RTLIL representation for module `\sky130_fd_sc_hd__a311oi_4'.
Generating RTLIL representation for module `\sky130_fd_sc_hd__a31o_1'.
Generating RTLIL representation for module `\sky130_fd_sc_hd__a31o_2'.
Generating RTLIL representation for module `\sky130_fd_sc_hd__a31o_4'.
Generating RTLIL representation for module `\sky130_fd_sc_hd__a31oi_1'.
Generating RTLIL representation for module `\sky130_fd_sc_hd__a31oi_2'.
Generating RTLIL representation for module `\sky130_fd_sc_hd__a31oi_4'.
Generating RTLIL representation for module `\sky130_fd_sc_hd__a32o_1'.
Generating RTLIL representation for module `\sky130_fd_sc_hd__a32o_2'.
Generating RTLIL representation for module `\sky130_fd_sc_hd__a32o_4'.
Generating RTLIL representation for module `\sky130_fd_sc_hd__a32oi_1'.
Generating RTLIL representation for module `\sky130_fd_sc_hd__a32oi_2'.
Generating RTLIL representation for module `\sky130_fd_sc_hd__a32oi_4'.
Generating RTLIL representation for module `\sky130_fd_sc_hd__a41o_1'.
Generating RTLIL representation for module `\sky130_fd_sc_hd__a41o_2'.
Generating RTLIL representation for module `\sky130_fd_sc_hd__a41o_4'.
Generating RTLIL representation for module `\sky130_fd_sc_hd__a41oi_1'.
Generating RTLIL representation for module `\sky130_fd_sc_hd__a41oi_2'.
Generating RTLIL representation for module `\sky130_fd_sc_hd__a41oi_4'.
Generating RTLIL representation for module `\sky130_fd_sc_hd__and2_0'.
Generating RTLIL representation for module `\sky130_fd_sc_hd__and2_1'.
Generating RTLIL representation for module `\sky130_fd_sc_hd__and2_2'.
Generating RTLIL representation for module `\sky130_fd_sc_hd__and2_4'.
Generating RTLIL representation for module `\sky130_fd_sc_hd__and2b_1'.
Generating RTLIL representation for module `\sky130_fd_sc_hd__and2b_2'.
Generating RTLIL representation for module `\sky130_fd_sc_hd__and2b_4'.
Generating RTLIL representation for module `\sky130_fd_sc_hd__and3_1'.
Generating RTLIL representation for module `\sky130_fd_sc_hd__and3_2'.
Generating RTLIL representation for module `\sky130_fd_sc_hd__and3_4'.
Generating RTLIL representation for module `\sky130_fd_sc_hd__and3b_1'.
Generating RTLIL representation for module `\sky130_fd_sc_hd__and3b_2'.
Generating RTLIL representation for module `\sky130_fd_sc_hd__and3b_4'.
Generating RTLIL representation for module `\sky130_fd_sc_hd__and4_1'.
Generating RTLIL representation for module `\sky130_fd_sc_hd__and4_2'.
Generating RTLIL representation for module `\sky130_fd_sc_hd__and4_4'.
Generating RTLIL representation for module `\sky130_fd_sc_hd__and4b_1'.
Generating RTLIL representation for module `\sky130_fd_sc_hd__and4b_2'.
Generating RTLIL representation for module `\sky130_fd_sc_hd__and4b_4'.
Generating RTLIL representation for module `\sky130_fd_sc_hd__and4bb_1'.
Generating RTLIL representation for module `\sky130_fd_sc_hd__and4bb_2'.
Generating RTLIL representation for module `\sky130_fd_sc_hd__and4bb_4'.
Generating RTLIL representation for module `\sky130_fd_sc_hd__buf_1'.
Generating RTLIL representation for module `\sky130_fd_sc_hd__buf_12'.
Generating RTLIL representation for module `\sky130_fd_sc_hd__buf_16'.
Generating RTLIL representation for module `\sky130_fd_sc_hd__buf_2'.
Generating RTLIL representation for module `\sky130_fd_sc_hd__buf_4'.
Generating RTLIL representation for module `\sky130_fd_sc_hd__buf_6'.
Generating RTLIL representation for module `\sky130_fd_sc_hd__buf_8'.
Generating RTLIL representation for module `\sky130_fd_sc_hd__bufbuf_16'.
Generating RTLIL representation for module `\sky130_fd_sc_hd__bufbuf_8'.
Generating RTLIL representation for module `\sky130_fd_sc_hd__bufinv_16'.
Generating RTLIL representation for module `\sky130_fd_sc_hd__bufinv_8'.
Generating RTLIL representation for module `\sky130_fd_sc_hd__clkbuf_1'.
Generating RTLIL representation for module `\sky130_fd_sc_hd__clkbuf_16'.
Generating RTLIL representation for module `\sky130_fd_sc_hd__clkbuf_2'.
Generating RTLIL representation for module `\sky130_fd_sc_hd__clkbuf_4'.
Generating RTLIL representation for module `\sky130_fd_sc_hd__clkbuf_8'.
Generating RTLIL representation for module `\sky130_fd_sc_hd__clkdlybuf4s15_1'.
Generating RTLIL representation for module `\sky130_fd_sc_hd__clkdlybuf4s15_2'.
Generating RTLIL representation for module `\sky130_fd_sc_hd__clkdlybuf4s18_1'.
Generating RTLIL representation for module `\sky130_fd_sc_hd__clkdlybuf4s18_2'.
Generating RTLIL representation for module `\sky130_fd_sc_hd__clkdlybuf4s25_1'.
Generating RTLIL representation for module `\sky130_fd_sc_hd__clkdlybuf4s25_2'.
Generating RTLIL representation for module `\sky130_fd_sc_hd__clkdlybuf4s50_1'.
Generating RTLIL representation for module `\sky130_fd_sc_hd__clkdlybuf4s50_2'.
Generating RTLIL representation for module `\sky130_fd_sc_hd__clkinv_1'.
Generating RTLIL representation for module `\sky130_fd_sc_hd__clkinv_16'.
Generating RTLIL representation for module `\sky130_fd_sc_hd__clkinv_2'.
Generating RTLIL representation for module `\sky130_fd_sc_hd__clkinv_4'.
Generating RTLIL representation for module `\sky130_fd_sc_hd__clkinv_8'.
Generating RTLIL representation for module `\sky130_fd_sc_hd__clkinvlp_2'.
Generating RTLIL representation for module `\sky130_fd_sc_hd__clkinvlp_4'.
Generating RTLIL representation for module `\sky130_fd_sc_hd__conb_1'.
Generating RTLIL representation for module `\sky130_fd_sc_hd__decap_12'.
Generating RTLIL representation for module `\sky130_fd_sc_hd__decap_3'.
Generating RTLIL representation for module `\sky130_fd_sc_hd__decap_4'.
Generating RTLIL representation for module `\sky130_fd_sc_hd__decap_6'.
Generating RTLIL representation for module `\sky130_fd_sc_hd__decap_8'.
Generating RTLIL representation for module `\sky130_fd_sc_hd__dfbbn_1'.
Generating RTLIL representation for module `\sky130_fd_sc_hd__dfbbn_2'.
Generating RTLIL representation for module `\sky130_fd_sc_hd__dfbbp_1'.
Generating RTLIL representation for module `\sky130_fd_sc_hd__dfrbp_1'.
Generating RTLIL representation for module `\sky130_fd_sc_hd__dfrbp_2'.
Generating RTLIL representation for module `\sky130_fd_sc_hd__dfrtn_1'.
Generating RTLIL representation for module `\sky130_fd_sc_hd__dfrtp_1'.
Generating RTLIL representation for module `\sky130_fd_sc_hd__dfrtp_2'.
Generating RTLIL representation for module `\sky130_fd_sc_hd__dfrtp_4'.
Generating RTLIL representation for module `\sky130_fd_sc_hd__dfsbp_1'.
Generating RTLIL representation for module `\sky130_fd_sc_hd__dfsbp_2'.
Generating RTLIL representation for module `\sky130_fd_sc_hd__dfstp_1'.
Generating RTLIL representation for module `\sky130_fd_sc_hd__dfstp_2'.
Generating RTLIL representation for module `\sky130_fd_sc_hd__dfstp_4'.
Generating RTLIL representation for module `\sky130_fd_sc_hd__dfxbp_1'.
Generating RTLIL representation for module `\sky130_fd_sc_hd__dfxbp_2'.
Generating RTLIL representation for module `\sky130_fd_sc_hd__dfxtp_1'.
Generating RTLIL representation for module `\sky130_fd_sc_hd__dfxtp_2'.
Generating RTLIL representation for module `\sky130_fd_sc_hd__dfxtp_4'.
Generating RTLIL representation for module `\sky130_fd_sc_hd__diode_2'.
Generating RTLIL representation for module `\sky130_fd_sc_hd__dlclkp_1'.
Generating RTLIL representation for module `\sky130_fd_sc_hd__dlclkp_2'.
Generating RTLIL representation for module `\sky130_fd_sc_hd__dlclkp_4'.
Generating RTLIL representation for module `\sky130_fd_sc_hd__dlrbn_1'.
Generating RTLIL representation for module `\sky130_fd_sc_hd__dlrbn_2'.
Generating RTLIL representation for module `\sky130_fd_sc_hd__dlrbp_1'.
Generating RTLIL representation for module `\sky130_fd_sc_hd__dlrbp_2'.
Generating RTLIL representation for module `\sky130_fd_sc_hd__dlrtn_1'.
Generating RTLIL representation for module `\sky130_fd_sc_hd__dlrtn_2'.
Generating RTLIL representation for module `\sky130_fd_sc_hd__dlrtn_4'.
Generating RTLIL representation for module `\sky130_fd_sc_hd__dlrtp_1'.
Generating RTLIL representation for module `\sky130_fd_sc_hd__dlrtp_2'.
Generating RTLIL representation for module `\sky130_fd_sc_hd__dlrtp_4'.
Generating RTLIL representation for module `\sky130_fd_sc_hd__dlxbn_1'.
Generating RTLIL representation for module `\sky130_fd_sc_hd__dlxbn_2'.
Generating RTLIL representation for module `\sky130_fd_sc_hd__dlxbp_1'.
Generating RTLIL representation for module `\sky130_fd_sc_hd__dlxtn_1'.
Generating RTLIL representation for module `\sky130_fd_sc_hd__dlxtn_2'.
Generating RTLIL representation for module `\sky130_fd_sc_hd__dlxtn_4'.
Generating RTLIL representation for module `\sky130_fd_sc_hd__dlxtp_1'.
Generating RTLIL representation for module `\sky130_fd_sc_hd__dlygate4sd1_1'.
Generating RTLIL representation for module `\sky130_fd_sc_hd__dlygate4sd2_1'.
Generating RTLIL representation for module `\sky130_fd_sc_hd__dlygate4sd3_1'.
Generating RTLIL representation for module `\sky130_fd_sc_hd__dlymetal6s2s_1'.
Generating RTLIL representation for module `\sky130_fd_sc_hd__dlymetal6s4s_1'.
Generating RTLIL representation for module `\sky130_fd_sc_hd__dlymetal6s6s_1'.
Generating RTLIL representation for module `\sky130_fd_sc_hd__ebufn_1'.
Generating RTLIL representation for module `\sky130_fd_sc_hd__ebufn_2'.
Generating RTLIL representation for module `\sky130_fd_sc_hd__ebufn_4'.
Generating RTLIL representation for module `\sky130_fd_sc_hd__ebufn_8'.
Generating RTLIL representation for module `\sky130_fd_sc_hd__edfxbp_1'.
Generating RTLIL representation for module `\sky130_fd_sc_hd__edfxtp_1'.
Generating RTLIL representation for module `\sky130_fd_sc_hd__einvn_0'.
Generating RTLIL representation for module `\sky130_fd_sc_hd__einvn_1'.
Generating RTLIL representation for module `\sky130_fd_sc_hd__einvn_2'.
Generating RTLIL representation for module `\sky130_fd_sc_hd__einvn_4'.
Generating RTLIL representation for module `\sky130_fd_sc_hd__einvn_8'.
Generating RTLIL representation for module `\sky130_fd_sc_hd__einvp_1'.
Generating RTLIL representation for module `\sky130_fd_sc_hd__einvp_2'.
Generating RTLIL representation for module `\sky130_fd_sc_hd__einvp_4'.
Generating RTLIL representation for module `\sky130_fd_sc_hd__einvp_8'.
Generating RTLIL representation for module `\sky130_fd_sc_hd__fa_1'.
Generating RTLIL representation for module `\sky130_fd_sc_hd__fa_2'.
Generating RTLIL representation for module `\sky130_fd_sc_hd__fa_4'.
Generating RTLIL representation for module `\sky130_fd_sc_hd__fah_1'.
Generating RTLIL representation for module `\sky130_fd_sc_hd__fahcin_1'.
Generating RTLIL representation for module `\sky130_fd_sc_hd__fahcon_1'.
Generating RTLIL representation for module `\sky130_fd_sc_hd__fill_1'.
Generating RTLIL representation for module `\sky130_fd_sc_hd__fill_2'.
Generating RTLIL representation for module `\sky130_fd_sc_hd__fill_4'.
Generating RTLIL representation for module `\sky130_fd_sc_hd__fill_8'.
Generating RTLIL representation for module `\sky130_fd_sc_hd__ha_1'.
Generating RTLIL representation for module `\sky130_fd_sc_hd__ha_2'.
Generating RTLIL representation for module `\sky130_fd_sc_hd__ha_4'.
Generating RTLIL representation for module `\sky130_fd_sc_hd__inv_1'.
Generating RTLIL representation for module `\sky130_fd_sc_hd__inv_12'.
Generating RTLIL representation for module `\sky130_fd_sc_hd__inv_16'.
Generating RTLIL representation for module `\sky130_fd_sc_hd__inv_2'.
Generating RTLIL representation for module `\sky130_fd_sc_hd__inv_4'.
Generating RTLIL representation for module `\sky130_fd_sc_hd__inv_6'.
Generating RTLIL representation for module `\sky130_fd_sc_hd__inv_8'.
Generating RTLIL representation for module `\sky130_fd_sc_hd__lpflow_bleeder_1'.
Generating RTLIL representation for module `\sky130_fd_sc_hd__lpflow_clkbufkapwr_1'.
Generating RTLIL representation for module `\sky130_fd_sc_hd__lpflow_clkbufkapwr_16'.
Generating RTLIL representation for module `\sky130_fd_sc_hd__lpflow_clkbufkapwr_2'.
Generating RTLIL representation for module `\sky130_fd_sc_hd__lpflow_clkbufkapwr_4'.
Generating RTLIL representation for module `\sky130_fd_sc_hd__lpflow_clkbufkapwr_8'.
Generating RTLIL representation for module `\sky130_fd_sc_hd__lpflow_clkinvkapwr_1'.
Generating RTLIL representation for module `\sky130_fd_sc_hd__lpflow_clkinvkapwr_16'.
Generating RTLIL representation for module `\sky130_fd_sc_hd__lpflow_clkinvkapwr_2'.
Generating RTLIL representation for module `\sky130_fd_sc_hd__lpflow_clkinvkapwr_4'.
Generating RTLIL representation for module `\sky130_fd_sc_hd__lpflow_clkinvkapwr_8'.
Generating RTLIL representation for module `\sky130_fd_sc_hd__lpflow_decapkapwr_12'.
Generating RTLIL representation for module `\sky130_fd_sc_hd__lpflow_decapkapwr_3'.
Generating RTLIL representation for module `\sky130_fd_sc_hd__lpflow_decapkapwr_4'.
Generating RTLIL representation for module `\sky130_fd_sc_hd__lpflow_decapkapwr_6'.
Generating RTLIL representation for module `\sky130_fd_sc_hd__lpflow_decapkapwr_8'.
Generating RTLIL representation for module `\sky130_fd_sc_hd__lpflow_inputiso0n_1'.
Generating RTLIL representation for module `\sky130_fd_sc_hd__lpflow_inputiso0p_1'.
Generating RTLIL representation for module `\sky130_fd_sc_hd__lpflow_inputiso1n_1'.
Generating RTLIL representation for module `\sky130_fd_sc_hd__lpflow_inputiso1p_1'.
Generating RTLIL representation for module `\sky130_fd_sc_hd__lpflow_inputisolatch_1'.
Generating RTLIL representation for module `\sky130_fd_sc_hd__lpflow_isobufsrc_1'.
Generating RTLIL representation for module `\sky130_fd_sc_hd__lpflow_isobufsrc_16'.
Generating RTLIL representation for module `\sky130_fd_sc_hd__lpflow_isobufsrc_2'.
Generating RTLIL representation for module `\sky130_fd_sc_hd__lpflow_isobufsrc_4'.
Generating RTLIL representation for module `\sky130_fd_sc_hd__lpflow_isobufsrc_8'.
Generating RTLIL representation for module `\sky130_fd_sc_hd__lpflow_isobufsrckapwr_16'.
Generating RTLIL representation for module `\sky130_fd_sc_hd__lpflow_lsbuf_lh_hl_isowell_tap_1'.
Generating RTLIL representation for module `\sky130_fd_sc_hd__lpflow_lsbuf_lh_hl_isowell_tap_2'.
Generating RTLIL representation for module `\sky130_fd_sc_hd__lpflow_lsbuf_lh_hl_isowell_tap_4'.
Generating RTLIL representation for module `\sky130_fd_sc_hd__lpflow_lsbuf_lh_isowell_4'.
Generating RTLIL representation for module `\sky130_fd_sc_hd__lpflow_lsbuf_lh_isowell_tap_1'.
Generating RTLIL representation for module `\sky130_fd_sc_hd__lpflow_lsbuf_lh_isowell_tap_2'.
Generating RTLIL representation for module `\sky130_fd_sc_hd__lpflow_lsbuf_lh_isowell_tap_4'.
Generating RTLIL representation for module `\sky130_fd_sc_hd__macro_sparecell'.
Generating RTLIL representation for module `\sky130_fd_sc_hd__maj3_1'.
Generating RTLIL representation for module `\sky130_fd_sc_hd__maj3_2'.
Generating RTLIL representation for module `\sky130_fd_sc_hd__maj3_4'.
Generating RTLIL representation for module `\sky130_fd_sc_hd__mux2_1'.
Generating RTLIL representation for module `\sky130_fd_sc_hd__mux2_2'.
Generating RTLIL representation for module `\sky130_fd_sc_hd__mux2_4'.
Generating RTLIL representation for module `\sky130_fd_sc_hd__mux2_8'.
Generating RTLIL representation for module `\sky130_fd_sc_hd__mux2i_1'.
Generating RTLIL representation for module `\sky130_fd_sc_hd__mux2i_2'.
Generating RTLIL representation for module `\sky130_fd_sc_hd__mux2i_4'.
Generating RTLIL representation for module `\sky130_fd_sc_hd__mux4_1'.
Generating RTLIL representation for module `\sky130_fd_sc_hd__mux4_2'.
Generating RTLIL representation for module `\sky130_fd_sc_hd__mux4_4'.
Generating RTLIL representation for module `\sky130_fd_sc_hd__nand2_1'.
Generating RTLIL representation for module `\sky130_fd_sc_hd__nand2_2'.
Generating RTLIL representation for module `\sky130_fd_sc_hd__nand2_4'.
Generating RTLIL representation for module `\sky130_fd_sc_hd__nand2_8'.
Generating RTLIL representation for module `\sky130_fd_sc_hd__nand2b_1'.
Generating RTLIL representation for module `\sky130_fd_sc_hd__nand2b_2'.
Generating RTLIL representation for module `\sky130_fd_sc_hd__nand2b_4'.
Generating RTLIL representation for module `\sky130_fd_sc_hd__nand3_1'.
Generating RTLIL representation for module `\sky130_fd_sc_hd__nand3_2'.
Generating RTLIL representation for module `\sky130_fd_sc_hd__nand3_4'.
Generating RTLIL representation for module `\sky130_fd_sc_hd__nand3b_1'.
Generating RTLIL representation for module `\sky130_fd_sc_hd__nand3b_2'.
Generating RTLIL representation for module `\sky130_fd_sc_hd__nand3b_4'.
Generating RTLIL representation for module `\sky130_fd_sc_hd__nand4_1'.
Generating RTLIL representation for module `\sky130_fd_sc_hd__nand4_2'.
Generating RTLIL representation for module `\sky130_fd_sc_hd__nand4_4'.
Generating RTLIL representation for module `\sky130_fd_sc_hd__nand4b_1'.
Generating RTLIL representation for module `\sky130_fd_sc_hd__nand4b_2'.
Generating RTLIL representation for module `\sky130_fd_sc_hd__nand4b_4'.
Generating RTLIL representation for module `\sky130_fd_sc_hd__nand4bb_1'.
Generating RTLIL representation for module `\sky130_fd_sc_hd__nand4bb_2'.
Generating RTLIL representation for module `\sky130_fd_sc_hd__nand4bb_4'.
Generating RTLIL representation for module `\sky130_fd_sc_hd__nor2_1'.
Generating RTLIL representation for module `\sky130_fd_sc_hd__nor2_2'.
Generating RTLIL representation for module `\sky130_fd_sc_hd__nor2_4'.
Generating RTLIL representation for module `\sky130_fd_sc_hd__nor2_8'.
Generating RTLIL representation for module `\sky130_fd_sc_hd__nor2b_1'.
Generating RTLIL representation for module `\sky130_fd_sc_hd__nor2b_2'.
Generating RTLIL representation for module `\sky130_fd_sc_hd__nor2b_4'.
Generating RTLIL representation for module `\sky130_fd_sc_hd__nor3_1'.
Generating RTLIL representation for module `\sky130_fd_sc_hd__nor3_2'.
Generating RTLIL representation for module `\sky130_fd_sc_hd__nor3_4'.
Generating RTLIL representation for module `\sky130_fd_sc_hd__nor3b_1'.
Generating RTLIL representation for module `\sky130_fd_sc_hd__nor3b_2'.
Generating RTLIL representation for module `\sky130_fd_sc_hd__nor3b_4'.
Generating RTLIL representation for module `\sky130_fd_sc_hd__nor4_1'.
Generating RTLIL representation for module `\sky130_fd_sc_hd__nor4_2'.
Generating RTLIL representation for module `\sky130_fd_sc_hd__nor4_4'.
Generating RTLIL representation for module `\sky130_fd_sc_hd__nor4b_1'.
Generating RTLIL representation for module `\sky130_fd_sc_hd__nor4b_2'.
Generating RTLIL representation for module `\sky130_fd_sc_hd__nor4b_4'.
Generating RTLIL representation for module `\sky130_fd_sc_hd__nor4bb_1'.
Generating RTLIL representation for module `\sky130_fd_sc_hd__nor4bb_2'.
Generating RTLIL representation for module `\sky130_fd_sc_hd__nor4bb_4'.
Generating RTLIL representation for module `\sky130_fd_sc_hd__o2111a_1'.
Generating RTLIL representation for module `\sky130_fd_sc_hd__o2111a_2'.
Generating RTLIL representation for module `\sky130_fd_sc_hd__o2111a_4'.
Generating RTLIL representation for module `\sky130_fd_sc_hd__o2111ai_1'.
Generating RTLIL representation for module `\sky130_fd_sc_hd__o2111ai_2'.
Generating RTLIL representation for module `\sky130_fd_sc_hd__o2111ai_4'.
Generating RTLIL representation for module `\sky130_fd_sc_hd__o211a_1'.
Generating RTLIL representation for module `\sky130_fd_sc_hd__o211a_2'.
Generating RTLIL representation for module `\sky130_fd_sc_hd__o211a_4'.
Generating RTLIL representation for module `\sky130_fd_sc_hd__o211ai_1'.
Generating RTLIL representation for module `\sky130_fd_sc_hd__o211ai_2'.
Generating RTLIL representation for module `\sky130_fd_sc_hd__o211ai_4'.
Generating RTLIL representation for module `\sky130_fd_sc_hd__o21a_1'.
Generating RTLIL representation for module `\sky130_fd_sc_hd__o21a_2'.
Generating RTLIL representation for module `\sky130_fd_sc_hd__o21a_4'.
Generating RTLIL representation for module `\sky130_fd_sc_hd__o21ai_0'.
Generating RTLIL representation for module `\sky130_fd_sc_hd__o21ai_1'.
Generating RTLIL representation for module `\sky130_fd_sc_hd__o21ai_2'.
Generating RTLIL representation for module `\sky130_fd_sc_hd__o21ai_4'.
Generating RTLIL representation for module `\sky130_fd_sc_hd__o21ba_1'.
Generating RTLIL representation for module `\sky130_fd_sc_hd__o21ba_2'.
Generating RTLIL representation for module `\sky130_fd_sc_hd__o21ba_4'.
Generating RTLIL representation for module `\sky130_fd_sc_hd__o21bai_1'.
Generating RTLIL representation for module `\sky130_fd_sc_hd__o21bai_2'.
Generating RTLIL representation for module `\sky130_fd_sc_hd__o21bai_4'.
Generating RTLIL representation for module `\sky130_fd_sc_hd__o221a_1'.
Generating RTLIL representation for module `\sky130_fd_sc_hd__o221a_2'.
Generating RTLIL representation for module `\sky130_fd_sc_hd__o221a_4'.
Generating RTLIL representation for module `\sky130_fd_sc_hd__o221ai_1'.
Generating RTLIL representation for module `\sky130_fd_sc_hd__o221ai_2'.
Generating RTLIL representation for module `\sky130_fd_sc_hd__o221ai_4'.
Generating RTLIL representation for module `\sky130_fd_sc_hd__o22a_1'.
Generating RTLIL representation for module `\sky130_fd_sc_hd__o22a_2'.
Generating RTLIL representation for module `\sky130_fd_sc_hd__o22a_4'.
Generating RTLIL representation for module `\sky130_fd_sc_hd__o22ai_1'.
Generating RTLIL representation for module `\sky130_fd_sc_hd__o22ai_2'.
Generating RTLIL representation for module `\sky130_fd_sc_hd__o22ai_4'.
Generating RTLIL representation for module `\sky130_fd_sc_hd__o2bb2a_1'.
Generating RTLIL representation for module `\sky130_fd_sc_hd__o2bb2a_2'.
Generating RTLIL representation for module `\sky130_fd_sc_hd__o2bb2a_4'.
Generating RTLIL representation for module `\sky130_fd_sc_hd__o2bb2ai_1'.
Generating RTLIL representation for module `\sky130_fd_sc_hd__o2bb2ai_2'.
Generating RTLIL representation for module `\sky130_fd_sc_hd__o2bb2ai_4'.
Generating RTLIL representation for module `\sky130_fd_sc_hd__o311a_1'.
Generating RTLIL representation for module `\sky130_fd_sc_hd__o311a_2'.
Generating RTLIL representation for module `\sky130_fd_sc_hd__o311a_4'.
Generating RTLIL representation for module `\sky130_fd_sc_hd__o311ai_0'.
Generating RTLIL representation for module `\sky130_fd_sc_hd__o311ai_1'.
Generating RTLIL representation for module `\sky130_fd_sc_hd__o311ai_2'.
Generating RTLIL representation for module `\sky130_fd_sc_hd__o311ai_4'.
Generating RTLIL representation for module `\sky130_fd_sc_hd__o31a_1'.
Generating RTLIL representation for module `\sky130_fd_sc_hd__o31a_2'.
Generating RTLIL representation for module `\sky130_fd_sc_hd__o31a_4'.
Generating RTLIL representation for module `\sky130_fd_sc_hd__o31ai_1'.
Generating RTLIL representation for module `\sky130_fd_sc_hd__o31ai_2'.
Generating RTLIL representation for module `\sky130_fd_sc_hd__o31ai_4'.
Generating RTLIL representation for module `\sky130_fd_sc_hd__o32a_1'.
Generating RTLIL representation for module `\sky130_fd_sc_hd__o32a_2'.
Generating RTLIL representation for module `\sky130_fd_sc_hd__o32a_4'.
Generating RTLIL representation for module `\sky130_fd_sc_hd__o32ai_1'.
Generating RTLIL representation for module `\sky130_fd_sc_hd__o32ai_2'.
Generating RTLIL representation for module `\sky130_fd_sc_hd__o32ai_4'.
Generating RTLIL representation for module `\sky130_fd_sc_hd__o41a_1'.
Generating RTLIL representation for module `\sky130_fd_sc_hd__o41a_2'.
Generating RTLIL representation for module `\sky130_fd_sc_hd__o41a_4'.
Generating RTLIL representation for module `\sky130_fd_sc_hd__o41ai_1'.
Generating RTLIL representation for module `\sky130_fd_sc_hd__o41ai_2'.
Generating RTLIL representation for module `\sky130_fd_sc_hd__o41ai_4'.
Generating RTLIL representation for module `\sky130_fd_sc_hd__or2_0'.
Generating RTLIL representation for module `\sky130_fd_sc_hd__or2_1'.
Generating RTLIL representation for module `\sky130_fd_sc_hd__or2_2'.
Generating RTLIL representation for module `\sky130_fd_sc_hd__or2_4'.
Generating RTLIL representation for module `\sky130_fd_sc_hd__or2b_1'.
Generating RTLIL representation for module `\sky130_fd_sc_hd__or2b_2'.
Generating RTLIL representation for module `\sky130_fd_sc_hd__or2b_4'.
Generating RTLIL representation for module `\sky130_fd_sc_hd__or3_1'.
Generating RTLIL representation for module `\sky130_fd_sc_hd__or3_2'.
Generating RTLIL representation for module `\sky130_fd_sc_hd__or3_4'.
Generating RTLIL representation for module `\sky130_fd_sc_hd__or3b_1'.
Generating RTLIL representation for module `\sky130_fd_sc_hd__or3b_2'.
Generating RTLIL representation for module `\sky130_fd_sc_hd__or3b_4'.
Generating RTLIL representation for module `\sky130_fd_sc_hd__or4_1'.
Generating RTLIL representation for module `\sky130_fd_sc_hd__or4_2'.
Generating RTLIL representation for module `\sky130_fd_sc_hd__or4_4'.
Generating RTLIL representation for module `\sky130_fd_sc_hd__or4b_1'.
Generating RTLIL representation for module `\sky130_fd_sc_hd__or4b_2'.
Generating RTLIL representation for module `\sky130_fd_sc_hd__or4b_4'.
Generating RTLIL representation for module `\sky130_fd_sc_hd__or4bb_1'.
Generating RTLIL representation for module `\sky130_fd_sc_hd__or4bb_2'.
Generating RTLIL representation for module `\sky130_fd_sc_hd__or4bb_4'.
Generating RTLIL representation for module `\sky130_fd_sc_hd__probe_p_8'.
Generating RTLIL representation for module `\sky130_fd_sc_hd__probec_p_8'.
Generating RTLIL representation for module `\sky130_fd_sc_hd__sdfbbn_1'.
Generating RTLIL representation for module `\sky130_fd_sc_hd__sdfbbn_2'.
Generating RTLIL representation for module `\sky130_fd_sc_hd__sdfbbp_1'.
Generating RTLIL representation for module `\sky130_fd_sc_hd__sdfrbp_1'.
Generating RTLIL representation for module `\sky130_fd_sc_hd__sdfrbp_2'.
Generating RTLIL representation for module `\sky130_fd_sc_hd__sdfrtn_1'.
Generating RTLIL representation for module `\sky130_fd_sc_hd__sdfrtp_1'.
Generating RTLIL representation for module `\sky130_fd_sc_hd__sdfrtp_2'.
Generating RTLIL representation for module `\sky130_fd_sc_hd__sdfrtp_4'.
Generating RTLIL representation for module `\sky130_fd_sc_hd__sdfsbp_1'.
Generating RTLIL representation for module `\sky130_fd_sc_hd__sdfsbp_2'.
Generating RTLIL representation for module `\sky130_fd_sc_hd__sdfstp_1'.
Generating RTLIL representation for module `\sky130_fd_sc_hd__sdfstp_2'.
Generating RTLIL representation for module `\sky130_fd_sc_hd__sdfstp_4'.
Generating RTLIL representation for module `\sky130_fd_sc_hd__sdfxbp_1'.
Generating RTLIL representation for module `\sky130_fd_sc_hd__sdfxbp_2'.
Generating RTLIL representation for module `\sky130_fd_sc_hd__sdfxtp_1'.
Generating RTLIL representation for module `\sky130_fd_sc_hd__sdfxtp_2'.
Generating RTLIL representation for module `\sky130_fd_sc_hd__sdfxtp_4'.
Generating RTLIL representation for module `\sky130_fd_sc_hd__sdlclkp_1'.
Generating RTLIL representation for module `\sky130_fd_sc_hd__sdlclkp_2'.
Generating RTLIL representation for module `\sky130_fd_sc_hd__sdlclkp_4'.
Generating RTLIL representation for module `\sky130_fd_sc_hd__sedfxbp_1'.
Generating RTLIL representation for module `\sky130_fd_sc_hd__sedfxbp_2'.
Generating RTLIL representation for module `\sky130_fd_sc_hd__sedfxtp_1'.
Generating RTLIL representation for module `\sky130_fd_sc_hd__sedfxtp_2'.
Generating RTLIL representation for module `\sky130_fd_sc_hd__sedfxtp_4'.
Generating RTLIL representation for module `\sky130_fd_sc_hd__tap_1'.
Generating RTLIL representation for module `\sky130_fd_sc_hd__tap_2'.
Generating RTLIL representation for module `\sky130_fd_sc_hd__tapvgnd2_1'.
Generating RTLIL representation for module `\sky130_fd_sc_hd__tapvgnd_1'.
Generating RTLIL representation for module `\sky130_fd_sc_hd__tapvpwrvgnd_1'.
Generating RTLIL representation for module `\sky130_fd_sc_hd__xnor2_1'.
Generating RTLIL representation for module `\sky130_fd_sc_hd__xnor2_2'.
Generating RTLIL representation for module `\sky130_fd_sc_hd__xnor2_4'.
Generating RTLIL representation for module `\sky130_fd_sc_hd__xnor3_1'.
Generating RTLIL representation for module `\sky130_fd_sc_hd__xnor3_2'.
Generating RTLIL representation for module `\sky130_fd_sc_hd__xnor3_4'.
Generating RTLIL representation for module `\sky130_fd_sc_hd__xor2_1'.
Generating RTLIL representation for module `\sky130_fd_sc_hd__xor2_2'.
Generating RTLIL representation for module `\sky130_fd_sc_hd__xor2_4'.
Generating RTLIL representation for module `\sky130_fd_sc_hd__xor3_1'.
Generating RTLIL representation for module `\sky130_fd_sc_hd__xor3_2'.
Generating RTLIL representation for module `\sky130_fd_sc_hd__xor3_4'.
Successfully finished Verilog frontend.
wtaf

2. Executing Verilog-2005 frontend: /home/Ven/vscode/VRAI/VRAI-VERILOG/VRAI_CORE-sync_mem.v
Parsing SystemVerilog input from `/home/Ven/vscode/VRAI/VRAI-VERILOG/VRAI_CORE-sync_mem.v' to AST representation.
Storing AST representation for module `$abstract\VRAI_SYNC_CORE'.
Successfully finished Verilog frontend.

3. Executing Verilog-2005 frontend: /home/Ven/vscode/VRAI/VRAI-VERILOG/COUNTER.v
Parsing SystemVerilog input from `/home/Ven/vscode/VRAI/VRAI-VERILOG/COUNTER.v' to AST representation.
Storing AST representation for module `$abstract\COUNTER'.
Successfully finished Verilog frontend.

4. Executing Verilog-2005 frontend: /home/Ven/vscode/VRAI/VRAI-VERILOG/decode/INSTR_DECODER.v
Parsing SystemVerilog input from `/home/Ven/vscode/VRAI/VRAI-VERILOG/decode/INSTR_DECODER.v' to AST representation.
Storing AST representation for module `$abstract\INSTR_DECODER'.
Successfully finished Verilog frontend.

5. Executing Verilog-2005 frontend: /home/Ven/vscode/VRAI/VRAI-VERILOG/decode/UNIT_DECODER.v
Parsing SystemVerilog input from `/home/Ven/vscode/VRAI/VRAI-VERILOG/decode/UNIT_DECODER.v' to AST representation.
Storing AST representation for module `$abstract\UNIT_DECODER'.
Successfully finished Verilog frontend.

6. Executing Verilog-2005 frontend: /home/Ven/vscode/VRAI/VRAI-VERILOG/unit/SWITCH.v
Parsing SystemVerilog input from `/home/Ven/vscode/VRAI/VRAI-VERILOG/unit/SWITCH.v' to AST representation.
Storing AST representation for module `$abstract\SWITCH'.
Successfully finished Verilog frontend.

7. Executing Verilog-2005 frontend: /home/Ven/vscode/VRAI/VRAI-VERILOG/unit/alu/UNIT_ALU.v
Parsing SystemVerilog input from `/home/Ven/vscode/VRAI/VRAI-VERILOG/unit/alu/UNIT_ALU.v' to AST representation.
Storing AST representation for module `$abstract\UNIT_ALU'.
Successfully finished Verilog frontend.

8. Executing Verilog-2005 frontend: /home/Ven/vscode/VRAI/VRAI-VERILOG/unit/bit/CLZ.v
Parsing SystemVerilog input from `/home/Ven/vscode/VRAI/VRAI-VERILOG/unit/bit/CLZ.v' to AST representation.
Storing AST representation for module `$abstract\CLZ_2'.
Storing AST representation for module `$abstract\CLZ_4'.
Storing AST representation for module `$abstract\CLZ_8'.
Storing AST representation for module `$abstract\CLZ_16'.
Successfully finished Verilog frontend.

9. Executing Verilog-2005 frontend: /home/Ven/vscode/VRAI/VRAI-VERILOG/unit/bit/CTZ.v
Parsing SystemVerilog input from `/home/Ven/vscode/VRAI/VRAI-VERILOG/unit/bit/CTZ.v' to AST representation.
Storing AST representation for module `$abstract\CTZ_2'.
Storing AST representation for module `$abstract\CTZ_4'.
Storing AST representation for module `$abstract\CTZ_8'.
Storing AST representation for module `$abstract\CTZ_16'.
Successfully finished Verilog frontend.

10. Executing Verilog-2005 frontend: /home/Ven/vscode/VRAI/VRAI-VERILOG/unit/bit/POPCNT.v
Parsing SystemVerilog input from `/home/Ven/vscode/VRAI/VRAI-VERILOG/unit/bit/POPCNT.v' to AST representation.
Storing AST representation for module `$abstract\POPCNT_4'.
Storing AST representation for module `$abstract\POPCNT_16'.
Successfully finished Verilog frontend.

11. Executing Verilog-2005 frontend: /home/Ven/vscode/VRAI/VRAI-VERILOG/unit/bit/UNIT_BIT.v
Parsing SystemVerilog input from `/home/Ven/vscode/VRAI/VRAI-VERILOG/unit/bit/UNIT_BIT.v' to AST representation.
Storing AST representation for module `$abstract\UNIT_BIT'.
Successfully finished Verilog frontend.

12. Executing Verilog-2005 frontend: /home/Ven/vscode/VRAI/VRAI-VERILOG/unit/jmp/UNIT_JMP.v
Parsing SystemVerilog input from `/home/Ven/vscode/VRAI/VRAI-VERILOG/unit/jmp/UNIT_JMP.v' to AST representation.
Storing AST representation for module `$abstract\UNIT_JMP'.
Successfully finished Verilog frontend.

13. Executing Verilog-2005 frontend: /home/Ven/vscode/VRAI/VRAI-VERILOG/unit/mem/UNIT_MEM.v
Parsing SystemVerilog input from `/home/Ven/vscode/VRAI/VRAI-VERILOG/unit/mem/UNIT_MEM.v' to AST representation.
Storing AST representation for module `$abstract\ADDR_CALC'.
Storing AST representation for module `$abstract\BASIC_MEM'.
Storing AST representation for module `$abstract\BASIC_DEV_MEM'.
Storing AST representation for module `$abstract\MAIN_SYNC_MEM'.
Storing AST representation for module `$abstract\DEVICE_SYNC_MEM'.
Storing AST representation for module `$abstract\UNIT_MEM'.
Successfully finished Verilog frontend.

14. Executing Verilog-2005 frontend: /home/Ven/vscode/VRAI/VRAI-VERILOG/unit/sys/UNIT_SYS.v
Parsing SystemVerilog input from `/home/Ven/vscode/VRAI/VRAI-VERILOG/unit/sys/UNIT_SYS.v' to AST representation.
Storing AST representation for module `$abstract\SYS_CATEGORY_DECODER'.
Storing AST representation for module `$abstract\SYS_EX_CTRL_DECODER'.
Storing AST representation for module `$abstract\SYS_ACCESS_DECODER'.
Successfully finished Verilog frontend.

15. Executing HIERARCHY pass (managing design hierarchy).

16. Executing AST frontend in derive mode using pre-parsed AST for module `\VRAI_SYNC_CORE'.
Generating RTLIL representation for module `\VRAI_SYNC_CORE'.

16.1. Analyzing design hierarchy..
Top module:  \VRAI_SYNC_CORE
Parameter 1 (\size) = 4

16.2. Executing AST frontend in derive mode using pre-parsed AST for module `\SWITCH'.
Parameter 1 (\size) = 4
Generating RTLIL representation for module `$paramod\SWITCH\size=s32'00000000000000000000000000000100'.

16.3. Executing AST frontend in derive mode using pre-parsed AST for module `\SWITCH'.
Generating RTLIL representation for module `\SWITCH'.

16.4. Executing AST frontend in derive mode using pre-parsed AST for module `\UNIT_BIT'.
Generating RTLIL representation for module `\UNIT_BIT'.
Parameter 1 (\size) = 4
Found cached RTLIL representation for module `$paramod\SWITCH\size=s32'00000000000000000000000000000100'.

16.5. Executing AST frontend in derive mode using pre-parsed AST for module `\UNIT_MEM'.
Generating RTLIL representation for module `\UNIT_MEM'.
Parameter 1 (\size) = 4
Found cached RTLIL representation for module `$paramod\SWITCH\size=s32'00000000000000000000000000000100'.

16.6. Executing AST frontend in derive mode using pre-parsed AST for module `\UNIT_ALU'.
Generating RTLIL representation for module `\UNIT_ALU'.
Parameter 1 (\size) = 4
Found cached RTLIL representation for module `$paramod\SWITCH\size=s32'00000000000000000000000000000100'.

16.7. Executing AST frontend in derive mode using pre-parsed AST for module `\SYS_ACCESS_DECODER'.
Generating RTLIL representation for module `\SYS_ACCESS_DECODER'.

16.8. Executing AST frontend in derive mode using pre-parsed AST for module `\SYS_EX_CTRL_DECODER'.
Generating RTLIL representation for module `\SYS_EX_CTRL_DECODER'.

16.9. Executing AST frontend in derive mode using pre-parsed AST for module `\SYS_CATEGORY_DECODER'.
Generating RTLIL representation for module `\SYS_CATEGORY_DECODER'.

16.10. Executing AST frontend in derive mode using pre-parsed AST for module `\COUNTER'.
Generating RTLIL representation for module `\COUNTER'.

16.11. Executing AST frontend in derive mode using pre-parsed AST for module `\UNIT_JMP'.
Generating RTLIL representation for module `\UNIT_JMP'.

16.12. Executing AST frontend in derive mode using pre-parsed AST for module `\UNIT_DECODER'.
Generating RTLIL representation for module `\UNIT_DECODER'.

16.13. Executing AST frontend in derive mode using pre-parsed AST for module `\INSTR_DECODER'.
Generating RTLIL representation for module `\INSTR_DECODER'.

16.14. Analyzing design hierarchy..
Top module:  \VRAI_SYNC_CORE
Used module:     $paramod\SWITCH\size=s32'00000000000000000000000000000100
Used module:     \SWITCH
Used module:     \UNIT_BIT
Used module:     \UNIT_MEM
Used module:     \UNIT_ALU
Used module:     \SYS_ACCESS_DECODER
Used module:     \SYS_EX_CTRL_DECODER
Used module:     \SYS_CATEGORY_DECODER
Used module:     \COUNTER
Used module:     \UNIT_JMP
Used module:     \UNIT_DECODER
Used module:     \INSTR_DECODER

16.15. Executing AST frontend in derive mode using pre-parsed AST for module `\ADDR_CALC'.
Generating RTLIL representation for module `\ADDR_CALC'.

16.16. Executing AST frontend in derive mode using pre-parsed AST for module `\POPCNT_16'.
Generating RTLIL representation for module `\POPCNT_16'.

16.17. Executing AST frontend in derive mode using pre-parsed AST for module `\CLZ_16'.
Generating RTLIL representation for module `\CLZ_16'.

16.18. Executing AST frontend in derive mode using pre-parsed AST for module `\CTZ_16'.
Generating RTLIL representation for module `\CTZ_16'.

16.19. Analyzing design hierarchy..
Top module:  \VRAI_SYNC_CORE
Used module:     $paramod\SWITCH\size=s32'00000000000000000000000000000100
Used module:     \SWITCH
Used module:     \UNIT_BIT
Used module:         \POPCNT_16
Used module:         \CLZ_16
Used module:         \CTZ_16
Used module:     \UNIT_MEM
Used module:         \ADDR_CALC
Used module:     \UNIT_ALU
Used module:     \SYS_ACCESS_DECODER
Used module:     \SYS_EX_CTRL_DECODER
Used module:     \SYS_CATEGORY_DECODER
Used module:     \COUNTER
Used module:     \UNIT_JMP
Used module:     \UNIT_DECODER
Used module:     \INSTR_DECODER

16.20. Executing AST frontend in derive mode using pre-parsed AST for module `\CTZ_8'.
Generating RTLIL representation for module `\CTZ_8'.

16.21. Executing AST frontend in derive mode using pre-parsed AST for module `\CLZ_8'.
Generating RTLIL representation for module `\CLZ_8'.

16.22. Executing AST frontend in derive mode using pre-parsed AST for module `\POPCNT_4'.
Generating RTLIL representation for module `\POPCNT_4'.

16.23. Analyzing design hierarchy..
Top module:  \VRAI_SYNC_CORE
Used module:     $paramod\SWITCH\size=s32'00000000000000000000000000000100
Used module:     \SWITCH
Used module:     \UNIT_BIT
Used module:         \POPCNT_16
Used module:             \POPCNT_4
Used module:         \CLZ_16
Used module:             \CLZ_8
Used module:         \CTZ_16
Used module:             \CTZ_8
Used module:     \UNIT_MEM
Used module:         \ADDR_CALC
Used module:     \UNIT_ALU
Used module:     \SYS_ACCESS_DECODER
Used module:     \SYS_EX_CTRL_DECODER
Used module:     \SYS_CATEGORY_DECODER
Used module:     \COUNTER
Used module:     \UNIT_JMP
Used module:     \UNIT_DECODER
Used module:     \INSTR_DECODER

16.24. Executing AST frontend in derive mode using pre-parsed AST for module `\CLZ_4'.
Generating RTLIL representation for module `\CLZ_4'.

16.25. Executing AST frontend in derive mode using pre-parsed AST for module `\CTZ_4'.
Generating RTLIL representation for module `\CTZ_4'.

16.26. Analyzing design hierarchy..
Top module:  \VRAI_SYNC_CORE
Used module:     $paramod\SWITCH\size=s32'00000000000000000000000000000100
Used module:     \SWITCH
Used module:     \UNIT_BIT
Used module:         \POPCNT_16
Used module:             \POPCNT_4
Used module:         \CLZ_16
Used module:             \CLZ_8
Used module:                 \CLZ_4
Used module:         \CTZ_16
Used module:             \CTZ_8
Used module:                 \CTZ_4
Used module:     \UNIT_MEM
Used module:         \ADDR_CALC
Used module:     \UNIT_ALU
Used module:     \SYS_ACCESS_DECODER
Used module:     \SYS_EX_CTRL_DECODER
Used module:     \SYS_CATEGORY_DECODER
Used module:     \COUNTER
Used module:     \UNIT_JMP
Used module:     \UNIT_DECODER
Used module:     \INSTR_DECODER

16.27. Executing AST frontend in derive mode using pre-parsed AST for module `\CTZ_2'.
Generating RTLIL representation for module `\CTZ_2'.

16.28. Executing AST frontend in derive mode using pre-parsed AST for module `\CLZ_2'.
Generating RTLIL representation for module `\CLZ_2'.

16.29. Analyzing design hierarchy..
Top module:  \VRAI_SYNC_CORE
Used module:     $paramod\SWITCH\size=s32'00000000000000000000000000000100
Used module:     \SWITCH
Used module:     \UNIT_BIT
Used module:         \POPCNT_16
Used module:             \POPCNT_4
Used module:         \CLZ_16
Used module:             \CLZ_8
Used module:                 \CLZ_4
Used module:                     \CLZ_2
Used module:         \CTZ_16
Used module:             \CTZ_8
Used module:                 \CTZ_4
Used module:                     \CTZ_2
Used module:     \UNIT_MEM
Used module:         \ADDR_CALC
Used module:     \UNIT_ALU
Used module:     \SYS_ACCESS_DECODER
Used module:     \SYS_EX_CTRL_DECODER
Used module:     \SYS_CATEGORY_DECODER
Used module:     \COUNTER
Used module:     \UNIT_JMP
Used module:     \UNIT_DECODER
Used module:     \INSTR_DECODER

16.30. Analyzing design hierarchy..
Top module:  \VRAI_SYNC_CORE
Used module:     $paramod\SWITCH\size=s32'00000000000000000000000000000100
Used module:     \SWITCH
Used module:     \UNIT_BIT
Used module:         \POPCNT_16
Used module:             \POPCNT_4
Used module:         \CLZ_16
Used module:             \CLZ_8
Used module:                 \CLZ_4
Used module:                     \CLZ_2
Used module:         \CTZ_16
Used module:             \CTZ_8
Used module:                 \CTZ_4
Used module:                     \CTZ_2
Used module:     \UNIT_MEM
Used module:         \ADDR_CALC
Used module:     \UNIT_ALU
Used module:     \SYS_ACCESS_DECODER
Used module:     \SYS_EX_CTRL_DECODER
Used module:     \SYS_CATEGORY_DECODER
Used module:     \COUNTER
Used module:     \UNIT_JMP
Used module:     \UNIT_DECODER
Used module:     \INSTR_DECODER
Removing unused module `$abstract\SYS_ACCESS_DECODER'.
Removing unused module `$abstract\SYS_EX_CTRL_DECODER'.
Removing unused module `$abstract\SYS_CATEGORY_DECODER'.
Removing unused module `$abstract\UNIT_MEM'.
Removing unused module `$abstract\DEVICE_SYNC_MEM'.
Removing unused module `$abstract\MAIN_SYNC_MEM'.
Removing unused module `$abstract\BASIC_DEV_MEM'.
Removing unused module `$abstract\BASIC_MEM'.
Removing unused module `$abstract\ADDR_CALC'.
Removing unused module `$abstract\UNIT_JMP'.
Removing unused module `$abstract\UNIT_BIT'.
Removing unused module `$abstract\POPCNT_16'.
Removing unused module `$abstract\POPCNT_4'.
Removing unused module `$abstract\CTZ_16'.
Removing unused module `$abstract\CTZ_8'.
Removing unused module `$abstract\CTZ_4'.
Removing unused module `$abstract\CTZ_2'.
Removing unused module `$abstract\CLZ_16'.
Removing unused module `$abstract\CLZ_8'.
Removing unused module `$abstract\CLZ_4'.
Removing unused module `$abstract\CLZ_2'.
Removing unused module `$abstract\UNIT_ALU'.
Removing unused module `$abstract\SWITCH'.
Removing unused module `$abstract\UNIT_DECODER'.
Removing unused module `$abstract\INSTR_DECODER'.
Removing unused module `$abstract\COUNTER'.
Removing unused module `$abstract\VRAI_SYNC_CORE'.
Removed 27 unused modules.
Renaming module VRAI_SYNC_CORE to VRAI_SYNC_CORE.

17. Executing PROC pass (convert processes to netlists).

17.1. Executing PROC_CLEAN pass (remove empty switches from decision trees).
Cleaned up 0 empty switches.

17.2. Executing PROC_RMDEAD pass (remove dead branches from decision trees).
Marked 5 switch rules as full_case in process $proc$/home/Ven/vscode/VRAI/VRAI-VERILOG/VRAI_CORE-sync_mem.v:481$80 in module VRAI_SYNC_CORE.
Marked 1 switch rules as full_case in process $proc$/home/Ven/vscode/VRAI/VRAI-VERILOG/decode/UNIT_DECODER.v:20$204 in module UNIT_DECODER.
Marked 2 switch rules as full_case in process $proc$/home/Ven/vscode/VRAI/VRAI-VERILOG/COUNTER.v:14$196 in module COUNTER.
Marked 2 switch rules as full_case in process $proc$/home/Ven/vscode/VRAI/VRAI-VERILOG/unit/sys/UNIT_SYS.v:15$195 in module SYS_CATEGORY_DECODER.
Marked 2 switch rules as full_case in process $proc$/home/Ven/vscode/VRAI/VRAI-VERILOG/unit/sys/UNIT_SYS.v:44$194 in module SYS_EX_CTRL_DECODER.
Marked 2 switch rules as full_case in process $proc$/home/Ven/vscode/VRAI/VRAI-VERILOG/unit/sys/UNIT_SYS.v:70$193 in module SYS_ACCESS_DECODER.
Removed 1 dead cases from process $proc$/home/Ven/vscode/VRAI/VRAI-VERILOG/unit/alu/UNIT_ALU.v:30$170 in module UNIT_ALU.
Marked 1 switch rules as full_case in process $proc$/home/Ven/vscode/VRAI/VRAI-VERILOG/unit/alu/UNIT_ALU.v:30$170 in module UNIT_ALU.
Marked 1 switch rules as full_case in process $proc$/home/Ven/vscode/VRAI/VRAI-VERILOG/unit/mem/UNIT_MEM.v:278$161 in module UNIT_MEM.
Marked 1 switch rules as full_case in process $proc$/home/Ven/vscode/VRAI/VRAI-VERILOG/unit/bit/UNIT_BIT.v:50$132 in module UNIT_BIT.
Removed a total of 1 dead cases.

17.3. Executing PROC_PRUNE pass (remove redundant assignments in processes).
Removed 1 redundant assignment.
Promoted 41 assignments to connections.

17.4. Executing PROC_INIT pass (extract init attributes).

17.5. Executing PROC_ARST pass (detect async resets in processes).

17.6. Executing PROC_ROM pass (convert switches to ROMs).
Converted 0 switches.
<suppressed ~20 debug messages>

17.7. Executing PROC_MUX pass (convert decision trees to multiplexers).
Creating decoders for process `\VRAI_SYNC_CORE.$proc$/home/Ven/vscode/VRAI/VRAI-VERILOG/VRAI_CORE-sync_mem.v:481$80'.
     1/43: $3$memwr$\REG_FILE$/home/Ven/vscode/VRAI/VRAI-VERILOG/VRAI_CORE-sync_mem.v:565$18_EN[15:0]$127
     2/43: $3$memwr$\REG_FILE$/home/Ven/vscode/VRAI/VRAI-VERILOG/VRAI_CORE-sync_mem.v:565$18_DATA[15:0]$126
     3/43: $3$memwr$\REG_FILE$/home/Ven/vscode/VRAI/VRAI-VERILOG/VRAI_CORE-sync_mem.v:565$18_ADDR[3:0]$125
     4/43: $2$memwr$\REG_FILE$/home/Ven/vscode/VRAI/VRAI-VERILOG/VRAI_CORE-sync_mem.v:565$18_EN[15:0]$121
     5/43: $2$memwr$\REG_FILE$/home/Ven/vscode/VRAI/VRAI-VERILOG/VRAI_CORE-sync_mem.v:565$18_DATA[15:0]$120
     6/43: $2$memwr$\REG_FILE$/home/Ven/vscode/VRAI/VRAI-VERILOG/VRAI_CORE-sync_mem.v:565$18_ADDR[3:0]$119
     7/43: $0\STATE[2:0]
     8/43: $1\i[31:0]
     9/43: $1$memwr$\REG_FILE$/home/Ven/vscode/VRAI/VRAI-VERILOG/VRAI_CORE-sync_mem.v:485$17_EN[15:0]$115
    10/43: $1$memwr$\REG_FILE$/home/Ven/vscode/VRAI/VRAI-VERILOG/VRAI_CORE-sync_mem.v:485$16_EN[15:0]$114
    11/43: $1$memwr$\REG_FILE$/home/Ven/vscode/VRAI/VRAI-VERILOG/VRAI_CORE-sync_mem.v:485$15_EN[15:0]$113
    12/43: $1$memwr$\REG_FILE$/home/Ven/vscode/VRAI/VRAI-VERILOG/VRAI_CORE-sync_mem.v:485$14_EN[15:0]$112
    13/43: $1$memwr$\REG_FILE$/home/Ven/vscode/VRAI/VRAI-VERILOG/VRAI_CORE-sync_mem.v:485$13_EN[15:0]$111
    14/43: $1$memwr$\REG_FILE$/home/Ven/vscode/VRAI/VRAI-VERILOG/VRAI_CORE-sync_mem.v:485$12_EN[15:0]$110
    15/43: $1$memwr$\REG_FILE$/home/Ven/vscode/VRAI/VRAI-VERILOG/VRAI_CORE-sync_mem.v:485$11_EN[15:0]$109
    16/43: $1$memwr$\REG_FILE$/home/Ven/vscode/VRAI/VRAI-VERILOG/VRAI_CORE-sync_mem.v:485$10_EN[15:0]$108
    17/43: $1$memwr$\REG_FILE$/home/Ven/vscode/VRAI/VRAI-VERILOG/VRAI_CORE-sync_mem.v:485$9_EN[15:0]$107
    18/43: $1$memwr$\REG_FILE$/home/Ven/vscode/VRAI/VRAI-VERILOG/VRAI_CORE-sync_mem.v:485$8_EN[15:0]$106
    19/43: $1$memwr$\REG_FILE$/home/Ven/vscode/VRAI/VRAI-VERILOG/VRAI_CORE-sync_mem.v:485$7_EN[15:0]$105
    20/43: $1$memwr$\REG_FILE$/home/Ven/vscode/VRAI/VRAI-VERILOG/VRAI_CORE-sync_mem.v:485$6_EN[15:0]$104
    21/43: $1$memwr$\REG_FILE$/home/Ven/vscode/VRAI/VRAI-VERILOG/VRAI_CORE-sync_mem.v:485$5_EN[15:0]$103
    22/43: $1$memwr$\REG_FILE$/home/Ven/vscode/VRAI/VRAI-VERILOG/VRAI_CORE-sync_mem.v:485$4_EN[15:0]$102
    23/43: $1$memwr$\REG_FILE$/home/Ven/vscode/VRAI/VRAI-VERILOG/VRAI_CORE-sync_mem.v:485$3_EN[15:0]$101
    24/43: $1$memwr$\REG_FILE$/home/Ven/vscode/VRAI/VRAI-VERILOG/VRAI_CORE-sync_mem.v:485$2_EN[15:0]$100
    25/43: $1$memwr$\REG_FILE$/home/Ven/vscode/VRAI/VRAI-VERILOG/VRAI_CORE-sync_mem.v:565$18_EN[15:0]$118
    26/43: $1$memwr$\REG_FILE$/home/Ven/vscode/VRAI/VRAI-VERILOG/VRAI_CORE-sync_mem.v:565$18_DATA[15:0]$117
    27/43: $1$memwr$\REG_FILE$/home/Ven/vscode/VRAI/VRAI-VERILOG/VRAI_CORE-sync_mem.v:565$18_ADDR[3:0]$116
    28/43: $0\HALT_EX[0:0]
    29/43: $0\RESULT_BIT_EN[0:0]
    30/43: $0\RESULT_MEM_EN[0:0]
    31/43: $0\RESULT_ALU_EN[0:0]
    32/43: $0\RESULT_SYS_EN[0:0]
    33/43: $0\LOAD[0:0]
    34/43: $0\JMP_DEST[15:0]
    35/43: $0\RESULT_MEM[15:0]
    36/43: $0\RESULT_BIT[15:0]
    37/43: $0\RESULT_ALU[15:0]
    38/43: $0\RESULT_SYS[15:0]
    39/43: $0\REG_DEST[3:0]
    40/43: $0\JMP_STREAM_COUNT[0:0]
    41/43: $0\STREAM_WRITE_DEST[0:0]
    42/43: $0\INSTR[31:0]
    43/43: $0\STALL_EX[0:0]
Creating decoders for process `\UNIT_DECODER.$proc$/home/Ven/vscode/VRAI/VRAI-VERILOG/decode/UNIT_DECODER.v:20$204'.
     1/6: $1\UNIT_SYS_EN[0:0]
     2/6: $1\UNIT_INVALID[0:0]
     3/6: $1\UNIT_BIT_EN[0:0]
     4/6: $1\UNIT_JMP_EN[0:0]
     5/6: $1\UNIT_MEM_EN[0:0]
     6/6: $1\UNIT_ALU_EN[0:0]
Creating decoders for process `\COUNTER.$proc$/home/Ven/vscode/VRAI/VRAI-VERILOG/COUNTER.v:14$196'.
     1/1: $0\COUNT[15:0]
Creating decoders for process `\SYS_CATEGORY_DECODER.$proc$/home/Ven/vscode/VRAI/VRAI-VERILOG/unit/sys/UNIT_SYS.v:15$195'.
     1/6: $2\SYS_EX_CTRL[0:0]
     2/6: $2\SYS_INVALID[0:0]
     3/6: $2\SYS_ACCESS[0:0]
     4/6: $1\SYS_INVALID[0:0]
     5/6: $1\SYS_ACCESS[0:0]
     6/6: $1\SYS_EX_CTRL[0:0]
Creating decoders for process `\SYS_EX_CTRL_DECODER.$proc$/home/Ven/vscode/VRAI/VRAI-VERILOG/unit/sys/UNIT_SYS.v:44$194'.
     1/6: $2\SYS_NOP[0:0]
     2/6: $2\SYS_EX_CTRL_INVALID[0:0]
     3/6: $2\SYS_HALT[0:0]
     4/6: $1\SYS_EX_CTRL_INVALID[0:0]
     5/6: $1\SYS_HALT[0:0]
     6/6: $1\SYS_NOP[0:0]
Creating decoders for process `\SYS_ACCESS_DECODER.$proc$/home/Ven/vscode/VRAI/VRAI-VERILOG/unit/sys/UNIT_SYS.v:70$193'.
     1/4: $2\SYS_COUNT[0:0]
     2/4: $2\SYS_ACCESS_INVALID[0:0]
     3/4: $1\SYS_ACCESS_INVALID[0:0]
     4/4: $1\SYS_COUNT[0:0]
Creating decoders for process `\UNIT_ALU.$proc$/home/Ven/vscode/VRAI/VRAI-VERILOG/unit/alu/UNIT_ALU.v:30$170'.
     1/4: $1\RESULT[15:0] [15:3]
     2/4: $1\RESULT[15:0] [2]
     3/4: $1\RESULT[15:0] [0]
     4/4: $1\RESULT[15:0] [1]
Creating decoders for process `\UNIT_MEM.$proc$/home/Ven/vscode/VRAI/VRAI-VERILOG/unit/mem/UNIT_MEM.v:278$161'.
     1/5: $1\STRH[0:0]
     2/5: $1\INVALID[0:0]
     3/5: $1\LDW[0:0]
     4/5: $1\LDH[0:0]
     5/5: $1\STRW[0:0]
Creating decoders for process `\UNIT_BIT.$proc$/home/Ven/vscode/VRAI/VRAI-VERILOG/unit/bit/UNIT_BIT.v:50$132'.
     1/2: $1\RESULT[15:0] [15:5]
     2/2: $1\RESULT[15:0] [4:0]

17.8. Executing PROC_DLATCH pass (convert process syncs to latches).
No latch inferred for signal `\UNIT_DECODER.\UNIT_SYS_EN' from process `\UNIT_DECODER.$proc$/home/Ven/vscode/VRAI/VRAI-VERILOG/decode/UNIT_DECODER.v:20$204'.
No latch inferred for signal `\UNIT_DECODER.\UNIT_ALU_EN' from process `\UNIT_DECODER.$proc$/home/Ven/vscode/VRAI/VRAI-VERILOG/decode/UNIT_DECODER.v:20$204'.
No latch inferred for signal `\UNIT_DECODER.\UNIT_MEM_EN' from process `\UNIT_DECODER.$proc$/home/Ven/vscode/VRAI/VRAI-VERILOG/decode/UNIT_DECODER.v:20$204'.
No latch inferred for signal `\UNIT_DECODER.\UNIT_JMP_EN' from process `\UNIT_DECODER.$proc$/home/Ven/vscode/VRAI/VRAI-VERILOG/decode/UNIT_DECODER.v:20$204'.
No latch inferred for signal `\UNIT_DECODER.\UNIT_BIT_EN' from process `\UNIT_DECODER.$proc$/home/Ven/vscode/VRAI/VRAI-VERILOG/decode/UNIT_DECODER.v:20$204'.
No latch inferred for signal `\UNIT_DECODER.\UNIT_INVALID' from process `\UNIT_DECODER.$proc$/home/Ven/vscode/VRAI/VRAI-VERILOG/decode/UNIT_DECODER.v:20$204'.
No latch inferred for signal `\SYS_CATEGORY_DECODER.\SYS_EX_CTRL' from process `\SYS_CATEGORY_DECODER.$proc$/home/Ven/vscode/VRAI/VRAI-VERILOG/unit/sys/UNIT_SYS.v:15$195'.
No latch inferred for signal `\SYS_CATEGORY_DECODER.\SYS_ACCESS' from process `\SYS_CATEGORY_DECODER.$proc$/home/Ven/vscode/VRAI/VRAI-VERILOG/unit/sys/UNIT_SYS.v:15$195'.
No latch inferred for signal `\SYS_CATEGORY_DECODER.\SYS_INVALID' from process `\SYS_CATEGORY_DECODER.$proc$/home/Ven/vscode/VRAI/VRAI-VERILOG/unit/sys/UNIT_SYS.v:15$195'.
No latch inferred for signal `\SYS_EX_CTRL_DECODER.\SYS_NOP' from process `\SYS_EX_CTRL_DECODER.$proc$/home/Ven/vscode/VRAI/VRAI-VERILOG/unit/sys/UNIT_SYS.v:44$194'.
No latch inferred for signal `\SYS_EX_CTRL_DECODER.\SYS_HALT' from process `\SYS_EX_CTRL_DECODER.$proc$/home/Ven/vscode/VRAI/VRAI-VERILOG/unit/sys/UNIT_SYS.v:44$194'.
No latch inferred for signal `\SYS_EX_CTRL_DECODER.\SYS_EX_CTRL_INVALID' from process `\SYS_EX_CTRL_DECODER.$proc$/home/Ven/vscode/VRAI/VRAI-VERILOG/unit/sys/UNIT_SYS.v:44$194'.
No latch inferred for signal `\SYS_ACCESS_DECODER.\SYS_COUNT' from process `\SYS_ACCESS_DECODER.$proc$/home/Ven/vscode/VRAI/VRAI-VERILOG/unit/sys/UNIT_SYS.v:70$193'.
No latch inferred for signal `\SYS_ACCESS_DECODER.\SYS_ACCESS_INVALID' from process `\SYS_ACCESS_DECODER.$proc$/home/Ven/vscode/VRAI/VRAI-VERILOG/unit/sys/UNIT_SYS.v:70$193'.
No latch inferred for signal `\UNIT_ALU.\RESULT' from process `\UNIT_ALU.$proc$/home/Ven/vscode/VRAI/VRAI-VERILOG/unit/alu/UNIT_ALU.v:30$170'.
No latch inferred for signal `\UNIT_MEM.\STRH' from process `\UNIT_MEM.$proc$/home/Ven/vscode/VRAI/VRAI-VERILOG/unit/mem/UNIT_MEM.v:278$161'.
No latch inferred for signal `\UNIT_MEM.\STRW' from process `\UNIT_MEM.$proc$/home/Ven/vscode/VRAI/VRAI-VERILOG/unit/mem/UNIT_MEM.v:278$161'.
No latch inferred for signal `\UNIT_MEM.\LDH' from process `\UNIT_MEM.$proc$/home/Ven/vscode/VRAI/VRAI-VERILOG/unit/mem/UNIT_MEM.v:278$161'.
No latch inferred for signal `\UNIT_MEM.\LDW' from process `\UNIT_MEM.$proc$/home/Ven/vscode/VRAI/VRAI-VERILOG/unit/mem/UNIT_MEM.v:278$161'.
No latch inferred for signal `\UNIT_MEM.\INVALID' from process `\UNIT_MEM.$proc$/home/Ven/vscode/VRAI/VRAI-VERILOG/unit/mem/UNIT_MEM.v:278$161'.
No latch inferred for signal `\UNIT_BIT.\RESULT' from process `\UNIT_BIT.$proc$/home/Ven/vscode/VRAI/VRAI-VERILOG/unit/bit/UNIT_BIT.v:50$132'.

17.9. Executing PROC_DFF pass (convert process syncs to FFs).
Creating register for signal `\VRAI_SYNC_CORE.\i' using process `\VRAI_SYNC_CORE.$proc$/home/Ven/vscode/VRAI/VRAI-VERILOG/VRAI_CORE-sync_mem.v:481$80'.
  created $dff cell `$procdff$888' with positive edge clock.
Creating register for signal `\VRAI_SYNC_CORE.\STALL_EX' using process `\VRAI_SYNC_CORE.$proc$/home/Ven/vscode/VRAI/VRAI-VERILOG/VRAI_CORE-sync_mem.v:481$80'.
  created $dff cell `$procdff$889' with positive edge clock.
Creating register for signal `\VRAI_SYNC_CORE.\INSTR' using process `\VRAI_SYNC_CORE.$proc$/home/Ven/vscode/VRAI/VRAI-VERILOG/VRAI_CORE-sync_mem.v:481$80'.
  created $dff cell `$procdff$890' with positive edge clock.
Creating register for signal `\VRAI_SYNC_CORE.\STREAM_WRITE_DEST' using process `\VRAI_SYNC_CORE.$proc$/home/Ven/vscode/VRAI/VRAI-VERILOG/VRAI_CORE-sync_mem.v:481$80'.
  created $dff cell `$procdff$891' with positive edge clock.
Creating register for signal `\VRAI_SYNC_CORE.\JMP_STREAM_COUNT' using process `\VRAI_SYNC_CORE.$proc$/home/Ven/vscode/VRAI/VRAI-VERILOG/VRAI_CORE-sync_mem.v:481$80'.
  created $dff cell `$procdff$892' with positive edge clock.
Creating register for signal `\VRAI_SYNC_CORE.\REG_DEST' using process `\VRAI_SYNC_CORE.$proc$/home/Ven/vscode/VRAI/VRAI-VERILOG/VRAI_CORE-sync_mem.v:481$80'.
  created $dff cell `$procdff$893' with positive edge clock.
Creating register for signal `\VRAI_SYNC_CORE.\RESULT_SYS' using process `\VRAI_SYNC_CORE.$proc$/home/Ven/vscode/VRAI/VRAI-VERILOG/VRAI_CORE-sync_mem.v:481$80'.
  created $dff cell `$procdff$894' with positive edge clock.
Creating register for signal `\VRAI_SYNC_CORE.\RESULT_ALU' using process `\VRAI_SYNC_CORE.$proc$/home/Ven/vscode/VRAI/VRAI-VERILOG/VRAI_CORE-sync_mem.v:481$80'.
  created $dff cell `$procdff$895' with positive edge clock.
Creating register for signal `\VRAI_SYNC_CORE.\RESULT_BIT' using process `\VRAI_SYNC_CORE.$proc$/home/Ven/vscode/VRAI/VRAI-VERILOG/VRAI_CORE-sync_mem.v:481$80'.
  created $dff cell `$procdff$896' with positive edge clock.
Creating register for signal `\VRAI_SYNC_CORE.\RESULT_MEM' using process `\VRAI_SYNC_CORE.$proc$/home/Ven/vscode/VRAI/VRAI-VERILOG/VRAI_CORE-sync_mem.v:481$80'.
  created $dff cell `$procdff$897' with positive edge clock.
Creating register for signal `\VRAI_SYNC_CORE.\JMP_DEST' using process `\VRAI_SYNC_CORE.$proc$/home/Ven/vscode/VRAI/VRAI-VERILOG/VRAI_CORE-sync_mem.v:481$80'.
  created $dff cell `$procdff$898' with positive edge clock.
Creating register for signal `\VRAI_SYNC_CORE.\LOAD' using process `\VRAI_SYNC_CORE.$proc$/home/Ven/vscode/VRAI/VRAI-VERILOG/VRAI_CORE-sync_mem.v:481$80'.
  created $dff cell `$procdff$899' with positive edge clock.
Creating register for signal `\VRAI_SYNC_CORE.\RESULT_SYS_EN' using process `\VRAI_SYNC_CORE.$proc$/home/Ven/vscode/VRAI/VRAI-VERILOG/VRAI_CORE-sync_mem.v:481$80'.
  created $dff cell `$procdff$900' with positive edge clock.
Creating register for signal `\VRAI_SYNC_CORE.\RESULT_ALU_EN' using process `\VRAI_SYNC_CORE.$proc$/home/Ven/vscode/VRAI/VRAI-VERILOG/VRAI_CORE-sync_mem.v:481$80'.
  created $dff cell `$procdff$901' with positive edge clock.
Creating register for signal `\VRAI_SYNC_CORE.\RESULT_MEM_EN' using process `\VRAI_SYNC_CORE.$proc$/home/Ven/vscode/VRAI/VRAI-VERILOG/VRAI_CORE-sync_mem.v:481$80'.
  created $dff cell `$procdff$902' with positive edge clock.
Creating register for signal `\VRAI_SYNC_CORE.\RESULT_BIT_EN' using process `\VRAI_SYNC_CORE.$proc$/home/Ven/vscode/VRAI/VRAI-VERILOG/VRAI_CORE-sync_mem.v:481$80'.
  created $dff cell `$procdff$903' with positive edge clock.
Creating register for signal `\VRAI_SYNC_CORE.\HALT_EX' using process `\VRAI_SYNC_CORE.$proc$/home/Ven/vscode/VRAI/VRAI-VERILOG/VRAI_CORE-sync_mem.v:481$80'.
  created $dff cell `$procdff$904' with positive edge clock.
Creating register for signal `\VRAI_SYNC_CORE.\STATE' using process `\VRAI_SYNC_CORE.$proc$/home/Ven/vscode/VRAI/VRAI-VERILOG/VRAI_CORE-sync_mem.v:481$80'.
  created $dff cell `$procdff$905' with positive edge clock.
Creating register for signal `\VRAI_SYNC_CORE.$memwr$\REG_FILE$/home/Ven/vscode/VRAI/VRAI-VERILOG/VRAI_CORE-sync_mem.v:485$2_EN' using process `\VRAI_SYNC_CORE.$proc$/home/Ven/vscode/VRAI/VRAI-VERILOG/VRAI_CORE-sync_mem.v:481$80'.
  created $dff cell `$procdff$906' with positive edge clock.
Creating register for signal `\VRAI_SYNC_CORE.$memwr$\REG_FILE$/home/Ven/vscode/VRAI/VRAI-VERILOG/VRAI_CORE-sync_mem.v:485$3_EN' using process `\VRAI_SYNC_CORE.$proc$/home/Ven/vscode/VRAI/VRAI-VERILOG/VRAI_CORE-sync_mem.v:481$80'.
  created $dff cell `$procdff$907' with positive edge clock.
Creating register for signal `\VRAI_SYNC_CORE.$memwr$\REG_FILE$/home/Ven/vscode/VRAI/VRAI-VERILOG/VRAI_CORE-sync_mem.v:485$4_EN' using process `\VRAI_SYNC_CORE.$proc$/home/Ven/vscode/VRAI/VRAI-VERILOG/VRAI_CORE-sync_mem.v:481$80'.
  created $dff cell `$procdff$908' with positive edge clock.
Creating register for signal `\VRAI_SYNC_CORE.$memwr$\REG_FILE$/home/Ven/vscode/VRAI/VRAI-VERILOG/VRAI_CORE-sync_mem.v:485$5_EN' using process `\VRAI_SYNC_CORE.$proc$/home/Ven/vscode/VRAI/VRAI-VERILOG/VRAI_CORE-sync_mem.v:481$80'.
  created $dff cell `$procdff$909' with positive edge clock.
Creating register for signal `\VRAI_SYNC_CORE.$memwr$\REG_FILE$/home/Ven/vscode/VRAI/VRAI-VERILOG/VRAI_CORE-sync_mem.v:485$6_EN' using process `\VRAI_SYNC_CORE.$proc$/home/Ven/vscode/VRAI/VRAI-VERILOG/VRAI_CORE-sync_mem.v:481$80'.
  created $dff cell `$procdff$910' with positive edge clock.
Creating register for signal `\VRAI_SYNC_CORE.$memwr$\REG_FILE$/home/Ven/vscode/VRAI/VRAI-VERILOG/VRAI_CORE-sync_mem.v:485$7_EN' using process `\VRAI_SYNC_CORE.$proc$/home/Ven/vscode/VRAI/VRAI-VERILOG/VRAI_CORE-sync_mem.v:481$80'.
  created $dff cell `$procdff$911' with positive edge clock.
Creating register for signal `\VRAI_SYNC_CORE.$memwr$\REG_FILE$/home/Ven/vscode/VRAI/VRAI-VERILOG/VRAI_CORE-sync_mem.v:485$8_EN' using process `\VRAI_SYNC_CORE.$proc$/home/Ven/vscode/VRAI/VRAI-VERILOG/VRAI_CORE-sync_mem.v:481$80'.
  created $dff cell `$procdff$912' with positive edge clock.
Creating register for signal `\VRAI_SYNC_CORE.$memwr$\REG_FILE$/home/Ven/vscode/VRAI/VRAI-VERILOG/VRAI_CORE-sync_mem.v:485$9_EN' using process `\VRAI_SYNC_CORE.$proc$/home/Ven/vscode/VRAI/VRAI-VERILOG/VRAI_CORE-sync_mem.v:481$80'.
  created $dff cell `$procdff$913' with positive edge clock.
Creating register for signal `\VRAI_SYNC_CORE.$memwr$\REG_FILE$/home/Ven/vscode/VRAI/VRAI-VERILOG/VRAI_CORE-sync_mem.v:485$10_EN' using process `\VRAI_SYNC_CORE.$proc$/home/Ven/vscode/VRAI/VRAI-VERILOG/VRAI_CORE-sync_mem.v:481$80'.
  created $dff cell `$procdff$914' with positive edge clock.
Creating register for signal `\VRAI_SYNC_CORE.$memwr$\REG_FILE$/home/Ven/vscode/VRAI/VRAI-VERILOG/VRAI_CORE-sync_mem.v:485$11_EN' using process `\VRAI_SYNC_CORE.$proc$/home/Ven/vscode/VRAI/VRAI-VERILOG/VRAI_CORE-sync_mem.v:481$80'.
  created $dff cell `$procdff$915' with positive edge clock.
Creating register for signal `\VRAI_SYNC_CORE.$memwr$\REG_FILE$/home/Ven/vscode/VRAI/VRAI-VERILOG/VRAI_CORE-sync_mem.v:485$12_EN' using process `\VRAI_SYNC_CORE.$proc$/home/Ven/vscode/VRAI/VRAI-VERILOG/VRAI_CORE-sync_mem.v:481$80'.
  created $dff cell `$procdff$916' with positive edge clock.
Creating register for signal `\VRAI_SYNC_CORE.$memwr$\REG_FILE$/home/Ven/vscode/VRAI/VRAI-VERILOG/VRAI_CORE-sync_mem.v:485$13_EN' using process `\VRAI_SYNC_CORE.$proc$/home/Ven/vscode/VRAI/VRAI-VERILOG/VRAI_CORE-sync_mem.v:481$80'.
  created $dff cell `$procdff$917' with positive edge clock.
Creating register for signal `\VRAI_SYNC_CORE.$memwr$\REG_FILE$/home/Ven/vscode/VRAI/VRAI-VERILOG/VRAI_CORE-sync_mem.v:485$14_EN' using process `\VRAI_SYNC_CORE.$proc$/home/Ven/vscode/VRAI/VRAI-VERILOG/VRAI_CORE-sync_mem.v:481$80'.
  created $dff cell `$procdff$918' with positive edge clock.
Creating register for signal `\VRAI_SYNC_CORE.$memwr$\REG_FILE$/home/Ven/vscode/VRAI/VRAI-VERILOG/VRAI_CORE-sync_mem.v:485$15_EN' using process `\VRAI_SYNC_CORE.$proc$/home/Ven/vscode/VRAI/VRAI-VERILOG/VRAI_CORE-sync_mem.v:481$80'.
  created $dff cell `$procdff$919' with positive edge clock.
Creating register for signal `\VRAI_SYNC_CORE.$memwr$\REG_FILE$/home/Ven/vscode/VRAI/VRAI-VERILOG/VRAI_CORE-sync_mem.v:485$16_EN' using process `\VRAI_SYNC_CORE.$proc$/home/Ven/vscode/VRAI/VRAI-VERILOG/VRAI_CORE-sync_mem.v:481$80'.
  created $dff cell `$procdff$920' with positive edge clock.
Creating register for signal `\VRAI_SYNC_CORE.$memwr$\REG_FILE$/home/Ven/vscode/VRAI/VRAI-VERILOG/VRAI_CORE-sync_mem.v:485$17_EN' using process `\VRAI_SYNC_CORE.$proc$/home/Ven/vscode/VRAI/VRAI-VERILOG/VRAI_CORE-sync_mem.v:481$80'.
  created $dff cell `$procdff$921' with positive edge clock.
Creating register for signal `\VRAI_SYNC_CORE.$memwr$\REG_FILE$/home/Ven/vscode/VRAI/VRAI-VERILOG/VRAI_CORE-sync_mem.v:565$18_ADDR' using process `\VRAI_SYNC_CORE.$proc$/home/Ven/vscode/VRAI/VRAI-VERILOG/VRAI_CORE-sync_mem.v:481$80'.
  created $dff cell `$procdff$922' with positive edge clock.
Creating register for signal `\VRAI_SYNC_CORE.$memwr$\REG_FILE$/home/Ven/vscode/VRAI/VRAI-VERILOG/VRAI_CORE-sync_mem.v:565$18_DATA' using process `\VRAI_SYNC_CORE.$proc$/home/Ven/vscode/VRAI/VRAI-VERILOG/VRAI_CORE-sync_mem.v:481$80'.
  created $dff cell `$procdff$923' with positive edge clock.
Creating register for signal `\VRAI_SYNC_CORE.$memwr$\REG_FILE$/home/Ven/vscode/VRAI/VRAI-VERILOG/VRAI_CORE-sync_mem.v:565$18_EN' using process `\VRAI_SYNC_CORE.$proc$/home/Ven/vscode/VRAI/VRAI-VERILOG/VRAI_CORE-sync_mem.v:481$80'.
  created $dff cell `$procdff$924' with positive edge clock.
Creating register for signal `\COUNTER.\COUNT' using process `\COUNTER.$proc$/home/Ven/vscode/VRAI/VRAI-VERILOG/COUNTER.v:14$196'.
  created $dff cell `$procdff$925' with positive edge clock.

17.10. Executing PROC_MEMWR pass (convert process memory writes to cells).

17.11. Executing PROC_CLEAN pass (remove empty switches from decision trees).
Found and cleaned up 7 empty switches in `\VRAI_SYNC_CORE.$proc$/home/Ven/vscode/VRAI/VRAI-VERILOG/VRAI_CORE-sync_mem.v:481$80'.
Removing empty process `VRAI_SYNC_CORE.$proc$/home/Ven/vscode/VRAI/VRAI-VERILOG/VRAI_CORE-sync_mem.v:481$80'.
Found and cleaned up 1 empty switch in `\UNIT_DECODER.$proc$/home/Ven/vscode/VRAI/VRAI-VERILOG/decode/UNIT_DECODER.v:20$204'.
Removing empty process `UNIT_DECODER.$proc$/home/Ven/vscode/VRAI/VRAI-VERILOG/decode/UNIT_DECODER.v:20$204'.
Found and cleaned up 3 empty switches in `\COUNTER.$proc$/home/Ven/vscode/VRAI/VRAI-VERILOG/COUNTER.v:14$196'.
Removing empty process `COUNTER.$proc$/home/Ven/vscode/VRAI/VRAI-VERILOG/COUNTER.v:14$196'.
Found and cleaned up 2 empty switches in `\SYS_CATEGORY_DECODER.$proc$/home/Ven/vscode/VRAI/VRAI-VERILOG/unit/sys/UNIT_SYS.v:15$195'.
Removing empty process `SYS_CATEGORY_DECODER.$proc$/home/Ven/vscode/VRAI/VRAI-VERILOG/unit/sys/UNIT_SYS.v:15$195'.
Found and cleaned up 2 empty switches in `\SYS_EX_CTRL_DECODER.$proc$/home/Ven/vscode/VRAI/VRAI-VERILOG/unit/sys/UNIT_SYS.v:44$194'.
Removing empty process `SYS_EX_CTRL_DECODER.$proc$/home/Ven/vscode/VRAI/VRAI-VERILOG/unit/sys/UNIT_SYS.v:44$194'.
Found and cleaned up 2 empty switches in `\SYS_ACCESS_DECODER.$proc$/home/Ven/vscode/VRAI/VRAI-VERILOG/unit/sys/UNIT_SYS.v:70$193'.
Removing empty process `SYS_ACCESS_DECODER.$proc$/home/Ven/vscode/VRAI/VRAI-VERILOG/unit/sys/UNIT_SYS.v:70$193'.
Found and cleaned up 1 empty switch in `\UNIT_ALU.$proc$/home/Ven/vscode/VRAI/VRAI-VERILOG/unit/alu/UNIT_ALU.v:30$170'.
Removing empty process `UNIT_ALU.$proc$/home/Ven/vscode/VRAI/VRAI-VERILOG/unit/alu/UNIT_ALU.v:30$170'.
Found and cleaned up 1 empty switch in `\UNIT_MEM.$proc$/home/Ven/vscode/VRAI/VRAI-VERILOG/unit/mem/UNIT_MEM.v:278$161'.
Removing empty process `UNIT_MEM.$proc$/home/Ven/vscode/VRAI/VRAI-VERILOG/unit/mem/UNIT_MEM.v:278$161'.
Found and cleaned up 1 empty switch in `\UNIT_BIT.$proc$/home/Ven/vscode/VRAI/VRAI-VERILOG/unit/bit/UNIT_BIT.v:50$132'.
Removing empty process `UNIT_BIT.$proc$/home/Ven/vscode/VRAI/VRAI-VERILOG/unit/bit/UNIT_BIT.v:50$132'.
Cleaned up 20 empty switches.

17.12. Executing OPT_EXPR pass (perform const folding).
Optimizing module VRAI_SYNC_CORE.
<suppressed ~4 debug messages>
Optimizing module POPCNT_4.
Optimizing module CLZ_8.
Optimizing module CTZ_8.
Optimizing module CTZ_16.
Optimizing module CLZ_16.
Optimizing module POPCNT_16.
Optimizing module ADDR_CALC.
Optimizing module INSTR_DECODER.
Optimizing module UNIT_DECODER.
<suppressed ~2 debug messages>
Optimizing module UNIT_JMP.
Optimizing module COUNTER.
Optimizing module SYS_CATEGORY_DECODER.
<suppressed ~2 debug messages>
Optimizing module SYS_EX_CTRL_DECODER.
<suppressed ~2 debug messages>
Optimizing module SYS_ACCESS_DECODER.
<suppressed ~2 debug messages>
Optimizing module UNIT_ALU.
<suppressed ~4 debug messages>
Optimizing module UNIT_MEM.
Optimizing module UNIT_BIT.
<suppressed ~2 debug messages>
Optimizing module SWITCH.
Optimizing module $paramod\SWITCH\size=s32'00000000000000000000000000000100.
Optimizing module CLZ_4.
Optimizing module CLZ_2.
Optimizing module CTZ_2.
Optimizing module CTZ_4.

18. Executing FLATTEN pass (flatten design).
Deleting now unused module POPCNT_4.
Deleting now unused module CLZ_8.
Deleting now unused module CTZ_8.
Deleting now unused module CTZ_16.
Deleting now unused module CLZ_16.
Deleting now unused module POPCNT_16.
Deleting now unused module ADDR_CALC.
Deleting now unused module INSTR_DECODER.
Deleting now unused module UNIT_DECODER.
Deleting now unused module UNIT_JMP.
Deleting now unused module COUNTER.
Deleting now unused module SYS_CATEGORY_DECODER.
Deleting now unused module SYS_EX_CTRL_DECODER.
Deleting now unused module SYS_ACCESS_DECODER.
Deleting now unused module UNIT_ALU.
Deleting now unused module UNIT_MEM.
Deleting now unused module UNIT_BIT.
Deleting now unused module SWITCH.
Deleting now unused module $paramod\SWITCH\size=s32'00000000000000000000000000000100.
Deleting now unused module CLZ_4.
Deleting now unused module CLZ_2.
Deleting now unused module CTZ_2.
Deleting now unused module CTZ_4.
<suppressed ~41 debug messages>

19. Executing OPT_CLEAN pass (remove unused cells and wires).
Finding unused cells or wires in module \VRAI_SYNC_CORE..
Removed 98 unused cells and 852 unused wires.
<suppressed ~506 debug messages>
