
===========================================================================
 report_power
============================================================================
======================= nom_ff_n40C_1v95 Corner ===================================

Group                    Internal    Switching      Leakage        Total
                            Power        Power        Power        Power (Watts)
------------------------------------------------------------------------
Sequential           7.202926e-04 2.132120e-05 8.129094e-09 7.416219e-04  37.9%
Combinational        2.497596e-04 3.723520e-04 3.769772e-08 6.221493e-04  31.8%
Clock                2.995209e-04 2.924699e-04 2.187233e-08 5.920127e-04  30.3%
Macro                0.000000e+00 0.000000e+00 0.000000e+00 0.000000e+00   0.0%
Pad                  0.000000e+00 0.000000e+00 0.000000e+00 0.000000e+00   0.0%
------------------------------------------------------------------------
Total                1.269575e-03 6.861428e-04 6.769957e-08 1.955785e-03 100.0%
                            64.9%        35.1%         0.0%

