Reading timing models for corner nom_tt_025C_1v80…
Reading timing library for the 'nom_tt_025C_1v80' corner at '/root/.ciel/ciel/sky130/versions/8afc8346a57fe1ab7934ba5a6056ea8b43078e71/sky130A/libs.ref/sky130_fd_sc_hd/lib/sky130_fd_sc_hd__tt_025C_1v80.lib'…
Reading technology LEF file at '/root/.ciel/ciel/sky130/versions/8afc8346a57fe1ab7934ba5a6056ea8b43078e71/sky130A/libs.ref/sky130_fd_sc_hd/techlef/sky130_fd_sc_hd__nom.tlef'…
[INFO ODB-0227] LEF file: /root/.ciel/ciel/sky130/versions/8afc8346a57fe1ab7934ba5a6056ea8b43078e71/sky130A/libs.ref/sky130_fd_sc_hd/techlef/sky130_fd_sc_hd__nom.tlef, created 14 layers, 25 vias
Reading cell LEF file at '/root/.ciel/ciel/sky130/versions/8afc8346a57fe1ab7934ba5a6056ea8b43078e71/sky130A/libs.ref/sky130_fd_sc_hd/lef/sky130_fd_sc_hd.lef'…
[WARNING ODB-0220] WARNING (LEFPARS-2008): NOWIREEXTENSIONATPIN statement is obsolete in version 5.6 or later.
The NOWIREEXTENSIONATPIN statement will be ignored. See file /root/.ciel/ciel/sky130/versions/8afc8346a57fe1ab7934ba5a6056ea8b43078e71/sky130A/libs.ref/sky130_fd_sc_hd/lef/sky130_fd_sc_hd.lef at line 2.

[INFO ODB-0227] LEF file: /root/.ciel/ciel/sky130/versions/8afc8346a57fe1ab7934ba5a6056ea8b43078e71/sky130A/libs.ref/sky130_fd_sc_hd/lef/sky130_fd_sc_hd.lef, created 437 library cells
Reading cell LEF file at '/root/.ciel/ciel/sky130/versions/8afc8346a57fe1ab7934ba5a6056ea8b43078e71/sky130A/libs.ref/sky130_fd_sc_hd/lef/sky130_ef_sc_hd.lef'…
[WARNING ODB-0220] WARNING (LEFPARS-2008): NOWIREEXTENSIONATPIN statement is obsolete in version 5.6 or later.
The NOWIREEXTENSIONATPIN statement will be ignored. See file /root/.ciel/ciel/sky130/versions/8afc8346a57fe1ab7934ba5a6056ea8b43078e71/sky130A/libs.ref/sky130_fd_sc_hd/lef/sky130_ef_sc_hd.lef at line 2.

[INFO ODB-0227] LEF file: /root/.ciel/ciel/sky130/versions/8afc8346a57fe1ab7934ba5a6056ea8b43078e71/sky130A/libs.ref/sky130_fd_sc_hd/lef/sky130_ef_sc_hd.lef, created 8 library cells
Reading top-level netlist at '/home/Ven/vscode/VRAI/runs/RUN_2026-07-20_10-01-13/06-yosys-synthesis/VRAI_SYNC_CORE.nl.v'…
Linking design 'VRAI_SYNC_CORE' from netlist…
Reading design constraints file at '/nix/store/bsc7517ifhyy0s2y84n52j5yvqsybbw9-python3-3.13.9-env/lib/python3.13/site-packages/librelane/scripts/base.sdc'…
[INFO] Using clock CLK…
[INFO] Setting output delay to: 5
[INFO] Setting input delay to: 5
[INFO] Setting load to: 0.033442
[INFO] Setting clock uncertainty to: 0.25
[INFO] Setting clock transition to: 0.1499999999999999944488848768742172978818416595458984375
[INFO] Setting timing derate to: 5%
Using site height: 2.72 and site width: 0.46…
[INFO] Using relative sizing for the floorplan.
+ initialize_floorplan -site unithd -utilization 50 -aspect_ratio 1 -core_space 10.88 10.88 5.5200000000000005 5.5200000000000005
[INFO IFP-0107] Defining die area using utilization: 50.00% and aspect ratio: 1.
[INFO IFP-0001] Added 94 rows of 556 site unithd.
[INFO IFP-0100] Die BBox:  (  0.000  0.000 ) ( 267.150 277.870 ) um
[INFO IFP-0101] Core BBox: (  5.520 10.880 ) ( 261.280 266.560 ) um
[INFO IFP-0102] Core area:                        65392.717 um^2
[INFO IFP-0103] Total instances area:             32796.454 um^2
[INFO IFP-0104] Effective utilization:                0.502
[INFO IFP-0105] Number of instances:                   2845
[INFO IFP-0030] Inserted 0 tiecells using sky130_fd_sc_hd__conb_1/LO.
[INFO IFP-0030] Inserted 0 tiecells using sky130_fd_sc_hd__conb_1/HI.
[INFO] Extracting DIE_AREA and CORE_AREA from the floorplan
[INFO] Floorplanned on a die area of 0.0 0.0 267.15 277.87 (µm).
[INFO] Floorplanned on a core area of 5.52 10.88 261.28 266.56 (µm).
Writing metric design__die__bbox: 0.0 0.0 267.15 277.87
Writing metric design__core__bbox: 5.52 10.88 261.28 266.56
Setting global connections for newly added cells…
[INFO] Setting global connections...
[INFO ODB-0403] 0 connections made, 0 conflicts skipped.
Updating metrics…
Cell type report:                       Count       Area
  Inverter                                 76     285.27
  Sequential cell                         397    8444.35
  Multi-Input combinational cell         2372   24066.83
  Total                                  2845   32796.45
Writing OpenROAD database to '/home/Ven/vscode/VRAI/runs/RUN_2026-07-20_10-01-13/13-openroad-floorplan/VRAI_SYNC_CORE.odb'…
Writing netlist to '/home/Ven/vscode/VRAI/runs/RUN_2026-07-20_10-01-13/13-openroad-floorplan/VRAI_SYNC_CORE.nl.v'…
Writing powered netlist to '/home/Ven/vscode/VRAI/runs/RUN_2026-07-20_10-01-13/13-openroad-floorplan/VRAI_SYNC_CORE.pnl.v'…
Writing layout to '/home/Ven/vscode/VRAI/runs/RUN_2026-07-20_10-01-13/13-openroad-floorplan/VRAI_SYNC_CORE.def'…
Writing timing constraints to '/home/Ven/vscode/VRAI/runs/RUN_2026-07-20_10-01-13/13-openroad-floorplan/VRAI_SYNC_CORE.sdc'…
