
===========================================================================
report_checks -unconstrained
===========================================================================
======================= nom_ss_100C_1v60 Corner ===================================

Startpoint: _5127_ (rising edge-triggered flip-flop clocked by CLK)
Endpoint: DEVICES_STRW (output port clocked by CLK)
Path Group: CLK
Path Type: max

Fanout         Cap        Slew       Delay        Time   Description
---------------------------------------------------------------------------------------------
                                  0.000000    0.000000   clock CLK (rise edge)
                                  0.000000    0.000000   clock source latency
     1    0.049736    0.000000    0.000000    0.000000 ^ CLK (in)
                                                         CLK (net)
                      0.002989    0.001495    0.001495 ^ clkbuf_0_CLK/A (sky130_fd_sc_hd__clkbuf_16)
     4    0.071934    0.136666    0.254615    0.256109 ^ clkbuf_0_CLK/X (sky130_fd_sc_hd__clkbuf_16)
                                                         clknet_0_CLK (net)
                      0.136888    0.003609    0.259718 ^ clkbuf_2_2__f_CLK/A (sky130_fd_sc_hd__clkbuf_16)
    12    0.108447    0.187864    0.354493    0.614211 ^ clkbuf_2_2__f_CLK/X (sky130_fd_sc_hd__clkbuf_16)
                                                         clknet_2_2__leaf_CLK (net)
                      0.187917    0.003042    0.617253 ^ clkbuf_leaf_8_CLK/A (sky130_fd_sc_hd__clkbuf_8)
    11    0.031601    0.109719    0.316170    0.933423 ^ clkbuf_leaf_8_CLK/X (sky130_fd_sc_hd__clkbuf_8)
                                                         clknet_leaf_8_CLK (net)
                      0.109728    0.001019    0.934441 ^ _5127_/CLK (sky130_fd_sc_hd__dfxtp_4)
    18    0.145436    0.643192    1.142155    2.076596 ^ _5127_/Q (sky130_fd_sc_hd__dfxtp_4)
                                                         _0008_ (net)
                      0.643201    0.003776    2.080372 ^ max_cap179/A (sky130_fd_sc_hd__buf_12)
    24    0.199510    0.361033    0.589961    2.670333 ^ max_cap179/X (sky130_fd_sc_hd__buf_12)
                                                         net179 (net)
                      0.362074    0.016141    2.686474 ^ max_cap178/A (sky130_fd_sc_hd__buf_12)
    24    0.201384    0.363332    0.499656    3.186130 ^ max_cap178/X (sky130_fd_sc_hd__buf_12)
                                                         net178 (net)
                      0.367868    0.032650    3.218780 ^ _2578_/S0 (sky130_fd_sc_hd__mux4_2)
     1    0.003969    0.151238    1.202112    4.420893 v _2578_/X (sky130_fd_sc_hd__mux4_2)
                                                         _0508_ (net)
                      0.151238    0.000156    4.421049 v _2579_/B (sky130_fd_sc_hd__or2_2)
     2    0.007635    0.136800    0.693581    5.114630 v _2579_/X (sky130_fd_sc_hd__or2_2)
                                                         _0509_ (net)
                      0.136800    0.000140    5.114769 v _2586_/A1 (sky130_fd_sc_hd__a22o_2)
     8    0.057973    0.291143    0.684783    5.799552 v _2586_/X (sky130_fd_sc_hd__a22o_2)
                                                         _0516_ (net)
                      0.291151    0.001901    5.801453 v _2587_/B (sky130_fd_sc_hd__and2_2)
     4    0.014455    0.120115    0.569795    6.371248 v _2587_/X (sky130_fd_sc_hd__and2_2)
                                                         _0517_ (net)
                      0.120115    0.000222    6.371470 v _2589_/A (sky130_fd_sc_hd__nor2_2)
     9    0.049842    0.876763    0.753722    7.125193 ^ _2589_/Y (sky130_fd_sc_hd__nor2_2)
                                                         _0519_ (net)
                      0.876769    0.001880    7.127073 ^ _2615_/A1 (sky130_fd_sc_hd__a21o_2)
     2    0.015937    0.152466    0.581018    7.708091 ^ _2615_/X (sky130_fd_sc_hd__a21o_2)
                                                         _0545_ (net)
                      0.152466    0.000562    7.708653 ^ _2621_/A1 (sky130_fd_sc_hd__a21bo_2)
     3    0.022697    0.206443    0.395744    8.104398 ^ _2621_/X (sky130_fd_sc_hd__a21bo_2)
                                                         _0551_ (net)
                      0.206444    0.000991    8.105389 ^ _2626_/A2 (sky130_fd_sc_hd__a31o_2)
     3    0.019919    0.204848    0.486179    8.591568 ^ _2626_/X (sky130_fd_sc_hd__a31o_2)
                                                         _0556_ (net)
                      0.204848    0.000842    8.592410 ^ _2631_/A1 (sky130_fd_sc_hd__a31o_2)
     4    0.044219    0.403835    0.618859    9.211268 ^ _2631_/X (sky130_fd_sc_hd__a31o_2)
                                                         _0561_ (net)
                      0.403839    0.002045    9.213314 ^ _2684_/D_N (sky130_fd_sc_hd__or4b_2)
     3    0.015311    0.307330    1.656181   10.869495 v _2684_/X (sky130_fd_sc_hd__or4b_2)
                                                         _0614_ (net)
                      0.307330    0.000682   10.870177 v _2690_/A1 (sky130_fd_sc_hd__a21o_2)
     4    0.014865    0.112359    0.508591   11.378769 v _2690_/X (sky130_fd_sc_hd__a21o_2)
                                                         _0620_ (net)
                      0.112360    0.000538   11.379307 v _2694_/A3 (sky130_fd_sc_hd__a311o_2)
     4    0.015832    0.160066    0.829332   12.208639 v _2694_/X (sky130_fd_sc_hd__a311o_2)
                                                         _0624_ (net)
                      0.160066    0.000453   12.209092 v _2696_/A2 (sky130_fd_sc_hd__a21bo_2)
     5    0.019724    0.130758    0.506109   12.715200 v _2696_/X (sky130_fd_sc_hd__a21bo_2)
                                                         _0626_ (net)
                      0.130765    0.001127   12.716328 v _2704_/C (sky130_fd_sc_hd__and3_2)
     2    0.019348    0.141911    0.556977   13.273305 v _2704_/X (sky130_fd_sc_hd__and3_2)
                                                         _0628_ (net)
                      0.141911    0.000470   13.273774 v _2705_/B (sky130_fd_sc_hd__and2_2)
     1    0.002999    0.070973    0.426629   13.700403 v _2705_/X (sky130_fd_sc_hd__and2_2)
                                                         net53 (net)
                      0.070973    0.000089   13.700492 v output53/A (sky130_fd_sc_hd__clkdlybuf4s25_1)
     1    0.051857    0.690248    0.934324   14.634815 v output53/X (sky130_fd_sc_hd__clkdlybuf4s25_1)
                                                         DEVICES_STRW (net)
                      0.690248    0.001511   14.636327 v DEVICES_STRW (out)
                                             14.636327   data arrival time

                                 26.000000   26.000000   clock CLK (rise edge)
                                  0.000000   26.000000   clock network delay (propagated)
                                  0.000000   26.000000   clock reconvergence pessimism
                                 -5.000000   20.999998   output external delay
                                             20.999998   data required time
---------------------------------------------------------------------------------------------
                                             20.999998   data required time
                                            -14.636327   data arrival time
---------------------------------------------------------------------------------------------
                                              6.363672   slack (MET)




===========================================================================
report_checks --slack_max -0.01
============================================================================
======================= nom_ss_100C_1v60 Corner ===================================

No paths found.


===========================================================================
 report_check_types -max_slew -max_cap -max_fanout -violators
============================================================================
======================= nom_ss_100C_1v60 Corner ===================================



===========================================================================
report_parasitic_annotation -report_unannotated
============================================================================
Found 33 unannotated drivers.
 clkload0/Y
 clkload1/Y
 clkload10/X
 clkload11/X
 clkload12/Y
 clkload13/X
 clkload14/X
 clkload15/X
 clkload16/X
 clkload17/X
 clkload18/X
 clkload19/X
 clkload2/Y
 clkload20/X
 clkload21/X
 clkload22/X
 clkload23/X
 clkload24/X
 clkload25/Y
 clkload26/Y
 clkload27/X
 clkload28/X
 clkload29/X
 clkload3/X
 clkload30/X
 clkload31/X
 clkload32/Y
 clkload4/X
 clkload5/Y
 clkload6/X
 clkload7/X
 clkload8/X
 clkload9/X
Found 0 partially unannotated drivers.

===========================================================================
max slew violation count 0
max fanout violation count 0
max cap violation count 0
============================================================================

===========================================================================
check_setup -verbose -unconstrained_endpoints -multiple_clock -no_clock -no_input_delay -loops -generated_clocks
===========================================================================
