Clock: CLK
Sources: CLK 
Generated: no
Virtual: yes
Propagated: no
Period: 26.000000

===========================================================================
report_clock_properties
============================================================================
Clock                   Period          Waveform
----------------------------------------------------
CLK                  26.000000    0.000000 13.000000

===========================================================================
report_clock_latency
============================================================================
Clock CLK
rise -> rise
    min     max
0.000000 0.000000 source latency
0.893825         network latency _5219_/CLK
        0.966084 network latency _4989_/CLK
---------------
0.893825 0.966084 latency
        0.072259 skew

fall -> fall
    min     max
0.000000 0.000000 source latency
0.901684         network latency _5219_/CLK
        0.956510 network latency _4989_/CLK
---------------
0.901684 0.956510 latency
        0.054826 skew



===========================================================================
report_clock_min_period
============================================================================
CLK period_min = 14.16 fmax = 70.64
