
===========================================================================
report_checks -unconstrained
===========================================================================
======================= nom_tt_025C_1v80 Corner ===================================

Startpoint: RESET (input port clocked by CLK)
Endpoint: _4922_ (rising edge-triggered flip-flop clocked by CLK)
Path Group: CLK
Path Type: max

Fanout         Cap        Slew       Delay        Time   Description
---------------------------------------------------------------------------------------------
                                  0.000000    0.000000   clock CLK (rise edge)
                                  0.000000    0.000000   clock network delay (propagated)
                                  5.000000    5.000000 ^ input external delay
     1    0.003406    0.000000    0.000000    5.000000 ^ RESET (in)
                                                         RESET (net)
                      0.000092    0.000046    5.000046 ^ input49/A (sky130_fd_sc_hd__buf_4)
    16    0.131616    0.359158    0.316956    5.317002 ^ input49/X (sky130_fd_sc_hd__buf_4)
                                                         net49 (net)
                      0.359168    0.001680    5.318682 ^ _2433_/A (sky130_fd_sc_hd__clkinv_2)
    40    0.161845    0.621201    0.582092    5.900774 v _2433_/Y (sky130_fd_sc_hd__clkinv_2)
                                                         _2323_ (net)
                      0.622066    0.019457    5.920230 v _2467_/B (sky130_fd_sc_hd__and2_2)
     5    0.043603    0.123190    0.542453    6.462683 v _2467_/X (sky130_fd_sc_hd__and2_2)
                                                         _0015_ (net)
                      0.123214    0.001728    6.464411 v _2893_/B (sky130_fd_sc_hd__nand2_2)
     5    0.016483    0.101658    0.140005    6.604416 ^ _2893_/Y (sky130_fd_sc_hd__nand2_2)
                                                         _0725_ (net)
                      0.101659    0.000601    6.605017 ^ _2985_/B (sky130_fd_sc_hd__or3b_2)
     4    0.024759    0.147192    0.207622    6.812640 ^ _2985_/X (sky130_fd_sc_hd__or3b_2)
                                                         _0769_ (net)
                      0.147193    0.000731    6.813371 ^ _2986_/B (sky130_fd_sc_hd__nor2_2)
     2    0.016716    0.061185    0.083817    6.897187 v _2986_/Y (sky130_fd_sc_hd__nor2_2)
                                                         _0770_ (net)
                      0.061190    0.000589    6.897777 v max_cap130/A (sky130_fd_sc_hd__clkbuf_8)
    16    0.094271    0.107728    0.208613    7.106390 v max_cap130/X (sky130_fd_sc_hd__clkbuf_8)
                                                         net130 (net)
                      0.107863    0.003247    7.109637 v _2987_/B (sky130_fd_sc_hd__nor2_2)
    16    0.097316    1.020266    0.789595    7.899232 ^ _2987_/Y (sky130_fd_sc_hd__nor2_2)
                                                         _0771_ (net)
                      1.020362    0.008370    7.907602 ^ _2995_/B1 (sky130_fd_sc_hd__a22o_2)
     1    0.002867    0.057015    0.264628    8.172230 ^ _2995_/X (sky130_fd_sc_hd__a22o_2)
                                                         _0074_ (net)
                      0.057015    0.000087    8.172318 ^ _4922_/D (sky130_fd_sc_hd__dfxtp_2)
                                              8.172318   data arrival time

                                 26.000000   26.000000   clock CLK (rise edge)
                                  0.000000   26.000000   clock source latency
     1    0.051287    0.000000    0.000000   26.000000 ^ CLK (in)
                                                         CLK (net)
                      0.005521    0.002760   26.002760 ^ clkbuf_0_CLK/A (sky130_fd_sc_hd__clkbuf_16)
     4    0.073772    0.091251    0.151573   26.154333 ^ clkbuf_0_CLK/X (sky130_fd_sc_hd__clkbuf_16)
                                                         clknet_0_CLK (net)
                      0.091388    0.002846   26.157179 ^ clkbuf_2_2__f_CLK/A (sky130_fd_sc_hd__clkbuf_16)
     8    0.084564    0.101042    0.190843   26.348021 ^ clkbuf_2_2__f_CLK/X (sky130_fd_sc_hd__clkbuf_16)
                                                         clknet_2_2__leaf_CLK (net)
                      0.101122    0.002577   26.350599 ^ clkbuf_leaf_37_CLK/A (sky130_fd_sc_hd__clkbuf_8)
    12    0.035450    0.074744    0.171593   26.522192 ^ clkbuf_leaf_37_CLK/X (sky130_fd_sc_hd__clkbuf_8)
                                                         clknet_leaf_37_CLK (net)
                      0.074756    0.000963   26.523153 ^ _4922_/CLK (sky130_fd_sc_hd__dfxtp_2)
                                  0.000000   26.523153   clock reconvergence pessimism
                                 -0.057274   26.465881   library setup time
                                             26.465881   data required time
---------------------------------------------------------------------------------------------
                                             26.465881   data required time
                                             -8.172318   data arrival time
---------------------------------------------------------------------------------------------
                                             18.293562   slack (MET)




===========================================================================
report_checks --slack_max -0.01
============================================================================
======================= nom_tt_025C_1v80 Corner ===================================

No paths found.


===========================================================================
 report_check_types -max_slew -max_cap -max_fanout -violators
============================================================================
======================= nom_tt_025C_1v80 Corner ===================================



===========================================================================
report_parasitic_annotation -report_unannotated
============================================================================
Found 37 unannotated drivers.
 clkload0/Y
 clkload1/Y
 clkload10/X
 clkload11/X
 clkload12/X
 clkload13/X
 clkload14/X
 clkload15/X
 clkload16/X
 clkload17/Y
 clkload18/X
 clkload19/X
 clkload2/Y
 clkload20/X
 clkload21/Y
 clkload22/Y
 clkload23/X
 clkload24/Y
 clkload25/Y
 clkload26/Y
 clkload27/X
 clkload28/X
 clkload29/Y
 clkload3/X
 clkload30/Y
 clkload31/X
 clkload32/X
 clkload33/X
 clkload34/Y
 clkload35/X
 clkload36/X
 clkload4/X
 clkload5/X
 clkload6/X
 clkload7/X
 clkload8/X
 clkload9/X
Found 0 partially unannotated drivers.

===========================================================================
max slew violation count 0
max fanout violation count 0
max cap violation count 0
============================================================================

===========================================================================
check_setup -verbose -unconstrained_endpoints -multiple_clock -no_clock -no_input_delay -loops -generated_clocks
===========================================================================
Warning: There are 58 unconstrained endpoints.
  DEVICES_LDH
  DEVICES_LDW
  DEVICES_STRH
  DEVICES_STRW
  EX_HALT
  INSTR_ADDR[0]
  INSTR_ADDR[10]
  INSTR_ADDR[11]
  INSTR_ADDR[12]
  INSTR_ADDR[13]
  INSTR_ADDR[14]
  INSTR_ADDR[15]
  INSTR_ADDR[1]
  INSTR_ADDR[2]
  INSTR_ADDR[3]
  INSTR_ADDR[4]
  INSTR_ADDR[5]
  INSTR_ADDR[6]
  INSTR_ADDR[7]
  INSTR_ADDR[8]
  INSTR_ADDR[9]
  INVALID_MEM
  MAIN_LDH
  MAIN_LDW
  MAIN_STRH
  MAIN_STRW
  MEM_ADDR[0]
  MEM_ADDR[10]
  MEM_ADDR[11]
  MEM_ADDR[12]
  MEM_ADDR[13]
  MEM_ADDR[14]
  MEM_ADDR[15]
  MEM_ADDR[1]
  MEM_ADDR[2]
  MEM_ADDR[3]
  MEM_ADDR[4]
  MEM_ADDR[5]
  MEM_ADDR[6]
  MEM_ADDR[7]
  MEM_ADDR[8]
  MEM_ADDR[9]
  MEM_STR_DATA[0]
  MEM_STR_DATA[10]
  MEM_STR_DATA[11]
  MEM_STR_DATA[12]
  MEM_STR_DATA[13]
  MEM_STR_DATA[14]
  MEM_STR_DATA[15]
  MEM_STR_DATA[1]
  MEM_STR_DATA[2]
  MEM_STR_DATA[3]
  MEM_STR_DATA[4]
  MEM_STR_DATA[5]
  MEM_STR_DATA[6]
  MEM_STR_DATA[7]
  MEM_STR_DATA[8]
  MEM_STR_DATA[9]
