Clock: CLK
Sources: CLK 
Generated: no
Virtual: yes
Propagated: no
Period: 26.000000

===========================================================================
report_clock_properties
============================================================================
Clock                   Period          Waveform
----------------------------------------------------
CLK                  26.000000    0.000000 13.000000

===========================================================================
report_clock_latency
============================================================================
Clock CLK
rise -> rise
    min     max
0.000000 0.000000 source latency
0.517194         network latency _4970_/CLK
        0.570404 network latency _4882_/CLK
---------------
0.517194 0.570404 latency
        0.053209 skew

fall -> fall
    min     max
0.000000 0.000000 source latency
0.519265         network latency _4970_/CLK
        0.557999 network latency _4882_/CLK
---------------
0.519265 0.557999 latency
        0.038734 skew



===========================================================================
report_clock_min_period
============================================================================
CLK period_min = 6.61 fmax = 151.25
