Reading timing models for corner max_ss_100C_1v60…
Reading timing library for the 'max_ss_100C_1v60' corner at '/root/.ciel/ciel/sky130/versions/8afc8346a57fe1ab7934ba5a6056ea8b43078e71/sky130A/libs.ref/sky130_fd_sc_hd/lib/sky130_fd_sc_hd__ss_100C_1v60.lib'…
Reading technology LEF file at '/root/.ciel/ciel/sky130/versions/8afc8346a57fe1ab7934ba5a6056ea8b43078e71/sky130A/libs.ref/sky130_fd_sc_hd/techlef/sky130_fd_sc_hd__max.tlef'…
[INFO ODB-0227] LEF file: /root/.ciel/ciel/sky130/versions/8afc8346a57fe1ab7934ba5a6056ea8b43078e71/sky130A/libs.ref/sky130_fd_sc_hd/techlef/sky130_fd_sc_hd__max.tlef, created 14 layers, 25 vias
Reading cell LEF file at '/root/.ciel/ciel/sky130/versions/8afc8346a57fe1ab7934ba5a6056ea8b43078e71/sky130A/libs.ref/sky130_fd_sc_hd/lef/sky130_fd_sc_hd.lef'…
[WARNING ODB-0220] WARNING (LEFPARS-2008): NOWIREEXTENSIONATPIN statement is obsolete in version 5.6 or later.
The NOWIREEXTENSIONATPIN statement will be ignored. See file /root/.ciel/ciel/sky130/versions/8afc8346a57fe1ab7934ba5a6056ea8b43078e71/sky130A/libs.ref/sky130_fd_sc_hd/lef/sky130_fd_sc_hd.lef at line 2.

[INFO ODB-0227] LEF file: /root/.ciel/ciel/sky130/versions/8afc8346a57fe1ab7934ba5a6056ea8b43078e71/sky130A/libs.ref/sky130_fd_sc_hd/lef/sky130_fd_sc_hd.lef, created 437 library cells
Reading cell LEF file at '/root/.ciel/ciel/sky130/versions/8afc8346a57fe1ab7934ba5a6056ea8b43078e71/sky130A/libs.ref/sky130_fd_sc_hd/lef/sky130_ef_sc_hd.lef'…
[WARNING ODB-0220] WARNING (LEFPARS-2008): NOWIREEXTENSIONATPIN statement is obsolete in version 5.6 or later.
The NOWIREEXTENSIONATPIN statement will be ignored. See file /root/.ciel/ciel/sky130/versions/8afc8346a57fe1ab7934ba5a6056ea8b43078e71/sky130A/libs.ref/sky130_fd_sc_hd/lef/sky130_ef_sc_hd.lef at line 2.

[INFO ODB-0227] LEF file: /root/.ciel/ciel/sky130/versions/8afc8346a57fe1ab7934ba5a6056ea8b43078e71/sky130A/libs.ref/sky130_fd_sc_hd/lef/sky130_ef_sc_hd.lef, created 8 library cells
Reading top-level netlist at '/home/Ven/vscode/VRAI/runs/RUN_2026-07-30_11-10-01/06-yosys-synthesis/VRAI_SYNC_CORE.nl.v'…
Linking design 'VRAI_SYNC_CORE' from netlist…
Reading design constraints file at '/home/Ven/vscode/VRAI/constraints/vrai_pnr.sdc'…
[INFO] No information on clock propagation in input SDC file-- propagating all clocks.
Using site height: 2.72 and site width: 0.46…
[INFO] Using relative sizing for the floorplan.
+ initialize_floorplan -site unithd -utilization 50 -aspect_ratio 1 -core_space 10.88 10.88 5.5200000000000005 5.5200000000000005
[INFO IFP-0107] Defining die area using utilization: 50.00% and aspect ratio: 1.
[INFO IFP-0001] Added 94 rows of 561 site unithd.
[INFO IFP-0100] Die BBox:  (  0.000  0.000 ) ( 269.360 280.080 ) um
[INFO IFP-0101] Core BBox: (  5.520 10.880 ) ( 263.580 266.560 ) um
[INFO IFP-0102] Core area:                        65980.781 um^2
[INFO IFP-0103] Total instances area:             33364.499 um^2
[INFO IFP-0104] Effective utilization:                0.506
[INFO IFP-0105] Number of instances:                   2866
[INFO IFP-0030] Inserted 0 tiecells using sky130_fd_sc_hd__conb_1/LO.
[INFO IFP-0030] Inserted 0 tiecells using sky130_fd_sc_hd__conb_1/HI.
[INFO] Extracting DIE_AREA and CORE_AREA from the floorplan
[INFO] Floorplanned on a die area of 0.0 0.0 269.36 280.08 (µm).
[INFO] Floorplanned on a core area of 5.52 10.88 263.58 266.56 (µm).
Writing metric design__die__bbox: 0.0 0.0 269.36 280.08
Writing metric design__core__bbox: 5.52 10.88 263.58 266.56
Setting global connections for newly added cells…
[INFO] Setting global connections...
[INFO ODB-0403] 0 connections made, 0 conflicts skipped.
Updating metrics…
Cell type report:                       Count       Area
  Inverter                                 67     251.49
  Sequential cell                         416    8848.49
  Multi-Input combinational cell         2383   24264.52
  Total                                  2866   33364.50
Writing OpenROAD database to '/home/Ven/vscode/VRAI/runs/RUN_2026-07-30_11-10-01/13-openroad-floorplan/VRAI_SYNC_CORE.odb'…
Writing netlist to '/home/Ven/vscode/VRAI/runs/RUN_2026-07-30_11-10-01/13-openroad-floorplan/VRAI_SYNC_CORE.nl.v'…
Writing powered netlist to '/home/Ven/vscode/VRAI/runs/RUN_2026-07-30_11-10-01/13-openroad-floorplan/VRAI_SYNC_CORE.pnl.v'…
Writing layout to '/home/Ven/vscode/VRAI/runs/RUN_2026-07-30_11-10-01/13-openroad-floorplan/VRAI_SYNC_CORE.def'…
Writing timing constraints to '/home/Ven/vscode/VRAI/runs/RUN_2026-07-30_11-10-01/13-openroad-floorplan/VRAI_SYNC_CORE.sdc'…
