Clock: CLK
Sources: CLK 
Generated: no
Virtual: yes
Propagated: no
Period: 26.000000

===========================================================================
report_clock_properties
============================================================================
Clock                   Period          Waveform
----------------------------------------------------
CLK                  26.000000    0.000000 13.000000

===========================================================================
report_clock_latency
============================================================================
Clock CLK
rise -> rise
    min     max
0.000000 0.000000 source latency
0.506235         network latency _4972_/CLK
        0.553467 network latency _4882_/CLK
---------------
0.506235 0.553467 latency
        0.047231 skew

fall -> fall
    min     max
0.000000 0.000000 source latency
0.510140         network latency _4972_/CLK
        0.544664 network latency _4882_/CLK
---------------
0.510140 0.544664 latency
        0.034523 skew



===========================================================================
report_clock_min_period
============================================================================
CLK period_min = 6.50 fmax = 153.92
