Clock: CLK
Sources: CLK 
Generated: no
Virtual: yes
Propagated: no
Period: 26.000000

===========================================================================
report_clock_properties
============================================================================
Clock                   Period          Waveform
----------------------------------------------------
CLK                  26.000000    0.000000 13.000000

===========================================================================
report_clock_latency
============================================================================
Clock CLK
rise -> rise
    min     max
0.000000 0.000000 source latency
0.528786         network latency _5219_/CLK
        0.588181 network latency _5037_/CLK
---------------
0.528786 0.588181 latency
        0.059395 skew

fall -> fall
    min     max
0.000000 0.000000 source latency
0.529102         network latency _5219_/CLK
        0.571143 network latency _5037_/CLK
---------------
0.529102 0.571143 latency
        0.042041 skew



===========================================================================
report_clock_min_period
============================================================================
CLK period_min = 6.90 fmax = 145.01
