
===========================================================================
report_checks -unconstrained
===========================================================================
======================= nom_tt_025C_1v80 Corner ===================================

Startpoint: _5127_ (rising edge-triggered flip-flop clocked by CLK)
Endpoint: _5210_ (rising edge-triggered flip-flop clocked by CLK)
Path Group: CLK
Path Type: max

Fanout         Cap        Slew       Delay        Time   Description
---------------------------------------------------------------------------------------------
                                  0.000000    0.000000   clock CLK (rise edge)
                                  0.000000    0.000000   clock source latency
   397    1.004501    0.000000    0.000000    0.000000 ^ CLK (in)
                                                         CLK (net)
                      0.047933    0.023967    0.023967 ^ _5127_/CLK (sky130_fd_sc_hd__dfxtp_2)
    64    0.460641    2.273929    1.870298    1.894264 ^ _5127_/Q (sky130_fd_sc_hd__dfxtp_2)
                                                         _0004_ (net)
                      2.274259    0.023065    1.917329 ^ _3622_/S0 (sky130_fd_sc_hd__mux4_2)
     1    0.003221    0.087290    0.670169    2.587498 v _3622_/X (sky130_fd_sc_hd__mux4_2)
                                                         _1127_ (net)
                      0.087290    0.000018    2.587515 v _3624_/A0 (sky130_fd_sc_hd__mux2_1)
     1    0.007592    0.079064    0.325316    2.912831 v _3624_/X (sky130_fd_sc_hd__mux2_1)
                                                         _1129_ (net)
                      0.079064    0.000177    2.913008 v _3625_/B1 (sky130_fd_sc_hd__a22o_2)
    10    0.044113    0.129148    0.320608    3.233616 v _3625_/X (sky130_fd_sc_hd__a22o_2)
                                                         _1130_ (net)
                      0.129199    0.002418    3.236034 v _3626_/A0 (sky130_fd_sc_hd__mux2_1)
    39    0.148204    0.682024    0.847695    4.083729 v _3626_/X (sky130_fd_sc_hd__mux2_1)
                                                         _1131_ (net)
                      0.682024    0.000466    4.084195 v _3634_/S (sky130_fd_sc_hd__mux2_1)
     2    0.006581    0.079165    0.561559    4.645754 v _3634_/X (sky130_fd_sc_hd__mux2_1)
                                                         _1139_ (net)
                      0.079165    0.000012    4.645766 v _3635_/A1 (sky130_fd_sc_hd__mux2_1)
     4    0.023533    0.150204    0.410755    5.056520 v _3635_/X (sky130_fd_sc_hd__mux2_1)
                                                         _1140_ (net)
                      0.150204    0.000076    5.056597 v _4108_/A (sky130_fd_sc_hd__nand2_2)
     1    0.003949    0.052822    0.091297    5.147893 ^ _4108_/Y (sky130_fd_sc_hd__nand2_2)
                                                         _1609_ (net)
                      0.052822    0.000022    5.147915 ^ _4109_/C1 (sky130_fd_sc_hd__o221a_2)
     2    0.010024    0.077323    0.197728    5.345644 ^ _4109_/X (sky130_fd_sc_hd__o221a_2)
                                                         _1610_ (net)
                      0.077323    0.000189    5.345833 ^ _4110_/D_N (sky130_fd_sc_hd__or4b_2)
     1    0.003316    0.102394    0.585597    5.931430 v _4110_/X (sky130_fd_sc_hd__or4b_2)
                                                         _1611_ (net)
                      0.102394    0.000015    5.931444 v _4111_/B1 (sky130_fd_sc_hd__a211o_2)
     1    0.008553    0.062723    0.343617    6.275061 v _4111_/X (sky130_fd_sc_hd__a211o_2)
                                                         _1612_ (net)
                      0.062778    0.000203    6.275264 v _4117_/A1 (sky130_fd_sc_hd__o32a_2)
     1    0.005392    0.060744    0.393575    6.668839 v _4117_/X (sky130_fd_sc_hd__o32a_2)
                                                         _1618_ (net)
                      0.060744    0.000051    6.668890 v _4119_/A2 (sky130_fd_sc_hd__o211a_2)
     1    0.002067    0.043603    0.232566    6.901455 v _4119_/X (sky130_fd_sc_hd__o211a_2)
                                                         _0362_ (net)
                      0.043603    0.000003    6.901459 v _5210_/D (sky130_fd_sc_hd__dfxtp_2)
                                              6.901459   data arrival time

                                 26.000000   26.000000   clock CLK (rise edge)
                                  0.000000   26.000000   clock source latency
   397    1.004501    0.000000    0.000000   26.000000 ^ CLK (in)
                                                         CLK (net)
                      0.082081    0.041041   26.041040 ^ _5210_/CLK (sky130_fd_sc_hd__dfxtp_2)
                                  0.000000   26.041040   clock reconvergence pessimism
                                 -0.103613   25.937428   library setup time
                                             25.937428   data required time
---------------------------------------------------------------------------------------------
                                             25.937428   data required time
                                             -6.901459   data arrival time
---------------------------------------------------------------------------------------------
                                             19.035969   slack (MET)




===========================================================================
report_checks --slack_max -0.01
============================================================================
======================= nom_tt_025C_1v80 Corner ===================================

No paths found.


===========================================================================
 report_check_types -max_slew -max_cap -max_fanout -violators
============================================================================
======================= nom_tt_025C_1v80 Corner ===================================

max slew

Pin                                        Limit        Slew       Slack
------------------------------------------------------------------------
_3226_/Y                                1.487616    3.115342   -1.627726 (VIOLATED)
_3228_/B                                1.500000    3.115342   -1.615342 (VIOLATED)
_3230_/A2                               1.500000    3.115342   -1.615342 (VIOLATED)
_3232_/A2                               1.500000    3.115342   -1.615342 (VIOLATED)
_3234_/A2                               1.500000    3.115342   -1.615342 (VIOLATED)
_3236_/A2                               1.500000    3.115342   -1.615342 (VIOLATED)
_3238_/A2                               1.500000    3.115342   -1.615342 (VIOLATED)
_3240_/A2                               1.500000    3.115342   -1.615342 (VIOLATED)
_3242_/A2                               1.500000    3.115342   -1.615342 (VIOLATED)
_3244_/A2                               1.500000    3.115342   -1.615342 (VIOLATED)
_3246_/A2                               1.500000    3.115342   -1.615342 (VIOLATED)
_3247_/C                                1.500000    3.115342   -1.615342 (VIOLATED)
_3251_/A2                               1.500000    3.115342   -1.615342 (VIOLATED)
_3252_/C                                1.500000    3.115342   -1.615342 (VIOLATED)
_3411_/A2                               1.500000    3.115342   -1.615342 (VIOLATED)
_3413_/A2                               1.500000    3.115342   -1.615342 (VIOLATED)
_3415_/A2                               1.500000    3.115342   -1.615342 (VIOLATED)
_3417_/A2                               1.500000    3.115342   -1.615342 (VIOLATED)
_3419_/A2                               1.500000    3.115342   -1.615342 (VIOLATED)
_3421_/A2                               1.500000    3.115342   -1.615342 (VIOLATED)
_3422_/C                                1.500000    3.115342   -1.615342 (VIOLATED)
_3426_/A2                               1.500000    3.115342   -1.615342 (VIOLATED)
_3428_/A2                               1.500000    3.115342   -1.615342 (VIOLATED)
_3429_/C                                1.500000    3.115342   -1.615342 (VIOLATED)
_3433_/A2                               1.500000    3.115342   -1.615342 (VIOLATED)
_3435_/A2                               1.500000    3.115342   -1.615342 (VIOLATED)
_3437_/A2                               1.500000    3.115342   -1.615342 (VIOLATED)
_3439_/A2                               1.500000    3.115342   -1.615342 (VIOLATED)
_3441_/A2                               1.500000    3.115342   -1.615342 (VIOLATED)
_3443_/A2                               1.500000    3.115342   -1.615342 (VIOLATED)
_3445_/A2                               1.500000    3.115342   -1.615342 (VIOLATED)
_3447_/A2                               1.500000    3.115342   -1.615342 (VIOLATED)
_3449_/A2                               1.500000    3.115342   -1.615342 (VIOLATED)
_3450_/C                                1.500000    3.115342   -1.615342 (VIOLATED)
_4855_/A2                               1.500000    3.115342   -1.615342 (VIOLATED)
_4856_/A2                               1.500000    3.115342   -1.615342 (VIOLATED)
_4857_/A2                               1.500000    3.115342   -1.615342 (VIOLATED)
_4858_/A2                               1.500000    3.115342   -1.615342 (VIOLATED)
_4859_/A2                               1.500000    3.115342   -1.615342 (VIOLATED)
_4860_/A2                               1.500000    3.115342   -1.615342 (VIOLATED)
_4861_/A2                               1.500000    3.115342   -1.615342 (VIOLATED)
_4862_/A2                               1.500000    3.115342   -1.615342 (VIOLATED)
_4863_/A2                               1.500000    3.115342   -1.615342 (VIOLATED)
_4865_/A2                               1.500000    3.115342   -1.615342 (VIOLATED)
_2711_/S0                               1.500000    2.284455   -0.784455 (VIOLATED)
_2757_/S0                               1.500000    2.284454   -0.784454 (VIOLATED)
_2738_/S0                               1.500000    2.284452   -0.784452 (VIOLATED)
_2729_/S0                               1.500000    2.284450   -0.784450 (VIOLATED)
_2753_/S0                               1.500000    2.284446   -0.784446 (VIOLATED)
_2727_/S0                               1.500000    2.284443   -0.784443 (VIOLATED)
_2713_/S0                               1.500000    2.284442   -0.784442 (VIOLATED)
_2735_/S0                               1.500000    2.284442   -0.784443 (VIOLATED)
_2758_/S0                               1.500000    2.284441   -0.784442 (VIOLATED)
_2740_/S0                               1.500000    2.284439   -0.784439 (VIOLATED)
_2708_/S0                               1.500000    2.284438   -0.784438 (VIOLATED)
_2731_/S0                               1.500000    2.284437   -0.784437 (VIOLATED)
_2755_/S0                               1.500000    2.284433   -0.784433 (VIOLATED)
_2726_/S0                               1.500000    2.284429   -0.784429 (VIOLATED)
_2709_/S0                               1.500000    2.284428   -0.784428 (VIOLATED)
_2736_/S0                               1.500000    2.284426   -0.784426 (VIOLATED)
_2747_/S0                               1.500000    2.284414   -0.784414 (VIOLATED)
_2749_/S0                               1.500000    2.284413   -0.784413 (VIOLATED)
_2744_/S0                               1.500000    2.284411   -0.784411 (VIOLATED)
_2812_/S0                               1.500000    2.284412   -0.784412 (VIOLATED)
_2811_/S0                               1.500000    2.284411   -0.784411 (VIOLATED)
_2745_/S0                               1.500000    2.284410   -0.784410 (VIOLATED)
_2809_/S0                               1.500000    2.284405   -0.784405 (VIOLATED)
_2791_/S0                               1.500000    2.284390   -0.784391 (VIOLATED)
_2789_/S0                               1.500000    2.284383   -0.784383 (VIOLATED)
_2776_/S0                               1.500000    2.284374   -0.784374 (VIOLATED)
_2807_/S0                               1.500000    2.284375   -0.784375 (VIOLATED)
_2771_/S0                               1.500000    2.284373   -0.784373 (VIOLATED)
_2772_/S0                               1.500000    2.284372   -0.784372 (VIOLATED)
_2798_/S0                               1.500000    2.284355   -0.784355 (VIOLATED)
_2799_/S0                               1.500000    2.284332   -0.784332 (VIOLATED)
_2717_/S0                               1.500000    2.284317   -0.784317 (VIOLATED)
_2718_/S0                               1.500000    2.284313   -0.784313 (VIOLATED)
_2774_/S0                               1.500000    2.284312   -0.784313 (VIOLATED)
_2801_/S0                               1.500000    2.284312   -0.784312 (VIOLATED)
_2821_/S0                               1.500000    2.284312   -0.784312 (VIOLATED)
_2819_/S0                               1.500000    2.284310   -0.784310 (VIOLATED)
_2765_/S0                               1.500000    2.284309   -0.784309 (VIOLATED)
_2793_/S0                               1.500000    2.284309   -0.784309 (VIOLATED)
_2767_/S0                               1.500000    2.284308   -0.784308 (VIOLATED)
_2794_/S0                               1.500000    2.284308   -0.784308 (VIOLATED)
_2803_/S0                               1.500000    2.284307   -0.784308 (VIOLATED)
_2848_/S0                               1.500000    2.284307   -0.784308 (VIOLATED)
_2720_/S0                               1.500000    2.284305   -0.784305 (VIOLATED)
_2722_/S0                               1.500000    2.284305   -0.784305 (VIOLATED)
_2785_/S0                               1.500000    2.284305   -0.784305 (VIOLATED)
_2829_/S0                               1.500000    2.284306   -0.784306 (VIOLATED)
_2816_/S0                               1.500000    2.284304   -0.784304 (VIOLATED)
_2817_/S0                               1.500000    2.284302   -0.784302 (VIOLATED)
_2839_/S0                               1.500000    2.284302   -0.784302 (VIOLATED)
_2762_/S0                               1.500000    2.284300   -0.784300 (VIOLATED)
_2763_/S0                               1.500000    2.284298   -0.784298 (VIOLATED)
_2781_/S0                               1.500000    2.284299   -0.784299 (VIOLATED)
_2845_/S0                               1.500000    2.284298   -0.784298 (VIOLATED)
_2783_/S0                               1.500000    2.284297   -0.784297 (VIOLATED)
_2830_/S0                               1.500000    2.284297   -0.784298 (VIOLATED)
_2847_/S0                               1.500000    2.284297   -0.784298 (VIOLATED)
_2780_/S0                               1.500000    2.284296   -0.784296 (VIOLATED)
_2837_/S0                               1.500000    2.284296   -0.784296 (VIOLATED)
_2825_/S0                               1.500000    2.284294   -0.784294 (VIOLATED)
_2843_/S0                               1.500000    2.284295   -0.784295 (VIOLATED)
_2826_/S0                               1.500000    2.284294   -0.784294 (VIOLATED)
_2834_/S0                               1.500000    2.284293   -0.784293 (VIOLATED)
_2835_/S0                               1.500000    2.284288   -0.784288 (VIOLATED)
_5131_/Q                                1.503529    2.284288   -0.780759 (VIOLATED)
_2599_/S0                               1.500000    2.276948   -0.776948 (VIOLATED)
_2543_/S0                               1.500000    2.276947   -0.776947 (VIOLATED)
_2569_/S0                               1.500000    2.276945   -0.776945 (VIOLATED)
_2538_/S0                               1.500000    2.276943   -0.776943 (VIOLATED)
_2579_/S0                               1.500000    2.276942   -0.776942 (VIOLATED)
_2600_/S0                               1.500000    2.276939   -0.776939 (VIOLATED)
_2542_/S0                               1.500000    2.276938   -0.776938 (VIOLATED)
_2568_/S0                               1.500000    2.276935   -0.776935 (VIOLATED)
_2578_/S0                               1.500000    2.276935   -0.776935 (VIOLATED)
_2574_/S0                               1.500000    2.276928   -0.776928 (VIOLATED)
_2564_/S0                               1.500000    2.276927   -0.776927 (VIOLATED)
_2595_/S0                               1.500000    2.276926   -0.776926 (VIOLATED)
_2576_/S0                               1.500000    2.276925   -0.776925 (VIOLATED)
_2597_/S0                               1.500000    2.276923   -0.776923 (VIOLATED)
_2566_/S0                               1.500000    2.276921   -0.776921 (VIOLATED)
_2540_/S0                               1.500000    2.276915   -0.776915 (VIOLATED)
_2551_/S0                               1.500000    2.276910   -0.776910 (VIOLATED)
_2550_/S0                               1.500000    2.276905   -0.776905 (VIOLATED)
_2555_/S0                               1.500000    2.276891   -0.776891 (VIOLATED)
_2554_/S0                               1.500000    2.276889   -0.776889 (VIOLATED)
_2657_/S0                               1.500000    2.276889   -0.776889 (VIOLATED)
_2653_/S0                               1.500000    2.276887   -0.776887 (VIOLATED)
_2658_/S0                               1.500000    2.276886   -0.776886 (VIOLATED)
_2654_/S0                               1.500000    2.276878   -0.776878 (VIOLATED)
_2626_/S0                               1.500000    2.276870   -0.776870 (VIOLATED)
_2625_/S0                               1.500000    2.276869   -0.776869 (VIOLATED)
_2519_/S0                               1.500000    2.276843   -0.776843 (VIOLATED)
_2629_/S0                               1.500000    2.276840   -0.776840 (VIOLATED)
_2522_/S0                               1.500000    2.276838   -0.776838 (VIOLATED)
_2517_/S0                               1.500000    2.276814   -0.776814 (VIOLATED)
_2590_/S0                               1.500000    2.276773   -0.776773 (VIOLATED)
_2591_/S0                               1.500000    2.276773   -0.776774 (VIOLATED)
_2506_/S0                               1.500000    2.276772   -0.776772 (VIOLATED)
_2504_/S0                               1.500000    2.276761   -0.776761 (VIOLATED)
_2668_/S0                               1.500000    2.276748   -0.776748 (VIOLATED)
_2666_/S0                               1.500000    2.276747   -0.776747 (VIOLATED)
_2586_/S0                               1.500000    2.276746   -0.776746 (VIOLATED)
_2587_/S0                               1.500000    2.276745   -0.776745 (VIOLATED)
_2527_/S0                               1.500000    2.276742   -0.776742 (VIOLATED)
_2528_/S0                               1.500000    2.276738   -0.776738 (VIOLATED)
_2470_/S0                               1.500000    2.276716   -0.776716 (VIOLATED)
_2484_/S0                               1.500000    2.276691   -0.776691 (VIOLATED)
_2645_/S0                               1.500000    2.276691   -0.776691 (VIOLATED)
_2640_/S0                               1.500000    2.276690   -0.776690 (VIOLATED)
_2521_/S0                               1.500000    2.276688   -0.776688 (VIOLATED)
_2630_/S0                               1.500000    2.276688   -0.776688 (VIOLATED)
_2670_/S0                               1.500000    2.276688   -0.776688 (VIOLATED)
_2671_/S0                               1.500000    2.276687   -0.776687 (VIOLATED)
_2508_/S0                               1.500000    2.276685   -0.776685 (VIOLATED)
_2509_/S0                               1.500000    2.276685   -0.776685 (VIOLATED)
_2532_/S0                               1.500000    2.276682   -0.776682 (VIOLATED)
_2494_/S0                               1.500000    2.276680   -0.776680 (VIOLATED)
_2531_/S0                               1.500000    2.276681   -0.776681 (VIOLATED)
_2473_/S0                               1.500000    2.276677   -0.776677 (VIOLATED)
_2497_/S0                               1.500000    2.276674   -0.776674 (VIOLATED)
_2472_/S0                               1.500000    2.276670   -0.776671 (VIOLATED)
_2496_/S0                               1.500000    2.276669   -0.776669 (VIOLATED)
_2644_/S0                               1.500000    2.276666   -0.776666 (VIOLATED)
_2480_/S0                               1.500000    2.276665   -0.776665 (VIOLATED)
_2485_/S0                               1.500000    2.276662   -0.776662 (VIOLATED)
_2642_/S0                               1.500000    2.276658   -0.776658 (VIOLATED)
_2468_/S0                               1.500000    2.276655   -0.776655 (VIOLATED)
_2492_/S0                               1.500000    2.276652   -0.776652 (VIOLATED)
_2482_/S0                               1.500000    2.276650   -0.776650 (VIOLATED)
_3622_/S0                               1.500000    2.274259   -0.774259 (VIOLATED)
_3814_/S0                               1.500000    2.274258   -0.774258 (VIOLATED)
_3595_/S0                               1.500000    2.274256   -0.774256 (VIOLATED)
_3604_/S0                               1.500000    2.274251   -0.774252 (VIOLATED)
_3810_/S0                               1.500000    2.274247   -0.774247 (VIOLATED)
_3601_/S0                               1.500000    2.274242   -0.774242 (VIOLATED)
_3623_/S0                               1.500000    2.274242   -0.774242 (VIOLATED)
_3590_/S0                               1.500000    2.274241   -0.774241 (VIOLATED)
_3815_/S0                               1.500000    2.274241   -0.774241 (VIOLATED)
_3594_/S0                               1.500000    2.274238   -0.774238 (VIOLATED)
_3605_/S0                               1.500000    2.274235   -0.774235 (VIOLATED)
_3618_/S0                               1.500000    2.274234   -0.774234 (VIOLATED)
_3812_/S0                               1.500000    2.274228   -0.774228 (VIOLATED)
_3600_/S0                               1.500000    2.274222   -0.774222 (VIOLATED)
_3619_/S0                               1.500000    2.274221   -0.774221 (VIOLATED)
_3592_/S0                               1.500000    2.274219   -0.774219 (VIOLATED)
_3829_/S0                               1.500000    2.274199   -0.774199 (VIOLATED)
_3834_/S0                               1.500000    2.274198   -0.774198 (VIOLATED)
_3833_/S0                               1.500000    2.274196   -0.774196 (VIOLATED)
_3709_/S0                               1.500000    2.274195   -0.774195 (VIOLATED)
_3699_/S0                               1.500000    2.274192   -0.774192 (VIOLATED)
_3710_/S0                               1.500000    2.274193   -0.774193 (VIOLATED)
_3830_/S0                               1.500000    2.274193   -0.774193 (VIOLATED)
_3698_/S0                               1.500000    2.274191   -0.774191 (VIOLATED)
_3705_/S0                               1.500000    2.274181   -0.774181 (VIOLATED)
_3707_/S0                               1.500000    2.274173   -0.774173 (VIOLATED)
_3696_/S0                               1.500000    2.274169   -0.774169 (VIOLATED)
_3694_/S0                               1.500000    2.274158   -0.774158 (VIOLATED)
_3799_/S0                               1.500000    2.274136   -0.774136 (VIOLATED)
_3797_/S0                               1.500000    2.274134   -0.774134 (VIOLATED)
_3716_/S0                               1.500000    2.274108   -0.774109 (VIOLATED)
_3718_/S0                               1.500000    2.274098   -0.774098 (VIOLATED)
_3609_/S0                               1.500000    2.274063   -0.774063 (VIOLATED)
_3611_/S0                               1.500000    2.274063   -0.774063 (VIOLATED)
_3613_/S0                               1.500000    2.274054   -0.774054 (VIOLATED)
_3614_/S0                               1.500000    2.274053   -0.774053 (VIOLATED)
_3746_/S0                               1.500000    2.274052   -0.774052 (VIOLATED)
_3795_/S0                               1.500000    2.274051   -0.774051 (VIOLATED)
_3745_/S0                               1.500000    2.274049   -0.774049 (VIOLATED)
_3782_/S0                               1.500000    2.274017   -0.774017 (VIOLATED)
_3783_/S0                               1.500000    2.274004   -0.774004 (VIOLATED)
_3720_/S0                               1.500000    2.273998   -0.773998 (VIOLATED)
_3721_/S0                               1.500000    2.273997   -0.773997 (VIOLATED)
_3800_/S0                               1.500000    2.273997   -0.773997 (VIOLATED)
_3749_/S0                               1.500000    2.273995   -0.773995 (VIOLATED)
_3750_/S0                               1.500000    2.273995   -0.773995 (VIOLATED)
_3786_/S0                               1.500000    2.273992   -0.773992 (VIOLATED)
_3787_/S0                               1.500000    2.273990   -0.773990 (VIOLATED)
_3773_/S0                               1.500000    2.273986   -0.773986 (VIOLATED)
_3687_/S0                               1.500000    2.273979   -0.773980 (VIOLATED)
_3762_/S0                               1.500000    2.273974   -0.773974 (VIOLATED)
_3685_/S0                               1.500000    2.273968   -0.773968 (VIOLATED)
_3760_/S0                               1.500000    2.273963   -0.773963 (VIOLATED)
_3771_/S0                               1.500000    2.273963   -0.773963 (VIOLATED)
_3735_/S0                               1.500000    2.273961   -0.773961 (VIOLATED)
_3688_/S0                               1.500000    2.273940   -0.773940 (VIOLATED)
_3737_/S0                               1.500000    2.273940   -0.773940 (VIOLATED)
_3738_/S0                               1.500000    2.273940   -0.773941 (VIOLATED)
_3774_/S0                               1.500000    2.273940   -0.773940 (VIOLATED)
_3763_/S0                               1.500000    2.273939   -0.773939 (VIOLATED)
_3683_/S0                               1.500000    2.273937   -0.773938 (VIOLATED)
_3769_/S0                               1.500000    2.273937   -0.773937 (VIOLATED)
_3733_/S0                               1.500000    2.273935   -0.773935 (VIOLATED)
_3758_/S0                               1.500000    2.273935   -0.773935 (VIOLATED)
_5123_/Q                                1.503529    2.276646   -0.773117 (VIOLATED)
_5127_/Q                                1.503529    2.273929   -0.770400 (VIOLATED)
_3731_/Y                                1.487616    1.718977   -0.231361 (VIOLATED)
_4703_/B2                               1.500000    1.718982   -0.218982 (VIOLATED)
_4716_/B                                1.500000    1.718982   -0.218982 (VIOLATED)
_4751_/B2                               1.500000    1.718981   -0.218981 (VIOLATED)
_4792_/B1                               1.500000    1.718980   -0.218980 (VIOLATED)
_4017_/A1                               1.500000    1.718977   -0.218977 (VIOLATED)
_4056_/A1                               1.500000    1.718977   -0.218977 (VIOLATED)
_4549_/A2                               1.500000    1.718977   -0.218977 (VIOLATED)
_4593_/B1                               1.500000    1.718977   -0.218977 (VIOLATED)
_4608_/A                                1.500000    1.718977   -0.218977 (VIOLATED)
_4647_/B1                               1.500000    1.718977   -0.218977 (VIOLATED)
_4662_/A                                1.500000    1.718977   -0.218977 (VIOLATED)
_4696_/B1                               1.500000    1.718977   -0.218977 (VIOLATED)
_4808_/A1_N                             1.500000    1.718977   -0.218977 (VIOLATED)
_4854_/A4                               1.500000    1.718977   -0.218977 (VIOLATED)
_2711_/S1                               1.500000    1.514569   -0.014569 (VIOLATED)
_2757_/S1                               1.500000    1.514568   -0.014568 (VIOLATED)
_2738_/S1                               1.500000    1.514566   -0.014566 (VIOLATED)
_2753_/S1                               1.500000    1.514565   -0.014565 (VIOLATED)
_2729_/S1                               1.500000    1.514565   -0.014565 (VIOLATED)
_2713_/S1                               1.500000    1.514562   -0.014562 (VIOLATED)
_2758_/S1                               1.500000    1.514562   -0.014562 (VIOLATED)
_2740_/S1                               1.500000    1.514560   -0.014560 (VIOLATED)
_2731_/S1                               1.500000    1.514559   -0.014559 (VIOLATED)
_2727_/S1                               1.500000    1.514558   -0.014558 (VIOLATED)
_2735_/S1                               1.500000    1.514557   -0.014557 (VIOLATED)
_2708_/S1                               1.500000    1.514556   -0.014556 (VIOLATED)
_2726_/S1                               1.500000    1.514554   -0.014554 (VIOLATED)
_2709_/S1                               1.500000    1.514554   -0.014554 (VIOLATED)
_2755_/S1                               1.500000    1.514553   -0.014553 (VIOLATED)
_2747_/S1                               1.500000    1.514553   -0.014553 (VIOLATED)
_2736_/S1                               1.500000    1.514552   -0.014552 (VIOLATED)
_2749_/S1                               1.500000    1.514552   -0.014552 (VIOLATED)
_2744_/S1                               1.500000    1.514549   -0.014549 (VIOLATED)
_2745_/S1                               1.500000    1.514545   -0.014545 (VIOLATED)
_2812_/S1                               1.500000    1.514531   -0.014531 (VIOLATED)
_2811_/S1                               1.500000    1.514530   -0.014530 (VIOLATED)
_2809_/S1                               1.500000    1.514527   -0.014527 (VIOLATED)
_2807_/S1                               1.500000    1.514502   -0.014502 (VIOLATED)
_2776_/S1                               1.500000    1.514502   -0.014502 (VIOLATED)
_2772_/S1                               1.500000    1.514499   -0.014499 (VIOLATED)
_2793_/S1                               1.500000    1.514493   -0.014493 (VIOLATED)
_2794_/S1                               1.500000    1.514492   -0.014492 (VIOLATED)
_2803_/S1                               1.500000    1.514490   -0.014490 (VIOLATED)
_2771_/S1                               1.500000    1.514485   -0.014485 (VIOLATED)
_2722_/S1                               1.500000    1.514457   -0.014458 (VIOLATED)
_2720_/S1                               1.500000    1.514457   -0.014457 (VIOLATED)
_2816_/S1                               1.500000    1.514457   -0.014457 (VIOLATED)
_2817_/S1                               1.500000    1.514449   -0.014449 (VIOLATED)
_2791_/S1                               1.500000    1.514445   -0.014445 (VIOLATED)
_2789_/S1                               1.500000    1.514444   -0.014444 (VIOLATED)
_2798_/S1                               1.500000    1.514443   -0.014443 (VIOLATED)
_2799_/S1                               1.500000    1.514443   -0.014443 (VIOLATED)
_2717_/S1                               1.500000    1.514441   -0.014441 (VIOLATED)
_2718_/S1                               1.500000    1.514440   -0.014440 (VIOLATED)
_2763_/S1                               1.500000    1.514436   -0.014437 (VIOLATED)
_2762_/S1                               1.500000    1.514436   -0.014436 (VIOLATED)
_2845_/S1                               1.500000    1.514421   -0.014421 (VIOLATED)
_2774_/S1                               1.500000    1.514421   -0.014421 (VIOLATED)
_2801_/S1                               1.500000    1.514421   -0.014421 (VIOLATED)
_2821_/S1                               1.500000    1.514420   -0.014420 (VIOLATED)
_2819_/S1                               1.500000    1.514418   -0.014418 (VIOLATED)
_2765_/S1                               1.500000    1.514417   -0.014417 (VIOLATED)
_2767_/S1                               1.500000    1.514416   -0.014416 (VIOLATED)
_2848_/S1                               1.500000    1.514415   -0.014415 (VIOLATED)
_2829_/S1                               1.500000    1.514413   -0.014413 (VIOLATED)
_2785_/S1                               1.500000    1.514413   -0.014413 (VIOLATED)
_2839_/S1                               1.500000    1.514409   -0.014409 (VIOLATED)
_2781_/S1                               1.500000    1.514405   -0.014405 (VIOLATED)
_2825_/S1                               1.500000    1.514395   -0.014395 (VIOLATED)
_2830_/S1                               1.500000    1.514383   -0.014383 (VIOLATED)
_2835_/S1                               1.500000    1.514383   -0.014383 (VIOLATED)
_2847_/S1                               1.500000    1.514383   -0.014383 (VIOLATED)
_2783_/S1                               1.500000    1.514383   -0.014383 (VIOLATED)
_2837_/S1                               1.500000    1.514383   -0.014383 (VIOLATED)
_2780_/S1                               1.500000    1.514382   -0.014382 (VIOLATED)
_2843_/S1                               1.500000    1.514382   -0.014382 (VIOLATED)
_2826_/S1                               1.500000    1.514381   -0.014381 (VIOLATED)
_2834_/S1                               1.500000    1.514381   -0.014381 (VIOLATED)
_5132_/Q                                1.503529    1.514379   -0.010850 (VIOLATED)

max capacitance

Pin                                        Limit         Cap       Slack
------------------------------------------------------------------------
_5131_/Q                                0.303049    0.463082   -0.160033 (VIOLATED)
_5123_/Q                                0.303049    0.461235   -0.158186 (VIOLATED)
_5127_/Q                                0.303049    0.460641   -0.157592 (VIOLATED)
_3226_/Y                                0.064097    0.143177   -0.079080 (VIOLATED)
_3731_/Y                                0.064097    0.076693   -0.012596 (VIOLATED)
_5132_/Q                                0.303049    0.306401   -0.003352 (VIOLATED)



===========================================================================
report_parasitic_annotation -report_unannotated
============================================================================
Found 0 unannotated drivers.
Found 0 partially unannotated drivers.

===========================================================================
max slew violation count 319
Writing metric design__max_slew_violation__count__corner:nom_tt_025C_1v80: 319
max fanout violation count 0
Writing metric design__max_fanout_violation__count__corner:nom_tt_025C_1v80: 0
max cap violation count 6
Writing metric design__max_cap_violation__count__corner:nom_tt_025C_1v80: 6
============================================================================

===========================================================================
check_setup -verbose -unconstrained_endpoints -multiple_clock -no_clock -no_input_delay -loops -generated_clocks
===========================================================================
Warning: There are 49 input ports missing set_input_delay.
  INSTR_STREAM[0]
  INSTR_STREAM[10]
  INSTR_STREAM[11]
  INSTR_STREAM[12]
  INSTR_STREAM[13]
  INSTR_STREAM[14]
  INSTR_STREAM[15]
  INSTR_STREAM[16]
  INSTR_STREAM[17]
  INSTR_STREAM[18]
  INSTR_STREAM[19]
  INSTR_STREAM[1]
  INSTR_STREAM[20]
  INSTR_STREAM[21]
  INSTR_STREAM[22]
  INSTR_STREAM[23]
  INSTR_STREAM[24]
  INSTR_STREAM[25]
  INSTR_STREAM[26]
  INSTR_STREAM[27]
  INSTR_STREAM[28]
  INSTR_STREAM[29]
  INSTR_STREAM[2]
  INSTR_STREAM[30]
  INSTR_STREAM[31]
  INSTR_STREAM[3]
  INSTR_STREAM[4]
  INSTR_STREAM[5]
  INSTR_STREAM[6]
  INSTR_STREAM[7]
  INSTR_STREAM[8]
  INSTR_STREAM[9]
  MEM_LD_DATA[0]
  MEM_LD_DATA[10]
  MEM_LD_DATA[11]
  MEM_LD_DATA[12]
  MEM_LD_DATA[13]
  MEM_LD_DATA[14]
  MEM_LD_DATA[15]
  MEM_LD_DATA[1]
  MEM_LD_DATA[2]
  MEM_LD_DATA[3]
  MEM_LD_DATA[4]
  MEM_LD_DATA[5]
  MEM_LD_DATA[6]
  MEM_LD_DATA[7]
  MEM_LD_DATA[8]
  MEM_LD_DATA[9]
  RESET
Warning: There are 58 unconstrained endpoints.
  DEVICES_LDH
  DEVICES_LDW
  DEVICES_STRH
  DEVICES_STRW
  EX_HALT
  INSTR_ADDR[0]
  INSTR_ADDR[10]
  INSTR_ADDR[11]
  INSTR_ADDR[12]
  INSTR_ADDR[13]
  INSTR_ADDR[14]
  INSTR_ADDR[15]
  INSTR_ADDR[1]
  INSTR_ADDR[2]
  INSTR_ADDR[3]
  INSTR_ADDR[4]
  INSTR_ADDR[5]
  INSTR_ADDR[6]
  INSTR_ADDR[7]
  INSTR_ADDR[8]
  INSTR_ADDR[9]
  INVALID_MEM
  MAIN_LDH
  MAIN_LDW
  MAIN_STRH
  MAIN_STRW
  MEM_ADDR[0]
  MEM_ADDR[10]
  MEM_ADDR[11]
  MEM_ADDR[12]
  MEM_ADDR[13]
  MEM_ADDR[14]
  MEM_ADDR[15]
  MEM_ADDR[1]
  MEM_ADDR[2]
  MEM_ADDR[3]
  MEM_ADDR[4]
  MEM_ADDR[5]
  MEM_ADDR[6]
  MEM_ADDR[7]
  MEM_ADDR[8]
  MEM_ADDR[9]
  MEM_STR_DATA[0]
  MEM_STR_DATA[10]
  MEM_STR_DATA[11]
  MEM_STR_DATA[12]
  MEM_STR_DATA[13]
  MEM_STR_DATA[14]
  MEM_STR_DATA[15]
  MEM_STR_DATA[1]
  MEM_STR_DATA[2]
  MEM_STR_DATA[3]
  MEM_STR_DATA[4]
  MEM_STR_DATA[5]
  MEM_STR_DATA[6]
  MEM_STR_DATA[7]
  MEM_STR_DATA[8]
  MEM_STR_DATA[9]
