Clock: CLK
Sources: CLK 
Generated: no
Virtual: yes
Propagated: no
Period: 26.000000

===========================================================================
report_clock_properties
============================================================================
Clock                   Period          Waveform
----------------------------------------------------
CLK                  26.000000    0.000000 13.000000

===========================================================================
report_clock_latency
============================================================================
Clock CLK
rise -> rise
    min     max
0.000000 0.000000 source latency
0.002996         network latency _5141_/CLK
        0.049021 network latency _5107_/CLK
---------------
0.002996 0.049021 latency
        0.046026 skew

fall -> fall
    min     max
0.000000 0.000000 source latency
0.002784         network latency _5141_/CLK
        0.045528 network latency _5107_/CLK
---------------
0.002784 0.045528 latency
        0.042744 skew



===========================================================================
report_clock_min_period
============================================================================
CLK period_min = 6.96 fmax = 143.59
