Starting…
Running 'Verilator.Lint' at '../vscode/VRAI/runs/RUN_2026-07-23_11-03-00/01-verilator-lint'…
Logging subprocess to [repr.filename]'../vscode/VRAI/runs/RUN_2026-07-23_11-03-00/01-verilator-lint/verilator-lint.log'[/repr.filename]…
Running 'Checker.LintTimingConstructs' at '../vscode/VRAI/runs/RUN_2026-07-23_11-03-00/02-checker-linttimingconstructs'…
Check for Lint Timing Errors clear.
Running 'Checker.LintErrors' at '../vscode/VRAI/runs/RUN_2026-07-23_11-03-00/03-checker-linterrors'…
Check for Lint errors clear.
Running 'Checker.LintWarnings' at '../vscode/VRAI/runs/RUN_2026-07-23_11-03-00/04-checker-lintwarnings'…
33 Lint warnings found.
Running 'Yosys.JsonHeader' at '../vscode/VRAI/runs/RUN_2026-07-23_11-03-00/05-yosys-jsonheader'…
Logging subprocess to [repr.filename]'../vscode/VRAI/runs/RUN_2026-07-23_11-03-00/05-yosys-jsonheader/yosys-jsonheader.log'[/repr.filename]…
Running 'Yosys.Synthesis' at '../vscode/VRAI/runs/RUN_2026-07-23_11-03-00/06-yosys-synthesis'…
Logging subprocess to [repr.filename]'../vscode/VRAI/runs/RUN_2026-07-23_11-03-00/06-yosys-synthesis/yosys-synthesis.log'[/repr.filename]…
Parsing synthesis checks…
Running 'Checker.YosysUnmappedCells' at '../vscode/VRAI/runs/RUN_2026-07-23_11-03-00/07-checker-yosysunmappedcells'…
Check for Unmapped Yosys instances clear.
Running 'Checker.YosysSynthChecks' at '../vscode/VRAI/runs/RUN_2026-07-23_11-03-00/08-checker-yosyssynthchecks'…
Check for Yosys check errors clear.
Running 'Checker.NetlistAssignStatements' at '../vscode/VRAI/runs/RUN_2026-07-23_11-03-00/09-checker-netlistassignstatements'…
Running 'OpenROAD.CheckSDCFiles' at '../vscode/VRAI/runs/RUN_2026-07-23_11-03-00/10-openroad-checksdcfiles'…
'SIGNOFF_SDC_FILE' is not defined. Using generic fallback SDC for OpenROAD PnR steps.
Running 'OpenROAD.CheckMacroInstances' at '../vscode/VRAI/runs/RUN_2026-07-23_11-03-00/11-openroad-checkmacroinstances'…
No macros found, skipping instance check…
Running 'OpenROAD.STAPrePNR' at '../vscode/VRAI/runs/RUN_2026-07-23_11-03-00/12-openroad-staprepnr'…
Starting STA for the nom_tt_025C_1v80 timing corner…
Starting STA for the nom_ss_100C_1v60 timing corner…
Starting STA for the nom_ff_n40C_1v95 timing corner…
Skipping corner min_tt_025C_1v80 for STA (identical to nom_tt_025C_1v80 at this stage)…
Logging subprocess to [repr.filename]'../vscode/VRAI/runs/RUN_2026-07-23_11-03-00/12-openroad-staprepnr/nom_tt_025C_1v80/sta.log'[/repr.filename]…
Skipping corner min_ss_100C_1v60 for STA (identical to nom_ss_100C_1v60 at this stage)…
Skipping corner min_ff_n40C_1v95 for STA (identical to nom_ff_n40C_1v95 at this stage)…
Skipping corner max_tt_025C_1v80 for STA (identical to nom_tt_025C_1v80 at this stage)…
Skipping corner max_ss_100C_1v60 for STA (identical to nom_ss_100C_1v60 at this stage)…
Skipping corner max_ff_n40C_1v95 for STA (identical to nom_ff_n40C_1v95 at this stage)…
Logging subprocess to [repr.filename]'../vscode/VRAI/runs/RUN_2026-07-23_11-03-00/12-openroad-staprepnr/nom_ff_n40C_1v95/sta.log'[/repr.filename]…
Logging subprocess to [repr.filename]'../vscode/VRAI/runs/RUN_2026-07-23_11-03-00/12-openroad-staprepnr/nom_ss_100C_1v60/sta.log'[/repr.filename]…
Finished STA for the nom_tt_025C_1v80 timing corner.
Finished STA for the nom_ss_100C_1v60 timing corner.
Finished STA for the nom_ff_n40C_1v95 timing corner.
Running 'OpenROAD.Floorplan' at '../vscode/VRAI/runs/RUN_2026-07-23_11-03-00/13-openroad-floorplan'…
Logging subprocess to [repr.filename]'../vscode/VRAI/runs/RUN_2026-07-23_11-03-00/13-openroad-floorplan/openroad-floorplan.log'[/repr.filename]…
Running 'OpenROAD.DumpRCValues' at '../vscode/VRAI/runs/RUN_2026-07-23_11-03-00/14-openroad-dumprcvalues'…
Logging subprocess to [repr.filename]'../vscode/VRAI/runs/RUN_2026-07-23_11-03-00/14-openroad-dumprcvalues/openroad-dumprcvalues.log'[/repr.filename]…
Running 'Odb.CheckMacroAntennaProperties' at '../vscode/VRAI/runs/RUN_2026-07-23_11-03-00/15-odb-checkmacroantennaproperties'…
No cells provided, skipping 'Odb.CheckMacroAntennaProperties'…
Running 'Odb.SetPowerConnections' at '../vscode/VRAI/runs/RUN_2026-07-23_11-03-00/16-odb-setpowerconnections'…
Logging subprocess to [repr.filename]'../vscode/VRAI/runs/RUN_2026-07-23_11-03-00/16-odb-setpowerconnections/odb-setpowerconnections.log'[/repr.filename]…
Running 'Odb.ManualMacroPlacement' at '../vscode/VRAI/runs/RUN_2026-07-23_11-03-00/17-odb-manualmacroplacement'…
No instances found, skipping 'Odb.ManualMacroPlacement'…
Running 'OpenROAD.CutRows' at '../vscode/VRAI/runs/RUN_2026-07-23_11-03-00/18-openroad-cutrows'…
Logging subprocess to [repr.filename]'../vscode/VRAI/runs/RUN_2026-07-23_11-03-00/18-openroad-cutrows/openroad-cutrows.log'[/repr.filename]…
Running 'OpenROAD.TapEndcapInsertion' at '../vscode/VRAI/runs/RUN_2026-07-23_11-03-00/19-openroad-tapendcapinsertion'…
Logging subprocess to [repr.filename]'../vscode/VRAI/runs/RUN_2026-07-23_11-03-00/19-openroad-tapendcapinsertion/openroad-tapendcapinsertion.log'[/repr.filename]…
Running 'Odb.AddPDNObstructions' at '../vscode/VRAI/runs/RUN_2026-07-23_11-03-00/20-odb-addpdnobstructions'…
'PDN_OBSTRUCTIONS' is not defined. Skipping 'Odb.AddPDNObstructions'…
Running 'OpenROAD.GeneratePDN' at '../vscode/VRAI/runs/RUN_2026-07-23_11-03-00/21-openroad-generatepdn'…
'PDN_CFG' not explicitly set, setting it to /nix/store/bsc7517ifhyy0s2y84n52j5yvqsybbw9-python3-3.13.9-env/lib/python3.13/site-packages/librelane/scripts/openroad/common/pdn_cfg.tcl…
Logging subprocess to [repr.filename]'../vscode/VRAI/runs/RUN_2026-07-23_11-03-00/21-openroad-generatepdn/openroad-generatepdn.log'[/repr.filename]…
Running 'Odb.RemovePDNObstructions' at '../vscode/VRAI/runs/RUN_2026-07-23_11-03-00/22-odb-removepdnobstructions'…
'PDN_OBSTRUCTIONS' is not defined. Skipping 'Odb.RemovePDNObstructions'…
Running 'Odb.AddRoutingObstructions' at '../vscode/VRAI/runs/RUN_2026-07-23_11-03-00/23-odb-addroutingobstructions'…
'ROUTING_OBSTRUCTIONS' is not defined. Skipping 'Odb.AddRoutingObstructions'…
Running 'OpenROAD.GlobalPlacementSkipIO' at '../vscode/VRAI/runs/RUN_2026-07-23_11-03-00/24-openroad-globalplacementskipio'…
'PL_TARGET_DENSITY_PCT' not explicitly set, using dynamically calculated target density: 61.898100…
Logging subprocess to [repr.filename]'../vscode/VRAI/runs/RUN_2026-07-23_11-03-00/24-openroad-globalplacementskipio/openroad-globalplacementskipio.log'[/repr.filename]…
Running 'OpenROAD.IOPlacement' at '../vscode/VRAI/runs/RUN_2026-07-23_11-03-00/25-openroad-ioplacement'…
Logging subprocess to [repr.filename]'../vscode/VRAI/runs/RUN_2026-07-23_11-03-00/25-openroad-ioplacement/openroad-ioplacement.log'[/repr.filename]…
Running 'Odb.CustomIOPlacement' at '../vscode/VRAI/runs/RUN_2026-07-23_11-03-00/26-odb-customioplacement'…
No custom I/O placement file configured, skipping 'Odb.CustomIOPlacement'…
Running 'Odb.ApplyDEFTemplate' at '../vscode/VRAI/runs/RUN_2026-07-23_11-03-00/27-odb-applydeftemplate'…
No DEF template provided, skipping 'Odb.ApplyDEFTemplate'…
Running 'OpenROAD.GlobalPlacement' at '../vscode/VRAI/runs/RUN_2026-07-23_11-03-00/28-openroad-globalplacement'…
'PL_TARGET_DENSITY_PCT' not explicitly set, using dynamically calculated target density: 61.898100…
Logging subprocess to [repr.filename]'../vscode/VRAI/runs/RUN_2026-07-23_11-03-00/28-openroad-globalplacement/openroad-globalplacement.log'[/repr.filename]…
Running 'Odb.WriteVerilogHeader' at '../vscode/VRAI/runs/RUN_2026-07-23_11-03-00/29-odb-writeverilogheader'…
Logging subprocess to [repr.filename]'../vscode/VRAI/runs/RUN_2026-07-23_11-03-00/29-odb-writeverilogheader/odb-writeverilogheader.log'[/repr.filename]…
Running 'Checker.PowerGridViolations' at '../vscode/VRAI/runs/RUN_2026-07-23_11-03-00/30-checker-powergridviolations'…
Check for power grid violations (as reported by OpenROAD PSM- you may ignore these if LVS passes) clear.
Running 'OpenROAD.STAMidPNR' at '../vscode/VRAI/runs/RUN_2026-07-23_11-03-00/31-openroad-stamidpnr'…
Logging subprocess to [repr.filename]'../vscode/VRAI/runs/RUN_2026-07-23_11-03-00/31-openroad-stamidpnr/openroad-stamidpnr.log'[/repr.filename]…
Running 'OpenROAD.RepairDesignPostGPL' at '../vscode/VRAI/runs/RUN_2026-07-23_11-03-00/32-openroad-repairdesignpostgpl'…
Logging subprocess to [repr.filename]'../vscode/VRAI/runs/RUN_2026-07-23_11-03-00/32-openroad-repairdesignpostgpl/openroad-repairdesignpostgpl.log'[/repr.filename]…
[STA-1140] /root/.ciel/ciel/sky130/versions/8afc8346a57fe1ab7934ba5a6056ea8b43078e71/sky130A/libs.ref/sky130_fd_sc_hd/lib/sky130_fd_sc_hd__tt_025C_1v80.lib line 1, library sky130_fd_sc_hd__tt_025C_1v80 already exists.
[STA-1140] /root/.ciel/ciel/sky130/versions/8afc8346a57fe1ab7934ba5a6056ea8b43078e71/sky130A/libs.ref/sky130_fd_sc_hd/lib/sky130_fd_sc_hd__ff_n40C_1v95.lib line 1, library sky130_fd_sc_hd__ff_n40C_1v95 already exists.
[STA-1140] /root/.ciel/ciel/sky130/versions/8afc8346a57fe1ab7934ba5a6056ea8b43078e71/sky130A/libs.ref/sky130_fd_sc_hd/lib/sky130_fd_sc_hd__ss_100C_1v60.lib line 1, library sky130_fd_sc_hd__ss_100C_1v60 already exists.
[STA-1140] /root/.ciel/ciel/sky130/versions/8afc8346a57fe1ab7934ba5a6056ea8b43078e71/sky130A/libs.ref/sky130_fd_sc_hd/lib/sky130_fd_sc_hd__tt_025C_1v80.lib line 1, library sky130_fd_sc_hd__tt_025C_1v80 already exists.
[STA-1140] /root/.ciel/ciel/sky130/versions/8afc8346a57fe1ab7934ba5a6056ea8b43078e71/sky130A/libs.ref/sky130_fd_sc_hd/lib/sky130_fd_sc_hd__ss_100C_1v60.lib line 1, library sky130_fd_sc_hd__ss_100C_1v60 already exists.
[STA-1140] /root/.ciel/ciel/sky130/versions/8afc8346a57fe1ab7934ba5a6056ea8b43078e71/sky130A/libs.ref/sky130_fd_sc_hd/lib/sky130_fd_sc_hd__ff_n40C_1v95.lib line 1, library sky130_fd_sc_hd__ff_n40C_1v95 already exists.
[RSZ-0020] found 2 floating nets.
Running 'Odb.ManualGlobalPlacement' at '../vscode/VRAI/runs/RUN_2026-07-23_11-03-00/33-odb-manualglobalplacement'…
'MANUAL_GLOBAL_PLACEMENTS' not set. Skipping 'Odb.ManualGlobalPlacement'…
Running 'OpenROAD.DetailedPlacement' at '../vscode/VRAI/runs/RUN_2026-07-23_11-03-00/34-openroad-detailedplacement'…
Logging subprocess to [repr.filename]'../vscode/VRAI/runs/RUN_2026-07-23_11-03-00/34-openroad-detailedplacement/openroad-detailedplacement.log'[/repr.filename]…
Running 'OpenROAD.CTS' at '../vscode/VRAI/runs/RUN_2026-07-23_11-03-00/35-openroad-cts'…
Logging subprocess to [repr.filename]'../vscode/VRAI/runs/RUN_2026-07-23_11-03-00/35-openroad-cts/openroad-cts.log'[/repr.filename]…
[STA-1140] /root/.ciel/ciel/sky130/versions/8afc8346a57fe1ab7934ba5a6056ea8b43078e71/sky130A/libs.ref/sky130_fd_sc_hd/lib/sky130_fd_sc_hd__tt_025C_1v80.lib line 1, library sky130_fd_sc_hd__tt_025C_1v80 already exists.
[STA-1140] /root/.ciel/ciel/sky130/versions/8afc8346a57fe1ab7934ba5a6056ea8b43078e71/sky130A/libs.ref/sky130_fd_sc_hd/lib/sky130_fd_sc_hd__ff_n40C_1v95.lib line 1, library sky130_fd_sc_hd__ff_n40C_1v95 already exists.
[STA-1140] /root/.ciel/ciel/sky130/versions/8afc8346a57fe1ab7934ba5a6056ea8b43078e71/sky130A/libs.ref/sky130_fd_sc_hd/lib/sky130_fd_sc_hd__ss_100C_1v60.lib line 1, library sky130_fd_sc_hd__ss_100C_1v60 already exists.
[STA-1140] /root/.ciel/ciel/sky130/versions/8afc8346a57fe1ab7934ba5a6056ea8b43078e71/sky130A/libs.ref/sky130_fd_sc_hd/lib/sky130_fd_sc_hd__tt_025C_1v80.lib line 1, library sky130_fd_sc_hd__tt_025C_1v80 already exists.
[STA-1140] /root/.ciel/ciel/sky130/versions/8afc8346a57fe1ab7934ba5a6056ea8b43078e71/sky130A/libs.ref/sky130_fd_sc_hd/lib/sky130_fd_sc_hd__ss_100C_1v60.lib line 1, library sky130_fd_sc_hd__ss_100C_1v60 already exists.
[STA-1140] /root/.ciel/ciel/sky130/versions/8afc8346a57fe1ab7934ba5a6056ea8b43078e71/sky130A/libs.ref/sky130_fd_sc_hd/lib/sky130_fd_sc_hd__ff_n40C_1v95.lib line 1, library sky130_fd_sc_hd__ff_n40C_1v95 already exists.
Running 'OpenROAD.STAMidPNR-1' at '../vscode/VRAI/runs/RUN_2026-07-23_11-03-00/36-openroad-stamidpnr-1'…
Logging subprocess to [repr.filename]'../vscode/VRAI/runs/RUN_2026-07-23_11-03-00/36-openroad-stamidpnr-1/openroad-stamidpnr-1.log'[/repr.filename]…
Running 'OpenROAD.ResizerTimingPostCTS' at '../vscode/VRAI/runs/RUN_2026-07-23_11-03-00/37-openroad-resizertimingpostcts'…
Logging subprocess to [repr.filename]'../vscode/VRAI/runs/RUN_2026-07-23_11-03-00/37-openroad-resizertimingpostcts/openroad-resizertimingpostcts.log'[/repr.filename]…
[STA-1140] /root/.ciel/ciel/sky130/versions/8afc8346a57fe1ab7934ba5a6056ea8b43078e71/sky130A/libs.ref/sky130_fd_sc_hd/lib/sky130_fd_sc_hd__tt_025C_1v80.lib line 1, library sky130_fd_sc_hd__tt_025C_1v80 already exists.
[STA-1140] /root/.ciel/ciel/sky130/versions/8afc8346a57fe1ab7934ba5a6056ea8b43078e71/sky130A/libs.ref/sky130_fd_sc_hd/lib/sky130_fd_sc_hd__ff_n40C_1v95.lib line 1, library sky130_fd_sc_hd__ff_n40C_1v95 already exists.
[STA-1140] /root/.ciel/ciel/sky130/versions/8afc8346a57fe1ab7934ba5a6056ea8b43078e71/sky130A/libs.ref/sky130_fd_sc_hd/lib/sky130_fd_sc_hd__ss_100C_1v60.lib line 1, library sky130_fd_sc_hd__ss_100C_1v60 already exists.
[STA-1140] /root/.ciel/ciel/sky130/versions/8afc8346a57fe1ab7934ba5a6056ea8b43078e71/sky130A/libs.ref/sky130_fd_sc_hd/lib/sky130_fd_sc_hd__tt_025C_1v80.lib line 1, library sky130_fd_sc_hd__tt_025C_1v80 already exists.
[STA-1140] /root/.ciel/ciel/sky130/versions/8afc8346a57fe1ab7934ba5a6056ea8b43078e71/sky130A/libs.ref/sky130_fd_sc_hd/lib/sky130_fd_sc_hd__ss_100C_1v60.lib line 1, library sky130_fd_sc_hd__ss_100C_1v60 already exists.
[STA-1140] /root/.ciel/ciel/sky130/versions/8afc8346a57fe1ab7934ba5a6056ea8b43078e71/sky130A/libs.ref/sky130_fd_sc_hd/lib/sky130_fd_sc_hd__ff_n40C_1v95.lib line 1, library sky130_fd_sc_hd__ff_n40C_1v95 already exists.
Running 'OpenROAD.STAMidPNR-2' at '../vscode/VRAI/runs/RUN_2026-07-23_11-03-00/38-openroad-stamidpnr-2'…
Logging subprocess to [repr.filename]'../vscode/VRAI/runs/RUN_2026-07-23_11-03-00/38-openroad-stamidpnr-2/openroad-stamidpnr-2.log'[/repr.filename]…
Running 'OpenROAD.GlobalRouting' at '../vscode/VRAI/runs/RUN_2026-07-23_11-03-00/39-openroad-globalrouting'…
Logging subprocess to [repr.filename]'../vscode/VRAI/runs/RUN_2026-07-23_11-03-00/39-openroad-globalrouting/openroad-globalrouting.log'[/repr.filename]…
Running 'OpenROAD.CheckAntennas' at '../vscode/VRAI/runs/RUN_2026-07-23_11-03-00/40-openroad-checkantennas'…
Logging subprocess to [repr.filename]'../vscode/VRAI/runs/RUN_2026-07-23_11-03-00/40-openroad-checkantennas/openroad-checkantennas.log'[/repr.filename]…
Gating variable for step 'OpenROAD.RepairDesignPostGRT' set to 'False'- the step will be skipped.
Skipping step 'Repair Design (Post-Global Routing)'…
Running 'Odb.DiodesOnPorts' at '../vscode/VRAI/runs/RUN_2026-07-23_11-03-00/41-odb-diodesonports'…
'DIODE_ON_PORTS' is set to 'none': skipping 'Odb.DiodesOnPorts'…
Gating variable for step 'Odb.HeuristicDiodeInsertion' set to 'False'- the step will be skipped.
Skipping step 'Heuristic Diode Insertion'…
Running 'OpenROAD.RepairAntennas' at '../vscode/VRAI/runs/RUN_2026-07-23_11-03-00/42-openroad-repairantennas'…
Running 'OpenROAD.DiodeInsertion' at '../vscode/VRAI/runs/RUN_2026-07-23_11-03-00/42-openroad-repairantennas/1-openroad-diodeinsertion'…
Logging subprocess to [repr.filename]'../vscode/VRAI/runs/RUN_2026-07-23_11-03-00/42-openroad-repairantennas/1-openroad-diodeinsertion/openroad-diodeinsertion.log'[/repr.filename]…
Running 'OpenROAD.CheckAntennas' at '../vscode/VRAI/runs/RUN_2026-07-23_11-03-00/42-openroad-repairantennas/2-openroad-checkantennas'…
Logging subprocess to [repr.filename]'../vscode/VRAI/runs/RUN_2026-07-23_11-03-00/42-openroad-repairantennas/2-openroad-checkantennas/openroad-checkantennas.log'[/repr.filename]…
Gating variable for step 'OpenROAD.ResizerTimingPostGRT' set to 'False'- the step will be skipped.
Skipping step 'Resizer Timing Optimizations (Post-Global Routing)'…
Running 'OpenROAD.STAMidPNR-3' at '../vscode/VRAI/runs/RUN_2026-07-23_11-03-00/43-openroad-stamidpnr-3'…
Logging subprocess to [repr.filename]'../vscode/VRAI/runs/RUN_2026-07-23_11-03-00/43-openroad-stamidpnr-3/openroad-stamidpnr-3.log'[/repr.filename]…
Running 'OpenROAD.DetailedRouting' at '../vscode/VRAI/runs/RUN_2026-07-23_11-03-00/44-openroad-detailedrouting'…
Running TritonRoute with 16 threads…
Logging subprocess to [repr.filename]'../vscode/VRAI/runs/RUN_2026-07-23_11-03-00/44-openroad-detailedrouting/openroad-detailedrouting.log'[/repr.filename]…
[DRT-0349] LEF58_ENCLOSURE with no CUTCLASS is not supported. Skipping for layer mcon
[DRT-0349] LEF58_ENCLOSURE with no CUTCLASS is not supported. Skipping for layer mcon
[DRT-0349] LEF58_ENCLOSURE with no CUTCLASS is not supported. Skipping for layer via
[DRT-0349] LEF58_ENCLOSURE with no CUTCLASS is not supported. Skipping for layer via
[DRT-0349] LEF58_ENCLOSURE with no CUTCLASS is not supported. Skipping for layer via2
[DRT-0349] LEF58_ENCLOSURE with no CUTCLASS is not supported. Skipping for layer via2
[DRT-0349] LEF58_ENCLOSURE with no CUTCLASS is not supported. Skipping for layer via3
[DRT-0349] LEF58_ENCLOSURE with no CUTCLASS is not supported. Skipping for layer via3
[DRT-0349] LEF58_ENCLOSURE with no CUTCLASS is not supported. Skipping for layer via4
[DRT-0349] LEF58_ENCLOSURE with no CUTCLASS is not supported. Skipping for layer via4
Running 'Odb.RemoveRoutingObstructions' at '../vscode/VRAI/runs/RUN_2026-07-23_11-03-00/45-odb-removeroutingobstructions'…
'ROUTING_OBSTRUCTIONS' is not defined. Skipping 'Odb.RemoveRoutingObstructions'…
Running 'OpenROAD.CheckAntennas-1' at '../vscode/VRAI/runs/RUN_2026-07-23_11-03-00/46-openroad-checkantennas-1'…
Logging subprocess to [repr.filename]'../vscode/VRAI/runs/RUN_2026-07-23_11-03-00/46-openroad-checkantennas-1/openroad-checkantennas-1.log'[/repr.filename]…
Running 'Checker.TrDRC' at '../vscode/VRAI/runs/RUN_2026-07-23_11-03-00/47-checker-trdrc'…
Check for Routing DRC errors clear.
Running 'Odb.ReportDisconnectedPins' at '../vscode/VRAI/runs/RUN_2026-07-23_11-03-00/48-odb-reportdisconnectedpins'…
Logging subprocess to [repr.filename]'../vscode/VRAI/runs/RUN_2026-07-23_11-03-00/48-odb-reportdisconnectedpins/odb-reportdisconnectedpins.log'[/repr.filename]…
Running 'Checker.DisconnectedPins' at '../vscode/VRAI/runs/RUN_2026-07-23_11-03-00/49-checker-disconnectedpins'…
Check for critical disconnected pins clear.
Running 'Odb.ReportWireLength' at '../vscode/VRAI/runs/RUN_2026-07-23_11-03-00/50-odb-reportwirelength'…
Logging subprocess to [repr.filename]'../vscode/VRAI/runs/RUN_2026-07-23_11-03-00/50-odb-reportwirelength/odb-reportwirelength.log'[/repr.filename]…
Running 'Checker.WireLength' at '../vscode/VRAI/runs/RUN_2026-07-23_11-03-00/51-checker-wirelength'…
Threshold for Threshold-surpassing long wires is not set. The checker will be skipped.
Running 'OpenROAD.FillInsertion' at '../vscode/VRAI/runs/RUN_2026-07-23_11-03-00/52-openroad-fillinsertion'…
Logging subprocess to [repr.filename]'../vscode/VRAI/runs/RUN_2026-07-23_11-03-00/52-openroad-fillinsertion/openroad-fillinsertion.log'[/repr.filename]…
Running 'Odb.CellFrequencyTables' at '../vscode/VRAI/runs/RUN_2026-07-23_11-03-00/53-odb-cellfrequencytables'…
Logging subprocess to [repr.filename]'../vscode/VRAI/runs/RUN_2026-07-23_11-03-00/53-odb-cellfrequencytables/buffer_list.txt'[/repr.filename]…
Logging subprocess to [repr.filename]'../vscode/VRAI/runs/RUN_2026-07-23_11-03-00/53-odb-cellfrequencytables/odb-cellfrequencytables.log'[/repr.filename]…
Running 'OpenROAD.RCX' at '../vscode/VRAI/runs/RUN_2026-07-23_11-03-00/54-openroad-rcx'…
Running RCX for corners matching nom_* (/home/Ven/vscode/VRAI/runs/RUN_2026-07-23_11-03-00/54-openroad-rcx/nom/rcx.log)…
Running RCX for corners matching min_* (/home/Ven/vscode/VRAI/runs/RUN_2026-07-23_11-03-00/54-openroad-rcx/min/rcx.log)…
Running RCX for corners matching max_* (/home/Ven/vscode/VRAI/runs/RUN_2026-07-23_11-03-00/54-openroad-rcx/max/rcx.log)…
Logging subprocess to [repr.filename]'../vscode/VRAI/runs/RUN_2026-07-23_11-03-00/54-openroad-rcx/nom/rcx.log'[/repr.filename]…
Logging subprocess to [repr.filename]'../vscode/VRAI/runs/RUN_2026-07-23_11-03-00/54-openroad-rcx/min/rcx.log'[/repr.filename]…
Logging subprocess to [repr.filename]'../vscode/VRAI/runs/RUN_2026-07-23_11-03-00/54-openroad-rcx/max/rcx.log'[/repr.filename]…
Finished RCX for corners matching min_*.
Finished RCX for corners matching nom_*.
Finished RCX for corners matching max_*.
Running 'OpenROAD.STAPostPNR' at '../vscode/VRAI/runs/RUN_2026-07-23_11-03-00/55-openroad-stapostpnr'…
Starting STA for the nom_tt_025C_1v80 timing corner…
Starting STA for the nom_ss_100C_1v60 timing corner…
Starting STA for the nom_ff_n40C_1v95 timing corner…
Starting STA for the min_tt_025C_1v80 timing corner…
Logging subprocess to [repr.filename]'../vscode/VRAI/runs/RUN_2026-07-23_11-03-00/55-openroad-stapostpnr/nom_tt_025C_1v80/sta.log'[/repr.filename]…
Starting STA for the min_ss_100C_1v60 timing corner…
Starting STA for the min_ff_n40C_1v95 timing corner…
Starting STA for the max_tt_025C_1v80 timing corner…
Starting STA for the max_ss_100C_1v60 timing corner…
Logging subprocess to [repr.filename]'../vscode/VRAI/runs/RUN_2026-07-23_11-03-00/55-openroad-stapostpnr/min_tt_025C_1v80/sta.log'[/repr.filename]…
Logging subprocess to [repr.filename]'../vscode/VRAI/runs/RUN_2026-07-23_11-03-00/55-openroad-stapostpnr/nom_ss_100C_1v60/sta.log'[/repr.filename]…
Logging subprocess to [repr.filename]'../vscode/VRAI/runs/RUN_2026-07-23_11-03-00/55-openroad-stapostpnr/nom_ff_n40C_1v95/sta.log'[/repr.filename]…
Starting STA for the max_ff_n40C_1v95 timing corner…
Logging subprocess to [repr.filename]'../vscode/VRAI/runs/RUN_2026-07-23_11-03-00/55-openroad-stapostpnr/min_ss_100C_1v60/sta.log'[/repr.filename]…
Logging subprocess to [repr.filename]'../vscode/VRAI/runs/RUN_2026-07-23_11-03-00/55-openroad-stapostpnr/min_ff_n40C_1v95/sta.log'[/repr.filename]…
Logging subprocess to [repr.filename]'../vscode/VRAI/runs/RUN_2026-07-23_11-03-00/55-openroad-stapostpnr/max_ss_100C_1v60/sta.log'[/repr.filename]…
Logging subprocess to [repr.filename]'../vscode/VRAI/runs/RUN_2026-07-23_11-03-00/55-openroad-stapostpnr/max_tt_025C_1v80/sta.log'[/repr.filename]…
Logging subprocess to [repr.filename]'../vscode/VRAI/runs/RUN_2026-07-23_11-03-00/55-openroad-stapostpnr/max_ff_n40C_1v95/sta.log'[/repr.filename]…
Finished STA for the min_tt_025C_1v80 timing corner.
Logging subprocess to [repr.filename]'../vscode/VRAI/runs/RUN_2026-07-23_11-03-00/55-openroad-stapostpnr/min_tt_025C_1v80/filter_unannotated.log'[/repr.filename]…
Finished STA for the min_ss_100C_1v60 timing corner.
Logging subprocess to [repr.filename]'../vscode/VRAI/runs/RUN_2026-07-23_11-03-00/55-openroad-stapostpnr/min_ss_100C_1v60/filter_unannotated.log'[/repr.filename]…
Finished STA for the nom_ss_100C_1v60 timing corner.
Finished STA for the min_ff_n40C_1v95 timing corner.
Logging subprocess to [repr.filename]'../vscode/VRAI/runs/RUN_2026-07-23_11-03-00/55-openroad-stapostpnr/nom_ss_100C_1v60/filter_unannotated.log'[/repr.filename]…
Logging subprocess to [repr.filename]'../vscode/VRAI/runs/RUN_2026-07-23_11-03-00/55-openroad-stapostpnr/min_ff_n40C_1v95/filter_unannotated.log'[/repr.filename]…
Finished STA for the nom_ff_n40C_1v95 timing corner.
Logging subprocess to [repr.filename]'../vscode/VRAI/runs/RUN_2026-07-23_11-03-00/55-openroad-stapostpnr/nom_ff_n40C_1v95/filter_unannotated.log'[/repr.filename]…
Finished STA for the nom_tt_025C_1v80 timing corner.
Logging subprocess to [repr.filename]'../vscode/VRAI/runs/RUN_2026-07-23_11-03-00/55-openroad-stapostpnr/nom_tt_025C_1v80/filter_unannotated.log'[/repr.filename]…
Finished STA for the max_tt_025C_1v80 timing corner.
Logging subprocess to [repr.filename]'../vscode/VRAI/runs/RUN_2026-07-23_11-03-00/55-openroad-stapostpnr/max_tt_025C_1v80/filter_unannotated.log'[/repr.filename]…
Finished STA for the max_ss_100C_1v60 timing corner.
Logging subprocess to [repr.filename]'../vscode/VRAI/runs/RUN_2026-07-23_11-03-00/55-openroad-stapostpnr/max_ss_100C_1v60/filter_unannotated.log'[/repr.filename]…
Finished STA for the max_ff_n40C_1v95 timing corner.
Logging subprocess to [repr.filename]'../vscode/VRAI/runs/RUN_2026-07-23_11-03-00/55-openroad-stapostpnr/max_ff_n40C_1v95/filter_unannotated.log'[/repr.filename]…
Running 'OpenROAD.IRDropReport' at '../vscode/VRAI/runs/RUN_2026-07-23_11-03-00/56-openroad-irdropreport'…
'VSRC_LOC_FILES' was not given a value, which may make the results of IR drop analysis inaccurate. If you are not integrating a top-level chip for manufacture, you may ignore this warning, otherwise, see the documentation for 'VSRC_LOC_FILES'.
Logging subprocess to [repr.filename]'../vscode/VRAI/runs/RUN_2026-07-23_11-03-00/56-openroad-irdropreport/openroad-irdropreport.log'[/repr.filename]…
+ analyze_power_grid -net VPWR -voltage_file /home/Ven/vscode/VRAI/runs/RUN_2026-07-23_11-03-00/56-openroad-irdropreport/net-VPWR.csv
[INFO PSM-0040] All shapes on net VPWR are connected.
########## IR report #################
Net              : VPWR
Corner           : nom_tt_025C_1v80
Total power      : 1.62e-03 W
Supply voltage   : 1.80e+00 V
Worstcase voltage: 1.80e+00 V
Average voltage  : 1.80e+00 V
Average IR drop  : 5.79e-05 V
Worstcase IR drop: 2.86e-04 V
Percentage drop  : 0.02 %
######################################
+ analyze_power_grid -net VGND -voltage_file /home/Ven/vscode/VRAI/runs/RUN_2026-07-23_11-03-00/56-openroad-irdropreport/net-VGND.csv
[INFO PSM-0040] All shapes on net VGND are connected.
########## IR report #################
Net              : VGND
Corner           : nom_tt_025C_1v80
Total power      : 1.62e-03 W
Supply voltage   : 0.00e+00 V
Worstcase voltage: 2.49e-04 V
Average voltage  : 5.52e-05 V
Average IR drop  : 5.52e-05 V
Worstcase IR drop: 2.49e-04 V
Percentage drop  : 0.01 %
######################################

Running 'Magic.StreamOut' at '../vscode/VRAI/runs/RUN_2026-07-23_11-03-00/57-magic-streamout'…
Logging subprocess to [repr.filename]'../vscode/VRAI/runs/RUN_2026-07-23_11-03-00/57-magic-streamout/magic-streamout.log'[/repr.filename]…
Running 'KLayout.StreamOut' at '../vscode/VRAI/runs/RUN_2026-07-23_11-03-00/58-klayout-streamout'…
Logging subprocess to [repr.filename]'../vscode/VRAI/runs/RUN_2026-07-23_11-03-00/58-klayout-streamout/klayout-streamout.log'[/repr.filename]…
Running 'KLayout.Render' at '../vscode/VRAI/runs/RUN_2026-07-23_11-03-00/59-klayout-render'…
Logging subprocess to [repr.filename]'../vscode/VRAI/runs/RUN_2026-07-23_11-03-00/59-klayout-render/klayout-render.log'[/repr.filename]…
Running 'Magic.WriteLEF' at '../vscode/VRAI/runs/RUN_2026-07-23_11-03-00/60-magic-writelef'…
Logging subprocess to [repr.filename]'../vscode/VRAI/runs/RUN_2026-07-23_11-03-00/60-magic-writelef/magic-writelef.log'[/repr.filename]…
Running 'Odb.CheckDesignAntennaProperties' at '../vscode/VRAI/runs/RUN_2026-07-23_11-03-00/61-odb-checkdesignantennaproperties'…
Logging subprocess to [repr.filename]'../vscode/VRAI/runs/RUN_2026-07-23_11-03-00/61-odb-checkdesignantennaproperties/odb-checkdesignantennaproperties.log'[/repr.filename]…
Running 'KLayout.XOR' at '../vscode/VRAI/runs/RUN_2026-07-23_11-03-00/62-klayout-xor'…
Running XOR with 16 threads…
Logging subprocess to [repr.filename]'../vscode/VRAI/runs/RUN_2026-07-23_11-03-00/62-klayout-xor/klayout-xor.log'[/repr.filename]…
Running 'Checker.XOR' at '../vscode/VRAI/runs/RUN_2026-07-23_11-03-00/63-checker-xor'…
Check for XOR differences clear.
Running 'Magic.DRC' at '../vscode/VRAI/runs/RUN_2026-07-23_11-03-00/64-magic-drc'…
Logging subprocess to [repr.filename]'../vscode/VRAI/runs/RUN_2026-07-23_11-03-00/64-magic-drc/magic-drc.log'[/repr.filename]…
Running 'KLayout.DRC' at '../vscode/VRAI/runs/RUN_2026-07-23_11-03-00/65-klayout-drc'…
Running KLayout DRC with 16 threads…
Logging subprocess to [repr.filename]'../vscode/VRAI/runs/RUN_2026-07-23_11-03-00/65-klayout-drc/klayout-drc.log'[/repr.filename]…
Logging subprocess to [repr.filename]'../vscode/VRAI/runs/RUN_2026-07-23_11-03-00/65-klayout-drc/xml_drc_report_to_json.log'[/repr.filename]…
Running 'Checker.MagicDRC' at '../vscode/VRAI/runs/RUN_2026-07-23_11-03-00/66-checker-magicdrc'…
Check for Magic DRC errors clear.
Running 'Checker.KLayoutDRC' at '../vscode/VRAI/runs/RUN_2026-07-23_11-03-00/67-checker-klayoutdrc'…
Check for KLayout DRC errors clear.
Running 'Magic.SpiceExtraction' at '../vscode/VRAI/runs/RUN_2026-07-23_11-03-00/68-magic-spiceextraction'…
Logging subprocess to [repr.filename]'../vscode/VRAI/runs/RUN_2026-07-23_11-03-00/68-magic-spiceextraction/magic-spiceextraction.log'[/repr.filename]…
Running 'Checker.IllegalOverlap' at '../vscode/VRAI/runs/RUN_2026-07-23_11-03-00/69-checker-illegaloverlap'…
Check for Magic Illegal Overlap errors clear.
Running 'Netgen.LVS' at '../vscode/VRAI/runs/RUN_2026-07-23_11-03-00/70-netgen-lvs'…
Logging subprocess to [repr.filename]'../vscode/VRAI/runs/RUN_2026-07-23_11-03-00/70-netgen-lvs/netgen-lvs.log'[/repr.filename]…
Running 'Checker.LVS' at '../vscode/VRAI/runs/RUN_2026-07-23_11-03-00/71-checker-lvs'…
Check for LVS errors clear.
Gating variable for step 'Yosys.EQY' set to 'False'- the step will be skipped.
Skipping step 'Equivalence Check'…
Running 'Checker.SetupViolations' at '../vscode/VRAI/runs/RUN_2026-07-23_11-03-00/72-checker-setupviolations'…
No setup violations found
Running 'Checker.HoldViolations' at '../vscode/VRAI/runs/RUN_2026-07-23_11-03-00/73-checker-holdviolations'…
No hold violations found
Running 'Checker.MaxSlewViolations' at '../vscode/VRAI/runs/RUN_2026-07-23_11-03-00/74-checker-maxslewviolations'…
Max Slew violations found in the following corners:
* max_ss_100C_1v60
* min_ss_100C_1v60
* nom_ss_100C_1v60
No max slew violations found
Running 'Checker.MaxCapViolations' at '../vscode/VRAI/runs/RUN_2026-07-23_11-03-00/75-checker-maxcapviolations'…
Max Cap violations found in the following corners:
* max_ss_100C_1v60
* min_ss_100C_1v60
* nom_ss_100C_1v60
No max cap violations found
Running 'Misc.ReportManufacturability' at '../vscode/VRAI/runs/RUN_2026-07-23_11-03-00/76-misc-reportmanufacturability'…
Saving views to '/home/Ven/vscode/VRAI/runs/RUN_2026-07-23_11-03-00/final'…
Flow complete.
