
===========================================================================
report_checks -unconstrained
===========================================================================
======================= nom_tt_025C_1v80 Corner ===================================

Startpoint: _5125_ (rising edge-triggered flip-flop clocked by CLK)
Endpoint: DEVICES_LDW (output port clocked by CLK)
Path Group: CLK
Path Type: max

Fanout         Cap        Slew       Delay        Time   Description
---------------------------------------------------------------------------------------------
                                  0.000000    0.000000   clock CLK (rise edge)
                                  0.000000    0.000000   clock source latency
     1    0.052862    0.241817    0.168344    0.168344 ^ CLK (in)
                                                         CLK (net)
                      0.241840    0.000000    0.168344 ^ clkbuf_0_CLK/A (sky130_fd_sc_hd__clkbuf_16)
     8    0.136527    0.150153    0.271599    0.439943 ^ clkbuf_0_CLK/X (sky130_fd_sc_hd__clkbuf_16)
                                                         clknet_0_CLK (net)
                      0.150968    0.008892    0.448835 ^ clkbuf_3_0__f_CLK/A (sky130_fd_sc_hd__clkbuf_16)
     6    0.060268    0.078711    0.193486    0.642321 ^ clkbuf_3_0__f_CLK/X (sky130_fd_sc_hd__clkbuf_16)
                                                         clknet_3_0__leaf_CLK (net)
                      0.078737    0.001403    0.643724 ^ clkbuf_leaf_3_CLK/A (sky130_fd_sc_hd__clkbuf_8)
    11    0.032304    0.069809    0.159550    0.803274 ^ clkbuf_leaf_3_CLK/X (sky130_fd_sc_hd__clkbuf_8)
                                                         clknet_leaf_3_CLK (net)
                      0.069816    0.000743    0.804017 ^ _5125_/CLK (sky130_fd_sc_hd__dfxtp_2)
     1    0.003742    0.033515    0.317128    1.121145 ^ _5125_/Q (sky130_fd_sc_hd__dfxtp_2)
                                                         _0010_ (net)
                      0.033515    0.000111    1.121257 ^ fanout473/A (sky130_fd_sc_hd__clkdlybuf4s25_1)
     8    0.103252    1.020795    0.922868    2.044124 ^ fanout473/X (sky130_fd_sc_hd__clkdlybuf4s25_1)
                                                         net473 (net)
                      1.020874    0.007614    2.051738 ^ fanout472/A (sky130_fd_sc_hd__clkdlybuf4s25_1)
    10    0.073984    0.733346    0.870425    2.922163 ^ fanout472/X (sky130_fd_sc_hd__clkdlybuf4s25_1)
                                                         net472 (net)
                      0.733694    0.008562    2.930724 ^ _2434_/A (sky130_fd_sc_hd__inv_2)
     1    0.002651    0.086175    0.040269    2.970993 v _2434_/Y (sky130_fd_sc_hd__inv_2)
                                                         _2324_ (net)
                      0.086175    0.000077    2.971070 v fanout365/A (sky130_fd_sc_hd__clkdlybuf4s25_1)
     6    0.069048    0.502648    0.614071    3.585140 v fanout365/X (sky130_fd_sc_hd__clkdlybuf4s25_1)
                                                         net365 (net)
                      0.502650    0.001826    3.586966 v fanout363/A (sky130_fd_sc_hd__clkdlybuf4s25_1)
    10    0.066070    0.482881    0.715233    4.302200 v fanout363/X (sky130_fd_sc_hd__clkdlybuf4s25_1)
                                                         net363 (net)
                      0.482891    0.002858    4.305058 v _2592_/S (sky130_fd_sc_hd__mux2_1)
     1    0.009883    0.089037    0.511739    4.816796 v _2592_/X (sky130_fd_sc_hd__mux2_1)
                                                         _0467_ (net)
                      0.089037    0.000586    4.817383 v _2593_/B1 (sky130_fd_sc_hd__a22o_2)
     1    0.008683    0.061430    0.239818    5.057201 v _2593_/X (sky130_fd_sc_hd__a22o_2)
                                                         _0468_ (net)
                      0.061430    0.000415    5.057616 v fanout301/A (sky130_fd_sc_hd__clkdlybuf4s25_1)
     8    0.076710    0.557958    0.641153    5.698769 v fanout301/X (sky130_fd_sc_hd__clkdlybuf4s25_1)
                                                         net301 (net)
                      0.557958    0.000098    5.698867 v fanout299/A (sky130_fd_sc_hd__clkdlybuf4s25_1)
    10    0.072932    0.530344    0.766606    6.465473 v fanout299/X (sky130_fd_sc_hd__clkdlybuf4s25_1)
                                                         net299 (net)
                      0.530369    0.003935    6.469408 v _2606_/B (sky130_fd_sc_hd__xor2_2)
     3    0.020217    0.293257    0.424919    6.894327 ^ _2606_/X (sky130_fd_sc_hd__xor2_2)
                                                         _0481_ (net)
                      0.293257    0.000516    6.894844 ^ _2608_/A2 (sky130_fd_sc_hd__a21o_2)
     2    0.017525    0.097382    0.231433    7.126276 ^ _2608_/X (sky130_fd_sc_hd__a21o_2)
                                                         _0483_ (net)
                      0.097387    0.000800    7.127077 ^ _2609_/A2 (sky130_fd_sc_hd__a21o_2)
     2    0.013451    0.077355    0.167773    7.294849 ^ _2609_/X (sky130_fd_sc_hd__a21o_2)
                                                         _0484_ (net)
                      0.077355    0.000279    7.295129 ^ _2614_/A1 (sky130_fd_sc_hd__a21bo_2)
     3    0.025781    0.145751    0.210052    7.505181 ^ _2614_/X (sky130_fd_sc_hd__a21bo_2)
                                                         _0489_ (net)
                      0.145790    0.002292    7.507472 ^ _2619_/A2 (sky130_fd_sc_hd__a31o_2)
     3    0.024586    0.150150    0.257226    7.764699 ^ _2619_/X (sky130_fd_sc_hd__a31o_2)
                                                         _0494_ (net)
                      0.150154    0.001037    7.765736 ^ _2624_/A1 (sky130_fd_sc_hd__a311o_2)
     4    0.048681    0.255950    0.352974    8.118710 ^ _2624_/X (sky130_fd_sc_hd__a311o_2)
                                                         _0499_ (net)
                      0.256297    0.006641    8.125350 ^ _2679_/A (sky130_fd_sc_hd__nand4_2)
     2    0.013638    0.153388    0.173976    8.299326 v _2679_/Y (sky130_fd_sc_hd__nand4_2)
                                                         _0554_ (net)
                      0.153389    0.000677    8.300003 v _2683_/A1 (sky130_fd_sc_hd__a21bo_2)
     4    0.019147    0.071609    0.274666    8.574668 v _2683_/X (sky130_fd_sc_hd__a21bo_2)
                                                         _0558_ (net)
                      0.071613    0.000592    8.575261 v _2688_/A3 (sky130_fd_sc_hd__a311o_2)
     3    0.013242    0.081930    0.432101    9.007361 v _2688_/X (sky130_fd_sc_hd__a311o_2)
                                                         _0563_ (net)
                      0.081930    0.000367    9.007729 v _2689_/B (sky130_fd_sc_hd__nand2_2)
     1    0.009526    0.072021    0.097134    9.104862 ^ _2689_/Y (sky130_fd_sc_hd__nand2_2)
                                                         _0564_ (net)
                      0.072021    0.000312    9.105174 ^ _2690_/B (sky130_fd_sc_hd__xnor2_2)
     3    0.024616    0.134317    0.126390    9.231564 v _2690_/Y (sky130_fd_sc_hd__xnor2_2)
                                                         _0565_ (net)
                      0.134380    0.001076    9.232639 v _2696_/B (sky130_fd_sc_hd__or2_2)
     5    0.023015    0.106476    0.374279    9.606918 v _2696_/X (sky130_fd_sc_hd__or2_2)
                                                         _0567_ (net)
                      0.106476    0.000421    9.607339 v _2701_/B (sky130_fd_sc_hd__nor2_2)
     1    0.005600    0.126072    0.114474    9.721813 ^ _2701_/Y (sky130_fd_sc_hd__nor2_2)
                                                         net51 (net)
                      0.126078    0.000227    9.722040 ^ output51/A (sky130_fd_sc_hd__clkdlybuf4s25_1)
     1    0.035048    0.354337    0.492143   10.214184 ^ output51/X (sky130_fd_sc_hd__clkdlybuf4s25_1)
                                                         DEVICES_LDW (net)
                      0.354337    0.000891   10.215075 ^ DEVICES_LDW (out)
                                             10.215075   data arrival time

                                 26.000000   26.000000   clock CLK (rise edge)
                                  0.000000   26.000000   clock network delay (propagated)
                                 -0.250000   25.750000   clock uncertainty
                                  0.000000   25.750000   clock reconvergence pessimism
                                 -5.000000   20.750000   output external delay
                                             20.750000   data required time
---------------------------------------------------------------------------------------------
                                             20.750000   data required time
                                            -10.215075   data arrival time
---------------------------------------------------------------------------------------------
                                             10.534925   slack (MET)




===========================================================================
report_checks --slack_max -0.01
============================================================================
======================= nom_tt_025C_1v80 Corner ===================================

No paths found.


===========================================================================
 report_check_types -max_slew -max_cap -max_fanout -violators
============================================================================
======================= nom_tt_025C_1v80 Corner ===================================

max slew

Pin                                        Limit        Slew       Slack
------------------------------------------------------------------------
_2541_/B1                               0.750000    1.141073   -0.391074 (VIOLATED)
_2520_/B1                               0.750000    1.141063   -0.391063 (VIOLATED)
_2507_/B1                               0.750000    1.141055   -0.391055 (VIOLATED)
_2471_/B1                               0.750000    1.141034   -0.391034 (VIOLATED)
_2589_/B1                               0.750000    1.141016   -0.391016 (VIOLATED)
_2495_/B1                               0.750000    1.141013   -0.391013 (VIOLATED)
_2530_/B1                               0.750000    1.141012   -0.391012 (VIOLATED)
_2435_/A                                0.750000    1.141011   -0.391011 (VIOLATED)
_2643_/B1                               0.750000    1.141010   -0.391010 (VIOLATED)
_2483_/B1                               0.750000    1.141005   -0.391005 (VIOLATED)
fanout469/X                             0.750000    1.140999   -0.390999 (VIOLATED)
_4611_/A0                               0.750000    1.093060   -0.343060 (VIOLATED)
_2888_/A1                               0.750000    1.093059   -0.343059 (VIOLATED)
_2694_/A                                0.750000    1.093058   -0.343058 (VIOLATED)
_2700_/A                                0.750000    1.093052   -0.343052 (VIOLATED)
_4704_/A0                               0.750000    1.093052   -0.343052 (VIOLATED)
_4664_/A0                               0.750000    1.093048   -0.343048 (VIOLATED)
_2459_/A1                               0.750000    1.093047   -0.343047 (VIOLATED)
_3457_/A                                0.750000    1.093047   -0.343047 (VIOLATED)
_4681_/A1                               0.750000    1.093045   -0.343045 (VIOLATED)
_4808_/B2                               0.750000    1.093034   -0.343034 (VIOLATED)
fanout322/X                             0.750000    1.093034   -0.343034 (VIOLATED)
_3173_/A2                               0.750000    1.032082   -0.282082 (VIOLATED)
_3187_/A2                               0.750000    1.032054   -0.282055 (VIOLATED)
_3172_/B                                0.750000    1.032054   -0.282054 (VIOLATED)
_3186_/A2                               0.750000    1.032053   -0.282053 (VIOLATED)
_3181_/A2                               0.750000    1.032053   -0.282052 (VIOLATED)
_3179_/A2                               0.750000    1.032050   -0.282050 (VIOLATED)
_3180_/A2                               0.750000    1.032050   -0.282050 (VIOLATED)
_3174_/A2                               0.750000    1.032049   -0.282049 (VIOLATED)
_3188_/A2                               0.750000    1.032049   -0.282049 (VIOLATED)
_3185_/A2                               0.750000    1.032037   -0.282037 (VIOLATED)
fanout282/X                             0.750000    1.032037   -0.282037 (VIOLATED)
_3175_/B1                               0.750000    1.025659   -0.275660 (VIOLATED)
_3173_/B1                               0.750000    1.025655   -0.275655 (VIOLATED)
_3180_/B1                               0.750000    1.025632   -0.275632 (VIOLATED)
_3179_/B1                               0.750000    1.025631   -0.275631 (VIOLATED)
_3174_/B1                               0.750000    1.025628   -0.275629 (VIOLATED)
_3185_/B1                               0.750000    1.025620   -0.275621 (VIOLATED)
_3181_/B1                               0.750000    1.025612   -0.275613 (VIOLATED)
_3186_/B1                               0.750000    1.025612   -0.275613 (VIOLATED)
_3187_/B1                               0.750000    1.025612   -0.275613 (VIOLATED)
_3188_/B1                               0.750000    1.025612   -0.275613 (VIOLATED)
fanout243/X                             0.750000    1.025612   -0.275613 (VIOLATED)
_2601_/S                                0.750000    1.020912   -0.270912 (VIOLATED)
_2596_/A                                0.750000    1.020904   -0.270904 (VIOLATED)
ANTENNA_9/DIODE                         0.750000    1.020880   -0.270880 (VIOLATED)
fanout472/A                             0.750000    1.020874   -0.270874 (VIOLATED)
_2533_/S                                0.750000    1.020865   -0.270865 (VIOLATED)
_2672_/S                                0.750000    1.020862   -0.270862 (VIOLATED)
_2589_/A1                               0.750000    1.020854   -0.270854 (VIOLATED)
fanout471/A                             0.750000    1.020810   -0.270810 (VIOLATED)
fanout473/X                             0.750000    1.020795   -0.270795 (VIOLATED)
_2880_/A                                0.750000    1.014615   -0.264615 (VIOLATED)
_2888_/B1                               0.750000    1.014614   -0.264614 (VIOLATED)
_2883_/A                                0.750000    1.014613   -0.264613 (VIOLATED)
_2887_/B                                0.750000    1.014595   -0.264595 (VIOLATED)
_2862_/A                                0.750000    1.014559   -0.264559 (VIOLATED)
_2858_/A                                0.750000    1.014559   -0.264559 (VIOLATED)
_2860_/A                                0.750000    1.014559   -0.264559 (VIOLATED)
_2856_/A                                0.750000    1.014557   -0.264557 (VIOLATED)
_2854_/A_N                              0.750000    1.014556   -0.264556 (VIOLATED)
fanout344/A                             0.750000    1.014543   -0.264543 (VIOLATED)
fanout345/X                             0.750000    1.014542   -0.264542 (VIOLATED)
_2949_/B1                               0.750000    0.988829   -0.238829 (VIOLATED)
_2959_/B1                               0.750000    0.988811   -0.238811 (VIOLATED)
_2956_/B1                               0.750000    0.988808   -0.238808 (VIOLATED)
_2950_/B1                               0.750000    0.988802   -0.238802 (VIOLATED)
_2955_/B1                               0.750000    0.988778   -0.238778 (VIOLATED)
_2961_/B1                               0.750000    0.988766   -0.238766 (VIOLATED)
_2963_/B1                               0.750000    0.988763   -0.238763 (VIOLATED)
_2962_/B1                               0.750000    0.988762   -0.238762 (VIOLATED)
_2957_/B1                               0.750000    0.988761   -0.238761 (VIOLATED)
_2964_/B1                               0.750000    0.988761   -0.238761 (VIOLATED)
fanout176/X                             0.750000    0.988755   -0.238755 (VIOLATED)
_3862_/A1                               0.750000    0.981666   -0.231666 (VIOLATED)
_3608_/A1                               0.750000    0.981661   -0.231661 (VIOLATED)
_3658_/A0                               0.750000    0.981654   -0.231654 (VIOLATED)
_2584_/A                                0.750000    0.981621   -0.231621 (VIOLATED)
_2583_/A                                0.750000    0.981619   -0.231619 (VIOLATED)
_3484_/A                                0.750000    0.981580   -0.231580 (VIOLATED)
_3485_/A                                0.750000    0.981580   -0.231580 (VIOLATED)
_3256_/A                                0.750000    0.981552   -0.231552 (VIOLATED)
_3255_/A                                0.750000    0.981550   -0.231550 (VIOLATED)
_3415_/A1                               0.750000    0.981541   -0.231541 (VIOLATED)
fanout388/X                             0.750000    0.981540   -0.231540 (VIOLATED)
_2639_/B                                0.750000    0.981171   -0.231172 (VIOLATED)
_2636_/B                                0.750000    0.981166   -0.231166 (VIOLATED)
_2634_/B                                0.750000    0.981166   -0.231166 (VIOLATED)
_2633_/A                                0.750000    0.981091   -0.231091 (VIOLATED)
_3673_/A1                               0.750000    0.981020   -0.231020 (VIOLATED)
_4723_/A1                               0.750000    0.980950   -0.230950 (VIOLATED)
_4432_/A                                0.750000    0.980920   -0.230920 (VIOLATED)
_4468_/A                                0.750000    0.980920   -0.230920 (VIOLATED)
_4431_/A                                0.750000    0.980919   -0.230919 (VIOLATED)
_4554_/A1                               0.750000    0.980903   -0.230903 (VIOLATED)
fanout297/X                             0.750000    0.980903   -0.230903 (VIOLATED)
_2897_/B                                0.750000    0.975847   -0.225847 (VIOLATED)
_2923_/B2                               0.750000    0.975846   -0.225846 (VIOLATED)
_2898_/A2                               0.750000    0.975844   -0.225844 (VIOLATED)
_2945_/B2                               0.750000    0.975843   -0.225843 (VIOLATED)
_2942_/B2                               0.750000    0.975841   -0.225841 (VIOLATED)
_2939_/B2                               0.750000    0.975838   -0.225838 (VIOLATED)
_2917_/B2                               0.750000    0.975832   -0.225832 (VIOLATED)
_2920_/B2                               0.750000    0.975832   -0.225832 (VIOLATED)
_2901_/B2                               0.750000    0.975831   -0.225831 (VIOLATED)
_2936_/B2                               0.750000    0.975824   -0.225824 (VIOLATED)
fanout269/X                             0.750000    0.975822   -0.225822 (VIOLATED)
_2603_/B2                               0.750000    0.973094   -0.223094 (VIOLATED)
_2524_/B2                               0.750000    0.973091   -0.223091 (VIOLATED)
fanout361/A                             0.750000    0.973088   -0.223088 (VIOLATED)
_2511_/B2                               0.750000    0.973087   -0.223087 (VIOLATED)
_2647_/B2                               0.750000    0.973086   -0.223086 (VIOLATED)
_2593_/B2                               0.750000    0.973085   -0.223085 (VIOLATED)
_2475_/B2                               0.750000    0.973084   -0.223084 (VIOLATED)
_2534_/B2                               0.750000    0.973082   -0.223082 (VIOLATED)
_2499_/B2                               0.750000    0.973078   -0.223078 (VIOLATED)
_2487_/B2                               0.750000    0.973078   -0.223078 (VIOLATED)
fanout362/X                             0.750000    0.973076   -0.223076 (VIOLATED)
_2904_/A2                               0.750000    0.971872   -0.221872 (VIOLATED)
_2898_/B1                               0.750000    0.971869   -0.221869 (VIOLATED)
_3193_/B1                               0.750000    0.971864   -0.221864 (VIOLATED)
_3191_/B1                               0.750000    0.971856   -0.221856 (VIOLATED)
_2920_/A2                               0.750000    0.971843   -0.221843 (VIOLATED)
_3198_/B1                               0.750000    0.971829   -0.221829 (VIOLATED)
_3203_/B1                               0.750000    0.971827   -0.221827 (VIOLATED)
_3192_/B1                               0.750000    0.971825   -0.221825 (VIOLATED)
_2936_/A2                               0.750000    0.971801   -0.221801 (VIOLATED)
_2901_/A2                               0.750000    0.971799   -0.221799 (VIOLATED)
_2917_/A2                               0.750000    0.971795   -0.221795 (VIOLATED)
_3197_/B1                               0.750000    0.971788   -0.221788 (VIOLATED)
_2939_/A2                               0.750000    0.971786   -0.221786 (VIOLATED)
_2942_/A2                               0.750000    0.971785   -0.221785 (VIOLATED)
_2945_/A2                               0.750000    0.971764   -0.221764 (VIOLATED)
_2923_/A2                               0.750000    0.971756   -0.221756 (VIOLATED)
fanout204/X                             0.750000    0.971753   -0.221753 (VIOLATED)
_3205_/B1                               0.750000    0.971691   -0.221691 (VIOLATED)
_3204_/B1                               0.750000    0.971669   -0.221669 (VIOLATED)
_3206_/B1                               0.750000    0.971655   -0.221655 (VIOLATED)
_3199_/B1                               0.750000    0.971652   -0.221652 (VIOLATED)
fanout158/X                             0.750000    0.971648   -0.221648 (VIOLATED)
_3461_/B2                               0.750000    0.960559   -0.210559 (VIOLATED)
_3851_/A                                0.750000    0.960507   -0.210507 (VIOLATED)
fanout382/A                             0.750000    0.960449   -0.210449 (VIOLATED)
_2460_/D1                               0.750000    0.960447   -0.210447 (VIOLATED)
_3731_/C                                0.750000    0.960442   -0.210442 (VIOLATED)
_3732_/C                                0.750000    0.960407   -0.210407 (VIOLATED)
_3439_/A1                               0.750000    0.960179   -0.210179 (VIOLATED)
fanout383/X                             0.750000    0.960179   -0.210179 (VIOLATED)
_3190_/B                                0.750000    0.958289   -0.208289 (VIOLATED)
_3205_/A2                               0.750000    0.958289   -0.208289 (VIOLATED)
_3199_/A2                               0.750000    0.958288   -0.208288 (VIOLATED)
_3204_/A2                               0.750000    0.958287   -0.208287 (VIOLATED)
_3206_/A2                               0.750000    0.958286   -0.208286 (VIOLATED)
_3191_/A2                               0.750000    0.958282   -0.208282 (VIOLATED)
_3197_/A2                               0.750000    0.958273   -0.208273 (VIOLATED)
_3192_/A2                               0.750000    0.958270   -0.208270 (VIOLATED)
_3198_/A2                               0.750000    0.958269   -0.208269 (VIOLATED)
_3203_/A2                               0.750000    0.958261   -0.208261 (VIOLATED)
fanout241/X                             0.750000    0.958258   -0.208258 (VIOLATED)
_3626_/A1                               0.750000    0.956551   -0.206551 (VIOLATED)
_2852_/A                                0.750000    0.956521   -0.206521 (VIOLATED)
_2604_/A                                0.750000    0.956504   -0.206504 (VIOLATED)
_3474_/A                                0.750000    0.956395   -0.206395 (VIOLATED)
_3479_/A                                0.750000    0.956394   -0.206394 (VIOLATED)
_3480_/A1                               0.750000    0.956390   -0.206390 (VIOLATED)
_3486_/A1                               0.750000    0.956375   -0.206375 (VIOLATED)
_3403_/A                                0.750000    0.956352   -0.206352 (VIOLATED)
_3411_/A1                               0.750000    0.956352   -0.206352 (VIOLATED)
_3260_/A                                0.750000    0.956351   -0.206351 (VIOLATED)
fanout391/X                             0.750000    0.956351   -0.206351 (VIOLATED)
_4407_/A                                0.750000    0.942878   -0.192878 (VIOLATED)
fanout389/A                             0.750000    0.942738   -0.192738 (VIOLATED)
_3478_/A                                0.750000    0.942639   -0.192639 (VIOLATED)
_3477_/A                                0.750000    0.942637   -0.192637 (VIOLATED)
_3258_/A                                0.750000    0.942600   -0.192600 (VIOLATED)
_3259_/A                                0.750000    0.942591   -0.192591 (VIOLATED)
_3413_/A1                               0.750000    0.942590   -0.192590 (VIOLATED)
fanout390/X                             0.750000    0.942583   -0.192583 (VIOLATED)
_3083_/B1                               0.750000    0.940095   -0.190095 (VIOLATED)
_3081_/B1                               0.750000    0.940092   -0.190092 (VIOLATED)
_3082_/B1                               0.750000    0.940077   -0.190077 (VIOLATED)
_3091_/B1                               0.750000    0.940075   -0.190075 (VIOLATED)
_3093_/B1                               0.750000    0.940072   -0.190072 (VIOLATED)
_3087_/B1                               0.750000    0.940037   -0.190037 (VIOLATED)
_3094_/B1                               0.750000    0.940029   -0.190029 (VIOLATED)
_3096_/B1                               0.750000    0.940029   -0.190029 (VIOLATED)
_3089_/B1                               0.750000    0.940028   -0.190028 (VIOLATED)
_3095_/B1                               0.750000    0.940027   -0.190027 (VIOLATED)
fanout166/X                             0.750000    0.940008   -0.190008 (VIOLATED)
_3007_/B1                               0.750000    0.936096   -0.186096 (VIOLATED)
_3044_/B1                               0.750000    0.936094   -0.186094 (VIOLATED)
_3046_/B1                               0.750000    0.936090   -0.186090 (VIOLATED)
_3009_/B1                               0.750000    0.936089   -0.186089 (VIOLATED)
_3054_/B1                               0.750000    0.936079   -0.186079 (VIOLATED)
_3045_/B1                               0.750000    0.936074   -0.186074 (VIOLATED)
_3056_/B1                               0.750000    0.936071   -0.186071 (VIOLATED)
_3050_/B1                               0.750000    0.936069   -0.186069 (VIOLATED)
_3058_/B1                               0.750000    0.936053   -0.186053 (VIOLATED)
_3052_/B1                               0.750000    0.936051   -0.186051 (VIOLATED)
_3057_/B1                               0.750000    0.936051   -0.186051 (VIOLATED)
_3059_/B1                               0.750000    0.936051   -0.186051 (VIOLATED)
fanout257/X                             0.750000    0.936047   -0.186048 (VIOLATED)
_3017_/B1                               0.750000    0.936041   -0.186041 (VIOLATED)
_3019_/B1                               0.750000    0.936040   -0.186040 (VIOLATED)
_3008_/B1                               0.750000    0.936033   -0.186033 (VIOLATED)
_3013_/B1                               0.750000    0.936022   -0.186022 (VIOLATED)
_3020_/B1                               0.750000    0.936020   -0.186020 (VIOLATED)
_3022_/B1                               0.750000    0.936020   -0.186020 (VIOLATED)
_3015_/B1                               0.750000    0.936019   -0.186019 (VIOLATED)
_3021_/B1                               0.750000    0.936018   -0.186018 (VIOLATED)
fanout172/X                             0.750000    0.936010   -0.186010 (VIOLATED)
_3598_/A1                               0.750000    0.926623   -0.176623 (VIOLATED)
_2573_/A                                0.750000    0.926615   -0.176615 (VIOLATED)
_2612_/A                                0.750000    0.926614   -0.176614 (VIOLATED)
_2610_/A                                0.750000    0.926608   -0.176608 (VIOLATED)
_2611_/A                                0.750000    0.926608   -0.176608 (VIOLATED)
_3492_/A                                0.750000    0.926564   -0.176564 (VIOLATED)
_3493_/A                                0.750000    0.926564   -0.176564 (VIOLATED)
_3269_/A                                0.750000    0.926518   -0.176518 (VIOLATED)
_3268_/A                                0.750000    0.926505   -0.176505 (VIOLATED)
_3417_/A1                               0.750000    0.926500   -0.176500 (VIOLATED)
fanout387/X                             0.750000    0.926497   -0.176497 (VIOLATED)
_3461_/A1                               0.750000    0.923415   -0.173415 (VIOLATED)
_3732_/D                                0.750000    0.923399   -0.173399 (VIOLATED)
_3731_/D                                0.750000    0.923388   -0.173388 (VIOLATED)
_4209_/A1                               0.750000    0.923387   -0.173387 (VIOLATED)
_4232_/A1                               0.750000    0.923386   -0.173386 (VIOLATED)
_4272_/A1                               0.750000    0.923385   -0.173385 (VIOLATED)
fanout384/A                             0.750000    0.923355   -0.173355 (VIOLATED)
fanout385/X                             0.750000    0.923354   -0.173354 (VIOLATED)
_3155_/A2                               0.750000    0.917773   -0.167773 (VIOLATED)
_3165_/A2                               0.750000    0.917750   -0.167750 (VIOLATED)
_3156_/A2                               0.750000    0.917744   -0.167744 (VIOLATED)
_3167_/A2                               0.750000    0.917717   -0.167717 (VIOLATED)
_3170_/A2                               0.750000    0.917710   -0.167710 (VIOLATED)
_3161_/A2                               0.750000    0.917709   -0.167709 (VIOLATED)
_3154_/B                                0.750000    0.917708   -0.167708 (VIOLATED)
_3169_/A2                               0.750000    0.917708   -0.167708 (VIOLATED)
_3168_/A2                               0.750000    0.917706   -0.167706 (VIOLATED)
_3163_/A2                               0.750000    0.917705   -0.167705 (VIOLATED)
fanout245/X                             0.750000    0.917705   -0.167705 (VIOLATED)
_2692_/A                                0.750000    0.912539   -0.162539 (VIOLATED)
_2698_/A                                0.750000    0.912535   -0.162535 (VIOLATED)
_3654_/S                                0.750000    0.912486   -0.162486 (VIOLATED)
_3655_/S                                0.750000    0.912485   -0.162485 (VIOLATED)
_2707_/A1                               0.750000    0.912484   -0.162484 (VIOLATED)
_4485_/A1                               0.750000    0.912478   -0.162478 (VIOLATED)
_4609_/A0                               0.750000    0.912473   -0.162473 (VIOLATED)
_4591_/B2                               0.750000    0.912469   -0.162469 (VIOLATED)
_4547_/A                                0.750000    0.912463   -0.162463 (VIOLATED)
_4648_/A1                               0.750000    0.912463   -0.162463 (VIOLATED)
fanout327/X                             0.750000    0.912461   -0.162461 (VIOLATED)
_3132_/B1                               0.750000    0.907682   -0.157682 (VIOLATED)
_3126_/B1                               0.750000    0.907681   -0.157681 (VIOLATED)
_3131_/B1                               0.750000    0.907678   -0.157678 (VIOLATED)
_3133_/B1                               0.750000    0.907665   -0.157665 (VIOLATED)
_3130_/B1                               0.750000    0.907656   -0.157656 (VIOLATED)
_3121_/B1                               0.750000    0.907649   -0.157649 (VIOLATED)
_3118_/B1                               0.750000    0.907648   -0.157648 (VIOLATED)
_3120_/B1                               0.750000    0.907647   -0.157648 (VIOLATED)
_3124_/B1                               0.750000    0.907646   -0.157646 (VIOLATED)
_3119_/B1                               0.750000    0.907644   -0.157644 (VIOLATED)
fanout164/X                             0.750000    0.907640   -0.157640 (VIOLATED)
_3209_/A2                               0.750000    0.905514   -0.155514 (VIOLATED)
_3219_/A2                               0.750000    0.905472   -0.155472 (VIOLATED)
_3208_/B                                0.750000    0.905451   -0.155451 (VIOLATED)
_3223_/A2                               0.750000    0.905451   -0.155451 (VIOLATED)
_3221_/A2                               0.750000    0.905450   -0.155450 (VIOLATED)
_3222_/A2                               0.750000    0.905450   -0.155450 (VIOLATED)
_3217_/A2                               0.750000    0.905448   -0.155448 (VIOLATED)
_3224_/A2                               0.750000    0.905446   -0.155446 (VIOLATED)
_3215_/A2                               0.750000    0.905443   -0.155443 (VIOLATED)
_3210_/A2                               0.750000    0.905431   -0.155431 (VIOLATED)
fanout239/X                             0.750000    0.905429   -0.155429 (VIOLATED)
_3211_/B1                               0.750000    0.896739   -0.146739 (VIOLATED)
_3209_/B1                               0.750000    0.896739   -0.146739 (VIOLATED)
_3219_/B1                               0.750000    0.896718   -0.146718 (VIOLATED)
_3210_/B1                               0.750000    0.896717   -0.146717 (VIOLATED)
_3221_/B1                               0.750000    0.896697   -0.146697 (VIOLATED)
_3215_/B1                               0.750000    0.896654   -0.146654 (VIOLATED)
_3224_/B1                               0.750000    0.896631   -0.146631 (VIOLATED)
_3222_/B1                               0.750000    0.896624   -0.146624 (VIOLATED)
_3217_/B1                               0.750000    0.896620   -0.146620 (VIOLATED)
_3223_/B1                               0.750000    0.896602   -0.146602 (VIOLATED)
fanout156/X                             0.750000    0.896598   -0.146598 (VIOLATED)
_3118_/A2                               0.750000    0.895835   -0.145835 (VIOLATED)
_3120_/A2                               0.750000    0.895835   -0.145835 (VIOLATED)
_3117_/B                                0.750000    0.895814   -0.145814 (VIOLATED)
_3119_/A2                               0.750000    0.895800   -0.145800 (VIOLATED)
_3124_/A2                               0.750000    0.895779   -0.145779 (VIOLATED)
_3132_/A2                               0.750000    0.895778   -0.145778 (VIOLATED)
_3131_/A2                               0.750000    0.895777   -0.145777 (VIOLATED)
_3126_/A2                               0.750000    0.895775   -0.145775 (VIOLATED)
_3130_/A2                               0.750000    0.895773   -0.145773 (VIOLATED)
_3133_/A2                               0.750000    0.895773   -0.145773 (VIOLATED)
fanout249/X                             0.750000    0.895767   -0.145767 (VIOLATED)
_3062_/B1                               0.750000    0.894936   -0.144936 (VIOLATED)
_3064_/B1                               0.750000    0.894922   -0.144922 (VIOLATED)
_3063_/B1                               0.750000    0.894884   -0.144884 (VIOLATED)
_3072_/B1                               0.750000    0.894845   -0.144845 (VIOLATED)
_3074_/B1                               0.750000    0.894740   -0.144741 (VIOLATED)
_3068_/B1                               0.750000    0.894714   -0.144714 (VIOLATED)
_3075_/B1                               0.750000    0.894564   -0.144564 (VIOLATED)
_3077_/B1                               0.750000    0.894558   -0.144559 (VIOLATED)
_3070_/B1                               0.750000    0.894539   -0.144539 (VIOLATED)
_3076_/B1                               0.750000    0.894530   -0.144530 (VIOLATED)
fanout168/X                             0.750000    0.894530   -0.144530 (VIOLATED)
_3044_/A2                               0.750000    0.894355   -0.144355 (VIOLATED)
_3045_/A2                               0.750000    0.894324   -0.144324 (VIOLATED)
_3054_/A2                               0.750000    0.894323   -0.144323 (VIOLATED)
_3057_/A2                               0.750000    0.894321   -0.144321 (VIOLATED)
_3059_/A2                               0.750000    0.894320   -0.144320 (VIOLATED)
_3052_/A2                               0.750000    0.894320   -0.144320 (VIOLATED)
_3043_/B                                0.750000    0.894319   -0.144319 (VIOLATED)
_3056_/A2                               0.750000    0.894319   -0.144319 (VIOLATED)
_3058_/A2                               0.750000    0.894319   -0.144319 (VIOLATED)
_3050_/A2                               0.750000    0.894317   -0.144317 (VIOLATED)
fanout286/X                             0.750000    0.894314   -0.144314 (VIOLATED)
_3157_/B1                               0.750000    0.891822   -0.141822 (VIOLATED)
_3155_/B1                               0.750000    0.891821   -0.141821 (VIOLATED)
_3165_/B1                               0.750000    0.891818   -0.141818 (VIOLATED)
_3156_/B1                               0.750000    0.891815   -0.141815 (VIOLATED)
_3167_/B1                               0.750000    0.891811   -0.141811 (VIOLATED)
_3161_/B1                               0.750000    0.891811   -0.141811 (VIOLATED)
_3170_/B1                               0.750000    0.891810   -0.141810 (VIOLATED)
_3163_/B1                               0.750000    0.891809   -0.141809 (VIOLATED)
_3169_/B1                               0.750000    0.891809   -0.141809 (VIOLATED)
_3168_/B1                               0.750000    0.891591   -0.141591 (VIOLATED)
fanout160/X                             0.750000    0.891591   -0.141591 (VIOLATED)
_2428_/A                                0.750000    0.882027   -0.132027 (VIOLATED)
_2451_/A                                0.750000    0.882024   -0.132024 (VIOLATED)
_3731_/A                                0.750000    0.882024   -0.132024 (VIOLATED)
_2445_/D                                0.750000    0.882024   -0.132024 (VIOLATED)
_2460_/B1                               0.750000    0.882024   -0.132024 (VIOLATED)
_3463_/A                                0.750000    0.882015   -0.132016 (VIOLATED)
_2449_/A                                0.750000    0.882000   -0.132000 (VIOLATED)
_3732_/A                                0.750000    0.881995   -0.131995 (VIOLATED)
_2450_/A                                0.750000    0.881960   -0.131960 (VIOLATED)
_3443_/A1                               0.750000    0.881889   -0.131889 (VIOLATED)
fanout378/X                             0.750000    0.881889   -0.131889 (VIOLATED)
_4201_/A                                0.750000    0.877997   -0.127997 (VIOLATED)
_4521_/A1                               0.750000    0.877995   -0.127995 (VIOLATED)
_3976_/A0                               0.750000    0.877970   -0.127970 (VIOLATED)
fanout312/A                             0.750000    0.877964   -0.127964 (VIOLATED)
_2526_/B                                0.750000    0.877961   -0.127961 (VIOLATED)
_2525_/B                                0.750000    0.877961   -0.127961 (VIOLATED)
_2622_/B                                0.750000    0.877961   -0.127961 (VIOLATED)
_3803_/A                                0.750000    0.877958   -0.127958 (VIOLATED)
_3804_/A                                0.750000    0.877957   -0.127957 (VIOLATED)
_3884_/B                                0.750000    0.877956   -0.127956 (VIOLATED)
fanout313/X                             0.750000    0.877955   -0.127955 (VIOLATED)
_2732_/B1                               0.750000    0.874969   -0.124969 (VIOLATED)
_2714_/B1                               0.750000    0.874966   -0.124966 (VIOLATED)
_2804_/B1                               0.750000    0.874910   -0.124910 (VIOLATED)
_2723_/B1                               0.750000    0.874877   -0.124877 (VIOLATED)
_2822_/B1                               0.750000    0.874826   -0.124826 (VIOLATED)
_2768_/B1                               0.750000    0.874825   -0.124825 (VIOLATED)
_2786_/B1                               0.750000    0.874818   -0.124818 (VIOLATED)
_2840_/B1                               0.750000    0.874812   -0.124812 (VIOLATED)
_2850_/B2                               0.750000    0.874804   -0.124804 (VIOLATED)
_2832_/B2                               0.750000    0.874801   -0.124801 (VIOLATED)
fanout357/X                             0.750000    0.874801   -0.124801 (VIOLATED)
_3081_/A2                               0.750000    0.870676   -0.120676 (VIOLATED)
_3082_/A2                               0.750000    0.870660   -0.120660 (VIOLATED)
_3091_/A2                               0.750000    0.870660   -0.120660 (VIOLATED)
_3094_/A2                               0.750000    0.870658   -0.120658 (VIOLATED)
_3096_/A2                               0.750000    0.870658   -0.120658 (VIOLATED)
_3093_/A2                               0.750000    0.870657   -0.120657 (VIOLATED)
_3089_/A2                               0.750000    0.870657   -0.120657 (VIOLATED)
_3080_/B                                0.750000    0.870655   -0.120655 (VIOLATED)
_3095_/A2                               0.750000    0.870655   -0.120655 (VIOLATED)
_3087_/A2                               0.750000    0.870652   -0.120652 (VIOLATED)
fanout253/X                             0.750000    0.870439   -0.120439 (VIOLATED)
_3007_/A2                               0.750000    0.865562   -0.115562 (VIOLATED)
_3017_/A2                               0.750000    0.865542   -0.115542 (VIOLATED)
_3019_/A2                               0.750000    0.865540   -0.115540 (VIOLATED)
_3008_/A2                               0.750000    0.865532   -0.115532 (VIOLATED)
_3013_/A2                               0.750000    0.865531   -0.115531 (VIOLATED)
_3020_/A2                               0.750000    0.865531   -0.115531 (VIOLATED)
_3022_/A2                               0.750000    0.865531   -0.115531 (VIOLATED)
_3015_/A2                               0.750000    0.865530   -0.115530 (VIOLATED)
_3006_/B                                0.750000    0.865528   -0.115528 (VIOLATED)
_3021_/A2                               0.750000    0.865528   -0.115528 (VIOLATED)
fanout261/X                             0.750000    0.865522   -0.115522 (VIOLATED)
_2988_/A2                               0.750000    0.861505   -0.111505 (VIOLATED)
_2998_/A2                               0.750000    0.861455   -0.111455 (VIOLATED)
_3000_/A2                               0.750000    0.861437   -0.111437 (VIOLATED)
_3001_/A2                               0.750000    0.861432   -0.111432 (VIOLATED)
_2994_/A2                               0.750000    0.861421   -0.111421 (VIOLATED)
_3003_/A2                               0.750000    0.861411   -0.111411 (VIOLATED)
_2987_/B                                0.750000    0.861401   -0.111401 (VIOLATED)
_2996_/A2                               0.750000    0.861398   -0.111398 (VIOLATED)
_3002_/A2                               0.750000    0.861396   -0.111396 (VIOLATED)
_2989_/A2                               0.750000    0.861388   -0.111388 (VIOLATED)
fanout263/X                             0.750000    0.861388   -0.111388 (VIOLATED)
_2714_/A1                               0.750000    0.844206   -0.094206 (VIOLATED)
ANTENNA_6/DIODE                         0.750000    0.844205   -0.094205 (VIOLATED)
ANTENNA_8/DIODE                         0.750000    0.844188   -0.094188 (VIOLATED)
_2802_/A                                0.750000    0.844186   -0.094186 (VIOLATED)
_2721_/A                                0.750000    0.844169   -0.094169 (VIOLATED)
ANTENNA_7/DIODE                         0.750000    0.844165   -0.094165 (VIOLATED)
_2828_/A1                               0.750000    0.844155   -0.094155 (VIOLATED)
_2846_/A1                               0.750000    0.844155   -0.094155 (VIOLATED)
_2840_/A1                               0.750000    0.844153   -0.094153 (VIOLATED)
_2831_/S                                0.750000    0.844153   -0.094153 (VIOLATED)
_2786_/A1                               0.750000    0.844152   -0.094152 (VIOLATED)
_2822_/A1                               0.750000    0.844152   -0.094152 (VIOLATED)
_2768_/A1                               0.750000    0.844150   -0.094150 (VIOLATED)
fanout359/X                             0.750000    0.844147   -0.094147 (VIOLATED)
_3100_/A2                               0.750000    0.839976   -0.089976 (VIOLATED)
_3102_/A2                               0.750000    0.839975   -0.089975 (VIOLATED)
_3114_/A2                               0.750000    0.839964   -0.089964 (VIOLATED)
_3101_/A2                               0.750000    0.839962   -0.089962 (VIOLATED)
_3106_/A2                               0.750000    0.839952   -0.089952 (VIOLATED)
_3099_/B                                0.750000    0.839951   -0.089951 (VIOLATED)
_3113_/A2                               0.750000    0.839914   -0.089914 (VIOLATED)
_3108_/A2                               0.750000    0.839914   -0.089914 (VIOLATED)
_3115_/A2                               0.750000    0.839898   -0.089898 (VIOLATED)
_3112_/A2                               0.750000    0.839890   -0.089890 (VIOLATED)
fanout284/X                             0.750000    0.839887   -0.089887 (VIOLATED)
_2969_/A2                               0.750000    0.838995   -0.088995 (VIOLATED)
_2970_/A2                               0.750000    0.838949   -0.088949 (VIOLATED)
_2979_/A2                               0.750000    0.838937   -0.088937 (VIOLATED)
_2981_/A2                               0.750000    0.838878   -0.088878 (VIOLATED)
_2975_/A2                               0.750000    0.838842   -0.088842 (VIOLATED)
_2984_/A2                               0.750000    0.838829   -0.088829 (VIOLATED)
_2982_/A2                               0.750000    0.838790   -0.088790 (VIOLATED)
_2977_/A2                               0.750000    0.838781   -0.088781 (VIOLATED)
_2983_/A2                               0.750000    0.838759   -0.088759 (VIOLATED)
_2968_/B                                0.750000    0.838739   -0.088739 (VIOLATED)
fanout288/X                             0.750000    0.838738   -0.088738 (VIOLATED)
_4151_/A0                               0.750000    0.828998   -0.078998 (VIOLATED)
_3649_/A1                               0.750000    0.828976   -0.078976 (VIOLATED)
_3663_/A0                               0.750000    0.828922   -0.078922 (VIOLATED)
_3978_/A1                               0.750000    0.828897   -0.078897 (VIOLATED)
_2535_/A                                0.750000    0.828850   -0.078850 (VIOLATED)
_2536_/B                                0.750000    0.828786   -0.078786 (VIOLATED)
_2620_/B                                0.750000    0.828786   -0.078786 (VIOLATED)
_3793_/A                                0.750000    0.828774   -0.078774 (VIOLATED)
_3790_/A                                0.750000    0.828771   -0.078771 (VIOLATED)
_3792_/A                                0.750000    0.828771   -0.078771 (VIOLATED)
fanout310/X                             0.750000    0.828770   -0.078770 (VIOLATED)
_4273_/B1                               0.750000    0.828126   -0.078126 (VIOLATED)
_4321_/B1                               0.750000    0.828119   -0.078119 (VIOLATED)
_4300_/B1                               0.750000    0.828115   -0.078115 (VIOLATED)
_4348_/B1                               0.750000    0.828108   -0.078108 (VIOLATED)
_4372_/A2                               0.750000    0.828092   -0.078092 (VIOLATED)
_4158_/B1                               0.750000    0.828071   -0.078071 (VIOLATED)
_4135_/B1                               0.750000    0.828067   -0.078067 (VIOLATED)
_4256_/B1                               0.750000    0.828065   -0.078065 (VIOLATED)
_4084_/A2_N                             0.750000    0.828062   -0.078062 (VIOLATED)
_4101_/B1                               0.750000    0.828060   -0.078060 (VIOLATED)
fanout276/X                             0.750000    0.828060   -0.078060 (VIOLATED)
_4457_/B                                0.750000    0.826127   -0.076127 (VIOLATED)
_3956_/A1                               0.750000    0.826124   -0.076124 (VIOLATED)
_3632_/A1                               0.750000    0.826102   -0.076103 (VIOLATED)
_3670_/A1                               0.750000    0.826059   -0.076059 (VIOLATED)
_4007_/A0                               0.750000    0.826026   -0.076026 (VIOLATED)
_3741_/A                                0.750000    0.825964   -0.075964 (VIOLATED)
_2500_/A                                0.750000    0.825962   -0.075963 (VIOLATED)
_3742_/A                                0.750000    0.825962   -0.075962 (VIOLATED)
_2501_/B                                0.750000    0.825961   -0.075961 (VIOLATED)
_2503_/B                                0.750000    0.825961   -0.075961 (VIOLATED)
fanout316/X                             0.750000    0.825961   -0.075961 (VIOLATED)
_3607_/B2                               0.750000    0.821506   -0.071506 (VIOLATED)
_3597_/B2                               0.750000    0.821505   -0.071505 (VIOLATED)
_3802_/B2                               0.750000    0.821501   -0.071501 (VIOLATED)
_3616_/B2                               0.750000    0.821491   -0.071491 (VIOLATED)
_3752_/B2                               0.750000    0.821489   -0.071489 (VIOLATED)
_3789_/B2                               0.750000    0.821480   -0.071480 (VIOLATED)
_3776_/B2                               0.750000    0.821476   -0.071476 (VIOLATED)
_3690_/B2                               0.750000    0.821475   -0.071475 (VIOLATED)
_3740_/B2                               0.750000    0.821475   -0.071475 (VIOLATED)
_3765_/B2                               0.750000    0.821475   -0.071475 (VIOLATED)
fanout366/X                             0.750000    0.821475   -0.071475 (VIOLATED)
_3062_/A2                               0.750000    0.818886   -0.068886 (VIOLATED)
_3063_/A2                               0.750000    0.818880   -0.068880 (VIOLATED)
_3072_/A2                               0.750000    0.818879   -0.068879 (VIOLATED)
_3076_/A2                               0.750000    0.818872   -0.068872 (VIOLATED)
_3061_/B                                0.750000    0.818871   -0.068871 (VIOLATED)
_3070_/A2                               0.750000    0.818871   -0.068871 (VIOLATED)
_3075_/A2                               0.750000    0.818871   -0.068871 (VIOLATED)
_3077_/A2                               0.750000    0.818871   -0.068871 (VIOLATED)
_3068_/A2                               0.750000    0.818869   -0.068869 (VIOLATED)
_3074_/A2                               0.750000    0.818869   -0.068869 (VIOLATED)
fanout255/X                             0.750000    0.818869   -0.068869 (VIOLATED)
_2983_/B1                               0.750000    0.817985   -0.067985 (VIOLATED)
_2977_/B1                               0.750000    0.817978   -0.067978 (VIOLATED)
_2982_/B1                               0.750000    0.817971   -0.067972 (VIOLATED)
_2984_/B1                               0.750000    0.817959   -0.067959 (VIOLATED)
_2975_/B1                               0.750000    0.817952   -0.067952 (VIOLATED)
_2969_/B1                               0.750000    0.817948   -0.067948 (VIOLATED)
_2971_/B1                               0.750000    0.817944   -0.067944 (VIOLATED)
_2981_/B1                               0.750000    0.817943   -0.067943 (VIOLATED)
_2979_/B1                               0.750000    0.817922   -0.067922 (VIOLATED)
_2970_/B1                               0.750000    0.817897   -0.067897 (VIOLATED)
fanout265/X                             0.750000    0.817891   -0.067891 (VIOLATED)
_2715_/A1                               0.750000    0.816763   -0.066763 (VIOLATED)
_2805_/A1                               0.750000    0.816732   -0.066732 (VIOLATED)
_2724_/A1                               0.750000    0.816726   -0.066726 (VIOLATED)
_2823_/A1                               0.750000    0.816724   -0.066724 (VIOLATED)
_2769_/A1                               0.750000    0.816723   -0.066723 (VIOLATED)
_2787_/A1                               0.750000    0.816710   -0.066710 (VIOLATED)
_2841_/A1                               0.750000    0.816709   -0.066709 (VIOLATED)
_2437_/A                                0.750000    0.816708   -0.066708 (VIOLATED)
_2828_/B1                               0.750000    0.816707   -0.066707 (VIOLATED)
_2846_/B1                               0.750000    0.816706   -0.066707 (VIOLATED)
fanout393/X                             0.750000    0.816701   -0.066701 (VIOLATED)
_3137_/A2                               0.750000    0.815506   -0.065506 (VIOLATED)
_3143_/A2                               0.750000    0.815493   -0.065493 (VIOLATED)
_3147_/A2                               0.750000    0.815492   -0.065492 (VIOLATED)
_3138_/A2                               0.750000    0.815491   -0.065491 (VIOLATED)
_3149_/A2                               0.750000    0.815475   -0.065475 (VIOLATED)
_3152_/A2                               0.750000    0.815470   -0.065470 (VIOLATED)
_3136_/B                                0.750000    0.815467   -0.065468 (VIOLATED)
_3151_/A2                               0.750000    0.815467   -0.065467 (VIOLATED)
_3145_/A2                               0.750000    0.815463   -0.065463 (VIOLATED)
_3150_/A2                               0.750000    0.815463   -0.065463 (VIOLATED)
fanout247/X                             0.750000    0.815255   -0.065255 (VIOLATED)
_3112_/B1                               0.750000    0.807044   -0.057044 (VIOLATED)
_3115_/B1                               0.750000    0.807043   -0.057043 (VIOLATED)
_3108_/B1                               0.750000    0.807035   -0.057035 (VIOLATED)
_3113_/B1                               0.750000    0.807025   -0.057025 (VIOLATED)
_3114_/B1                               0.750000    0.807007   -0.057007 (VIOLATED)
_3103_/B1                               0.750000    0.807004   -0.057004 (VIOLATED)
_3100_/B1                               0.750000    0.807001   -0.057001 (VIOLATED)
_3102_/B1                               0.750000    0.807000   -0.057000 (VIOLATED)
_3106_/B1                               0.750000    0.806991   -0.056991 (VIOLATED)
_3101_/B1                               0.750000    0.806989   -0.056989 (VIOLATED)
fanout251/X                             0.750000    0.806983   -0.056983 (VIOLATED)
_3027_/B1                               0.750000    0.806709   -0.056709 (VIOLATED)
_3025_/B1                               0.750000    0.806701   -0.056701 (VIOLATED)
_3035_/B1                               0.750000    0.806583   -0.056583 (VIOLATED)
_3037_/B1                               0.750000    0.806562   -0.056562 (VIOLATED)
_3026_/B1                               0.750000    0.806542   -0.056542 (VIOLATED)
_3031_/B1                               0.750000    0.806531   -0.056531 (VIOLATED)
_3038_/B1                               0.750000    0.806505   -0.056505 (VIOLATED)
_3040_/B1                               0.750000    0.806485   -0.056485 (VIOLATED)
_3033_/B1                               0.750000    0.806451   -0.056451 (VIOLATED)
_3039_/B1                               0.750000    0.806444   -0.056444 (VIOLATED)
fanout170/X                             0.750000    0.806440   -0.056440 (VIOLATED)
_3593_/B1                               0.750000    0.800808   -0.050808 (VIOLATED)
_3719_/B1                               0.750000    0.800797   -0.050797 (VIOLATED)
_3612_/B1                               0.750000    0.800790   -0.050790 (VIOLATED)
_3748_/B1                               0.750000    0.800787   -0.050787 (VIOLATED)
_3785_/B1                               0.750000    0.800783   -0.050783 (VIOLATED)
_3736_/B1                               0.750000    0.800780   -0.050780 (VIOLATED)
_3686_/B1                               0.750000    0.800780   -0.050780 (VIOLATED)
_3772_/B1                               0.750000    0.800780   -0.050780 (VIOLATED)
_2432_/A                                0.750000    0.800779   -0.050779 (VIOLATED)
_3761_/B1                               0.750000    0.800779   -0.050779 (VIOLATED)
fanout432/X                             0.750000    0.800777   -0.050777 (VIOLATED)
_2990_/B1                               0.750000    0.797151   -0.047151 (VIOLATED)
_2988_/B1                               0.750000    0.797143   -0.047143 (VIOLATED)
_2998_/B1                               0.750000    0.797120   -0.047120 (VIOLATED)
_2989_/B1                               0.750000    0.797119   -0.047119 (VIOLATED)
_3000_/B1                               0.750000    0.797097   -0.047097 (VIOLATED)
_2994_/B1                               0.750000    0.797069   -0.047069 (VIOLATED)
_3003_/B1                               0.750000    0.797048   -0.047048 (VIOLATED)
_3001_/B1                               0.750000    0.797031   -0.047031 (VIOLATED)
_2996_/B1                               0.750000    0.797011   -0.047011 (VIOLATED)
_3002_/B1                               0.750000    0.797006   -0.047006 (VIOLATED)
fanout174/X                             0.750000    0.797003   -0.047003 (VIOLATED)
_2956_/A2                               0.750000    0.794684   -0.044684 (VIOLATED)
_2959_/A2                               0.750000    0.794683   -0.044683 (VIOLATED)
_2950_/A2                               0.750000    0.794677   -0.044677 (VIOLATED)
_2963_/A2                               0.750000    0.794675   -0.044675 (VIOLATED)
_2962_/A2                               0.750000    0.794672   -0.044673 (VIOLATED)
_2957_/A2                               0.750000    0.794671   -0.044671 (VIOLATED)
_2964_/A2                               0.750000    0.794671   -0.044671 (VIOLATED)
_2948_/B                                0.750000    0.794667   -0.044667 (VIOLATED)
_2955_/A2                               0.750000    0.794661   -0.044661 (VIOLATED)
_2961_/A2                               0.750000    0.794457   -0.044457 (VIOLATED)
fanout267/X                             0.750000    0.794457   -0.044457 (VIOLATED)
_4517_/A1                               0.750000    0.790431   -0.040431 (VIOLATED)
fanout318/A                             0.750000    0.790429   -0.040429 (VIOLATED)
_4787_/A0                               0.750000    0.790417   -0.040417 (VIOLATED)
_4007_/A1                               0.750000    0.790409   -0.040409 (VIOLATED)
_3944_/B                                0.750000    0.790405   -0.040405 (VIOLATED)
_2489_/B                                0.750000    0.790392   -0.040392 (VIOLATED)
_2488_/B                                0.750000    0.790390   -0.040390 (VIOLATED)
_3766_/A                                0.750000    0.790362   -0.040362 (VIOLATED)
_3767_/A                                0.750000    0.790360   -0.040360 (VIOLATED)
_3915_/B                                0.750000    0.790356   -0.040356 (VIOLATED)
fanout319/X                             0.750000    0.790355   -0.040355 (VIOLATED)
_3025_/A2                               0.750000    0.788532   -0.038532 (VIOLATED)
_3035_/A2                               0.750000    0.788471   -0.038471 (VIOLATED)
_3037_/A2                               0.750000    0.788463   -0.038463 (VIOLATED)
_3031_/A2                               0.750000    0.788450   -0.038450 (VIOLATED)
_3040_/A2                               0.750000    0.788436   -0.038436 (VIOLATED)
_3038_/A2                               0.750000    0.788435   -0.038435 (VIOLATED)
_3033_/A2                               0.750000    0.788422   -0.038422 (VIOLATED)
_3039_/A2                               0.750000    0.788422   -0.038422 (VIOLATED)
_3024_/B                                0.750000    0.788422   -0.038422 (VIOLATED)
_3026_/A2                               0.750000    0.788418   -0.038418 (VIOLATED)
fanout259/X                             0.750000    0.788416   -0.038416 (VIOLATED)
_4080_/A2                               0.750000    0.783385   -0.033385 (VIOLATED)
_4549_/B1                               0.750000    0.783382   -0.033382 (VIOLATED)
_4052_/A2                               0.750000    0.783378   -0.033378 (VIOLATED)
_3996_/B1                               0.750000    0.783377   -0.033377 (VIOLATED)
_4140_/B1                               0.750000    0.783355   -0.033355 (VIOLATED)
_4139_/B                                0.750000    0.783346   -0.033346 (VIOLATED)
_4697_/A2                               0.750000    0.783309   -0.033309 (VIOLATED)
_4187_/A3                               0.750000    0.783287   -0.033287 (VIOLATED)
_4279_/B                                0.750000    0.783284   -0.033284 (VIOLATED)
_4360_/B                                0.750000    0.783281   -0.033281 (VIOLATED)
fanout332/X                             0.750000    0.783277   -0.033277 (VIOLATED)
_3981_/A                                0.750000    0.782190   -0.032190 (VIOLATED)
_4043_/A                                0.750000    0.782188   -0.032188 (VIOLATED)
_4524_/A1                               0.750000    0.782179   -0.032179 (VIOLATED)
_3639_/A                                0.750000    0.782147   -0.032147 (VIOLATED)
_3659_/A1                               0.750000    0.782133   -0.032133 (VIOLATED)
_3974_/A1                               0.750000    0.782102   -0.032102 (VIOLATED)
fanout300/A                             0.750000    0.782050   -0.032050 (VIOLATED)
fanout299/A                             0.750000    0.782041   -0.032041 (VIOLATED)
fanout301/X                             0.750000    0.782041   -0.032041 (VIOLATED)
fanout314/A                             0.750000    0.781847   -0.031847 (VIOLATED)
_4758_/A0                               0.750000    0.781836   -0.031836 (VIOLATED)
_4009_/A1                               0.750000    0.781816   -0.031816 (VIOLATED)
_4610_/A2                               0.750000    0.781810   -0.031810 (VIOLATED)
_2512_/A                                0.750000    0.781810   -0.031810 (VIOLATED)
_2513_/B                                0.750000    0.781808   -0.031808 (VIOLATED)
_3754_/A                                0.750000    0.781807   -0.031807 (VIOLATED)
_3753_/A                                0.750000    0.781806   -0.031806 (VIOLATED)
_2515_/B                                0.750000    0.781805   -0.031805 (VIOLATED)
fanout315/X                             0.750000    0.781803   -0.031803 (VIOLATED)
_4680_/A2                               0.750000    0.781797   -0.031797 (VIOLATED)
_4665_/B1                               0.750000    0.781792   -0.031792 (VIOLATED)
_4648_/B1                               0.750000    0.781782   -0.031782 (VIOLATED)
_3874_/D                                0.750000    0.781777   -0.031777 (VIOLATED)
_4812_/A2                               0.750000    0.781744   -0.031744 (VIOLATED)
_4016_/A1                               0.750000    0.781742   -0.031742 (VIOLATED)
_4023_/B1                               0.750000    0.781741   -0.031741 (VIOLATED)
_4731_/A2                               0.750000    0.781682   -0.031682 (VIOLATED)
_4718_/B1                               0.750000    0.781678   -0.031678 (VIOLATED)
fanout222/X                             0.750000    0.781676   -0.031676 (VIOLATED)
_2866_/A                                0.750000    0.780220   -0.030220 (VIOLATED)
_2871_/A                                0.750000    0.780212   -0.030212 (VIOLATED)
_2869_/A                                0.750000    0.780209   -0.030209 (VIOLATED)
_2696_/A                                0.750000    0.780194   -0.030194 (VIOLATED)
_2691_/A_N                              0.750000    0.780182   -0.030183 (VIOLATED)
_2454_/A_N                              0.750000    0.780110   -0.030110 (VIOLATED)
_2702_/A1                               0.750000    0.780099   -0.030099 (VIOLATED)
_2466_/A_N                              0.750000    0.780096   -0.030096 (VIOLATED)
_2707_/B1                               0.750000    0.780074   -0.030074 (VIOLATED)
_2864_/A                                0.750000    0.780074   -0.030074 (VIOLATED)
fanout344/X                             0.750000    0.780069   -0.030069 (VIOLATED)
_3731_/B                                0.750000    0.775235   -0.025235 (VIOLATED)
_2460_/C1                               0.750000    0.775235   -0.025235 (VIOLATED)
_3462_/A1                               0.750000    0.775220   -0.025220 (VIOLATED)
_3732_/B                                0.750000    0.775194   -0.025194 (VIOLATED)
fanout380/A                             0.750000    0.775124   -0.025124 (VIOLATED)
fanout379/A                             0.750000    0.775113   -0.025113 (VIOLATED)
_3441_/A1                               0.750000    0.775055   -0.025055 (VIOLATED)
fanout381/X                             0.750000    0.775055   -0.025055 (VIOLATED)
_3602_/A                                0.750000    0.771843   -0.021843 (VIOLATED)
_3591_/A                                0.750000    0.771839   -0.021839 (VIOLATED)
_3606_/S                                0.750000    0.771824   -0.021824 (VIOLATED)
_2431_/A                                0.750000    0.771799   -0.021799 (VIOLATED)
_3722_/S                                0.750000    0.771788   -0.021788 (VIOLATED)
_3700_/S                                0.750000    0.771779   -0.021779 (VIOLATED)
_3695_/A                                0.750000    0.771737   -0.021737 (VIOLATED)
_3706_/A                                0.750000    0.771736   -0.021736 (VIOLATED)
_3801_/S                                0.750000    0.771699   -0.021699 (VIOLATED)
_3717_/A                                0.750000    0.771673   -0.021673 (VIOLATED)
fanout434/X                             0.750000    0.771670   -0.021670 (VIOLATED)
_4175_/A0                               0.750000    0.771261   -0.021261 (VIOLATED)
_3648_/A_N                              0.750000    0.771234   -0.021234 (VIOLATED)
_3663_/A1                               0.750000    0.771233   -0.021233 (VIOLATED)
_4691_/A0                               0.750000    0.771216   -0.021216 (VIOLATED)
_3962_/A1                               0.750000    0.771214   -0.021214 (VIOLATED)
_4384_/A1_N                             0.750000    0.771188   -0.021188 (VIOLATED)
_4383_/A                                0.750000    0.771176   -0.021176 (VIOLATED)
_4435_/A                                0.750000    0.771167   -0.021167 (VIOLATED)
_4436_/A                                0.750000    0.770948   -0.020949 (VIOLATED)
_4464_/A                                0.750000    0.770948   -0.020949 (VIOLATED)
fanout312/X                             0.750000    0.770948   -0.020949 (VIOLATED)
_4188_/A3                               0.750000    0.770368   -0.020368 (VIOLATED)
_4681_/B2                               0.750000    0.770361   -0.020361 (VIOLATED)
_4165_/B1                               0.750000    0.770352   -0.020352 (VIOLATED)
_4112_/B                                0.750000    0.770347   -0.020347 (VIOLATED)
_4649_/B1                               0.750000    0.770336   -0.020336 (VIOLATED)
_4594_/B1                               0.750000    0.770300   -0.020300 (VIOLATED)
_4083_/B                                0.750000    0.770300   -0.020300 (VIOLATED)
_4484_/B2                               0.750000    0.770278   -0.020278 (VIOLATED)
_4705_/A2                               0.750000    0.770201   -0.020201 (VIOLATED)
_4719_/B2                               0.750000    0.770195   -0.020195 (VIOLATED)
fanout331/X                             0.750000    0.770195   -0.020195 (VIOLATED)
_2675_/B                                0.750000    0.761289   -0.011289 (VIOLATED)
_2676_/B                                0.750000    0.761285   -0.011285 (VIOLATED)
_3724_/A                                0.750000    0.761272   -0.011272 (VIOLATED)
_3725_/A                                0.750000    0.761272   -0.011272 (VIOLATED)
_3672_/A0                               0.750000    0.761227   -0.011227 (VIOLATED)
_4744_/A1                               0.750000    0.761173   -0.011173 (VIOLATED)
_4386_/A1                               0.750000    0.761155   -0.011155 (VIOLATED)
_4431_/B                                0.750000    0.761145   -0.011145 (VIOLATED)
_4432_/B                                0.750000    0.761145   -0.011145 (VIOLATED)
_4529_/A1                               0.750000    0.761145   -0.011145 (VIOLATED)
fanout290/X                             0.750000    0.761145   -0.011145 (VIOLATED)
_3964_/A                                0.750000    0.756505   -0.006505 (VIOLATED)
_2606_/B                                0.750000    0.756494   -0.006494 (VIOLATED)
_2594_/B                                0.750000    0.756489   -0.006489 (VIOLATED)
_2605_/B                                0.750000    0.756488   -0.006488 (VIOLATED)
_2607_/B                                0.750000    0.756487   -0.006487 (VIOLATED)
_3926_/B                                0.750000    0.756485   -0.006485 (VIOLATED)
_3728_/A                                0.750000    0.756483   -0.006483 (VIOLATED)
_3889_/B                                0.750000    0.756482   -0.006483 (VIOLATED)
_3729_/A                                0.750000    0.756482   -0.006482 (VIOLATED)
_3730_/A                                0.750000    0.756481   -0.006481 (VIOLATED)
fanout299/X                             0.750000    0.756481   -0.006481 (VIOLATED)
_4515_/A1                               0.750000    0.754771   -0.004771 (VIOLATED)
_4413_/A1                               0.750000    0.754770   -0.004770 (VIOLATED)
_4295_/A0                               0.750000    0.754762   -0.004762 (VIOLATED)
_3632_/A0                               0.750000    0.754730   -0.004730 (VIOLATED)
_4455_/B                                0.750000    0.754705   -0.004705 (VIOLATED)
_4454_/B                                0.750000    0.754704   -0.004704 (VIOLATED)
_3670_/A0                               0.750000    0.754689   -0.004689 (VIOLATED)
_4387_/A1                               0.750000    0.754461   -0.004461 (VIOLATED)
_4471_/B                                0.750000    0.754461   -0.004461 (VIOLATED)
_4476_/A2                               0.750000    0.754461   -0.004461 (VIOLATED)
fanout314/X                             0.750000    0.754461   -0.004461 (VIOLATED)

max fanout

Pin                                   Limit Fanout  Slack
---------------------------------------------------------
fanout359/X                              10     13     -3 (VIOLATED)
clkbuf_leaf_24_CLK/X                     10     12     -2 (VIOLATED)
clkbuf_leaf_25_CLK/X                     10     12     -2 (VIOLATED)
fanout320/X                              10     12     -2 (VIOLATED)
clkbuf_leaf_0_CLK/X                      10     11        (VIOLATED)
clkbuf_leaf_16_CLK/X                     10     11        (VIOLATED)
clkbuf_leaf_22_CLK/X                     10     11        (VIOLATED)
clkbuf_leaf_23_CLK/X                     10     11        (VIOLATED)
clkbuf_leaf_2_CLK/X                      10     11        (VIOLATED)
clkbuf_leaf_36_CLK/X                     10     11        (VIOLATED)
clkbuf_leaf_3_CLK/X                      10     11        (VIOLATED)
clkbuf_leaf_4_CLK/X                      10     11        (VIOLATED)
clkbuf_leaf_6_CLK/X                      10     11        (VIOLATED)



===========================================================================
report_parasitic_annotation -report_unannotated
============================================================================
Found 22 unannotated drivers.
 clkload0/X
 clkload1/X
 clkload10/Y
 clkload11/X
 clkload12/X
 clkload13/Y
 clkload14/X
 clkload15/Y
 clkload16/X
 clkload17/X
 clkload18/Y
 clkload19/Y
 clkload2/X
 clkload20/X
 clkload21/X
 clkload3/X
 clkload4/X
 clkload5/X
 clkload6/X
 clkload7/X
 clkload8/X
 clkload9/X
Found 0 partially unannotated drivers.

===========================================================================
max slew violation count 722
max fanout violation count 13
max cap violation count 0
============================================================================

===========================================================================
check_setup -verbose -unconstrained_endpoints -multiple_clock -no_clock -no_input_delay -loops -generated_clocks
===========================================================================
