
===========================================================================
 report_power
============================================================================
======================= nom_tt_025C_1v80 Corner ===================================

Group                    Internal    Switching      Leakage        Total
                            Power        Power        Power        Power (Watts)
------------------------------------------------------------------------
Sequential           6.200717e-04 1.801028e-05 3.402940e-09 6.380853e-04  38.0%
Combinational        2.182975e-04 3.142067e-04 1.251303e-08 5.325167e-04  31.7%
Clock                2.622765e-04 2.452883e-04 1.707242e-08 5.075819e-04  30.2%
Macro                0.000000e+00 0.000000e+00 0.000000e+00 0.000000e+00   0.0%
Pad                  0.000000e+00 0.000000e+00 0.000000e+00 0.000000e+00   0.0%
------------------------------------------------------------------------
Total                1.100646e-03 5.775051e-04 3.298860e-08 1.678184e-03 100.0%
                            65.6%        34.4%         0.0%

