Clock: CLK
Sources: CLK 
Generated: no
Virtual: yes
Propagated: no
Period: 26.000000

===========================================================================
report_clock_properties
============================================================================
Clock                   Period          Waveform
----------------------------------------------------
CLK                  26.000000    0.000000 13.000000

===========================================================================
report_clock_latency
============================================================================
Clock CLK
rise -> rise
    min     max
0.000000 0.000000 source latency
0.502576         network latency _5219_/CLK
        0.551572 network latency _5021_/CLK
---------------
0.502576 0.551572 latency
        0.048996 skew

fall -> fall
    min     max
0.000000 0.000000 source latency
0.507258         network latency _5219_/CLK
        0.542301 network latency _5021_/CLK
---------------
0.507258 0.542301 latency
        0.035043 skew



===========================================================================
report_clock_min_period
============================================================================
CLK period_min = 6.70 fmax = 149.26
