
===========================================================================
report_checks -unconstrained
===========================================================================
======================= max_ss_100C_1v60 Corner ===================================

Startpoint: _5127_ (rising edge-triggered flip-flop clocked by CLK)
Endpoint: _5221_ (rising edge-triggered flip-flop clocked by CLK)
Path Group: CLK
Path Type: max

Fanout         Cap        Slew       Delay        Time   Description
---------------------------------------------------------------------------------------------
                                  0.000000    0.000000   clock CLK (rise edge)
                                  0.000000    0.000000   clock source latency
     1    0.046924    0.000000    0.000000    0.000000 ^ CLK (in)
                                                         CLK (net)
                      0.002981    0.001491    0.001491 ^ clkbuf_0_CLK/A (sky130_fd_sc_hd__clkbuf_16)
     4    0.077332    0.144796    0.258726    0.260216 ^ clkbuf_0_CLK/X (sky130_fd_sc_hd__clkbuf_16)
                                                         clknet_0_CLK (net)
                      0.145357    0.007126    0.267343 ^ clkbuf_2_2__f_CLK/A (sky130_fd_sc_hd__clkbuf_16)
    11    0.105771    0.184126    0.354439    0.621782 ^ clkbuf_2_2__f_CLK/X (sky130_fd_sc_hd__clkbuf_16)
                                                         clknet_2_2__leaf_CLK (net)
                      0.184477    0.005646    0.627428 ^ clkbuf_leaf_9_CLK/A (sky130_fd_sc_hd__clkbuf_8)
    11    0.033866    0.114990    0.318313    0.945741 ^ clkbuf_leaf_9_CLK/X (sky130_fd_sc_hd__clkbuf_8)
                                                         clknet_leaf_9_CLK (net)
                      0.115039    0.002174    0.947915 ^ _5127_/CLK (sky130_fd_sc_hd__dfxtp_4)
    26    0.223951    0.988154    1.359669    2.307584 ^ _5127_/Q (sky130_fd_sc_hd__dfxtp_4)
                                                         _0008_ (net)
                      0.988916    0.023194    2.330778 ^ max_cap153/A (sky130_fd_sc_hd__buf_12)
    39    0.336240    0.591816    0.787451    3.118230 ^ max_cap153/X (sky130_fd_sc_hd__buf_12)
                                                         net153 (net)
                      0.606450    0.074198    3.192428 ^ _2545_/S0 (sky130_fd_sc_hd__mux4_2)
     1    0.003376    0.147558    1.274920    4.467348 v _2545_/X (sky130_fd_sc_hd__mux4_2)
                                                         _0475_ (net)
                      0.147558    0.000230    4.467577 v _2546_/B (sky130_fd_sc_hd__or2_2)
     1    0.004185    0.119359    0.660223    5.127800 v _2546_/X (sky130_fd_sc_hd__or2_2)
                                                         _0476_ (net)
                      0.119359    0.000183    5.127983 v _2551_/A1 (sky130_fd_sc_hd__a22o_2)
    25    0.180081    0.773508    1.010894    6.138877 v _2551_/X (sky130_fd_sc_hd__a22o_2)
                                                         _0481_ (net)
                      0.775820    0.035441    6.174318 v _2554_/B (sky130_fd_sc_hd__or2_2)
     4    0.011529    0.157187    0.993778    7.168097 v _2554_/X (sky130_fd_sc_hd__or2_2)
                                                         _0484_ (net)
                      0.157187    0.000347    7.168443 v _2624_/B (sky130_fd_sc_hd__and2_2)
     4    0.019955    0.139251    0.526842    7.695285 v _2624_/X (sky130_fd_sc_hd__and2_2)
                                                         _0554_ (net)
                      0.139254    0.000925    7.696211 v _3775_/B (sky130_fd_sc_hd__or4_2)
     2    0.004300    0.226199    1.559595    9.255806 v _3775_/X (sky130_fd_sc_hd__or4_2)
                                                         _1335_ (net)
                      0.226199    0.000237    9.256043 v _3832_/A2 (sky130_fd_sc_hd__o31a_2)
     3    0.039439    0.241237    0.867153   10.123197 v _3832_/X (sky130_fd_sc_hd__o31a_2)
                                                         _1391_ (net)
                      0.241308    0.003938   10.127135 v _4109_/A2 (sky130_fd_sc_hd__a21oi_2)
     3    0.016027    0.348336    0.451047   10.578182 ^ _4109_/Y (sky130_fd_sc_hd__a21oi_2)
                                                         _1661_ (net)
                      0.348336    0.000785   10.578967 ^ _4125_/B (sky130_fd_sc_hd__nand2_2)
     2    0.009773    0.120344    0.225623   10.804590 v _4125_/Y (sky130_fd_sc_hd__nand2_2)
                                                         _1676_ (net)
                      0.120345    0.000664   10.805255 v _4144_/B (sky130_fd_sc_hd__nand2_2)
     3    0.016379    0.158153    0.193023   10.998279 ^ _4144_/Y (sky130_fd_sc_hd__nand2_2)
                                                         _1694_ (net)
                      0.158218    0.000935   10.999213 ^ _4172_/A2 (sky130_fd_sc_hd__a21o_2)
     2    0.005642    0.074154    0.287892   11.287105 ^ _4172_/X (sky130_fd_sc_hd__a21o_2)
                                                         _1721_ (net)
                      0.074154    0.000343   11.287448 ^ _4174_/A_N (sky130_fd_sc_hd__and3b_2)
     1    0.003167    0.072514    0.418275   11.705723 v _4174_/X (sky130_fd_sc_hd__and3b_2)
                                                         _1723_ (net)
                      0.072514    0.000217   11.705939 v _4185_/B (sky130_fd_sc_hd__or4b_2)
     1    0.006014    0.245619    1.540572   13.246511 v _4185_/X (sky130_fd_sc_hd__or4b_2)
                                                         _1734_ (net)
                      0.245619    0.000225   13.246737 v _4186_/D (sky130_fd_sc_hd__or4_2)
     1    0.010843    0.274230    1.464724   14.711461 v _4186_/X (sky130_fd_sc_hd__or4_2)
                                                         _1735_ (net)
                      0.274230    0.000902   14.712362 v _4187_/B2 (sky130_fd_sc_hd__o221a_2)
     1    0.002075    0.077870    0.508131   15.220493 v _4187_/X (sky130_fd_sc_hd__o221a_2)
                                                         _0369_ (net)
                      0.077870    0.000139   15.220633 v _5221_/D (sky130_fd_sc_hd__dfxtp_2)
                                             15.220633   data arrival time

                                 26.000000   26.000000   clock CLK (rise edge)
                                  0.000000   26.000000   clock source latency
     1    0.046924    0.000000    0.000000   26.000000 ^ CLK (in)
                                                         CLK (net)
                      0.002981    0.001490   26.001490 ^ clkbuf_0_CLK/A (sky130_fd_sc_hd__clkbuf_16)
     4    0.077332    0.144796    0.258726   26.260216 ^ clkbuf_0_CLK/X (sky130_fd_sc_hd__clkbuf_16)
                                                         clknet_0_CLK (net)
                      0.145256    0.006461   26.266676 ^ clkbuf_2_3__f_CLK/A (sky130_fd_sc_hd__clkbuf_16)
     8    0.090857    0.163856    0.337964   26.604641 ^ clkbuf_2_3__f_CLK/X (sky130_fd_sc_hd__clkbuf_16)
                                                         clknet_2_3__leaf_CLK (net)
                      0.163969    0.003972   26.608612 ^ clkbuf_leaf_21_CLK/A (sky130_fd_sc_hd__clkbuf_8)
    10    0.034363    0.116142    0.309786   26.918400 ^ clkbuf_leaf_21_CLK/X (sky130_fd_sc_hd__clkbuf_8)
                                                         clknet_leaf_21_CLK (net)
                      0.116173    0.001798   26.920197 ^ _5221_/CLK (sky130_fd_sc_hd__dfxtp_2)
                                  0.000000   26.920197   clock reconvergence pessimism
                                 -0.265150   26.655046   library setup time
                                             26.655046   data required time
---------------------------------------------------------------------------------------------
                                             26.655046   data required time
                                            -15.220633   data arrival time
---------------------------------------------------------------------------------------------
                                             11.434415   slack (MET)




===========================================================================
report_checks --slack_max -0.01
============================================================================
======================= max_ss_100C_1v60 Corner ===================================

No paths found.


===========================================================================
 report_check_types -max_slew -max_cap -max_fanout -violators
============================================================================
======================= max_ss_100C_1v60 Corner ===================================

max slew

Pin                                        Limit        Slew       Slack
------------------------------------------------------------------------
_3084_/Y                                1.496266    1.833095   -0.336829 (VIOLATED)
_3088_/B1                               1.500000    1.833347   -0.333347 (VIOLATED)
_3089_/B1                               1.500000    1.833343   -0.333343 (VIOLATED)
_3090_/B1                               1.500000    1.833331   -0.333331 (VIOLATED)
_3091_/B1                               1.500000    1.833310   -0.333310 (VIOLATED)
_3092_/B1                               1.500000    1.833287   -0.333287 (VIOLATED)
_3086_/B1                               1.500000    1.833267   -0.333267 (VIOLATED)
_3096_/B1                               1.500000    1.833232   -0.333232 (VIOLATED)
_3085_/B1                               1.500000    1.833207   -0.333207 (VIOLATED)
_3100_/B1                               1.500000    1.833194   -0.333194 (VIOLATED)
_3097_/B1                               1.500000    1.833137   -0.333137 (VIOLATED)
_3087_/B1                               1.500000    1.833135   -0.333135 (VIOLATED)
_3095_/B1                               1.500000    1.833134   -0.333134 (VIOLATED)
_3094_/B1                               1.500000    1.833126   -0.333126 (VIOLATED)
_3099_/B1                               1.500000    1.833107   -0.333107 (VIOLATED)
_3098_/B1                               1.500000    1.833105   -0.333105 (VIOLATED)
_3093_/B1                               1.500000    1.833100   -0.333100 (VIOLATED)
_4533_/A0                               1.500000    1.793088   -0.293088 (VIOLATED)
_4027_/A                                1.500000    1.793083   -0.293083 (VIOLATED)
_3991_/A0                               1.500000    1.793073   -0.293073 (VIOLATED)
_3899_/A1                               1.500000    1.793032   -0.293032 (VIOLATED)
_3573_/A1                               1.500000    1.793031   -0.293031 (VIOLATED)
_3828_/B                                1.500000    1.793005   -0.293005 (VIOLATED)
_4346_/B                                1.500000    1.793005   -0.293005 (VIOLATED)
_3793_/A                                1.500000    1.793001   -0.293001 (VIOLATED)
_3029_/Y                                1.496266    1.761079   -0.264813 (VIOLATED)
_3040_/B1                               1.500000    1.761461   -0.261461 (VIOLATED)
_3030_/B1                               1.500000    1.761459   -0.261459 (VIOLATED)
_3042_/B1                               1.500000    1.761447   -0.261447 (VIOLATED)
_3045_/B1                               1.500000    1.761446   -0.261447 (VIOLATED)
_3033_/B1                               1.500000    1.761415   -0.261415 (VIOLATED)
_3034_/B1                               1.500000    1.761397   -0.261397 (VIOLATED)
_3035_/B1                               1.500000    1.761369   -0.261369 (VIOLATED)
_3036_/B1                               1.500000    1.761353   -0.261353 (VIOLATED)
_3037_/B1                               1.500000    1.761336   -0.261336 (VIOLATED)
_3031_/B1                               1.500000    1.761307   -0.261307 (VIOLATED)
_3041_/B1                               1.500000    1.761277   -0.261277 (VIOLATED)
_3032_/B1                               1.500000    1.761239   -0.261239 (VIOLATED)
_3039_/B1                               1.500000    1.761153   -0.261153 (VIOLATED)
_3038_/B1                               1.500000    1.761107   -0.261107 (VIOLATED)
_3044_/B1                               1.500000    1.761086   -0.261086 (VIOLATED)
_3043_/B1                               1.500000    1.761085   -0.261085 (VIOLATED)
_3103_/Y                                1.496266    1.739110   -0.242844 (VIOLATED)
_3114_/B1                               1.500000    1.739569   -0.239569 (VIOLATED)
_3106_/B1                               1.500000    1.739563   -0.239563 (VIOLATED)
_3107_/B1                               1.500000    1.739563   -0.239563 (VIOLATED)
_3108_/B1                               1.500000    1.739562   -0.239562 (VIOLATED)
_3104_/B1                               1.500000    1.739558   -0.239558 (VIOLATED)
_3105_/B1                               1.500000    1.739541   -0.239541 (VIOLATED)
_3110_/B1                               1.500000    1.739511   -0.239511 (VIOLATED)
_3111_/B1                               1.500000    1.739484   -0.239484 (VIOLATED)
_3119_/B1                               1.500000    1.739483   -0.239483 (VIOLATED)
_3109_/B1                               1.500000    1.739427   -0.239427 (VIOLATED)
_3115_/B1                               1.500000    1.739377   -0.239377 (VIOLATED)
_3113_/B1                               1.500000    1.739317   -0.239317 (VIOLATED)
_3116_/B1                               1.500000    1.739265   -0.239265 (VIOLATED)
_3112_/B1                               1.500000    1.739245   -0.239245 (VIOLATED)
_3117_/B1                               1.500000    1.739120   -0.239120 (VIOLATED)
_3118_/B1                               1.500000    1.739118   -0.239118 (VIOLATED)
_2974_/Y                                1.496266    1.732779   -0.236513 (VIOLATED)
_2981_/B1                               1.500000    1.732838   -0.232838 (VIOLATED)
_2980_/B1                               1.500000    1.732836   -0.232836 (VIOLATED)
_2978_/B1                               1.500000    1.732833   -0.232833 (VIOLATED)
_2979_/B1                               1.500000    1.732832   -0.232832 (VIOLATED)
_2982_/B1                               1.500000    1.732828   -0.232828 (VIOLATED)
_2976_/B1                               1.500000    1.732827   -0.232827 (VIOLATED)
_2986_/B1                               1.500000    1.732822   -0.232822 (VIOLATED)
_2977_/B1                               1.500000    1.732818   -0.232818 (VIOLATED)
_2990_/B1                               1.500000    1.732815   -0.232815 (VIOLATED)
_2983_/B1                               1.500000    1.732813   -0.232813 (VIOLATED)
_2987_/B1                               1.500000    1.732812   -0.232812 (VIOLATED)
_2984_/B1                               1.500000    1.732809   -0.232809 (VIOLATED)
_2975_/B1                               1.500000    1.732808   -0.232808 (VIOLATED)
_2985_/B1                               1.500000    1.732803   -0.232803 (VIOLATED)
_2988_/B1                               1.500000    1.732802   -0.232802 (VIOLATED)
_2989_/B1                               1.500000    1.732779   -0.232779 (VIOLATED)
_2752_/S                                1.500000    1.702310   -0.202311 (VIOLATED)
_2743_/S                                1.500000    1.702293   -0.202293 (VIOLATED)
_2725_/S                                1.500000    1.702246   -0.202246 (VIOLATED)
_2716_/S                                1.500000    1.702183   -0.202183 (VIOLATED)
_2734_/S                                1.500000    1.702136   -0.202136 (VIOLATED)
_2770_/S                                1.500000    1.702119   -0.202119 (VIOLATED)
_2806_/S                                1.500000    1.702062   -0.202062 (VIOLATED)
_2824_/S                                1.500000    1.702054   -0.202054 (VIOLATED)
_2850_/A                                1.500000    1.702018   -0.202018 (VIOLATED)
_2745_/A                                1.500000    1.701907   -0.201908 (VIOLATED)
_2762_/A1                               1.500000    1.701905   -0.201905 (VIOLATED)
_2855_/S                                1.500000    1.701892   -0.201892 (VIOLATED)
_2754_/A                                1.500000    1.701877   -0.201877 (VIOLATED)
_2765_/S                                1.500000    1.701870   -0.201870 (VIOLATED)
_2772_/A                                1.500000    1.701848   -0.201848 (VIOLATED)
_2783_/A1                               1.500000    1.701805   -0.201805 (VIOLATED)
_2727_/A                                1.500000    1.701755   -0.201755 (VIOLATED)
_2434_/A                                1.500000    1.701713   -0.201713 (VIOLATED)
_2718_/A                                1.500000    1.701664   -0.201664 (VIOLATED)
_2815_/A                                1.500000    1.701650   -0.201650 (VIOLATED)
_2819_/S                                1.500000    1.701647   -0.201647 (VIOLATED)
_2826_/A                                1.500000    1.701571   -0.201571 (VIOLATED)
_2736_/A                                1.500000    1.701567   -0.201567 (VIOLATED)
_2808_/A                                1.500000    1.701470   -0.201470 (VIOLATED)
_2798_/A1                               1.500000    1.701463   -0.201463 (VIOLATED)
_2834_/A1                               1.500000    1.701460   -0.201460 (VIOLATED)
_2801_/S                                1.500000    1.701427   -0.201427 (VIOLATED)
_2842_/S                                1.500000    1.701406   -0.201406 (VIOLATED)
_2790_/A                                1.500000    1.701313   -0.201313 (VIOLATED)
_2844_/A                                1.500000    1.701261   -0.201261 (VIOLATED)
_2837_/S                                1.500000    1.701250   -0.201250 (VIOLATED)
_5137_/Q                                1.501684    1.700973   -0.199289 (VIOLATED)
_3867_/A                                1.500000    1.682303   -0.182303 (VIOLATED)
_4470_/A1                               1.500000    1.682296   -0.182296 (VIOLATED)
_3543_/A0                               1.500000    1.682277   -0.182277 (VIOLATED)
_3974_/A1                               1.500000    1.682275   -0.182275 (VIOLATED)
_4443_/A1                               1.500000    1.682261   -0.182261 (VIOLATED)
_3565_/A0                               1.500000    1.682168   -0.182169 (VIOLATED)
_3901_/A1                               1.500000    1.682121   -0.182121 (VIOLATED)
_4321_/B                                1.500000    1.682085   -0.182085 (VIOLATED)
_4371_/B1                               1.500000    1.682074   -0.182074 (VIOLATED)
_4335_/A2                               1.500000    1.682052   -0.182052 (VIOLATED)
_3821_/B                                1.500000    1.682019   -0.182019 (VIOLATED)
_3798_/A                                1.500000    1.682014   -0.182014 (VIOLATED)
_2993_/Y                                1.496266    1.659054   -0.162788 (VIOLATED)
_2997_/B1                               1.500000    1.659117   -0.159117 (VIOLATED)
_2998_/B1                               1.500000    1.659116   -0.159116 (VIOLATED)
_3000_/B1                               1.500000    1.659115   -0.159115 (VIOLATED)
_2999_/B1                               1.500000    1.659114   -0.159114 (VIOLATED)
_2994_/B1                               1.500000    1.659108   -0.159108 (VIOLATED)
_3004_/B1                               1.500000    1.659097   -0.159097 (VIOLATED)
_3001_/B1                               1.500000    1.659090   -0.159090 (VIOLATED)
_2995_/B1                               1.500000    1.659089   -0.159089 (VIOLATED)
_3005_/B1                               1.500000    1.659087   -0.159087 (VIOLATED)
_2996_/B1                               1.500000    1.659083   -0.159083 (VIOLATED)
_3009_/B1                               1.500000    1.659083   -0.159083 (VIOLATED)
_3006_/B1                               1.500000    1.659082   -0.159082 (VIOLATED)
_3003_/B1                               1.500000    1.659082   -0.159082 (VIOLATED)
_3002_/B1                               1.500000    1.659076   -0.159076 (VIOLATED)
_3007_/B1                               1.500000    1.659061   -0.159061 (VIOLATED)
_3008_/B1                               1.500000    1.659054   -0.159054 (VIOLATED)
_2674_/A1                               1.500000    1.636449   -0.136449 (VIOLATED)
_2579_/A                                1.500000    1.636395   -0.136395 (VIOLATED)
_2596_/S                                1.500000    1.636342   -0.136342 (VIOLATED)
_2528_/S                                1.500000    1.636325   -0.136325 (VIOLATED)
_2604_/A                                1.500000    1.636308   -0.136308 (VIOLATED)
_2539_/S                                1.500000    1.636301   -0.136301 (VIOLATED)
_2591_/A                                1.500000    1.636289   -0.136289 (VIOLATED)
_2609_/S                                1.500000    1.636278   -0.136278 (VIOLATED)
_2550_/S                                1.500000    1.636247   -0.136247 (VIOLATED)
_2432_/A                                1.500000    1.636241   -0.136241 (VIOLATED)
_2571_/A1                               1.500000    1.636128   -0.136128 (VIOLATED)
_2558_/A1                               1.500000    1.636117   -0.136118 (VIOLATED)
_2561_/S                                1.500000    1.636033   -0.136034 (VIOLATED)
_2574_/S                                1.500000    1.635961   -0.135961 (VIOLATED)
_2536_/A1                               1.500000    1.635918   -0.135918 (VIOLATED)
_2546_/A                                1.500000    1.635753   -0.135753 (VIOLATED)
_2524_/A                                1.500000    1.635625   -0.135625 (VIOLATED)
_2475_/A                                1.500000    1.635011   -0.135011 (VIOLATED)
_2511_/A1                               1.500000    1.634865   -0.134865 (VIOLATED)
_2472_/A1                               1.500000    1.634850   -0.134850 (VIOLATED)
_2660_/A                                1.500000    1.634669   -0.134669 (VIOLATED)
_2635_/A1                               1.500000    1.634099   -0.134099 (VIOLATED)
_2647_/A                                1.500000    1.633854   -0.133854 (VIOLATED)
_2485_/A                                1.500000    1.633853   -0.133853 (VIOLATED)
_2497_/A                                1.500000    1.633438   -0.133438 (VIOLATED)
_2489_/S                                1.500000    1.632655   -0.132655 (VIOLATED)
_2502_/S                                1.500000    1.632447   -0.132447 (VIOLATED)
_2664_/S                                1.500000    1.632426   -0.132426 (VIOLATED)
_2584_/S                                1.500000    1.632424   -0.132424 (VIOLATED)
_2652_/S                                1.500000    1.632365   -0.132366 (VIOLATED)
_5129_/Q                                1.501684    1.632295   -0.130611 (VIOLATED)
_3011_/Y                                1.496266    1.586295   -0.090029 (VIOLATED)
_3020_/B1                               1.500000    1.586533   -0.086533 (VIOLATED)
_3021_/B1                               1.500000    1.586530   -0.086530 (VIOLATED)
_3014_/B1                               1.500000    1.586520   -0.086520 (VIOLATED)
_3023_/B1                               1.500000    1.586509   -0.086509 (VIOLATED)
_3013_/B1                               1.500000    1.586487   -0.086487 (VIOLATED)
_3019_/B1                               1.500000    1.586475   -0.086475 (VIOLATED)
_3018_/B1                               1.500000    1.586454   -0.086454 (VIOLATED)
_3017_/B1                               1.500000    1.586419   -0.086419 (VIOLATED)
_3015_/B1                               1.500000    1.586394   -0.086394 (VIOLATED)
_3016_/B1                               1.500000    1.586391   -0.086391 (VIOLATED)
_3012_/B1                               1.500000    1.586376   -0.086376 (VIOLATED)
_3022_/B1                               1.500000    1.586330   -0.086330 (VIOLATED)
_3027_/B1                               1.500000    1.586325   -0.086325 (VIOLATED)
_3024_/B1                               1.500000    1.586324   -0.086324 (VIOLATED)
_3026_/B1                               1.500000    1.586307   -0.086307 (VIOLATED)
_3025_/B1                               1.500000    1.586307   -0.086307 (VIOLATED)

max capacitance

Pin                                        Limit         Cap       Slack
------------------------------------------------------------------------
_5137_/Q                                0.191355    0.217465   -0.026110 (VIOLATED)
_3084_/Y                                0.086070    0.106972   -0.020902 (VIOLATED)
_5129_/Q                                0.191355    0.208250   -0.016895 (VIOLATED)
_3029_/Y                                0.086070    0.102566   -0.016496 (VIOLATED)
_3103_/Y                                0.086070    0.100997   -0.014927 (VIOLATED)
_2974_/Y                                0.086070    0.100817   -0.014747 (VIOLATED)
_2993_/Y                                0.086070    0.096418   -0.010348 (VIOLATED)
_3011_/Y                                0.086070    0.091998   -0.005928 (VIOLATED)
_2443_/X                                0.172129    0.172186   -0.000057 (VIOLATED)



===========================================================================
report_parasitic_annotation -report_unannotated
============================================================================
Found 34 unannotated drivers.
 clkload0/X
 clkload1/Y
 clkload10/X
 clkload11/X
 clkload12/Y
 clkload13/Y
 clkload14/Y
 clkload15/Y
 clkload16/Y
 clkload17/X
 clkload18/Y
 clkload19/Y
 clkload2/Y
 clkload20/Y
 clkload21/Y
 clkload22/Y
 clkload23/X
 clkload24/X
 clkload25/X
 clkload26/Y
 clkload27/Y
 clkload28/X
 clkload29/X
 clkload3/Y
 clkload30/X
 clkload31/X
 clkload32/X
 clkload33/Y
 clkload4/X
 clkload5/X
 clkload6/X
 clkload7/X
 clkload8/X
 clkload9/X
Found 0 partially unannotated drivers.

===========================================================================
max slew violation count 185
max fanout violation count 0
max cap violation count 9
============================================================================

===========================================================================
check_setup -verbose -unconstrained_endpoints -multiple_clock -no_clock -no_input_delay -loops -generated_clocks
===========================================================================
Warning: There are 58 unconstrained endpoints.
  DEVICES_LDH
  DEVICES_LDW
  DEVICES_STRH
  DEVICES_STRW
  EX_HALT
  INSTR_ADDR[0]
  INSTR_ADDR[10]
  INSTR_ADDR[11]
  INSTR_ADDR[12]
  INSTR_ADDR[13]
  INSTR_ADDR[14]
  INSTR_ADDR[15]
  INSTR_ADDR[1]
  INSTR_ADDR[2]
  INSTR_ADDR[3]
  INSTR_ADDR[4]
  INSTR_ADDR[5]
  INSTR_ADDR[6]
  INSTR_ADDR[7]
  INSTR_ADDR[8]
  INSTR_ADDR[9]
  INVALID_MEM
  MAIN_LDH
  MAIN_LDW
  MAIN_STRH
  MAIN_STRW
  MEM_ADDR[0]
  MEM_ADDR[10]
  MEM_ADDR[11]
  MEM_ADDR[12]
  MEM_ADDR[13]
  MEM_ADDR[14]
  MEM_ADDR[15]
  MEM_ADDR[1]
  MEM_ADDR[2]
  MEM_ADDR[3]
  MEM_ADDR[4]
  MEM_ADDR[5]
  MEM_ADDR[6]
  MEM_ADDR[7]
  MEM_ADDR[8]
  MEM_ADDR[9]
  MEM_STR_DATA[0]
  MEM_STR_DATA[10]
  MEM_STR_DATA[11]
  MEM_STR_DATA[12]
  MEM_STR_DATA[13]
  MEM_STR_DATA[14]
  MEM_STR_DATA[15]
  MEM_STR_DATA[1]
  MEM_STR_DATA[2]
  MEM_STR_DATA[3]
  MEM_STR_DATA[4]
  MEM_STR_DATA[5]
  MEM_STR_DATA[6]
  MEM_STR_DATA[7]
  MEM_STR_DATA[8]
  MEM_STR_DATA[9]
