
===========================================================================
report_checks -unconstrained
===========================================================================
======================= max_ss_100C_1v60 Corner ===================================

Startpoint: _5123_ (rising edge-triggered flip-flop clocked by CLK)
Endpoint: _5219_ (rising edge-triggered flip-flop clocked by CLK)
Path Group: CLK
Path Type: max

Fanout         Cap        Slew       Delay        Time   Description
---------------------------------------------------------------------------------------------
                                  0.000000    0.000000   clock CLK (rise edge)
                                  0.000000    0.000000   clock source latency
     1    0.055044    0.000000    0.000000    0.000000 ^ CLK (in)
                                                         CLK (net)
                      0.007379    0.003689    0.003689 ^ clkbuf_0_CLK/A (sky130_fd_sc_hd__clkbuf_16)
     4    0.078714    0.146748    0.261715    0.265405 ^ clkbuf_0_CLK/X (sky130_fd_sc_hd__clkbuf_16)
                                                         clknet_0_CLK (net)
                      0.147521    0.008418    0.273823 ^ clkbuf_2_0__f_CLK/A (sky130_fd_sc_hd__clkbuf_16)
    14    0.134974    0.225347    0.386337    0.660159 ^ clkbuf_2_0__f_CLK/X (sky130_fd_sc_hd__clkbuf_16)
                                                         clknet_2_0__leaf_CLK (net)
                      0.225643    0.005574    0.665733 ^ clkbuf_leaf_3_CLK/A (sky130_fd_sc_hd__clkbuf_8)
    11    0.028200    0.103593    0.325489    0.991222 ^ clkbuf_leaf_3_CLK/X (sky130_fd_sc_hd__clkbuf_8)
                                                         clknet_leaf_3_CLK (net)
                      0.103609    0.001308    0.992530 ^ _5123_/CLK (sky130_fd_sc_hd__dfxtp_4)
    31    0.260576    1.142366    1.477160    2.469690 ^ _5123_/Q (sky130_fd_sc_hd__dfxtp_4)
                                                         _0008_ (net)
                      1.143046    0.023430    2.493119 ^ max_cap147/A (sky130_fd_sc_hd__buf_12)
    34    0.284518    0.506021    0.749219    3.242339 ^ max_cap147/X (sky130_fd_sc_hd__buf_12)
                                                         net147 (net)
                      0.541480    0.103598    3.345936 ^ _2579_/S0 (sky130_fd_sc_hd__mux4_2)
     1    0.005224    0.163826    1.281053    4.626989 v _2579_/X (sky130_fd_sc_hd__mux4_2)
                                                         _0454_ (net)
                      0.163826    0.000377    4.627367 v _2580_/A1 (sky130_fd_sc_hd__mux2_1)
     2    0.015412    0.220198    0.834107    5.461473 v _2580_/X (sky130_fd_sc_hd__mux2_1)
                                                         _0455_ (net)
                      0.220203    0.001442    5.462915 v _2581_/B1 (sky130_fd_sc_hd__a22oi_2)
    14    0.105440    1.965483    1.553266    7.016182 ^ _2581_/Y (sky130_fd_sc_hd__a22oi_2)
                                                         _0456_ (net)
                      1.965544    0.009315    7.025497 ^ _3929_/B (sky130_fd_sc_hd__or2_2)
     2    0.012210    0.148883    0.768237    7.793734 ^ _3929_/X (sky130_fd_sc_hd__or2_2)
                                                         _1433_ (net)
                      0.148883    0.000272    7.794006 ^ _3931_/B1 (sky130_fd_sc_hd__o211ai_2)
     3    0.013005    0.265350    0.294549    8.088555 v _3931_/Y (sky130_fd_sc_hd__o211ai_2)
                                                         _1435_ (net)
                      0.265350    0.000743    8.089298 v _3935_/A4 (sky130_fd_sc_hd__a41o_2)
     3    0.015914    0.129854    0.646543    8.735842 v _3935_/X (sky130_fd_sc_hd__a41o_2)
                                                         _1439_ (net)
                      0.129861    0.001066    8.736907 v _3941_/A2 (sky130_fd_sc_hd__o31a_2)
     3    0.038298    0.237323    0.822548    9.559456 v _3941_/X (sky130_fd_sc_hd__o31a_2)
                                                         _1445_ (net)
                      0.237419    0.004501    9.563957 v _3942_/B2 (sky130_fd_sc_hd__a221oi_2)
     4    0.025074    0.838771    0.868464   10.432422 ^ _3942_/Y (sky130_fd_sc_hd__a221oi_2)
                                                         _1446_ (net)
                      0.838780    0.002220   10.434642 ^ _4292_/B (sky130_fd_sc_hd__nor2_2)
     2    0.005565    0.148651    0.235991   10.670632 v _4292_/Y (sky130_fd_sc_hd__nor2_2)
                                                         _1785_ (net)
                      0.148651    0.000304   10.670937 v _4311_/C (sky130_fd_sc_hd__or3_2)
     1    0.002639    0.159725    0.980235   11.651171 v _4311_/X (sky130_fd_sc_hd__or3_2)
                                                         _1803_ (net)
                      0.159725    0.000193   11.651363 v _4313_/C (sky130_fd_sc_hd__and4_2)
     1    0.001649    0.069045    0.487208   12.138572 v _4313_/X (sky130_fd_sc_hd__and4_2)
                                                         _1805_ (net)
                      0.069045    0.000074   12.138645 v _4324_/B (sky130_fd_sc_hd__or3b_2)
     1    0.001873    0.152269    0.996203   13.134849 v _4324_/X (sky130_fd_sc_hd__or3b_2)
                                                         _1816_ (net)
                      0.152269    0.000131   13.134979 v _4327_/B1_N (sky130_fd_sc_hd__o21ba_2)
     1    0.010597    0.139336    0.556732   13.691710 ^ _4327_/X (sky130_fd_sc_hd__o21ba_2)
                                                         _1819_ (net)
                      0.139338    0.000871   13.692582 ^ _4328_/B1 (sky130_fd_sc_hd__o21ai_2)
     1    0.002890    0.155258    0.119685   13.812266 v _4328_/Y (sky130_fd_sc_hd__o21ai_2)
                                                         _1820_ (net)
                      0.155258    0.000201   13.812468 v _4329_/B2 (sky130_fd_sc_hd__o221a_2)
     1    0.002684    0.078102    0.463178   14.275645 v _4329_/X (sky130_fd_sc_hd__o221a_2)
                                                         _0371_ (net)
                      0.078102    0.000189   14.275834 v _5219_/D (sky130_fd_sc_hd__dfxtp_2)
                                             14.275834   data arrival time

                                 26.000000   26.000000   clock CLK (rise edge)
                                  0.000000   26.000000   clock source latency
     1    0.055044    0.000000    0.000000   26.000000 ^ CLK (in)
                                                         CLK (net)
                      0.007379    0.003689   26.003689 ^ clkbuf_0_CLK/A (sky130_fd_sc_hd__clkbuf_16)
     4    0.078714    0.146748    0.261714   26.265404 ^ clkbuf_0_CLK/X (sky130_fd_sc_hd__clkbuf_16)
                                                         clknet_0_CLK (net)
                      0.147524    0.008434   26.273838 ^ clkbuf_2_1__f_CLK/A (sky130_fd_sc_hd__clkbuf_16)
    12    0.109466    0.190478    0.356383   26.630220 ^ clkbuf_2_1__f_CLK/X (sky130_fd_sc_hd__clkbuf_16)
                                                         clknet_2_1__leaf_CLK (net)
                      0.191810    0.012731   26.642952 ^ clkbuf_leaf_17_CLK/A (sky130_fd_sc_hd__clkbuf_8)
    11    0.036280    0.120791    0.326420   26.969372 ^ clkbuf_leaf_17_CLK/X (sky130_fd_sc_hd__clkbuf_8)
                                                         clknet_leaf_17_CLK (net)
                      0.120800    0.001128   26.970499 ^ _5219_/CLK (sky130_fd_sc_hd__dfxtp_2)
                                  0.000000   26.970499   clock reconvergence pessimism
                                 -0.263993   26.706507   library setup time
                                             26.706507   data required time
---------------------------------------------------------------------------------------------
                                             26.706507   data required time
                                            -14.275834   data arrival time
---------------------------------------------------------------------------------------------
                                             12.430672   slack (MET)




===========================================================================
report_checks --slack_max -0.01
============================================================================
======================= max_ss_100C_1v60 Corner ===================================

No paths found.


===========================================================================
 report_check_types -max_slew -max_cap -max_fanout -violators
============================================================================
======================= max_ss_100C_1v60 Corner ===================================

max slew

Pin                                        Limit        Slew       Slack
------------------------------------------------------------------------
_3971_/A0                               1.500000    2.014146   -0.514146 (VIOLATED)
_3656_/A1                               1.500000    2.014142   -0.514142 (VIOLATED)
_4420_/A1                               1.500000    2.014112   -0.514112 (VIOLATED)
_4096_/A1                               1.500000    2.014111   -0.514111 (VIOLATED)
_4636_/A1                               1.500000    2.014105   -0.514105 (VIOLATED)
_3641_/A1                               1.500000    2.014088   -0.514088 (VIOLATED)
_3826_/A                                1.500000    2.014068   -0.514068 (VIOLATED)
_3825_/A                                1.500000    2.014065   -0.514065 (VIOLATED)
_2611_/B                                1.500000    2.014061   -0.514061 (VIOLATED)
_3968_/A0                               1.500000    2.014062   -0.514062 (VIOLATED)
_2610_/B                                1.500000    2.014059   -0.514059 (VIOLATED)
_4382_/A1                               1.500000    2.014039   -0.514039 (VIOLATED)
_4552_/B1                               1.500000    2.014023   -0.514023 (VIOLATED)
_4530_/A1                               1.500000    2.014016   -0.514016 (VIOLATED)
_4493_/A                                1.500000    2.013988   -0.513988 (VIOLATED)
_4446_/A                                1.500000    2.013985   -0.513985 (VIOLATED)
_4044_/A1                               1.500000    1.965701   -0.465701 (VIOLATED)
_4420_/A0                               1.500000    1.965699   -0.465699 (VIOLATED)
_4067_/A                                1.500000    1.965696   -0.465696 (VIOLATED)
_3973_/A1                               1.500000    1.965677   -0.465677 (VIOLATED)
_3641_/A0                               1.500000    1.965674   -0.465674 (VIOLATED)
_3656_/A0                               1.500000    1.965663   -0.465663 (VIOLATED)
_4585_/A1                               1.500000    1.965660   -0.465660 (VIOLATED)
_3966_/A                                1.500000    1.965588   -0.465588 (VIOLATED)
_4381_/B1                               1.500000    1.965560   -0.465560 (VIOLATED)
_3929_/B                                1.500000    1.965544   -0.465544 (VIOLATED)
_3891_/A                                1.500000    1.965541   -0.465541 (VIOLATED)
_4478_/A2                               1.500000    1.965532   -0.465533 (VIOLATED)
_4552_/C1                               1.500000    1.965526   -0.465526 (VIOLATED)
_4530_/A2                               1.500000    1.965516   -0.465516 (VIOLATED)
_4002_/Y                                1.496266    1.954352   -0.458086 (VIOLATED)
_4321_/B1                               1.500000    1.954437   -0.454437 (VIOLATED)
_4300_/B1                               1.500000    1.954434   -0.454434 (VIOLATED)
_4348_/B1                               1.500000    1.954428   -0.454428 (VIOLATED)
_4210_/B1                               1.500000    1.954419   -0.454419 (VIOLATED)
_4273_/B1                               1.500000    1.954416   -0.454416 (VIOLATED)
_4372_/A2                               1.500000    1.954408   -0.454408 (VIOLATED)
_4513_/B1                               1.500000    1.954407   -0.454407 (VIOLATED)
_4574_/C1                               1.500000    1.954406   -0.454407 (VIOLATED)
_4256_/B1                               1.500000    1.954404   -0.454405 (VIOLATED)
_4084_/A2_N                             1.500000    1.954388   -0.454389 (VIOLATED)
_4158_/B1                               1.500000    1.954389   -0.454389 (VIOLATED)
_4135_/B1                               1.500000    1.954387   -0.454387 (VIOLATED)
_4101_/B1                               1.500000    1.954385   -0.454385 (VIOLATED)
_3136_/Y                                1.496266    1.907066   -0.410800 (VIOLATED)
_3139_/B1                               1.500000    1.907290   -0.407290 (VIOLATED)
_3140_/B1                               1.500000    1.907285   -0.407285 (VIOLATED)
_3142_/B1                               1.500000    1.907282   -0.407282 (VIOLATED)
_3137_/B1                               1.500000    1.907258   -0.407258 (VIOLATED)
_3146_/B1                               1.500000    1.907255   -0.407255 (VIOLATED)
_3141_/B1                               1.500000    1.907251   -0.407251 (VIOLATED)
_3148_/B1                               1.500000    1.907245   -0.407245 (VIOLATED)
_3144_/B1                               1.500000    1.907231   -0.407231 (VIOLATED)
_3147_/B1                               1.500000    1.907180   -0.407180 (VIOLATED)
_3138_/B1                               1.500000    1.907138   -0.407139 (VIOLATED)
_3143_/B1                               1.500000    1.907084   -0.407084 (VIOLATED)
_3149_/B1                               1.500000    1.907073   -0.407073 (VIOLATED)
_3152_/B1                               1.500000    1.907071   -0.407072 (VIOLATED)
_3145_/B1                               1.500000    1.907069   -0.407069 (VIOLATED)
_3150_/B1                               1.500000    1.907066   -0.407066 (VIOLATED)
_3151_/B1                               1.500000    1.907066   -0.407066 (VIOLATED)
_3043_/Y                                1.496266    1.869853   -0.373587 (VIOLATED)
_3046_/B1                               1.500000    1.870142   -0.370142 (VIOLATED)
_3047_/B1                               1.500000    1.870135   -0.370135 (VIOLATED)
_3049_/B1                               1.500000    1.870132   -0.370132 (VIOLATED)
_3044_/B1                               1.500000    1.870128   -0.370128 (VIOLATED)
_3048_/B1                               1.500000    1.870089   -0.370089 (VIOLATED)
_3055_/B1                               1.500000    1.870031   -0.370031 (VIOLATED)
_3053_/B1                               1.500000    1.869988   -0.369988 (VIOLATED)
_3051_/B1                               1.500000    1.869926   -0.369926 (VIOLATED)
_3045_/B1                               1.500000    1.869902   -0.369902 (VIOLATED)
_3054_/B1                               1.500000    1.869897   -0.369897 (VIOLATED)
_3056_/B1                               1.500000    1.869888   -0.369888 (VIOLATED)
_3050_/B1                               1.500000    1.869884   -0.369885 (VIOLATED)
_3057_/B1                               1.500000    1.869872   -0.369872 (VIOLATED)
_3059_/B1                               1.500000    1.869871   -0.369871 (VIOLATED)
_3052_/B1                               1.500000    1.869869   -0.369869 (VIOLATED)
_3058_/B1                               1.500000    1.869858   -0.369858 (VIOLATED)
_3061_/Y                                1.496266    1.854526   -0.358260 (VIOLATED)
_3062_/B1                               1.500000    1.854782   -0.354782 (VIOLATED)
_3067_/B1                               1.500000    1.854780   -0.354780 (VIOLATED)
_3064_/B1                               1.500000    1.854779   -0.354779 (VIOLATED)
_3065_/B1                               1.500000    1.854776   -0.354776 (VIOLATED)
_3066_/B1                               1.500000    1.854764   -0.354764 (VIOLATED)
_3073_/B1                               1.500000    1.854761   -0.354761 (VIOLATED)
_3071_/B1                               1.500000    1.854744   -0.354744 (VIOLATED)
_3069_/B1                               1.500000    1.854691   -0.354691 (VIOLATED)
_3063_/B1                               1.500000    1.854636   -0.354636 (VIOLATED)
_3072_/B1                               1.500000    1.854632   -0.354632 (VIOLATED)
_3074_/B1                               1.500000    1.854614   -0.354614 (VIOLATED)
_3068_/B1                               1.500000    1.854611   -0.354611 (VIOLATED)
_3075_/B1                               1.500000    1.854588   -0.354588 (VIOLATED)
_3077_/B1                               1.500000    1.854587   -0.354587 (VIOLATED)
_3070_/B1                               1.500000    1.854560   -0.354560 (VIOLATED)
_3076_/B1                               1.500000    1.854526   -0.354526 (VIOLATED)
_3208_/Y                                1.496266    1.840899   -0.344633 (VIOLATED)
_3211_/B1                               1.500000    1.841217   -0.341217 (VIOLATED)
_3212_/B1                               1.500000    1.841214   -0.341215 (VIOLATED)
_3209_/B1                               1.500000    1.841202   -0.341202 (VIOLATED)
_3214_/B1                               1.500000    1.841202   -0.341202 (VIOLATED)
_3213_/B1                               1.500000    1.841171   -0.341171 (VIOLATED)
_3220_/B1                               1.500000    1.841124   -0.341124 (VIOLATED)
_3218_/B1                               1.500000    1.841053   -0.341053 (VIOLATED)
_3216_/B1                               1.500000    1.841031   -0.341031 (VIOLATED)
_3219_/B1                               1.500000    1.841003   -0.341003 (VIOLATED)
_3210_/B1                               1.500000    1.840992   -0.340992 (VIOLATED)
_3221_/B1                               1.500000    1.840991   -0.340991 (VIOLATED)
_3215_/B1                               1.500000    1.840974   -0.340974 (VIOLATED)
_3223_/B1                               1.500000    1.840922   -0.340922 (VIOLATED)
_3222_/B1                               1.500000    1.840916   -0.340916 (VIOLATED)
_3224_/B1                               1.500000    1.840915   -0.340915 (VIOLATED)
_3217_/B1                               1.500000    1.840913   -0.340913 (VIOLATED)
_3099_/Y                                1.496266    1.806052   -0.309786 (VIOLATED)
_3102_/B1                               1.500000    1.806205   -0.306205 (VIOLATED)
_3100_/B1                               1.500000    1.806204   -0.306204 (VIOLATED)
_3105_/B1                               1.500000    1.806204   -0.306204 (VIOLATED)
_3103_/B1                               1.500000    1.806203   -0.306203 (VIOLATED)
_3104_/B1                               1.500000    1.806193   -0.306193 (VIOLATED)
_3111_/B1                               1.500000    1.806180   -0.306180 (VIOLATED)
_3107_/B1                               1.500000    1.806168   -0.306168 (VIOLATED)
_3109_/B1                               1.500000    1.806143   -0.306143 (VIOLATED)
_3110_/B1                               1.500000    1.806098   -0.306098 (VIOLATED)
_3101_/B1                               1.500000    1.806080   -0.306080 (VIOLATED)
_3108_/B1                               1.500000    1.806078   -0.306078 (VIOLATED)
_3113_/B1                               1.500000    1.806076   -0.306076 (VIOLATED)
_3114_/B1                               1.500000    1.806074   -0.306074 (VIOLATED)
_3112_/B1                               1.500000    1.806073   -0.306073 (VIOLATED)
_3115_/B1                               1.500000    1.806073   -0.306073 (VIOLATED)
_3106_/B1                               1.500000    1.806072   -0.306072 (VIOLATED)
_2987_/Y                                1.496266    1.756238   -0.259971 (VIOLATED)
_2990_/B1                               1.500000    1.756645   -0.256646 (VIOLATED)
_2991_/B1                               1.500000    1.756641   -0.256641 (VIOLATED)
_2993_/B1                               1.500000    1.756634   -0.256634 (VIOLATED)
_2988_/B1                               1.500000    1.756619   -0.256620 (VIOLATED)
_2992_/B1                               1.500000    1.756591   -0.256592 (VIOLATED)
_2999_/B1                               1.500000    1.756562   -0.256562 (VIOLATED)
_2997_/B1                               1.500000    1.756531   -0.256531 (VIOLATED)
_2995_/B1                               1.500000    1.756483   -0.256483 (VIOLATED)
_2998_/B1                               1.500000    1.756463   -0.256463 (VIOLATED)
_2989_/B1                               1.500000    1.756457   -0.256457 (VIOLATED)
_3000_/B1                               1.500000    1.756358   -0.256358 (VIOLATED)
_2994_/B1                               1.500000    1.756312   -0.256312 (VIOLATED)
_3003_/B1                               1.500000    1.756276   -0.256276 (VIOLATED)
_3001_/B1                               1.500000    1.756265   -0.256265 (VIOLATED)
_2996_/B1                               1.500000    1.756243   -0.256243 (VIOLATED)
_3002_/B1                               1.500000    1.756243   -0.256243 (VIOLATED)
_3024_/Y                                1.496266    1.740019   -0.243753 (VIOLATED)
_3027_/B1                               1.500000    1.740525   -0.240525 (VIOLATED)
_3028_/B1                               1.500000    1.740523   -0.240523 (VIOLATED)
_3025_/B1                               1.500000    1.740519   -0.240519 (VIOLATED)
_3030_/B1                               1.500000    1.740519   -0.240519 (VIOLATED)
_3036_/B1                               1.500000    1.740478   -0.240478 (VIOLATED)
_3029_/B1                               1.500000    1.740454   -0.240454 (VIOLATED)
_3034_/B1                               1.500000    1.740404   -0.240405 (VIOLATED)
_3032_/B1                               1.500000    1.740286   -0.240286 (VIOLATED)
_3035_/B1                               1.500000    1.740233   -0.240233 (VIOLATED)
_3026_/B1                               1.500000    1.740220   -0.240220 (VIOLATED)
_3037_/B1                               1.500000    1.740215   -0.240215 (VIOLATED)
_3031_/B1                               1.500000    1.740208   -0.240208 (VIOLATED)
_3038_/B1                               1.500000    1.740184   -0.240184 (VIOLATED)
_3040_/B1                               1.500000    1.740151   -0.240151 (VIOLATED)
_3033_/B1                               1.500000    1.740095   -0.240095 (VIOLATED)
_3039_/B1                               1.500000    1.740083   -0.240083 (VIOLATED)
_2968_/Y                                1.496266    1.731733   -0.235467 (VIOLATED)
_2971_/B1                               1.500000    1.731811   -0.231811 (VIOLATED)
_2972_/B1                               1.500000    1.731810   -0.231810 (VIOLATED)
_2974_/B1                               1.500000    1.731808   -0.231808 (VIOLATED)
_2969_/B1                               1.500000    1.731806   -0.231806 (VIOLATED)
_2973_/B1                               1.500000    1.731801   -0.231801 (VIOLATED)
_2980_/B1                               1.500000    1.731800   -0.231800 (VIOLATED)
_2983_/B1                               1.500000    1.731800   -0.231800 (VIOLATED)
_2977_/B1                               1.500000    1.731798   -0.231798 (VIOLATED)
_2982_/B1                               1.500000    1.731797   -0.231797 (VIOLATED)
_2978_/B1                               1.500000    1.731792   -0.231792 (VIOLATED)
_2984_/B1                               1.500000    1.731789   -0.231789 (VIOLATED)
_2976_/B1                               1.500000    1.731786   -0.231786 (VIOLATED)
_2979_/B1                               1.500000    1.731785   -0.231785 (VIOLATED)
_2981_/B1                               1.500000    1.731782   -0.231782 (VIOLATED)
_2975_/B1                               1.500000    1.731771   -0.231771 (VIOLATED)
_2970_/B1                               1.500000    1.731749   -0.231749 (VIOLATED)
_3006_/Y                                1.496266    1.661582   -0.165316 (VIOLATED)
_3009_/B1                               1.500000    1.661964   -0.161964 (VIOLATED)
_3010_/B1                               1.500000    1.661962   -0.161962 (VIOLATED)
_3012_/B1                               1.500000    1.661958   -0.161958 (VIOLATED)
_3007_/B1                               1.500000    1.661950   -0.161950 (VIOLATED)
_3011_/B1                               1.500000    1.661920   -0.161920 (VIOLATED)
_3018_/B1                               1.500000    1.661907   -0.161907 (VIOLATED)
_3016_/B1                               1.500000    1.661870   -0.161870 (VIOLATED)
_3014_/B1                               1.500000    1.661813   -0.161813 (VIOLATED)
_3008_/B1                               1.500000    1.661770   -0.161770 (VIOLATED)
_3017_/B1                               1.500000    1.661768   -0.161768 (VIOLATED)
_3019_/B1                               1.500000    1.661768   -0.161768 (VIOLATED)
_3013_/B1                               1.500000    1.661716   -0.161716 (VIOLATED)
_3022_/B1                               1.500000    1.661661   -0.161661 (VIOLATED)
_3020_/B1                               1.500000    1.661632   -0.161632 (VIOLATED)
_3015_/B1                               1.500000    1.661606   -0.161606 (VIOLATED)
_3021_/B1                               1.500000    1.661588   -0.161588 (VIOLATED)
_4145_/A1                               1.500000    1.623931   -0.123931 (VIOLATED)
_4188_/B2                               1.500000    1.623917   -0.123917 (VIOLATED)
_4807_/A1                               1.500000    1.623913   -0.123913 (VIOLATED)
_2454_/D                                1.500000    1.623912   -0.123912 (VIOLATED)
_4376_/A1                               1.500000    1.623886   -0.123886 (VIOLATED)
_4793_/A1                               1.500000    1.623801   -0.123801 (VIOLATED)
_4764_/A1                               1.500000    1.623681   -0.123681 (VIOLATED)
_4780_/A1                               1.500000    1.623560   -0.123560 (VIOLATED)
_4327_/A1                               1.500000    1.623529   -0.123529 (VIOLATED)
_4304_/A1                               1.500000    1.623452   -0.123452 (VIOLATED)
_4213_/B1                               1.500000    1.623372   -0.123372 (VIOLATED)
_4282_/A1                               1.500000    1.623299   -0.123299 (VIOLATED)
_2707_/A2                               1.500000    1.623292   -0.123292 (VIOLATED)
_4678_/A1                               1.500000    1.623277   -0.123277 (VIOLATED)
_2693_/A                                1.500000    1.623269   -0.123269 (VIOLATED)
_4081_/A1_N                             1.500000    1.623257   -0.123257 (VIOLATED)
_4609_/A1                               1.500000    1.623254   -0.123254 (VIOLATED)
_2699_/A                                1.500000    1.623253   -0.123253 (VIOLATED)
_4037_/A                                1.500000    1.623247   -0.123247 (VIOLATED)
_4665_/A1                               1.500000    1.623243   -0.123243 (VIOLATED)
_4115_/A                                1.500000    1.623198   -0.123198 (VIOLATED)
_4006_/A1                               1.500000    1.623195   -0.123195 (VIOLATED)
_4163_/A1                               1.500000    1.623017   -0.123017 (VIOLATED)
_4259_/A1                               1.500000    1.622957   -0.122957 (VIOLATED)
_4235_/A1                               1.500000    1.622948   -0.122948 (VIOLATED)
_4718_/A1                               1.500000    1.622864   -0.122864 (VIOLATED)
_2446_/X                                1.500687    1.622687   -0.122000 (VIOLATED)
_3917_/B                                1.500000    1.594890   -0.094890 (VIOLATED)
_3882_/A                                1.500000    1.594882   -0.094883 (VIOLATED)
_4010_/A1                               1.500000    1.594818   -0.094818 (VIOLATED)
_3629_/A0                               1.500000    1.594685   -0.094685 (VIOLATED)
_3951_/A1                               1.500000    1.594602   -0.094602 (VIOLATED)
_4554_/B1                               1.500000    1.594493   -0.094493 (VIOLATED)
_2885_/A                                1.500000    1.592783   -0.092783 (VIOLATED)
_2874_/A                                1.500000    1.592769   -0.092769 (VIOLATED)
_2877_/A                                1.500000    1.592749   -0.092749 (VIOLATED)
_2866_/A                                1.500000    1.592702   -0.092702 (VIOLATED)
_2880_/A                                1.500000    1.592675   -0.092675 (VIOLATED)
_2871_/A                                1.500000    1.592599   -0.092599 (VIOLATED)
_2883_/A                                1.500000    1.592564   -0.092564 (VIOLATED)
_2869_/A                                1.500000    1.592508   -0.092508 (VIOLATED)
_2888_/B1                               1.500000    1.592455   -0.092455 (VIOLATED)
_2691_/A_N                              1.500000    1.592431   -0.092431 (VIOLATED)
_2696_/A                                1.500000    1.592420   -0.092420 (VIOLATED)
_2887_/B                                1.500000    1.592306   -0.092306 (VIOLATED)
_2860_/A                                1.500000    1.592293   -0.092293 (VIOLATED)
_2856_/A                                1.500000    1.592292   -0.092292 (VIOLATED)
_2858_/A                                1.500000    1.592291   -0.092291 (VIOLATED)
_2854_/A_N                              1.500000    1.592288   -0.092288 (VIOLATED)
_2862_/A                                1.500000    1.592287   -0.092287 (VIOLATED)
_2454_/A_N                              1.500000    1.591996   -0.091996 (VIOLATED)
_2707_/B1                               1.500000    1.591916   -0.091916 (VIOLATED)
_2702_/A1                               1.500000    1.591870   -0.091870 (VIOLATED)
_2466_/A_N                              1.500000    1.591862   -0.091863 (VIOLATED)
_2864_/A                                1.500000    1.591861   -0.091861 (VIOLATED)
_2448_/X                                1.500687    1.591735   -0.091048 (VIOLATED)
_2571_/Y                                1.971739    2.013949   -0.042210 (VIOLATED)
_2649_/B                                1.500000    1.526949   -0.026949 (VIOLATED)
_2650_/B                                1.500000    1.526949   -0.026949 (VIOLATED)
_2648_/B                                1.500000    1.526914   -0.026914 (VIOLATED)
_3918_/B                                1.500000    1.526906   -0.026906 (VIOLATED)
_4409_/A1                               1.500000    1.526637   -0.026637 (VIOLATED)
_4428_/A                                1.500000    1.526634   -0.026634 (VIOLATED)
_4429_/A                                1.500000    1.526631   -0.026631 (VIOLATED)
_4554_/A2                               1.500000    1.526620   -0.026620 (VIOLATED)
_4468_/B                                1.500000    1.526606   -0.026606 (VIOLATED)
_4202_/A1                               1.500000    1.526568   -0.026568 (VIOLATED)
_4477_/A                                1.500000    1.526553   -0.026553 (VIOLATED)
_4225_/A                                1.500000    1.526546   -0.026546 (VIOLATED)
_4385_/A1                               1.500000    1.526265   -0.026265 (VIOLATED)
_3961_/A_N                              1.500000    1.525918   -0.025918 (VIOLATED)
_3628_/A1                               1.500000    1.525888   -0.025889 (VIOLATED)
_3895_/B1                               1.500000    1.525153   -0.025153 (VIOLATED)
_3924_/B                                1.500000    1.525139   -0.025139 (VIOLATED)
_4422_/A1                               1.500000    1.525133   -0.025133 (VIOLATED)
_4520_/A0                               1.500000    1.525130   -0.025130 (VIOLATED)
_4675_/A1                               1.500000    1.525117   -0.025117 (VIOLATED)
_3647_/A1                               1.500000    1.525105   -0.025105 (VIOLATED)
_3960_/A0                               1.500000    1.525087   -0.025087 (VIOLATED)
_4474_/A2                               1.500000    1.525052   -0.025053 (VIOLATED)
_4707_/A1                               1.500000    1.525032   -0.025032 (VIOLATED)
_3673_/A0                               1.500000    1.523792   -0.023792 (VIOLATED)
_3976_/A1                               1.500000    1.523277   -0.023277 (VIOLATED)
_3904_/B                                1.500000    1.522869   -0.022869 (VIOLATED)
_3692_/A                                1.500000    1.522846   -0.022846 (VIOLATED)
_3691_/A                                1.500000    1.522834   -0.022835 (VIOLATED)
_2647_/X                                1.498428    1.518566   -0.020138 (VIOLATED)

max capacitance

Pin                                        Limit         Cap       Slack
------------------------------------------------------------------------
_4002_/Y                                0.086070    0.114316   -0.028246 (VIOLATED)
_3136_/Y                                0.086070    0.111422   -0.025352 (VIOLATED)
_3043_/Y                                0.086070    0.109159   -0.023089 (VIOLATED)
_3061_/Y                                0.086070    0.108205   -0.022135 (VIOLATED)
_3208_/Y                                0.086070    0.107395   -0.021325 (VIOLATED)
_3099_/Y                                0.086070    0.105352   -0.019282 (VIOLATED)
_2446_/X                                0.174876    0.191543   -0.016667 (VIOLATED)
_2987_/Y                                0.086070    0.102224   -0.016154 (VIOLATED)
_3024_/Y                                0.086070    0.100977   -0.014907 (VIOLATED)
_2968_/Y                                0.086070    0.100639   -0.014569 (VIOLATED)
_2448_/X                                0.174876    0.187157   -0.012281 (VIOLATED)
_3006_/Y                                0.086070    0.096343   -0.010273 (VIOLATED)
_2571_/Y                                0.105296    0.108210   -0.002914 (VIOLATED)
_2647_/X                                0.187693    0.189365   -0.001672 (VIOLATED)
_3228_/Y                                0.154734    0.155238   -0.000504 (VIOLATED)
_5125_/Q                                0.191355    0.191564   -0.000209 (VIOLATED)
_2581_/Y                                0.105296    0.105440   -0.000144 (VIOLATED)



===========================================================================
report_parasitic_annotation -report_unannotated
============================================================================
Found 37 unannotated drivers.
 clkload0/Y
 clkload1/Y
 clkload10/X
 clkload11/X
 clkload12/X
 clkload13/X
 clkload14/X
 clkload15/X
 clkload16/X
 clkload17/Y
 clkload18/X
 clkload19/X
 clkload2/Y
 clkload20/X
 clkload21/Y
 clkload22/Y
 clkload23/X
 clkload24/Y
 clkload25/Y
 clkload26/Y
 clkload27/X
 clkload28/X
 clkload29/Y
 clkload3/X
 clkload30/Y
 clkload31/X
 clkload32/X
 clkload33/X
 clkload34/Y
 clkload35/X
 clkload36/X
 clkload4/X
 clkload5/X
 clkload6/X
 clkload7/X
 clkload8/X
 clkload9/X
Found 0 partially unannotated drivers.

===========================================================================
max slew violation count 284
max fanout violation count 0
max cap violation count 17
============================================================================

===========================================================================
check_setup -verbose -unconstrained_endpoints -multiple_clock -no_clock -no_input_delay -loops -generated_clocks
===========================================================================
Warning: There are 58 unconstrained endpoints.
  DEVICES_LDH
  DEVICES_LDW
  DEVICES_STRH
  DEVICES_STRW
  EX_HALT
  INSTR_ADDR[0]
  INSTR_ADDR[10]
  INSTR_ADDR[11]
  INSTR_ADDR[12]
  INSTR_ADDR[13]
  INSTR_ADDR[14]
  INSTR_ADDR[15]
  INSTR_ADDR[1]
  INSTR_ADDR[2]
  INSTR_ADDR[3]
  INSTR_ADDR[4]
  INSTR_ADDR[5]
  INSTR_ADDR[6]
  INSTR_ADDR[7]
  INSTR_ADDR[8]
  INSTR_ADDR[9]
  INVALID_MEM
  MAIN_LDH
  MAIN_LDW
  MAIN_STRH
  MAIN_STRW
  MEM_ADDR[0]
  MEM_ADDR[10]
  MEM_ADDR[11]
  MEM_ADDR[12]
  MEM_ADDR[13]
  MEM_ADDR[14]
  MEM_ADDR[15]
  MEM_ADDR[1]
  MEM_ADDR[2]
  MEM_ADDR[3]
  MEM_ADDR[4]
  MEM_ADDR[5]
  MEM_ADDR[6]
  MEM_ADDR[7]
  MEM_ADDR[8]
  MEM_ADDR[9]
  MEM_STR_DATA[0]
  MEM_STR_DATA[10]
  MEM_STR_DATA[11]
  MEM_STR_DATA[12]
  MEM_STR_DATA[13]
  MEM_STR_DATA[14]
  MEM_STR_DATA[15]
  MEM_STR_DATA[1]
  MEM_STR_DATA[2]
  MEM_STR_DATA[3]
  MEM_STR_DATA[4]
  MEM_STR_DATA[5]
  MEM_STR_DATA[6]
  MEM_STR_DATA[7]
  MEM_STR_DATA[8]
  MEM_STR_DATA[9]
