Clock: CLK
Sources: CLK 
Generated: no
Virtual: yes
Propagated: no
Period: 26.000000

===========================================================================
report_clock_properties
============================================================================
Clock                   Period          Waveform
----------------------------------------------------
CLK                  26.000000    0.000000 13.000000

===========================================================================
report_clock_latency
============================================================================
Clock CLK
rise -> rise
    min     max
0.000000 0.000000 source latency
0.912662         network latency _4970_/CLK
        1.010130 network latency _4882_/CLK
---------------
0.912662 1.010130 latency
        0.097468 skew

fall -> fall
    min     max
0.000000 0.000000 source latency
0.919402         network latency _4970_/CLK
        0.991356 network latency _4882_/CLK
---------------
0.919402 0.991356 latency
        0.071954 skew



===========================================================================
report_clock_min_period
============================================================================
CLK period_min = 13.57 fmax = 73.70
