
===========================================================================
report_checks -unconstrained
===========================================================================
======================= min_ss_100C_1v60 Corner ===================================

Startpoint: _5123_ (rising edge-triggered flip-flop clocked by CLK)
Endpoint: _5221_ (rising edge-triggered flip-flop clocked by CLK)
Path Group: CLK
Path Type: max

Fanout         Cap        Slew       Delay        Time   Description
---------------------------------------------------------------------------------------------
                                  0.000000    0.000000   clock CLK (rise edge)
                                  0.000000    0.000000   clock source latency
     1    0.047048    0.000000    0.000000    0.000000 ^ CLK (in)
                                                         CLK (net)
                      0.004057    0.002029    0.002029 ^ clkbuf_0_CLK/A (sky130_fd_sc_hd__clkbuf_16)
     4    0.069881    0.133864    0.253535    0.255564 ^ clkbuf_0_CLK/X (sky130_fd_sc_hd__clkbuf_16)
                                                         clknet_0_CLK (net)
                      0.133909    0.002309    0.257873 ^ clkbuf_2_0__f_CLK/A (sky130_fd_sc_hd__clkbuf_16)
    14    0.121204    0.206114    0.367933    0.625805 ^ clkbuf_2_0__f_CLK/X (sky130_fd_sc_hd__clkbuf_16)
                                                         clknet_2_0__leaf_CLK (net)
                      0.206114    0.000904    0.626709 ^ clkbuf_leaf_3_CLK/A (sky130_fd_sc_hd__clkbuf_8)
    11    0.026558    0.099181    0.313418    0.940128 ^ clkbuf_leaf_3_CLK/X (sky130_fd_sc_hd__clkbuf_8)
                                                         clknet_leaf_3_CLK (net)
                      0.099181    0.000210    0.940337 ^ _5123_/CLK (sky130_fd_sc_hd__dfxtp_4)
    31    0.243667    1.066702    1.439366    2.379703 ^ _5123_/Q (sky130_fd_sc_hd__dfxtp_4)
                                                         _0008_ (net)
                      1.066749    0.008051    2.387754 ^ max_cap147/A (sky130_fd_sc_hd__buf_12)
    34    0.264944    0.468111    0.756043    3.143797 ^ max_cap147/X (sky130_fd_sc_hd__buf_12)
                                                         net147 (net)
                      0.468509    0.011508    3.155305 ^ _2591_/S0 (sky130_fd_sc_hd__mux4_2)
     1    0.003260    0.146738    1.225778    4.381083 v _2591_/X (sky130_fd_sc_hd__mux4_2)
                                                         _0466_ (net)
                      0.146738    0.000042    4.381125 v _2592_/A1 (sky130_fd_sc_hd__mux2_1)
     1    0.007281    0.152299    0.741001    5.122126 v _2592_/X (sky130_fd_sc_hd__mux2_1)
                                                         _0467_ (net)
                      0.152299    0.000213    5.122338 v _2593_/B1 (sky130_fd_sc_hd__a22o_2)
    23    0.150256    0.646521    0.923717    6.046055 v _2593_/X (sky130_fd_sc_hd__a22o_2)
                                                         _0468_ (net)
                      0.646577    0.006422    6.052477 v _3730_/A (sky130_fd_sc_hd__xnor2_2)
     7    0.035955    0.740649    0.892725    6.945202 ^ _3730_/Y (sky130_fd_sc_hd__xnor2_2)
                                                         _1235_ (net)
                      0.740649    0.000643    6.945845 ^ _3888_/A (sky130_fd_sc_hd__and2_2)
     3    0.012296    0.140638    0.576488    7.522332 ^ _3888_/X (sky130_fd_sc_hd__and2_2)
                                                         _1392_ (net)
                      0.140638    0.000080    7.522412 ^ _3890_/A1 (sky130_fd_sc_hd__o21bai_2)
     4    0.018457    0.209410    0.262241    7.784653 v _3890_/Y (sky130_fd_sc_hd__o21bai_2)
                                                         _1394_ (net)
                      0.209410    0.000107    7.784760 v _3894_/A2 (sky130_fd_sc_hd__a311oi_2)
     4    0.018559    0.678531    0.761257    8.546017 ^ _3894_/Y (sky130_fd_sc_hd__a311oi_2)
                                                         _1398_ (net)
                      0.678531    0.000489    8.546506 ^ _3896_/B (sky130_fd_sc_hd__nand2_2)
     3    0.013862    0.190303    0.354876    8.901382 v _3896_/Y (sky130_fd_sc_hd__nand2_2)
                                                         _1400_ (net)
                      0.190303    0.000304    8.901686 v _3901_/A2 (sky130_fd_sc_hd__o211a_2)
     4    0.027904    0.172297    0.622685    9.524371 v _3901_/X (sky130_fd_sc_hd__o211a_2)
                                                         _1405_ (net)
                      0.172297    0.000391    9.524762 v _3908_/A2 (sky130_fd_sc_hd__o21bai_2)
     2    0.016906    0.362978    0.381371    9.906133 ^ _3908_/Y (sky130_fd_sc_hd__o21bai_2)
                                                         _1412_ (net)
                      0.362978    0.000676    9.906809 ^ _4334_/A2 (sky130_fd_sc_hd__a21oi_2)
     3    0.011385    0.137039    0.256560   10.163369 v _4334_/Y (sky130_fd_sc_hd__a21oi_2)
                                                         _1825_ (net)
                      0.137039    0.000059   10.163427 v _4359_/A2 (sky130_fd_sc_hd__o21ba_2)
     2    0.008274    0.084155    0.421696   10.585124 v _4359_/X (sky130_fd_sc_hd__o21ba_2)
                                                         _1849_ (net)
                      0.084213    0.000122   10.585246 v _4360_/C (sky130_fd_sc_hd__and3_2)
     1    0.001533    0.064867    0.422149   11.007395 v _4360_/X (sky130_fd_sc_hd__and3_2)
                                                         _1850_ (net)
                      0.064867    0.000006   11.007401 v _4373_/A_N (sky130_fd_sc_hd__nand3b_2)
     1    0.001599    0.107052    0.391489   11.398890 v _4373_/Y (sky130_fd_sc_hd__nand3b_2)
                                                         _1863_ (net)
                      0.107052    0.000013   11.398903 v _4375_/C (sky130_fd_sc_hd__or4b_2)
     1    0.008544    0.259388    1.540175   12.939077 v _4375_/X (sky130_fd_sc_hd__or4b_2)
                                                         _1865_ (net)
                      0.259388    0.000222   12.939300 v _4378_/A2 (sky130_fd_sc_hd__o311a_2)
     1    0.002182    0.089817    0.767929   13.707229 v _4378_/X (sky130_fd_sc_hd__o311a_2)
                                                         _0373_ (net)
                      0.089817    0.000021   13.707250 v _5221_/D (sky130_fd_sc_hd__dfxtp_2)
                                             13.707250   data arrival time

                                 26.000000   26.000000   clock CLK (rise edge)
                                  0.000000   26.000000   clock source latency
     1    0.047048    0.000000    0.000000   26.000000 ^ CLK (in)
                                                         CLK (net)
                      0.004057    0.002029   26.002028 ^ clkbuf_0_CLK/A (sky130_fd_sc_hd__clkbuf_16)
     4    0.069881    0.133864    0.253536   26.255564 ^ clkbuf_0_CLK/X (sky130_fd_sc_hd__clkbuf_16)
                                                         clknet_0_CLK (net)
                      0.133910    0.002322   26.257885 ^ clkbuf_2_1__f_CLK/A (sky130_fd_sc_hd__clkbuf_16)
    12    0.100250    0.176319    0.344254   26.602140 ^ clkbuf_2_1__f_CLK/X (sky130_fd_sc_hd__clkbuf_16)
                                                         clknet_2_1__leaf_CLK (net)
                      0.176594    0.004468   26.606607 ^ clkbuf_leaf_19_CLK/A (sky130_fd_sc_hd__clkbuf_8)
     5    0.034280    0.116137    0.316135   26.922743 ^ clkbuf_leaf_19_CLK/X (sky130_fd_sc_hd__clkbuf_8)
                                                         clknet_leaf_19_CLK (net)
                      0.116138    0.000641   26.923384 ^ _5221_/CLK (sky130_fd_sc_hd__dfxtp_2)
                                  0.000000   26.923384   clock reconvergence pessimism
                                 -0.270122   26.653261   library setup time
                                             26.653261   data required time
---------------------------------------------------------------------------------------------
                                             26.653261   data required time
                                            -13.707250   data arrival time
---------------------------------------------------------------------------------------------
                                             12.946012   slack (MET)




===========================================================================
report_checks --slack_max -0.01
============================================================================
======================= min_ss_100C_1v60 Corner ===================================

No paths found.


===========================================================================
 report_check_types -max_slew -max_cap -max_fanout -violators
============================================================================
======================= min_ss_100C_1v60 Corner ===================================

max slew

Pin                                        Limit        Slew       Slack
------------------------------------------------------------------------
_3971_/A0                               1.500000    1.779083   -0.279083 (VIOLATED)
_3656_/A1                               1.500000    1.779082   -0.279082 (VIOLATED)
_4096_/A1                               1.500000    1.779079   -0.279079 (VIOLATED)
_4420_/A1                               1.500000    1.779079   -0.279079 (VIOLATED)
_4636_/A1                               1.500000    1.779077   -0.279077 (VIOLATED)
_3641_/A1                               1.500000    1.779075   -0.279075 (VIOLATED)
_3825_/A                                1.500000    1.779070   -0.279070 (VIOLATED)
_3826_/A                                1.500000    1.779070   -0.279070 (VIOLATED)
_3968_/A0                               1.500000    1.779070   -0.279070 (VIOLATED)
_2610_/B                                1.500000    1.779069   -0.279069 (VIOLATED)
_2611_/B                                1.500000    1.779070   -0.279070 (VIOLATED)
_4382_/A1                               1.500000    1.779064   -0.279064 (VIOLATED)
_4530_/A1                               1.500000    1.779061   -0.279061 (VIOLATED)
_4552_/B1                               1.500000    1.779062   -0.279062 (VIOLATED)
_4493_/A                                1.500000    1.779057   -0.279057 (VIOLATED)
_4446_/A                                1.500000    1.779056   -0.279056 (VIOLATED)
_4044_/A1                               1.500000    1.733055   -0.233055 (VIOLATED)
_4420_/A0                               1.500000    1.733054   -0.233054 (VIOLATED)
_4067_/A                                1.500000    1.733054   -0.233054 (VIOLATED)
_3973_/A1                               1.500000    1.733051   -0.233051 (VIOLATED)
_3656_/A0                               1.500000    1.733050   -0.233050 (VIOLATED)
_3641_/A0                               1.500000    1.733049   -0.233049 (VIOLATED)
_4585_/A1                               1.500000    1.733048   -0.233048 (VIOLATED)
_3966_/A                                1.500000    1.733039   -0.233039 (VIOLATED)
_4381_/B1                               1.500000    1.733035   -0.233035 (VIOLATED)
_3929_/B                                1.500000    1.733034   -0.233034 (VIOLATED)
_3891_/A                                1.500000    1.733033   -0.233033 (VIOLATED)
_4478_/A2                               1.500000    1.733032   -0.233032 (VIOLATED)
_4552_/C1                               1.500000    1.733031   -0.233031 (VIOLATED)
_4530_/A2                               1.500000    1.733031   -0.233031 (VIOLATED)
_4002_/Y                                1.496266    1.690575   -0.194309 (VIOLATED)
_4321_/B1                               1.500000    1.690582   -0.190582 (VIOLATED)
_4300_/B1                               1.500000    1.690582   -0.190582 (VIOLATED)
_4348_/B1                               1.500000    1.690581   -0.190581 (VIOLATED)
_4210_/B1                               1.500000    1.690581   -0.190581 (VIOLATED)
_4273_/B1                               1.500000    1.690580   -0.190581 (VIOLATED)
_4513_/B1                               1.500000    1.690580   -0.190580 (VIOLATED)
_4574_/C1                               1.500000    1.690580   -0.190580 (VIOLATED)
_4372_/A2                               1.500000    1.690579   -0.190579 (VIOLATED)
_4256_/B1                               1.500000    1.690579   -0.190579 (VIOLATED)
_4084_/A2_N                             1.500000    1.690578   -0.190578 (VIOLATED)
_4158_/B1                               1.500000    1.690578   -0.190578 (VIOLATED)
_4135_/B1                               1.500000    1.690577   -0.190577 (VIOLATED)
_4101_/B1                               1.500000    1.690577   -0.190577 (VIOLATED)
_3136_/Y                                1.496266    1.674902   -0.178636 (VIOLATED)
_3043_/Y                                1.496266    1.671446   -0.175180 (VIOLATED)
_3139_/B1                               1.500000    1.674928   -0.174928 (VIOLATED)
_3140_/B1                               1.500000    1.674927   -0.174927 (VIOLATED)
_3142_/B1                               1.500000    1.674926   -0.174926 (VIOLATED)
_3137_/B1                               1.500000    1.674924   -0.174924 (VIOLATED)
_3146_/B1                               1.500000    1.674924   -0.174924 (VIOLATED)
_3141_/B1                               1.500000    1.674924   -0.174924 (VIOLATED)
_3148_/B1                               1.500000    1.674922   -0.174922 (VIOLATED)
_3144_/B1                               1.500000    1.674921   -0.174921 (VIOLATED)
_3147_/B1                               1.500000    1.674912   -0.174912 (VIOLATED)
_3138_/B1                               1.500000    1.674909   -0.174909 (VIOLATED)
_3143_/B1                               1.500000    1.674902   -0.174902 (VIOLATED)
_3145_/B1                               1.500000    1.674902   -0.174902 (VIOLATED)
_3149_/B1                               1.500000    1.674902   -0.174902 (VIOLATED)
_3150_/B1                               1.500000    1.674902   -0.174902 (VIOLATED)
_3151_/B1                               1.500000    1.674902   -0.174902 (VIOLATED)
_3152_/B1                               1.500000    1.674902   -0.174902 (VIOLATED)
_3046_/B1                               1.500000    1.671472   -0.171473 (VIOLATED)
_3044_/B1                               1.500000    1.671471   -0.171471 (VIOLATED)
_3047_/B1                               1.500000    1.671471   -0.171472 (VIOLATED)
_3049_/B1                               1.500000    1.671471   -0.171471 (VIOLATED)
_3048_/B1                               1.500000    1.671468   -0.171468 (VIOLATED)
_3055_/B1                               1.500000    1.671461   -0.171461 (VIOLATED)
_3053_/B1                               1.500000    1.671458   -0.171458 (VIOLATED)
_3051_/B1                               1.500000    1.671452   -0.171452 (VIOLATED)
_3045_/B1                               1.500000    1.671449   -0.171449 (VIOLATED)
_3054_/B1                               1.500000    1.671448   -0.171449 (VIOLATED)
_3056_/B1                               1.500000    1.671448   -0.171448 (VIOLATED)
_3050_/B1                               1.500000    1.671446   -0.171446 (VIOLATED)
_3052_/B1                               1.500000    1.671446   -0.171446 (VIOLATED)
_3057_/B1                               1.500000    1.671446   -0.171446 (VIOLATED)
_3058_/B1                               1.500000    1.671446   -0.171446 (VIOLATED)
_3059_/B1                               1.500000    1.671446   -0.171446 (VIOLATED)
_3061_/Y                                1.496266    1.660166   -0.163900 (VIOLATED)
_3062_/B1                               1.500000    1.660188   -0.160188 (VIOLATED)
_3067_/B1                               1.500000    1.660188   -0.160188 (VIOLATED)
_3064_/B1                               1.500000    1.660187   -0.160187 (VIOLATED)
_3065_/B1                               1.500000    1.660187   -0.160187 (VIOLATED)
_3066_/B1                               1.500000    1.660186   -0.160186 (VIOLATED)
_3073_/B1                               1.500000    1.660185   -0.160185 (VIOLATED)
_3071_/B1                               1.500000    1.660183   -0.160184 (VIOLATED)
_3069_/B1                               1.500000    1.660179   -0.160179 (VIOLATED)
_3063_/B1                               1.500000    1.660173   -0.160173 (VIOLATED)
_3072_/B1                               1.500000    1.660173   -0.160173 (VIOLATED)
_3074_/B1                               1.500000    1.660172   -0.160172 (VIOLATED)
_3068_/B1                               1.500000    1.660171   -0.160171 (VIOLATED)
_3075_/B1                               1.500000    1.660169   -0.160169 (VIOLATED)
_3077_/B1                               1.500000    1.660169   -0.160169 (VIOLATED)
_3070_/B1                               1.500000    1.660166   -0.160166 (VIOLATED)
_3076_/B1                               1.500000    1.660166   -0.160166 (VIOLATED)
_3208_/Y                                1.496266    1.649058   -0.152792 (VIOLATED)
_3211_/B1                               1.500000    1.649082   -0.149082 (VIOLATED)
_3212_/B1                               1.500000    1.649082   -0.149082 (VIOLATED)
_3209_/B1                               1.500000    1.649081   -0.149081 (VIOLATED)
_3214_/B1                               1.500000    1.649081   -0.149081 (VIOLATED)
_3213_/B1                               1.500000    1.649078   -0.149078 (VIOLATED)
_3220_/B1                               1.500000    1.649073   -0.149074 (VIOLATED)
_3218_/B1                               1.500000    1.649067   -0.149067 (VIOLATED)
_3216_/B1                               1.500000    1.649065   -0.149065 (VIOLATED)
_3219_/B1                               1.500000    1.649062   -0.149062 (VIOLATED)
_3210_/B1                               1.500000    1.649062   -0.149062 (VIOLATED)
_3221_/B1                               1.500000    1.649062   -0.149062 (VIOLATED)
_3215_/B1                               1.500000    1.649061   -0.149061 (VIOLATED)
_3217_/B1                               1.500000    1.649058   -0.149058 (VIOLATED)
_3222_/B1                               1.500000    1.649058   -0.149058 (VIOLATED)
_3223_/B1                               1.500000    1.649058   -0.149058 (VIOLATED)
_3224_/B1                               1.500000    1.649058   -0.149058 (VIOLATED)
_3099_/Y                                1.496266    1.594123   -0.097857 (VIOLATED)
_3102_/B1                               1.500000    1.594137   -0.094137 (VIOLATED)
_3100_/B1                               1.500000    1.594137   -0.094137 (VIOLATED)
_3105_/B1                               1.500000    1.594136   -0.094136 (VIOLATED)
_3103_/B1                               1.500000    1.594136   -0.094136 (VIOLATED)
_3104_/B1                               1.500000    1.594135   -0.094135 (VIOLATED)
_3111_/B1                               1.500000    1.594134   -0.094134 (VIOLATED)
_3107_/B1                               1.500000    1.594133   -0.094133 (VIOLATED)
_3109_/B1                               1.500000    1.594130   -0.094130 (VIOLATED)
_3110_/B1                               1.500000    1.594125   -0.094125 (VIOLATED)
_3101_/B1                               1.500000    1.594123   -0.094123 (VIOLATED)
_3106_/B1                               1.500000    1.594123   -0.094123 (VIOLATED)
_3108_/B1                               1.500000    1.594123   -0.094123 (VIOLATED)
_3112_/B1                               1.500000    1.594123   -0.094123 (VIOLATED)
_3113_/B1                               1.500000    1.594123   -0.094123 (VIOLATED)
_3114_/B1                               1.500000    1.594123   -0.094123 (VIOLATED)
_3115_/B1                               1.500000    1.594123   -0.094123 (VIOLATED)
_2987_/Y                                1.496266    1.569843   -0.073576 (VIOLATED)
_2990_/B1                               1.500000    1.569881   -0.069881 (VIOLATED)
_2991_/B1                               1.500000    1.569881   -0.069881 (VIOLATED)
_2993_/B1                               1.500000    1.569880   -0.069880 (VIOLATED)
_2988_/B1                               1.500000    1.569878   -0.069878 (VIOLATED)
_2992_/B1                               1.500000    1.569874   -0.069874 (VIOLATED)
_2999_/B1                               1.500000    1.569871   -0.069871 (VIOLATED)
_2997_/B1                               1.500000    1.569867   -0.069867 (VIOLATED)
_2995_/B1                               1.500000    1.569860   -0.069861 (VIOLATED)
_2989_/B1                               1.500000    1.569859   -0.069859 (VIOLATED)
_2998_/B1                               1.500000    1.569859   -0.069859 (VIOLATED)
_3000_/B1                               1.500000    1.569852   -0.069852 (VIOLATED)
_2994_/B1                               1.500000    1.569849   -0.069849 (VIOLATED)
_3003_/B1                               1.500000    1.569845   -0.069845 (VIOLATED)
_3001_/B1                               1.500000    1.569845   -0.069845 (VIOLATED)
_2996_/B1                               1.500000    1.569843   -0.069843 (VIOLATED)
_3002_/B1                               1.500000    1.569843   -0.069843 (VIOLATED)
_2968_/Y                                1.496266    1.560687   -0.064421 (VIOLATED)
_3024_/Y                                1.496266    1.560546   -0.064279 (VIOLATED)
_2971_/B1                               1.500000    1.560696   -0.060696 (VIOLATED)
_2972_/B1                               1.500000    1.560696   -0.060696 (VIOLATED)
_2974_/B1                               1.500000    1.560696   -0.060696 (VIOLATED)
_2969_/B1                               1.500000    1.560695   -0.060695 (VIOLATED)
_2973_/B1                               1.500000    1.560694   -0.060694 (VIOLATED)
_2980_/B1                               1.500000    1.560694   -0.060694 (VIOLATED)
_2983_/B1                               1.500000    1.560694   -0.060694 (VIOLATED)
_2977_/B1                               1.500000    1.560693   -0.060693 (VIOLATED)
_2978_/B1                               1.500000    1.560693   -0.060693 (VIOLATED)
_2982_/B1                               1.500000    1.560693   -0.060693 (VIOLATED)
_2976_/B1                               1.500000    1.560693   -0.060693 (VIOLATED)
_2979_/B1                               1.500000    1.560692   -0.060692 (VIOLATED)
_2984_/B1                               1.500000    1.560692   -0.060692 (VIOLATED)
_2981_/B1                               1.500000    1.560692   -0.060692 (VIOLATED)
_2975_/B1                               1.500000    1.560691   -0.060691 (VIOLATED)
_2970_/B1                               1.500000    1.560687   -0.060687 (VIOLATED)
_3027_/B1                               1.500000    1.560605   -0.060605 (VIOLATED)
_3028_/B1                               1.500000    1.560605   -0.060605 (VIOLATED)
_3025_/B1                               1.500000    1.560604   -0.060604 (VIOLATED)
_3030_/B1                               1.500000    1.560604   -0.060604 (VIOLATED)
_3036_/B1                               1.500000    1.560596   -0.060596 (VIOLATED)
_3029_/B1                               1.500000    1.560592   -0.060592 (VIOLATED)
_3034_/B1                               1.500000    1.560586   -0.060586 (VIOLATED)
_3032_/B1                               1.500000    1.560574   -0.060574 (VIOLATED)
_3035_/B1                               1.500000    1.560566   -0.060566 (VIOLATED)
_3026_/B1                               1.500000    1.560565   -0.060565 (VIOLATED)
_3037_/B1                               1.500000    1.560564   -0.060564 (VIOLATED)
_3031_/B1                               1.500000    1.560563   -0.060563 (VIOLATED)
_3038_/B1                               1.500000    1.560561   -0.060561 (VIOLATED)
_3040_/B1                               1.500000    1.560559   -0.060559 (VIOLATED)
_3033_/B1                               1.500000    1.560551   -0.060551 (VIOLATED)
_3039_/B1                               1.500000    1.560549   -0.060549 (VIOLATED)

max capacitance

Pin                                        Limit         Cap       Slack
------------------------------------------------------------------------
_4002_/Y                                0.086070    0.098263   -0.012193 (VIOLATED)
_3136_/Y                                0.086070    0.097301   -0.011231 (VIOLATED)
_3043_/Y                                0.086070    0.097101   -0.011031 (VIOLATED)
_3061_/Y                                0.086070    0.096422   -0.010352 (VIOLATED)
_3208_/Y                                0.086070    0.095771   -0.009701 (VIOLATED)
_3099_/Y                                0.086070    0.092511   -0.006441 (VIOLATED)
_2987_/Y                                0.086070    0.091033   -0.004963 (VIOLATED)
_2968_/Y                                0.086070    0.090517   -0.004447 (VIOLATED)
_3024_/Y                                0.086070    0.090451   -0.004381 (VIOLATED)
_3006_/Y                                0.086070    0.086273   -0.000203 (VIOLATED)



===========================================================================
report_parasitic_annotation -report_unannotated
============================================================================
Found 37 unannotated drivers.
 clkload0/Y
 clkload1/Y
 clkload10/X
 clkload11/X
 clkload12/X
 clkload13/X
 clkload14/X
 clkload15/X
 clkload16/X
 clkload17/Y
 clkload18/X
 clkload19/X
 clkload2/Y
 clkload20/X
 clkload21/Y
 clkload22/Y
 clkload23/X
 clkload24/Y
 clkload25/Y
 clkload26/Y
 clkload27/X
 clkload28/X
 clkload29/Y
 clkload3/X
 clkload30/Y
 clkload31/X
 clkload32/X
 clkload33/X
 clkload34/Y
 clkload35/X
 clkload36/X
 clkload4/X
 clkload5/X
 clkload6/X
 clkload7/X
 clkload8/X
 clkload9/X
Found 0 partially unannotated drivers.

===========================================================================
max slew violation count 180
max fanout violation count 0
max cap violation count 10
============================================================================

===========================================================================
check_setup -verbose -unconstrained_endpoints -multiple_clock -no_clock -no_input_delay -loops -generated_clocks
===========================================================================
Warning: There are 58 unconstrained endpoints.
  DEVICES_LDH
  DEVICES_LDW
  DEVICES_STRH
  DEVICES_STRW
  EX_HALT
  INSTR_ADDR[0]
  INSTR_ADDR[10]
  INSTR_ADDR[11]
  INSTR_ADDR[12]
  INSTR_ADDR[13]
  INSTR_ADDR[14]
  INSTR_ADDR[15]
  INSTR_ADDR[1]
  INSTR_ADDR[2]
  INSTR_ADDR[3]
  INSTR_ADDR[4]
  INSTR_ADDR[5]
  INSTR_ADDR[6]
  INSTR_ADDR[7]
  INSTR_ADDR[8]
  INSTR_ADDR[9]
  INVALID_MEM
  MAIN_LDH
  MAIN_LDW
  MAIN_STRH
  MAIN_STRW
  MEM_ADDR[0]
  MEM_ADDR[10]
  MEM_ADDR[11]
  MEM_ADDR[12]
  MEM_ADDR[13]
  MEM_ADDR[14]
  MEM_ADDR[15]
  MEM_ADDR[1]
  MEM_ADDR[2]
  MEM_ADDR[3]
  MEM_ADDR[4]
  MEM_ADDR[5]
  MEM_ADDR[6]
  MEM_ADDR[7]
  MEM_ADDR[8]
  MEM_ADDR[9]
  MEM_STR_DATA[0]
  MEM_STR_DATA[10]
  MEM_STR_DATA[11]
  MEM_STR_DATA[12]
  MEM_STR_DATA[13]
  MEM_STR_DATA[14]
  MEM_STR_DATA[15]
  MEM_STR_DATA[1]
  MEM_STR_DATA[2]
  MEM_STR_DATA[3]
  MEM_STR_DATA[4]
  MEM_STR_DATA[5]
  MEM_STR_DATA[6]
  MEM_STR_DATA[7]
  MEM_STR_DATA[8]
  MEM_STR_DATA[9]
