Clock: CLK
Sources: CLK 
Generated: no
Virtual: yes
Propagated: no
Period: 26.000000

===========================================================================
report_clock_properties
============================================================================
Clock                   Period          Waveform
----------------------------------------------------
CLK                  26.000000    0.000000 13.000000

===========================================================================
report_clock_latency
============================================================================
Clock CLK
rise -> rise
    min     max
0.000000 0.000000 source latency
0.874493         network latency _5005_/CLK
        0.953540 network latency _4882_/CLK
---------------
0.874493 0.953540 latency
        0.079047 skew

fall -> fall
    min     max
0.000000 0.000000 source latency
0.888955         network latency _4972_/CLK
        0.946560 network latency _4882_/CLK
---------------
0.888955 0.946560 latency
        0.057605 skew



===========================================================================
report_clock_min_period
============================================================================
CLK period_min = 13.05 fmax = 76.60
