
===========================================================================
report_checks -unconstrained
===========================================================================
======================= nom_ff_n40C_1v95 Corner ===================================

Startpoint: _5127_ (rising edge-triggered flip-flop clocked by CLK)
Endpoint: DEVICES_STRW (output port clocked by CLK)
Path Group: CLK
Path Type: max

Fanout         Cap        Slew       Delay        Time   Description
---------------------------------------------------------------------------------------------
                                  0.000000    0.000000   clock CLK (rise edge)
                                  0.000000    0.000000   clock source latency
     1    0.049018    0.000000    0.000000    0.000000 ^ CLK (in)
                                                         CLK (net)
                      0.002347    0.001173    0.001173 ^ clkbuf_0_CLK/A (sky130_fd_sc_hd__clkbuf_16)
     4    0.076893    0.071882    0.106792    0.107966 ^ clkbuf_0_CLK/X (sky130_fd_sc_hd__clkbuf_16)
                                                         clknet_0_CLK (net)
                      0.072666    0.005934    0.113900 ^ clkbuf_2_2__f_CLK/A (sky130_fd_sc_hd__clkbuf_16)
    11    0.105730    0.093459    0.142526    0.256426 ^ clkbuf_2_2__f_CLK/X (sky130_fd_sc_hd__clkbuf_16)
                                                         clknet_2_2__leaf_CLK (net)
                      0.093700    0.003852    0.260278 ^ clkbuf_leaf_9_CLK/A (sky130_fd_sc_hd__clkbuf_8)
    12    0.036243    0.057064    0.120268    0.380546 ^ clkbuf_leaf_9_CLK/X (sky130_fd_sc_hd__clkbuf_8)
                                                         clknet_leaf_9_CLK (net)
                      0.057077    0.000855    0.381401 ^ _5127_/CLK (sky130_fd_sc_hd__dfxtp_4)
    18    0.153685    0.323824    0.419582    0.800982 ^ _5127_/Q (sky130_fd_sc_hd__dfxtp_4)
                                                         _0008_ (net)
                      0.323890    0.003893    0.804876 ^ max_cap165/A (sky130_fd_sc_hd__buf_12)
    24    0.215669    0.188839    0.183456    0.988332 ^ max_cap165/X (sky130_fd_sc_hd__buf_12)
                                                         net165 (net)
                      0.190046    0.012518    1.000850 ^ max_cap164/A (sky130_fd_sc_hd__buf_12)
    24    0.214462    0.187331    0.179481    1.180331 ^ max_cap164/X (sky130_fd_sc_hd__buf_12)
                                                         net164 (net)
                      0.198573    0.035762    1.216093 ^ _2578_/S0 (sky130_fd_sc_hd__mux4_2)
     1    0.004415    0.061562    0.307455    1.523548 v _2578_/X (sky130_fd_sc_hd__mux4_2)
                                                         _0508_ (net)
                      0.061562    0.000158    1.523706 v _2579_/B (sky130_fd_sc_hd__or2_2)
     2    0.007863    0.046559    0.180430    1.704136 v _2579_/X (sky130_fd_sc_hd__or2_2)
                                                         _0509_ (net)
                      0.046559    0.000153    1.704288 v _2586_/A1 (sky130_fd_sc_hd__a22o_2)
     8    0.055199    0.105952    0.206964    1.911253 v _2586_/X (sky130_fd_sc_hd__a22o_2)
                                                         _0516_ (net)
                      0.105969    0.001447    1.912700 v _2587_/B (sky130_fd_sc_hd__and2_2)
     4    0.015065    0.045987    0.171392    2.084092 v _2587_/X (sky130_fd_sc_hd__and2_2)
                                                         _0517_ (net)
                      0.045988    0.000209    2.084301 v _2589_/A (sky130_fd_sc_hd__nor2_2)
     9    0.050555    0.392018    0.318703    2.403003 ^ _2589_/Y (sky130_fd_sc_hd__nor2_2)
                                                         _0519_ (net)
                      0.392028    0.001615    2.404618 ^ _2615_/A1 (sky130_fd_sc_hd__a21o_2)
     2    0.015870    0.068238    0.125924    2.530542 ^ _2615_/X (sky130_fd_sc_hd__a21o_2)
                                                         _0545_ (net)
                      0.068241    0.000542    2.531084 ^ _2621_/A1 (sky130_fd_sc_hd__a21bo_2)
     3    0.022038    0.095388    0.131275    2.662359 ^ _2621_/X (sky130_fd_sc_hd__a21bo_2)
                                                         _0551_ (net)
                      0.095399    0.001050    2.663409 ^ _2626_/A2 (sky130_fd_sc_hd__a31o_2)
     3    0.020392    0.096180    0.147737    2.811147 ^ _2626_/X (sky130_fd_sc_hd__a31o_2)
                                                         _0556_ (net)
                      0.096183    0.000704    2.811851 ^ _2631_/A1 (sky130_fd_sc_hd__a31o_2)
     4    0.044274    0.192618    0.211296    3.023147 ^ _2631_/X (sky130_fd_sc_hd__a31o_2)
                                                         _0561_ (net)
                      0.192639    0.001687    3.024834 ^ _2684_/D_N (sky130_fd_sc_hd__or4b_2)
     3    0.014616    0.095981    0.371870    3.396704 v _2684_/X (sky130_fd_sc_hd__or4b_2)
                                                         _0614_ (net)
                      0.095981    0.000733    3.397437 v _2690_/A1 (sky130_fd_sc_hd__a21o_2)
     4    0.014581    0.045126    0.163652    3.561090 v _2690_/X (sky130_fd_sc_hd__a21o_2)
                                                         _0620_ (net)
                      0.045132    0.000473    3.561563 v _2694_/A3 (sky130_fd_sc_hd__a311o_2)
     4    0.016592    0.064760    0.274090    3.835653 v _2694_/X (sky130_fd_sc_hd__a311o_2)
                                                         _0624_ (net)
                      0.064793    0.000473    3.836127 v _2696_/A2 (sky130_fd_sc_hd__a21bo_2)
     5    0.019945    0.052912    0.177779    4.013906 v _2696_/X (sky130_fd_sc_hd__a21bo_2)
                                                         _0626_ (net)
                      0.052934    0.001010    4.014915 v _2704_/C (sky130_fd_sc_hd__and3_2)
     2    0.017384    0.051253    0.166932    4.181847 v _2704_/X (sky130_fd_sc_hd__and3_2)
                                                         _0628_ (net)
                      0.051257    0.000522    4.182369 v _2705_/B (sky130_fd_sc_hd__and2_2)
     1    0.002865    0.026543    0.120664    4.303034 v _2705_/X (sky130_fd_sc_hd__and2_2)
                                                         net53 (net)
                      0.026543    0.000084    4.303118 v output53/A (sky130_fd_sc_hd__clkdlybuf4s25_1)
     1    0.051857    0.261025    0.338222    4.641339 v output53/X (sky130_fd_sc_hd__clkdlybuf4s25_1)
                                                         DEVICES_STRW (net)
                      0.261032    0.001510    4.642850 v DEVICES_STRW (out)
                                              4.642850   data arrival time

                                 26.000000   26.000000   clock CLK (rise edge)
                                  0.000000   26.000000   clock network delay (propagated)
                                  0.000000   26.000000   clock reconvergence pessimism
                                 -5.000000   20.999998   output external delay
                                             20.999998   data required time
---------------------------------------------------------------------------------------------
                                             20.999998   data required time
                                             -4.642850   data arrival time
---------------------------------------------------------------------------------------------
                                             16.357149   slack (MET)




===========================================================================
report_checks --slack_max -0.01
============================================================================
======================= nom_ff_n40C_1v95 Corner ===================================

No paths found.


===========================================================================
 report_check_types -max_slew -max_cap -max_fanout -violators
============================================================================
======================= nom_ff_n40C_1v95 Corner ===================================



===========================================================================
report_parasitic_annotation -report_unannotated
============================================================================
Found 40 unannotated drivers.
 clkload0/X
 clkload1/Y
 clkload10/X
 clkload11/X
 clkload12/X
 clkload13/X
 clkload14/Y
 clkload15/Y
 clkload16/Y
 clkload17/Y
 clkload18/Y
 clkload19/Y
 clkload2/Y
 clkload20/X
 clkload21/Y
 clkload22/Y
 clkload23/Y
 clkload24/Y
 clkload25/Y
 clkload26/X
 clkload27/X
 clkload28/X
 clkload29/X
 clkload3/Y
 clkload30/Y
 clkload31/X
 clkload32/Y
 clkload33/Y
 clkload34/X
 clkload35/X
 clkload36/X
 clkload37/X
 clkload38/X
 clkload39/Y
 clkload4/X
 clkload5/X
 clkload6/X
 clkload7/X
 clkload8/X
 clkload9/X
Found 0 partially unannotated drivers.

===========================================================================
max slew violation count 0
max fanout violation count 0
max cap violation count 0
============================================================================

===========================================================================
check_setup -verbose -unconstrained_endpoints -multiple_clock -no_clock -no_input_delay -loops -generated_clocks
===========================================================================
