Clock: CLK
Sources: CLK 
Generated: no
Virtual: yes
Propagated: no
Period: 26.000000

===========================================================================
report_clock_properties
============================================================================
Clock                   Period          Waveform
----------------------------------------------------
CLK                  26.000000    0.000000 13.000000

===========================================================================
report_clock_latency
============================================================================
Clock CLK
rise -> rise
    min     max
0.000000 0.000000 source latency
0.363131         network latency _5254_/CLK
        0.403412 network latency _5022_/CLK
---------------
0.363131 0.403412 latency
        0.040281 skew

fall -> fall
    min     max
0.000000 0.000000 source latency
0.363375         network latency _5254_/CLK
        0.392898 network latency _5022_/CLK
---------------
0.363375 0.392898 latency
        0.029523 skew



===========================================================================
report_clock_min_period
============================================================================
CLK period_min = 4.13 fmax = 242.27
