
===========================================================================
report_checks -unconstrained
===========================================================================
======================= max_tt_025C_1v80 Corner ===================================

Startpoint: RESET (input port clocked by CLK)
Endpoint: _4961_ (rising edge-triggered flip-flop clocked by CLK)
Path Group: CLK
Path Type: max

Fanout         Cap        Slew       Delay        Time   Description
---------------------------------------------------------------------------------------------
                                  0.000000    0.000000   clock CLK (rise edge)
                                  0.000000    0.000000   clock network delay (propagated)
                                  5.000000    5.000000 ^ input external delay
     1    0.005948    0.000000    0.000000    5.000000 ^ RESET (in)
                                                         RESET (net)
                      0.000382    0.000191    5.000191 ^ input49/A (sky130_fd_sc_hd__buf_4)
    32    0.231773    0.630948    0.469140    5.469331 ^ input49/X (sky130_fd_sc_hd__buf_4)
                                                         net49 (net)
                      0.631245    0.011816    5.481147 ^ _2431_/A (sky130_fd_sc_hd__clkinv_2)
    48    0.207962    0.809442    0.790269    6.271416 v _2431_/Y (sky130_fd_sc_hd__clkinv_2)
                                                         _2359_ (net)
                      0.815728    0.058408    6.329824 v _2469_/B (sky130_fd_sc_hd__and2_2)
     5    0.024082    0.093519    0.569042    6.898867 v _2469_/X (sky130_fd_sc_hd__and2_2)
                                                         _0012_ (net)
                      0.093653    0.001834    6.900700 v _2898_/B (sky130_fd_sc_hd__nand2_2)
     3    0.007080    0.059331    0.093710    6.994410 ^ _2898_/Y (sky130_fd_sc_hd__nand2_2)
                                                         _0785_ (net)
                      0.059332    0.000402    6.994812 ^ _2971_/A (sky130_fd_sc_hd__or3b_2)
     4    0.025589    0.151452    0.195582    7.190394 ^ _2971_/X (sky130_fd_sc_hd__or3b_2)
                                                         _0826_ (net)
                      0.151516    0.002554    7.192948 ^ _3028_/B (sky130_fd_sc_hd__nor2_2)
     9    0.054632    0.134509    0.150315    7.343263 v _3028_/Y (sky130_fd_sc_hd__nor2_2)
                                                         _0835_ (net)
                      0.134529    0.001411    7.344674 v max_cap132/A (sky130_fd_sc_hd__buf_4)
     9    0.055506    0.081194    0.225637    7.570311 v max_cap132/X (sky130_fd_sc_hd__buf_4)
                                                         net132 (net)
                      0.082266    0.007265    7.577576 v _3029_/B (sky130_fd_sc_hd__nor2_2)
    16    0.102710    1.076882    0.813055    8.390631 ^ _3029_/Y (sky130_fd_sc_hd__nor2_2)
                                                         _0836_ (net)
                      1.077519    0.021920    8.412551 ^ _3040_/B1 (sky130_fd_sc_hd__a22o_2)
     1    0.003509    0.061128    0.273347    8.685898 ^ _3040_/X (sky130_fd_sc_hd__a22o_2)
                                                         _0109_ (net)
                      0.061128    0.000203    8.686101 ^ _4961_/D (sky130_fd_sc_hd__dfxtp_2)
                                              8.686101   data arrival time

                                 26.000000   26.000000   clock CLK (rise edge)
                                  0.000000   26.000000   clock source latency
     1    0.046924    0.000000    0.000000   26.000000 ^ CLK (in)
                                                         CLK (net)
                      0.002981    0.001490   26.001490 ^ clkbuf_0_CLK/A (sky130_fd_sc_hd__clkbuf_16)
     4    0.077332    0.094808    0.151603   26.153093 ^ clkbuf_0_CLK/X (sky130_fd_sc_hd__clkbuf_16)
                                                         clknet_0_CLK (net)
                      0.095565    0.006748   26.159842 ^ clkbuf_2_0__f_CLK/A (sky130_fd_sc_hd__clkbuf_16)
    13    0.121020    0.134534    0.216639   26.376480 ^ clkbuf_2_0__f_CLK/X (sky130_fd_sc_hd__clkbuf_16)
                                                         clknet_2_0__leaf_CLK (net)
                      0.134536    0.000478   26.376959 ^ clkbuf_leaf_34_CLK/A (sky130_fd_sc_hd__clkbuf_8)
    11    0.031542    0.068898    0.178416   26.555374 ^ clkbuf_leaf_34_CLK/X (sky130_fd_sc_hd__clkbuf_8)
                                                         clknet_leaf_34_CLK (net)
                      0.068927    0.001299   26.556673 ^ _4961_/CLK (sky130_fd_sc_hd__dfxtp_2)
                                  0.000000   26.556673   clock reconvergence pessimism
                                 -0.059103   26.497570   library setup time
                                             26.497570   data required time
---------------------------------------------------------------------------------------------
                                             26.497570   data required time
                                             -8.686101   data arrival time
---------------------------------------------------------------------------------------------
                                             17.811468   slack (MET)




===========================================================================
report_checks --slack_max -0.01
============================================================================
======================= max_tt_025C_1v80 Corner ===================================

No paths found.


===========================================================================
 report_check_types -max_slew -max_cap -max_fanout -violators
============================================================================
======================= max_tt_025C_1v80 Corner ===================================



===========================================================================
report_parasitic_annotation -report_unannotated
============================================================================
Found 34 unannotated drivers.
 clkload0/X
 clkload1/Y
 clkload10/X
 clkload11/X
 clkload12/Y
 clkload13/Y
 clkload14/Y
 clkload15/Y
 clkload16/Y
 clkload17/X
 clkload18/Y
 clkload19/Y
 clkload2/Y
 clkload20/Y
 clkload21/Y
 clkload22/Y
 clkload23/X
 clkload24/X
 clkload25/X
 clkload26/Y
 clkload27/Y
 clkload28/X
 clkload29/X
 clkload3/Y
 clkload30/X
 clkload31/X
 clkload32/X
 clkload33/Y
 clkload4/X
 clkload5/X
 clkload6/X
 clkload7/X
 clkload8/X
 clkload9/X
Found 0 partially unannotated drivers.

===========================================================================
max slew violation count 0
max fanout violation count 0
max cap violation count 0
============================================================================

===========================================================================
check_setup -verbose -unconstrained_endpoints -multiple_clock -no_clock -no_input_delay -loops -generated_clocks
===========================================================================
Warning: There are 58 unconstrained endpoints.
  DEVICES_LDH
  DEVICES_LDW
  DEVICES_STRH
  DEVICES_STRW
  EX_HALT
  INSTR_ADDR[0]
  INSTR_ADDR[10]
  INSTR_ADDR[11]
  INSTR_ADDR[12]
  INSTR_ADDR[13]
  INSTR_ADDR[14]
  INSTR_ADDR[15]
  INSTR_ADDR[1]
  INSTR_ADDR[2]
  INSTR_ADDR[3]
  INSTR_ADDR[4]
  INSTR_ADDR[5]
  INSTR_ADDR[6]
  INSTR_ADDR[7]
  INSTR_ADDR[8]
  INSTR_ADDR[9]
  INVALID_MEM
  MAIN_LDH
  MAIN_LDW
  MAIN_STRH
  MAIN_STRW
  MEM_ADDR[0]
  MEM_ADDR[10]
  MEM_ADDR[11]
  MEM_ADDR[12]
  MEM_ADDR[13]
  MEM_ADDR[14]
  MEM_ADDR[15]
  MEM_ADDR[1]
  MEM_ADDR[2]
  MEM_ADDR[3]
  MEM_ADDR[4]
  MEM_ADDR[5]
  MEM_ADDR[6]
  MEM_ADDR[7]
  MEM_ADDR[8]
  MEM_ADDR[9]
  MEM_STR_DATA[0]
  MEM_STR_DATA[10]
  MEM_STR_DATA[11]
  MEM_STR_DATA[12]
  MEM_STR_DATA[13]
  MEM_STR_DATA[14]
  MEM_STR_DATA[15]
  MEM_STR_DATA[1]
  MEM_STR_DATA[2]
  MEM_STR_DATA[3]
  MEM_STR_DATA[4]
  MEM_STR_DATA[5]
  MEM_STR_DATA[6]
  MEM_STR_DATA[7]
  MEM_STR_DATA[8]
  MEM_STR_DATA[9]
