[WARNING ORD-0039] .openroad ignored with -python
Unannotated report:
['report_parasitic_annotation -report_unannotated\n',
 '============================================================================\n',
 'Found 34 unannotated drivers.\n',
 ' clkload0/X\n',
 ' clkload1/Y\n',
 ' clkload10/X\n',
 ' clkload11/X\n',
 ' clkload12/Y\n',
 ' clkload13/Y\n',
 ' clkload14/Y\n',
 ' clkload15/Y\n',
 ' clkload16/Y\n',
 ' clkload17/X\n',
 ' clkload18/Y\n',
 ' clkload19/Y\n',
 ' clkload2/Y\n',
 ' clkload20/Y\n',
 ' clkload21/Y\n',
 ' clkload22/Y\n',
 ' clkload23/X\n',
 ' clkload24/X\n',
 ' clkload25/X\n',
 ' clkload26/Y\n',
 ' clkload27/Y\n',
 ' clkload28/X\n',
 ' clkload29/X\n',
 ' clkload3/Y\n',
 ' clkload30/X\n',
 ' clkload31/X\n',
 ' clkload32/X\n',
 ' clkload33/Y\n',
 ' clkload4/X\n',
 ' clkload5/X\n',
 ' clkload6/X\n',
 ' clkload7/X\n',
 ' clkload8/X\n',
 ' clkload9/X\n',
 'Found 0 partially unannotated drivers.\n',
 '\n']
Reported nets:
['clkload0/X',
 'clkload1/Y',
 'clkload10/X',
 'clkload11/X',
 'clkload12/Y',
 'clkload13/Y',
 'clkload14/Y',
 'clkload15/Y',
 'clkload16/Y',
 'clkload17/X',
 'clkload18/Y',
 'clkload19/Y',
 'clkload2/Y',
 'clkload20/Y',
 'clkload21/Y',
 'clkload22/Y',
 'clkload23/X',
 'clkload24/X',
 'clkload25/X',
 'clkload26/Y',
 'clkload27/Y',
 'clkload28/X',
 'clkload29/X',
 'clkload3/Y',
 'clkload30/X',
 'clkload31/X',
 'clkload32/X',
 'clkload33/Y',
 'clkload4/X',
 'clkload5/X',
 'clkload6/X',
 'clkload7/X',
 'clkload8/X',
 'clkload9/X']
Filtered nets:
[]
done
