Clock: CLK
Sources: CLK 
Generated: no
Virtual: yes
Propagated: no
Period: 26.000000

===========================================================================
report_clock_properties
============================================================================
Clock                   Period          Waveform
----------------------------------------------------
CLK                  26.000000    0.000000 13.000000

===========================================================================
report_clock_latency
============================================================================
Clock CLK
rise -> rise
    min     max
0.000000 0.000000 source latency
1.362917         network latency _5004_/CLK
        1.399708 network latency _5170_/CLK
---------------
1.362917 1.399708 latency
        0.036790 skew

fall -> fall
    min     max
0.000000 0.000000 source latency
1.199093         network latency _5004_/CLK
        1.226936 network latency _5170_/CLK
---------------
1.199093 1.226936 latency
        0.027843 skew



===========================================================================
report_clock_min_period
============================================================================
CLK period_min = 19.11 fmax = 52.33
