
===========================================================================
report_checks -unconstrained
===========================================================================
======================= nom_ff_n40C_1v95 Corner ===================================

Startpoint: _5127_ (rising edge-triggered flip-flop clocked by CLK)
Endpoint: DEVICES_STRW (output port clocked by CLK)
Path Group: CLK
Path Type: max

Fanout         Cap        Slew       Delay        Time   Description
---------------------------------------------------------------------------------------------
                                  0.000000    0.000000   clock CLK (rise edge)
                                  0.000000    0.000000   clock source latency
     1    0.045029    0.000000    0.000000    0.000000 ^ CLK (in)
                                                         CLK (net)
                      0.004565    0.002283    0.002283 ^ clkbuf_0_CLK/A (sky130_fd_sc_hd__clkbuf_16)
     4    0.072686    0.068821    0.106646    0.108929 ^ clkbuf_0_CLK/X (sky130_fd_sc_hd__clkbuf_16)
                                                         clknet_0_CLK (net)
                      0.068948    0.002357    0.111285 ^ clkbuf_2_2__f_CLK/A (sky130_fd_sc_hd__clkbuf_16)
    11    0.103770    0.091508    0.141885    0.253170 ^ clkbuf_2_2__f_CLK/X (sky130_fd_sc_hd__clkbuf_16)
                                                         clknet_2_2__leaf_CLK (net)
                      0.091667    0.003073    0.256243 ^ clkbuf_leaf_9_CLK/A (sky130_fd_sc_hd__clkbuf_8)
    11    0.033940    0.054277    0.117662    0.373905 ^ clkbuf_leaf_9_CLK/X (sky130_fd_sc_hd__clkbuf_8)
                                                         clknet_leaf_9_CLK (net)
                      0.054303    0.001090    0.374995 ^ _5127_/CLK (sky130_fd_sc_hd__dfxtp_4)
    18    0.154211    0.325306    0.417155    0.792150 ^ _5127_/Q (sky130_fd_sc_hd__dfxtp_4)
                                                         _0008_ (net)
                      0.325442    0.005637    0.797787 ^ max_cap165/A (sky130_fd_sc_hd__buf_12)
    24    0.215568    0.188890    0.182647    0.980434 ^ max_cap165/X (sky130_fd_sc_hd__buf_12)
                                                         net165 (net)
                      0.190448    0.014125    0.994559 ^ max_cap164/A (sky130_fd_sc_hd__buf_12)
    24    0.216639    0.189279    0.183593    1.178152 ^ max_cap164/X (sky130_fd_sc_hd__buf_12)
                                                         net164 (net)
                      0.196163    0.028450    1.206603 ^ _2578_/S0 (sky130_fd_sc_hd__mux4_2)
     1    0.003539    0.058202    0.302522    1.509125 v _2578_/X (sky130_fd_sc_hd__mux4_2)
                                                         _0508_ (net)
                      0.058202    0.000134    1.509259 v _2579_/B (sky130_fd_sc_hd__or2_2)
     2    0.007539    0.046058    0.178310    1.687569 v _2579_/X (sky130_fd_sc_hd__or2_2)
                                                         _0509_ (net)
                      0.046058    0.000138    1.687707 v _2586_/A1 (sky130_fd_sc_hd__a22o_2)
     8    0.057536    0.109495    0.209415    1.897122 v _2586_/X (sky130_fd_sc_hd__a22o_2)
                                                         _0516_ (net)
                      0.109515    0.001557    1.898679 v _2587_/B (sky130_fd_sc_hd__and2_2)
     4    0.015024    0.045938    0.172795    2.071474 v _2587_/X (sky130_fd_sc_hd__and2_2)
                                                         _0517_ (net)
                      0.045938    0.000227    2.071702 v _2589_/A (sky130_fd_sc_hd__nor2_2)
     9    0.051241    0.397264    0.321528    2.393230 ^ _2589_/Y (sky130_fd_sc_hd__nor2_2)
                                                         _0519_ (net)
                      0.397285    0.002481    2.395711 ^ _2615_/A1 (sky130_fd_sc_hd__a21o_2)
     2    0.015704    0.067701    0.125419    2.521129 ^ _2615_/X (sky130_fd_sc_hd__a21o_2)
                                                         _0545_ (net)
                      0.067704    0.000500    2.521629 ^ _2621_/A1 (sky130_fd_sc_hd__a21bo_2)
     3    0.022270    0.096298    0.131837    2.653466 ^ _2621_/X (sky130_fd_sc_hd__a21bo_2)
                                                         _0551_ (net)
                      0.096308    0.001005    2.654471 ^ _2626_/A2 (sky130_fd_sc_hd__a31o_2)
     3    0.020243    0.095669    0.147420    2.801891 ^ _2626_/X (sky130_fd_sc_hd__a31o_2)
                                                         _0556_ (net)
                      0.095676    0.000882    2.802773 ^ _2631_/A1 (sky130_fd_sc_hd__a31o_2)
     4    0.040334    0.176343    0.200136    3.002908 ^ _2631_/X (sky130_fd_sc_hd__a31o_2)
                                                         _0561_ (net)
                      0.176366    0.001662    3.004570 ^ _2684_/D_N (sky130_fd_sc_hd__or4b_2)
     3    0.014897    0.096516    0.372711    3.377281 v _2684_/X (sky130_fd_sc_hd__or4b_2)
                                                         _0614_ (net)
                      0.096516    0.000665    3.377946 v _2690_/A1 (sky130_fd_sc_hd__a21o_2)
     4    0.015036    0.045750    0.164513    3.542459 v _2690_/X (sky130_fd_sc_hd__a21o_2)
                                                         _0620_ (net)
                      0.045757    0.000544    3.543003 v _2694_/A3 (sky130_fd_sc_hd__a311o_2)
     4    0.016515    0.064655    0.274176    3.817179 v _2694_/X (sky130_fd_sc_hd__a311o_2)
                                                         _0624_ (net)
                      0.064687    0.000471    3.817650 v _2696_/A2 (sky130_fd_sc_hd__a21bo_2)
     5    0.019045    0.051572    0.176408    3.994059 v _2696_/X (sky130_fd_sc_hd__a21bo_2)
                                                         _0626_ (net)
                      0.051588    0.000865    3.994923 v _2704_/C (sky130_fd_sc_hd__and3_2)
     2    0.018378    0.052640    0.167813    4.162736 v _2704_/X (sky130_fd_sc_hd__and3_2)
                                                         _0628_ (net)
                      0.052643    0.000538    4.163274 v _2705_/B (sky130_fd_sc_hd__and2_2)
     1    0.002970    0.026734    0.121526    4.284800 v _2705_/X (sky130_fd_sc_hd__and2_2)
                                                         net53 (net)
                      0.026734    0.000088    4.284889 v output53/A (sky130_fd_sc_hd__clkdlybuf4s25_1)
     1    0.051857    0.261022    0.338299    4.623187 v output53/X (sky130_fd_sc_hd__clkdlybuf4s25_1)
                                                         DEVICES_STRW (net)
                      0.261028    0.001510    4.624698 v DEVICES_STRW (out)
                                              4.624698   data arrival time

                                 26.000000   26.000000   clock CLK (rise edge)
                                  0.000000   26.000000   clock network delay (propagated)
                                  0.000000   26.000000   clock reconvergence pessimism
                                 -5.000000   20.999998   output external delay
                                             20.999998   data required time
---------------------------------------------------------------------------------------------
                                             20.999998   data required time
                                             -4.624698   data arrival time
---------------------------------------------------------------------------------------------
                                             16.375301   slack (MET)




===========================================================================
report_checks --slack_max -0.01
============================================================================
======================= nom_ff_n40C_1v95 Corner ===================================

No paths found.


===========================================================================
 report_check_types -max_slew -max_cap -max_fanout -violators
============================================================================
======================= nom_ff_n40C_1v95 Corner ===================================



===========================================================================
report_parasitic_annotation -report_unannotated
============================================================================
Found 38 unannotated drivers.
 clkload0/X
 clkload1/Y
 clkload10/X
 clkload11/X
 clkload12/X
 clkload13/X
 clkload14/Y
 clkload15/Y
 clkload16/Y
 clkload17/Y
 clkload18/Y
 clkload19/Y
 clkload2/Y
 clkload20/X
 clkload21/Y
 clkload22/Y
 clkload23/Y
 clkload24/Y
 clkload25/Y
 clkload26/X
 clkload27/X
 clkload28/X
 clkload29/Y
 clkload3/Y
 clkload30/Y
 clkload31/X
 clkload32/X
 clkload33/X
 clkload34/X
 clkload35/X
 clkload36/X
 clkload37/Y
 clkload4/X
 clkload5/X
 clkload6/X
 clkload7/X
 clkload8/X
 clkload9/X
Found 0 partially unannotated drivers.

===========================================================================
max slew violation count 0
max fanout violation count 0
max cap violation count 0
============================================================================

===========================================================================
check_setup -verbose -unconstrained_endpoints -multiple_clock -no_clock -no_input_delay -loops -generated_clocks
===========================================================================
