Clock: CLK
Sources: CLK 
Generated: no
Virtual: yes
Propagated: no
Period: 26.000000

===========================================================================
report_clock_properties
============================================================================
Clock                   Period          Waveform
----------------------------------------------------
CLK                  26.000000    0.000000 13.000000

===========================================================================
report_clock_latency
============================================================================
Clock CLK
rise -> rise
    min     max
0.000000 0.000000 source latency
0.358288         network latency _5254_/CLK
        0.395925 network latency _5021_/CLK
---------------
0.358288 0.395925 latency
        0.037637 skew

fall -> fall
    min     max
0.000000 0.000000 source latency
0.358565         network latency _5254_/CLK
        0.386527 network latency _5021_/CLK
---------------
0.358565 0.386527 latency
        0.027963 skew



===========================================================================
report_clock_min_period
============================================================================
CLK period_min = 4.11 fmax = 243.29
