
===========================================================================
 report_power
============================================================================
======================= nom_ff_n40C_1v95 Corner ===================================

Group                    Internal    Switching      Leakage        Total
                            Power        Power        Power        Power (Watts)
------------------------------------------------------------------------
Sequential           7.562854e-04 5.749757e-05 8.574681e-09 8.137915e-04  41.7%
Combinational        2.095586e-04 2.938399e-04 2.801957e-08 5.034265e-04  25.8%
Clock                3.410593e-04 2.952549e-04 2.825276e-08 6.363425e-04  32.6%
Macro                0.000000e+00 0.000000e+00 0.000000e+00 0.000000e+00   0.0%
Pad                  0.000000e+00 0.000000e+00 0.000000e+00 0.000000e+00   0.0%
------------------------------------------------------------------------
Total                1.306903e-03 6.465926e-04 6.484725e-08 1.953561e-03 100.0%
                            66.9%        33.1%         0.0%

