
===========================================================================
report_checks -unconstrained
===========================================================================
======================= max_ss_100C_1v60 Corner ===================================

Startpoint: _5127_ (rising edge-triggered flip-flop clocked by CLK)
Endpoint: _5221_ (rising edge-triggered flip-flop clocked by CLK)
Path Group: CLK
Path Type: max

Fanout         Cap        Slew       Delay        Time   Description
---------------------------------------------------------------------------------------------
                                  0.000000    0.000000   clock CLK (rise edge)
                                  0.000000    0.000000   clock source latency
     1    0.027885    0.000000    0.000000    0.000000 ^ CLK (in)
                                                         CLK (net)
                      0.003137    0.001568    0.001568 ^ clkbuf_0_CLK/A (sky130_fd_sc_hd__clkbuf_16)
     4    0.053701    0.111822    0.236030    0.237598 ^ clkbuf_0_CLK/X (sky130_fd_sc_hd__clkbuf_16)
                                                         clknet_0_CLK (net)
                      0.111828    0.000927    0.238525 ^ clkbuf_2_2__f_CLK/A (sky130_fd_sc_hd__clkbuf_16)
    12    0.080402    0.148848    0.313633    0.552158 ^ clkbuf_2_2__f_CLK/X (sky130_fd_sc_hd__clkbuf_16)
                                                         clknet_2_2__leaf_CLK (net)
                      0.148848    0.000543    0.552701 ^ clkbuf_leaf_8_CLK/A (sky130_fd_sc_hd__clkbuf_8)
    11    0.025742    0.097055    0.285078    0.837779 ^ clkbuf_leaf_8_CLK/X (sky130_fd_sc_hd__clkbuf_8)
                                                         clknet_leaf_8_CLK (net)
                      0.097055    0.000142    0.837921 ^ _5127_/CLK (sky130_fd_sc_hd__dfxtp_4)
    18    0.125365    0.559159    1.081122    1.919043 ^ _5127_/Q (sky130_fd_sc_hd__dfxtp_4)
                                                         _0008_ (net)
                      0.559159    0.000670    1.919713 ^ max_cap179/A (sky130_fd_sc_hd__buf_12)
    24    0.171865    0.310868    0.542136    2.461849 ^ max_cap179/X (sky130_fd_sc_hd__buf_12)
                                                         net179 (net)
                      0.311115    0.004517    2.466366 ^ max_cap178/A (sky130_fd_sc_hd__buf_12)
    24    0.170063    0.307089    0.456971    2.923337 ^ max_cap178/X (sky130_fd_sc_hd__buf_12)
                                                         net178 (net)
                      0.307471    0.007401    2.930738 ^ _2534_/S0 (sky130_fd_sc_hd__mux4_2)
     1    0.001383    0.131990    1.139576    4.070314 v _2534_/X (sky130_fd_sc_hd__mux4_2)
                                                         _0464_ (net)
                      0.131990    0.000000    4.070315 v _2535_/B (sky130_fd_sc_hd__or2_2)
     1    0.002676    0.111112    0.635684    4.705998 v _2535_/X (sky130_fd_sc_hd__or2_2)
                                                         _0465_ (net)
                      0.111112    0.000006    4.706005 v _2540_/A1 (sky130_fd_sc_hd__a22o_2)
    17    0.091472    0.412788    0.776843    5.482848 v _2540_/X (sky130_fd_sc_hd__a22o_2)
                                                         _0470_ (net)
                      0.412814    0.003737    5.486585 v _2627_/B (sky130_fd_sc_hd__or2_2)
     4    0.013579    0.171286    0.850337    6.336922 v _2627_/X (sky130_fd_sc_hd__or2_2)
                                                         _0557_ (net)
                      0.171286    0.000044    6.336967 v _2628_/B (sky130_fd_sc_hd__and2_2)
     7    0.022858    0.149606    0.544949    6.881915 v _2628_/X (sky130_fd_sc_hd__and2_2)
                                                         _0558_ (net)
                      0.149606    0.000117    6.882032 v _3775_/C (sky130_fd_sc_hd__or4_2)
     2    0.003815    0.226875    1.482089    8.364121 v _3775_/X (sky130_fd_sc_hd__or4_2)
                                                         _1335_ (net)
                      0.226875    0.000004    8.364124 v _3832_/A2 (sky130_fd_sc_hd__o31a_2)
     3    0.021725    0.170487    0.795532    9.159657 v _3832_/X (sky130_fd_sc_hd__o31a_2)
                                                         _1391_ (net)
                      0.170492    0.001194    9.160851 v _4109_/A2 (sky130_fd_sc_hd__a21oi_2)
     3    0.012598    0.289481    0.376513    9.537363 ^ _4109_/Y (sky130_fd_sc_hd__a21oi_2)
                                                         _1661_ (net)
                      0.289481    0.000130    9.537493 ^ _4125_/B (sky130_fd_sc_hd__nand2_2)
     2    0.009196    0.113259    0.204890    9.742383 v _4125_/Y (sky130_fd_sc_hd__nand2_2)
                                                         _1676_ (net)
                      0.113259    0.000037    9.742420 v _4144_/B (sky130_fd_sc_hd__nand2_2)
     3    0.011713    0.123321    0.163476    9.905897 ^ _4144_/Y (sky130_fd_sc_hd__nand2_2)
                                                         _1694_ (net)
                      0.123321    0.000073    9.905970 ^ _4172_/A2 (sky130_fd_sc_hd__a21o_2)
     2    0.003932    0.061497    0.260802   10.166772 ^ _4172_/X (sky130_fd_sc_hd__a21o_2)
                                                         _1721_ (net)
                      0.061497    0.000024   10.166796 ^ _4174_/A_N (sky130_fd_sc_hd__and3b_2)
     1    0.002008    0.067685    0.402348   10.569143 v _4174_/X (sky130_fd_sc_hd__and3b_2)
                                                         _1723_ (net)
                      0.067685    0.000006   10.569149 v _4185_/B (sky130_fd_sc_hd__or4b_2)
     1    0.003046    0.218055    1.481249   12.050399 v _4185_/X (sky130_fd_sc_hd__or4b_2)
                                                         _1734_ (net)
                      0.218055    0.000019   12.050417 v _4186_/D (sky130_fd_sc_hd__or4_2)
     1    0.005678    0.244350    1.391042   13.441459 v _4186_/X (sky130_fd_sc_hd__or4_2)
                                                         _1735_ (net)
                      0.244350    0.000068   13.441527 v _4187_/B2 (sky130_fd_sc_hd__o221a_2)
     1    0.001821    0.073550    0.492342   13.933869 v _4187_/X (sky130_fd_sc_hd__o221a_2)
                                                         _0369_ (net)
                      0.073550    0.000003   13.933872 v _5221_/D (sky130_fd_sc_hd__dfxtp_2)
                                             13.933872   data arrival time

                                 26.000000   26.000000   clock CLK (rise edge)
                                  0.000000   26.000000   clock source latency
     1    0.027885    0.000000    0.000000   26.000000 ^ CLK (in)
                                                         CLK (net)
                      0.003137    0.001569   26.001568 ^ clkbuf_0_CLK/A (sky130_fd_sc_hd__clkbuf_16)
     4    0.053701    0.111822    0.236030   26.237598 ^ clkbuf_0_CLK/X (sky130_fd_sc_hd__clkbuf_16)
                                                         clknet_0_CLK (net)
                      0.111827    0.000876   26.238474 ^ clkbuf_2_3__f_CLK/A (sky130_fd_sc_hd__clkbuf_16)
     9    0.072029    0.137224    0.304683   26.543156 ^ clkbuf_2_3__f_CLK/X (sky130_fd_sc_hd__clkbuf_16)
                                                         clknet_2_3__leaf_CLK (net)
                      0.137224    0.000139   26.543295 ^ clkbuf_leaf_20_CLK/A (sky130_fd_sc_hd__clkbuf_8)
    10    0.026309    0.098395    0.281005   26.824301 ^ clkbuf_leaf_20_CLK/X (sky130_fd_sc_hd__clkbuf_8)
                                                         clknet_leaf_20_CLK (net)
                      0.098395    0.000060   26.824360 ^ _5221_/CLK (sky130_fd_sc_hd__dfxtp_2)
                                  0.000000   26.824360   clock reconvergence pessimism
                                 -0.268171   26.556189   library setup time
                                             26.556189   data required time
---------------------------------------------------------------------------------------------
                                             26.556189   data required time
                                            -13.933872   data arrival time
---------------------------------------------------------------------------------------------
                                             12.622317   slack (MET)




===========================================================================
report_checks --slack_max -0.01
============================================================================
======================= max_ss_100C_1v60 Corner ===================================

No paths found.


===========================================================================
 report_check_types -max_slew -max_cap -max_fanout -violators
============================================================================
======================= max_ss_100C_1v60 Corner ===================================



===========================================================================
report_parasitic_annotation -report_unannotated
============================================================================
Found 33 unannotated drivers.
 clkload0/Y
 clkload1/Y
 clkload10/X
 clkload11/X
 clkload12/Y
 clkload13/X
 clkload14/X
 clkload15/X
 clkload16/X
 clkload17/X
 clkload18/X
 clkload19/X
 clkload2/Y
 clkload20/X
 clkload21/X
 clkload22/X
 clkload23/X
 clkload24/X
 clkload25/Y
 clkload26/Y
 clkload27/X
 clkload28/X
 clkload29/X
 clkload3/X
 clkload30/X
 clkload31/X
 clkload32/Y
 clkload4/X
 clkload5/Y
 clkload6/X
 clkload7/X
 clkload8/X
 clkload9/X
Found 0 partially unannotated drivers.

===========================================================================
max slew violation count 0
Writing metric design__max_slew_violation__count__corner:max_ss_100C_1v60: 0
max fanout violation count 0
Writing metric design__max_fanout_violation__count__corner:max_ss_100C_1v60: 0
max cap violation count 0
Writing metric design__max_cap_violation__count__corner:max_ss_100C_1v60: 0
============================================================================

===========================================================================
check_setup -verbose -unconstrained_endpoints -multiple_clock -no_clock -no_input_delay -loops -generated_clocks
===========================================================================
Warning: There are 49 input ports missing set_input_delay.
  INSTR_STREAM[0]
  INSTR_STREAM[10]
  INSTR_STREAM[11]
  INSTR_STREAM[12]
  INSTR_STREAM[13]
  INSTR_STREAM[14]
  INSTR_STREAM[15]
  INSTR_STREAM[16]
  INSTR_STREAM[17]
  INSTR_STREAM[18]
  INSTR_STREAM[19]
  INSTR_STREAM[1]
  INSTR_STREAM[20]
  INSTR_STREAM[21]
  INSTR_STREAM[22]
  INSTR_STREAM[23]
  INSTR_STREAM[24]
  INSTR_STREAM[25]
  INSTR_STREAM[26]
  INSTR_STREAM[27]
  INSTR_STREAM[28]
  INSTR_STREAM[29]
  INSTR_STREAM[2]
  INSTR_STREAM[30]
  INSTR_STREAM[31]
  INSTR_STREAM[3]
  INSTR_STREAM[4]
  INSTR_STREAM[5]
  INSTR_STREAM[6]
  INSTR_STREAM[7]
  INSTR_STREAM[8]
  INSTR_STREAM[9]
  MEM_LD_DATA[0]
  MEM_LD_DATA[10]
  MEM_LD_DATA[11]
  MEM_LD_DATA[12]
  MEM_LD_DATA[13]
  MEM_LD_DATA[14]
  MEM_LD_DATA[15]
  MEM_LD_DATA[1]
  MEM_LD_DATA[2]
  MEM_LD_DATA[3]
  MEM_LD_DATA[4]
  MEM_LD_DATA[5]
  MEM_LD_DATA[6]
  MEM_LD_DATA[7]
  MEM_LD_DATA[8]
  MEM_LD_DATA[9]
  RESET
Warning: There are 58 unconstrained endpoints.
  DEVICES_LDH
  DEVICES_LDW
  DEVICES_STRH
  DEVICES_STRW
  EX_HALT
  INSTR_ADDR[0]
  INSTR_ADDR[10]
  INSTR_ADDR[11]
  INSTR_ADDR[12]
  INSTR_ADDR[13]
  INSTR_ADDR[14]
  INSTR_ADDR[15]
  INSTR_ADDR[1]
  INSTR_ADDR[2]
  INSTR_ADDR[3]
  INSTR_ADDR[4]
  INSTR_ADDR[5]
  INSTR_ADDR[6]
  INSTR_ADDR[7]
  INSTR_ADDR[8]
  INSTR_ADDR[9]
  INVALID_MEM
  MAIN_LDH
  MAIN_LDW
  MAIN_STRH
  MAIN_STRW
  MEM_ADDR[0]
  MEM_ADDR[10]
  MEM_ADDR[11]
  MEM_ADDR[12]
  MEM_ADDR[13]
  MEM_ADDR[14]
  MEM_ADDR[15]
  MEM_ADDR[1]
  MEM_ADDR[2]
  MEM_ADDR[3]
  MEM_ADDR[4]
  MEM_ADDR[5]
  MEM_ADDR[6]
  MEM_ADDR[7]
  MEM_ADDR[8]
  MEM_ADDR[9]
  MEM_STR_DATA[0]
  MEM_STR_DATA[10]
  MEM_STR_DATA[11]
  MEM_STR_DATA[12]
  MEM_STR_DATA[13]
  MEM_STR_DATA[14]
  MEM_STR_DATA[15]
  MEM_STR_DATA[1]
  MEM_STR_DATA[2]
  MEM_STR_DATA[3]
  MEM_STR_DATA[4]
  MEM_STR_DATA[5]
  MEM_STR_DATA[6]
  MEM_STR_DATA[7]
  MEM_STR_DATA[8]
  MEM_STR_DATA[9]
