169. Printing statistics.

=== VRAI_SYNC_CORE ===

        +----------Local Count, excluding submodules.
        |        +-Local Area, excluding submodules.
        |        | 
     2825        - wires
     2916        - wire bits
      404        - public wires
      495        - public wire bits
       17        - ports
      108        - port bits
     2866 3.34E+04 cells
        1   12.512   sky130_fd_sc_hd__a2111o_2
       33  330.317   sky130_fd_sc_hd__a211o_2
        3   37.536   sky130_fd_sc_hd__a211oi_2
       11  110.106   sky130_fd_sc_hd__a21bo_2
        6   67.565   sky130_fd_sc_hd__a21boi_2
       58  507.987   sky130_fd_sc_hd__a21o_2
       71  621.846   sky130_fd_sc_hd__a21oi_2
       26  292.781   sky130_fd_sc_hd__a221o_2
        4   60.058   sky130_fd_sc_hd__a221oi_2
      343 3.43E+03   sky130_fd_sc_hd__a22o_2
       13  162.656   sky130_fd_sc_hd__a22oi_2
        5   56.304   sky130_fd_sc_hd__a2bb2o_2
        4   45.043   sky130_fd_sc_hd__a311o_2
       33  289.027   sky130_fd_sc_hd__a31o_2
        1   12.512   sky130_fd_sc_hd__a31oi_2
        6   67.565   sky130_fd_sc_hd__a32o_2
        2   22.522   sky130_fd_sc_hd__a41o_2
       81  608.083   sky130_fd_sc_hd__and2_2
       19   166.41   sky130_fd_sc_hd__and2b_2
       69  517.997   sky130_fd_sc_hd__and3_2
        5   50.048   sky130_fd_sc_hd__and3b_2
       13  130.125   sky130_fd_sc_hd__and4_2
        9  101.347   sky130_fd_sc_hd__and4b_2
        2   25.024   sky130_fd_sc_hd__and4bb_2
      416 8.85E+03   sky130_fd_sc_hd__dfxtp_2
       67  251.491   sky130_fd_sc_hd__inv_2
      224 2.52E+03   sky130_fd_sc_hd__mux2_1
      192 4.32E+03   sky130_fd_sc_hd__mux4_2
      139  869.584   sky130_fd_sc_hd__nand2_2
       21  183.926   sky130_fd_sc_hd__nand2b_2
        2   20.019   sky130_fd_sc_hd__nand3_2
        1   11.261   sky130_fd_sc_hd__nand3b_2
        4   50.048   sky130_fd_sc_hd__nand4_2
      230  1438.88   sky130_fd_sc_hd__nor2_2
        4   40.038   sky130_fd_sc_hd__nor3_2
        1   12.512   sky130_fd_sc_hd__nor4_2
        1   15.014   sky130_fd_sc_hd__nor4b_2
        5    62.56   sky130_fd_sc_hd__o2111a_2
        1   15.014   sky130_fd_sc_hd__o2111ai_2
       86  860.826   sky130_fd_sc_hd__o211a_2
        2   25.024   sky130_fd_sc_hd__o211ai_2
       91  797.014   sky130_fd_sc_hd__o21a_2
       56   490.47   sky130_fd_sc_hd__o21ai_2
        6   60.058   sky130_fd_sc_hd__o21ba_2
       34  382.867   sky130_fd_sc_hd__o221a_2
        1   15.014   sky130_fd_sc_hd__o221ai_2
       62  620.595   sky130_fd_sc_hd__o22a_2
       30  337.824   sky130_fd_sc_hd__o2bb2a_2
       18  202.694   sky130_fd_sc_hd__o311a_2
       17  170.163   sky130_fd_sc_hd__o31a_2
        5    62.56   sky130_fd_sc_hd__o31ai_2
       11  123.869   sky130_fd_sc_hd__o32a_2
      185  1157.36   sky130_fd_sc_hd__or2_2
       27  202.694   sky130_fd_sc_hd__or3_2
       19   166.41   sky130_fd_sc_hd__or3b_2
       17  148.893   sky130_fd_sc_hd__or4_2
        6   60.058   sky130_fd_sc_hd__or4b_2
        1   12.512   sky130_fd_sc_hd__or4bb_2
       49  797.014   sky130_fd_sc_hd__xnor2_2
       17  276.515   sky130_fd_sc_hd__xor2_2

   Chip area for module '\VRAI_SYNC_CORE': 33364.499200
     of which used for sequential elements: 8848.486400 (26.52%)

