
===========================================================================
report_checks -unconstrained
===========================================================================
======================= max_ss_100C_1v60 Corner ===================================

Startpoint: _5127_ (rising edge-triggered flip-flop clocked by CLK)
Endpoint: _5221_ (rising edge-triggered flip-flop clocked by CLK)
Path Group: CLK
Path Type: max

Fanout         Cap        Slew       Delay        Time   Description
---------------------------------------------------------------------------------------------
                                  0.000000    0.000000   clock CLK (rise edge)
                                  0.000000    0.000000   clock source latency
     1    0.028061    0.000000    0.000000    0.000000 ^ CLK (in)
                                                         CLK (net)
                      0.002089    0.001045    0.001045 ^ clkbuf_0_CLK/A (sky130_fd_sc_hd__clkbuf_16)
     4    0.055340    0.114110    0.235403    0.236448 ^ clkbuf_0_CLK/X (sky130_fd_sc_hd__clkbuf_16)
                                                         clknet_0_CLK (net)
                      0.114620    0.005352    0.241800 ^ clkbuf_2_2__f_CLK/A (sky130_fd_sc_hd__clkbuf_16)
    11    0.083685    0.153846    0.315931    0.557731 ^ clkbuf_2_2__f_CLK/X (sky130_fd_sc_hd__clkbuf_16)
                                                         clknet_2_2__leaf_CLK (net)
                      0.154221    0.005344    0.563075 ^ clkbuf_leaf_9_CLK/A (sky130_fd_sc_hd__clkbuf_8)
    12    0.031058    0.109001    0.298903    0.861978 ^ clkbuf_leaf_9_CLK/X (sky130_fd_sc_hd__clkbuf_8)
                                                         clknet_leaf_9_CLK (net)
                      0.109024    0.001564    0.863542 ^ _5127_/CLK (sky130_fd_sc_hd__dfxtp_4)
    18    0.138888    0.619057    1.117667    1.981209 ^ _5127_/Q (sky130_fd_sc_hd__dfxtp_4)
                                                         _0008_ (net)
                      0.619153    0.007988    1.989197 ^ max_cap165/A (sky130_fd_sc_hd__buf_12)
    24    0.185167    0.338509    0.561327    2.550524 ^ max_cap165/X (sky130_fd_sc_hd__buf_12)
                                                         net165 (net)
                      0.340244    0.020084    2.570609 ^ max_cap164/A (sky130_fd_sc_hd__buf_12)
    24    0.184673    0.336238    0.469404    3.040013 ^ max_cap164/X (sky130_fd_sc_hd__buf_12)
                                                         net164 (net)
                      0.340448    0.030331    3.070344 ^ _2534_/S0 (sky130_fd_sc_hd__mux4_2)
     1    0.001802    0.136087    1.159186    4.229530 v _2534_/X (sky130_fd_sc_hd__mux4_2)
                                                         _0464_ (net)
                      0.136087    0.000082    4.229612 v _2535_/B (sky130_fd_sc_hd__or2_2)
     1    0.003932    0.116185    0.652526    4.882137 v _2535_/X (sky130_fd_sc_hd__or2_2)
                                                         _0465_ (net)
                      0.116185    0.000308    4.882446 v _2540_/A1 (sky130_fd_sc_hd__a22o_2)
    17    0.096473    0.431870    0.788618    5.671063 v _2540_/X (sky130_fd_sc_hd__a22o_2)
                                                         _0470_ (net)
                      0.431983    0.007026    5.678090 v _2627_/B (sky130_fd_sc_hd__or2_2)
     4    0.015385    0.177859    0.871758    6.549848 v _2627_/X (sky130_fd_sc_hd__or2_2)
                                                         _0557_ (net)
                      0.177861    0.001004    6.550852 v _2628_/B (sky130_fd_sc_hd__and2_2)
     7    0.025011    0.157549    0.555274    7.106126 v _2628_/X (sky130_fd_sc_hd__and2_2)
                                                         _0558_ (net)
                      0.157558    0.001378    7.107504 v _3775_/C (sky130_fd_sc_hd__or4_2)
     2    0.005201    0.238969    1.513946    8.621450 v _3775_/X (sky130_fd_sc_hd__or4_2)
                                                         _1335_ (net)
                      0.238969    0.000236    8.621687 v _3832_/A2 (sky130_fd_sc_hd__o31a_2)
     3    0.024240    0.180023    0.809653    9.431339 v _3832_/X (sky130_fd_sc_hd__o31a_2)
                                                         _1391_ (net)
                      0.180110    0.003625    9.434964 v _4109_/A2 (sky130_fd_sc_hd__a21oi_2)
     3    0.014605    0.323496    0.406092    9.841056 ^ _4109_/Y (sky130_fd_sc_hd__a21oi_2)
                                                         _1661_ (net)
                      0.323496    0.001226    9.842282 ^ _4125_/B (sky130_fd_sc_hd__nand2_2)
     2    0.010311    0.121543    0.222001   10.064283 v _4125_/Y (sky130_fd_sc_hd__nand2_2)
                                                         _1676_ (net)
                      0.121545    0.000769   10.065052 v _4144_/B (sky130_fd_sc_hd__nand2_2)
     3    0.012964    0.132793    0.174207   10.239260 ^ _4144_/Y (sky130_fd_sc_hd__nand2_2)
                                                         _1694_ (net)
                      0.132796    0.000863   10.240123 ^ _4172_/A2 (sky130_fd_sc_hd__a21o_2)
     2    0.005655    0.073859    0.277922   10.518044 ^ _4172_/X (sky130_fd_sc_hd__a21o_2)
                                                         _1721_ (net)
                      0.073859    0.000401   10.518446 ^ _4174_/A_N (sky130_fd_sc_hd__and3b_2)
     1    0.001953    0.066700    0.407740   10.926186 v _4174_/X (sky130_fd_sc_hd__and3b_2)
                                                         _1723_ (net)
                      0.066700    0.000089   10.926274 v _4185_/B (sky130_fd_sc_hd__or4b_2)
     1    0.003299    0.217077    1.486464   12.412739 v _4185_/X (sky130_fd_sc_hd__or4b_2)
                                                         _1734_ (net)
                      0.217077    0.000161   12.412900 v _4186_/D (sky130_fd_sc_hd__or4_2)
     1    0.006309    0.247764    1.398561   13.811460 v _4186_/X (sky130_fd_sc_hd__or4_2)
                                                         _1735_ (net)
                      0.247764    0.000413   13.811873 v _4187_/B2 (sky130_fd_sc_hd__o221a_2)
     1    0.003503    0.083206    0.510969   14.322843 v _4187_/X (sky130_fd_sc_hd__o221a_2)
                                                         _0369_ (net)
                      0.083206    0.000254   14.323097 v _5221_/D (sky130_fd_sc_hd__dfxtp_2)
                                             14.323097   data arrival time

                                 26.000000   26.000000   clock CLK (rise edge)
                                  0.000000   26.000000   clock source latency
     1    0.028061    0.000000    0.000000   26.000000 ^ CLK (in)
                                                         CLK (net)
                      0.002089    0.001044   26.001043 ^ clkbuf_0_CLK/A (sky130_fd_sc_hd__clkbuf_16)
     4    0.055340    0.114110    0.235403   26.236446 ^ clkbuf_0_CLK/X (sky130_fd_sc_hd__clkbuf_16)
                                                         clknet_0_CLK (net)
                      0.114561    0.004949   26.241396 ^ clkbuf_2_3__f_CLK/A (sky130_fd_sc_hd__clkbuf_16)
     8    0.073348    0.138890    0.305787   26.547182 ^ clkbuf_2_3__f_CLK/X (sky130_fd_sc_hd__clkbuf_16)
                                                         clknet_2_3__leaf_CLK (net)
                      0.138917    0.002000   26.549183 ^ clkbuf_leaf_21_CLK/A (sky130_fd_sc_hd__clkbuf_8)
    10    0.028478    0.103901    0.285828   26.835011 ^ clkbuf_leaf_21_CLK/X (sky130_fd_sc_hd__clkbuf_8)
                                                         clknet_leaf_21_CLK (net)
                      0.103936    0.001828   26.836840 ^ _5221_/CLK (sky130_fd_sc_hd__dfxtp_2)
                                  0.000000   26.836840   clock reconvergence pessimism
                                 -0.270682   26.566158   library setup time
                                             26.566158   data required time
---------------------------------------------------------------------------------------------
                                             26.566158   data required time
                                            -14.323097   data arrival time
---------------------------------------------------------------------------------------------
                                             12.243061   slack (MET)




===========================================================================
report_checks --slack_max -0.01
============================================================================
======================= max_ss_100C_1v60 Corner ===================================

No paths found.


===========================================================================
 report_check_types -max_slew -max_cap -max_fanout -violators
============================================================================
======================= max_ss_100C_1v60 Corner ===================================



===========================================================================
report_parasitic_annotation -report_unannotated
============================================================================
Found 40 unannotated drivers.
 clkload0/X
 clkload1/Y
 clkload10/X
 clkload11/X
 clkload12/X
 clkload13/X
 clkload14/Y
 clkload15/Y
 clkload16/Y
 clkload17/Y
 clkload18/Y
 clkload19/Y
 clkload2/Y
 clkload20/X
 clkload21/Y
 clkload22/Y
 clkload23/Y
 clkload24/Y
 clkload25/Y
 clkload26/X
 clkload27/X
 clkload28/X
 clkload29/X
 clkload3/Y
 clkload30/Y
 clkload31/X
 clkload32/Y
 clkload33/Y
 clkload34/X
 clkload35/X
 clkload36/X
 clkload37/X
 clkload38/X
 clkload39/Y
 clkload4/X
 clkload5/X
 clkload6/X
 clkload7/X
 clkload8/X
 clkload9/X
Found 0 partially unannotated drivers.

===========================================================================
max slew violation count 0
Writing metric design__max_slew_violation__count__corner:max_ss_100C_1v60: 0
max fanout violation count 0
Writing metric design__max_fanout_violation__count__corner:max_ss_100C_1v60: 0
max cap violation count 0
Writing metric design__max_cap_violation__count__corner:max_ss_100C_1v60: 0
============================================================================

===========================================================================
check_setup -verbose -unconstrained_endpoints -multiple_clock -no_clock -no_input_delay -loops -generated_clocks
===========================================================================
Warning: There are 49 input ports missing set_input_delay.
  INSTR_STREAM[0]
  INSTR_STREAM[10]
  INSTR_STREAM[11]
  INSTR_STREAM[12]
  INSTR_STREAM[13]
  INSTR_STREAM[14]
  INSTR_STREAM[15]
  INSTR_STREAM[16]
  INSTR_STREAM[17]
  INSTR_STREAM[18]
  INSTR_STREAM[19]
  INSTR_STREAM[1]
  INSTR_STREAM[20]
  INSTR_STREAM[21]
  INSTR_STREAM[22]
  INSTR_STREAM[23]
  INSTR_STREAM[24]
  INSTR_STREAM[25]
  INSTR_STREAM[26]
  INSTR_STREAM[27]
  INSTR_STREAM[28]
  INSTR_STREAM[29]
  INSTR_STREAM[2]
  INSTR_STREAM[30]
  INSTR_STREAM[31]
  INSTR_STREAM[3]
  INSTR_STREAM[4]
  INSTR_STREAM[5]
  INSTR_STREAM[6]
  INSTR_STREAM[7]
  INSTR_STREAM[8]
  INSTR_STREAM[9]
  MEM_LD_DATA[0]
  MEM_LD_DATA[10]
  MEM_LD_DATA[11]
  MEM_LD_DATA[12]
  MEM_LD_DATA[13]
  MEM_LD_DATA[14]
  MEM_LD_DATA[15]
  MEM_LD_DATA[1]
  MEM_LD_DATA[2]
  MEM_LD_DATA[3]
  MEM_LD_DATA[4]
  MEM_LD_DATA[5]
  MEM_LD_DATA[6]
  MEM_LD_DATA[7]
  MEM_LD_DATA[8]
  MEM_LD_DATA[9]
  RESET
Warning: There are 58 unconstrained endpoints.
  DEVICES_LDH
  DEVICES_LDW
  DEVICES_STRH
  DEVICES_STRW
  EX_HALT
  INSTR_ADDR[0]
  INSTR_ADDR[10]
  INSTR_ADDR[11]
  INSTR_ADDR[12]
  INSTR_ADDR[13]
  INSTR_ADDR[14]
  INSTR_ADDR[15]
  INSTR_ADDR[1]
  INSTR_ADDR[2]
  INSTR_ADDR[3]
  INSTR_ADDR[4]
  INSTR_ADDR[5]
  INSTR_ADDR[6]
  INSTR_ADDR[7]
  INSTR_ADDR[8]
  INSTR_ADDR[9]
  INVALID_MEM
  MAIN_LDH
  MAIN_LDW
  MAIN_STRH
  MAIN_STRW
  MEM_ADDR[0]
  MEM_ADDR[10]
  MEM_ADDR[11]
  MEM_ADDR[12]
  MEM_ADDR[13]
  MEM_ADDR[14]
  MEM_ADDR[15]
  MEM_ADDR[1]
  MEM_ADDR[2]
  MEM_ADDR[3]
  MEM_ADDR[4]
  MEM_ADDR[5]
  MEM_ADDR[6]
  MEM_ADDR[7]
  MEM_ADDR[8]
  MEM_ADDR[9]
  MEM_STR_DATA[0]
  MEM_STR_DATA[10]
  MEM_STR_DATA[11]
  MEM_STR_DATA[12]
  MEM_STR_DATA[13]
  MEM_STR_DATA[14]
  MEM_STR_DATA[15]
  MEM_STR_DATA[1]
  MEM_STR_DATA[2]
  MEM_STR_DATA[3]
  MEM_STR_DATA[4]
  MEM_STR_DATA[5]
  MEM_STR_DATA[6]
  MEM_STR_DATA[7]
  MEM_STR_DATA[8]
  MEM_STR_DATA[9]
