Clock: CLK
Sources: CLK 
Generated: no
Virtual: yes
Propagated: no
Period: 26.000000

===========================================================================
report_clock_properties
============================================================================
Clock                   Period          Waveform
----------------------------------------------------
CLK                  26.000000    0.000000 13.000000

===========================================================================
report_clock_latency
============================================================================
Clock CLK
rise -> rise
    min     max
0.000000 0.000000 source latency
0.829967         network latency _5254_/CLK
        0.883589 network latency _5065_/CLK
---------------
0.829967 0.883589 latency
        0.053623 skew

fall -> fall
    min     max
0.000000 0.000000 source latency
0.857104         network latency _5254_/CLK
        0.896884 network latency _5037_/CLK
---------------
0.857104 0.896884 latency
        0.039781 skew



===========================================================================
report_clock_min_period
============================================================================
CLK period_min = 13.76 fmax = 72.69
