+ analyze_power_grid -net VPWR -voltage_file /home/Ven/vscode/VRAI/runs/RUN_2026-07-28_12-32-52/57-openroad-irdropreport/net-VPWR.csv
[INFO PSM-0040] All shapes on net VPWR are connected.
########## IR report #################
Net              : VPWR
Corner           : max_ss_100C_1v60
Total power      : 1.32e-03 W
Supply voltage   : 1.60e+00 V
Worstcase voltage: 1.60e+00 V
Average voltage  : 1.60e+00 V
Average IR drop  : 9.58e-05 V
Worstcase IR drop: 2.87e-04 V
Percentage drop  : 0.02 %
######################################
+ analyze_power_grid -net VGND -voltage_file /home/Ven/vscode/VRAI/runs/RUN_2026-07-28_12-32-52/57-openroad-irdropreport/net-VGND.csv
[INFO PSM-0040] All shapes on net VGND are connected.
########## IR report #################
Net              : VGND
Corner           : max_ss_100C_1v60
Total power      : 1.32e-03 W
Supply voltage   : 0.00e+00 V
Worstcase voltage: 3.09e-04 V
Average voltage  : 9.26e-05 V
Average IR drop  : 9.26e-05 V
Worstcase IR drop: 3.09e-04 V
Percentage drop  : 0.02 %
######################################
