Clock: CLK
Sources: CLK 
Generated: no
Virtual: yes
Propagated: no
Period: 26.000000

===========================================================================
report_clock_properties
============================================================================
Clock                   Period          Waveform
----------------------------------------------------
CLK                  26.000000    0.000000 13.000000

===========================================================================
report_clock_latency
============================================================================
Clock CLK
rise -> rise
    min     max
0.000000 0.000000 source latency
0.835520         network latency _5182_/CLK
        0.878593 network latency _5032_/CLK
---------------
0.835520 0.878593 latency
        0.043072 skew

fall -> fall
    min     max
0.000000 0.000000 source latency
0.861450         network latency _5182_/CLK
        0.893673 network latency _5032_/CLK
---------------
0.861450 0.893673 latency
        0.032223 skew



===========================================================================
report_clock_min_period
============================================================================
CLK period_min = 13.76 fmax = 72.65
