
===========================================================================
report_checks -unconstrained
===========================================================================
======================= max_tt_025C_1v80 Corner ===================================

Startpoint: _5127_ (rising edge-triggered flip-flop clocked by CLK)
Endpoint: DEVICES_STRW (output port clocked by CLK)
Path Group: CLK
Path Type: max

Fanout         Cap        Slew       Delay        Time   Description
---------------------------------------------------------------------------------------------
                                  0.000000    0.000000   clock CLK (rise edge)
                                  0.000000    0.000000   clock source latency
     1    0.046924    0.000000    0.000000    0.000000 ^ CLK (in)
                                                         CLK (net)
                      0.002981    0.001491    0.001491 ^ clkbuf_0_CLK/A (sky130_fd_sc_hd__clkbuf_16)
     4    0.077332    0.094808    0.151603    0.153094 ^ clkbuf_0_CLK/X (sky130_fd_sc_hd__clkbuf_16)
                                                         clknet_0_CLK (net)
                      0.095647    0.007096    0.160190 ^ clkbuf_2_2__f_CLK/A (sky130_fd_sc_hd__clkbuf_16)
    11    0.105970    0.120240    0.207270    0.367460 ^ clkbuf_2_2__f_CLK/X (sky130_fd_sc_hd__clkbuf_16)
                                                         clknet_2_2__leaf_CLK (net)
                      0.120659    0.005640    0.373100 ^ clkbuf_leaf_9_CLK/A (sky130_fd_sc_hd__clkbuf_8)
    11    0.035331    0.074571    0.178148    0.551248 ^ clkbuf_leaf_9_CLK/X (sky130_fd_sc_hd__clkbuf_8)
                                                         clknet_leaf_9_CLK (net)
                      0.074660    0.002271    0.553520 ^ _5127_/CLK (sky130_fd_sc_hd__dfxtp_4)
    26    0.230609    0.645258    0.745998    1.299517 ^ _5127_/Q (sky130_fd_sc_hd__dfxtp_4)
                                                         _0008_ (net)
                      0.646490    0.023826    1.323343 ^ max_cap153/A (sky130_fd_sc_hd__buf_12)
    39    0.346263    0.389091    0.388283    1.711626 ^ max_cap153/X (sky130_fd_sc_hd__buf_12)
                                                         net153 (net)
                      0.432340    0.099500    1.811126 ^ _2578_/S0 (sky130_fd_sc_hd__mux4_2)
     1    0.003640    0.083008    0.559347    2.370473 v _2578_/X (sky130_fd_sc_hd__mux4_2)
                                                         _0508_ (net)
                      0.083008    0.000300    2.370773 v _2579_/B (sky130_fd_sc_hd__or2_2)
     2    0.007544    0.069488    0.303710    2.674483 v _2579_/X (sky130_fd_sc_hd__or2_2)
                                                         _0509_ (net)
                      0.069488    0.000325    2.674808 v _2586_/A1 (sky130_fd_sc_hd__a22o_2)
     8    0.059968    0.163971    0.368348    3.043156 v _2586_/X (sky130_fd_sc_hd__a22o_2)
                                                         _0516_ (net)
                      0.164098    0.004295    3.047451 v _2587_/B (sky130_fd_sc_hd__and2_2)
     4    0.014509    0.061980    0.274308    3.321759 v _2587_/X (sky130_fd_sc_hd__and2_2)
                                                         _0517_ (net)
                      0.061981    0.000332    3.322091 v _2589_/A (sky130_fd_sc_hd__nor2_2)
     9    0.052683    0.566676    0.464836    3.786927 ^ _2589_/Y (sky130_fd_sc_hd__nor2_2)
                                                         _0519_ (net)
                      0.566709    0.003687    3.790614 ^ _2615_/A1 (sky130_fd_sc_hd__a21o_2)
     2    0.016267    0.094026    0.259682    4.050296 ^ _2615_/X (sky130_fd_sc_hd__a21o_2)
                                                         _0545_ (net)
                      0.094041    0.001198    4.051494 ^ _2621_/A1 (sky130_fd_sc_hd__a21bo_2)
     3    0.023896    0.136280    0.208911    4.260405 ^ _2621_/X (sky130_fd_sc_hd__a21bo_2)
                                                         _0551_ (net)
                      0.136311    0.002007    4.262412 ^ _2626_/A2 (sky130_fd_sc_hd__a31o_2)
     3    0.020589    0.129827    0.239069    4.501480 ^ _2626_/X (sky130_fd_sc_hd__a31o_2)
                                                         _0556_ (net)
                      0.129854    0.001849    4.503329 ^ _2631_/A1 (sky130_fd_sc_hd__a31o_2)
     4    0.044360    0.254009    0.321860    4.825189 ^ _2631_/X (sky130_fd_sc_hd__a31o_2)
                                                         _0561_ (net)
                      0.254233    0.004744    4.829933 ^ _2684_/D_N (sky130_fd_sc_hd__or4b_2)
     3    0.015660    0.147084    0.689110    5.519042 v _2684_/X (sky130_fd_sc_hd__or4b_2)
                                                         _0614_ (net)
                      0.147101    0.001181    5.520224 v _2690_/A1 (sky130_fd_sc_hd__a21o_2)
     4    0.015760    0.063745    0.260937    5.781160 v _2690_/X (sky130_fd_sc_hd__a21o_2)
                                                         _0620_ (net)
                      0.063767    0.001125    5.782285 v _2694_/A3 (sky130_fd_sc_hd__a311o_2)
     4    0.016722    0.089296    0.438473    6.220758 v _2694_/X (sky130_fd_sc_hd__a311o_2)
                                                         _0624_ (net)
                      0.089308    0.001035    6.221793 v _2696_/A2 (sky130_fd_sc_hd__a21bo_2)
     5    0.018924    0.071419    0.269816    6.491609 v _2696_/X (sky130_fd_sc_hd__a21bo_2)
                                                         _0626_ (net)
                      0.071459    0.001578    6.493187 v _2704_/C (sky130_fd_sc_hd__and3_2)
     2    0.020040    0.075984    0.264112    6.757299 v _2704_/X (sky130_fd_sc_hd__and3_2)
                                                         _0628_ (net)
                      0.075996    0.001027    6.758326 v _2705_/B (sky130_fd_sc_hd__and2_2)
     1    0.003020    0.036894    0.197232    6.955558 v _2705_/X (sky130_fd_sc_hd__and2_2)
                                                         net53 (net)
                      0.036894    0.000200    6.955758 v output53/A (sky130_fd_sc_hd__clkdlybuf4s25_1)
     1    0.051946    0.382000    0.502332    7.458090 v output53/X (sky130_fd_sc_hd__clkdlybuf4s25_1)
                                                         DEVICES_STRW (net)
                      0.382019    0.002896    7.460987 v DEVICES_STRW (out)
                                              7.460987   data arrival time

                                 26.000000   26.000000   clock CLK (rise edge)
                                  0.000000   26.000000   clock network delay (propagated)
                                  0.000000   26.000000   clock reconvergence pessimism
                                 -5.000000   20.999998   output external delay
                                             20.999998   data required time
---------------------------------------------------------------------------------------------
                                             20.999998   data required time
                                             -7.460987   data arrival time
---------------------------------------------------------------------------------------------
                                             13.539012   slack (MET)




===========================================================================
report_checks --slack_max -0.01
============================================================================
======================= max_tt_025C_1v80 Corner ===================================

No paths found.


===========================================================================
 report_check_types -max_slew -max_cap -max_fanout -violators
============================================================================
======================= max_tt_025C_1v80 Corner ===================================



===========================================================================
report_parasitic_annotation -report_unannotated
============================================================================
Found 34 unannotated drivers.
 clkload0/X
 clkload1/Y
 clkload10/X
 clkload11/X
 clkload12/Y
 clkload13/Y
 clkload14/Y
 clkload15/Y
 clkload16/Y
 clkload17/X
 clkload18/Y
 clkload19/Y
 clkload2/Y
 clkload20/Y
 clkload21/Y
 clkload22/Y
 clkload23/X
 clkload24/X
 clkload25/X
 clkload26/Y
 clkload27/Y
 clkload28/X
 clkload29/X
 clkload3/Y
 clkload30/X
 clkload31/X
 clkload32/X
 clkload33/Y
 clkload4/X
 clkload5/X
 clkload6/X
 clkload7/X
 clkload8/X
 clkload9/X
Found 0 partially unannotated drivers.

===========================================================================
max slew violation count 0
max fanout violation count 0
max cap violation count 0
============================================================================

===========================================================================
check_setup -verbose -unconstrained_endpoints -multiple_clock -no_clock -no_input_delay -loops -generated_clocks
===========================================================================
