
===========================================================================
 report_power
============================================================================
======================= max_tt_025C_1v80 Corner ===================================

Group                    Internal    Switching      Leakage        Total
                            Power        Power        Power        Power (Watts)
------------------------------------------------------------------------
Sequential           6.510214e-04 5.335841e-05 3.567935e-09 7.043833e-04  42.2%
Combinational        1.806335e-04 2.549499e-04 9.073638e-09 4.355925e-04  26.1%
Clock                2.745490e-04 2.532572e-04 2.261239e-08 5.278288e-04  31.6%
Macro                0.000000e+00 0.000000e+00 0.000000e+00 0.000000e+00   0.0%
Pad                  0.000000e+00 0.000000e+00 0.000000e+00 0.000000e+00   0.0%
------------------------------------------------------------------------
Total                1.106205e-03 5.615654e-04 3.525428e-08 1.667805e-03 100.0%
                            66.3%        33.7%         0.0%

