
===========================================================================
report_checks -unconstrained
===========================================================================
======================= nom_ff_n40C_1v95 Corner ===================================

Startpoint: _5127_ (rising edge-triggered flip-flop clocked by CLK)
Endpoint: DEVICES_STRW (output port clocked by CLK)
Path Group: CLK
Path Type: max

Fanout         Cap        Slew       Delay        Time   Description
---------------------------------------------------------------------------------------------
                                  0.000000    0.000000   clock CLK (rise edge)
                                  0.000000    0.000000   clock source latency
     1    0.049805    0.000000    0.000000    0.000000 ^ CLK (in)
                                                         CLK (net)
                      0.002998    0.001499    0.001499 ^ clkbuf_0_CLK/A (sky130_fd_sc_hd__clkbuf_16)
     4    0.072210    0.068469    0.105637    0.107136 ^ clkbuf_0_CLK/X (sky130_fd_sc_hd__clkbuf_16)
                                                         clknet_0_CLK (net)
                      0.068774    0.003613    0.110749 ^ clkbuf_2_2__f_CLK/A (sky130_fd_sc_hd__clkbuf_16)
    12    0.109435    0.096104    0.144610    0.255359 ^ clkbuf_2_2__f_CLK/X (sky130_fd_sc_hd__clkbuf_16)
                                                         clknet_2_2__leaf_CLK (net)
                      0.096251    0.003050    0.258410 ^ clkbuf_leaf_8_CLK/A (sky130_fd_sc_hd__clkbuf_8)
    11    0.033911    0.054289    0.118875    0.377285 ^ clkbuf_leaf_8_CLK/X (sky130_fd_sc_hd__clkbuf_8)
                                                         clknet_leaf_8_CLK (net)
                      0.054316    0.001098    0.378383 ^ _5127_/CLK (sky130_fd_sc_hd__dfxtp_4)
    18    0.155135    0.326980    0.419768    0.798151 ^ _5127_/Q (sky130_fd_sc_hd__dfxtp_4)
                                                         _0008_ (net)
                      0.327048    0.004016    0.802166 ^ max_cap179/A (sky130_fd_sc_hd__buf_12)
    24    0.212533    0.186467    0.178563    0.980730 ^ max_cap179/X (sky130_fd_sc_hd__buf_12)
                                                         net179 (net)
                      0.188811    0.017038    0.997767 ^ max_cap178/A (sky130_fd_sc_hd__buf_12)
    24    0.214680    0.187405    0.180913    1.178680 ^ max_cap178/X (sky130_fd_sc_hd__buf_12)
                                                         net178 (net)
                      0.197550    0.034062    1.212742 ^ _2578_/S0 (sky130_fd_sc_hd__mux4_2)
     1    0.004084    0.060242    0.305577    1.518319 v _2578_/X (sky130_fd_sc_hd__mux4_2)
                                                         _0508_ (net)
                      0.060242    0.000162    1.518481 v _2579_/B (sky130_fd_sc_hd__or2_2)
     2    0.007538    0.046053    0.179058    1.697539 v _2579_/X (sky130_fd_sc_hd__or2_2)
                                                         _0509_ (net)
                      0.046053    0.000138    1.697677 v _2586_/A1 (sky130_fd_sc_hd__a22o_2)
     8    0.058156    0.110458    0.210052    1.907728 v _2586_/X (sky130_fd_sc_hd__a22o_2)
                                                         _0516_ (net)
                      0.110490    0.001907    1.909636 v _2587_/B (sky130_fd_sc_hd__and2_2)
     4    0.014409    0.045179    0.172314    2.081949 v _2587_/X (sky130_fd_sc_hd__and2_2)
                                                         _0517_ (net)
                      0.045187    0.000221    2.082170 v _2589_/A (sky130_fd_sc_hd__nor2_2)
     9    0.050126    0.388990    0.315701    2.397871 ^ _2589_/Y (sky130_fd_sc_hd__nor2_2)
                                                         _0519_ (net)
                      0.389003    0.001890    2.399762 ^ _2615_/A1 (sky130_fd_sc_hd__a21o_2)
     2    0.015882    0.068251    0.126037    2.525800 ^ _2615_/X (sky130_fd_sc_hd__a21o_2)
                                                         _0545_ (net)
                      0.068255    0.000562    2.526361 ^ _2621_/A1 (sky130_fd_sc_hd__a21bo_2)
     3    0.022614    0.097599    0.132899    2.659260 ^ _2621_/X (sky130_fd_sc_hd__a21bo_2)
                                                         _0551_ (net)
                      0.097608    0.000989    2.660249 ^ _2626_/A2 (sky130_fd_sc_hd__a31o_2)
     3    0.019898    0.094274    0.146731    2.806980 ^ _2626_/X (sky130_fd_sc_hd__a31o_2)
                                                         _0556_ (net)
                      0.094280    0.000844    2.807823 ^ _2631_/A1 (sky130_fd_sc_hd__a31o_2)
     4    0.044376    0.193078    0.210942    3.018765 ^ _2631_/X (sky130_fd_sc_hd__a31o_2)
                                                         _0561_ (net)
                      0.193110    0.002058    3.020823 ^ _2684_/D_N (sky130_fd_sc_hd__or4b_2)
     3    0.015353    0.097229    0.373855    3.394678 v _2684_/X (sky130_fd_sc_hd__or4b_2)
                                                         _0614_ (net)
                      0.097229    0.000683    3.395361 v _2690_/A1 (sky130_fd_sc_hd__a21o_2)
     4    0.014885    0.045544    0.164555    3.559916 v _2690_/X (sky130_fd_sc_hd__a21o_2)
                                                         _0620_ (net)
                      0.045551    0.000535    3.560451 v _2694_/A3 (sky130_fd_sc_hd__a311o_2)
     4    0.015856    0.063758    0.272856    3.833307 v _2694_/X (sky130_fd_sc_hd__a311o_2)
                                                         _0624_ (net)
                      0.063796    0.000453    3.833760 v _2696_/A2 (sky130_fd_sc_hd__a21bo_2)
     5    0.020231    0.053343    0.177850    4.011610 v _2696_/X (sky130_fd_sc_hd__a21bo_2)
                                                         _0626_ (net)
                      0.053372    0.001159    4.012769 v _2704_/C (sky130_fd_sc_hd__and3_2)
     2    0.019460    0.054160    0.170165    4.182935 v _2704_/X (sky130_fd_sc_hd__and3_2)
                                                         _0628_ (net)
                      0.054162    0.000475    4.183409 v _2705_/B (sky130_fd_sc_hd__and2_2)
     1    0.003020    0.026828    0.122306    4.305716 v _2705_/X (sky130_fd_sc_hd__and2_2)
                                                         net53 (net)
                      0.026828    0.000090    4.305805 v output53/A (sky130_fd_sc_hd__clkdlybuf4s25_1)
     1    0.051857    0.261019    0.338337    4.644142 v output53/X (sky130_fd_sc_hd__clkdlybuf4s25_1)
                                                         DEVICES_STRW (net)
                      0.261026    0.001510    4.645652 v DEVICES_STRW (out)
                                              4.645652   data arrival time

                                 26.000000   26.000000   clock CLK (rise edge)
                                  0.000000   26.000000   clock network delay (propagated)
                                  0.000000   26.000000   clock reconvergence pessimism
                                 -5.000000   20.999998   output external delay
                                             20.999998   data required time
---------------------------------------------------------------------------------------------
                                             20.999998   data required time
                                             -4.645652   data arrival time
---------------------------------------------------------------------------------------------
                                             16.354345   slack (MET)




===========================================================================
report_checks --slack_max -0.01
============================================================================
======================= nom_ff_n40C_1v95 Corner ===================================

No paths found.


===========================================================================
 report_check_types -max_slew -max_cap -max_fanout -violators
============================================================================
======================= nom_ff_n40C_1v95 Corner ===================================



===========================================================================
report_parasitic_annotation -report_unannotated
============================================================================
Found 33 unannotated drivers.
 clkload0/Y
 clkload1/Y
 clkload10/X
 clkload11/X
 clkload12/Y
 clkload13/X
 clkload14/X
 clkload15/X
 clkload16/X
 clkload17/X
 clkload18/X
 clkload19/X
 clkload2/Y
 clkload20/X
 clkload21/X
 clkload22/X
 clkload23/X
 clkload24/X
 clkload25/Y
 clkload26/Y
 clkload27/X
 clkload28/X
 clkload29/X
 clkload3/X
 clkload30/X
 clkload31/X
 clkload32/Y
 clkload4/X
 clkload5/Y
 clkload6/X
 clkload7/X
 clkload8/X
 clkload9/X
Found 0 partially unannotated drivers.

===========================================================================
max slew violation count 0
max fanout violation count 0
max cap violation count 0
============================================================================

===========================================================================
check_setup -verbose -unconstrained_endpoints -multiple_clock -no_clock -no_input_delay -loops -generated_clocks
===========================================================================
