Clock: CLK
Sources: CLK 
Generated: no
Virtual: yes
Propagated: no
Period: 26.000000

===========================================================================
report_clock_properties
============================================================================
Clock                   Period          Waveform
----------------------------------------------------
CLK                  26.000000    0.000000 13.000000

===========================================================================
report_clock_latency
============================================================================
Clock CLK
rise -> rise
    min     max
0.000000 0.000000 source latency
0.359480         network latency _5219_/CLK
        0.391824 network latency _4989_/CLK
---------------
0.359480 0.391824 latency
        0.032343 skew

fall -> fall
    min     max
0.000000 0.000000 source latency
0.359261         network latency _5219_/CLK
        0.384081 network latency _4989_/CLK
---------------
0.359261 0.384081 latency
        0.024820 skew



===========================================================================
report_clock_min_period
============================================================================
CLK period_min = 4.13 fmax = 242.27
