
===========================================================================
report_checks -unconstrained
===========================================================================
======================= nom_ss_100C_1v60 Corner ===================================

Startpoint: _5127_ (rising edge-triggered flip-flop clocked by CLK)
Endpoint: DEVICES_STRW (output port clocked by CLK)
Path Group: CLK
Path Type: max

Fanout         Cap        Slew       Delay        Time   Description
---------------------------------------------------------------------------------------------
                                  0.000000    0.000000   clock CLK (rise edge)
                                  0.000000    0.000000   clock source latency
     1    0.045988    0.000000    0.000000    0.000000 ^ CLK (in)
                                                         CLK (net)
                      0.002242    0.001121    0.001121 ^ clkbuf_0_CLK/A (sky130_fd_sc_hd__clkbuf_16)
     4    0.072299    0.137169    0.254597    0.255718 ^ clkbuf_0_CLK/X (sky130_fd_sc_hd__clkbuf_16)
                                                         clknet_0_CLK (net)
                      0.137389    0.003600    0.259318 ^ clkbuf_2_2__f_CLK/A (sky130_fd_sc_hd__clkbuf_16)
    11    0.101208    0.178096    0.347231    0.606550 ^ clkbuf_2_2__f_CLK/X (sky130_fd_sc_hd__clkbuf_16)
                                                         clknet_2_2__leaf_CLK (net)
                      0.178139    0.002694    0.609243 ^ clkbuf_leaf_9_CLK/A (sky130_fd_sc_hd__clkbuf_8)
    11    0.032234    0.111185    0.312892    0.922135 ^ clkbuf_leaf_9_CLK/X (sky130_fd_sc_hd__clkbuf_8)
                                                         clknet_leaf_9_CLK (net)
                      0.111191    0.000910    0.923045 ^ _5127_/CLK (sky130_fd_sc_hd__dfxtp_4)
    26    0.215557    0.942814    1.350970    2.274016 ^ _5127_/Q (sky130_fd_sc_hd__dfxtp_4)
                                                         _0008_ (net)
                      0.942893    0.009361    2.283376 ^ max_cap153/A (sky130_fd_sc_hd__buf_12)
    39    0.322175    0.565191    0.786898    3.070275 ^ max_cap153/X (sky130_fd_sc_hd__buf_12)
                                                         net153 (net)
                      0.573442    0.054853    3.125128 ^ _2578_/S0 (sky130_fd_sc_hd__mux4_2)
     1    0.003348    0.147378    1.263177    4.388305 v _2578_/X (sky130_fd_sc_hd__mux4_2)
                                                         _0508_ (net)
                      0.147378    0.000124    4.388428 v _2579_/B (sky130_fd_sc_hd__or2_2)
     2    0.007537    0.137981    0.691299    5.079727 v _2579_/X (sky130_fd_sc_hd__or2_2)
                                                         _0509_ (net)
                      0.137981    0.000137    5.079864 v _2586_/A1 (sky130_fd_sc_hd__a22o_2)
     8    0.056495    0.289056    0.679868    5.759732 v _2586_/X (sky130_fd_sc_hd__a22o_2)
                                                         _0516_ (net)
                      0.289066    0.001869    5.761601 v _2587_/B (sky130_fd_sc_hd__and2_2)
     4    0.014382    0.119740    0.568374    6.329975 v _2587_/X (sky130_fd_sc_hd__and2_2)
                                                         _0517_ (net)
                      0.119740    0.000159    6.330134 v _2589_/A (sky130_fd_sc_hd__nor2_2)
     9    0.050208    0.882704    0.758251    7.088385 ^ _2589_/Y (sky130_fd_sc_hd__nor2_2)
                                                         _0519_ (net)
                      0.882708    0.001677    7.090062 ^ _2615_/A1 (sky130_fd_sc_hd__a21o_2)
     2    0.015946    0.152612    0.582479    7.672541 ^ _2615_/X (sky130_fd_sc_hd__a21o_2)
                                                         _0545_ (net)
                      0.152612    0.000546    7.673087 ^ _2621_/A1 (sky130_fd_sc_hd__a21bo_2)
     3    0.022605    0.205793    0.395261    8.068348 ^ _2621_/X (sky130_fd_sc_hd__a21bo_2)
                                                         _0551_ (net)
                      0.205795    0.001068    8.069416 ^ _2626_/A2 (sky130_fd_sc_hd__a31o_2)
     3    0.019864    0.204498    0.485609    8.555024 ^ _2626_/X (sky130_fd_sc_hd__a31o_2)
                                                         _0556_ (net)
                      0.204498    0.000834    8.555859 ^ _2631_/A1 (sky130_fd_sc_hd__a31o_2)
     4    0.042942    0.393388    0.610909    9.166767 ^ _2631_/X (sky130_fd_sc_hd__a31o_2)
                                                         _0561_ (net)
                      0.393394    0.002155    9.168921 ^ _2684_/D_N (sky130_fd_sc_hd__or4b_2)
     3    0.014859    0.303498    1.647877   10.816798 v _2684_/X (sky130_fd_sc_hd__or4b_2)
                                                         _0614_ (net)
                      0.303498    0.000663   10.817462 v _2690_/A1 (sky130_fd_sc_hd__a21o_2)
     4    0.015260    0.114321    0.509060   11.326522 v _2690_/X (sky130_fd_sc_hd__a21o_2)
                                                         _0620_ (net)
                      0.114322    0.000550   11.327072 v _2694_/A3 (sky130_fd_sc_hd__a311o_2)
     4    0.016424    0.163677    0.834352   12.161425 v _2694_/X (sky130_fd_sc_hd__a311o_2)
                                                         _0624_ (net)
                      0.163677    0.000469   12.161893 v _2696_/A2 (sky130_fd_sc_hd__a21bo_2)
     5    0.017694    0.123164    0.500202   12.662095 v _2696_/X (sky130_fd_sc_hd__a21bo_2)
                                                         _0626_ (net)
                      0.123167    0.000776   12.662871 v _2704_/C (sky130_fd_sc_hd__and3_2)
     2    0.018371    0.138457    0.549648   13.212520 v _2704_/X (sky130_fd_sc_hd__and3_2)
                                                         _0628_ (net)
                      0.138457    0.000446   13.212965 v _2705_/B (sky130_fd_sc_hd__and2_2)
     1    0.002954    0.070769    0.424556   13.637522 v _2705_/X (sky130_fd_sc_hd__and2_2)
                                                         net53 (net)
                      0.070769    0.000089   13.637610 v output53/A (sky130_fd_sc_hd__clkdlybuf4s25_1)
     1    0.051857    0.690250    0.934229   14.571839 v output53/X (sky130_fd_sc_hd__clkdlybuf4s25_1)
                                                         DEVICES_STRW (net)
                      0.690250    0.001511   14.573350 v DEVICES_STRW (out)
                                             14.573350   data arrival time

                                 26.000000   26.000000   clock CLK (rise edge)
                                  0.000000   26.000000   clock network delay (propagated)
                                  0.000000   26.000000   clock reconvergence pessimism
                                 -5.000000   20.999998   output external delay
                                             20.999998   data required time
---------------------------------------------------------------------------------------------
                                             20.999998   data required time
                                            -14.573350   data arrival time
---------------------------------------------------------------------------------------------
                                              6.426649   slack (MET)




===========================================================================
report_checks --slack_max -0.01
============================================================================
======================= nom_ss_100C_1v60 Corner ===================================

No paths found.


===========================================================================
 report_check_types -max_slew -max_cap -max_fanout -violators
============================================================================
======================= nom_ss_100C_1v60 Corner ===================================

max slew

Pin                                        Limit        Slew       Slack
------------------------------------------------------------------------
_3084_/Y                                1.496266    1.738784   -0.242518 (VIOLATED)
_3088_/B1                               1.500000    1.738869   -0.238869 (VIOLATED)
_3089_/B1                               1.500000    1.738867   -0.238867 (VIOLATED)
_3090_/B1                               1.500000    1.738863   -0.238863 (VIOLATED)
_3091_/B1                               1.500000    1.738857   -0.238857 (VIOLATED)
_3092_/B1                               1.500000    1.738851   -0.238851 (VIOLATED)
_3086_/B1                               1.500000    1.738843   -0.238843 (VIOLATED)
_3096_/B1                               1.500000    1.738830   -0.238830 (VIOLATED)
_3085_/B1                               1.500000    1.738821   -0.238821 (VIOLATED)
_3100_/B1                               1.500000    1.738820   -0.238820 (VIOLATED)
_3087_/B1                               1.500000    1.738797   -0.238797 (VIOLATED)
_3097_/B1                               1.500000    1.738796   -0.238796 (VIOLATED)
_3095_/B1                               1.500000    1.738795   -0.238795 (VIOLATED)
_3094_/B1                               1.500000    1.738793   -0.238793 (VIOLATED)
_3099_/B1                               1.500000    1.738787   -0.238787 (VIOLATED)
_3093_/B1                               1.500000    1.738784   -0.238784 (VIOLATED)
_3098_/B1                               1.500000    1.738784   -0.238784 (VIOLATED)
_4533_/A0                               1.500000    1.727717   -0.227717 (VIOLATED)
_4027_/A                                1.500000    1.727714   -0.227714 (VIOLATED)
_3991_/A0                               1.500000    1.727712   -0.227712 (VIOLATED)
_3573_/A1                               1.500000    1.727698   -0.227698 (VIOLATED)
_3899_/A1                               1.500000    1.727698   -0.227698 (VIOLATED)
_3828_/B                                1.500000    1.727692   -0.227692 (VIOLATED)
_4346_/B                                1.500000    1.727692   -0.227692 (VIOLATED)
_3793_/A                                1.500000    1.727690   -0.227690 (VIOLATED)
_3029_/Y                                1.496266    1.674891   -0.178624 (VIOLATED)
_3040_/B1                               1.500000    1.674994   -0.174994 (VIOLATED)
_3030_/B1                               1.500000    1.674993   -0.174993 (VIOLATED)
_3042_/B1                               1.500000    1.674990   -0.174990 (VIOLATED)
_3045_/B1                               1.500000    1.674990   -0.174990 (VIOLATED)
_3033_/B1                               1.500000    1.674980   -0.174980 (VIOLATED)
_3034_/B1                               1.500000    1.674975   -0.174975 (VIOLATED)
_3035_/B1                               1.500000    1.674967   -0.174967 (VIOLATED)
_3036_/B1                               1.500000    1.674963   -0.174963 (VIOLATED)
_3037_/B1                               1.500000    1.674958   -0.174958 (VIOLATED)
_3031_/B1                               1.500000    1.674946   -0.174946 (VIOLATED)
_3041_/B1                               1.500000    1.674934   -0.174934 (VIOLATED)
_3032_/B1                               1.500000    1.674920   -0.174920 (VIOLATED)
_3039_/B1                               1.500000    1.674904   -0.174904 (VIOLATED)
_3038_/B1                               1.500000    1.674895   -0.174895 (VIOLATED)
_3043_/B1                               1.500000    1.674891   -0.174891 (VIOLATED)
_3044_/B1                               1.500000    1.674891   -0.174891 (VIOLATED)
_2974_/Y                                1.496266    1.629541   -0.133275 (VIOLATED)
_3103_/Y                                1.496266    1.628437   -0.132171 (VIOLATED)
_2981_/B1                               1.500000    1.629558   -0.129558 (VIOLATED)
_2980_/B1                               1.500000    1.629557   -0.129557 (VIOLATED)
_2978_/B1                               1.500000    1.629557   -0.129557 (VIOLATED)
_2979_/B1                               1.500000    1.629556   -0.129556 (VIOLATED)
_2982_/B1                               1.500000    1.629554   -0.129554 (VIOLATED)
_2976_/B1                               1.500000    1.629553   -0.129553 (VIOLATED)
_2986_/B1                               1.500000    1.629552   -0.129552 (VIOLATED)
_2977_/B1                               1.500000    1.629551   -0.129551 (VIOLATED)
_2990_/B1                               1.500000    1.629551   -0.129551 (VIOLATED)
_2987_/B1                               1.500000    1.629550   -0.129550 (VIOLATED)
_2975_/B1                               1.500000    1.629549   -0.129549 (VIOLATED)
_2983_/B1                               1.500000    1.629549   -0.129549 (VIOLATED)
_2984_/B1                               1.500000    1.629548   -0.129548 (VIOLATED)
_2985_/B1                               1.500000    1.629547   -0.129547 (VIOLATED)
_2988_/B1                               1.500000    1.629545   -0.129545 (VIOLATED)
_2989_/B1                               1.500000    1.629541   -0.129541 (VIOLATED)
_3114_/B1                               1.500000    1.628574   -0.128574 (VIOLATED)
_3106_/B1                               1.500000    1.628572   -0.128572 (VIOLATED)
_3107_/B1                               1.500000    1.628572   -0.128572 (VIOLATED)
_3108_/B1                               1.500000    1.628571   -0.128571 (VIOLATED)
_3104_/B1                               1.500000    1.628570   -0.128570 (VIOLATED)
_3105_/B1                               1.500000    1.628566   -0.128566 (VIOLATED)
_3110_/B1                               1.500000    1.628556   -0.128557 (VIOLATED)
_3111_/B1                               1.500000    1.628549   -0.128549 (VIOLATED)
_3119_/B1                               1.500000    1.628549   -0.128549 (VIOLATED)
_3109_/B1                               1.500000    1.628530   -0.128530 (VIOLATED)
_3115_/B1                               1.500000    1.628515   -0.128515 (VIOLATED)
_3113_/B1                               1.500000    1.628495   -0.128495 (VIOLATED)
_3116_/B1                               1.500000    1.628479   -0.128479 (VIOLATED)
_3112_/B1                               1.500000    1.628470   -0.128470 (VIOLATED)
_3117_/B1                               1.500000    1.628439   -0.128439 (VIOLATED)
_3118_/B1                               1.500000    1.628437   -0.128437 (VIOLATED)
_2752_/S                                1.500000    1.595244   -0.095244 (VIOLATED)
_2743_/S                                1.500000    1.595238   -0.095238 (VIOLATED)
_2725_/S                                1.500000    1.595224   -0.095224 (VIOLATED)
_2716_/S                                1.500000    1.595209   -0.095209 (VIOLATED)
_2734_/S                                1.500000    1.595197   -0.095197 (VIOLATED)
_2770_/S                                1.500000    1.595194   -0.095194 (VIOLATED)
_2806_/S                                1.500000    1.595174   -0.095175 (VIOLATED)
_2824_/S                                1.500000    1.595171   -0.095171 (VIOLATED)
_2850_/A                                1.500000    1.595158   -0.095158 (VIOLATED)
_2855_/S                                1.500000    1.595130   -0.095130 (VIOLATED)
_2745_/A                                1.500000    1.595119   -0.095119 (VIOLATED)
_2762_/A1                               1.500000    1.595119   -0.095119 (VIOLATED)
_2754_/A                                1.500000    1.595111   -0.095111 (VIOLATED)
_2765_/S                                1.500000    1.595108   -0.095108 (VIOLATED)
_2772_/A                                1.500000    1.595099   -0.095099 (VIOLATED)
_2783_/A1                               1.500000    1.595086   -0.095086 (VIOLATED)
_2727_/A                                1.500000    1.595072   -0.095072 (VIOLATED)
_2434_/A                                1.500000    1.595061   -0.095061 (VIOLATED)
_2718_/A                                1.500000    1.595049   -0.095049 (VIOLATED)
_2815_/A                                1.500000    1.595044   -0.095044 (VIOLATED)
_2819_/S                                1.500000    1.595043   -0.095043 (VIOLATED)
_2826_/A                                1.500000    1.595030   -0.095031 (VIOLATED)
_2736_/A                                1.500000    1.595022   -0.095022 (VIOLATED)
_2834_/A1                               1.500000    1.595001   -0.095001 (VIOLATED)
_2808_/A                                1.500000    1.594994   -0.094994 (VIOLATED)
_2798_/A1                               1.500000    1.594991   -0.094991 (VIOLATED)
_2801_/S                                1.500000    1.594983   -0.094983 (VIOLATED)
_2842_/S                                1.500000    1.594979   -0.094979 (VIOLATED)
_2790_/A                                1.500000    1.594954   -0.094954 (VIOLATED)
_2837_/S                                1.500000    1.594941   -0.094941 (VIOLATED)
_2844_/A                                1.500000    1.594515   -0.094516 (VIOLATED)
_5137_/Q                                1.501684    1.594498   -0.092814 (VIOLATED)
_3867_/A                                1.500000    1.585363   -0.085363 (VIOLATED)
_4470_/A1                               1.500000    1.585362   -0.085362 (VIOLATED)
_3543_/A0                               1.500000    1.585355   -0.085355 (VIOLATED)
_3974_/A1                               1.500000    1.585354   -0.085354 (VIOLATED)
_4443_/A1                               1.500000    1.585350   -0.085350 (VIOLATED)
_3565_/A0                               1.500000    1.585321   -0.085321 (VIOLATED)
_3901_/A1                               1.500000    1.585310   -0.085310 (VIOLATED)
_4321_/B                                1.500000    1.585297   -0.085297 (VIOLATED)
_4371_/B1                               1.500000    1.585292   -0.085292 (VIOLATED)
_4335_/A2                               1.500000    1.585286   -0.085286 (VIOLATED)
_3821_/B                                1.500000    1.585271   -0.085271 (VIOLATED)
_3798_/A                                1.500000    1.585270   -0.085270 (VIOLATED)
_2993_/Y                                1.496266    1.569762   -0.073496 (VIOLATED)
_2997_/B1                               1.500000    1.569780   -0.069780 (VIOLATED)
_3000_/B1                               1.500000    1.569780   -0.069780 (VIOLATED)
_2998_/B1                               1.500000    1.569780   -0.069780 (VIOLATED)
_2999_/B1                               1.500000    1.569779   -0.069779 (VIOLATED)
_2994_/B1                               1.500000    1.569776   -0.069776 (VIOLATED)
_3001_/B1                               1.500000    1.569774   -0.069774 (VIOLATED)
_2995_/B1                               1.500000    1.569774   -0.069774 (VIOLATED)
_3004_/B1                               1.500000    1.569773   -0.069774 (VIOLATED)
_3005_/B1                               1.500000    1.569773   -0.069773 (VIOLATED)
_2996_/B1                               1.500000    1.569771   -0.069771 (VIOLATED)
_3003_/B1                               1.500000    1.569770   -0.069770 (VIOLATED)
_3009_/B1                               1.500000    1.569770   -0.069770 (VIOLATED)
_3006_/B1                               1.500000    1.569770   -0.069770 (VIOLATED)
_3002_/B1                               1.500000    1.569769   -0.069769 (VIOLATED)
_3007_/B1                               1.500000    1.569764   -0.069764 (VIOLATED)
_3008_/B1                               1.500000    1.569762   -0.069762 (VIOLATED)
_2674_/A1                               1.500000    1.531948   -0.031948 (VIOLATED)
_2579_/A                                1.500000    1.531925   -0.031925 (VIOLATED)
_2596_/S                                1.500000    1.531909   -0.031909 (VIOLATED)
_2528_/S                                1.500000    1.531905   -0.031905 (VIOLATED)
_2604_/A                                1.500000    1.531900   -0.031900 (VIOLATED)
_2539_/S                                1.500000    1.531893   -0.031893 (VIOLATED)
_2591_/A                                1.500000    1.531891   -0.031891 (VIOLATED)
_2432_/A                                1.500000    1.531880   -0.031880 (VIOLATED)
_2609_/S                                1.500000    1.531879   -0.031879 (VIOLATED)
_2550_/S                                1.500000    1.531868   -0.031868 (VIOLATED)
_2571_/A1                               1.500000    1.531855   -0.031855 (VIOLATED)
_2558_/A1                               1.500000    1.531852   -0.031853 (VIOLATED)
_2561_/S                                1.500000    1.531815   -0.031815 (VIOLATED)
_2574_/S                                1.500000    1.531781   -0.031781 (VIOLATED)
_2536_/A1                               1.500000    1.531760   -0.031760 (VIOLATED)
_2546_/A                                1.500000    1.531730   -0.031730 (VIOLATED)
_2524_/A                                1.500000    1.531669   -0.031670 (VIOLATED)
_2475_/A                                1.500000    1.531433   -0.031433 (VIOLATED)
_2511_/A1                               1.500000    1.531384   -0.031384 (VIOLATED)
_2472_/A1                               1.500000    1.531379   -0.031379 (VIOLATED)
_2660_/A                                1.500000    1.531325   -0.031325 (VIOLATED)
_2635_/A1                               1.500000    1.531124   -0.031124 (VIOLATED)
_2485_/A                                1.500000    1.531061   -0.031061 (VIOLATED)
_2647_/A                                1.500000    1.531060   -0.031060 (VIOLATED)
_2497_/A                                1.500000    1.530932   -0.030932 (VIOLATED)
_2489_/S                                1.500000    1.530731   -0.030731 (VIOLATED)
_2502_/S                                1.500000    1.530665   -0.030665 (VIOLATED)
_2664_/S                                1.500000    1.530663   -0.030663 (VIOLATED)
_2584_/S                                1.500000    1.530662   -0.030662 (VIOLATED)
_2652_/S                                1.500000    1.530646   -0.030646 (VIOLATED)
_5129_/Q                                1.501684    1.530635   -0.028951 (VIOLATED)
_3011_/Y                                1.496266    1.496576   -0.000310 (VIOLATED)

max capacitance

Pin                                        Limit         Cap       Slack
------------------------------------------------------------------------
_3084_/Y                                0.086070    0.101167   -0.015097 (VIOLATED)
_5137_/Q                                0.191355    0.204118   -0.012763 (VIOLATED)
_3029_/Y                                0.086070    0.097323   -0.011253 (VIOLATED)
_2974_/Y                                0.086070    0.094698   -0.008628 (VIOLATED)
_3103_/Y                                0.086070    0.094601   -0.008531 (VIOLATED)
_2993_/Y                                0.086070    0.091126   -0.005056 (VIOLATED)
_5129_/Q                                0.191355    0.195576   -0.004221 (VIOLATED)
_3011_/Y                                0.086070    0.086711   -0.000641 (VIOLATED)



===========================================================================
report_parasitic_annotation -report_unannotated
============================================================================
Found 34 unannotated drivers.
 clkload0/X
 clkload1/Y
 clkload10/X
 clkload11/X
 clkload12/Y
 clkload13/Y
 clkload14/Y
 clkload15/Y
 clkload16/Y
 clkload17/X
 clkload18/Y
 clkload19/Y
 clkload2/Y
 clkload20/Y
 clkload21/Y
 clkload22/Y
 clkload23/X
 clkload24/X
 clkload25/X
 clkload26/Y
 clkload27/Y
 clkload28/X
 clkload29/X
 clkload3/Y
 clkload30/X
 clkload31/X
 clkload32/X
 clkload33/Y
 clkload4/X
 clkload5/X
 clkload6/X
 clkload7/X
 clkload8/X
 clkload9/X
Found 0 partially unannotated drivers.

===========================================================================
max slew violation count 169
max fanout violation count 0
max cap violation count 8
============================================================================

===========================================================================
check_setup -verbose -unconstrained_endpoints -multiple_clock -no_clock -no_input_delay -loops -generated_clocks
===========================================================================
