Reading timing models for corner max_ss_100C_1v60…
Reading timing library for the 'max_ss_100C_1v60' corner at '/root/.ciel/ciel/sky130/versions/8afc8346a57fe1ab7934ba5a6056ea8b43078e71/sky130A/libs.ref/sky130_fd_sc_hd/lib/sky130_fd_sc_hd__ss_100C_1v60.lib'…
Reading OpenROAD database at '/home/Ven/vscode/VRAI/runs/RUN_2026-07-30_11-04-56/43-openroad-repairantennas/1-openroad-diodeinsertion/VRAI_SYNC_CORE.odb'…
Reading design constraints file at '/home/Ven/vscode/VRAI/constraints/vrai_pnr.sdc'…
[INFO] No information on clock propagation in input SDC file-- propagating all clocks.
[INFO ORD-0030] Using 16 thread(s).
+ detailed_route -droute_end_iter 64 -or_seed 42 -verbose 1 -output_drc /home/Ven/vscode/VRAI/runs/RUN_2026-07-30_11-04-56/45-openroad-detailedrouting/drt-run-0/VRAI_SYNC_CORE.drc
[INFO DRT-0149] Reading tech and libs.
[WARNING DRT-0349] LEF58_ENCLOSURE with no CUTCLASS is not supported. Skipping for layer mcon
[WARNING DRT-0349] LEF58_ENCLOSURE with no CUTCLASS is not supported. Skipping for layer mcon
[WARNING DRT-0349] LEF58_ENCLOSURE with no CUTCLASS is not supported. Skipping for layer via
[WARNING DRT-0349] LEF58_ENCLOSURE with no CUTCLASS is not supported. Skipping for layer via
[WARNING DRT-0349] LEF58_ENCLOSURE with no CUTCLASS is not supported. Skipping for layer via2
[WARNING DRT-0349] LEF58_ENCLOSURE with no CUTCLASS is not supported. Skipping for layer via2
[WARNING DRT-0349] LEF58_ENCLOSURE with no CUTCLASS is not supported. Skipping for layer via3
[WARNING DRT-0349] LEF58_ENCLOSURE with no CUTCLASS is not supported. Skipping for layer via3
[WARNING DRT-0349] LEF58_ENCLOSURE with no CUTCLASS is not supported. Skipping for layer via4
[WARNING DRT-0349] LEF58_ENCLOSURE with no CUTCLASS is not supported. Skipping for layer via4

Units:                1000
Number of layers:     13
Number of macros:     445
Number of vias:       29
Number of viarulegen: 25

[INFO DRT-0150] Reading design.

Design:                   VRAI_SYNC_CORE
Die area:                 ( 0 0 ) ( 269360 280080 )
Number of track patterns: 12
Number of DEF vias:       0
Number of components:     4218
Number of terminals:      110
Number of snets:          2
Number of nets:           3130

[INFO DRT-0167] List of default vias:
  Layer via
    default via: M1M2_PR
  Layer via2
    default via: M2M3_PR
  Layer via3
    default via: M3M4_PR
  Layer via4
    default via: M4M5_PR
[INFO DRT-0162] Library cell analysis.
[INFO DRT-0163] Instance analysis.
[INFO DRT-0164] Number of unique instances = 248.
[INFO DRT-0168] Init region query.
[INFO DRT-0024]   Complete FR_MASTERSLICE.
[INFO DRT-0024]   Complete licon.
[INFO DRT-0024]   Complete li1.
[INFO DRT-0024]   Complete mcon.
[INFO DRT-0024]   Complete met1.
[INFO DRT-0024]   Complete via.
[INFO DRT-0024]   Complete met2.
[INFO DRT-0024]   Complete via2.
[INFO DRT-0024]   Complete met3.
[INFO DRT-0024]   Complete via3.
[INFO DRT-0024]   Complete met4.
[INFO DRT-0024]   Complete via4.
[INFO DRT-0024]   Complete met5.
[INFO DRT-0033] FR_MASTERSLICE shape region query size = 0.
[INFO DRT-0033] licon shape region query size = 0.
[INFO DRT-0033] li1 shape region query size = 110766.
[INFO DRT-0033] mcon shape region query size = 0.
[INFO DRT-0033] met1 shape region query size = 15404.
[INFO DRT-0033] via shape region query size = 950.
[INFO DRT-0033] met2 shape region query size = 629.
[INFO DRT-0033] via2 shape region query size = 760.
[INFO DRT-0033] met3 shape region query size = 619.
[INFO DRT-0033] via3 shape region query size = 760.
[INFO DRT-0033] met4 shape region query size = 206.
[INFO DRT-0033] via4 shape region query size = 8.
[INFO DRT-0033] met5 shape region query size = 16.
[INFO DRT-0165] Start pin access.
[INFO DRT-0076]   Complete 1000 pins.
[INFO DRT-0078]   Complete 1974 pins.
[INFO DRT-0079]   Complete 100 unique inst patterns.
[INFO DRT-0079]   Complete 200 unique inst patterns.
[INFO DRT-0081]   Complete 248 unique inst patterns.
[INFO DRT-0084]   Complete 2106 groups.
#scanned instances     = 4218
#unique  instances     = 248
#stdCellGenAp          = 7153
#stdCellValidPlanarAp  = 84
#stdCellValidViaAp     = 5591
#stdCellPinNoAp        = 0
#stdCellPinCnt         = 12128
#instTermValidViaApCnt = 0
#macroGenAp            = 0
#macroValidPlanarAp    = 0
#macroValidViaAp       = 0
#macroNoAp             = 0
[INFO DRT-0166] Complete pin access.
[INFO DRT-0267] cpu time = 00:03:05, elapsed time = 00:00:12, memory = 158.16 (MB), peak = 156.58 (MB)

[INFO DRT-0157] Number of guides:     29337

[INFO DRT-0169] Post process guides.
[INFO DRT-0176] GCELLGRID X 0 DO 39 STEP 6900 ;
[INFO DRT-0177] GCELLGRID Y 0 DO 40 STEP 6900 ;
[INFO DRT-0028]   Complete FR_MASTERSLICE.
[INFO DRT-0028]   Complete licon.
[INFO DRT-0028]   Complete li1.
[INFO DRT-0028]   Complete mcon.
[INFO DRT-0028]   Complete met1.
[INFO DRT-0028]   Complete via.
[INFO DRT-0028]   Complete met2.
[INFO DRT-0028]   Complete via2.
[INFO DRT-0028]   Complete met3.
[INFO DRT-0028]   Complete via3.
[INFO DRT-0028]   Complete met4.
[INFO DRT-0028]   Complete via4.
[INFO DRT-0028]   Complete met5.
[INFO DRT-0178] Init guide query.
[INFO DRT-0035]   Complete FR_MASTERSLICE (guide).
[INFO DRT-0035]   Complete licon (guide).
[INFO DRT-0035]   Complete li1 (guide).
[INFO DRT-0035]   Complete mcon (guide).
[INFO DRT-0035]   Complete met1 (guide).
[INFO DRT-0035]   Complete via (guide).
[INFO DRT-0035]   Complete met2 (guide).
[INFO DRT-0035]   Complete via2 (guide).
[INFO DRT-0035]   Complete met3 (guide).
[INFO DRT-0035]   Complete via3 (guide).
[INFO DRT-0035]   Complete met4 (guide).
[INFO DRT-0035]   Complete via4 (guide).
[INFO DRT-0035]   Complete met5 (guide).
[INFO DRT-0036] FR_MASTERSLICE guide region query size = 0.
[INFO DRT-0036] licon guide region query size = 0.
[INFO DRT-0036] li1 guide region query size = 9736.
[INFO DRT-0036] mcon guide region query size = 0.
[INFO DRT-0036] met1 guide region query size = 8933.
[INFO DRT-0036] via guide region query size = 0.
[INFO DRT-0036] met2 guide region query size = 5085.
[INFO DRT-0036] via2 guide region query size = 0.
[INFO DRT-0036] met3 guide region query size = 636.
[INFO DRT-0036] via3 guide region query size = 0.
[INFO DRT-0036] met4 guide region query size = 146.
[INFO DRT-0036] via4 guide region query size = 0.
[INFO DRT-0036] met5 guide region query size = 3.
[INFO DRT-0179] Init gr pin query.
[INFO DRT-0267] cpu time = 00:00:00, elapsed time = 00:00:00, memory = 167.83 (MB), peak = 166.33 (MB)
[INFO DRT-0245] skipped writing guide updates to database.
[INFO DRT-0185] Post process initialize RPin region query.
[INFO DRT-0181] Start track assignment.
[INFO DRT-0184] Done with 14967 vertical wires in 1 frboxes and 9572 horizontal wires in 1 frboxes.
[INFO DRT-0186] Done with 1738 vertical wires in 1 frboxes and 2731 horizontal wires in 1 frboxes.
[INFO DRT-0182] Complete track assignment.
[INFO DRT-0267] cpu time = 00:00:07, elapsed time = 00:00:01, memory = 231.11 (MB), peak = 229.84 (MB)
[INFO DRT-0187] Start routing data preparation.
[INFO DRT-0267] cpu time = 00:00:00, elapsed time = 00:00:00, memory = 234.39 (MB), peak = 233.21 (MB)
[INFO DRT-0194] Start detail routing.
[INFO DRT-0195] Start 0th optimization iteration.
    Completing 10% with 0 violations.
    elapsed time = 00:00:01, memory = 430.43 (MB).
    Completing 20% with 0 violations.
    elapsed time = 00:00:02, memory = 385.07 (MB).
    Completing 30% with 354 violations.
    elapsed time = 00:00:05, memory = 553.15 (MB).
    Completing 40% with 354 violations.
    elapsed time = 00:00:06, memory = 550.38 (MB).
    Completing 50% with 354 violations.
    elapsed time = 00:00:07, memory = 499.77 (MB).
    Completing 60% with 660 violations.
    elapsed time = 00:00:09, memory = 622.43 (MB).
    Completing 70% with 660 violations.
    elapsed time = 00:00:10, memory = 629.65 (MB).
    Completing 80% with 964 violations.
    elapsed time = 00:00:12, memory = 693.05 (MB).
    Completing 90% with 964 violations.
    elapsed time = 00:00:14, memory = 693.05 (MB).
    Completing 100% with 1235 violations.
    elapsed time = 00:00:16, memory = 663.10 (MB).
[INFO DRT-0199]   Number of violations = 1484.
Viol/Layer         li1   met1    via   met2   met3
Cut Spacing          0      0      1      0      0
Metal Spacing        0    305      0     56      1
Min Hole             0      0      0      1      0
NS Metal             0      0      0      1      0
Recheck              2    175      0     66      6
Short                0    786      0     84      0
[INFO DRT-0267] cpu time = 00:01:25, elapsed time = 00:00:16, memory = 969.41 (MB), peak = 968.10 (MB)
Total wire length = 133258 um.
Total wire length on LAYER li1 = 0 um.
Total wire length on LAYER met1 = 52588 um.
Total wire length on LAYER met2 = 60010 um.
Total wire length on LAYER met3 = 13300 um.
Total wire length on LAYER met4 = 7235 um.
Total wire length on LAYER met5 = 122 um.
Total number of vias = 27423.
Up-via summary (total 27423):

------------------------
 FR_MASTERSLICE        0
            li1    12078
           met1    14110
           met2      970
           met3      259
           met4        6
------------------------
               27423


[INFO DRT-0195] Start 1st optimization iteration.
    Completing 10% with 1484 violations.
    elapsed time = 00:00:00, memory = 1048.09 (MB).
    Completing 20% with 1484 violations.
    elapsed time = 00:00:03, memory = 1079.00 (MB).
    Completing 30% with 1280 violations.
    elapsed time = 00:00:04, memory = 1140.13 (MB).
    Completing 40% with 1280 violations.
    elapsed time = 00:00:05, memory = 1161.21 (MB).
    Completing 50% with 1280 violations.
    elapsed time = 00:00:06, memory = 1161.21 (MB).
    Completing 60% with 1119 violations.
    elapsed time = 00:00:08, memory = 1240.07 (MB).
    Completing 70% with 1119 violations.
    elapsed time = 00:00:10, memory = 1220.73 (MB).
    Completing 80% with 844 violations.
    elapsed time = 00:00:12, memory = 1224.37 (MB).
    Completing 90% with 844 violations.
    elapsed time = 00:00:12, memory = 1224.37 (MB).
    Completing 100% with 635 violations.
    elapsed time = 00:00:14, memory = 1193.66 (MB).
[INFO DRT-0199]   Number of violations = 635.
Viol/Layer        met1   met2
Metal Spacing      117     19
Short              468     31
[INFO DRT-0267] cpu time = 00:01:22, elapsed time = 00:00:14, memory = 1196.79 (MB), peak = 1250.13 (MB)
Total wire length = 132523 um.
Total wire length on LAYER li1 = 0 um.
Total wire length on LAYER met1 = 52204 um.
Total wire length on LAYER met2 = 59734 um.
Total wire length on LAYER met3 = 13325 um.
Total wire length on LAYER met4 = 7136 um.
Total wire length on LAYER met5 = 124 um.
Total number of vias = 27237.
Up-via summary (total 27237):

------------------------
 FR_MASTERSLICE        0
            li1    12086
           met1    13919
           met2      975
           met3      251
           met4        6
------------------------
               27237


[INFO DRT-0195] Start 2nd optimization iteration.
    Completing 10% with 635 violations.
    elapsed time = 00:00:00, memory = 1196.79 (MB).
    Completing 20% with 635 violations.
    elapsed time = 00:00:00, memory = 1196.79 (MB).
    Completing 30% with 635 violations.
    elapsed time = 00:00:02, memory = 1196.79 (MB).
    Completing 40% with 622 violations.
    elapsed time = 00:00:02, memory = 1196.79 (MB).
    Completing 50% with 622 violations.
    elapsed time = 00:00:04, memory = 1245.02 (MB).
    Completing 60% with 598 violations.
    elapsed time = 00:00:06, memory = 1245.02 (MB).
    Completing 70% with 598 violations.
    elapsed time = 00:00:08, memory = 1339.68 (MB).
    Completing 80% with 598 violations.
    elapsed time = 00:00:11, memory = 1306.79 (MB).
    Completing 90% with 637 violations.
    elapsed time = 00:00:13, memory = 1346.92 (MB).
    Completing 100% with 642 violations.
    elapsed time = 00:00:16, memory = 1348.92 (MB).
[INFO DRT-0199]   Number of violations = 642.
Viol/Layer        met1   met2   met4
Metal Spacing      142     20      1
Short              424     55      0
[INFO DRT-0267] cpu time = 00:01:24, elapsed time = 00:00:16, memory = 1348.92 (MB), peak = 1377.32 (MB)
Total wire length = 132264 um.
Total wire length on LAYER li1 = 0 um.
Total wire length on LAYER met1 = 52175 um.
Total wire length on LAYER met2 = 59624 um.
Total wire length on LAYER met3 = 13182 um.
Total wire length on LAYER met4 = 7173 um.
Total wire length on LAYER met5 = 108 um.
Total number of vias = 27245.
Up-via summary (total 27245):

------------------------
 FR_MASTERSLICE        0
            li1    12113
           met1    13935
           met2      941
           met3      250
           met4        6
------------------------
               27245


[INFO DRT-0195] Start 3rd optimization iteration.
    Completing 10% with 642 violations.
    elapsed time = 00:00:00, memory = 1348.98 (MB).
    Completing 20% with 642 violations.
    elapsed time = 00:00:01, memory = 1348.98 (MB).
    Completing 30% with 504 violations.
    elapsed time = 00:00:04, memory = 1398.01 (MB).
    Completing 40% with 504 violations.
    elapsed time = 00:00:04, memory = 1408.70 (MB).
    Completing 50% with 504 violations.
    elapsed time = 00:00:06, memory = 1376.93 (MB).
    Completing 60% with 314 violations.
    elapsed time = 00:00:06, memory = 1384.08 (MB).
    Completing 70% with 314 violations.
    elapsed time = 00:00:07, memory = 1384.08 (MB).
    Completing 80% with 199 violations.
    elapsed time = 00:00:08, memory = 1384.42 (MB).
    Completing 90% with 199 violations.
    elapsed time = 00:00:08, memory = 1386.93 (MB).
    Completing 100% with 46 violations.
    elapsed time = 00:00:09, memory = 1388.99 (MB).
[INFO DRT-0199]   Number of violations = 46.
Viol/Layer        met1   met2
Metal Spacing       13      1
Short               32      0
[INFO DRT-0267] cpu time = 00:00:46, elapsed time = 00:00:10, memory = 1388.99 (MB), peak = 1407.64 (MB)
Total wire length = 132048 um.
Total wire length on LAYER li1 = 0 um.
Total wire length on LAYER met1 = 49857 um.
Total wire length on LAYER met2 = 59483 um.
Total wire length on LAYER met3 = 15236 um.
Total wire length on LAYER met4 = 7361 um.
Total wire length on LAYER met5 = 108 um.
Total number of vias = 27537.
Up-via summary (total 27537):

------------------------
 FR_MASTERSLICE        0
            li1    12105
           met1    13935
           met2     1222
           met3      269
           met4        6
------------------------
               27537


[INFO DRT-0195] Start 4th guides tiles iteration.
    Completing 10% with 46 violations.
    elapsed time = 00:00:00, memory = 1421.46 (MB).
    Completing 20% with 46 violations.
    elapsed time = 00:00:00, memory = 1421.46 (MB).
    Completing 30% with 46 violations.
    elapsed time = 00:00:00, memory = 1421.46 (MB).
    Completing 40% with 46 violations.
    elapsed time = 00:00:00, memory = 1388.99 (MB).
    Completing 50% with 0 violations.
    elapsed time = 00:00:00, memory = 1388.99 (MB).
    Completing 60% with 0 violations.
    elapsed time = 00:00:00, memory = 1388.99 (MB).
    Completing 70% with 0 violations.
    elapsed time = 00:00:00, memory = 1388.99 (MB).
    Completing 80% with 0 violations.
    elapsed time = 00:00:00, memory = 1388.99 (MB).
    Completing 90% with 0 violations.
    elapsed time = 00:00:00, memory = 1388.99 (MB).
    Completing 100% with 0 violations.
    elapsed time = 00:00:00, memory = 1388.99 (MB).
[INFO DRT-0199]   Number of violations = 0.
[INFO DRT-0267] cpu time = 00:00:06, elapsed time = 00:00:00, memory = 1388.99 (MB), peak = 1420.49 (MB)
Total wire length = 132048 um.
Total wire length on LAYER li1 = 0 um.
Total wire length on LAYER met1 = 49719 um.
Total wire length on LAYER met2 = 59472 um.
Total wire length on LAYER met3 = 15381 um.
Total wire length on LAYER met4 = 7365 um.
Total wire length on LAYER met5 = 108 um.
Total number of vias = 27559.
Up-via summary (total 27559):

------------------------
 FR_MASTERSLICE        0
            li1    12107
           met1    13939
           met2     1236
           met3      271
           met4        6
------------------------
               27559


[INFO DRT-0198] Complete detail routing.
Total wire length = 132048 um.
Total wire length on LAYER li1 = 0 um.
Total wire length on LAYER met1 = 49719 um.
Total wire length on LAYER met2 = 59472 um.
Total wire length on LAYER met3 = 15381 um.
Total wire length on LAYER met4 = 7365 um.
Total wire length on LAYER met5 = 108 um.
Total number of vias = 27559.
Up-via summary (total 27559):

------------------------
 FR_MASTERSLICE        0
            li1    12107
           met1    13939
           met2     1236
           met3      271
           met4        6
------------------------
               27559


[INFO DRT-0267] cpu time = 00:05:06, elapsed time = 00:00:58, memory = 1389.12 (MB), peak = 1420.49 (MB)

[INFO DRT-0180] Post processing.
+ check_antennas 
[INFO ANT-0002] Found 2 net violations.
[INFO ANT-0001] Found 2 pin violations.
[INFO] Running antenna repair iteration 1…
+ repair_antennas sky130_fd_sc_hd__diode_2 -ratio_margin 10
[INFO GRT-0012] Found 3 antenna violations.
[INFO GRT-0015] Inserted 3 diodes.
+ detailed_route -droute_end_iter 64 -or_seed 42 -verbose 1 -output_drc /home/Ven/vscode/VRAI/runs/RUN_2026-07-30_11-04-56/45-openroad-detailedrouting/drt-run-1/VRAI_SYNC_CORE.drc
[INFO DRT-0024]   Complete FR_MASTERSLICE.
[INFO DRT-0024]   Complete licon.
[INFO DRT-0024]   Complete li1.
[INFO DRT-0024]   Complete mcon.
[INFO DRT-0024]   Complete met1.
[INFO DRT-0024]   Complete via.
[INFO DRT-0024]   Complete met2.
[INFO DRT-0024]   Complete via2.
[INFO DRT-0024]   Complete met3.
[INFO DRT-0024]   Complete via3.
[INFO DRT-0024]   Complete met4.
[INFO DRT-0024]   Complete via4.
[INFO DRT-0024]   Complete met5.
[INFO DRT-0165] Start pin access.
[INFO DRT-0076]   Complete 1000 pins.
[INFO DRT-0078]   Complete 1984 pins.
[INFO DRT-0079]   Complete 100 unique inst patterns.
[INFO DRT-0079]   Complete 200 unique inst patterns.
[INFO DRT-0081]   Complete 250 unique inst patterns.
[INFO DRT-0084]   Complete 2105 groups.
#scanned instances     = 4221
#unique  instances     = 250
#stdCellGenAp          = 7177
#stdCellValidPlanarAp  = 84
#stdCellValidViaAp     = 5615
#stdCellPinNoAp        = 0
#stdCellPinCnt         = 12128
#instTermValidViaApCnt = 0
#macroGenAp            = 0
#macroValidPlanarAp    = 0
#macroValidViaAp       = 0
#macroNoAp             = 0
[INFO DRT-0166] Complete pin access.
[INFO DRT-0267] cpu time = 00:03:41, elapsed time = 00:00:14, memory = 1390.79 (MB), peak = 1420.49 (MB)

[INFO DRT-0157] Number of guides:     29326

[INFO DRT-0169] Post process guides.
[INFO DRT-0176] GCELLGRID X 0 DO 39 STEP 6900 ;
[INFO DRT-0177] GCELLGRID Y 0 DO 40 STEP 6900 ;
[INFO DRT-0028]   Complete FR_MASTERSLICE.
[INFO DRT-0028]   Complete licon.
[INFO DRT-0028]   Complete li1.
[INFO DRT-0028]   Complete mcon.
[INFO DRT-0028]   Complete met1.
[INFO DRT-0028]   Complete via.
[INFO DRT-0028]   Complete met2.
[INFO DRT-0028]   Complete via2.
[INFO DRT-0028]   Complete met3.
[INFO DRT-0028]   Complete via3.
[INFO DRT-0028]   Complete met4.
[INFO DRT-0028]   Complete via4.
[INFO DRT-0028]   Complete met5.
[INFO DRT-0178] Init guide query.
[INFO DRT-0035]   Complete FR_MASTERSLICE (guide).
[INFO DRT-0035]   Complete licon (guide).
[INFO DRT-0035]   Complete li1 (guide).
[INFO DRT-0035]   Complete mcon (guide).
[INFO DRT-0035]   Complete met1 (guide).
[INFO DRT-0035]   Complete via (guide).
[INFO DRT-0035]   Complete met2 (guide).
[INFO DRT-0035]   Complete via2 (guide).
[INFO DRT-0035]   Complete met3 (guide).
[INFO DRT-0035]   Complete via3 (guide).
[INFO DRT-0035]   Complete met4 (guide).
[INFO DRT-0035]   Complete via4 (guide).
[INFO DRT-0035]   Complete met5 (guide).
[INFO DRT-0036] FR_MASTERSLICE guide region query size = 0.
[INFO DRT-0036] licon guide region query size = 0.
[INFO DRT-0036] li1 guide region query size = 9736.
[INFO DRT-0036] mcon guide region query size = 0.
[INFO DRT-0036] met1 guide region query size = 8934.
[INFO DRT-0036] via guide region query size = 0.
[INFO DRT-0036] met2 guide region query size = 5083.
[INFO DRT-0036] via2 guide region query size = 0.
[INFO DRT-0036] met3 guide region query size = 633.
[INFO DRT-0036] via3 guide region query size = 0.
[INFO DRT-0036] met4 guide region query size = 145.
[INFO DRT-0036] via4 guide region query size = 0.
[INFO DRT-0036] met5 guide region query size = 3.
[INFO DRT-0179] Init gr pin query.
[INFO DRT-0267] cpu time = 00:00:00, elapsed time = 00:00:00, memory = 1390.79 (MB), peak = 1420.49 (MB)
[INFO DRT-0245] skipped writing guide updates to database.
[INFO DRT-0185] Post process initialize RPin region query.
[INFO DRT-0181] Start track assignment.
[INFO DRT-0184] Done with 14964 vertical wires in 1 frboxes and 9570 horizontal wires in 1 frboxes.
[INFO DRT-0186] Done with 1731 vertical wires in 1 frboxes and 2762 horizontal wires in 1 frboxes.
[INFO DRT-0182] Complete track assignment.
[INFO DRT-0267] cpu time = 00:00:07, elapsed time = 00:00:01, memory = 1390.79 (MB), peak = 1420.49 (MB)
[INFO DRT-0187] Start routing data preparation.
[INFO DRT-0267] cpu time = 00:00:00, elapsed time = 00:00:00, memory = 1390.79 (MB), peak = 1420.49 (MB)
[INFO DRT-0194] Start detail routing.
[INFO DRT-0195] Start 0th optimization iteration.
    Completing 10% with 0 violations.
    elapsed time = 00:00:00, memory = 1396.33 (MB).
    Completing 20% with 0 violations.
    elapsed time = 00:00:00, memory = 1396.33 (MB).
    Completing 30% with 14 violations.
    elapsed time = 00:00:01, memory = 1428.13 (MB).
    Completing 40% with 14 violations.
    elapsed time = 00:00:01, memory = 1428.13 (MB).
    Completing 50% with 14 violations.
    elapsed time = 00:00:01, memory = 1396.33 (MB).
    Completing 60% with 43 violations.
    elapsed time = 00:00:02, memory = 1396.33 (MB).
    Completing 70% with 43 violations.
    elapsed time = 00:00:02, memory = 1396.33 (MB).
    Completing 80% with 68 violations.
    elapsed time = 00:00:02, memory = 1396.33 (MB).
    Completing 90% with 68 violations.
    elapsed time = 00:00:03, memory = 1396.33 (MB).
    Completing 100% with 77 violations.
    elapsed time = 00:00:03, memory = 1396.33 (MB).
[INFO DRT-0199]   Number of violations = 95.
Viol/Layer        met1   met2   met3
Metal Spacing        7      2      0
Recheck             10      7      1
Short               47     20      1
[INFO DRT-0267] cpu time = 00:00:29, elapsed time = 00:00:03, memory = 1491.53 (MB), peak = 1490.38 (MB)
Total wire length = 132076 um.
Total wire length on LAYER li1 = 0 um.
Total wire length on LAYER met1 = 49883 um.
Total wire length on LAYER met2 = 59580 um.
Total wire length on LAYER met3 = 15219 um.
Total wire length on LAYER met4 = 7284 um.
Total wire length on LAYER met5 = 108 um.
Total number of vias = 27570.
Up-via summary (total 27570):

------------------------
 FR_MASTERSLICE        0
            li1    12114
           met1    13963
           met2     1220
           met3      267
           met4        6
------------------------
               27570


[INFO DRT-0195] Start 1st optimization iteration.
    Completing 10% with 95 violations.
    elapsed time = 00:00:00, memory = 1491.53 (MB).
    Completing 20% with 95 violations.
    elapsed time = 00:00:00, memory = 1491.53 (MB).
    Completing 30% with 82 violations.
    elapsed time = 00:00:01, memory = 1491.53 (MB).
    Completing 40% with 82 violations.
    elapsed time = 00:00:01, memory = 1491.53 (MB).
    Completing 50% with 82 violations.
    elapsed time = 00:00:01, memory = 1491.53 (MB).
    Completing 60% with 41 violations.
    elapsed time = 00:00:01, memory = 1491.53 (MB).
    Completing 70% with 41 violations.
    elapsed time = 00:00:02, memory = 1491.53 (MB).
    Completing 80% with 34 violations.
    elapsed time = 00:00:02, memory = 1491.53 (MB).
    Completing 90% with 34 violations.
    elapsed time = 00:00:02, memory = 1491.53 (MB).
    Completing 100% with 20 violations.
    elapsed time = 00:00:03, memory = 1491.53 (MB).
[INFO DRT-0199]   Number of violations = 20.
Viol/Layer        met1   met2
Short               19      1
[INFO DRT-0267] cpu time = 00:00:29, elapsed time = 00:00:03, memory = 1491.53 (MB), peak = 1492.57 (MB)
Total wire length = 132063 um.
Total wire length on LAYER li1 = 0 um.
Total wire length on LAYER met1 = 49866 um.
Total wire length on LAYER met2 = 59569 um.
Total wire length on LAYER met3 = 15234 um.
Total wire length on LAYER met4 = 7284 um.
Total wire length on LAYER met5 = 108 um.
Total number of vias = 27548.
Up-via summary (total 27548):

------------------------
 FR_MASTERSLICE        0
            li1    12112
           met1    13939
           met2     1224
           met3      267
           met4        6
------------------------
               27548


[INFO DRT-0195] Start 2nd optimization iteration.
    Completing 10% with 20 violations.
    elapsed time = 00:00:00, memory = 1491.53 (MB).
    Completing 20% with 20 violations.
    elapsed time = 00:00:00, memory = 1491.53 (MB).
    Completing 30% with 20 violations.
    elapsed time = 00:00:00, memory = 1491.53 (MB).
    Completing 40% with 16 violations.
    elapsed time = 00:00:00, memory = 1491.53 (MB).
    Completing 50% with 16 violations.
    elapsed time = 00:00:00, memory = 1491.53 (MB).
    Completing 60% with 7 violations.
    elapsed time = 00:00:01, memory = 1491.53 (MB).
    Completing 70% with 7 violations.
    elapsed time = 00:00:01, memory = 1491.53 (MB).
    Completing 80% with 7 violations.
    elapsed time = 00:00:02, memory = 1491.53 (MB).
    Completing 90% with 6 violations.
    elapsed time = 00:00:02, memory = 1491.53 (MB).
    Completing 100% with 4 violations.
    elapsed time = 00:00:02, memory = 1491.53 (MB).
[INFO DRT-0199]   Number of violations = 4.
Viol/Layer        met1
Short                4
[INFO DRT-0267] cpu time = 00:00:16, elapsed time = 00:00:02, memory = 1491.53 (MB), peak = 1523.62 (MB)
Total wire length = 132078 um.
Total wire length on LAYER li1 = 0 um.
Total wire length on LAYER met1 = 49895 um.
Total wire length on LAYER met2 = 59562 um.
Total wire length on LAYER met3 = 15227 um.
Total wire length on LAYER met4 = 7284 um.
Total wire length on LAYER met5 = 108 um.
Total number of vias = 27555.
Up-via summary (total 27555):

------------------------
 FR_MASTERSLICE        0
            li1    12113
           met1    13949
           met2     1220
           met3      267
           met4        6
------------------------
               27555


[INFO DRT-0195] Start 3rd guides tiles iteration.
    Completing 30% with 4 violations.
    elapsed time = 00:00:00, memory = 1491.53 (MB).
    Completing 60% with 4 violations.
    elapsed time = 00:00:00, memory = 1491.53 (MB).
    Completing 100% with 0 violations.
    elapsed time = 00:00:00, memory = 1491.53 (MB).
[INFO DRT-0199]   Number of violations = 0.
[INFO DRT-0267] cpu time = 00:00:05, elapsed time = 00:00:00, memory = 1491.53 (MB), peak = 1523.62 (MB)
Total wire length = 132070 um.
Total wire length on LAYER li1 = 0 um.
Total wire length on LAYER met1 = 49725 um.
Total wire length on LAYER met2 = 59561 um.
Total wire length on LAYER met3 = 15390 um.
Total wire length on LAYER met4 = 7284 um.
Total wire length on LAYER met5 = 108 um.
Total number of vias = 27555.
Up-via summary (total 27555):

------------------------
 FR_MASTERSLICE        0
            li1    12113
           met1    13945
           met2     1224
           met3      267
           met4        6
------------------------
               27555


[INFO DRT-0198] Complete detail routing.
Total wire length = 132070 um.
Total wire length on LAYER li1 = 0 um.
Total wire length on LAYER met1 = 49725 um.
Total wire length on LAYER met2 = 59561 um.
Total wire length on LAYER met3 = 15390 um.
Total wire length on LAYER met4 = 7284 um.
Total wire length on LAYER met5 = 108 um.
Total number of vias = 27555.
Up-via summary (total 27555):

------------------------
 FR_MASTERSLICE        0
            li1    12113
           met1    13945
           met2     1224
           met3      267
           met4        6
------------------------
               27555


[INFO DRT-0267] cpu time = 00:01:21, elapsed time = 00:00:09, memory = 1491.53 (MB), peak = 1523.62 (MB)

[INFO DRT-0180] Post processing.
+ check_antennas 
[INFO ANT-0002] Found 0 net violations.
[INFO ANT-0001] Found 0 pin violations.
Setting global connections for newly added cells…
[INFO] Setting global connections...
[INFO ODB-0403] 12 connections made, 0 conflicts skipped.
Updating metrics…
Cell type report:                       Count       Area
  Fill cell                               188     705.68
  Tap cell                                912    1141.09
  Antenna cell                              3       7.51
  Clock buffer                             68     935.90
  Timing Repair Buffer                    167    1886.81
  Inverter                                 67     256.50
  Clock inverter                           17     252.74
  Sequential cell                         416    8863.50
  Multi-Input combinational cell         2383   24415.92
  Total                                  4221   38465.64
Writing OpenROAD database to '/home/Ven/vscode/VRAI/runs/RUN_2026-07-30_11-04-56/45-openroad-detailedrouting/VRAI_SYNC_CORE.odb'…
Writing netlist to '/home/Ven/vscode/VRAI/runs/RUN_2026-07-30_11-04-56/45-openroad-detailedrouting/VRAI_SYNC_CORE.nl.v'…
Writing powered netlist to '/home/Ven/vscode/VRAI/runs/RUN_2026-07-30_11-04-56/45-openroad-detailedrouting/VRAI_SYNC_CORE.pnl.v'…
Writing layout to '/home/Ven/vscode/VRAI/runs/RUN_2026-07-30_11-04-56/45-openroad-detailedrouting/VRAI_SYNC_CORE.def'…
Writing timing constraints to '/home/Ven/vscode/VRAI/runs/RUN_2026-07-30_11-04-56/45-openroad-detailedrouting/VRAI_SYNC_CORE.sdc'…
