
===========================================================================
report_checks -unconstrained
===========================================================================
======================= max_ff_n40C_1v95 Corner ===================================

Startpoint: _5127_ (rising edge-triggered flip-flop clocked by CLK)
Endpoint: DEVICES_STRW (output port clocked by CLK)
Path Group: CLK
Path Type: max

Fanout         Cap        Slew       Delay        Time   Description
---------------------------------------------------------------------------------------------
                                  0.000000    0.000000   clock CLK (rise edge)
                                  0.000000    0.000000   clock source latency
     1    0.049901    0.000000    0.000000    0.000000 ^ CLK (in)
                                                         CLK (net)
                      0.003095    0.001547    0.001547 ^ clkbuf_0_CLK/A (sky130_fd_sc_hd__clkbuf_16)
     4    0.082890    0.077108    0.107347    0.108895 ^ clkbuf_0_CLK/X (sky130_fd_sc_hd__clkbuf_16)
                                                         clknet_0_CLK (net)
                      0.079694    0.011052    0.119946 ^ clkbuf_2_2__f_CLK/A (sky130_fd_sc_hd__clkbuf_16)
    11    0.111103    0.098488    0.143298    0.263244 ^ clkbuf_2_2__f_CLK/X (sky130_fd_sc_hd__clkbuf_16)
                                                         clknet_2_2__leaf_CLK (net)
                      0.099779    0.009008    0.272253 ^ clkbuf_leaf_9_CLK/A (sky130_fd_sc_hd__clkbuf_8)
    12    0.037938    0.059307    0.122734    0.394986 ^ clkbuf_leaf_9_CLK/X (sky130_fd_sc_hd__clkbuf_8)
                                                         clknet_leaf_9_CLK (net)
                      0.059447    0.001939    0.396925 ^ _5127_/CLK (sky130_fd_sc_hd__dfxtp_4)
    18    0.158533    0.334899    0.419387    0.816312 ^ _5127_/Q (sky130_fd_sc_hd__dfxtp_4)
                                                         _0008_ (net)
                      0.335312    0.009949    0.826261 ^ max_cap165/A (sky130_fd_sc_hd__buf_12)
    24    0.223673    0.195246    0.173147    0.999408 ^ max_cap165/X (sky130_fd_sc_hd__buf_12)
                                                         net165 (net)
                      0.200799    0.026219    1.025627 ^ max_cap164/A (sky130_fd_sc_hd__buf_12)
    24    0.223795    0.192840    0.163864    1.189491 ^ max_cap164/X (sky130_fd_sc_hd__buf_12)
                                                         net164 (net)
                      0.237579    0.071732    1.261222 ^ _2578_/S0 (sky130_fd_sc_hd__mux4_2)
     1    0.004738    0.062728    0.312209    1.573432 v _2578_/X (sky130_fd_sc_hd__mux4_2)
                                                         _0508_ (net)
                      0.062728    0.000322    1.573753 v _2579_/B (sky130_fd_sc_hd__or2_2)
     2    0.008031    0.047164    0.181249    1.755002 v _2579_/X (sky130_fd_sc_hd__or2_2)
                                                         _0509_ (net)
                      0.047164    0.000354    1.755356 v _2586_/A1 (sky130_fd_sc_hd__a22o_2)
     8    0.058347    0.111179    0.208859    1.964215 v _2586_/X (sky130_fd_sc_hd__a22o_2)
                                                         _0516_ (net)
                      0.111302    0.003083    1.967298 v _2587_/B (sky130_fd_sc_hd__and2_2)
     4    0.015478    0.046667    0.174115    2.141413 v _2587_/X (sky130_fd_sc_hd__and2_2)
                                                         _0517_ (net)
                      0.046692    0.000470    2.141883 v _2589_/A (sky130_fd_sc_hd__nor2_2)
     9    0.052870    0.409485    0.329324    2.471207 ^ _2589_/Y (sky130_fd_sc_hd__nor2_2)
                                                         _0519_ (net)
                      0.409530    0.003606    2.474813 ^ _2615_/A1 (sky130_fd_sc_hd__a21o_2)
     2    0.016189    0.069365    0.125969    2.600781 ^ _2615_/X (sky130_fd_sc_hd__a21o_2)
                                                         _0545_ (net)
                      0.069387    0.001185    2.601967 ^ _2621_/A1 (sky130_fd_sc_hd__a21bo_2)
     3    0.023146    0.099442    0.133911    2.735878 ^ _2621_/X (sky130_fd_sc_hd__a21bo_2)
                                                         _0551_ (net)
                      0.099550    0.002168    2.738046 ^ _2626_/A2 (sky130_fd_sc_hd__a31o_2)
     3    0.021374    0.099986    0.150922    2.888968 ^ _2626_/X (sky130_fd_sc_hd__a31o_2)
                                                         _0556_ (net)
                      0.100007    0.001437    2.890406 ^ _2631_/A1 (sky130_fd_sc_hd__a31o_2)
     4    0.046073    0.200287    0.215665    3.106071 ^ _2631_/X (sky130_fd_sc_hd__a31o_2)
                                                         _0561_ (net)
                      0.200403    0.003946    3.110016 ^ _2684_/D_N (sky130_fd_sc_hd__or4b_2)
     3    0.015483    0.097499    0.373926    3.483942 v _2684_/X (sky130_fd_sc_hd__or4b_2)
                                                         _0614_ (net)
                      0.097526    0.001480    3.485423 v _2690_/A1 (sky130_fd_sc_hd__a21o_2)
     4    0.015133    0.045930    0.164850    3.650273 v _2690_/X (sky130_fd_sc_hd__a21o_2)
                                                         _0620_ (net)
                      0.045955    0.000935    3.651208 v _2694_/A3 (sky130_fd_sc_hd__a311o_2)
     4    0.016996    0.065385    0.274945    3.926153 v _2694_/X (sky130_fd_sc_hd__a311o_2)
                                                         _0624_ (net)
                      0.065433    0.001021    3.927174 v _2696_/A2 (sky130_fd_sc_hd__a21bo_2)
     5    0.021267    0.055088    0.179451    4.106625 v _2696_/X (sky130_fd_sc_hd__a21bo_2)
                                                         _0626_ (net)
                      0.055176    0.001939    4.108563 v _2704_/C (sky130_fd_sc_hd__and3_2)
     2    0.018841    0.053346    0.169793    4.278356 v _2704_/X (sky130_fd_sc_hd__and3_2)
                                                         _0628_ (net)
                      0.053368    0.001061    4.279417 v _2705_/B (sky130_fd_sc_hd__and2_2)
     1    0.002923    0.026657    0.121644    4.401061 v _2705_/X (sky130_fd_sc_hd__and2_2)
                                                         net53 (net)
                      0.026657    0.000195    4.401256 v output53/A (sky130_fd_sc_hd__clkdlybuf4s25_1)
     1    0.051946    0.261883    0.337452    4.738708 v output53/X (sky130_fd_sc_hd__clkdlybuf4s25_1)
                                                         DEVICES_STRW (net)
                      0.261916    0.002895    4.741603 v DEVICES_STRW (out)
                                              4.741603   data arrival time

                                 26.000000   26.000000   clock CLK (rise edge)
                                  0.000000   26.000000   clock network delay (propagated)
                                  0.000000   26.000000   clock reconvergence pessimism
                                 -5.000000   20.999998   output external delay
                                             20.999998   data required time
---------------------------------------------------------------------------------------------
                                             20.999998   data required time
                                             -4.741603   data arrival time
---------------------------------------------------------------------------------------------
                                             16.258396   slack (MET)




===========================================================================
report_checks --slack_max -0.01
============================================================================
======================= max_ff_n40C_1v95 Corner ===================================

No paths found.


===========================================================================
 report_check_types -max_slew -max_cap -max_fanout -violators
============================================================================
======================= max_ff_n40C_1v95 Corner ===================================



===========================================================================
report_parasitic_annotation -report_unannotated
============================================================================
Found 40 unannotated drivers.
 clkload0/X
 clkload1/Y
 clkload10/X
 clkload11/X
 clkload12/X
 clkload13/X
 clkload14/Y
 clkload15/Y
 clkload16/Y
 clkload17/Y
 clkload18/Y
 clkload19/Y
 clkload2/Y
 clkload20/X
 clkload21/Y
 clkload22/Y
 clkload23/Y
 clkload24/Y
 clkload25/Y
 clkload26/X
 clkload27/X
 clkload28/X
 clkload29/X
 clkload3/Y
 clkload30/Y
 clkload31/X
 clkload32/Y
 clkload33/Y
 clkload34/X
 clkload35/X
 clkload36/X
 clkload37/X
 clkload38/X
 clkload39/Y
 clkload4/X
 clkload5/X
 clkload6/X
 clkload7/X
 clkload8/X
 clkload9/X
Found 0 partially unannotated drivers.

===========================================================================
max slew violation count 0
max fanout violation count 0
max cap violation count 0
============================================================================

===========================================================================
check_setup -verbose -unconstrained_endpoints -multiple_clock -no_clock -no_input_delay -loops -generated_clocks
===========================================================================
