Clock: CLK
Sources: CLK 
Generated: no
Virtual: yes
Propagated: no
Period: 26.000000

===========================================================================
report_clock_properties
============================================================================
Clock                   Period          Waveform
----------------------------------------------------
CLK                  26.000000    0.000000 13.000000

===========================================================================
report_clock_latency
============================================================================
Clock CLK
rise -> rise
    min     max
0.000000 0.000000 source latency
0.377839         network latency _5255_/CLK
        0.421414 network latency _5022_/CLK
---------------
0.377839 0.421414 latency
        0.043575 skew

fall -> fall
    min     max
0.000000 0.000000 source latency
0.375012         network latency _5255_/CLK
        0.407739 network latency _5022_/CLK
---------------
0.375012 0.407739 latency
        0.032727 skew



===========================================================================
report_clock_min_period
============================================================================
CLK period_min = 4.21 fmax = 237.31
