
===========================================================================
report_checks -unconstrained
===========================================================================
======================= nom_tt_025C_1v80 Corner ===================================

Startpoint: _5127_ (rising edge-triggered flip-flop clocked by CLK)
Endpoint: _5221_ (rising edge-triggered flip-flop clocked by CLK)
Path Group: CLK
Path Type: max

Fanout         Cap        Slew       Delay        Time   Description
---------------------------------------------------------------------------------------------
                                  0.000000    0.000000   clock CLK (rise edge)
                                  0.000000    0.000000   clock source latency
   416    1.040411    0.000000    0.000000    0.000000 ^ CLK (in)
                                                         CLK (net)
                      0.064640    0.032320    0.032320 ^ _5127_/CLK (sky130_fd_sc_hd__dfxtp_2)
    64    0.463990    2.289000    1.890582    1.922902 ^ _5127_/Q (sky130_fd_sc_hd__dfxtp_2)
                                                         _0008_ (net)
                      2.289030    0.007220    1.930122 ^ _2549_/S0 (sky130_fd_sc_hd__mux4_2)
     1    0.002237    0.084285    0.662722    2.592844 v _2549_/X (sky130_fd_sc_hd__mux4_2)
                                                         _0479_ (net)
                      0.084285    0.000006    2.592850 v _2550_/A1 (sky130_fd_sc_hd__mux2_1)
     1    0.006672    0.074104    0.328591    2.921441 v _2550_/X (sky130_fd_sc_hd__mux2_1)
                                                         _0480_ (net)
                      0.074104    0.000082    2.921524 v _2551_/B1 (sky130_fd_sc_hd__a22o_2)
    25    0.118269    0.279499    0.446108    3.367631 v _2551_/X (sky130_fd_sc_hd__a22o_2)
                                                         _0481_ (net)
                      0.279651    0.005690    3.373321 v _2554_/B (sky130_fd_sc_hd__or2_2)
     4    0.009066    0.071667    0.390315    3.763636 v _2554_/X (sky130_fd_sc_hd__or2_2)
                                                         _0484_ (net)
                      0.071667    0.000032    3.763668 v _2624_/B (sky130_fd_sc_hd__and2_2)
     4    0.015932    0.064518    0.234321    3.997989 v _2624_/X (sky130_fd_sc_hd__and2_2)
                                                         _0554_ (net)
                      0.064518    0.000002    3.997991 v _3775_/B (sky130_fd_sc_hd__or4_2)
     2    0.003990    0.105914    0.649458    4.647449 v _3775_/X (sky130_fd_sc_hd__or4_2)
                                                         _1335_ (net)
                      0.105914    0.000007    4.647455 v _3832_/A2 (sky130_fd_sc_hd__o31a_2)
     3    0.021449    0.093928    0.402055    5.049511 v _3832_/X (sky130_fd_sc_hd__o31a_2)
                                                         _1391_ (net)
                      0.093937    0.000998    5.050509 v _4109_/A2 (sky130_fd_sc_hd__a21oi_2)
     3    0.012385    0.175684    0.216124    5.266633 ^ _4109_/Y (sky130_fd_sc_hd__a21oi_2)
                                                         _1661_ (net)
                      0.175684    0.000119    5.266752 ^ _4125_/B (sky130_fd_sc_hd__nand2_2)
     2    0.009039    0.060600    0.090866    5.357617 v _4125_/Y (sky130_fd_sc_hd__nand2_2)
                                                         _1676_ (net)
                      0.060600    0.000020    5.357637 v _4144_/B (sky130_fd_sc_hd__nand2_2)
     3    0.011490    0.076158    0.094535    5.452171 ^ _4144_/Y (sky130_fd_sc_hd__nand2_2)
                                                         _1694_ (net)
                      0.076158    0.000066    5.452238 ^ _4172_/A2 (sky130_fd_sc_hd__a21o_2)
     2    0.004113    0.035810    0.125978    5.578216 ^ _4172_/X (sky130_fd_sc_hd__a21o_2)
                                                         _1721_ (net)
                      0.035810    0.000020    5.578235 ^ _4174_/A_N (sky130_fd_sc_hd__and3b_2)
     1    0.001765    0.035170    0.185147    5.763382 v _4174_/X (sky130_fd_sc_hd__and3b_2)
                                                         _1723_ (net)
                      0.035170    0.000004    5.763386 v _4185_/B (sky130_fd_sc_hd__or4b_2)
     1    0.003473    0.101898    0.626682    6.390068 v _4185_/X (sky130_fd_sc_hd__or4b_2)
                                                         _1734_ (net)
                      0.101898    0.000022    6.390090 v _4186_/D (sky130_fd_sc_hd__or4_2)
     1    0.005756    0.111413    0.569496    6.959586 v _4186_/X (sky130_fd_sc_hd__or4_2)
                                                         _1735_ (net)
                      0.111413    0.000061    6.959647 v _4187_/B2 (sky130_fd_sc_hd__o221a_2)
     1    0.002115    0.042325    0.241761    7.201408 v _4187_/X (sky130_fd_sc_hd__o221a_2)
                                                         _0369_ (net)
                      0.042325    0.000004    7.201412 v _5221_/D (sky130_fd_sc_hd__dfxtp_2)
                                              7.201412   data arrival time

                                 26.000000   26.000000   clock CLK (rise edge)
                                  0.000000   26.000000   clock source latency
   416    1.040411    0.000000    0.000000   26.000000 ^ CLK (in)
                                                         CLK (net)
                      0.014047    0.007024   26.007023 ^ _5221_/CLK (sky130_fd_sc_hd__dfxtp_2)
                                  0.000000   26.007023   clock reconvergence pessimism
                                 -0.118947   25.888077   library setup time
                                             25.888077   data required time
---------------------------------------------------------------------------------------------
                                             25.888077   data required time
                                             -7.201412   data arrival time
---------------------------------------------------------------------------------------------
                                             18.686665   slack (MET)




===========================================================================
report_checks --slack_max -0.01
============================================================================
======================= nom_tt_025C_1v80 Corner ===================================

No paths found.


===========================================================================
 report_check_types -max_slew -max_cap -max_fanout -violators
============================================================================
======================= nom_tt_025C_1v80 Corner ===================================

max slew

Pin                                        Limit        Slew       Slack
------------------------------------------------------------------------
_2750_/S0                               1.500000    2.303258   -0.803258 (VIOLATED)
_2723_/S0                               1.500000    2.303257   -0.803257 (VIOLATED)
_2714_/S0                               1.500000    2.303254   -0.803254 (VIOLATED)
_2732_/S0                               1.500000    2.303253   -0.803253 (VIOLATED)
_2741_/S0                               1.500000    2.303252   -0.803252 (VIOLATED)
_2742_/S0                               1.500000    2.303252   -0.803252 (VIOLATED)
_2751_/S0                               1.500000    2.303250   -0.803250 (VIOLATED)
_2715_/S0                               1.500000    2.303247   -0.803248 (VIOLATED)
_2724_/S0                               1.500000    2.303246   -0.803247 (VIOLATED)
_2768_/S0                               1.500000    2.303247   -0.803247 (VIOLATED)
_2733_/S0                               1.500000    2.303240   -0.803240 (VIOLATED)
_2769_/S0                               1.500000    2.303241   -0.803241 (VIOLATED)
_2822_/S0                               1.500000    2.303229   -0.803230 (VIOLATED)
_2778_/S0                               1.500000    2.303221   -0.803222 (VIOLATED)
_2777_/S0                               1.500000    2.303220   -0.803220 (VIOLATED)
_2851_/S0                               1.500000    2.303217   -0.803217 (VIOLATED)
_2849_/S0                               1.500000    2.303203   -0.803203 (VIOLATED)
_2813_/S0                               1.500000    2.303187   -0.803188 (VIOLATED)
_2814_/S0                               1.500000    2.303178   -0.803178 (VIOLATED)
_2796_/S0                               1.500000    2.303155   -0.803156 (VIOLATED)
_2759_/S0                               1.500000    2.303141   -0.803141 (VIOLATED)
_2760_/S0                               1.500000    2.303140   -0.803140 (VIOLATED)
_2746_/S0                               1.500000    2.303138   -0.803138 (VIOLATED)
_2795_/S0                               1.500000    2.303137   -0.803137 (VIOLATED)
_2853_/S0                               1.500000    2.303135   -0.803135 (VIOLATED)
_2854_/S0                               1.500000    2.303132   -0.803132 (VIOLATED)
_2827_/S0                               1.500000    2.303126   -0.803126 (VIOLATED)
_2825_/S0                               1.500000    2.303119   -0.803119 (VIOLATED)
_2804_/S0                               1.500000    2.303102   -0.803102 (VIOLATED)
_2805_/S0                               1.500000    2.303101   -0.803101 (VIOLATED)
_2823_/S0                               1.500000    2.303099   -0.803099 (VIOLATED)
_2787_/S0                               1.500000    2.303098   -0.803098 (VIOLATED)
_2786_/S0                               1.500000    2.303096   -0.803096 (VIOLATED)
_2840_/S0                               1.500000    2.303090   -0.803090 (VIOLATED)
_2845_/S0                               1.500000    2.303089   -0.803089 (VIOLATED)
_2841_/S0                               1.500000    2.303086   -0.803086 (VIOLATED)
_2744_/S0                               1.500000    2.303082   -0.803082 (VIOLATED)
_2753_/S0                               1.500000    2.303081   -0.803081 (VIOLATED)
_2831_/S0                               1.500000    2.303082   -0.803082 (VIOLATED)
_2763_/S0                               1.500000    2.303081   -0.803080 (VIOLATED)
_2833_/S0                               1.500000    2.303081   -0.803081 (VIOLATED)
_2755_/S0                               1.500000    2.303079   -0.803079 (VIOLATED)
_2771_/S0                               1.500000    2.303079   -0.803079 (VIOLATED)
_2764_/S0                               1.500000    2.303078   -0.803078 (VIOLATED)
_2773_/S0                               1.500000    2.303077   -0.803077 (VIOLATED)
_2726_/S0                               1.500000    2.303074   -0.803074 (VIOLATED)
_2782_/S0                               1.500000    2.303074   -0.803074 (VIOLATED)
_2843_/S0                               1.500000    2.303074   -0.803074 (VIOLATED)
_2780_/S0                               1.500000    2.303072   -0.803073 (VIOLATED)
_2728_/S0                               1.500000    2.303068   -0.803068 (VIOLATED)
_2717_/S0                               1.500000    2.303065   -0.803065 (VIOLATED)
_2719_/S0                               1.500000    2.303065   -0.803065 (VIOLATED)
_2809_/S0                               1.500000    2.303064   -0.803064 (VIOLATED)
_2807_/S0                               1.500000    2.303063   -0.803063 (VIOLATED)
_2817_/S0                               1.500000    2.303063   -0.803063 (VIOLATED)
_2818_/S0                               1.500000    2.303062   -0.803062 (VIOLATED)
_2799_/S0                               1.500000    2.303061   -0.803061 (VIOLATED)
_2836_/S0                               1.500000    2.303058   -0.803058 (VIOLATED)
_2735_/S0                               1.500000    2.303057   -0.803057 (VIOLATED)
_2737_/S0                               1.500000    2.303057   -0.803057 (VIOLATED)
_2835_/S0                               1.500000    2.303056   -0.803056 (VIOLATED)
_2800_/S0                               1.500000    2.303052   -0.803052 (VIOLATED)
_2791_/S0                               1.500000    2.303048   -0.803048 (VIOLATED)
_2789_/S0                               1.500000    2.303045   -0.803045 (VIOLATED)
_5135_/Q                                1.503529    2.303041   -0.799512 (VIOLATED)
_2555_/S0                               1.500000    2.289184   -0.789184 (VIOLATED)
_2590_/S0                               1.500000    2.289182   -0.789183 (VIOLATED)
_2578_/S0                               1.500000    2.289179   -0.789179 (VIOLATED)
_2603_/S0                               1.500000    2.289180   -0.789180 (VIOLATED)
_2605_/S0                               1.500000    2.289174   -0.789174 (VIOLATED)
_2592_/S0                               1.500000    2.289173   -0.789173 (VIOLATED)
_2580_/S0                               1.500000    2.289165   -0.789165 (VIOLATED)
_2568_/S0                               1.500000    2.289161   -0.789161 (VIOLATED)
_2569_/S0                               1.500000    2.289160   -0.789161 (VIOLATED)
_2556_/S0                               1.500000    2.289159   -0.789159 (VIOLATED)
_2671_/S0                               1.500000    2.289159   -0.789159 (VIOLATED)
_2533_/S0                               1.500000    2.289156   -0.789156 (VIOLATED)
_2523_/S0                               1.500000    2.289153   -0.789153 (VIOLATED)
_2672_/S0                               1.500000    2.289152   -0.789152 (VIOLATED)
_2522_/S0                               1.500000    2.289147   -0.789147 (VIOLATED)
_2509_/S0                               1.500000    2.289140   -0.789140 (VIOLATED)
_2544_/S0                               1.500000    2.289140   -0.789140 (VIOLATED)
_2545_/S0                               1.500000    2.289137   -0.789137 (VIOLATED)
_2572_/S0                               1.500000    2.289136   -0.789136 (VIOLATED)
_2573_/S0                               1.500000    2.289129   -0.789129 (VIOLATED)
_2534_/S0                               1.500000    2.289125   -0.789125 (VIOLATED)
_2508_/S0                               1.500000    2.289124   -0.789124 (VIOLATED)
_2646_/S0                               1.500000    2.289124   -0.789124 (VIOLATED)
_2470_/S0                               1.500000    2.289123   -0.789123 (VIOLATED)
_2471_/S0                               1.500000    2.289121   -0.789121 (VIOLATED)
_2648_/S0                               1.500000    2.289119   -0.789119 (VIOLATED)
_2658_/S0                               1.500000    2.289118   -0.789118 (VIOLATED)
_2474_/S0                               1.500000    2.289117   -0.789117 (VIOLATED)
_2659_/S0                               1.500000    2.289115   -0.789115 (VIOLATED)
_2632_/S0                               1.500000    2.289108   -0.789108 (VIOLATED)
_2483_/S0                               1.500000    2.289107   -0.789107 (VIOLATED)
_2476_/S0                               1.500000    2.289106   -0.789106 (VIOLATED)
_2484_/S0                               1.500000    2.289105   -0.789105 (VIOLATED)
_2634_/S0                               1.500000    2.289102   -0.789102 (VIOLATED)
_2512_/S0                               1.500000    2.289093   -0.789093 (VIOLATED)
_2498_/S0                               1.500000    2.289092   -0.789092 (VIOLATED)
_2496_/S0                               1.500000    2.289088   -0.789088 (VIOLATED)
_2513_/S0                               1.500000    2.289081   -0.789081 (VIOLATED)
_2488_/S0                               1.500000    2.289054   -0.789054 (VIOLATED)
_2487_/S0                               1.500000    2.289033   -0.789033 (VIOLATED)
_2559_/S0                               1.500000    2.289031   -0.789031 (VIOLATED)
_2560_/S0                               1.500000    2.289031   -0.789031 (VIOLATED)
_2537_/S0                               1.500000    2.289030   -0.789030 (VIOLATED)
_2548_/S0                               1.500000    2.289030   -0.789030 (VIOLATED)
_2549_/S0                               1.500000    2.289030   -0.789030 (VIOLATED)
_2538_/S0                               1.500000    2.289028   -0.789028 (VIOLATED)
_2526_/S0                               1.500000    2.289026   -0.789027 (VIOLATED)
_2594_/S0                               1.500000    2.289026   -0.789026 (VIOLATED)
_2527_/S0                               1.500000    2.289025   -0.789025 (VIOLATED)
_2607_/S0                               1.500000    2.289024   -0.789024 (VIOLATED)
_2608_/S0                               1.500000    2.289024   -0.789024 (VIOLATED)
_2675_/S0                               1.500000    2.289023   -0.789023 (VIOLATED)
_2595_/S0                               1.500000    2.289021   -0.789021 (VIOLATED)
_2676_/S0                               1.500000    2.289022   -0.789022 (VIOLATED)
_2637_/S0                               1.500000    2.289020   -0.789020 (VIOLATED)
_2501_/S0                               1.500000    2.289017   -0.789017 (VIOLATED)
_2662_/S0                               1.500000    2.289017   -0.789018 (VIOLATED)
_2663_/S0                               1.500000    2.289017   -0.789017 (VIOLATED)
_2500_/S0                               1.500000    2.289015   -0.789015 (VIOLATED)
_2582_/S0                               1.500000    2.289012   -0.789012 (VIOLATED)
_2583_/S0                               1.500000    2.289013   -0.789013 (VIOLATED)
_2636_/S0                               1.500000    2.289008   -0.789008 (VIOLATED)
_2651_/S0                               1.500000    2.289005   -0.789005 (VIOLATED)
_2650_/S0                               1.500000    2.289002   -0.789002 (VIOLATED)
_3605_/S0                               1.500000    2.287437   -0.787437 (VIOLATED)
_3517_/S0                               1.500000    2.287436   -0.787436 (VIOLATED)
_3507_/S0                               1.500000    2.287433   -0.787433 (VIOLATED)
_3526_/S0                               1.500000    2.287434   -0.787434 (VIOLATED)
_3525_/S0                               1.500000    2.287429   -0.787429 (VIOLATED)
_3516_/S0                               1.500000    2.287428   -0.787428 (VIOLATED)
_3508_/S0                               1.500000    2.287421   -0.787421 (VIOLATED)
_3679_/S0                               1.500000    2.287416   -0.787416 (VIOLATED)
_3681_/S0                               1.500000    2.287409   -0.787409 (VIOLATED)
_3497_/S0                               1.500000    2.287402   -0.787402 (VIOLATED)
_3499_/S0                               1.500000    2.287402   -0.787402 (VIOLATED)
_3607_/S0                               1.500000    2.287400   -0.787401 (VIOLATED)
_3591_/S0                               1.500000    2.287398   -0.787398 (VIOLATED)
_3635_/S0                               1.500000    2.287399   -0.787399 (VIOLATED)
_3716_/S0                               1.500000    2.287396   -0.787396 (VIOLATED)
_3717_/S0                               1.500000    2.287390   -0.787390 (VIOLATED)
_3728_/S0                               1.500000    2.287387   -0.787387 (VIOLATED)
_3593_/S0                               1.500000    2.287385   -0.787386 (VIOLATED)
_3633_/S0                               1.500000    2.287384   -0.787384 (VIOLATED)
_3704_/S0                               1.500000    2.287384   -0.787384 (VIOLATED)
_3727_/S0                               1.500000    2.287384   -0.787384 (VIOLATED)
_3646_/S0                               1.500000    2.287383   -0.787383 (VIOLATED)
_3644_/S0                               1.500000    2.287381   -0.787381 (VIOLATED)
_3706_/S0                               1.500000    2.287380   -0.787380 (VIOLATED)
_3669_/S0                               1.500000    2.287379   -0.787379 (VIOLATED)
_3502_/S0                               1.500000    2.287376   -0.787376 (VIOLATED)
_3667_/S0                               1.500000    2.287376   -0.787376 (VIOLATED)
_3692_/S0                               1.500000    2.287371   -0.787371 (VIOLATED)
_3657_/S0                               1.500000    2.287369   -0.787370 (VIOLATED)
_3655_/S0                               1.500000    2.287368   -0.787368 (VIOLATED)
_3649_/S0                               1.500000    2.287366   -0.787366 (VIOLATED)
_3694_/S0                               1.500000    2.287365   -0.787365 (VIOLATED)
_3648_/S0                               1.500000    2.287359   -0.787359 (VIOLATED)
_3621_/S0                               1.500000    2.287356   -0.787356 (VIOLATED)
_3622_/S0                               1.500000    2.287353   -0.787353 (VIOLATED)
_3501_/S0                               1.500000    2.287352   -0.787352 (VIOLATED)
_3609_/S0                               1.500000    2.287351   -0.787352 (VIOLATED)
_3610_/S0                               1.500000    2.287350   -0.787350 (VIOLATED)
_3638_/S0                               1.500000    2.287349   -0.787349 (VIOLATED)
_3595_/S0                               1.500000    2.287347   -0.787347 (VIOLATED)
_3637_/S0                               1.500000    2.287348   -0.787348 (VIOLATED)
_3731_/S0                               1.500000    2.287348   -0.787348 (VIOLATED)
_3732_/S0                               1.500000    2.287348   -0.787348 (VIOLATED)
_3596_/S0                               1.500000    2.287345   -0.787345 (VIOLATED)
_3529_/S0                               1.500000    2.287343   -0.787343 (VIOLATED)
_3521_/S0                               1.500000    2.287342   -0.787342 (VIOLATED)
_3530_/S0                               1.500000    2.287342   -0.787342 (VIOLATED)
_3721_/S0                               1.500000    2.287342   -0.787342 (VIOLATED)
_3683_/S0                               1.500000    2.287341   -0.787341 (VIOLATED)
_3684_/S0                               1.500000    2.287339   -0.787339 (VIOLATED)
_3720_/S0                               1.500000    2.287340   -0.787340 (VIOLATED)
_3520_/S0                               1.500000    2.287334   -0.787334 (VIOLATED)
_3511_/S0                               1.500000    2.287330   -0.787330 (VIOLATED)
_3659_/S0                               1.500000    2.287330   -0.787330 (VIOLATED)
_3671_/S0                               1.500000    2.287327   -0.787327 (VIOLATED)
_3672_/S0                               1.500000    2.287328   -0.787328 (VIOLATED)
_3697_/S0                               1.500000    2.287323   -0.787323 (VIOLATED)
_3512_/S0                               1.500000    2.287320   -0.787320 (VIOLATED)
_3660_/S0                               1.500000    2.287319   -0.787319 (VIOLATED)
_3696_/S0                               1.500000    2.287315   -0.787315 (VIOLATED)
_3626_/S0                               1.500000    2.287307   -0.787307 (VIOLATED)
_3625_/S0                               1.500000    2.287304   -0.787304 (VIOLATED)
_3708_/S0                               1.500000    2.287302   -0.787302 (VIOLATED)
_3709_/S0                               1.500000    2.287294   -0.787294 (VIOLATED)
_5127_/Q                                1.503529    2.289000   -0.785471 (VIOLATED)
_5131_/Q                                1.503529    2.287288   -0.783760 (VIOLATED)
_3229_/Y                                1.498388    1.561953   -0.063565 (VIOLATED)
_4859_/A2                               1.500000    1.561981   -0.061982 (VIOLATED)
_3240_/A2                               1.500000    1.561981   -0.061981 (VIOLATED)
_4860_/A2                               1.500000    1.561981   -0.061981 (VIOLATED)
_3242_/A2                               1.500000    1.561981   -0.061981 (VIOLATED)
_3329_/A2                               1.500000    1.561981   -0.061981 (VIOLATED)
_3327_/A2                               1.500000    1.561980   -0.061980 (VIOLATED)
_3236_/A2                               1.500000    1.561979   -0.061979 (VIOLATED)
_4865_/A2                               1.500000    1.561979   -0.061979 (VIOLATED)
_4866_/A2                               1.500000    1.561979   -0.061979 (VIOLATED)
_3238_/A2                               1.500000    1.561979   -0.061979 (VIOLATED)
_4863_/A2                               1.500000    1.561978   -0.061978 (VIOLATED)
_3232_/A2                               1.500000    1.561978   -0.061978 (VIOLATED)
_4864_/A2                               1.500000    1.561977   -0.061977 (VIOLATED)
_3234_/A2                               1.500000    1.561977   -0.061977 (VIOLATED)
_3320_/A3                               1.500000    1.561975   -0.061975 (VIOLATED)
_3321_/A3                               1.500000    1.561975   -0.061975 (VIOLATED)
_3319_/A2                               1.500000    1.561975   -0.061975 (VIOLATED)
_3323_/A2                               1.500000    1.561975   -0.061975 (VIOLATED)
_3325_/A2                               1.500000    1.561974   -0.061974 (VIOLATED)
_4867_/A2                               1.500000    1.561971   -0.061971 (VIOLATED)
_3248_/A2                               1.500000    1.561970   -0.061970 (VIOLATED)
_4861_/A2                               1.500000    1.561968   -0.061968 (VIOLATED)
_3250_/A2                               1.500000    1.561968   -0.061968 (VIOLATED)
_4868_/A2                               1.500000    1.561968   -0.061968 (VIOLATED)
_3244_/A2                               1.500000    1.561967   -0.061967 (VIOLATED)
_4862_/A2                               1.500000    1.561965   -0.061965 (VIOLATED)
_3246_/A2                               1.500000    1.561964   -0.061964 (VIOLATED)
_3254_/A2                               1.500000    1.561963   -0.061963 (VIOLATED)
_4870_/A2                               1.500000    1.561962   -0.061962 (VIOLATED)
_3252_/A2                               1.500000    1.561961   -0.061961 (VIOLATED)
_4869_/A2                               1.500000    1.561961   -0.061961 (VIOLATED)
_3333_/A2                               1.500000    1.561957   -0.061957 (VIOLATED)
_3339_/A2                               1.500000    1.561957   -0.061957 (VIOLATED)
_3335_/A2                               1.500000    1.561957   -0.061957 (VIOLATED)
_3331_/A2                               1.500000    1.561957   -0.061957 (VIOLATED)
_3337_/A2                               1.500000    1.561957   -0.061957 (VIOLATED)
_3230_/B                                1.500000    1.561956   -0.061956 (VIOLATED)
_3349_/A2                               1.500000    1.561955   -0.061956 (VIOLATED)
_3351_/A2                               1.500000    1.561955   -0.061955 (VIOLATED)
_3355_/A2                               1.500000    1.561955   -0.061955 (VIOLATED)
_3341_/A2                               1.500000    1.561955   -0.061955 (VIOLATED)
_3343_/A2                               1.500000    1.561955   -0.061955 (VIOLATED)
_3345_/A2                               1.500000    1.561955   -0.061955 (VIOLATED)
_3347_/A2                               1.500000    1.561955   -0.061955 (VIOLATED)
_3353_/A2                               1.500000    1.561953   -0.061953 (VIOLATED)
_2750_/S1                               1.500000    1.516405   -0.016405 (VIOLATED)
_2723_/S1                               1.500000    1.516405   -0.016405 (VIOLATED)
_2714_/S1                               1.500000    1.516403   -0.016403 (VIOLATED)
_2732_/S1                               1.500000    1.516403   -0.016403 (VIOLATED)
_2741_/S1                               1.500000    1.516402   -0.016402 (VIOLATED)
_2742_/S1                               1.500000    1.516401   -0.016401 (VIOLATED)
_2751_/S1                               1.500000    1.516400   -0.016400 (VIOLATED)
_2715_/S1                               1.500000    1.516399   -0.016399 (VIOLATED)
_2724_/S1                               1.500000    1.516399   -0.016399 (VIOLATED)
_2768_/S1                               1.500000    1.516399   -0.016399 (VIOLATED)
_2769_/S1                               1.500000    1.516395   -0.016395 (VIOLATED)
_2733_/S1                               1.500000    1.516394   -0.016395 (VIOLATED)
_2822_/S1                               1.500000    1.516388   -0.016388 (VIOLATED)
_2778_/S1                               1.500000    1.516383   -0.016383 (VIOLATED)
_2777_/S1                               1.500000    1.516382   -0.016383 (VIOLATED)
_2851_/S1                               1.500000    1.516381   -0.016381 (VIOLATED)
_2849_/S1                               1.500000    1.516372   -0.016372 (VIOLATED)
_2813_/S1                               1.500000    1.516363   -0.016363 (VIOLATED)
_2814_/S1                               1.500000    1.516357   -0.016357 (VIOLATED)
_2796_/S1                               1.500000    1.516344   -0.016344 (VIOLATED)
_2759_/S1                               1.500000    1.516338   -0.016338 (VIOLATED)
_2760_/S1                               1.500000    1.516337   -0.016337 (VIOLATED)
_2744_/S1                               1.500000    1.516337   -0.016337 (VIOLATED)
_2746_/S1                               1.500000    1.516336   -0.016336 (VIOLATED)
_2853_/S1                               1.500000    1.516333   -0.016333 (VIOLATED)
_2795_/S1                               1.500000    1.516333   -0.016333 (VIOLATED)
_2854_/S1                               1.500000    1.516331   -0.016331 (VIOLATED)
_2827_/S1                               1.500000    1.516327   -0.016327 (VIOLATED)
_2825_/S1                               1.500000    1.516322   -0.016322 (VIOLATED)
_2804_/S1                               1.500000    1.516312   -0.016312 (VIOLATED)
_2805_/S1                               1.500000    1.516311   -0.016311 (VIOLATED)
_2823_/S1                               1.500000    1.516310   -0.016310 (VIOLATED)
_2787_/S1                               1.500000    1.516309   -0.016309 (VIOLATED)
_2786_/S1                               1.500000    1.516308   -0.016308 (VIOLATED)
_2840_/S1                               1.500000    1.516305   -0.016305 (VIOLATED)
_2845_/S1                               1.500000    1.516305   -0.016305 (VIOLATED)
_2841_/S1                               1.500000    1.516303   -0.016303 (VIOLATED)
_2753_/S1                               1.500000    1.516302   -0.016302 (VIOLATED)
_2763_/S1                               1.500000    1.516302   -0.016302 (VIOLATED)
_2755_/S1                               1.500000    1.516302   -0.016302 (VIOLATED)
_2764_/S1                               1.500000    1.516301   -0.016301 (VIOLATED)
_2831_/S1                               1.500000    1.516300   -0.016301 (VIOLATED)
_2833_/S1                               1.500000    1.516300   -0.016300 (VIOLATED)
_2717_/S1                               1.500000    1.516300   -0.016300 (VIOLATED)
_2719_/S1                               1.500000    1.516299   -0.016299 (VIOLATED)
_2809_/S1                               1.500000    1.516297   -0.016297 (VIOLATED)
_2843_/S1                               1.500000    1.516296   -0.016296 (VIOLATED)
_2807_/S1                               1.500000    1.516295   -0.016296 (VIOLATED)
_2817_/S1                               1.500000    1.516294   -0.016294 (VIOLATED)
_2735_/S1                               1.500000    1.516294   -0.016294 (VIOLATED)
_2771_/S1                               1.500000    1.516292   -0.016293 (VIOLATED)
_2773_/S1                               1.500000    1.516292   -0.016292 (VIOLATED)
_2782_/S1                               1.500000    1.516292   -0.016292 (VIOLATED)
_2726_/S1                               1.500000    1.516292   -0.016292 (VIOLATED)
_2799_/S1                               1.500000    1.516292   -0.016292 (VIOLATED)
_2780_/S1                               1.500000    1.516292   -0.016292 (VIOLATED)
_2728_/S1                               1.500000    1.516291   -0.016291 (VIOLATED)
_2818_/S1                               1.500000    1.516289   -0.016290 (VIOLATED)
_2836_/S1                               1.500000    1.516289   -0.016289 (VIOLATED)
_2737_/S1                               1.500000    1.516288   -0.016288 (VIOLATED)
_2835_/S1                               1.500000    1.516287   -0.016287 (VIOLATED)
_2800_/S1                               1.500000    1.516287   -0.016287 (VIOLATED)
_2791_/S1                               1.500000    1.516286   -0.016286 (VIOLATED)
_2789_/S1                               1.500000    1.516285   -0.016285 (VIOLATED)
_5136_/Q                                1.503529    1.516282   -0.012754 (VIOLATED)
_2462_/Y                                1.496087    1.504801   -0.008714 (VIOLATED)
_4240_/B                                1.500000    1.507747   -0.007747 (VIOLATED)
_4241_/B                                1.500000    1.507747   -0.007747 (VIOLATED)
_4293_/A2                               1.500000    1.507747   -0.007747 (VIOLATED)
_4264_/B                                1.500000    1.507746   -0.007746 (VIOLATED)
_4451_/A2                               1.500000    1.507746   -0.007746 (VIOLATED)
_4263_/B                                1.500000    1.507746   -0.007746 (VIOLATED)
_4147_/B                                1.500000    1.507745   -0.007745 (VIOLATED)
_4290_/A2                               1.500000    1.507745   -0.007745 (VIOLATED)
_4448_/S                                1.500000    1.507745   -0.007745 (VIOLATED)
_4294_/A2                               1.500000    1.507744   -0.007744 (VIOLATED)
_4449_/S                                1.500000    1.507744   -0.007744 (VIOLATED)
_4099_/A2                               1.500000    1.507742   -0.007742 (VIOLATED)
_4148_/A2                               1.500000    1.507742   -0.007742 (VIOLATED)
_4193_/S                                1.500000    1.507742   -0.007742 (VIOLATED)
_4179_/S                                1.500000    1.507742   -0.007742 (VIOLATED)
_4291_/S                                1.500000    1.507742   -0.007742 (VIOLATED)
_4220_/S                                1.500000    1.507742   -0.007742 (VIOLATED)
_4128_/A2                               1.500000    1.507741   -0.007741 (VIOLATED)
_4127_/B                                1.500000    1.507740   -0.007741 (VIOLATED)
_4080_/A2                               1.500000    1.507740   -0.007740 (VIOLATED)
_4440_/A2                               1.500000    1.507740   -0.007740 (VIOLATED)
_4098_/B                                1.500000    1.507739   -0.007739 (VIOLATED)
_4047_/S                                1.500000    1.507738   -0.007738 (VIOLATED)
_4305_/A2                               1.500000    1.507738   -0.007738 (VIOLATED)
_4439_/A2                               1.500000    1.507738   -0.007738 (VIOLATED)
_4079_/B                                1.500000    1.507736   -0.007736 (VIOLATED)
_4028_/A2                               1.500000    1.507735   -0.007735 (VIOLATED)
_4027_/B                                1.500000    1.507713   -0.007713 (VIOLATED)
_4442_/A2                               1.500000    1.507713   -0.007713 (VIOLATED)
_3991_/S                                1.500000    1.507712   -0.007712 (VIOLATED)
_3974_/S                                1.500000    1.507710   -0.007710 (VIOLATED)
_3879_/B                                1.500000    1.507708   -0.007708 (VIOLATED)
_3880_/A2                               1.500000    1.507708   -0.007708 (VIOLATED)
_3758_/B                                1.500000    1.507707   -0.007707 (VIOLATED)
_4443_/A2                               1.500000    1.507707   -0.007707 (VIOLATED)
_3938_/B                                1.500000    1.507705   -0.007705 (VIOLATED)
_3939_/A2                               1.500000    1.507705   -0.007705 (VIOLATED)
_4306_/S                                1.500000    1.507705   -0.007705 (VIOLATED)
_4313_/S                                1.500000    1.507705   -0.007705 (VIOLATED)
_4314_/A2                               1.500000    1.507705   -0.007705 (VIOLATED)
_2555_/S1                               1.500000    1.506146   -0.006146 (VIOLATED)
_2590_/S1                               1.500000    1.506145   -0.006145 (VIOLATED)
_2603_/S1                               1.500000    1.506143   -0.006143 (VIOLATED)
_2578_/S1                               1.500000    1.506143   -0.006143 (VIOLATED)
_2605_/S1                               1.500000    1.506140   -0.006140 (VIOLATED)
_2592_/S1                               1.500000    1.506139   -0.006139 (VIOLATED)
_2580_/S1                               1.500000    1.506134   -0.006134 (VIOLATED)
_2568_/S1                               1.500000    1.506131   -0.006131 (VIOLATED)
_2569_/S1                               1.500000    1.506131   -0.006131 (VIOLATED)
_2671_/S1                               1.500000    1.506130   -0.006130 (VIOLATED)
_2556_/S1                               1.500000    1.506130   -0.006130 (VIOLATED)
_2533_/S1                               1.500000    1.506128   -0.006128 (VIOLATED)
_2523_/S1                               1.500000    1.506126   -0.006126 (VIOLATED)
_2672_/S1                               1.500000    1.506125   -0.006126 (VIOLATED)
_2522_/S1                               1.500000    1.506122   -0.006122 (VIOLATED)
_2509_/S1                               1.500000    1.506117   -0.006118 (VIOLATED)
_2544_/S1                               1.500000    1.506117   -0.006117 (VIOLATED)
_2545_/S1                               1.500000    1.506115   -0.006115 (VIOLATED)
_2572_/S1                               1.500000    1.506115   -0.006115 (VIOLATED)
_2573_/S1                               1.500000    1.506111   -0.006111 (VIOLATED)
_2534_/S1                               1.500000    1.506108   -0.006108 (VIOLATED)
_2646_/S1                               1.500000    1.506107   -0.006107 (VIOLATED)
_2508_/S1                               1.500000    1.506107   -0.006107 (VIOLATED)
_2470_/S1                               1.500000    1.506106   -0.006106 (VIOLATED)
_2471_/S1                               1.500000    1.506105   -0.006105 (VIOLATED)
_2648_/S1                               1.500000    1.506104   -0.006104 (VIOLATED)
_2658_/S1                               1.500000    1.506103   -0.006103 (VIOLATED)
_2474_/S1                               1.500000    1.506102   -0.006102 (VIOLATED)
_2659_/S1                               1.500000    1.506101   -0.006101 (VIOLATED)
_2632_/S1                               1.500000    1.506097   -0.006097 (VIOLATED)
_2483_/S1                               1.500000    1.506096   -0.006096 (VIOLATED)
_2476_/S1                               1.500000    1.506095   -0.006095 (VIOLATED)
_2484_/S1                               1.500000    1.506094   -0.006095 (VIOLATED)
_2634_/S1                               1.500000    1.506093   -0.006093 (VIOLATED)
_2512_/S1                               1.500000    1.506086   -0.006086 (VIOLATED)
_2498_/S1                               1.500000    1.506086   -0.006086 (VIOLATED)
_2496_/S1                               1.500000    1.506083   -0.006084 (VIOLATED)
_2513_/S1                               1.500000    1.506079   -0.006079 (VIOLATED)
_2488_/S1                               1.500000    1.506061   -0.006061 (VIOLATED)
_2487_/S1                               1.500000    1.506047   -0.006047 (VIOLATED)
_2559_/S1                               1.500000    1.506045   -0.006045 (VIOLATED)
_2560_/S1                               1.500000    1.506045   -0.006045 (VIOLATED)
_2548_/S1                               1.500000    1.506045   -0.006045 (VIOLATED)
_2549_/S1                               1.500000    1.506045   -0.006045 (VIOLATED)
_2537_/S1                               1.500000    1.506044   -0.006044 (VIOLATED)
_2538_/S1                               1.500000    1.506043   -0.006043 (VIOLATED)
_2526_/S1                               1.500000    1.506042   -0.006042 (VIOLATED)
_2594_/S1                               1.500000    1.506042   -0.006042 (VIOLATED)
_2527_/S1                               1.500000    1.506042   -0.006042 (VIOLATED)
_2607_/S1                               1.500000    1.506041   -0.006041 (VIOLATED)
_2608_/S1                               1.500000    1.506041   -0.006041 (VIOLATED)
_2675_/S1                               1.500000    1.506040   -0.006040 (VIOLATED)
_2676_/S1                               1.500000    1.506040   -0.006040 (VIOLATED)
_2595_/S1                               1.500000    1.506039   -0.006039 (VIOLATED)
_2637_/S1                               1.500000    1.506038   -0.006038 (VIOLATED)
_2501_/S1                               1.500000    1.506037   -0.006037 (VIOLATED)
_2662_/S1                               1.500000    1.506037   -0.006037 (VIOLATED)
_2663_/S1                               1.500000    1.506036   -0.006036 (VIOLATED)
_2500_/S1                               1.500000    1.506035   -0.006035 (VIOLATED)
_2583_/S1                               1.500000    1.506034   -0.006034 (VIOLATED)
_2582_/S1                               1.500000    1.506033   -0.006033 (VIOLATED)
_2636_/S1                               1.500000    1.506031   -0.006031 (VIOLATED)
_2651_/S1                               1.500000    1.506028   -0.006029 (VIOLATED)
_2650_/S1                               1.500000    1.506027   -0.006027 (VIOLATED)
_2463_/B                                1.500000    1.504801   -0.004801 (VIOLATED)
_2896_/B2                               1.500000    1.504801   -0.004801 (VIOLATED)
_2905_/B2                               1.500000    1.504801   -0.004801 (VIOLATED)
_2908_/B1                               1.500000    1.504801   -0.004801 (VIOLATED)
_2911_/B2                               1.500000    1.504801   -0.004801 (VIOLATED)
_2914_/B1                               1.500000    1.504801   -0.004801 (VIOLATED)
_2917_/B2                               1.500000    1.504801   -0.004801 (VIOLATED)
_2921_/B1                               1.500000    1.504801   -0.004801 (VIOLATED)
_2924_/B1                               1.500000    1.504801   -0.004801 (VIOLATED)
_2927_/B2                               1.500000    1.504801   -0.004801 (VIOLATED)
_2930_/B2                               1.500000    1.504801   -0.004801 (VIOLATED)
_2934_/B1                               1.500000    1.504801   -0.004801 (VIOLATED)
_2937_/B1                               1.500000    1.504801   -0.004801 (VIOLATED)
_2940_/B1                               1.500000    1.504801   -0.004801 (VIOLATED)
_2944_/B1                               1.500000    1.504801   -0.004801 (VIOLATED)
_2947_/B1                               1.500000    1.504801   -0.004801 (VIOLATED)
_2950_/B2                               1.500000    1.504801   -0.004801 (VIOLATED)
_3362_/B1                               1.500000    1.504801   -0.004801 (VIOLATED)
_4854_/A                                1.500000    1.504801   -0.004801 (VIOLATED)
_3605_/S1                               1.500000    1.504162   -0.004162 (VIOLATED)
_3517_/S1                               1.500000    1.504161   -0.004162 (VIOLATED)
_3526_/S1                               1.500000    1.504160   -0.004160 (VIOLATED)
_3507_/S1                               1.500000    1.504160   -0.004160 (VIOLATED)
_3525_/S1                               1.500000    1.504157   -0.004157 (VIOLATED)
_3516_/S1                               1.500000    1.504156   -0.004156 (VIOLATED)
_3508_/S1                               1.500000    1.504152   -0.004152 (VIOLATED)
_3679_/S1                               1.500000    1.504148   -0.004148 (VIOLATED)
_3681_/S1                               1.500000    1.504144   -0.004144 (VIOLATED)
_3497_/S1                               1.500000    1.504139   -0.004139 (VIOLATED)
_3499_/S1                               1.500000    1.504139   -0.004139 (VIOLATED)
_3607_/S1                               1.500000    1.504138   -0.004138 (VIOLATED)
_3635_/S1                               1.500000    1.504137   -0.004137 (VIOLATED)
_3591_/S1                               1.500000    1.504137   -0.004137 (VIOLATED)
_3716_/S1                               1.500000    1.504135   -0.004135 (VIOLATED)
_3717_/S1                               1.500000    1.504131   -0.004131 (VIOLATED)
_3728_/S1                               1.500000    1.504129   -0.004129 (VIOLATED)
_3593_/S1                               1.500000    1.504129   -0.004129 (VIOLATED)
_3704_/S1                               1.500000    1.504128   -0.004128 (VIOLATED)
_3633_/S1                               1.500000    1.504128   -0.004128 (VIOLATED)
_3727_/S1                               1.500000    1.504127   -0.004127 (VIOLATED)
_3646_/S1                               1.500000    1.504127   -0.004127 (VIOLATED)
_3644_/S1                               1.500000    1.504126   -0.004126 (VIOLATED)
_3706_/S1                               1.500000    1.504125   -0.004125 (VIOLATED)
_3669_/S1                               1.500000    1.504124   -0.004124 (VIOLATED)
_3667_/S1                               1.500000    1.504123   -0.004123 (VIOLATED)
_3502_/S1                               1.500000    1.504122   -0.004122 (VIOLATED)
_3692_/S1                               1.500000    1.504119   -0.004119 (VIOLATED)
_3657_/S1                               1.500000    1.504118   -0.004118 (VIOLATED)
_3655_/S1                               1.500000    1.504117   -0.004117 (VIOLATED)
_3649_/S1                               1.500000    1.504116   -0.004116 (VIOLATED)
_3694_/S1                               1.500000    1.504116   -0.004116 (VIOLATED)
_3648_/S1                               1.500000    1.504111   -0.004111 (VIOLATED)
_3621_/S1                               1.500000    1.504110   -0.004110 (VIOLATED)
_3622_/S1                               1.500000    1.504108   -0.004108 (VIOLATED)
_3501_/S1                               1.500000    1.504106   -0.004106 (VIOLATED)
_3609_/S1                               1.500000    1.504106   -0.004106 (VIOLATED)
_3610_/S1                               1.500000    1.504105   -0.004105 (VIOLATED)
_3638_/S1                               1.500000    1.504104   -0.004104 (VIOLATED)
_3731_/S1                               1.500000    1.504104   -0.004104 (VIOLATED)
_3637_/S1                               1.500000    1.504104   -0.004104 (VIOLATED)
_3732_/S1                               1.500000    1.504103   -0.004103 (VIOLATED)
_3595_/S1                               1.500000    1.504103   -0.004103 (VIOLATED)
_3596_/S1                               1.500000    1.504102   -0.004102 (VIOLATED)
_3529_/S1                               1.500000    1.504101   -0.004101 (VIOLATED)
_3530_/S1                               1.500000    1.504100   -0.004100 (VIOLATED)
_3721_/S1                               1.500000    1.504100   -0.004100 (VIOLATED)
_3521_/S1                               1.500000    1.504100   -0.004100 (VIOLATED)
_3683_/S1                               1.500000    1.504099   -0.004099 (VIOLATED)
_3720_/S1                               1.500000    1.504099   -0.004099 (VIOLATED)
_3684_/S1                               1.500000    1.504098   -0.004098 (VIOLATED)
_3520_/S1                               1.500000    1.504095   -0.004095 (VIOLATED)
_3659_/S1                               1.500000    1.504093   -0.004093 (VIOLATED)
_3511_/S1                               1.500000    1.504092   -0.004092 (VIOLATED)
_3672_/S1                               1.500000    1.504091   -0.004091 (VIOLATED)
_3671_/S1                               1.500000    1.504090   -0.004090 (VIOLATED)
_3697_/S1                               1.500000    1.504088   -0.004088 (VIOLATED)
_3512_/S1                               1.500000    1.504086   -0.004086 (VIOLATED)
_3660_/S1                               1.500000    1.504086   -0.004086 (VIOLATED)
_3696_/S1                               1.500000    1.504083   -0.004083 (VIOLATED)
_3626_/S1                               1.500000    1.504078   -0.004078 (VIOLATED)
_3625_/S1                               1.500000    1.504076   -0.004076 (VIOLATED)
_3708_/S1                               1.500000    1.504074   -0.004074 (VIOLATED)
_3709_/S1                               1.500000    1.504070   -0.004070 (VIOLATED)
_3757_/X                                1.504232    1.507705   -0.003473 (VIOLATED)
_5128_/Q                                1.503529    1.506025   -0.002496 (VIOLATED)
_5132_/Q                                1.503529    1.504066   -0.000537 (VIOLATED)

max capacitance

Pin                                        Limit         Cap       Slack
------------------------------------------------------------------------
_5135_/Q                                0.303049    0.466835   -0.163786 (VIOLATED)
_5127_/Q                                0.303049    0.463990   -0.160941 (VIOLATED)
_5131_/Q                                0.303049    0.463674   -0.160625 (VIOLATED)
_3229_/Y                                0.141917    0.150622   -0.008705 (VIOLATED)
_5136_/Q                                0.303049    0.306938   -0.003889 (VIOLATED)
_5128_/Q                                0.303049    0.304852   -0.001803 (VIOLATED)
_2462_/Y                                0.065012    0.066698   -0.001686 (VIOLATED)
_3757_/X                                0.173045    0.174672   -0.001627 (VIOLATED)
_5132_/Q                                0.303049    0.304474   -0.001425 (VIOLATED)



===========================================================================
report_parasitic_annotation -report_unannotated
============================================================================
Found 0 unannotated drivers.
Found 0 partially unannotated drivers.

===========================================================================
max slew violation count 497
Writing metric design__max_slew_violation__count__corner:nom_tt_025C_1v80: 497
max fanout violation count 0
Writing metric design__max_fanout_violation__count__corner:nom_tt_025C_1v80: 0
max cap violation count 9
Writing metric design__max_cap_violation__count__corner:nom_tt_025C_1v80: 9
============================================================================

===========================================================================
check_setup -verbose -unconstrained_endpoints -multiple_clock -no_clock -no_input_delay -loops -generated_clocks
===========================================================================
Warning: There are 49 input ports missing set_input_delay.
  INSTR_STREAM[0]
  INSTR_STREAM[10]
  INSTR_STREAM[11]
  INSTR_STREAM[12]
  INSTR_STREAM[13]
  INSTR_STREAM[14]
  INSTR_STREAM[15]
  INSTR_STREAM[16]
  INSTR_STREAM[17]
  INSTR_STREAM[18]
  INSTR_STREAM[19]
  INSTR_STREAM[1]
  INSTR_STREAM[20]
  INSTR_STREAM[21]
  INSTR_STREAM[22]
  INSTR_STREAM[23]
  INSTR_STREAM[24]
  INSTR_STREAM[25]
  INSTR_STREAM[26]
  INSTR_STREAM[27]
  INSTR_STREAM[28]
  INSTR_STREAM[29]
  INSTR_STREAM[2]
  INSTR_STREAM[30]
  INSTR_STREAM[31]
  INSTR_STREAM[3]
  INSTR_STREAM[4]
  INSTR_STREAM[5]
  INSTR_STREAM[6]
  INSTR_STREAM[7]
  INSTR_STREAM[8]
  INSTR_STREAM[9]
  MEM_LD_DATA[0]
  MEM_LD_DATA[10]
  MEM_LD_DATA[11]
  MEM_LD_DATA[12]
  MEM_LD_DATA[13]
  MEM_LD_DATA[14]
  MEM_LD_DATA[15]
  MEM_LD_DATA[1]
  MEM_LD_DATA[2]
  MEM_LD_DATA[3]
  MEM_LD_DATA[4]
  MEM_LD_DATA[5]
  MEM_LD_DATA[6]
  MEM_LD_DATA[7]
  MEM_LD_DATA[8]
  MEM_LD_DATA[9]
  RESET
Warning: There are 58 unconstrained endpoints.
  DEVICES_LDH
  DEVICES_LDW
  DEVICES_STRH
  DEVICES_STRW
  EX_HALT
  INSTR_ADDR[0]
  INSTR_ADDR[10]
  INSTR_ADDR[11]
  INSTR_ADDR[12]
  INSTR_ADDR[13]
  INSTR_ADDR[14]
  INSTR_ADDR[15]
  INSTR_ADDR[1]
  INSTR_ADDR[2]
  INSTR_ADDR[3]
  INSTR_ADDR[4]
  INSTR_ADDR[5]
  INSTR_ADDR[6]
  INSTR_ADDR[7]
  INSTR_ADDR[8]
  INSTR_ADDR[9]
  INVALID_MEM
  MAIN_LDH
  MAIN_LDW
  MAIN_STRH
  MAIN_STRW
  MEM_ADDR[0]
  MEM_ADDR[10]
  MEM_ADDR[11]
  MEM_ADDR[12]
  MEM_ADDR[13]
  MEM_ADDR[14]
  MEM_ADDR[15]
  MEM_ADDR[1]
  MEM_ADDR[2]
  MEM_ADDR[3]
  MEM_ADDR[4]
  MEM_ADDR[5]
  MEM_ADDR[6]
  MEM_ADDR[7]
  MEM_ADDR[8]
  MEM_ADDR[9]
  MEM_STR_DATA[0]
  MEM_STR_DATA[10]
  MEM_STR_DATA[11]
  MEM_STR_DATA[12]
  MEM_STR_DATA[13]
  MEM_STR_DATA[14]
  MEM_STR_DATA[15]
  MEM_STR_DATA[1]
  MEM_STR_DATA[2]
  MEM_STR_DATA[3]
  MEM_STR_DATA[4]
  MEM_STR_DATA[5]
  MEM_STR_DATA[6]
  MEM_STR_DATA[7]
  MEM_STR_DATA[8]
  MEM_STR_DATA[9]
