Clock: CLK
Sources: CLK 
Generated: no
Virtual: yes
Propagated: no
Period: 26.000000

===========================================================================
report_clock_properties
============================================================================
Clock                   Period          Waveform
----------------------------------------------------
CLK                  26.000000    0.000000 13.000000

===========================================================================
report_clock_latency
============================================================================
Clock CLK
rise -> rise
    min     max
0.000000 0.000000 source latency
0.002616         network latency _5164_/CLK
        0.048752 network latency _4875_/CLK
---------------
0.002616 0.048752 latency
        0.046136 skew

fall -> fall
    min     max
0.000000 0.000000 source latency
0.002429         network latency _5164_/CLK
        0.045229 network latency _4875_/CLK
---------------
0.002429 0.045229 latency
        0.042800 skew



===========================================================================
report_clock_min_period
============================================================================
CLK period_min = 7.31 fmax = 136.74
