
===========================================================================
report_checks -unconstrained
===========================================================================
======================= max_ss_100C_1v60 Corner ===================================

Startpoint: _5127_ (rising edge-triggered flip-flop clocked by CLK)
Endpoint: DEVICES_STRW (output port clocked by CLK)
Path Group: CLK
Path Type: max

Fanout         Cap        Slew       Delay        Time   Description
---------------------------------------------------------------------------------------------
                                  0.000000    0.000000   clock CLK (rise edge)
                                  0.000000    0.000000   clock source latency
     1    0.048470    0.000000    0.000000    0.000000 ^ CLK (in)
                                                         CLK (net)
                      0.006319    0.003159    0.003159 ^ clkbuf_0_CLK/A (sky130_fd_sc_hd__clkbuf_16)
     4    0.076968    0.144118    0.260876    0.264035 ^ clkbuf_0_CLK/X (sky130_fd_sc_hd__clkbuf_16)
                                                         clknet_0_CLK (net)
                      0.144367    0.003903    0.267939 ^ clkbuf_2_2__f_CLK/A (sky130_fd_sc_hd__clkbuf_16)
    11    0.108299    0.187678    0.356815    0.624754 ^ clkbuf_2_2__f_CLK/X (sky130_fd_sc_hd__clkbuf_16)
                                                         clknet_2_2__leaf_CLK (net)
                      0.188020    0.005619    0.630373 ^ clkbuf_leaf_9_CLK/A (sky130_fd_sc_hd__clkbuf_8)
    11    0.033213    0.113431    0.318693    0.949066 ^ clkbuf_leaf_9_CLK/X (sky130_fd_sc_hd__clkbuf_8)
                                                         clknet_leaf_9_CLK (net)
                      0.113504    0.002551    0.951617 ^ _5127_/CLK (sky130_fd_sc_hd__dfxtp_4)
    18    0.150065    0.668671    1.145588    2.097205 ^ _5127_/Q (sky130_fd_sc_hd__dfxtp_4)
                                                         _0008_ (net)
                      0.669239    0.011146    2.108351 ^ max_cap165/A (sky130_fd_sc_hd__buf_12)
    24    0.210270    0.381062    0.599773    2.708124 ^ max_cap165/X (sky130_fd_sc_hd__buf_12)
                                                         net165 (net)
                      0.383301    0.024203    2.732327 ^ max_cap164/A (sky130_fd_sc_hd__buf_12)
    24    0.212267    0.384847    0.505816    3.238143 ^ max_cap164/X (sky130_fd_sc_hd__buf_12)
                                                         net164 (net)
                      0.396684    0.053459    3.291602 ^ _2578_/S0 (sky130_fd_sc_hd__mux4_2)
     1    0.003673    0.149721    1.207402    4.499004 v _2578_/X (sky130_fd_sc_hd__mux4_2)
                                                         _0508_ (net)
                      0.149721    0.000302    4.499306 v _2579_/B (sky130_fd_sc_hd__or2_2)
     2    0.007776    0.137435    0.693974    5.193280 v _2579_/X (sky130_fd_sc_hd__or2_2)
                                                         _0509_ (net)
                      0.137435    0.000338    5.193618 v _2586_/A1 (sky130_fd_sc_hd__a22o_2)
     8    0.060762    0.291960    0.692449    5.886067 v _2586_/X (sky130_fd_sc_hd__a22o_2)
                                                         _0516_ (net)
                      0.291989    0.003325    5.889392 v _2587_/B (sky130_fd_sc_hd__and2_2)
     4    0.015502    0.125233    0.575565    6.464958 v _2587_/X (sky130_fd_sc_hd__and2_2)
                                                         _0517_ (net)
                      0.125233    0.000518    6.465476 v _2589_/A (sky130_fd_sc_hd__nor2_2)
     9    0.053604    0.941112    0.797949    7.263425 ^ _2589_/Y (sky130_fd_sc_hd__nor2_2)
                                                         _0519_ (net)
                      0.941169    0.006254    7.269679 ^ _2615_/A1 (sky130_fd_sc_hd__a21o_2)
     2    0.016067    0.154438    0.596807    7.866487 ^ _2615_/X (sky130_fd_sc_hd__a21o_2)
                                                         _0545_ (net)
                      0.154445    0.001203    7.867690 ^ _2621_/A1 (sky130_fd_sc_hd__a21bo_2)
     3    0.023453    0.212613    0.400330    8.268021 ^ _2621_/X (sky130_fd_sc_hd__a21bo_2)
                                                         _0551_ (net)
                      0.212629    0.002033    8.270053 ^ _2626_/A2 (sky130_fd_sc_hd__a31o_2)
     3    0.021183    0.215406    0.495554    8.765607 ^ _2626_/X (sky130_fd_sc_hd__a31o_2)
                                                         _0556_ (net)
                      0.215419    0.001929    8.767536 ^ _2631_/A1 (sky130_fd_sc_hd__a31o_2)
     4    0.041708    0.383990    0.606504    9.374041 ^ _2631_/X (sky130_fd_sc_hd__a31o_2)
                                                         _0561_ (net)
                      0.384020    0.003641    9.377681 ^ _2684_/D_N (sky130_fd_sc_hd__or4b_2)
     3    0.015683    0.311102    1.655890   11.033571 v _2684_/X (sky130_fd_sc_hd__or4b_2)
                                                         _0614_ (net)
                      0.311102    0.001185   11.034756 v _2690_/A1 (sky130_fd_sc_hd__a21o_2)
     4    0.015567    0.116063    0.513328   11.548083 v _2690_/X (sky130_fd_sc_hd__a21o_2)
                                                         _0620_ (net)
                      0.116073    0.001123   11.549207 v _2694_/A3 (sky130_fd_sc_hd__a311o_2)
     4    0.016824    0.164917    0.837537   12.386744 v _2694_/X (sky130_fd_sc_hd__a311o_2)
                                                         _0624_ (net)
                      0.164922    0.001041   12.387785 v _2696_/A2 (sky130_fd_sc_hd__a21bo_2)
     5    0.019742    0.130860    0.507751   12.895535 v _2696_/X (sky130_fd_sc_hd__a21bo_2)
                                                         _0626_ (net)
                      0.130881    0.001672   12.897207 v _2704_/C (sky130_fd_sc_hd__and3_2)
     2    0.019882    0.143872    0.558563   13.455770 v _2704_/X (sky130_fd_sc_hd__and3_2)
                                                         _0628_ (net)
                      0.143880    0.001282   13.457052 v _2705_/B (sky130_fd_sc_hd__and2_2)
     1    0.003032    0.071129    0.427841   13.884892 v _2705_/X (sky130_fd_sc_hd__and2_2)
                                                         net53 (net)
                      0.071129    0.000200   13.885093 v output53/A (sky130_fd_sc_hd__clkdlybuf4s25_1)
     1    0.051946    0.691832    0.934127   14.819220 v output53/X (sky130_fd_sc_hd__clkdlybuf4s25_1)
                                                         DEVICES_STRW (net)
                      0.691837    0.002898   14.822117 v DEVICES_STRW (out)
                                             14.822117   data arrival time

                                 26.000000   26.000000   clock CLK (rise edge)
                                  0.000000   26.000000   clock network delay (propagated)
                                  0.000000   26.000000   clock reconvergence pessimism
                                 -5.000000   20.999998   output external delay
                                             20.999998   data required time
---------------------------------------------------------------------------------------------
                                             20.999998   data required time
                                            -14.822117   data arrival time
---------------------------------------------------------------------------------------------
                                              6.177882   slack (MET)




===========================================================================
report_checks --slack_max -0.01
============================================================================
======================= max_ss_100C_1v60 Corner ===================================

No paths found.


===========================================================================
 report_check_types -max_slew -max_cap -max_fanout -violators
============================================================================
======================= max_ss_100C_1v60 Corner ===================================

max slew

Pin                                        Limit        Slew       Slack
------------------------------------------------------------------------
_2440_/Y                                1.496266    1.518055   -0.021789 (VIOLATED)
_4591_/A1_N                             1.500000    1.518269   -0.018269 (VIOLATED)
_2698_/A                                1.500000    1.518256   -0.018256 (VIOLATED)
_2703_/A                                1.500000    1.518250   -0.018250 (VIOLATED)
_4667_/A1                               1.500000    1.518210   -0.018210 (VIOLATED)
_4617_/A1_N                             1.500000    1.518199   -0.018199 (VIOLATED)
_4684_/A1                               1.500000    1.518137   -0.018137 (VIOLATED)
_4561_/A1                               1.500000    1.518101   -0.018101 (VIOLATED)
_4547_/A1_N                             1.500000    1.518070   -0.018070 (VIOLATED)
_3562_/A                                1.500000    1.518062   -0.018062 (VIOLATED)

max capacitance

Pin                                        Limit         Cap       Slack
------------------------------------------------------------------------
_2440_/Y                                0.086070    0.087871   -0.001801 (VIOLATED)



===========================================================================
report_parasitic_annotation -report_unannotated
============================================================================
Found 38 unannotated drivers.
 clkload0/X
 clkload1/Y
 clkload10/X
 clkload11/X
 clkload12/X
 clkload13/X
 clkload14/Y
 clkload15/Y
 clkload16/Y
 clkload17/Y
 clkload18/Y
 clkload19/Y
 clkload2/Y
 clkload20/X
 clkload21/Y
 clkload22/Y
 clkload23/Y
 clkload24/Y
 clkload25/Y
 clkload26/X
 clkload27/X
 clkload28/X
 clkload29/Y
 clkload3/Y
 clkload30/Y
 clkload31/X
 clkload32/X
 clkload33/X
 clkload34/X
 clkload35/X
 clkload36/X
 clkload37/Y
 clkload4/X
 clkload5/X
 clkload6/X
 clkload7/X
 clkload8/X
 clkload9/X
Found 0 partially unannotated drivers.

===========================================================================
max slew violation count 10
max fanout violation count 0
max cap violation count 1
============================================================================

===========================================================================
check_setup -verbose -unconstrained_endpoints -multiple_clock -no_clock -no_input_delay -loops -generated_clocks
===========================================================================
