Clock: CLK
Sources: CLK 
Generated: no
Virtual: yes
Propagated: no
Period: 26.000000

===========================================================================
report_clock_properties
============================================================================
Clock                   Period          Waveform
----------------------------------------------------
CLK                  26.000000    0.000000 13.000000

===========================================================================
report_clock_latency
============================================================================
Clock CLK
rise -> rise
    min     max
0.000000 0.000000 source latency
0.910817         network latency _5243_/CLK
        1.002627 network latency _5057_/CLK
---------------
0.910817 1.002627 latency
        0.091810 skew

fall -> fall
    min     max
0.000000 0.000000 source latency
0.917048         network latency _5243_/CLK
        0.984143 network latency _5021_/CLK
---------------
0.917048 0.984143 latency
        0.067096 skew



===========================================================================
report_clock_min_period
============================================================================
CLK period_min = 14.34 fmax = 69.76
