
===========================================================================
 report_power
============================================================================
======================= max_ss_100C_1v60 Corner ===================================

Group                    Internal    Switching      Leakage        Total
                            Power        Power        Power        Power (Watts)
------------------------------------------------------------------------
Sequential           5.033241e-04 3.971527e-05 6.234266e-06 5.492736e-04  40.4%
Combinational        1.490680e-04 2.034379e-04 1.270719e-05 3.652131e-04  26.9%
Clock                2.449723e-04 1.976343e-04 9.611094e-07 4.435677e-04  32.7%
Macro                0.000000e+00 0.000000e+00 0.000000e+00 0.000000e+00   0.0%
Pad                  0.000000e+00 0.000000e+00 0.000000e+00 0.000000e+00   0.0%
------------------------------------------------------------------------
Total                8.973649e-04 4.407873e-04 1.990241e-05 1.358055e-03 100.0%
                            66.1%        32.5%         1.5%

