Clock: CLK
Sources: CLK 
Generated: no
Virtual: yes
Propagated: no
Period: 250.000000

===========================================================================
report_clock_properties
============================================================================
Clock                   Period          Waveform
----------------------------------------------------
CLK                 250.000000    0.000000125.000000

===========================================================================
report_clock_latency
============================================================================
Clock CLK
rise -> rise
    min     max
0.000000 0.000000 source latency
1.401962         network latency _5004_/CLK
        1.444427 network latency _5170_/CLK
---------------
1.401962 1.444427 latency
        0.042465 skew

fall -> fall
    min     max
0.000000 0.000000 source latency
1.228940         network latency _5004_/CLK
        1.260972 network latency _5170_/CLK
---------------
1.228940 1.260972 latency
        0.032031 skew



===========================================================================
report_clock_min_period
============================================================================
CLK period_min = 19.74 fmax = 50.67
