Reading timing models for corner max_ss_100C_1v60…
Reading timing library for the 'max_ss_100C_1v60' corner at '/root/.ciel/ciel/sky130/versions/8afc8346a57fe1ab7934ba5a6056ea8b43078e71/sky130A/libs.ref/sky130_fd_sc_hd/lib/sky130_fd_sc_hd__ss_100C_1v60.lib'…
Reading OpenROAD database at '/home/Ven/vscode/VRAI/runs/RUN_2026-07-28_12-39-10/43-openroad-repairantennas/1-openroad-diodeinsertion/VRAI_SYNC_CORE.odb'…
Reading design constraints file at '/home/Ven/vscode/VRAI/constraints/vrai_pnr.sdc'…
[INFO] No information on clock propagation in input SDC file-- propagating all clocks.
[INFO ORD-0030] Using 16 thread(s).
+ detailed_route -droute_end_iter 64 -or_seed 42 -verbose 1 -output_drc /home/Ven/vscode/VRAI/runs/RUN_2026-07-28_12-39-10/45-openroad-detailedrouting/drt-run-0/VRAI_SYNC_CORE.drc
[INFO DRT-0149] Reading tech and libs.
[WARNING DRT-0349] LEF58_ENCLOSURE with no CUTCLASS is not supported. Skipping for layer mcon
[WARNING DRT-0349] LEF58_ENCLOSURE with no CUTCLASS is not supported. Skipping for layer mcon
[WARNING DRT-0349] LEF58_ENCLOSURE with no CUTCLASS is not supported. Skipping for layer via
[WARNING DRT-0349] LEF58_ENCLOSURE with no CUTCLASS is not supported. Skipping for layer via
[WARNING DRT-0349] LEF58_ENCLOSURE with no CUTCLASS is not supported. Skipping for layer via2
[WARNING DRT-0349] LEF58_ENCLOSURE with no CUTCLASS is not supported. Skipping for layer via2
[WARNING DRT-0349] LEF58_ENCLOSURE with no CUTCLASS is not supported. Skipping for layer via3
[WARNING DRT-0349] LEF58_ENCLOSURE with no CUTCLASS is not supported. Skipping for layer via3
[WARNING DRT-0349] LEF58_ENCLOSURE with no CUTCLASS is not supported. Skipping for layer via4
[WARNING DRT-0349] LEF58_ENCLOSURE with no CUTCLASS is not supported. Skipping for layer via4

Units:                1000
Number of layers:     13
Number of macros:     445
Number of vias:       29
Number of viarulegen: 25

[INFO DRT-0150] Reading design.

Design:                   VRAI_SYNC_CORE
Die area:                 ( 0 0 ) ( 269360 280080 )
Number of track patterns: 12
Number of DEF vias:       0
Number of components:     4221
Number of terminals:      110
Number of snets:          2
Number of nets:           3130

[INFO DRT-0167] List of default vias:
  Layer via
    default via: M1M2_PR
  Layer via2
    default via: M2M3_PR
  Layer via3
    default via: M3M4_PR
  Layer via4
    default via: M4M5_PR
[INFO DRT-0162] Library cell analysis.
[INFO DRT-0163] Instance analysis.
[INFO DRT-0164] Number of unique instances = 147.
[INFO DRT-0168] Init region query.
[INFO DRT-0024]   Complete FR_MASTERSLICE.
[INFO DRT-0024]   Complete licon.
[INFO DRT-0024]   Complete li1.
[INFO DRT-0024]   Complete mcon.
[INFO DRT-0024]   Complete met1.
[INFO DRT-0024]   Complete via.
[INFO DRT-0024]   Complete met2.
[INFO DRT-0024]   Complete via2.
[INFO DRT-0024]   Complete met3.
[INFO DRT-0024]   Complete via3.
[INFO DRT-0024]   Complete met4.
[INFO DRT-0024]   Complete via4.
[INFO DRT-0024]   Complete met5.
[INFO DRT-0033] FR_MASTERSLICE shape region query size = 0.
[INFO DRT-0033] licon shape region query size = 0.
[INFO DRT-0033] li1 shape region query size = 110654.
[INFO DRT-0033] mcon shape region query size = 0.
[INFO DRT-0033] met1 shape region query size = 15410.
[INFO DRT-0033] via shape region query size = 950.
[INFO DRT-0033] met2 shape region query size = 629.
[INFO DRT-0033] via2 shape region query size = 760.
[INFO DRT-0033] met3 shape region query size = 619.
[INFO DRT-0033] via3 shape region query size = 760.
[INFO DRT-0033] met4 shape region query size = 206.
[INFO DRT-0033] via4 shape region query size = 8.
[INFO DRT-0033] met5 shape region query size = 16.
[INFO DRT-0165] Start pin access.
[INFO DRT-0076]   Complete 1000 pins.
[INFO DRT-0078]   Complete 1162 pins.
[INFO DRT-0079]   Complete 100 unique inst patterns.
[INFO DRT-0081]   Complete 147 unique inst patterns.
[INFO DRT-0084]   Complete 2092 groups.
#scanned instances     = 4221
#unique  instances     = 147
#stdCellGenAp          = 4135
#stdCellValidPlanarAp  = 42
#stdCellValidViaAp     = 3238
#stdCellPinNoAp        = 0
#stdCellPinCnt         = 12130
#instTermValidViaApCnt = 0
#macroGenAp            = 0
#macroValidPlanarAp    = 0
#macroValidViaAp       = 0
#macroNoAp             = 0
[INFO DRT-0166] Complete pin access.
[INFO DRT-0267] cpu time = 00:02:41, elapsed time = 00:00:11, memory = 157.51 (MB), peak = 156.36 (MB)

[INFO DRT-0157] Number of guides:     29521

[INFO DRT-0169] Post process guides.
[INFO DRT-0176] GCELLGRID X 0 DO 39 STEP 6900 ;
[INFO DRT-0177] GCELLGRID Y 0 DO 40 STEP 6900 ;
[INFO DRT-0028]   Complete FR_MASTERSLICE.
[INFO DRT-0028]   Complete licon.
[INFO DRT-0028]   Complete li1.
[INFO DRT-0028]   Complete mcon.
[INFO DRT-0028]   Complete met1.
[INFO DRT-0028]   Complete via.
[INFO DRT-0028]   Complete met2.
[INFO DRT-0028]   Complete via2.
[INFO DRT-0028]   Complete met3.
[INFO DRT-0028]   Complete via3.
[INFO DRT-0028]   Complete met4.
[INFO DRT-0028]   Complete via4.
[INFO DRT-0028]   Complete met5.
[INFO DRT-0178] Init guide query.
[INFO DRT-0035]   Complete FR_MASTERSLICE (guide).
[INFO DRT-0035]   Complete licon (guide).
[INFO DRT-0035]   Complete li1 (guide).
[INFO DRT-0035]   Complete mcon (guide).
[INFO DRT-0035]   Complete met1 (guide).
[INFO DRT-0035]   Complete via (guide).
[INFO DRT-0035]   Complete met2 (guide).
[INFO DRT-0035]   Complete via2 (guide).
[INFO DRT-0035]   Complete met3 (guide).
[INFO DRT-0035]   Complete via3 (guide).
[INFO DRT-0035]   Complete met4 (guide).
[INFO DRT-0035]   Complete via4 (guide).
[INFO DRT-0035]   Complete met5 (guide).
[INFO DRT-0036] FR_MASTERSLICE guide region query size = 0.
[INFO DRT-0036] licon guide region query size = 0.
[INFO DRT-0036] li1 guide region query size = 9899.
[INFO DRT-0036] mcon guide region query size = 0.
[INFO DRT-0036] met1 guide region query size = 9114.
[INFO DRT-0036] via guide region query size = 0.
[INFO DRT-0036] met2 guide region query size = 4949.
[INFO DRT-0036] via2 guide region query size = 0.
[INFO DRT-0036] met3 guide region query size = 466.
[INFO DRT-0036] via3 guide region query size = 0.
[INFO DRT-0036] met4 guide region query size = 90.
[INFO DRT-0036] via4 guide region query size = 0.
[INFO DRT-0036] met5 guide region query size = 3.
[INFO DRT-0179] Init gr pin query.
[INFO DRT-0267] cpu time = 00:00:00, elapsed time = 00:00:00, memory = 167.25 (MB), peak = 165.90 (MB)
[INFO DRT-0245] skipped writing guide updates to database.
[INFO DRT-0185] Post process initialize RPin region query.
[INFO DRT-0181] Start track assignment.
[INFO DRT-0184] Done with 14938 vertical wires in 1 frboxes and 9583 horizontal wires in 1 frboxes.
[INFO DRT-0186] Done with 1840 vertical wires in 1 frboxes and 3152 horizontal wires in 1 frboxes.
[INFO DRT-0182] Complete track assignment.
[INFO DRT-0267] cpu time = 00:00:07, elapsed time = 00:00:01, memory = 228.48 (MB), peak = 227.09 (MB)
[INFO DRT-0187] Start routing data preparation.
[INFO DRT-0267] cpu time = 00:00:00, elapsed time = 00:00:00, memory = 228.48 (MB), peak = 227.09 (MB)
[INFO DRT-0194] Start detail routing.
[INFO DRT-0195] Start 0th optimization iteration.
    Completing 10% with 0 violations.
    elapsed time = 00:00:02, memory = 444.23 (MB).
    Completing 20% with 0 violations.
    elapsed time = 00:00:04, memory = 376.60 (MB).
    Completing 30% with 480 violations.
    elapsed time = 00:00:07, memory = 555.08 (MB).
    Completing 40% with 480 violations.
    elapsed time = 00:00:09, memory = 553.54 (MB).
    Completing 50% with 480 violations.
    elapsed time = 00:00:10, memory = 505.98 (MB).
    Completing 60% with 898 violations.
    elapsed time = 00:00:12, memory = 596.30 (MB).
    Completing 70% with 898 violations.
    elapsed time = 00:00:15, memory = 624.05 (MB).
    Completing 80% with 1270 violations.
    elapsed time = 00:00:16, memory = 692.25 (MB).
    Completing 90% with 1270 violations.
    elapsed time = 00:00:19, memory = 703.78 (MB).
    Completing 100% with 1720 violations.
    elapsed time = 00:00:23, memory = 673.79 (MB).
[INFO DRT-0199]   Number of violations = 1953.
Viol/Layer         li1   met1    via   met2   met3
Metal Spacing        0    299      0     64      2
Recheck              2    170      0     59      2
Short                0   1174      1    176      4
[INFO DRT-0267] cpu time = 00:01:53, elapsed time = 00:00:23, memory = 980.70 (MB), peak = 979.33 (MB)
Total wire length = 137106 um.
Total wire length on LAYER li1 = 0 um.
Total wire length on LAYER met1 = 56986 um.
Total wire length on LAYER met2 = 62472 um.
Total wire length on LAYER met3 = 12395 um.
Total wire length on LAYER met4 = 5141 um.
Total wire length on LAYER met5 = 110 um.
Total number of vias = 27585.
Up-via summary (total 27585):

------------------------
 FR_MASTERSLICE        0
            li1    12082
           met1    14487
           met2      854
           met3      156
           met4        6
------------------------
               27585


[INFO DRT-0195] Start 1st optimization iteration.
    Completing 10% with 1953 violations.
    elapsed time = 00:00:01, memory = 1110.53 (MB).
    Completing 20% with 1953 violations.
    elapsed time = 00:00:04, memory = 1134.53 (MB).
    Completing 30% with 1801 violations.
    elapsed time = 00:00:06, memory = 1196.57 (MB).
    Completing 40% with 1801 violations.
    elapsed time = 00:00:08, memory = 1221.61 (MB).
    Completing 50% with 1801 violations.
    elapsed time = 00:00:09, memory = 1221.61 (MB).
    Completing 60% with 1593 violations.
    elapsed time = 00:00:11, memory = 1255.86 (MB).
    Completing 70% with 1593 violations.
    elapsed time = 00:00:14, memory = 1268.80 (MB).
    Completing 80% with 1301 violations.
    elapsed time = 00:00:18, memory = 1266.25 (MB).
    Completing 90% with 1301 violations.
    elapsed time = 00:00:19, memory = 1277.62 (MB).
    Completing 100% with 1035 violations.
    elapsed time = 00:00:22, memory = 1278.42 (MB).
[INFO DRT-0199]   Number of violations = 1035.
Viol/Layer        met1   met2
Metal Spacing      135     37
Short              785     78
[INFO DRT-0267] cpu time = 00:01:46, elapsed time = 00:00:22, memory = 1281.42 (MB), peak = 1280.02 (MB)
Total wire length = 136122 um.
Total wire length on LAYER li1 = 0 um.
Total wire length on LAYER met1 = 56276 um.
Total wire length on LAYER met2 = 62120 um.
Total wire length on LAYER met3 = 12401 um.
Total wire length on LAYER met4 = 5207 um.
Total wire length on LAYER met5 = 117 um.
Total number of vias = 27496.
Up-via summary (total 27496):

------------------------
 FR_MASTERSLICE        0
            li1    12095
           met1    14365
           met2      866
           met3      164
           met4        6
------------------------
               27496


[INFO DRT-0195] Start 2nd optimization iteration.
    Completing 10% with 1035 violations.
    elapsed time = 00:00:00, memory = 1281.42 (MB).
    Completing 20% with 1035 violations.
    elapsed time = 00:00:00, memory = 1308.28 (MB).
    Completing 30% with 1035 violations.
    elapsed time = 00:00:04, memory = 1308.28 (MB).
    Completing 40% with 1095 violations.
    elapsed time = 00:00:04, memory = 1308.79 (MB).
    Completing 50% with 1095 violations.
    elapsed time = 00:00:07, memory = 1310.07 (MB).
    Completing 60% with 1196 violations.
    elapsed time = 00:00:10, memory = 1310.07 (MB).
    Completing 70% with 1196 violations.
    elapsed time = 00:00:12, memory = 1342.03 (MB).
    Completing 80% with 1196 violations.
    elapsed time = 00:00:16, memory = 1310.07 (MB).
    Completing 90% with 1149 violations.
    elapsed time = 00:00:19, memory = 1327.38 (MB).
    Completing 100% with 1193 violations.
    elapsed time = 00:00:22, memory = 1334.21 (MB).
[INFO DRT-0199]   Number of violations = 1193.
Viol/Layer        mcon   met1   met2
Cut Spacing          1      0      0
Metal Spacing        0    190     57
Short                0    875     70
[INFO DRT-0267] cpu time = 00:01:48, elapsed time = 00:00:22, memory = 1334.21 (MB), peak = 1342.81 (MB)
Total wire length = 135925 um.
Total wire length on LAYER li1 = 0 um.
Total wire length on LAYER met1 = 56349 um.
Total wire length on LAYER met2 = 61959 um.
Total wire length on LAYER met3 = 12337 um.
Total wire length on LAYER met4 = 5173 um.
Total wire length on LAYER met5 = 106 um.
Total number of vias = 27357.
Up-via summary (total 27357):

------------------------
 FR_MASTERSLICE        0
            li1    12077
           met1    14256
           met2      860
           met3      158
           met4        6
------------------------
               27357


[INFO DRT-0195] Start 3rd optimization iteration.
    Completing 10% with 1193 violations.
    elapsed time = 00:00:01, memory = 1356.48 (MB).
    Completing 20% with 1193 violations.
    elapsed time = 00:00:03, memory = 1374.46 (MB).
    Completing 30% with 872 violations.
    elapsed time = 00:00:06, memory = 1366.45 (MB).
    Completing 40% with 872 violations.
    elapsed time = 00:00:07, memory = 1366.73 (MB).
    Completing 50% with 872 violations.
    elapsed time = 00:00:08, memory = 1367.11 (MB).
    Completing 60% with 660 violations.
    elapsed time = 00:00:09, memory = 1373.58 (MB).
    Completing 70% with 660 violations.
    elapsed time = 00:00:10, memory = 1384.06 (MB).
    Completing 80% with 317 violations.
    elapsed time = 00:00:11, memory = 1384.38 (MB).
    Completing 90% with 317 violations.
    elapsed time = 00:00:12, memory = 1388.38 (MB).
    Completing 100% with 43 violations.
    elapsed time = 00:00:13, memory = 1388.38 (MB).
[INFO DRT-0199]   Number of violations = 43.
Viol/Layer        met1   met2
Metal Spacing       13      4
Short               26      0
[INFO DRT-0267] cpu time = 00:01:03, elapsed time = 00:00:13, memory = 1388.38 (MB), peak = 1386.86 (MB)
Total wire length = 135790 um.
Total wire length on LAYER li1 = 0 um.
Total wire length on LAYER met1 = 52584 um.
Total wire length on LAYER met2 = 61757 um.
Total wire length on LAYER met3 = 15875 um.
Total wire length on LAYER met4 = 5466 um.
Total wire length on LAYER met5 = 106 um.
Total number of vias = 27918.
Up-via summary (total 27918):

------------------------
 FR_MASTERSLICE        0
            li1    12068
           met1    14267
           met2     1385
           met3      192
           met4        6
------------------------
               27918


[INFO DRT-0195] Start 4th guides tiles iteration.
    Completing 10% with 43 violations.
    elapsed time = 00:00:00, memory = 1477.46 (MB).
    Completing 20% with 43 violations.
    elapsed time = 00:00:00, memory = 1477.46 (MB).
    Completing 30% with 43 violations.
    elapsed time = 00:00:00, memory = 1477.46 (MB).
    Completing 40% with 43 violations.
    elapsed time = 00:00:00, memory = 1477.46 (MB).
    Completing 50% with 43 violations.
    elapsed time = 00:00:02, memory = 1388.44 (MB).
    Completing 60% with 2 violations.
    elapsed time = 00:00:02, memory = 1388.44 (MB).
    Completing 70% with 2 violations.
    elapsed time = 00:00:02, memory = 1388.44 (MB).
    Completing 80% with 2 violations.
    elapsed time = 00:00:02, memory = 1388.44 (MB).
    Completing 90% with 2 violations.
    elapsed time = 00:00:02, memory = 1388.44 (MB).
    Completing 100% with 2 violations.
    elapsed time = 00:00:02, memory = 1388.44 (MB).
[INFO DRT-0199]   Number of violations = 2.
Viol/Layer        met1
Short                2
[INFO DRT-0267] cpu time = 00:00:08, elapsed time = 00:00:02, memory = 1388.44 (MB), peak = 1478.05 (MB)
Total wire length = 135760 um.
Total wire length on LAYER li1 = 0 um.
Total wire length on LAYER met1 = 52451 um.
Total wire length on LAYER met2 = 61739 um.
Total wire length on LAYER met3 = 15996 um.
Total wire length on LAYER met4 = 5466 um.
Total wire length on LAYER met5 = 106 um.
Total number of vias = 27916.
Up-via summary (total 27916):

------------------------
 FR_MASTERSLICE        0
            li1    12067
           met1    14257
           met2     1394
           met3      192
           met4        6
------------------------
               27916


[INFO DRT-0195] Start 5th guides tiles iteration.
    Completing 100% with 2 violations.
    elapsed time = 00:00:00, memory = 1388.44 (MB).
[INFO DRT-0199]   Number of violations = 2.
Viol/Layer        met1
Short                2
[INFO DRT-0267] cpu time = 00:00:00, elapsed time = 00:00:00, memory = 1388.44 (MB), peak = 1478.05 (MB)
Total wire length = 135760 um.
Total wire length on LAYER li1 = 0 um.
Total wire length on LAYER met1 = 52451 um.
Total wire length on LAYER met2 = 61739 um.
Total wire length on LAYER met3 = 15996 um.
Total wire length on LAYER met4 = 5466 um.
Total wire length on LAYER met5 = 106 um.
Total number of vias = 27916.
Up-via summary (total 27916):

------------------------
 FR_MASTERSLICE        0
            li1    12067
           met1    14257
           met2     1394
           met3      192
           met4        6
------------------------
               27916


[INFO DRT-0195] Start 6th stubborn tiles iteration.
    Completing 10% with 2 violations.
    elapsed time = 00:00:01, memory = 1417.20 (MB).
    Completing 20% with 2 violations.
    elapsed time = 00:00:01, memory = 1426.47 (MB).
    Completing 30% with 2 violations.
    elapsed time = 00:00:01, memory = 1428.47 (MB).
    Completing 40% with 2 violations.
    elapsed time = 00:00:02, memory = 1445.43 (MB).
    Completing 50% with 2 violations.
    elapsed time = 00:00:03, memory = 1473.46 (MB).
    Completing 60% with 2 violations.
    elapsed time = 00:00:03, memory = 1505.12 (MB).
    Completing 70% with 2 violations.
    elapsed time = 00:00:04, memory = 1546.46 (MB).
    Completing 80% with 2 violations.
    elapsed time = 00:00:04, memory = 1582.89 (MB).
    Completing 90% with 2 violations.
    elapsed time = 00:00:05, memory = 1580.30 (MB).
    Completing 100% with 0 violations.
    elapsed time = 00:00:06, memory = 1581.14 (MB).
[INFO DRT-0199]   Number of violations = 0.
[INFO DRT-0267] cpu time = 00:01:20, elapsed time = 00:00:06, memory = 1581.14 (MB), peak = 1606.57 (MB)
Total wire length = 135761 um.
Total wire length on LAYER li1 = 0 um.
Total wire length on LAYER met1 = 52451 um.
Total wire length on LAYER met2 = 61741 um.
Total wire length on LAYER met3 = 15996 um.
Total wire length on LAYER met4 = 5466 um.
Total wire length on LAYER met5 = 106 um.
Total number of vias = 27912.
Up-via summary (total 27912):

------------------------
 FR_MASTERSLICE        0
            li1    12067
           met1    14255
           met2     1392
           met3      192
           met4        6
------------------------
               27912


[INFO DRT-0198] Complete detail routing.
Total wire length = 135761 um.
Total wire length on LAYER li1 = 0 um.
Total wire length on LAYER met1 = 52451 um.
Total wire length on LAYER met2 = 61741 um.
Total wire length on LAYER met3 = 15996 um.
Total wire length on LAYER met4 = 5466 um.
Total wire length on LAYER met5 = 106 um.
Total number of vias = 27912.
Up-via summary (total 27912):

------------------------
 FR_MASTERSLICE        0
            li1    12067
           met1    14255
           met2     1392
           met3      192
           met4        6
------------------------
               27912


[INFO DRT-0267] cpu time = 00:08:02, elapsed time = 00:01:31, memory = 1581.26 (MB), peak = 1606.57 (MB)

[INFO DRT-0180] Post processing.
+ check_antennas 
[INFO ANT-0002] Found 4 net violations.
[INFO ANT-0001] Found 4 pin violations.
[INFO] Running antenna repair iteration 1…
+ repair_antennas sky130_fd_sc_hd__diode_2 -ratio_margin 10
[INFO GRT-0012] Found 5 antenna violations.
[INFO GRT-0015] Inserted 5 diodes.
+ detailed_route -droute_end_iter 64 -or_seed 42 -verbose 1 -output_drc /home/Ven/vscode/VRAI/runs/RUN_2026-07-28_12-39-10/45-openroad-detailedrouting/drt-run-1/VRAI_SYNC_CORE.drc
[INFO DRT-0024]   Complete FR_MASTERSLICE.
[INFO DRT-0024]   Complete licon.
[INFO DRT-0024]   Complete li1.
[INFO DRT-0024]   Complete mcon.
[INFO DRT-0024]   Complete met1.
[INFO DRT-0024]   Complete via.
[INFO DRT-0024]   Complete met2.
[INFO DRT-0024]   Complete via2.
[INFO DRT-0024]   Complete met3.
[INFO DRT-0024]   Complete via3.
[INFO DRT-0024]   Complete met4.
[INFO DRT-0024]   Complete via4.
[INFO DRT-0024]   Complete met5.
[INFO DRT-0165] Start pin access.
[INFO DRT-0076]   Complete 1000 pins.
[INFO DRT-0078]   Complete 1172 pins.
[INFO DRT-0079]   Complete 100 unique inst patterns.
[INFO DRT-0081]   Complete 149 unique inst patterns.
[INFO DRT-0084]   Complete 2091 groups.
#scanned instances     = 4226
#unique  instances     = 149
#stdCellGenAp          = 4159
#stdCellValidPlanarAp  = 42
#stdCellValidViaAp     = 3262
#stdCellPinNoAp        = 0
#stdCellPinCnt         = 12130
#instTermValidViaApCnt = 0
#macroGenAp            = 0
#macroValidPlanarAp    = 0
#macroValidViaAp       = 0
#macroNoAp             = 0
[INFO DRT-0166] Complete pin access.
[INFO DRT-0267] cpu time = 00:02:55, elapsed time = 00:00:12, memory = 1583.16 (MB), peak = 1606.57 (MB)

[INFO DRT-0157] Number of guides:     29520

[INFO DRT-0169] Post process guides.
[INFO DRT-0176] GCELLGRID X 0 DO 39 STEP 6900 ;
[INFO DRT-0177] GCELLGRID Y 0 DO 40 STEP 6900 ;
[INFO DRT-0028]   Complete FR_MASTERSLICE.
[INFO DRT-0028]   Complete licon.
[INFO DRT-0028]   Complete li1.
[INFO DRT-0028]   Complete mcon.
[INFO DRT-0028]   Complete met1.
[INFO DRT-0028]   Complete via.
[INFO DRT-0028]   Complete met2.
[INFO DRT-0028]   Complete via2.
[INFO DRT-0028]   Complete met3.
[INFO DRT-0028]   Complete via3.
[INFO DRT-0028]   Complete met4.
[INFO DRT-0028]   Complete via4.
[INFO DRT-0028]   Complete met5.
[INFO DRT-0178] Init guide query.
[INFO DRT-0035]   Complete FR_MASTERSLICE (guide).
[INFO DRT-0035]   Complete licon (guide).
[INFO DRT-0035]   Complete li1 (guide).
[INFO DRT-0035]   Complete mcon (guide).
[INFO DRT-0035]   Complete met1 (guide).
[INFO DRT-0035]   Complete via (guide).
[INFO DRT-0035]   Complete met2 (guide).
[INFO DRT-0035]   Complete via2 (guide).
[INFO DRT-0035]   Complete met3 (guide).
[INFO DRT-0035]   Complete via3 (guide).
[INFO DRT-0035]   Complete met4 (guide).
[INFO DRT-0035]   Complete via4 (guide).
[INFO DRT-0035]   Complete met5 (guide).
[INFO DRT-0036] FR_MASTERSLICE guide region query size = 0.
[INFO DRT-0036] licon guide region query size = 0.
[INFO DRT-0036] li1 guide region query size = 9900.
[INFO DRT-0036] mcon guide region query size = 0.
[INFO DRT-0036] met1 guide region query size = 9117.
[INFO DRT-0036] via guide region query size = 0.
[INFO DRT-0036] met2 guide region query size = 4952.
[INFO DRT-0036] via2 guide region query size = 0.
[INFO DRT-0036] met3 guide region query size = 465.
[INFO DRT-0036] via3 guide region query size = 0.
[INFO DRT-0036] met4 guide region query size = 88.
[INFO DRT-0036] via4 guide region query size = 0.
[INFO DRT-0036] met5 guide region query size = 3.
[INFO DRT-0179] Init gr pin query.
[INFO DRT-0267] cpu time = 00:00:00, elapsed time = 00:00:00, memory = 1583.16 (MB), peak = 1606.57 (MB)
[INFO DRT-0245] skipped writing guide updates to database.
[INFO DRT-0185] Post process initialize RPin region query.
[INFO DRT-0181] Start track assignment.
[INFO DRT-0184] Done with 14940 vertical wires in 1 frboxes and 9585 horizontal wires in 1 frboxes.
[INFO DRT-0186] Done with 1820 vertical wires in 1 frboxes and 3203 horizontal wires in 1 frboxes.
[INFO DRT-0182] Complete track assignment.
[INFO DRT-0267] cpu time = 00:00:07, elapsed time = 00:00:01, memory = 1583.16 (MB), peak = 1606.57 (MB)
[INFO DRT-0187] Start routing data preparation.
[INFO DRT-0267] cpu time = 00:00:00, elapsed time = 00:00:00, memory = 1583.16 (MB), peak = 1606.57 (MB)
[INFO DRT-0194] Start detail routing.
[INFO DRT-0195] Start 0th optimization iteration.
    Completing 10% with 0 violations.
    elapsed time = 00:00:00, memory = 1606.66 (MB).
    Completing 20% with 0 violations.
    elapsed time = 00:00:00, memory = 1587.83 (MB).
    Completing 30% with 45 violations.
    elapsed time = 00:00:01, memory = 1607.83 (MB).
    Completing 40% with 45 violations.
    elapsed time = 00:00:01, memory = 1607.83 (MB).
    Completing 50% with 45 violations.
    elapsed time = 00:00:02, memory = 1587.83 (MB).
    Completing 60% with 71 violations.
    elapsed time = 00:00:02, memory = 1598.13 (MB).
    Completing 70% with 71 violations.
    elapsed time = 00:00:03, memory = 1598.13 (MB).
    Completing 80% with 106 violations.
    elapsed time = 00:00:03, memory = 1631.10 (MB).
    Completing 90% with 106 violations.
    elapsed time = 00:00:04, memory = 1631.10 (MB).
    Completing 100% with 140 violations.
    elapsed time = 00:00:04, memory = 1600.59 (MB).
[INFO DRT-0199]   Number of violations = 164.
Viol/Layer        met1   met2   met3
Metal Spacing       10      6      1
Recheck             12     12      0
Short               64     59      0
[INFO DRT-0267] cpu time = 00:00:34, elapsed time = 00:00:04, memory = 1668.24 (MB), peak = 1667.21 (MB)
Total wire length = 135874 um.
Total wire length on LAYER li1 = 0 um.
Total wire length on LAYER met1 = 52577 um.
Total wire length on LAYER met2 = 61867 um.
Total wire length on LAYER met3 = 15940 um.
Total wire length on LAYER met4 = 5383 um.
Total wire length on LAYER met5 = 106 um.
Total number of vias = 27925.
Up-via summary (total 27925):

------------------------
 FR_MASTERSLICE        0
            li1    12077
           met1    14292
           met2     1366
           met3      184
           met4        6
------------------------
               27925


[INFO DRT-0195] Start 1st optimization iteration.
    Completing 10% with 164 violations.
    elapsed time = 00:00:00, memory = 1668.24 (MB).
    Completing 20% with 164 violations.
    elapsed time = 00:00:00, memory = 1668.24 (MB).
    Completing 30% with 146 violations.
    elapsed time = 00:00:01, memory = 1668.24 (MB).
    Completing 40% with 146 violations.
    elapsed time = 00:00:01, memory = 1668.24 (MB).
    Completing 50% with 146 violations.
    elapsed time = 00:00:01, memory = 1668.24 (MB).
    Completing 60% with 93 violations.
    elapsed time = 00:00:02, memory = 1702.25 (MB).
    Completing 70% with 93 violations.
    elapsed time = 00:00:02, memory = 1668.32 (MB).
    Completing 80% with 53 violations.
    elapsed time = 00:00:03, memory = 1570.18 (MB).
    Completing 90% with 53 violations.
    elapsed time = 00:00:03, memory = 1570.18 (MB).
    Completing 100% with 28 violations.
    elapsed time = 00:00:03, memory = 1570.18 (MB).
[INFO DRT-0199]   Number of violations = 28.
Viol/Layer        met1   met2
Metal Spacing        2      2
Short               23      1
[INFO DRT-0267] cpu time = 00:00:32, elapsed time = 00:00:03, memory = 1668.39 (MB), peak = 1701.44 (MB)
Total wire length = 135796 um.
Total wire length on LAYER li1 = 0 um.
Total wire length on LAYER met1 = 52513 um.
Total wire length on LAYER met2 = 61846 um.
Total wire length on LAYER met3 = 15947 um.
Total wire length on LAYER met4 = 5383 um.
Total wire length on LAYER met5 = 106 um.
Total number of vias = 27892.
Up-via summary (total 27892):

------------------------
 FR_MASTERSLICE        0
            li1    12077
           met1    14257
           met2     1368
           met3      184
           met4        6
------------------------
               27892


[INFO DRT-0195] Start 2nd optimization iteration.
    Completing 10% with 28 violations.
    elapsed time = 00:00:00, memory = 1668.39 (MB).
    Completing 20% with 28 violations.
    elapsed time = 00:00:00, memory = 1668.39 (MB).
    Completing 30% with 28 violations.
    elapsed time = 00:00:00, memory = 1668.39 (MB).
    Completing 40% with 30 violations.
    elapsed time = 00:00:00, memory = 1668.39 (MB).
    Completing 50% with 30 violations.
    elapsed time = 00:00:00, memory = 1668.39 (MB).
    Completing 60% with 33 violations.
    elapsed time = 00:00:01, memory = 1668.39 (MB).
    Completing 70% with 33 violations.
    elapsed time = 00:00:01, memory = 1668.39 (MB).
    Completing 80% with 33 violations.
    elapsed time = 00:00:02, memory = 1668.39 (MB).
    Completing 90% with 32 violations.
    elapsed time = 00:00:02, memory = 1668.39 (MB).
    Completing 100% with 31 violations.
    elapsed time = 00:00:03, memory = 1668.39 (MB).
[INFO DRT-0199]   Number of violations = 31.
Viol/Layer        met1   met2
Metal Spacing        2      1
Short               27      1
[INFO DRT-0267] cpu time = 00:00:17, elapsed time = 00:00:03, memory = 1668.39 (MB), peak = 1701.44 (MB)
Total wire length = 135800 um.
Total wire length on LAYER li1 = 0 um.
Total wire length on LAYER met1 = 52546 um.
Total wire length on LAYER met2 = 61825 um.
Total wire length on LAYER met3 = 15938 um.
Total wire length on LAYER met4 = 5383 um.
Total wire length on LAYER met5 = 106 um.
Total number of vias = 27878.
Up-via summary (total 27878):

------------------------
 FR_MASTERSLICE        0
            li1    12073
           met1    14249
           met2     1366
           met3      184
           met4        6
------------------------
               27878


[INFO DRT-0195] Start 3rd guides tiles iteration.
    Completing 10% with 31 violations.
    elapsed time = 00:00:00, memory = 1713.81 (MB).
    Completing 20% with 31 violations.
    elapsed time = 00:00:00, memory = 1713.81 (MB).
    Completing 30% with 31 violations.
    elapsed time = 00:00:00, memory = 1713.81 (MB).
    Completing 40% with 31 violations.
    elapsed time = 00:00:00, memory = 1713.81 (MB).
    Completing 50% with 31 violations.
    elapsed time = 00:00:00, memory = 1713.81 (MB).
    Completing 60% with 31 violations.
    elapsed time = 00:00:00, memory = 1713.81 (MB).
    Completing 70% with 31 violations.
    elapsed time = 00:00:01, memory = 1668.39 (MB).
    Completing 80% with 10 violations.
    elapsed time = 00:00:01, memory = 1570.18 (MB).
    Completing 90% with 10 violations.
    elapsed time = 00:00:01, memory = 1642.36 (MB).
    Completing 100% with 8 violations.
    elapsed time = 00:00:06, memory = 1570.18 (MB).
[INFO DRT-0199]   Number of violations = 12.
Viol/Layer        met1   met2
Metal Spacing        1      7
Recheck              4      0
[INFO DRT-0267] cpu time = 00:00:14, elapsed time = 00:00:06, memory = 1668.39 (MB), peak = 1712.93 (MB)
Total wire length = 135770 um.
Total wire length on LAYER li1 = 0 um.
Total wire length on LAYER met1 = 52025 um.
Total wire length on LAYER met2 = 61761 um.
Total wire length on LAYER met3 = 16434 um.
Total wire length on LAYER met4 = 5442 um.
Total wire length on LAYER met5 = 106 um.
Total number of vias = 27895.
Up-via summary (total 27895):

------------------------
 FR_MASTERSLICE        0
            li1    12073
           met1    14223
           met2     1400
           met3      193
           met4        6
------------------------
               27895


[INFO DRT-0195] Start 4th guides tiles iteration.
    Completing 30% with 12 violations.
    elapsed time = 00:00:00, memory = 1668.39 (MB).
    Completing 60% with 12 violations.
    elapsed time = 00:00:00, memory = 1668.39 (MB).
    Completing 100% with 0 violations.
    elapsed time = 00:00:00, memory = 1668.39 (MB).
[INFO DRT-0199]   Number of violations = 0.
[INFO DRT-0267] cpu time = 00:00:03, elapsed time = 00:00:00, memory = 1668.39 (MB), peak = 1712.93 (MB)
Total wire length = 135774 um.
Total wire length on LAYER li1 = 0 um.
Total wire length on LAYER met1 = 52034 um.
Total wire length on LAYER met2 = 61762 um.
Total wire length on LAYER met3 = 16433 um.
Total wire length on LAYER met4 = 5437 um.
Total wire length on LAYER met5 = 106 um.
Total number of vias = 27892.
Up-via summary (total 27892):

------------------------
 FR_MASTERSLICE        0
            li1    12073
           met1    14224
           met2     1399
           met3      190
           met4        6
------------------------
               27892


[INFO DRT-0198] Complete detail routing.
Total wire length = 135774 um.
Total wire length on LAYER li1 = 0 um.
Total wire length on LAYER met1 = 52034 um.
Total wire length on LAYER met2 = 61762 um.
Total wire length on LAYER met3 = 16433 um.
Total wire length on LAYER met4 = 5437 um.
Total wire length on LAYER met5 = 106 um.
Total number of vias = 27892.
Up-via summary (total 27892):

------------------------
 FR_MASTERSLICE        0
            li1    12073
           met1    14224
           met2     1399
           met3      190
           met4        6
------------------------
               27892


[INFO DRT-0267] cpu time = 00:01:43, elapsed time = 00:00:18, memory = 1668.45 (MB), peak = 1712.93 (MB)

[INFO DRT-0180] Post processing.
+ check_antennas 
[INFO ANT-0002] Found 0 net violations.
[INFO ANT-0001] Found 0 pin violations.
Setting global connections for newly added cells…
[INFO] Setting global connections...
[INFO ODB-0403] 20 connections made, 0 conflicts skipped.
Updating metrics…
Cell type report:                       Count       Area
  Fill cell                               188     705.68
  Tap cell                                912    1141.09
  Antenna cell                              6      15.01
  Clock buffer                             69     924.64
  Timing Repair Buffer                    167    1886.81
  Inverter                                 67     253.99
  Clock inverter                           18     282.77
  Sequential cell                         416    8863.50
  Multi-Input combinational cell         2383   24297.05
  Total                                  4226   38370.55
Writing OpenROAD database to '/home/Ven/vscode/VRAI/runs/RUN_2026-07-28_12-39-10/45-openroad-detailedrouting/VRAI_SYNC_CORE.odb'…
Writing netlist to '/home/Ven/vscode/VRAI/runs/RUN_2026-07-28_12-39-10/45-openroad-detailedrouting/VRAI_SYNC_CORE.nl.v'…
Writing powered netlist to '/home/Ven/vscode/VRAI/runs/RUN_2026-07-28_12-39-10/45-openroad-detailedrouting/VRAI_SYNC_CORE.pnl.v'…
Writing layout to '/home/Ven/vscode/VRAI/runs/RUN_2026-07-28_12-39-10/45-openroad-detailedrouting/VRAI_SYNC_CORE.def'…
Writing timing constraints to '/home/Ven/vscode/VRAI/runs/RUN_2026-07-28_12-39-10/45-openroad-detailedrouting/VRAI_SYNC_CORE.sdc'…
