Clock: CLK
Sources: CLK 
Generated: no
Virtual: yes
Propagated: no
Period: 26.000000

===========================================================================
report_clock_properties
============================================================================
Clock                   Period          Waveform
----------------------------------------------------
CLK                  26.000000    0.000000 13.000000

===========================================================================
report_clock_latency
============================================================================
Clock CLK
rise -> rise
    min     max
0.000000 0.000000 source latency
0.613238         network latency _5005_/CLK
        0.626484 network latency _5137_/CLK
---------------
0.613238 0.626484 latency
        0.013246 skew

fall -> fall
    min     max
0.000000 0.000000 source latency
0.556561         network latency _5005_/CLK
        0.565888 network latency _5137_/CLK
---------------
0.556561 0.565888 latency
        0.009327 skew



===========================================================================
report_clock_min_period
============================================================================
CLK period_min = 8.18 fmax = 122.31
