
===========================================================================
report_checks -unconstrained
===========================================================================
======================= max_ss_100C_1v60 Corner ===================================

Startpoint: _5127_ (rising edge-triggered flip-flop clocked by CLK)
Endpoint: DEVICES_STRW (output port clocked by CLK)
Path Group: CLK
Path Type: max

Fanout         Cap        Slew       Delay        Time   Description
---------------------------------------------------------------------------------------------
                                  0.000000    0.000000   clock CLK (rise edge)
                                  0.000000    0.000000   clock source latency
     1    0.049832    0.000000    0.000000    0.000000 ^ CLK (in)
                                                         CLK (net)
                      0.003084    0.001542    0.001542 ^ clkbuf_0_CLK/A (sky130_fd_sc_hd__clkbuf_16)
     4    0.082614    0.152281    0.262276    0.263817 ^ clkbuf_0_CLK/X (sky130_fd_sc_hd__clkbuf_16)
                                                         clknet_0_CLK (net)
                      0.153589    0.011165    0.274982 ^ clkbuf_2_2__f_CLK/A (sky130_fd_sc_hd__clkbuf_16)
    11    0.110511    0.192046    0.359427    0.634409 ^ clkbuf_2_2__f_CLK/X (sky130_fd_sc_hd__clkbuf_16)
                                                         clknet_2_2__leaf_CLK (net)
                      0.192692    0.009032    0.643441 ^ clkbuf_leaf_9_CLK/A (sky130_fd_sc_hd__clkbuf_8)
    12    0.035396    0.118640    0.324861    0.968303 ^ clkbuf_leaf_9_CLK/X (sky130_fd_sc_hd__clkbuf_8)
                                                         clknet_leaf_9_CLK (net)
                      0.118669    0.001803    0.970105 ^ _5127_/CLK (sky130_fd_sc_hd__dfxtp_4)
    18    0.148834    0.662124    1.150352    2.120457 ^ _5127_/Q (sky130_fd_sc_hd__dfxtp_4)
                                                         _0008_ (net)
                      0.662251    0.009379    2.129837 ^ max_cap165/A (sky130_fd_sc_hd__buf_12)
    24    0.210650    0.382021    0.596606    2.726442 ^ max_cap165/X (sky130_fd_sc_hd__buf_12)
                                                         net165 (net)
                      0.384415    0.025099    2.751541 ^ max_cap164/A (sky130_fd_sc_hd__buf_12)
    24    0.210499    0.382148    0.495746    3.247287 ^ max_cap164/X (sky130_fd_sc_hd__buf_12)
                                                         net164 (net)
                      0.403252    0.070123    3.317411 ^ _2578_/S0 (sky130_fd_sc_hd__mux4_2)
     1    0.004623    0.157189    1.224333    4.541744 v _2578_/X (sky130_fd_sc_hd__mux4_2)
                                                         _0508_ (net)
                      0.157189    0.000311    4.542055 v _2579_/B (sky130_fd_sc_hd__or2_2)
     2    0.008128    0.138954    0.699618    5.241673 v _2579_/X (sky130_fd_sc_hd__or2_2)
                                                         _0509_ (net)
                      0.138954    0.000358    5.242032 v _2586_/A1 (sky130_fd_sc_hd__a22o_2)
     8    0.058163    0.288650    0.684478    5.926510 v _2586_/X (sky130_fd_sc_hd__a22o_2)
                                                         _0516_ (net)
                      0.288680    0.003074    5.929584 v _2587_/B (sky130_fd_sc_hd__and2_2)
     4    0.015524    0.125273    0.574054    6.503638 v _2587_/X (sky130_fd_sc_hd__and2_2)
                                                         _0517_ (net)
                      0.125273    0.000473    6.504111 v _2589_/A (sky130_fd_sc_hd__nor2_2)
     9    0.052586    0.923235    0.788041    7.292151 ^ _2589_/Y (sky130_fd_sc_hd__nor2_2)
                                                         _0519_ (net)
                      0.923254    0.003588    7.295740 ^ _2615_/A1 (sky130_fd_sc_hd__a21o_2)
     2    0.016244    0.155486    0.593606    7.889345 ^ _2615_/X (sky130_fd_sc_hd__a21o_2)
                                                         _0545_ (net)
                      0.155493    0.001189    7.890535 ^ _2621_/A1 (sky130_fd_sc_hd__a21bo_2)
     3    0.023229    0.210858    0.399385    8.289920 ^ _2621_/X (sky130_fd_sc_hd__a21bo_2)
                                                         _0551_ (net)
                      0.210878    0.002175    8.292095 ^ _2626_/A2 (sky130_fd_sc_hd__a31o_2)
     3    0.021395    0.216830    0.496415    8.788510 ^ _2626_/X (sky130_fd_sc_hd__a31o_2)
                                                         _0556_ (net)
                      0.216835    0.001436    8.789947 ^ _2631_/A1 (sky130_fd_sc_hd__a31o_2)
     4    0.045916    0.418333    0.632564    9.422511 ^ _2631_/X (sky130_fd_sc_hd__a31o_2)
                                                         _0561_ (net)
                      0.418365    0.003920    9.426431 ^ _2684_/D_N (sky130_fd_sc_hd__or4b_2)
     3    0.015441    0.308743    1.660911   11.087342 v _2684_/X (sky130_fd_sc_hd__or4b_2)
                                                         _0614_ (net)
                      0.308745    0.001480   11.088821 v _2690_/A1 (sky130_fd_sc_hd__a21o_2)
     4    0.015113    0.113760    0.510138   11.598960 v _2690_/X (sky130_fd_sc_hd__a21o_2)
                                                         _0620_ (net)
                      0.113767    0.000940   11.599899 v _2694_/A3 (sky130_fd_sc_hd__a311o_2)
     4    0.016972    0.163936    0.837582   12.437482 v _2694_/X (sky130_fd_sc_hd__a311o_2)
                                                         _0624_ (net)
                      0.163940    0.001021   12.438503 v _2696_/A2 (sky130_fd_sc_hd__a21bo_2)
     5    0.020760    0.134708    0.510976   12.949479 v _2696_/X (sky130_fd_sc_hd__a21bo_2)
                                                         _0626_ (net)
                      0.134736    0.001889   12.951368 v _2704_/C (sky130_fd_sc_hd__and3_2)
     2    0.018729    0.139714    0.556475   13.507843 v _2704_/X (sky130_fd_sc_hd__and3_2)
                                                         _0628_ (net)
                      0.139719    0.001049   13.508892 v _2705_/B (sky130_fd_sc_hd__and2_2)
     1    0.002902    0.070561    0.424746   13.933639 v _2705_/X (sky130_fd_sc_hd__and2_2)
                                                         net53 (net)
                      0.070561    0.000193   13.933831 v output53/A (sky130_fd_sc_hd__clkdlybuf4s25_1)
     1    0.051946    0.691834    0.933862   14.867693 v output53/X (sky130_fd_sc_hd__clkdlybuf4s25_1)
                                                         DEVICES_STRW (net)
                      0.691839    0.002898   14.870591 v DEVICES_STRW (out)
                                             14.870591   data arrival time

                                 26.000000   26.000000   clock CLK (rise edge)
                                  0.000000   26.000000   clock network delay (propagated)
                                  0.000000   26.000000   clock reconvergence pessimism
                                 -5.000000   20.999998   output external delay
                                             20.999998   data required time
---------------------------------------------------------------------------------------------
                                             20.999998   data required time
                                            -14.870591   data arrival time
---------------------------------------------------------------------------------------------
                                              6.129407   slack (MET)




===========================================================================
report_checks --slack_max -0.01
============================================================================
======================= max_ss_100C_1v60 Corner ===================================

No paths found.


===========================================================================
 report_check_types -max_slew -max_cap -max_fanout -violators
============================================================================
======================= max_ss_100C_1v60 Corner ===================================

max slew

Pin                                        Limit        Slew       Slack
------------------------------------------------------------------------
_4533_/A0                               1.500000    1.801102   -0.301102 (VIOLATED)
_4027_/A                                1.500000    1.801098   -0.301098 (VIOLATED)
_3991_/A0                               1.500000    1.801096   -0.301096 (VIOLATED)
_3899_/A1                               1.500000    1.801090   -0.301090 (VIOLATED)
_3573_/A1                               1.500000    1.801090   -0.301090 (VIOLATED)
_3828_/B                                1.500000    1.801077   -0.301077 (VIOLATED)
_4346_/B                                1.500000    1.801076   -0.301076 (VIOLATED)
_3793_/A                                1.500000    1.801072   -0.301072 (VIOLATED)
_3867_/A                                1.500000    1.760007   -0.260007 (VIOLATED)
_4470_/A1                               1.500000    1.760004   -0.260004 (VIOLATED)
_3543_/A0                               1.500000    1.759985   -0.259985 (VIOLATED)
_3974_/A1                               1.500000    1.759976   -0.259976 (VIOLATED)
_4443_/A1                               1.500000    1.759965   -0.259965 (VIOLATED)
_3565_/A0                               1.500000    1.759918   -0.259918 (VIOLATED)
_3901_/A1                               1.500000    1.759915   -0.259915 (VIOLATED)
_4321_/B                                1.500000    1.759894   -0.259894 (VIOLATED)
_4371_/B1                               1.500000    1.759866   -0.259866 (VIOLATED)
_4335_/A2                               1.500000    1.759855   -0.259855 (VIOLATED)
_3821_/B                                1.500000    1.759809   -0.259809 (VIOLATED)
_3798_/A                                1.500000    1.759806   -0.259806 (VIOLATED)
_4439_/A1                               1.500000    1.523121   -0.023122 (VIOLATED)
_4047_/A1                               1.500000    1.523082   -0.023082 (VIOLATED)
_4028_/A1                               1.500000    1.523051   -0.023051 (VIOLATED)
_3549_/A_N                              1.500000    1.522916   -0.022916 (VIOLATED)
_4542_/A0                               1.500000    1.522834   -0.022834 (VIOLATED)
_3860_/A0                               1.500000    1.522782   -0.022782 (VIOLATED)
_4306_/A1                               1.500000    1.522305   -0.022305 (VIOLATED)
_4347_/B                                1.500000    1.522005   -0.022005 (VIOLATED)
_4394_/A2                               1.500000    1.521998   -0.021998 (VIOLATED)
_4395_/A2                               1.500000    1.521994   -0.021994 (VIOLATED)
_4393_/C                                1.500000    1.521992   -0.021992 (VIOLATED)
_4336_/B1                               1.500000    1.521939   -0.021939 (VIOLATED)
_4373_/A1                               1.500000    1.521927   -0.021927 (VIOLATED)
_4323_/A                                1.500000    1.521884   -0.021884 (VIOLATED)
_4325_/A                                1.500000    1.521880   -0.021880 (VIOLATED)
_3572_/A                                1.500000    1.521741   -0.021741 (VIOLATED)
_3905_/A                                1.500000    1.521733   -0.021733 (VIOLATED)
_2551_/X                                1.498428    1.519388   -0.020960 (VIOLATED)
_2625_/B                                1.500000    1.520643   -0.020643 (VIOLATED)
_2552_/B                                1.500000    1.520638   -0.020638 (VIOLATED)
_2554_/B                                1.500000    1.520632   -0.020632 (VIOLATED)
_3829_/B                                1.500000    1.520620   -0.020620 (VIOLATED)
_3737_/A                                1.500000    1.520618   -0.020619 (VIOLATED)
_3736_/A_N                              1.500000    1.520610   -0.020610 (VIOLATED)
_3739_/A                                1.500000    1.520605   -0.020605 (VIOLATED)
_3735_/B                                1.500000    1.520582   -0.020582 (VIOLATED)
ANTENNA_4/DIODE                         1.500000    1.520582   -0.020582 (VIOLATED)

max capacitance

Pin                                        Limit         Cap       Slack
------------------------------------------------------------------------
_2551_/X                                0.187693    0.190137   -0.002444 (VIOLATED)
_2446_/X                                0.172129    0.172247   -0.000118 (VIOLATED)



===========================================================================
report_parasitic_annotation -report_unannotated
============================================================================
Found 40 unannotated drivers.
 clkload0/X
 clkload1/Y
 clkload10/X
 clkload11/X
 clkload12/X
 clkload13/X
 clkload14/Y
 clkload15/Y
 clkload16/Y
 clkload17/Y
 clkload18/Y
 clkload19/Y
 clkload2/Y
 clkload20/X
 clkload21/Y
 clkload22/Y
 clkload23/Y
 clkload24/Y
 clkload25/Y
 clkload26/X
 clkload27/X
 clkload28/X
 clkload29/X
 clkload3/Y
 clkload30/Y
 clkload31/X
 clkload32/Y
 clkload33/Y
 clkload34/X
 clkload35/X
 clkload36/X
 clkload37/X
 clkload38/X
 clkload39/Y
 clkload4/X
 clkload5/X
 clkload6/X
 clkload7/X
 clkload8/X
 clkload9/X
Found 0 partially unannotated drivers.

===========================================================================
max slew violation count 47
max fanout violation count 0
max cap violation count 2
============================================================================

===========================================================================
check_setup -verbose -unconstrained_endpoints -multiple_clock -no_clock -no_input_delay -loops -generated_clocks
===========================================================================
