Clock: CLK
Sources: CLK 
Generated: no
Virtual: yes
Propagated: no
Period: 26.000000

===========================================================================
report_clock_properties
============================================================================
Clock                   Period          Waveform
----------------------------------------------------
CLK                  26.000000    0.000000 13.000000

===========================================================================
report_clock_latency
============================================================================
Clock CLK
rise -> rise
    min     max
0.000000 0.000000 source latency
0.926402         network latency _5254_/CLK
        1.023920 network latency _5057_/CLK
---------------
0.926402 1.023920 latency
        0.097518 skew

fall -> fall
    min     max
0.000000 0.000000 source latency
0.930045         network latency _5254_/CLK
        1.000545 network latency _5022_/CLK
---------------
0.930045 1.000545 latency
        0.070500 skew



===========================================================================
report_clock_min_period
============================================================================
CLK period_min = 14.39 fmax = 69.48
