Clock: CLK
Sources: CLK 
Generated: no
Virtual: yes
Propagated: no
Period: 250.000000

===========================================================================
report_clock_properties
============================================================================
Clock                   Period          Waveform
----------------------------------------------------
CLK                 250.000000    0.000000125.000000

===========================================================================
report_clock_latency
============================================================================
Clock CLK
rise -> rise
    min     max
0.000000 0.000000 source latency
0.561689         network latency _5004_/CLK
        0.581046 network latency _5170_/CLK
---------------
0.561689 0.581046 latency
        0.019357 skew

fall -> fall
    min     max
0.000000 0.000000 source latency
0.476902         network latency _5004_/CLK
        0.492577 network latency _4997_/CLK
---------------
0.476902 0.492577 latency
        0.015675 skew



===========================================================================
report_clock_min_period
============================================================================
CLK period_min = 6.82 fmax = 146.63
