┏━━━━━━━┳━━━━━━━━━┳━━━━━━━━━━┳━━━━━━━━┳━━━━━━━━━━━━━┳━━━━━━━┓
┃ P / R ┃ Partial ┃ Required ┃ Net    ┃ Pin         ┃ Layer ┃
┡━━━━━━━╇━━━━━━━━━╇━━━━━━━━━━╇━━━━━━━━╇━━━━━━━━━━━━━╇━━━━━━━┩
│ 5.06  │ 2024.51 │ 400.00   │ _0602_ │ _2743_/B    │ met3  │
│ 2.42  │ 969.83  │ 400.00   │ _0658_ │ _2806_/B    │ met2  │
│ 2.35  │ 938.25  │ 400.00   │ _2384_ │ fanout317/A │ met3  │
│ 2.13  │ 853.02  │ 400.00   │ _0618_ │ _2761_/B    │ met3  │
│ 2.13  │ 853.02  │ 400.00   │ _0618_ │ _3290_/B    │ met3  │
│ 2.13  │ 853.02  │ 400.00   │ _0618_ │ _3292_/B    │ met3  │
│ 1.97  │ 786.50  │ 400.00   │ _2397_ │ _4316_/A1   │ met1  │
│ 1.86  │ 744.11  │ 400.00   │ net388 │ _3484_/A    │ met1  │
│ 1.83  │ 730.93  │ 400.00   │ _0798_ │ fanout159/A │ met3  │
│ 1.82  │ 727.31  │ 400.00   │ net176 │ _2956_/B1   │ met3  │
│ 1.78  │ 710.22  │ 400.00   │ _0650_ │ _2797_/B    │ met3  │
│ 1.78  │ 710.16  │ 400.00   │ _0626_ │ _2770_/B    │ met3  │
│ 1.58  │ 633.50  │ 400.00   │ net469 │ _2541_/B1   │ met3  │
│ 1.57  │ 629.89  │ 400.00   │ net315 │ _4009_/A1   │ met1  │
│ 1.57  │ 627.27  │ 400.00   │ _0773_ │ fanout262/A │ met3  │
│ 1.57  │ 627.27  │ 400.00   │ _0792_ │ fanout163/A │ met3  │
│ 1.46  │ 582.61  │ 400.00   │ _0642_ │ _2788_/B    │ met2  │
│ 1.44  │ 575.44  │ 400.00   │ _0775_ │ fanout260/A │ met3  │
│ 1.36  │ 544.14  │ 400.00   │ net307 │ _2547_/B    │ met1  │
│ 1.31  │ 523.66  │ 400.00   │ _2360_ │ fanout320/A │ met3  │
│ 1.31  │ 523.66  │ 400.00   │ _2360_ │ fanout321/A │ met3  │
│ 1.31  │ 523.61  │ 400.00   │ _0729_ │ fanout205/A │ met3  │
│ 1.30  │ 520.89  │ 400.00   │ net316 │ _4007_/A0   │ met1  │
│ 1.24  │ 495.22  │ 400.00   │ net247 │ _3137_/A2   │ met3  │
│ 1.18  │ 472.47  │ 400.00   │ _1750_ │ _4258_/D    │ met1  │
│ 1.18  │ 472.00  │ 400.00   │ net328 │ _4764_/A0   │ met1  │
│ 1.12  │ 448.34  │ 400.00   │ _2372_ │ _4365_/A1   │ met3  │
│ 1.05  │ 420.28  │ 400.00   │ _2372_ │ fanout319/A │ met3  │
│ 1.05  │ 418.18  │ 400.00   │ net381 │ fanout379/A │ met1  │
│ 1.03  │ 412.26  │ 400.00   │ net322 │ _4704_/A0   │ met1  │
│ 1.02  │ 406.01  │ 400.00   │ _2150_ │ _4667_/B1   │ met3  │
└───────┴─────────┴──────────┴────────┴─────────────┴───────┘
