
===========================================================================
report_checks -unconstrained
===========================================================================
======================= nom_ss_100C_1v60 Corner ===================================

Startpoint: _5127_ (rising edge-triggered flip-flop clocked by CLK)
Endpoint: DEVICES_STRW (output port clocked by CLK)
Path Group: CLK
Path Type: max

Fanout         Cap        Slew       Delay        Time   Description
---------------------------------------------------------------------------------------------
                                  0.000000    0.000000   clock CLK (rise edge)
                                  0.000000    0.000000   clock source latency
     1    0.048949    0.000000    0.000000    0.000000 ^ CLK (in)
                                                         CLK (net)
                      0.002340    0.001170    0.001170 ^ clkbuf_0_CLK/A (sky130_fd_sc_hd__clkbuf_16)
     4    0.076617    0.143673    0.258249    0.259419 ^ clkbuf_0_CLK/X (sky130_fd_sc_hd__clkbuf_16)
                                                         clknet_0_CLK (net)
                      0.144153    0.005945    0.265364 ^ clkbuf_2_2__f_CLK/A (sky130_fd_sc_hd__clkbuf_16)
    11    0.105138    0.183240    0.353116    0.618480 ^ clkbuf_2_2__f_CLK/X (sky130_fd_sc_hd__clkbuf_16)
                                                         clknet_2_2__leaf_CLK (net)
                      0.183331    0.003842    0.622322 ^ clkbuf_leaf_9_CLK/A (sky130_fd_sc_hd__clkbuf_8)
    12    0.033701    0.114669    0.317996    0.940318 ^ clkbuf_leaf_9_CLK/X (sky130_fd_sc_hd__clkbuf_8)
                                                         clknet_leaf_9_CLK (net)
                      0.114672    0.000791    0.941108 ^ _5127_/CLK (sky130_fd_sc_hd__dfxtp_4)
    18    0.143986    0.637041    1.141241    2.082350 ^ _5127_/Q (sky130_fd_sc_hd__dfxtp_4)
                                                         _0008_ (net)
                      0.637049    0.003659    2.086008 ^ max_cap165/A (sky130_fd_sc_hd__buf_12)
    24    0.202646    0.365604    0.595442    2.681450 ^ max_cap165/X (sky130_fd_sc_hd__buf_12)
                                                         net165 (net)
                      0.366149    0.011834    2.693284 ^ max_cap164/A (sky130_fd_sc_hd__buf_12)
    24    0.201166    0.363301    0.499498    3.192782 ^ max_cap164/X (sky130_fd_sc_hd__buf_12)
                                                         net164 (net)
                      0.368335    0.034352    3.227133 ^ _2578_/S0 (sky130_fd_sc_hd__mux4_2)
     1    0.004300    0.154191    1.207396    4.434529 v _2578_/X (sky130_fd_sc_hd__mux4_2)
                                                         _0508_ (net)
                      0.154191    0.000153    4.434682 v _2579_/B (sky130_fd_sc_hd__or2_2)
     2    0.007960    0.138190    0.697212    5.131894 v _2579_/X (sky130_fd_sc_hd__or2_2)
                                                         _0509_ (net)
                      0.138190    0.000155    5.132049 v _2586_/A1 (sky130_fd_sc_hd__a22o_2)
     8    0.055015    0.282757    0.674695    5.806743 v _2586_/X (sky130_fd_sc_hd__a22o_2)
                                                         _0516_ (net)
                      0.282761    0.001442    5.808185 v _2587_/B (sky130_fd_sc_hd__and2_2)
     4    0.015111    0.123181    0.568967    6.377151 v _2587_/X (sky130_fd_sc_hd__and2_2)
                                                         _0517_ (net)
                      0.123181    0.000210    6.377361 v _2589_/A (sky130_fd_sc_hd__nor2_2)
     9    0.050271    0.883671    0.760756    7.138118 ^ _2589_/Y (sky130_fd_sc_hd__nor2_2)
                                                         _0519_ (net)
                      0.883674    0.001606    7.139724 ^ _2615_/A1 (sky130_fd_sc_hd__a21o_2)
     2    0.015925    0.152474    0.582574    7.722298 ^ _2615_/X (sky130_fd_sc_hd__a21o_2)
                                                         _0545_ (net)
                      0.152474    0.000544    7.722841 ^ _2621_/A1 (sky130_fd_sc_hd__a21bo_2)
     3    0.022121    0.201969    0.392396    8.115237 ^ _2621_/X (sky130_fd_sc_hd__a21bo_2)
                                                         _0551_ (net)
                      0.201971    0.001053    8.116291 ^ _2626_/A2 (sky130_fd_sc_hd__a31o_2)
     3    0.020413    0.208599    0.487614    8.603906 ^ _2626_/X (sky130_fd_sc_hd__a31o_2)
                                                         _0556_ (net)
                      0.208599    0.000703    8.604609 ^ _2631_/A1 (sky130_fd_sc_hd__a31o_2)
     4    0.044117    0.402843    0.619948    9.224557 ^ _2631_/X (sky130_fd_sc_hd__a31o_2)
                                                         _0561_ (net)
                      0.402845    0.001673    9.226230 ^ _2684_/D_N (sky130_fd_sc_hd__or4b_2)
     3    0.014574    0.300979    1.646453   10.872683 v _2684_/X (sky130_fd_sc_hd__or4b_2)
                                                         _0614_ (net)
                      0.300979    0.000732   10.873414 v _2690_/A1 (sky130_fd_sc_hd__a21o_2)
     4    0.014561    0.110853    0.504521   11.377935 v _2690_/X (sky130_fd_sc_hd__a21o_2)
                                                         _0620_ (net)
                      0.110854    0.000476   11.378411 v _2694_/A3 (sky130_fd_sc_hd__a311o_2)
     4    0.016568    0.164573    0.833799   12.212211 v _2694_/X (sky130_fd_sc_hd__a311o_2)
                                                         _0624_ (net)
                      0.164573    0.000473   12.212684 v _2696_/A2 (sky130_fd_sc_hd__a21bo_2)
     5    0.019438    0.129668    0.506957   12.719641 v _2696_/X (sky130_fd_sc_hd__a21bo_2)
                                                         _0626_ (net)
                      0.129673    0.000981   12.720622 v _2704_/C (sky130_fd_sc_hd__and3_2)
     2    0.017272    0.138018    0.546835   13.267457 v _2704_/X (sky130_fd_sc_hd__and3_2)
                                                         _0628_ (net)
                      0.138018    0.000516   13.267973 v _2705_/B (sky130_fd_sc_hd__and2_2)
     1    0.002844    0.070297    0.423464   13.691437 v _2705_/X (sky130_fd_sc_hd__and2_2)
                                                         net53 (net)
                      0.070297    0.000083   13.691521 v output53/A (sky130_fd_sc_hd__clkdlybuf4s25_1)
     1    0.051857    0.690250    0.934008   14.625528 v output53/X (sky130_fd_sc_hd__clkdlybuf4s25_1)
                                                         DEVICES_STRW (net)
                      0.690250    0.001511   14.627040 v DEVICES_STRW (out)
                                             14.627040   data arrival time

                                 26.000000   26.000000   clock CLK (rise edge)
                                  0.000000   26.000000   clock network delay (propagated)
                                  0.000000   26.000000   clock reconvergence pessimism
                                 -5.000000   20.999998   output external delay
                                             20.999998   data required time
---------------------------------------------------------------------------------------------
                                             20.999998   data required time
                                            -14.627040   data arrival time
---------------------------------------------------------------------------------------------
                                              6.372959   slack (MET)




===========================================================================
report_checks --slack_max -0.01
============================================================================
======================= nom_ss_100C_1v60 Corner ===================================

No paths found.


===========================================================================
 report_check_types -max_slew -max_cap -max_fanout -violators
============================================================================
======================= nom_ss_100C_1v60 Corner ===================================

max slew

Pin                                        Limit        Slew       Slack
------------------------------------------------------------------------
_4533_/A0                               1.500000    1.760203   -0.260203 (VIOLATED)
_4027_/A                                1.500000    1.760201   -0.260201 (VIOLATED)
_3991_/A0                               1.500000    1.760201   -0.260201 (VIOLATED)
_3573_/A1                               1.500000    1.760198   -0.260199 (VIOLATED)
_3899_/A1                               1.500000    1.760199   -0.260199 (VIOLATED)
_3828_/B                                1.500000    1.760195   -0.260195 (VIOLATED)
_4346_/B                                1.500000    1.760195   -0.260195 (VIOLATED)
_3793_/A                                1.500000    1.760193   -0.260193 (VIOLATED)
_3867_/A                                1.500000    1.662459   -0.162459 (VIOLATED)
_4470_/A1                               1.500000    1.662458   -0.162458 (VIOLATED)
_3543_/A0                               1.500000    1.662451   -0.162451 (VIOLATED)
_3974_/A1                               1.500000    1.662448   -0.162448 (VIOLATED)
_4443_/A1                               1.500000    1.662445   -0.162445 (VIOLATED)
_3565_/A0                               1.500000    1.662424   -0.162424 (VIOLATED)
_3901_/A1                               1.500000    1.662422   -0.162422 (VIOLATED)
_4321_/B                                1.500000    1.662411   -0.162411 (VIOLATED)
_4371_/B1                               1.500000    1.662402   -0.162402 (VIOLATED)
_4335_/A2                               1.500000    1.662397   -0.162397 (VIOLATED)
_3821_/B                                1.500000    1.662380   -0.162380 (VIOLATED)
_3798_/A                                1.500000    1.662377   -0.162378 (VIOLATED)



===========================================================================
report_parasitic_annotation -report_unannotated
============================================================================
Found 40 unannotated drivers.
 clkload0/X
 clkload1/Y
 clkload10/X
 clkload11/X
 clkload12/X
 clkload13/X
 clkload14/Y
 clkload15/Y
 clkload16/Y
 clkload17/Y
 clkload18/Y
 clkload19/Y
 clkload2/Y
 clkload20/X
 clkload21/Y
 clkload22/Y
 clkload23/Y
 clkload24/Y
 clkload25/Y
 clkload26/X
 clkload27/X
 clkload28/X
 clkload29/X
 clkload3/Y
 clkload30/Y
 clkload31/X
 clkload32/Y
 clkload33/Y
 clkload34/X
 clkload35/X
 clkload36/X
 clkload37/X
 clkload38/X
 clkload39/Y
 clkload4/X
 clkload5/X
 clkload6/X
 clkload7/X
 clkload8/X
 clkload9/X
Found 0 partially unannotated drivers.

===========================================================================
max slew violation count 20
max fanout violation count 0
max cap violation count 0
============================================================================

===========================================================================
check_setup -verbose -unconstrained_endpoints -multiple_clock -no_clock -no_input_delay -loops -generated_clocks
===========================================================================
