Clock: CLK
Sources: CLK 
Generated: no
Virtual: yes
Propagated: no
Period: 26.000000

===========================================================================
report_clock_properties
============================================================================
Clock                   Period          Waveform
----------------------------------------------------
CLK                  26.000000    0.000000 13.000000

===========================================================================
report_clock_latency
============================================================================
Clock CLK
rise -> rise
    min     max
0.000000 0.000000 source latency
0.899257         network latency _5254_/CLK
        0.994302 network latency _5057_/CLK
---------------
0.899257 0.994302 latency
        0.095046 skew

fall -> fall
    min     max
0.000000 0.000000 source latency
0.907859         network latency _5254_/CLK
        0.976129 network latency _5057_/CLK
---------------
0.907859 0.976129 latency
        0.068271 skew



===========================================================================
report_clock_min_period
============================================================================
CLK period_min = 14.21 fmax = 70.40
