Clock: CLK
Sources: CLK 
Generated: no
Virtual: yes
Propagated: no
Period: 250.000000

===========================================================================
report_clock_properties
============================================================================
Clock                   Period          Waveform
----------------------------------------------------
CLK                 250.000000    0.000000125.000000

===========================================================================
report_clock_latency
============================================================================
Clock CLK
rise -> rise
    min     max
0.000000 0.000000 source latency
0.524911         network latency _5004_/CLK
        0.539346 network latency _5170_/CLK
---------------
0.524911 0.539346 latency
        0.014435 skew

fall -> fall
    min     max
0.000000 0.000000 source latency
0.449319         network latency _5004_/CLK
        0.459494 network latency _5155_/CLK
---------------
0.449319 0.459494 latency
        0.010175 skew



===========================================================================
report_clock_min_period
============================================================================
CLK period_min = 6.34 fmax = 157.76
