
===========================================================================
report_checks -unconstrained
===========================================================================
======================= max_ss_100C_1v60 Corner ===================================

Startpoint: _5127_ (rising edge-triggered flip-flop clocked by CLK)
Endpoint: _5221_ (rising edge-triggered flip-flop clocked by CLK)
Path Group: CLK
Path Type: max

Fanout         Cap        Slew       Delay        Time   Description
---------------------------------------------------------------------------------------------
                                  0.000000    0.000000   clock CLK (rise edge)
                                  0.000000    0.000000   clock source latency
     1    0.027806    0.000000    0.000000    0.000000 ^ CLK (in)
                                                         CLK (net)
                      0.003120    0.001560    0.001560 ^ clkbuf_0_CLK/A (sky130_fd_sc_hd__clkbuf_16)
     4    0.053384    0.111395    0.235680    0.237240 ^ clkbuf_0_CLK/X (sky130_fd_sc_hd__clkbuf_16)
                                                         clknet_0_CLK (net)
                      0.111404    0.001012    0.238253 ^ clkbuf_2_2__f_CLK/A (sky130_fd_sc_hd__clkbuf_16)
    11    0.078320    0.145936    0.311247    0.549500 ^ clkbuf_2_2__f_CLK/X (sky130_fd_sc_hd__clkbuf_16)
                                                         clknet_2_2__leaf_CLK (net)
                      0.145936    0.000644    0.550143 ^ clkbuf_leaf_9_CLK/A (sky130_fd_sc_hd__clkbuf_8)
    11    0.025405    0.096231    0.282963    0.833107 ^ clkbuf_leaf_9_CLK/X (sky130_fd_sc_hd__clkbuf_8)
                                                         clknet_leaf_9_CLK (net)
                      0.096231    0.000134    0.833241 ^ _5127_/CLK (sky130_fd_sc_hd__dfxtp_4)
    18    0.124881    0.557104    1.079208    1.912449 ^ _5127_/Q (sky130_fd_sc_hd__dfxtp_4)
                                                         _0008_ (net)
                      0.557104    0.001076    1.913524 ^ max_cap165/A (sky130_fd_sc_hd__buf_12)
    24    0.172300    0.311595    0.542186    2.455710 ^ max_cap165/X (sky130_fd_sc_hd__buf_12)
                                                         net165 (net)
                      0.311635    0.003845    2.459555 ^ max_cap164/A (sky130_fd_sc_hd__buf_12)
    24    0.169380    0.305957    0.456255    2.915810 ^ max_cap164/X (sky130_fd_sc_hd__buf_12)
                                                         net164 (net)
                      0.306345    0.007462    2.923272 ^ _2534_/S0 (sky130_fd_sc_hd__mux4_2)
     1    0.001383    0.131990    1.139188    4.062460 v _2534_/X (sky130_fd_sc_hd__mux4_2)
                                                         _0464_ (net)
                      0.131990    0.000000    4.062461 v _2535_/B (sky130_fd_sc_hd__or2_2)
     1    0.002676    0.111112    0.635684    4.698144 v _2535_/X (sky130_fd_sc_hd__or2_2)
                                                         _0465_ (net)
                      0.111112    0.000006    4.698151 v _2540_/A1 (sky130_fd_sc_hd__a22o_2)
    17    0.091472    0.412789    0.776844    5.474995 v _2540_/X (sky130_fd_sc_hd__a22o_2)
                                                         _0470_ (net)
                      0.412815    0.003737    5.478732 v _2627_/B (sky130_fd_sc_hd__or2_2)
     4    0.013579    0.171286    0.850338    6.329070 v _2627_/X (sky130_fd_sc_hd__or2_2)
                                                         _0557_ (net)
                      0.171286    0.000044    6.329114 v _2628_/B (sky130_fd_sc_hd__and2_2)
     7    0.022858    0.149606    0.544949    6.874063 v _2628_/X (sky130_fd_sc_hd__and2_2)
                                                         _0558_ (net)
                      0.149606    0.000117    6.874180 v _3775_/C (sky130_fd_sc_hd__or4_2)
     2    0.003815    0.226875    1.482088    8.356268 v _3775_/X (sky130_fd_sc_hd__or4_2)
                                                         _1335_ (net)
                      0.226875    0.000004    8.356272 v _3832_/A2 (sky130_fd_sc_hd__o31a_2)
     3    0.021725    0.170487    0.795532    9.151803 v _3832_/X (sky130_fd_sc_hd__o31a_2)
                                                         _1391_ (net)
                      0.170492    0.001194    9.152997 v _4109_/A2 (sky130_fd_sc_hd__a21oi_2)
     3    0.012598    0.289481    0.376513    9.529510 ^ _4109_/Y (sky130_fd_sc_hd__a21oi_2)
                                                         _1661_ (net)
                      0.289481    0.000130    9.529639 ^ _4125_/B (sky130_fd_sc_hd__nand2_2)
     2    0.009196    0.113259    0.204890    9.734529 v _4125_/Y (sky130_fd_sc_hd__nand2_2)
                                                         _1676_ (net)
                      0.113259    0.000037    9.734568 v _4144_/B (sky130_fd_sc_hd__nand2_2)
     3    0.011713    0.123321    0.163476    9.898044 ^ _4144_/Y (sky130_fd_sc_hd__nand2_2)
                                                         _1694_ (net)
                      0.123321    0.000073    9.898116 ^ _4172_/A2 (sky130_fd_sc_hd__a21o_2)
     2    0.003932    0.061497    0.260802   10.158918 ^ _4172_/X (sky130_fd_sc_hd__a21o_2)
                                                         _1721_ (net)
                      0.061497    0.000024   10.158942 ^ _4174_/A_N (sky130_fd_sc_hd__and3b_2)
     1    0.002008    0.067685    0.402348   10.561290 v _4174_/X (sky130_fd_sc_hd__and3b_2)
                                                         _1723_ (net)
                      0.067685    0.000006   10.561296 v _4185_/B (sky130_fd_sc_hd__or4b_2)
     1    0.003046    0.218055    1.481249   12.042545 v _4185_/X (sky130_fd_sc_hd__or4b_2)
                                                         _1734_ (net)
                      0.218055    0.000019   12.042563 v _4186_/D (sky130_fd_sc_hd__or4_2)
     1    0.005678    0.244363    1.391042   13.433606 v _4186_/X (sky130_fd_sc_hd__or4_2)
                                                         _1735_ (net)
                      0.244363    0.000068   13.433674 v _4187_/B2 (sky130_fd_sc_hd__o221a_2)
     1    0.001821    0.073550    0.492348   13.926023 v _4187_/X (sky130_fd_sc_hd__o221a_2)
                                                         _0369_ (net)
                      0.073550    0.000003   13.926025 v _5221_/D (sky130_fd_sc_hd__dfxtp_2)
                                             13.926025   data arrival time

                                 26.000000   26.000000   clock CLK (rise edge)
                                  0.000000   26.000000   clock source latency
     1    0.027806    0.000000    0.000000   26.000000 ^ CLK (in)
                                                         CLK (net)
                      0.003120    0.001560   26.001558 ^ clkbuf_0_CLK/A (sky130_fd_sc_hd__clkbuf_16)
     4    0.053384    0.111395    0.235680   26.237240 ^ clkbuf_0_CLK/X (sky130_fd_sc_hd__clkbuf_16)
                                                         clknet_0_CLK (net)
                      0.111401    0.000918   26.238157 ^ clkbuf_2_3__f_CLK/A (sky130_fd_sc_hd__clkbuf_16)
     8    0.071154    0.136011    0.303553   26.541710 ^ clkbuf_2_3__f_CLK/X (sky130_fd_sc_hd__clkbuf_16)
                                                         clknet_2_3__leaf_CLK (net)
                      0.136011    0.000133   26.541843 ^ clkbuf_leaf_21_CLK/A (sky130_fd_sc_hd__clkbuf_8)
    10    0.026309    0.098393    0.280444   26.822287 ^ clkbuf_leaf_21_CLK/X (sky130_fd_sc_hd__clkbuf_8)
                                                         clknet_leaf_21_CLK (net)
                      0.098393    0.000059   26.822346 ^ _5221_/CLK (sky130_fd_sc_hd__dfxtp_2)
                                  0.000000   26.822346   clock reconvergence pessimism
                                 -0.268172   26.554174   library setup time
                                             26.554174   data required time
---------------------------------------------------------------------------------------------
                                             26.554174   data required time
                                            -13.926025   data arrival time
---------------------------------------------------------------------------------------------
                                             12.628150   slack (MET)




===========================================================================
report_checks --slack_max -0.01
============================================================================
======================= max_ss_100C_1v60 Corner ===================================

No paths found.


===========================================================================
 report_check_types -max_slew -max_cap -max_fanout -violators
============================================================================
======================= max_ss_100C_1v60 Corner ===================================



===========================================================================
report_parasitic_annotation -report_unannotated
============================================================================
Found 38 unannotated drivers.
 clkload0/X
 clkload1/Y
 clkload10/X
 clkload11/X
 clkload12/X
 clkload13/X
 clkload14/Y
 clkload15/Y
 clkload16/Y
 clkload17/Y
 clkload18/Y
 clkload19/Y
 clkload2/Y
 clkload20/X
 clkload21/Y
 clkload22/Y
 clkload23/Y
 clkload24/Y
 clkload25/Y
 clkload26/X
 clkload27/X
 clkload28/X
 clkload29/Y
 clkload3/Y
 clkload30/Y
 clkload31/X
 clkload32/X
 clkload33/X
 clkload34/X
 clkload35/X
 clkload36/X
 clkload37/Y
 clkload4/X
 clkload5/X
 clkload6/X
 clkload7/X
 clkload8/X
 clkload9/X
Found 0 partially unannotated drivers.

===========================================================================
max slew violation count 0
Writing metric design__max_slew_violation__count__corner:max_ss_100C_1v60: 0
max fanout violation count 0
Writing metric design__max_fanout_violation__count__corner:max_ss_100C_1v60: 0
max cap violation count 0
Writing metric design__max_cap_violation__count__corner:max_ss_100C_1v60: 0
============================================================================

===========================================================================
check_setup -verbose -unconstrained_endpoints -multiple_clock -no_clock -no_input_delay -loops -generated_clocks
===========================================================================
Warning: There are 49 input ports missing set_input_delay.
  INSTR_STREAM[0]
  INSTR_STREAM[10]
  INSTR_STREAM[11]
  INSTR_STREAM[12]
  INSTR_STREAM[13]
  INSTR_STREAM[14]
  INSTR_STREAM[15]
  INSTR_STREAM[16]
  INSTR_STREAM[17]
  INSTR_STREAM[18]
  INSTR_STREAM[19]
  INSTR_STREAM[1]
  INSTR_STREAM[20]
  INSTR_STREAM[21]
  INSTR_STREAM[22]
  INSTR_STREAM[23]
  INSTR_STREAM[24]
  INSTR_STREAM[25]
  INSTR_STREAM[26]
  INSTR_STREAM[27]
  INSTR_STREAM[28]
  INSTR_STREAM[29]
  INSTR_STREAM[2]
  INSTR_STREAM[30]
  INSTR_STREAM[31]
  INSTR_STREAM[3]
  INSTR_STREAM[4]
  INSTR_STREAM[5]
  INSTR_STREAM[6]
  INSTR_STREAM[7]
  INSTR_STREAM[8]
  INSTR_STREAM[9]
  MEM_LD_DATA[0]
  MEM_LD_DATA[10]
  MEM_LD_DATA[11]
  MEM_LD_DATA[12]
  MEM_LD_DATA[13]
  MEM_LD_DATA[14]
  MEM_LD_DATA[15]
  MEM_LD_DATA[1]
  MEM_LD_DATA[2]
  MEM_LD_DATA[3]
  MEM_LD_DATA[4]
  MEM_LD_DATA[5]
  MEM_LD_DATA[6]
  MEM_LD_DATA[7]
  MEM_LD_DATA[8]
  MEM_LD_DATA[9]
  RESET
Warning: There are 58 unconstrained endpoints.
  DEVICES_LDH
  DEVICES_LDW
  DEVICES_STRH
  DEVICES_STRW
  EX_HALT
  INSTR_ADDR[0]
  INSTR_ADDR[10]
  INSTR_ADDR[11]
  INSTR_ADDR[12]
  INSTR_ADDR[13]
  INSTR_ADDR[14]
  INSTR_ADDR[15]
  INSTR_ADDR[1]
  INSTR_ADDR[2]
  INSTR_ADDR[3]
  INSTR_ADDR[4]
  INSTR_ADDR[5]
  INSTR_ADDR[6]
  INSTR_ADDR[7]
  INSTR_ADDR[8]
  INSTR_ADDR[9]
  INVALID_MEM
  MAIN_LDH
  MAIN_LDW
  MAIN_STRH
  MAIN_STRW
  MEM_ADDR[0]
  MEM_ADDR[10]
  MEM_ADDR[11]
  MEM_ADDR[12]
  MEM_ADDR[13]
  MEM_ADDR[14]
  MEM_ADDR[15]
  MEM_ADDR[1]
  MEM_ADDR[2]
  MEM_ADDR[3]
  MEM_ADDR[4]
  MEM_ADDR[5]
  MEM_ADDR[6]
  MEM_ADDR[7]
  MEM_ADDR[8]
  MEM_ADDR[9]
  MEM_STR_DATA[0]
  MEM_STR_DATA[10]
  MEM_STR_DATA[11]
  MEM_STR_DATA[12]
  MEM_STR_DATA[13]
  MEM_STR_DATA[14]
  MEM_STR_DATA[15]
  MEM_STR_DATA[1]
  MEM_STR_DATA[2]
  MEM_STR_DATA[3]
  MEM_STR_DATA[4]
  MEM_STR_DATA[5]
  MEM_STR_DATA[6]
  MEM_STR_DATA[7]
  MEM_STR_DATA[8]
  MEM_STR_DATA[9]
