Clock: CLK
Sources: CLK 
Generated: no
Virtual: yes
Propagated: no
Period: 26.000000

===========================================================================
report_clock_properties
============================================================================
Clock                   Period          Waveform
----------------------------------------------------
CLK                  26.000000    0.000000 13.000000

===========================================================================
report_clock_latency
============================================================================
Clock CLK
rise -> rise
    min     max
0.000000 0.000000 source latency
0.817888         network latency _5219_/CLK
        0.857027 network latency _5057_/CLK
---------------
0.817888 0.857027 latency
        0.039139 skew

fall -> fall
    min     max
0.000000 0.000000 source latency
0.846796         network latency _5219_/CLK
        0.875342 network latency _5057_/CLK
---------------
0.846796 0.875342 latency
        0.028546 skew



===========================================================================
report_clock_min_period
============================================================================
CLK period_min = 13.37 fmax = 74.78
