
===========================================================================
report_checks -unconstrained
===========================================================================
======================= nom_tt_025C_1v80 Corner ===================================

Startpoint: _5123_ (rising edge-triggered flip-flop clocked by CLK)
Endpoint: DEVICES_LDW (output port clocked by CLK)
Path Group: CLK
Path Type: max

Fanout         Cap        Slew       Delay        Time   Description
---------------------------------------------------------------------------------------------
                                  0.000000    0.000000   clock CLK (rise edge)
                                  0.000000    0.000000   clock source latency
     1    0.028675    0.134508    0.093666    0.093666 ^ CLK (in)
                                                         CLK (net)
                      0.134553    0.000000    0.093666 ^ clkbuf_0_CLK/A (sky130_fd_sc_hd__clkbuf_16)
     8    0.096245    0.112221    0.214362    0.308028 ^ clkbuf_0_CLK/X (sky130_fd_sc_hd__clkbuf_16)
                                                         clknet_0_CLK (net)
                      0.112421    0.003292    0.311320 ^ clkbuf_3_0__f_CLK/A (sky130_fd_sc_hd__clkbuf_16)
     6    0.040231    0.060041    0.166813    0.478133 ^ clkbuf_3_0__f_CLK/X (sky130_fd_sc_hd__clkbuf_16)
                                                         clknet_3_0__leaf_CLK (net)
                      0.060041    0.000216    0.478349 ^ clkbuf_leaf_3_CLK/A (sky130_fd_sc_hd__clkbuf_8)
    11    0.025729    0.059711    0.144952    0.623301 ^ clkbuf_leaf_3_CLK/X (sky130_fd_sc_hd__clkbuf_8)
                                                         clknet_leaf_3_CLK (net)
                      0.059711    0.000106    0.623407 ^ _5123_/CLK (sky130_fd_sc_hd__dfxtp_2)
     1    0.002839    0.031070    0.309297    0.932704 ^ _5123_/Q (sky130_fd_sc_hd__dfxtp_2)
                                                         _0008_ (net)
                      0.031070    0.000007    0.932711 ^ fanout505/A (sky130_fd_sc_hd__clkdlybuf4s25_1)
     5    0.025987    0.265593    0.397992    1.330703 ^ fanout505/X (sky130_fd_sc_hd__clkdlybuf4s25_1)
                                                         net505 (net)
                      0.265593    0.000507    1.331210 ^ fanout504/A (sky130_fd_sc_hd__clkdlybuf4s25_1)
     5    0.032869    0.332471    0.511338    1.842548 ^ fanout504/X (sky130_fd_sc_hd__clkdlybuf4s25_1)
                                                         net504 (net)
                      0.332471    0.000228    1.842776 ^ fanout502/A (sky130_fd_sc_hd__clkdlybuf4s25_1)
     6    0.039273    0.394793    0.565985    2.408761 ^ fanout502/X (sky130_fd_sc_hd__clkdlybuf4s25_1)
                                                         net502 (net)
                      0.394793    0.000592    2.409353 ^ fanout500/A (sky130_fd_sc_hd__dlymetal6s4s_1)
     6    0.038188    0.384899    0.476994    2.886348 ^ fanout500/X (sky130_fd_sc_hd__dlymetal6s4s_1)
                                                         net500 (net)
                      0.384899    0.000348    2.886695 ^ _2555_/S0 (sky130_fd_sc_hd__mux4_2)
     1    0.002745    0.080001    0.546472    3.433167 v _2555_/X (sky130_fd_sc_hd__mux4_2)
                                                         _0430_ (net)
                      0.080001    0.000013    3.433180 v _2556_/A1 (sky130_fd_sc_hd__mux2_1)
     1    0.005532    0.068398    0.319438    3.752617 v _2556_/X (sky130_fd_sc_hd__mux2_1)
                                                         _0431_ (net)
                      0.068398    0.000082    3.752699 v _2557_/B1 (sky130_fd_sc_hd__a22o_2)
     1    0.008661    0.054870    0.232186    3.984885 v _2557_/X (sky130_fd_sc_hd__a22o_2)
                                                         _0432_ (net)
                      0.054870    0.000203    3.985088 v fanout306/A (sky130_fd_sc_hd__clkdlybuf4s25_1)
     7    0.032138    0.240210    0.407522    4.392610 v fanout306/X (sky130_fd_sc_hd__clkdlybuf4s25_1)
                                                         net306 (net)
                      0.240210    0.000059    4.392668 v fanout305/A (sky130_fd_sc_hd__clkdlybuf4s25_1)
    10    0.047306    0.347855    0.556728    4.949397 v fanout305/X (sky130_fd_sc_hd__clkdlybuf4s25_1)
                                                         net305 (net)
                      0.347858    0.001474    4.950871 v _2559_/B (sky130_fd_sc_hd__and2_2)
     2    0.006838    0.049067    0.337351    5.288221 v _2559_/X (sky130_fd_sc_hd__and2_2)
                                                         _0434_ (net)
                      0.049067    0.000007    5.288229 v _2562_/A (sky130_fd_sc_hd__nor2_2)
     7    0.028087    0.319470    0.282941    5.571169 ^ _2562_/Y (sky130_fd_sc_hd__nor2_2)
                                                         _0437_ (net)
                      0.319470    0.000027    5.571196 ^ _2619_/A1 (sky130_fd_sc_hd__a31o_2)
     3    0.017670    0.113865    0.269490    5.840686 ^ _2619_/X (sky130_fd_sc_hd__a31o_2)
                                                         _0494_ (net)
                      0.113865    0.000190    5.840876 ^ _2624_/A1 (sky130_fd_sc_hd__a311o_2)
     4    0.033540    0.184118    0.290928    6.131804 ^ _2624_/X (sky130_fd_sc_hd__a311o_2)
                                                         _0499_ (net)
                      0.184131    0.001685    6.133489 ^ _2679_/A (sky130_fd_sc_hd__nand4_2)
     2    0.010156    0.120936    0.135635    6.269124 v _2679_/Y (sky130_fd_sc_hd__nand4_2)
                                                         _0554_ (net)
                      0.120936    0.000119    6.269243 v _2683_/A1 (sky130_fd_sc_hd__a21bo_2)
     4    0.015421    0.063455    0.254196    6.523438 v _2683_/X (sky130_fd_sc_hd__a21bo_2)
                                                         _0558_ (net)
                      0.063455    0.000110    6.523549 v _2688_/A3 (sky130_fd_sc_hd__a311o_2)
     3    0.009721    0.072786    0.414723    6.938272 v _2688_/X (sky130_fd_sc_hd__a311o_2)
                                                         _0563_ (net)
                      0.072786    0.000068    6.938340 v _2689_/B (sky130_fd_sc_hd__nand2_2)
     1    0.008973    0.065469    0.091101    7.029442 ^ _2689_/Y (sky130_fd_sc_hd__nand2_2)
                                                         _0564_ (net)
                      0.065469    0.000029    7.029471 ^ _2690_/B (sky130_fd_sc_hd__xnor2_2)
     3    0.015525    0.096645    0.096858    7.126329 v _2690_/Y (sky130_fd_sc_hd__xnor2_2)
                                                         _0565_ (net)
                      0.096645    0.000235    7.126565 v _2696_/B (sky130_fd_sc_hd__or2_2)
     5    0.021717    0.104903    0.356056    7.482620 v _2696_/X (sky130_fd_sc_hd__or2_2)
                                                         _0567_ (net)
                      0.104903    0.000037    7.482657 v _2701_/B (sky130_fd_sc_hd__nor2_2)
     1    0.003584    0.095710    0.099044    7.581702 ^ _2701_/Y (sky130_fd_sc_hd__nor2_2)
                                                         net51 (net)
                      0.095710    0.000024    7.581726 ^ output51/A (sky130_fd_sc_hd__clkdlybuf4s25_1)
     1    0.034779    0.351231    0.480637    8.062363 ^ output51/X (sky130_fd_sc_hd__clkdlybuf4s25_1)
                                                         DEVICES_LDW (net)
                      0.351231    0.000276    8.062639 ^ DEVICES_LDW (out)
                                              8.062639   data arrival time

                                 20.000000   20.000000   clock CLK (rise edge)
                                  0.000000   20.000000   clock network delay (propagated)
                                 -0.250000   19.750002   clock uncertainty
                                  0.000000   19.750002   clock reconvergence pessimism
                                 -4.000000   15.750001   output external delay
                                             15.750001   data required time
---------------------------------------------------------------------------------------------
                                             15.750001   data required time
                                             -8.062639   data arrival time
---------------------------------------------------------------------------------------------
                                              7.687362   slack (MET)




===========================================================================
report_checks --slack_max -0.01
============================================================================
======================= nom_tt_025C_1v80 Corner ===================================

No paths found.


===========================================================================
 report_check_types -max_slew -max_cap -max_fanout -violators
============================================================================
======================= nom_tt_025C_1v80 Corner ===================================

max fanout

Pin                                   Limit Fanout  Slack
---------------------------------------------------------
clkbuf_leaf_24_CLK/X                     10     12     -2 (VIOLATED)
clkbuf_leaf_25_CLK/X                     10     12     -2 (VIOLATED)
clkbuf_leaf_0_CLK/X                      10     11        (VIOLATED)
clkbuf_leaf_16_CLK/X                     10     11        (VIOLATED)
clkbuf_leaf_22_CLK/X                     10     11        (VIOLATED)
clkbuf_leaf_23_CLK/X                     10     11        (VIOLATED)
clkbuf_leaf_2_CLK/X                      10     11        (VIOLATED)
clkbuf_leaf_36_CLK/X                     10     11        (VIOLATED)
clkbuf_leaf_3_CLK/X                      10     11        (VIOLATED)
clkbuf_leaf_4_CLK/X                      10     11        (VIOLATED)
clkbuf_leaf_6_CLK/X                      10     11        (VIOLATED)



===========================================================================
report_parasitic_annotation -report_unannotated
============================================================================
Found 22 unannotated drivers.
 clkload0/X
 clkload1/X
 clkload10/Y
 clkload11/X
 clkload12/X
 clkload13/Y
 clkload14/X
 clkload15/Y
 clkload16/X
 clkload17/X
 clkload18/Y
 clkload19/Y
 clkload2/X
 clkload20/X
 clkload21/X
 clkload3/X
 clkload4/X
 clkload5/X
 clkload6/X
 clkload7/X
 clkload8/X
 clkload9/X
Found 0 partially unannotated drivers.

===========================================================================
max slew violation count 0
Writing metric design__max_slew_violation__count__corner:nom_tt_025C_1v80: 0
max fanout violation count 11
Writing metric design__max_fanout_violation__count__corner:nom_tt_025C_1v80: 11
max cap violation count 0
Writing metric design__max_cap_violation__count__corner:nom_tt_025C_1v80: 0
============================================================================

===========================================================================
check_setup -verbose -unconstrained_endpoints -multiple_clock -no_clock -no_input_delay -loops -generated_clocks
===========================================================================
