
===========================================================================
 report_power
============================================================================
======================= nom_tt_025C_1v80 Corner ===================================

Group                    Internal    Switching      Leakage        Total
                            Power        Power        Power        Power (Watts)
------------------------------------------------------------------------
Sequential           8.071325e-04 1.585468e-05 3.402940e-09 8.229906e-04  41.7%
Combinational        2.822648e-04 2.905818e-04 1.256639e-08 5.728592e-04  29.0%
Clock                3.396841e-04 2.390228e-04 1.157089e-09 5.787081e-04  29.3%
Macro                0.000000e+00 0.000000e+00 0.000000e+00 0.000000e+00   0.0%
Pad                  0.000000e+00 0.000000e+00 0.000000e+00 0.000000e+00   0.0%
------------------------------------------------------------------------
Total                1.429081e-03 5.454589e-04 1.712642e-08 1.974557e-03 100.0%
                            72.4%        27.6%         0.0%
Writing metric power__internal__total: 0.001429080730304122
Writing metric power__switching__total: 0.0005454588681459427
Writing metric power__leakage__total: 1.7126415841062226e-8
Writing metric power__total: 0.001974556827917695

