Clock: CLK
Sources: CLK 
Generated: no
Virtual: yes
Propagated: no
Period: 26.000000

===========================================================================
report_clock_properties
============================================================================
Clock                   Period          Waveform
----------------------------------------------------
CLK                  26.000000    0.000000 13.000000

===========================================================================
report_clock_latency
============================================================================
Clock CLK
rise -> rise
    min     max
0.000000 0.000000 source latency
0.919596         network latency _5227_/CLK
        1.002792 network latency _5057_/CLK
---------------
0.919596 1.002792 latency
        0.083196 skew

fall -> fall
    min     max
0.000000 0.000000 source latency
0.923415         network latency _5227_/CLK
        0.983613 network latency _5037_/CLK
---------------
0.923415 0.983613 latency
        0.060198 skew



===========================================================================
report_clock_min_period
============================================================================
CLK period_min = 14.33 fmax = 69.76
