
===========================================================================
report_checks -unconstrained
===========================================================================
======================= max_ss_100C_1v60 Corner ===================================

Startpoint: _5123_ (rising edge-triggered flip-flop clocked by CLK)
Endpoint: _5219_ (rising edge-triggered flip-flop clocked by CLK)
Path Group: CLK
Path Type: max

Fanout         Cap        Slew       Delay        Time   Description
---------------------------------------------------------------------------------------------
                                  0.000000    0.000000   clock CLK (rise edge)
                                  0.000000    0.000000   clock source latency
     1    0.053913    0.000000    0.000000    0.000000 ^ CLK (in)
                                                         CLK (net)
                      0.006875    0.003438    0.003438 ^ clkbuf_0_CLK/A (sky130_fd_sc_hd__clkbuf_16)
     4    0.080549    0.149288    0.264137    0.267575 ^ clkbuf_0_CLK/X (sky130_fd_sc_hd__clkbuf_16)
                                                         clknet_0_CLK (net)
                      0.149723    0.006390    0.273964 ^ clkbuf_2_0__f_CLK/A (sky130_fd_sc_hd__clkbuf_16)
    14    0.134484    0.224653    0.386749    0.660714 ^ clkbuf_2_0__f_CLK/X (sky130_fd_sc_hd__clkbuf_16)
                                                         clknet_2_0__leaf_CLK (net)
                      0.224966    0.005758    0.666472 ^ clkbuf_leaf_3_CLK/A (sky130_fd_sc_hd__clkbuf_8)
    11    0.028292    0.103807    0.325416    0.991888 ^ clkbuf_leaf_3_CLK/X (sky130_fd_sc_hd__clkbuf_8)
                                                         clknet_leaf_3_CLK (net)
                      0.103823    0.001302    0.993190 ^ _5123_/CLK (sky130_fd_sc_hd__dfxtp_4)
    31    0.254452    1.118595    1.448549    2.441739 ^ _5123_/Q (sky130_fd_sc_hd__dfxtp_4)
                                                         _0008_ (net)
                      1.120342    0.036926    2.478665 ^ max_cap147/A (sky130_fd_sc_hd__buf_12)
    34    0.282176    0.501819    0.747100    3.225765 ^ max_cap147/X (sky130_fd_sc_hd__buf_12)
                                                         net147 (net)
                      0.530868    0.093931    3.319696 ^ _2569_/S0 (sky130_fd_sc_hd__mux4_2)
     1    0.005264    0.164287    1.278021    4.597717 v _2569_/X (sky130_fd_sc_hd__mux4_2)
                                                         _0444_ (net)
                      0.164287    0.000363    4.598080 v _2570_/A1 (sky130_fd_sc_hd__mux2_1)
     2    0.015548    0.221233    0.835371    5.433452 v _2570_/X (sky130_fd_sc_hd__mux2_1)
                                                         _0445_ (net)
                      0.221238    0.001416    5.434867 v _2571_/B1 (sky130_fd_sc_hd__a22oi_2)
    16    0.110467    2.055369    1.611822    7.046690 ^ _2571_/Y (sky130_fd_sc_hd__a22oi_2)
                                                         _0446_ (net)
                      2.055552    0.016423    7.063113 ^ _2610_/B (sky130_fd_sc_hd__or2_2)
     2    0.010113    0.137675    0.765852    7.828965 ^ _2610_/X (sky130_fd_sc_hd__or2_2)
                                                         _0485_ (net)
                      0.137675    0.000263    7.829228 ^ _3931_/C1 (sky130_fd_sc_hd__o211ai_2)
     3    0.013170    0.267623    0.264733    8.093962 v _3931_/Y (sky130_fd_sc_hd__o211ai_2)
                                                         _1435_ (net)
                      0.267623    0.000566    8.094527 v _3935_/A4 (sky130_fd_sc_hd__a41o_2)
     3    0.016649    0.134038    0.651382    8.745909 v _3935_/X (sky130_fd_sc_hd__a41o_2)
                                                         _1439_ (net)
                      0.134055    0.001504    8.747413 v _3941_/A2 (sky130_fd_sc_hd__o31a_2)
     3    0.040197    0.246177    0.830307    9.577720 v _3941_/X (sky130_fd_sc_hd__o31a_2)
                                                         _1445_ (net)
                      0.246502    0.008037    9.585756 v _3942_/B2 (sky130_fd_sc_hd__a221oi_2)
     4    0.025666    0.854714    0.883609   10.469365 ^ _3942_/Y (sky130_fd_sc_hd__a221oi_2)
                                                         _1446_ (net)
                      0.854719    0.001648   10.471014 ^ _4292_/B (sky130_fd_sc_hd__nor2_2)
     2    0.005517    0.150349    0.237373   10.708386 v _4292_/Y (sky130_fd_sc_hd__nor2_2)
                                                         _1785_ (net)
                      0.150349    0.000298   10.708685 v _4311_/C (sky130_fd_sc_hd__or3_2)
     1    0.002682    0.160026    0.981524   11.690209 v _4311_/X (sky130_fd_sc_hd__or3_2)
                                                         _1803_ (net)
                      0.160026    0.000194   11.690403 v _4313_/C (sky130_fd_sc_hd__and4_2)
     1    0.001622    0.068869    0.487015   12.177418 v _4313_/X (sky130_fd_sc_hd__and4_2)
                                                         _1805_ (net)
                      0.068869    0.000072   12.177489 v _4324_/B (sky130_fd_sc_hd__or3b_2)
     1    0.002072    0.153846    0.999558   13.177048 v _4324_/X (sky130_fd_sc_hd__or3b_2)
                                                         _1816_ (net)
                      0.153846    0.000123   13.177171 v _4327_/B1_N (sky130_fd_sc_hd__o21ba_2)
     1    0.011581    0.146748    0.564391   13.741562 ^ _4327_/X (sky130_fd_sc_hd__o21ba_2)
                                                         _1819_ (net)
                      0.146752    0.001010   13.742572 ^ _4328_/B1 (sky130_fd_sc_hd__o21ai_2)
     1    0.002943    0.158219    0.123075   13.865646 v _4328_/Y (sky130_fd_sc_hd__o21ai_2)
                                                         _1820_ (net)
                      0.158219    0.000203   13.865850 v _4329_/B2 (sky130_fd_sc_hd__o221a_2)
     1    0.002815    0.078848    0.465756   14.331607 v _4329_/X (sky130_fd_sc_hd__o221a_2)
                                                         _0371_ (net)
                      0.078848    0.000203   14.331810 v _5219_/D (sky130_fd_sc_hd__dfxtp_2)
                                             14.331810   data arrival time

                                 26.000000   26.000000   clock CLK (rise edge)
                                  0.000000   26.000000   clock source latency
     1    0.053913    0.000000    0.000000   26.000000 ^ CLK (in)
                                                         CLK (net)
                      0.006875    0.003437   26.003437 ^ clkbuf_0_CLK/A (sky130_fd_sc_hd__clkbuf_16)
     4    0.080549    0.149288    0.264137   26.267574 ^ clkbuf_0_CLK/X (sky130_fd_sc_hd__clkbuf_16)
                                                         clknet_0_CLK (net)
                      0.149721    0.006370   26.273943 ^ clkbuf_2_1__f_CLK/A (sky130_fd_sc_hd__clkbuf_16)
    12    0.112222    0.194401    0.360016   26.633961 ^ clkbuf_2_1__f_CLK/X (sky130_fd_sc_hd__clkbuf_16)
                                                         clknet_2_1__leaf_CLK (net)
                      0.196004    0.014102   26.648062 ^ clkbuf_leaf_17_CLK/A (sky130_fd_sc_hd__clkbuf_8)
    11    0.036537    0.121414    0.328836   26.976898 ^ clkbuf_leaf_17_CLK/X (sky130_fd_sc_hd__clkbuf_8)
                                                         clknet_leaf_17_CLK (net)
                      0.121422    0.001137   26.978035 ^ _5219_/CLK (sky130_fd_sc_hd__dfxtp_2)
                                  0.000000   26.978035   clock reconvergence pessimism
                                 -0.264135   26.713900   library setup time
                                             26.713900   data required time
---------------------------------------------------------------------------------------------
                                             26.713900   data required time
                                            -14.331810   data arrival time
---------------------------------------------------------------------------------------------
                                             12.382090   slack (MET)




===========================================================================
report_checks --slack_max -0.01
============================================================================
======================= max_ss_100C_1v60 Corner ===================================

No paths found.


===========================================================================
 report_check_types -max_slew -max_cap -max_fanout -violators
============================================================================
======================= max_ss_100C_1v60 Corner ===================================

max slew

Pin                                        Limit        Slew       Slack
------------------------------------------------------------------------
_3971_/A0                               1.500000    2.055928   -0.555928 (VIOLATED)
_3656_/A1                               1.500000    2.055911   -0.555911 (VIOLATED)
_4420_/A1                               1.500000    2.055907   -0.555908 (VIOLATED)
_4096_/A1                               1.500000    2.055902   -0.555902 (VIOLATED)
_4636_/A1                               1.500000    2.055870   -0.555870 (VIOLATED)
_3641_/A1                               1.500000    2.055867   -0.555867 (VIOLATED)
_3968_/A0                               1.500000    2.055808   -0.555808 (VIOLATED)
_4382_/A1                               1.500000    2.055660   -0.555660 (VIOLATED)
_4530_/A1                               1.500000    2.055572   -0.555572 (VIOLATED)
_3826_/A                                1.500000    2.055558   -0.555558 (VIOLATED)
_2611_/B                                1.500000    2.055555   -0.555555 (VIOLATED)
_3825_/A                                1.500000    2.055554   -0.555554 (VIOLATED)
_2610_/B                                1.500000    2.055552   -0.555552 (VIOLATED)
_4552_/B1                               1.500000    2.055543   -0.555543 (VIOLATED)
_4493_/A                                1.500000    2.055424   -0.555425 (VIOLATED)
_4446_/A                                1.500000    2.055406   -0.555406 (VIOLATED)
_4002_/Y                                1.496266    1.996473   -0.500207 (VIOLATED)
_4321_/B1                               1.500000    1.996554   -0.496554 (VIOLATED)
_4300_/B1                               1.500000    1.996551   -0.496551 (VIOLATED)
_4348_/B1                               1.500000    1.996543   -0.496543 (VIOLATED)
_4372_/A2                               1.500000    1.996530   -0.496530 (VIOLATED)
_4210_/B1                               1.500000    1.996521   -0.496522 (VIOLATED)
_4273_/B1                               1.500000    1.996522   -0.496522 (VIOLATED)
_4256_/B1                               1.500000    1.996514   -0.496514 (VIOLATED)
_4513_/B1                               1.500000    1.996500   -0.496500 (VIOLATED)
_4574_/C1                               1.500000    1.996500   -0.496500 (VIOLATED)
_4084_/A2_N                             1.500000    1.996488   -0.496488 (VIOLATED)
_4158_/B1                               1.500000    1.996489   -0.496489 (VIOLATED)
_4135_/B1                               1.500000    1.996488   -0.496488 (VIOLATED)
_4101_/B1                               1.500000    1.996483   -0.496484 (VIOLATED)
_4044_/A1                               1.500000    1.962998   -0.462998 (VIOLATED)
_4420_/A0                               1.500000    1.962995   -0.462995 (VIOLATED)
_4067_/A                                1.500000    1.962991   -0.462991 (VIOLATED)
_3641_/A0                               1.500000    1.962964   -0.462964 (VIOLATED)
_4585_/A1                               1.500000    1.962947   -0.462947 (VIOLATED)
_3973_/A1                               1.500000    1.962945   -0.462945 (VIOLATED)
_3656_/A0                               1.500000    1.962937   -0.462937 (VIOLATED)
_3966_/A                                1.500000    1.962828   -0.462828 (VIOLATED)
_4381_/B1                               1.500000    1.962791   -0.462791 (VIOLATED)
_4478_/A2                               1.500000    1.962739   -0.462739 (VIOLATED)
_3929_/B                                1.500000    1.962727   -0.462727 (VIOLATED)
_3891_/A                                1.500000    1.962726   -0.462726 (VIOLATED)
_4552_/C1                               1.500000    1.962717   -0.462717 (VIOLATED)
_4530_/A2                               1.500000    1.962708   -0.462708 (VIOLATED)
_3208_/Y                                1.496266    1.910965   -0.414699 (VIOLATED)
_3209_/B1                               1.500000    1.911183   -0.411183 (VIOLATED)
_3214_/B1                               1.500000    1.911179   -0.411179 (VIOLATED)
_3211_/B1                               1.500000    1.911177   -0.411177 (VIOLATED)
_3212_/B1                               1.500000    1.911175   -0.411175 (VIOLATED)
_3213_/B1                               1.500000    1.911133   -0.411133 (VIOLATED)
_3220_/B1                               1.500000    1.911094   -0.411094 (VIOLATED)
_3218_/B1                               1.500000    1.911046   -0.411046 (VIOLATED)
_3216_/B1                               1.500000    1.911029   -0.411029 (VIOLATED)
_3219_/B1                               1.500000    1.911024   -0.411024 (VIOLATED)
_3210_/B1                               1.500000    1.911020   -0.411020 (VIOLATED)
_3221_/B1                               1.500000    1.911019   -0.411019 (VIOLATED)
_3215_/B1                               1.500000    1.911007   -0.411007 (VIOLATED)
_3223_/B1                               1.500000    1.910988   -0.410988 (VIOLATED)
_3222_/B1                               1.500000    1.910981   -0.410981 (VIOLATED)
_3224_/B1                               1.500000    1.910980   -0.410980 (VIOLATED)
_3217_/B1                               1.500000    1.910978   -0.410978 (VIOLATED)
_3043_/Y                                1.496266    1.862936   -0.366670 (VIOLATED)
_3046_/B1                               1.500000    1.863142   -0.363142 (VIOLATED)
_3049_/B1                               1.500000    1.863141   -0.363141 (VIOLATED)
_3044_/B1                               1.500000    1.863139   -0.363139 (VIOLATED)
_3047_/B1                               1.500000    1.863139   -0.363139 (VIOLATED)
_3048_/B1                               1.500000    1.863129   -0.363129 (VIOLATED)
_3055_/B1                               1.500000    1.863127   -0.363127 (VIOLATED)
_3053_/B1                               1.500000    1.863121   -0.363121 (VIOLATED)
_3051_/B1                               1.500000    1.863057   -0.363057 (VIOLATED)
_3045_/B1                               1.500000    1.863038   -0.363038 (VIOLATED)
_3054_/B1                               1.500000    1.863030   -0.363030 (VIOLATED)
_3056_/B1                               1.500000    1.863016   -0.363017 (VIOLATED)
_3050_/B1                               1.500000    1.863011   -0.363011 (VIOLATED)
_3057_/B1                               1.500000    1.862991   -0.362991 (VIOLATED)
_3059_/B1                               1.500000    1.862988   -0.362989 (VIOLATED)
_3052_/B1                               1.500000    1.862965   -0.362965 (VIOLATED)
_3058_/B1                               1.500000    1.862936   -0.362936 (VIOLATED)
_3099_/Y                                1.496266    1.850607   -0.354341 (VIOLATED)
_3102_/B1                               1.500000    1.850732   -0.350732 (VIOLATED)
_3100_/B1                               1.500000    1.850730   -0.350730 (VIOLATED)
_3105_/B1                               1.500000    1.850725   -0.350725 (VIOLATED)
_3103_/B1                               1.500000    1.850724   -0.350725 (VIOLATED)
_3104_/B1                               1.500000    1.850711   -0.350711 (VIOLATED)
_3111_/B1                               1.500000    1.850699   -0.350699 (VIOLATED)
_3107_/B1                               1.500000    1.850693   -0.350693 (VIOLATED)
_3109_/B1                               1.500000    1.850666   -0.350666 (VIOLATED)
_3110_/B1                               1.500000    1.850635   -0.350635 (VIOLATED)
_3101_/B1                               1.500000    1.850627   -0.350627 (VIOLATED)
_3112_/B1                               1.500000    1.850622   -0.350622 (VIOLATED)
_3106_/B1                               1.500000    1.850621   -0.350621 (VIOLATED)
_3115_/B1                               1.500000    1.850621   -0.350621 (VIOLATED)
_3108_/B1                               1.500000    1.850611   -0.350611 (VIOLATED)
_3113_/B1                               1.500000    1.850610   -0.350611 (VIOLATED)
_3114_/B1                               1.500000    1.850610   -0.350610 (VIOLATED)
_3061_/Y                                1.496266    1.837322   -0.341056 (VIOLATED)
_3062_/B1                               1.500000    1.837476   -0.337476 (VIOLATED)
_3067_/B1                               1.500000    1.837475   -0.337475 (VIOLATED)
_3064_/B1                               1.500000    1.837474   -0.337474 (VIOLATED)
_3065_/B1                               1.500000    1.837472   -0.337472 (VIOLATED)
_3066_/B1                               1.500000    1.837464   -0.337464 (VIOLATED)
_3073_/B1                               1.500000    1.837454   -0.337454 (VIOLATED)
_3071_/B1                               1.500000    1.837420   -0.337421 (VIOLATED)
_3069_/B1                               1.500000    1.837412   -0.337412 (VIOLATED)
_3063_/B1                               1.500000    1.837384   -0.337384 (VIOLATED)
_3072_/B1                               1.500000    1.837380   -0.337380 (VIOLATED)
_3074_/B1                               1.500000    1.837367   -0.337367 (VIOLATED)
_3068_/B1                               1.500000    1.837365   -0.337365 (VIOLATED)
_3075_/B1                               1.500000    1.837350   -0.337350 (VIOLATED)
_3077_/B1                               1.500000    1.837349   -0.337349 (VIOLATED)
_3070_/B1                               1.500000    1.837343   -0.337343 (VIOLATED)
_3076_/B1                               1.500000    1.837328   -0.337328 (VIOLATED)
_3136_/Y                                1.496266    1.832898   -0.336632 (VIOLATED)
_3142_/B1                               1.500000    1.833548   -0.333548 (VIOLATED)
_3139_/B1                               1.500000    1.833547   -0.333547 (VIOLATED)
_3140_/B1                               1.500000    1.833546   -0.333546 (VIOLATED)
_3137_/B1                               1.500000    1.833529   -0.333529 (VIOLATED)
_3146_/B1                               1.500000    1.833515   -0.333515 (VIOLATED)
_3141_/B1                               1.500000    1.833495   -0.333495 (VIOLATED)
_3148_/B1                               1.500000    1.833473   -0.333473 (VIOLATED)
_3144_/B1                               1.500000    1.833448   -0.333448 (VIOLATED)
_3147_/B1                               1.500000    1.833349   -0.333349 (VIOLATED)
_3138_/B1                               1.500000    1.833240   -0.333240 (VIOLATED)
_3143_/B1                               1.500000    1.833117   -0.333117 (VIOLATED)
_3149_/B1                               1.500000    1.833039   -0.333039 (VIOLATED)
_3152_/B1                               1.500000    1.833021   -0.333021 (VIOLATED)
_3145_/B1                               1.500000    1.832948   -0.332948 (VIOLATED)
_3150_/B1                               1.500000    1.832922   -0.332922 (VIOLATED)
_3151_/B1                               1.500000    1.832907   -0.332907 (VIOLATED)
_3024_/Y                                1.496266    1.753156   -0.256890 (VIOLATED)
_2987_/Y                                1.496266    1.751050   -0.254784 (VIOLATED)
_3027_/B1                               1.500000    1.753459   -0.253459 (VIOLATED)
_3028_/B1                               1.500000    1.753459   -0.253459 (VIOLATED)
_3030_/B1                               1.500000    1.753456   -0.253456 (VIOLATED)
_3025_/B1                               1.500000    1.753451   -0.253451 (VIOLATED)
_3029_/B1                               1.500000    1.753420   -0.253420 (VIOLATED)
_3036_/B1                               1.500000    1.753396   -0.253396 (VIOLATED)
_3034_/B1                               1.500000    1.753362   -0.253362 (VIOLATED)
_3032_/B1                               1.500000    1.753304   -0.253304 (VIOLATED)
_3035_/B1                               1.500000    1.753251   -0.253251 (VIOLATED)
_3037_/B1                               1.500000    1.753233   -0.253233 (VIOLATED)
_3038_/B1                               1.500000    1.753213   -0.253213 (VIOLATED)
_3040_/B1                               1.500000    1.753213   -0.253213 (VIOLATED)
_3031_/B1                               1.500000    1.753211   -0.253212 (VIOLATED)
_3026_/B1                               1.500000    1.753183   -0.253183 (VIOLATED)
_3033_/B1                               1.500000    1.753163   -0.253163 (VIOLATED)
_3039_/B1                               1.500000    1.753162   -0.253162 (VIOLATED)
_2990_/B1                               1.500000    1.751453   -0.251453 (VIOLATED)
_2991_/B1                               1.500000    1.751449   -0.251449 (VIOLATED)
_2993_/B1                               1.500000    1.751443   -0.251443 (VIOLATED)
_2988_/B1                               1.500000    1.751428   -0.251428 (VIOLATED)
_2992_/B1                               1.500000    1.751412   -0.251412 (VIOLATED)
_2997_/B1                               1.500000    1.751407   -0.251407 (VIOLATED)
_2999_/B1                               1.500000    1.751370   -0.251370 (VIOLATED)
_2995_/B1                               1.500000    1.751284   -0.251284 (VIOLATED)
_2998_/B1                               1.500000    1.751265   -0.251265 (VIOLATED)
_2989_/B1                               1.500000    1.751256   -0.251256 (VIOLATED)
_3000_/B1                               1.500000    1.751164   -0.251164 (VIOLATED)
_2994_/B1                               1.500000    1.751108   -0.251108 (VIOLATED)
_3001_/B1                               1.500000    1.751082   -0.251082 (VIOLATED)
_3003_/B1                               1.500000    1.751076   -0.251076 (VIOLATED)
_2996_/B1                               1.500000    1.751057   -0.251057 (VIOLATED)
_3002_/B1                               1.500000    1.751057   -0.251057 (VIOLATED)
_2968_/Y                                1.496266    1.739032   -0.242766 (VIOLATED)
_2971_/B1                               1.500000    1.739147   -0.239147 (VIOLATED)
_2972_/B1                               1.500000    1.739146   -0.239146 (VIOLATED)
_2974_/B1                               1.500000    1.739143   -0.239143 (VIOLATED)
_2969_/B1                               1.500000    1.739140   -0.239140 (VIOLATED)
_2973_/B1                               1.500000    1.739135   -0.239135 (VIOLATED)
_2980_/B1                               1.500000    1.739133   -0.239133 (VIOLATED)
_2978_/B1                               1.500000    1.739123   -0.239123 (VIOLATED)
_2976_/B1                               1.500000    1.739116   -0.239116 (VIOLATED)
_2979_/B1                               1.500000    1.739107   -0.239107 (VIOLATED)
_2981_/B1                               1.500000    1.739088   -0.239088 (VIOLATED)
_2983_/B1                               1.500000    1.739088   -0.239088 (VIOLATED)
_2977_/B1                               1.500000    1.739085   -0.239086 (VIOLATED)
_2982_/B1                               1.500000    1.739082   -0.239082 (VIOLATED)
_2984_/B1                               1.500000    1.739076   -0.239076 (VIOLATED)
_2975_/B1                               1.500000    1.739074   -0.239074 (VIOLATED)
_2970_/B1                               1.500000    1.739048   -0.239048 (VIOLATED)
_3006_/Y                                1.496266    1.685457   -0.189191 (VIOLATED)
_3009_/B1                               1.500000    1.686016   -0.186016 (VIOLATED)
_3010_/B1                               1.500000    1.686016   -0.186016 (VIOLATED)
_3012_/B1                               1.500000    1.686005   -0.186005 (VIOLATED)
_3007_/B1                               1.500000    1.685983   -0.185983 (VIOLATED)
_3011_/B1                               1.500000    1.685937   -0.185937 (VIOLATED)
_3018_/B1                               1.500000    1.685894   -0.185894 (VIOLATED)
_3016_/B1                               1.500000    1.685847   -0.185847 (VIOLATED)
_3014_/B1                               1.500000    1.685779   -0.185779 (VIOLATED)
_3008_/B1                               1.500000    1.685731   -0.185731 (VIOLATED)
_3017_/B1                               1.500000    1.685729   -0.185729 (VIOLATED)
_3019_/B1                               1.500000    1.685728   -0.185728 (VIOLATED)
_3013_/B1                               1.500000    1.685665   -0.185665 (VIOLATED)
_3022_/B1                               1.500000    1.685628   -0.185628 (VIOLATED)
_3020_/B1                               1.500000    1.685557   -0.185557 (VIOLATED)
_3015_/B1                               1.500000    1.685519   -0.185519 (VIOLATED)
_3021_/B1                               1.500000    1.685501   -0.185502 (VIOLATED)
_3895_/B1                               1.500000    1.605523   -0.105523 (VIOLATED)
_3924_/B                                1.500000    1.605507   -0.105507 (VIOLATED)
_4422_/A1                               1.500000    1.605452   -0.105452 (VIOLATED)
_4520_/A0                               1.500000    1.605450   -0.105450 (VIOLATED)
_4675_/A1                               1.500000    1.605435   -0.105435 (VIOLATED)
_3647_/A1                               1.500000    1.605423   -0.105423 (VIOLATED)
_3960_/A0                               1.500000    1.605402   -0.105402 (VIOLATED)
_4474_/A2                               1.500000    1.605351   -0.105351 (VIOLATED)
_2885_/A                                1.500000    1.600977   -0.100977 (VIOLATED)
_2874_/A                                1.500000    1.600960   -0.100960 (VIOLATED)
_2877_/A                                1.500000    1.600937   -0.100937 (VIOLATED)
_2866_/A                                1.500000    1.600880   -0.100880 (VIOLATED)
_2880_/A                                1.500000    1.600844   -0.100844 (VIOLATED)
_2871_/A                                1.500000    1.600749   -0.100749 (VIOLATED)
_2883_/A                                1.500000    1.600748   -0.100749 (VIOLATED)
_2869_/A                                1.500000    1.600625   -0.100625 (VIOLATED)
_2888_/B1                               1.500000    1.600561   -0.100561 (VIOLATED)
_2691_/A_N                              1.500000    1.600532   -0.100532 (VIOLATED)
_2696_/A                                1.500000    1.600508   -0.100508 (VIOLATED)
_2887_/B                                1.500000    1.600361   -0.100361 (VIOLATED)
_2454_/A_N                              1.500000    1.599889   -0.099889 (VIOLATED)
_2860_/A                                1.500000    1.599876   -0.099876 (VIOLATED)
_2856_/A                                1.500000    1.599876   -0.099876 (VIOLATED)
_2858_/A                                1.500000    1.599875   -0.099875 (VIOLATED)
_2854_/A_N                              1.500000    1.599872   -0.099872 (VIOLATED)
_2862_/A                                1.500000    1.599850   -0.099850 (VIOLATED)
_2707_/B1                               1.500000    1.599573   -0.099573 (VIOLATED)
_2702_/A1                               1.500000    1.599544   -0.099544 (VIOLATED)
_2466_/A_N                              1.500000    1.599525   -0.099525 (VIOLATED)
_2864_/A                                1.500000    1.599519   -0.099519 (VIOLATED)
_2448_/X                                1.500687    1.599394   -0.098707 (VIOLATED)
_2707_/A2                               1.500000    1.587659   -0.087659 (VIOLATED)
_4081_/A1_N                             1.500000    1.587624   -0.087624 (VIOLATED)
_4609_/A1                               1.500000    1.587615   -0.087616 (VIOLATED)
_4678_/A1                               1.500000    1.587615   -0.087615 (VIOLATED)
_4037_/A                                1.500000    1.587565   -0.087565 (VIOLATED)
_4665_/A1                               1.500000    1.587560   -0.087560 (VIOLATED)
_4115_/A                                1.500000    1.587429   -0.087429 (VIOLATED)
_4006_/A1                               1.500000    1.587385   -0.087385 (VIOLATED)
_4163_/A1                               1.500000    1.586742   -0.086742 (VIOLATED)
_4188_/B2                               1.500000    1.586410   -0.086410 (VIOLATED)
_4145_/A1                               1.500000    1.586337   -0.086337 (VIOLATED)
_2454_/D                                1.500000    1.586274   -0.086274 (VIOLATED)
_4807_/A1                               1.500000    1.586212   -0.086212 (VIOLATED)
_4376_/A1                               1.500000    1.585878   -0.085878 (VIOLATED)
_4793_/A1                               1.500000    1.585423   -0.085423 (VIOLATED)
_4764_/A1                               1.500000    1.585116   -0.085116 (VIOLATED)
_4780_/A1                               1.500000    1.584848   -0.084848 (VIOLATED)
_4327_/A1                               1.500000    1.584420   -0.084420 (VIOLATED)
_4304_/A1                               1.500000    1.584359   -0.084359 (VIOLATED)
_4213_/B1                               1.500000    1.584189   -0.084189 (VIOLATED)
_2693_/A                                1.500000    1.584076   -0.084076 (VIOLATED)
_2699_/A                                1.500000    1.584072   -0.084072 (VIOLATED)
_4282_/A1                               1.500000    1.584030   -0.084030 (VIOLATED)
_2571_/Y                                1.971739    2.055369   -0.083630 (VIOLATED)
_4259_/A1                               1.500000    1.583536   -0.083536 (VIOLATED)
_4235_/A1                               1.500000    1.583480   -0.083480 (VIOLATED)
_4718_/A1                               1.500000    1.583312   -0.083312 (VIOLATED)
_2446_/X                                1.500687    1.583049   -0.082362 (VIOLATED)
_3917_/B                                1.500000    1.576921   -0.076921 (VIOLATED)
_3882_/A                                1.500000    1.576914   -0.076914 (VIOLATED)
_4010_/A1                               1.500000    1.576888   -0.076888 (VIOLATED)
_3629_/A0                               1.500000    1.576792   -0.076792 (VIOLATED)
_3951_/A1                               1.500000    1.576725   -0.076725 (VIOLATED)
_4554_/B1                               1.500000    1.576636   -0.076636 (VIOLATED)
_2650_/B                                1.500000    1.544776   -0.044776 (VIOLATED)
_2649_/B                                1.500000    1.544776   -0.044776 (VIOLATED)
_2648_/B                                1.500000    1.544745   -0.044745 (VIOLATED)
_3918_/B                                1.500000    1.544737   -0.044737 (VIOLATED)
_4409_/A1                               1.500000    1.544506   -0.044506 (VIOLATED)
_4225_/A                                1.500000    1.544433   -0.044433 (VIOLATED)
_4202_/A1                               1.500000    1.544245   -0.044245 (VIOLATED)
_4428_/A                                1.500000    1.543885   -0.043885 (VIOLATED)
_4429_/A                                1.500000    1.543882   -0.043883 (VIOLATED)
_4554_/A2                               1.500000    1.543877   -0.043877 (VIOLATED)
_4468_/B                                1.500000    1.543866   -0.043866 (VIOLATED)
_4477_/A                                1.500000    1.543817   -0.043818 (VIOLATED)
_4385_/A1                               1.500000    1.543693   -0.043693 (VIOLATED)
_3628_/A1                               1.500000    1.543486   -0.043486 (VIOLATED)
_3961_/A_N                              1.500000    1.543392   -0.043393 (VIOLATED)
_4707_/A1                               1.500000    1.542795   -0.042795 (VIOLATED)
_3673_/A0                               1.500000    1.541718   -0.041718 (VIOLATED)
_3904_/B                                1.500000    1.541448   -0.041448 (VIOLATED)
_3692_/A                                1.500000    1.541427   -0.041427 (VIOLATED)
_3691_/A                                1.500000    1.541416   -0.041416 (VIOLATED)
_3976_/A1                               1.500000    1.541268   -0.041268 (VIOLATED)
_2647_/X                                1.498428    1.537928   -0.039501 (VIOLATED)

max capacitance

Pin                                        Limit         Cap       Slack
------------------------------------------------------------------------
_4002_/Y                                0.086070    0.116886   -0.030816 (VIOLATED)
_3208_/Y                                0.086070    0.111654   -0.025584 (VIOLATED)
_3043_/Y                                0.086070    0.108725   -0.022655 (VIOLATED)
_3099_/Y                                0.086070    0.108070   -0.022000 (VIOLATED)
_3061_/Y                                0.086070    0.107220   -0.021150 (VIOLATED)
_3136_/Y                                0.086070    0.106789   -0.020719 (VIOLATED)
_3024_/Y                                0.086070    0.102013   -0.015943 (VIOLATED)
_2987_/Y                                0.086070    0.101780   -0.015710 (VIOLATED)
_2968_/Y                                0.086070    0.101037   -0.014967 (VIOLATED)
_2448_/X                                0.174876    0.188927   -0.014051 (VIOLATED)
_3006_/Y                                0.086070    0.097695   -0.011625 (VIOLATED)
_2446_/X                                0.174876    0.185613   -0.010737 (VIOLATED)
_2571_/Y                                0.105296    0.110467   -0.005171 (VIOLATED)
_2647_/X                                0.187693    0.191984   -0.004291 (VIOLATED)
_5125_/Q                                0.191355    0.192304   -0.000949 (VIOLATED)



===========================================================================
report_parasitic_annotation -report_unannotated
============================================================================
Found 37 unannotated drivers.
 clkload0/Y
 clkload1/Y
 clkload10/X
 clkload11/X
 clkload12/X
 clkload13/X
 clkload14/X
 clkload15/X
 clkload16/X
 clkload17/Y
 clkload18/X
 clkload19/X
 clkload2/Y
 clkload20/X
 clkload21/Y
 clkload22/Y
 clkload23/X
 clkload24/Y
 clkload25/Y
 clkload26/Y
 clkload27/X
 clkload28/X
 clkload29/Y
 clkload3/X
 clkload30/Y
 clkload31/X
 clkload32/X
 clkload33/X
 clkload34/Y
 clkload35/X
 clkload36/X
 clkload4/X
 clkload5/X
 clkload6/X
 clkload7/X
 clkload8/X
 clkload9/X
Found 0 partially unannotated drivers.

===========================================================================
max slew violation count 284
max fanout violation count 0
max cap violation count 15
============================================================================

===========================================================================
check_setup -verbose -unconstrained_endpoints -multiple_clock -no_clock -no_input_delay -loops -generated_clocks
===========================================================================
Warning: There are 49 input ports missing set_input_delay.
  INSTR_STREAM[0]
  INSTR_STREAM[10]
  INSTR_STREAM[11]
  INSTR_STREAM[12]
  INSTR_STREAM[13]
  INSTR_STREAM[14]
  INSTR_STREAM[15]
  INSTR_STREAM[16]
  INSTR_STREAM[17]
  INSTR_STREAM[18]
  INSTR_STREAM[19]
  INSTR_STREAM[1]
  INSTR_STREAM[20]
  INSTR_STREAM[21]
  INSTR_STREAM[22]
  INSTR_STREAM[23]
  INSTR_STREAM[24]
  INSTR_STREAM[25]
  INSTR_STREAM[26]
  INSTR_STREAM[27]
  INSTR_STREAM[28]
  INSTR_STREAM[29]
  INSTR_STREAM[2]
  INSTR_STREAM[30]
  INSTR_STREAM[31]
  INSTR_STREAM[3]
  INSTR_STREAM[4]
  INSTR_STREAM[5]
  INSTR_STREAM[6]
  INSTR_STREAM[7]
  INSTR_STREAM[8]
  INSTR_STREAM[9]
  MEM_LD_DATA[0]
  MEM_LD_DATA[10]
  MEM_LD_DATA[11]
  MEM_LD_DATA[12]
  MEM_LD_DATA[13]
  MEM_LD_DATA[14]
  MEM_LD_DATA[15]
  MEM_LD_DATA[1]
  MEM_LD_DATA[2]
  MEM_LD_DATA[3]
  MEM_LD_DATA[4]
  MEM_LD_DATA[5]
  MEM_LD_DATA[6]
  MEM_LD_DATA[7]
  MEM_LD_DATA[8]
  MEM_LD_DATA[9]
  RESET
Warning: There are 58 unconstrained endpoints.
  DEVICES_LDH
  DEVICES_LDW
  DEVICES_STRH
  DEVICES_STRW
  EX_HALT
  INSTR_ADDR[0]
  INSTR_ADDR[10]
  INSTR_ADDR[11]
  INSTR_ADDR[12]
  INSTR_ADDR[13]
  INSTR_ADDR[14]
  INSTR_ADDR[15]
  INSTR_ADDR[1]
  INSTR_ADDR[2]
  INSTR_ADDR[3]
  INSTR_ADDR[4]
  INSTR_ADDR[5]
  INSTR_ADDR[6]
  INSTR_ADDR[7]
  INSTR_ADDR[8]
  INSTR_ADDR[9]
  INVALID_MEM
  MAIN_LDH
  MAIN_LDW
  MAIN_STRH
  MAIN_STRW
  MEM_ADDR[0]
  MEM_ADDR[10]
  MEM_ADDR[11]
  MEM_ADDR[12]
  MEM_ADDR[13]
  MEM_ADDR[14]
  MEM_ADDR[15]
  MEM_ADDR[1]
  MEM_ADDR[2]
  MEM_ADDR[3]
  MEM_ADDR[4]
  MEM_ADDR[5]
  MEM_ADDR[6]
  MEM_ADDR[7]
  MEM_ADDR[8]
  MEM_ADDR[9]
  MEM_STR_DATA[0]
  MEM_STR_DATA[10]
  MEM_STR_DATA[11]
  MEM_STR_DATA[12]
  MEM_STR_DATA[13]
  MEM_STR_DATA[14]
  MEM_STR_DATA[15]
  MEM_STR_DATA[1]
  MEM_STR_DATA[2]
  MEM_STR_DATA[3]
  MEM_STR_DATA[4]
  MEM_STR_DATA[5]
  MEM_STR_DATA[6]
  MEM_STR_DATA[7]
  MEM_STR_DATA[8]
  MEM_STR_DATA[9]
