
===========================================================================
report_checks -unconstrained
===========================================================================
======================= nom_tt_025C_1v80 Corner ===================================

Startpoint: _5123_ (rising edge-triggered flip-flop clocked by CLK)
Endpoint: _5221_ (rising edge-triggered flip-flop clocked by CLK)
Path Group: CLK
Path Type: max

Fanout         Cap        Slew       Delay        Time   Description
---------------------------------------------------------------------------------------------
                                  0.000000    0.000000   clock CLK (rise edge)
                                  0.000000    0.000000   clock source latency
     1    0.029621    0.000000    0.000000    0.000000 ^ CLK (in)
                                                         CLK (net)
                      0.003018    0.001509    0.001509 ^ clkbuf_0_CLK/A (sky130_fd_sc_hd__clkbuf_16)
     4    0.053930    0.072537    0.136531    0.138040 ^ clkbuf_0_CLK/X (sky130_fd_sc_hd__clkbuf_16)
                                                         clknet_0_CLK (net)
                      0.072748    0.002694    0.140734 ^ clkbuf_2_0__f_CLK/A (sky130_fd_sc_hd__clkbuf_16)
    14    0.095780    0.111686    0.192073    0.332808 ^ clkbuf_2_0__f_CLK/X (sky130_fd_sc_hd__clkbuf_16)
                                                         clknet_2_0__leaf_CLK (net)
                      0.111840    0.002847    0.335655 ^ clkbuf_leaf_3_CLK/A (sky130_fd_sc_hd__clkbuf_8)
    11    0.027419    0.062359    0.166042    0.501697 ^ clkbuf_leaf_3_CLK/X (sky130_fd_sc_hd__clkbuf_8)
                                                         clknet_leaf_3_CLK (net)
                      0.062361    0.000458    0.502155 ^ _5123_/CLK (sky130_fd_sc_hd__dfxtp_4)
    31    0.242595    0.669682    0.789790    1.291944 ^ _5123_/Q (sky130_fd_sc_hd__dfxtp_4)
                                                         _0008_ (net)
                      0.670024    0.012710    1.304655 ^ max_cap147/A (sky130_fd_sc_hd__buf_12)
    34    0.258646    0.294779    0.361625    1.666279 ^ max_cap147/X (sky130_fd_sc_hd__buf_12)
                                                         net147 (net)
                      0.296667    0.019385    1.685664 ^ _2591_/S0 (sky130_fd_sc_hd__mux4_2)
     1    0.003557    0.082538    0.542979    2.228643 v _2591_/X (sky130_fd_sc_hd__mux4_2)
                                                         _0466_ (net)
                      0.082538    0.000121    2.228765 v _2592_/A1 (sky130_fd_sc_hd__mux2_1)
     1    0.006281    0.072165    0.325251    2.554015 v _2592_/X (sky130_fd_sc_hd__mux2_1)
                                                         _0467_ (net)
                      0.072165    0.000313    2.554329 v _2593_/B1 (sky130_fd_sc_hd__a22o_2)
    23    0.123176    0.292454    0.450108    3.004437 v _2593_/X (sky130_fd_sc_hd__a22o_2)
                                                         _0468_ (net)
                      0.292872    0.007953    3.012390 v _3730_/A (sky130_fd_sc_hd__xnor2_2)
     7    0.030973    0.414824    0.461861    3.474251 ^ _3730_/Y (sky130_fd_sc_hd__xnor2_2)
                                                         _1235_ (net)
                      0.414827    0.000926    3.475177 ^ _3888_/A (sky130_fd_sc_hd__and2_2)
     3    0.013149    0.086852    0.266386    3.741563 ^ _3888_/X (sky130_fd_sc_hd__and2_2)
                                                         _1392_ (net)
                      0.086852    0.000209    3.741772 ^ _3890_/A1 (sky130_fd_sc_hd__o21bai_2)
     4    0.016897    0.096538    0.117240    3.859012 v _3890_/Y (sky130_fd_sc_hd__o21bai_2)
                                                         _1394_ (net)
                      0.096538    0.000367    3.859379 v _3894_/A2 (sky130_fd_sc_hd__a311oi_2)
     4    0.018517    0.419938    0.433843    4.293222 ^ _3894_/Y (sky130_fd_sc_hd__a311oi_2)
                                                         _1398_ (net)
                      0.420061    0.000863    4.294085 ^ _3896_/B (sky130_fd_sc_hd__nand2_2)
     3    0.013503    0.105925    0.143839    4.437924 v _3896_/Y (sky130_fd_sc_hd__nand2_2)
                                                         _1400_ (net)
                      0.105928    0.000660    4.438584 v _3901_/A2 (sky130_fd_sc_hd__o211a_2)
     4    0.020184    0.080010    0.310367    4.748951 v _3901_/X (sky130_fd_sc_hd__o211a_2)
                                                         _1405_ (net)
                      0.080016    0.000806    4.749757 v _3908_/A2 (sky130_fd_sc_hd__o21bai_2)
     2    0.012882    0.184156    0.187224    4.936981 ^ _3908_/Y (sky130_fd_sc_hd__o21bai_2)
                                                         _1412_ (net)
                      0.184156    0.000736    4.937717 ^ _4334_/A2 (sky130_fd_sc_hd__a21oi_2)
     3    0.011405    0.067855    0.105135    5.042852 v _4334_/Y (sky130_fd_sc_hd__a21oi_2)
                                                         _1825_ (net)
                      0.067855    0.000155    5.043007 v _4359_/A2 (sky130_fd_sc_hd__o21ba_2)
     2    0.007181    0.044946    0.213674    5.256682 v _4359_/X (sky130_fd_sc_hd__o21ba_2)
                                                         _1849_ (net)
                      0.044946    0.000211    5.256893 v _4360_/C (sky130_fd_sc_hd__and3_2)
     1    0.002516    0.036407    0.199601    5.456494 v _4360_/X (sky130_fd_sc_hd__and3_2)
                                                         _1850_ (net)
                      0.036407    0.000060    5.456554 v _4373_/A_N (sky130_fd_sc_hd__nand3b_2)
     1    0.001614    0.050621    0.178545    5.635099 v _4373_/Y (sky130_fd_sc_hd__nand3b_2)
                                                         _1863_ (net)
                      0.050621    0.000032    5.635131 v _4375_/C (sky130_fd_sc_hd__or4b_2)
     1    0.006195    0.113559    0.627808    6.262939 v _4375_/X (sky130_fd_sc_hd__or4b_2)
                                                         _1865_ (net)
                      0.113559    0.000298    6.263237 v _4378_/A2 (sky130_fd_sc_hd__o311a_2)
     1    0.002658    0.053760    0.387171    6.650407 v _4378_/X (sky130_fd_sc_hd__o311a_2)
                                                         _0373_ (net)
                      0.053760    0.000084    6.650492 v _5221_/D (sky130_fd_sc_hd__dfxtp_2)
                                              6.650492   data arrival time

                                 26.000000   26.000000   clock CLK (rise edge)
                                  0.000000   26.000000   clock source latency
     1    0.029621    0.000000    0.000000   26.000000 ^ CLK (in)
                                                         CLK (net)
                      0.003018    0.001510   26.001509 ^ clkbuf_0_CLK/A (sky130_fd_sc_hd__clkbuf_16)
     4    0.053930    0.072537    0.136531   26.138041 ^ clkbuf_0_CLK/X (sky130_fd_sc_hd__clkbuf_16)
                                                         clknet_0_CLK (net)
                      0.072748    0.002695   26.140736 ^ clkbuf_2_1__f_CLK/A (sky130_fd_sc_hd__clkbuf_16)
    12    0.090329    0.107124    0.187205   26.327940 ^ clkbuf_2_1__f_CLK/X (sky130_fd_sc_hd__clkbuf_16)
                                                         clknet_2_1__leaf_CLK (net)
                      0.107743    0.006516   26.334455 ^ clkbuf_leaf_19_CLK/A (sky130_fd_sc_hd__clkbuf_8)
     5    0.030322    0.066804    0.167958   26.502413 ^ clkbuf_leaf_19_CLK/X (sky130_fd_sc_hd__clkbuf_8)
                                                         clknet_leaf_19_CLK (net)
                      0.066814    0.000830   26.503242 ^ _5221_/CLK (sky130_fd_sc_hd__dfxtp_2)
                                  0.000000   26.503242   clock reconvergence pessimism
                                 -0.111608   26.391634   library setup time
                                             26.391634   data required time
---------------------------------------------------------------------------------------------
                                             26.391634   data required time
                                             -6.650492   data arrival time
---------------------------------------------------------------------------------------------
                                             19.741142   slack (MET)




===========================================================================
report_checks --slack_max -0.01
============================================================================
======================= nom_tt_025C_1v80 Corner ===================================

No paths found.


===========================================================================
 report_check_types -max_slew -max_cap -max_fanout -violators
============================================================================
======================= nom_tt_025C_1v80 Corner ===================================



===========================================================================
report_parasitic_annotation -report_unannotated
============================================================================
Found 37 unannotated drivers.
 clkload0/Y
 clkload1/Y
 clkload10/X
 clkload11/X
 clkload12/X
 clkload13/X
 clkload14/X
 clkload15/X
 clkload16/X
 clkload17/Y
 clkload18/X
 clkload19/X
 clkload2/Y
 clkload20/X
 clkload21/Y
 clkload22/Y
 clkload23/X
 clkload24/Y
 clkload25/Y
 clkload26/Y
 clkload27/X
 clkload28/X
 clkload29/Y
 clkload3/X
 clkload30/Y
 clkload31/X
 clkload32/X
 clkload33/X
 clkload34/Y
 clkload35/X
 clkload36/X
 clkload4/X
 clkload5/X
 clkload6/X
 clkload7/X
 clkload8/X
 clkload9/X
Found 0 partially unannotated drivers.

===========================================================================
max slew violation count 0
Writing metric design__max_slew_violation__count__corner:nom_tt_025C_1v80: 0
max fanout violation count 0
Writing metric design__max_fanout_violation__count__corner:nom_tt_025C_1v80: 0
max cap violation count 0
Writing metric design__max_cap_violation__count__corner:nom_tt_025C_1v80: 0
============================================================================

===========================================================================
check_setup -verbose -unconstrained_endpoints -multiple_clock -no_clock -no_input_delay -loops -generated_clocks
===========================================================================
Warning: There are 49 input ports missing set_input_delay.
  INSTR_STREAM[0]
  INSTR_STREAM[10]
  INSTR_STREAM[11]
  INSTR_STREAM[12]
  INSTR_STREAM[13]
  INSTR_STREAM[14]
  INSTR_STREAM[15]
  INSTR_STREAM[16]
  INSTR_STREAM[17]
  INSTR_STREAM[18]
  INSTR_STREAM[19]
  INSTR_STREAM[1]
  INSTR_STREAM[20]
  INSTR_STREAM[21]
  INSTR_STREAM[22]
  INSTR_STREAM[23]
  INSTR_STREAM[24]
  INSTR_STREAM[25]
  INSTR_STREAM[26]
  INSTR_STREAM[27]
  INSTR_STREAM[28]
  INSTR_STREAM[29]
  INSTR_STREAM[2]
  INSTR_STREAM[30]
  INSTR_STREAM[31]
  INSTR_STREAM[3]
  INSTR_STREAM[4]
  INSTR_STREAM[5]
  INSTR_STREAM[6]
  INSTR_STREAM[7]
  INSTR_STREAM[8]
  INSTR_STREAM[9]
  MEM_LD_DATA[0]
  MEM_LD_DATA[10]
  MEM_LD_DATA[11]
  MEM_LD_DATA[12]
  MEM_LD_DATA[13]
  MEM_LD_DATA[14]
  MEM_LD_DATA[15]
  MEM_LD_DATA[1]
  MEM_LD_DATA[2]
  MEM_LD_DATA[3]
  MEM_LD_DATA[4]
  MEM_LD_DATA[5]
  MEM_LD_DATA[6]
  MEM_LD_DATA[7]
  MEM_LD_DATA[8]
  MEM_LD_DATA[9]
  RESET
Warning: There are 58 unconstrained endpoints.
  DEVICES_LDH
  DEVICES_LDW
  DEVICES_STRH
  DEVICES_STRW
  EX_HALT
  INSTR_ADDR[0]
  INSTR_ADDR[10]
  INSTR_ADDR[11]
  INSTR_ADDR[12]
  INSTR_ADDR[13]
  INSTR_ADDR[14]
  INSTR_ADDR[15]
  INSTR_ADDR[1]
  INSTR_ADDR[2]
  INSTR_ADDR[3]
  INSTR_ADDR[4]
  INSTR_ADDR[5]
  INSTR_ADDR[6]
  INSTR_ADDR[7]
  INSTR_ADDR[8]
  INSTR_ADDR[9]
  INVALID_MEM
  MAIN_LDH
  MAIN_LDW
  MAIN_STRH
  MAIN_STRW
  MEM_ADDR[0]
  MEM_ADDR[10]
  MEM_ADDR[11]
  MEM_ADDR[12]
  MEM_ADDR[13]
  MEM_ADDR[14]
  MEM_ADDR[15]
  MEM_ADDR[1]
  MEM_ADDR[2]
  MEM_ADDR[3]
  MEM_ADDR[4]
  MEM_ADDR[5]
  MEM_ADDR[6]
  MEM_ADDR[7]
  MEM_ADDR[8]
  MEM_ADDR[9]
  MEM_STR_DATA[0]
  MEM_STR_DATA[10]
  MEM_STR_DATA[11]
  MEM_STR_DATA[12]
  MEM_STR_DATA[13]
  MEM_STR_DATA[14]
  MEM_STR_DATA[15]
  MEM_STR_DATA[1]
  MEM_STR_DATA[2]
  MEM_STR_DATA[3]
  MEM_STR_DATA[4]
  MEM_STR_DATA[5]
  MEM_STR_DATA[6]
  MEM_STR_DATA[7]
  MEM_STR_DATA[8]
  MEM_STR_DATA[9]
