Clock: CLK
Sources: CLK 
Generated: no
Virtual: yes
Propagated: no
Period: 26.000000

===========================================================================
report_clock_properties
============================================================================
Clock                   Period          Waveform
----------------------------------------------------
CLK                  26.000000    0.000000 13.000000

===========================================================================
report_clock_latency
============================================================================
Clock CLK
rise -> rise
    min     max
0.000000 0.000000 source latency
0.370856         network latency _4970_/CLK
        0.415277 network latency _4882_/CLK
---------------
0.370856 0.415277 latency
        0.044421 skew

fall -> fall
    min     max
0.000000 0.000000 source latency
0.370248         network latency _4970_/CLK
        0.403525 network latency _4882_/CLK
---------------
0.370248 0.403525 latency
        0.033277 skew



===========================================================================
report_clock_min_period
============================================================================
CLK period_min = 4.21 fmax = 237.30
