
===========================================================================
report_checks -unconstrained
===========================================================================
======================= min_ff_n40C_1v95 Corner ===================================

Startpoint: _5125_ (rising edge-triggered flip-flop clocked by CLK)
Endpoint: DEVICES_LDW (output port clocked by CLK)
Path Group: CLK
Path Type: max

Fanout         Cap        Slew       Delay        Time   Description
---------------------------------------------------------------------------------------------
                                  0.000000    0.000000   clock CLK (rise edge)
                                  0.000000    0.000000   clock source latency
     1    0.050030    0.171174    0.119191    0.119191 ^ CLK (in)
                                                         CLK (net)
                      0.171193    0.000000    0.119191 ^ clkbuf_0_CLK/A (sky130_fd_sc_hd__clkbuf_16)
     8    0.129491    0.110559    0.175055    0.294246 ^ clkbuf_0_CLK/X (sky130_fd_sc_hd__clkbuf_16)
                                                         clknet_0_CLK (net)
                      0.110939    0.005198    0.299444 ^ clkbuf_3_0__f_CLK/A (sky130_fd_sc_hd__clkbuf_16)
     6    0.056657    0.057566    0.127846    0.427290 ^ clkbuf_3_0__f_CLK/X (sky130_fd_sc_hd__clkbuf_16)
                                                         clknet_3_0__leaf_CLK (net)
                      0.057569    0.000526    0.427816 ^ clkbuf_leaf_3_CLK/A (sky130_fd_sc_hd__clkbuf_8)
    11    0.031859    0.051457    0.106785    0.534601 ^ clkbuf_leaf_3_CLK/X (sky130_fd_sc_hd__clkbuf_8)
                                                         clknet_leaf_3_CLK (net)
                      0.051458    0.000322    0.534924 ^ _5125_/CLK (sky130_fd_sc_hd__dfxtp_2)
     1    0.003393    0.017608    0.198101    0.733025 v _5125_/Q (sky130_fd_sc_hd__dfxtp_2)
                                                         _0010_ (net)
                      0.017608    0.000039    0.733064 v fanout473/A (sky130_fd_sc_hd__clkdlybuf4s25_1)
     8    0.093269    0.464423    0.484769    1.217833 v fanout473/X (sky130_fd_sc_hd__clkdlybuf4s25_1)
                                                         net473 (net)
                      0.464445    0.003418    1.221252 v fanout472/A (sky130_fd_sc_hd__clkdlybuf4s25_1)
    10    0.066945    0.335646    0.502331    1.723583 v fanout472/X (sky130_fd_sc_hd__clkdlybuf4s25_1)
                                                         net472 (net)
                      0.335711    0.004492    1.728076 v _2434_/A (sky130_fd_sc_hd__inv_2)
     1    0.002855    0.055173    0.092111    1.820187 ^ _2434_/Y (sky130_fd_sc_hd__inv_2)
                                                         _2324_ (net)
                      0.055173    0.000026    1.820213 ^ fanout365/A (sky130_fd_sc_hd__clkdlybuf4s25_1)
     6    0.065045    0.484535    0.481791    2.302004 ^ fanout365/X (sky130_fd_sc_hd__clkdlybuf4s25_1)
                                                         net365 (net)
                      0.484537    0.000715    2.302720 ^ fanout363/A (sky130_fd_sc_hd__clkdlybuf4s25_1)
    10    0.063698    0.475021    0.503259    2.805979 ^ fanout363/X (sky130_fd_sc_hd__clkdlybuf4s25_1)
                                                         net363 (net)
                      0.475029    0.001714    2.807693 ^ _2592_/S (sky130_fd_sc_hd__mux2_1)
     1    0.009094    0.063169    0.214163    3.021856 v _2592_/X (sky130_fd_sc_hd__mux2_1)
                                                         _0467_ (net)
                      0.063169    0.000337    3.022193 v _2593_/B1 (sky130_fd_sc_hd__a22o_2)
     1    0.008070    0.040733    0.117951    3.140144 v _2593_/X (sky130_fd_sc_hd__a22o_2)
                                                         _0468_ (net)
                      0.040733    0.000243    3.140387 v fanout301/A (sky130_fd_sc_hd__clkdlybuf4s25_1)
     8    0.071257    0.355493    0.412967    3.553354 v fanout301/X (sky130_fd_sc_hd__clkdlybuf4s25_1)
                                                         net301 (net)
                      0.355493    0.000037    3.553390 v fanout299/A (sky130_fd_sc_hd__clkdlybuf4s25_1)
    10    0.069312    0.346136    0.492810    4.046200 v fanout299/X (sky130_fd_sc_hd__clkdlybuf4s25_1)
                                                         net299 (net)
                      0.346149    0.002347    4.048547 v _2606_/B (sky130_fd_sc_hd__xor2_2)
     3    0.018572    0.142647    0.219644    4.268192 v _2606_/X (sky130_fd_sc_hd__xor2_2)
                                                         _0481_ (net)
                      0.142647    0.000174    4.268366 v _2608_/A2 (sky130_fd_sc_hd__a21o_2)
     2    0.016059    0.047396    0.197223    4.465589 v _2608_/X (sky130_fd_sc_hd__a21o_2)
                                                         _0483_ (net)
                      0.047399    0.000421    4.466009 v _2609_/A2 (sky130_fd_sc_hd__a21o_2)
     2    0.012277    0.042245    0.157552    4.623561 v _2609_/X (sky130_fd_sc_hd__a21o_2)
                                                         _0484_ (net)
                      0.042245    0.000099    4.623659 v _2614_/A1 (sky130_fd_sc_hd__a21bo_2)
     3    0.023420    0.058042    0.158776    4.782435 v _2614_/X (sky130_fd_sc_hd__a21bo_2)
                                                         _0489_ (net)
                      0.058069    0.001169    4.783604 v _2619_/A2 (sky130_fd_sc_hd__a31o_2)
     3    0.022063    0.058835    0.192013    4.975617 v _2619_/X (sky130_fd_sc_hd__a31o_2)
                                                         _0494_ (net)
                      0.058838    0.000462    4.976079 v _2624_/A1 (sky130_fd_sc_hd__a311o_2)
     4    0.044362    0.104829    0.279767    5.255847 v _2624_/X (sky130_fd_sc_hd__a311o_2)
                                                         _0499_ (net)
                      0.105068    0.004323    5.260170 v _2679_/A (sky130_fd_sc_hd__nand4_2)
     2    0.013353    0.087925    0.099615    5.359785 ^ _2679_/Y (sky130_fd_sc_hd__nand4_2)
                                                         _0554_ (net)
                      0.087925    0.000419    5.360204 ^ _2683_/A1 (sky130_fd_sc_hd__a21bo_2)
     4    0.019720    0.085959    0.129082    5.489285 ^ _2683_/X (sky130_fd_sc_hd__a21bo_2)
                                                         _0558_ (net)
                      0.085959    0.000328    5.489614 ^ _2688_/A3 (sky130_fd_sc_hd__a311o_2)
     3    0.013357    0.062515    0.134632    5.624246 ^ _2688_/X (sky130_fd_sc_hd__a311o_2)
                                                         _0563_ (net)
                      0.062515    0.000212    5.624457 ^ _2689_/B (sky130_fd_sc_hd__nand2_2)
     1    0.008970    0.045434    0.042713    5.667170 v _2689_/Y (sky130_fd_sc_hd__nand2_2)
                                                         _0564_ (net)
                      0.045434    0.000107    5.667276 v _2690_/B (sky130_fd_sc_hd__xnor2_2)
     3    0.023300    0.088237    0.124504    5.791780 v _2690_/Y (sky130_fd_sc_hd__xnor2_2)
                                                         _0565_ (net)
                      0.088242    0.000515    5.792295 v _2696_/B (sky130_fd_sc_hd__or2_2)
     5    0.022811    0.074120    0.223241    6.015536 v _2696_/X (sky130_fd_sc_hd__or2_2)
                                                         _0567_ (net)
                      0.074120    0.000157    6.015693 v _2701_/B (sky130_fd_sc_hd__nor2_2)
     1    0.005297    0.087810    0.076303    6.091996 ^ _2701_/Y (sky130_fd_sc_hd__nor2_2)
                                                         net51 (net)
                      0.087810    0.000106    6.092102 ^ output51/A (sky130_fd_sc_hd__clkdlybuf4s25_1)
     1    0.034934    0.264058    0.335078    6.427179 ^ output51/X (sky130_fd_sc_hd__clkdlybuf4s25_1)
                                                         DEVICES_LDW (net)
                      0.264058    0.000470    6.427649 ^ DEVICES_LDW (out)
                                              6.427649   data arrival time

                                 25.000000   25.000000   clock CLK (rise edge)
                                  0.000000   25.000000   clock network delay (propagated)
                                 -0.250000   24.750000   clock uncertainty
                                  0.000000   24.750000   clock reconvergence pessimism
                                 -5.000000   19.750000   output external delay
                                             19.750000   data required time
---------------------------------------------------------------------------------------------
                                             19.750000   data required time
                                             -6.427649   data arrival time
---------------------------------------------------------------------------------------------
                                             13.322350   slack (MET)




===========================================================================
report_checks --slack_max -0.01
============================================================================
======================= min_ff_n40C_1v95 Corner ===================================

No paths found.


===========================================================================
 report_check_types -max_slew -max_cap -max_fanout -violators
============================================================================
======================= min_ff_n40C_1v95 Corner ===================================

max slew

Pin                                        Limit        Slew       Slack
------------------------------------------------------------------------
_2541_/B1                               0.750000    0.793370   -0.043370 (VIOLATED)
_2520_/B1                               0.750000    0.793367   -0.043367 (VIOLATED)
_2507_/B1                               0.750000    0.793364   -0.043364 (VIOLATED)
_2471_/B1                               0.750000    0.793356   -0.043356 (VIOLATED)
_2589_/B1                               0.750000    0.793348   -0.043348 (VIOLATED)
_2530_/B1                               0.750000    0.793347   -0.043347 (VIOLATED)
_2435_/A                                0.750000    0.793346   -0.043346 (VIOLATED)
_2495_/B1                               0.750000    0.793346   -0.043346 (VIOLATED)
_2643_/B1                               0.750000    0.793345   -0.043345 (VIOLATED)
_2483_/B1                               0.750000    0.793343   -0.043343 (VIOLATED)
fanout469/X                             0.750000    0.793342   -0.043342 (VIOLATED)
_2888_/A1                               0.750000    0.752662   -0.002662 (VIOLATED)
_2694_/A                                0.750000    0.752661   -0.002661 (VIOLATED)
_4611_/A0                               0.750000    0.752661   -0.002661 (VIOLATED)
_2700_/A                                0.750000    0.752659   -0.002659 (VIOLATED)
_4704_/A0                               0.750000    0.752659   -0.002659 (VIOLATED)
_3457_/A                                0.750000    0.752658   -0.002658 (VIOLATED)
_2459_/A1                               0.750000    0.752657   -0.002657 (VIOLATED)
_4664_/A0                               0.750000    0.752657   -0.002657 (VIOLATED)
_4681_/A1                               0.750000    0.752657   -0.002657 (VIOLATED)
_4808_/B2                               0.750000    0.752655   -0.002655 (VIOLATED)
fanout322/X                             0.750000    0.752655   -0.002655 (VIOLATED)

max fanout

Pin                                   Limit Fanout  Slack
---------------------------------------------------------
fanout359/X                              10     13     -3 (VIOLATED)
clkbuf_leaf_24_CLK/X                     10     12     -2 (VIOLATED)
clkbuf_leaf_25_CLK/X                     10     12     -2 (VIOLATED)
fanout320/X                              10     12     -2 (VIOLATED)
clkbuf_leaf_0_CLK/X                      10     11        (VIOLATED)
clkbuf_leaf_16_CLK/X                     10     11        (VIOLATED)
clkbuf_leaf_22_CLK/X                     10     11        (VIOLATED)
clkbuf_leaf_23_CLK/X                     10     11        (VIOLATED)
clkbuf_leaf_2_CLK/X                      10     11        (VIOLATED)
clkbuf_leaf_36_CLK/X                     10     11        (VIOLATED)
clkbuf_leaf_3_CLK/X                      10     11        (VIOLATED)
clkbuf_leaf_4_CLK/X                      10     11        (VIOLATED)
clkbuf_leaf_6_CLK/X                      10     11        (VIOLATED)



===========================================================================
report_parasitic_annotation -report_unannotated
============================================================================
Found 22 unannotated drivers.
 clkload0/X
 clkload1/X
 clkload10/Y
 clkload11/X
 clkload12/X
 clkload13/Y
 clkload14/X
 clkload15/Y
 clkload16/X
 clkload17/X
 clkload18/Y
 clkload19/Y
 clkload2/X
 clkload20/X
 clkload21/X
 clkload3/X
 clkload4/X
 clkload5/X
 clkload6/X
 clkload7/X
 clkload8/X
 clkload9/X
Found 0 partially unannotated drivers.

===========================================================================
max slew violation count 22
max fanout violation count 13
max cap violation count 0
============================================================================

===========================================================================
check_setup -verbose -unconstrained_endpoints -multiple_clock -no_clock -no_input_delay -loops -generated_clocks
===========================================================================
