
===========================================================================
report_checks -unconstrained
===========================================================================
======================= max_tt_025C_1v80 Corner ===================================

Startpoint: _5125_ (rising edge-triggered flip-flop clocked by CLK)
Endpoint: DEVICES_LDW (output port clocked by CLK)
Path Group: CLK
Path Type: max

Fanout         Cap        Slew       Delay        Time   Description
---------------------------------------------------------------------------------------------
                                  0.000000    0.000000   clock CLK (rise edge)
                                  0.000000    0.000000   clock source latency
     1    0.054168    0.247713    0.172897    0.172897 ^ CLK (in)
                                                         CLK (net)
                      0.247761    0.000000    0.172897 ^ clkbuf_0_CLK/A (sky130_fd_sc_hd__clkbuf_16)
     8    0.142598    0.157466    0.269828    0.442725 ^ clkbuf_0_CLK/X (sky130_fd_sc_hd__clkbuf_16)
                                                         clknet_0_CLK (net)
                      0.161708    0.020365    0.463090 ^ clkbuf_3_0__f_CLK/A (sky130_fd_sc_hd__clkbuf_16)
     6    0.062185    0.080936    0.197188    0.660278 ^ clkbuf_3_0__f_CLK/X (sky130_fd_sc_hd__clkbuf_16)
                                                         clknet_3_0__leaf_CLK (net)
                      0.081238    0.003352    0.663630 ^ clkbuf_leaf_3_CLK/A (sky130_fd_sc_hd__clkbuf_8)
    11    0.034119    0.072840    0.161890    0.825520 ^ clkbuf_leaf_3_CLK/X (sky130_fd_sc_hd__clkbuf_8)
                                                         clknet_leaf_3_CLK (net)
                      0.073011    0.002383    0.827903 ^ _5125_/CLK (sky130_fd_sc_hd__dfxtp_2)
     1    0.003780    0.033642    0.318433    1.146336 ^ _5125_/Q (sky130_fd_sc_hd__dfxtp_2)
                                                         _0010_ (net)
                      0.034058    0.000237    1.146574 ^ fanout473/A (sky130_fd_sc_hd__clkdlybuf4s25_1)
     9    0.108967    1.073017    0.950637    2.097210 ^ fanout473/X (sky130_fd_sc_hd__clkdlybuf4s25_1)
                                                         net473 (net)
                      1.074057    0.027851    2.125061 ^ fanout472/A (sky130_fd_sc_hd__dlymetal6s4s_1)
    10    0.085536    0.824528    0.821363    2.946424 ^ fanout472/X (sky130_fd_sc_hd__dlymetal6s4s_1)
                                                         net472 (net)
                      0.825016    0.016680    2.963104 ^ _2434_/A (sky130_fd_sc_hd__inv_2)
     1    0.002616    0.092747    0.036747    2.999851 v _2434_/Y (sky130_fd_sc_hd__inv_2)
                                                         _2324_ (net)
                      0.092747    0.000179    3.000030 v fanout365/A (sky130_fd_sc_hd__clkdlybuf4s25_1)
     6    0.077885    0.565945    0.661072    3.661101 v fanout365/X (sky130_fd_sc_hd__clkdlybuf4s25_1)
                                                         net365 (net)
                      0.565973    0.004312    3.665413 v fanout363/A (sky130_fd_sc_hd__dlymetal6s4s_1)
    10    0.073465    0.354475    0.681671    4.347084 v fanout363/X (sky130_fd_sc_hd__dlymetal6s4s_1)
                                                         net363 (net)
                      0.354676    0.007957    4.355041 v _2592_/S (sky130_fd_sc_hd__mux2_1)
     1    0.010324    0.090183    0.466649    4.821689 v _2592_/X (sky130_fd_sc_hd__mux2_1)
                                                         _0467_ (net)
                      0.090190    0.000827    4.822516 v _2593_/B1 (sky130_fd_sc_hd__a22o_2)
     1    0.009295    0.064212    0.242269    5.064785 v _2593_/X (sky130_fd_sc_hd__a22o_2)
                                                         _0468_ (net)
                      0.064212    0.000763    5.065548 v fanout301/A (sky130_fd_sc_hd__clkdlybuf4s25_1)
     8    0.080882    0.588856    0.659723    5.725271 v fanout301/X (sky130_fd_sc_hd__clkdlybuf4s25_1)
                                                         net301 (net)
                      0.588856    0.001996    5.727267 v fanout299/A (sky130_fd_sc_hd__dlymetal6s4s_1)
    10    0.079164    0.377602    0.713446    6.440713 v fanout299/X (sky130_fd_sc_hd__dlymetal6s4s_1)
                                                         net299 (net)
                      0.377858    0.008932    6.449645 v _2606_/B (sky130_fd_sc_hd__xor2_2)
     3    0.021513    0.307408    0.380938    6.830583 ^ _2606_/X (sky130_fd_sc_hd__xor2_2)
                                                         _0481_ (net)
                      0.307413    0.001791    6.832374 ^ _2608_/A2 (sky130_fd_sc_hd__a21o_2)
     2    0.016828    0.094088    0.231058    7.063431 ^ _2608_/X (sky130_fd_sc_hd__a21o_2)
                                                         _0483_ (net)
                      0.094094    0.000850    7.064281 ^ _2609_/A2 (sky130_fd_sc_hd__a21o_2)
     2    0.013664    0.078281    0.167210    7.231492 ^ _2609_/X (sky130_fd_sc_hd__a21o_2)
                                                         _0484_ (net)
                      0.078286    0.000683    7.232175 ^ _2614_/A1 (sky130_fd_sc_hd__a21bo_2)
     3    0.025883    0.145810    0.209952    7.442127 ^ _2614_/X (sky130_fd_sc_hd__a21bo_2)
                                                         _0489_ (net)
                      0.145936    0.003867    7.445993 ^ _2619_/A2 (sky130_fd_sc_hd__a31o_2)
     3    0.023626    0.145055    0.253094    7.699088 ^ _2619_/X (sky130_fd_sc_hd__a31o_2)
                                                         _0494_ (net)
                      0.145081    0.001929    7.701017 ^ _2624_/A1 (sky130_fd_sc_hd__a311o_2)
     4    0.052606    0.277216    0.362390    8.063407 ^ _2624_/X (sky130_fd_sc_hd__a311o_2)
                                                         _0499_ (net)
                      0.277887    0.011185    8.074592 ^ _2679_/A (sky130_fd_sc_hd__nand4_2)
     2    0.014852    0.163560    0.186362    8.260954 v _2679_/Y (sky130_fd_sc_hd__nand4_2)
                                                         _0554_ (net)
                      0.163570    0.001326    8.262280 v _2683_/A1 (sky130_fd_sc_hd__a21bo_2)
     4    0.018839    0.071106    0.277560    8.539840 v _2683_/X (sky130_fd_sc_hd__a21bo_2)
                                                         _0558_ (net)
                      0.071127    0.001161    8.541001 v _2688_/A3 (sky130_fd_sc_hd__a311o_2)
     3    0.014362    0.084087    0.434971    8.975972 v _2688_/X (sky130_fd_sc_hd__a311o_2)
                                                         _0563_ (net)
                      0.084087    0.000813    8.976785 v _2689_/B (sky130_fd_sc_hd__nand2_2)
     1    0.009796    0.074896    0.098905    9.075689 ^ _2689_/Y (sky130_fd_sc_hd__nand2_2)
                                                         _0564_ (net)
                      0.074902    0.000747    9.076437 ^ _2690_/B (sky130_fd_sc_hd__xnor2_2)
     3    0.026502    0.142399    0.132086    9.208523 v _2690_/Y (sky130_fd_sc_hd__xnor2_2)
                                                         _0565_ (net)
                      0.142476    0.002650    9.211173 v _2696_/B (sky130_fd_sc_hd__or2_2)
     5    0.023665    0.108754    0.378906    9.590079 v _2696_/X (sky130_fd_sc_hd__or2_2)
                                                         _0567_ (net)
                      0.108764    0.001118    9.591197 v _2701_/B (sky130_fd_sc_hd__nor2_2)
     1    0.006121    0.136558    0.119146    9.710344 ^ _2701_/Y (sky130_fd_sc_hd__nor2_2)
                                                         net51 (net)
                      0.136558    0.000446    9.710790 ^ output51/A (sky130_fd_sc_hd__clkdlybuf4s25_1)
     1    0.035225    0.356209    0.495205   10.205995 ^ output51/X (sky130_fd_sc_hd__clkdlybuf4s25_1)
                                                         DEVICES_LDW (net)
                      0.356213    0.001810   10.207805 ^ DEVICES_LDW (out)
                                             10.207805   data arrival time

                                 20.000000   20.000000   clock CLK (rise edge)
                                  0.000000   20.000000   clock network delay (propagated)
                                 -0.250000   19.750002   clock uncertainty
                                  0.000000   19.750002   clock reconvergence pessimism
                                 -4.000000   15.750001   output external delay
                                             15.750001   data required time
---------------------------------------------------------------------------------------------
                                             15.750001   data required time
                                            -10.207805   data arrival time
---------------------------------------------------------------------------------------------
                                              5.542196   slack (MET)




===========================================================================
report_checks --slack_max -0.01
============================================================================
======================= max_tt_025C_1v80 Corner ===================================

No paths found.


===========================================================================
 report_check_types -max_slew -max_cap -max_fanout -violators
============================================================================
======================= max_tt_025C_1v80 Corner ===================================

max slew

Pin                                        Limit        Slew       Slack
------------------------------------------------------------------------
_4611_/A0                               0.750000    1.134234   -0.384234 (VIOLATED)
_4664_/A0                               0.750000    1.134205   -0.384205 (VIOLATED)
_2888_/A1                               0.750000    1.134198   -0.384198 (VIOLATED)
_2459_/A1                               0.750000    1.134195   -0.384195 (VIOLATED)
_2694_/A                                0.750000    1.134195   -0.384195 (VIOLATED)
_3457_/A                                0.750000    1.134195   -0.384195 (VIOLATED)
_4681_/A1                               0.750000    1.134191   -0.384191 (VIOLATED)
_2700_/A                                0.750000    1.134190   -0.384190 (VIOLATED)
_4704_/A0                               0.750000    1.134182   -0.384182 (VIOLATED)
_4808_/B2                               0.750000    1.134124   -0.384124 (VIOLATED)
fanout322/X                             0.750000    1.134115   -0.384115 (VIOLATED)
_2541_/B1                               0.750000    1.132520   -0.382520 (VIOLATED)
_2520_/B1                               0.750000    1.132489   -0.382490 (VIOLATED)
_2507_/B1                               0.750000    1.132482   -0.382482 (VIOLATED)
_2471_/B1                               0.750000    1.132445   -0.382445 (VIOLATED)
_2495_/B1                               0.750000    1.132409   -0.382409 (VIOLATED)
_2589_/B1                               0.750000    1.132392   -0.382392 (VIOLATED)
_2530_/B1                               0.750000    1.132383   -0.382383 (VIOLATED)
_2643_/B1                               0.750000    1.132383   -0.382383 (VIOLATED)
_2435_/A                                0.750000    1.132370   -0.382370 (VIOLATED)
_2483_/B1                               0.750000    1.132336   -0.382336 (VIOLATED)
fanout469/X                             0.750000    1.132295   -0.382295 (VIOLATED)
_3175_/B1                               0.750000    1.123778   -0.373778 (VIOLATED)
_3173_/B1                               0.750000    1.123751   -0.373751 (VIOLATED)
_3180_/B1                               0.750000    1.123377   -0.373377 (VIOLATED)
_3179_/B1                               0.750000    1.123259   -0.373259 (VIOLATED)
_3174_/B1                               0.750000    1.123246   -0.373246 (VIOLATED)
_3185_/B1                               0.750000    1.123205   -0.373205 (VIOLATED)
_3186_/B1                               0.750000    1.123168   -0.373168 (VIOLATED)
_3187_/B1                               0.750000    1.123168   -0.373168 (VIOLATED)
_3181_/B1                               0.750000    1.123166   -0.373166 (VIOLATED)
_3188_/B1                               0.750000    1.123165   -0.373165 (VIOLATED)
fanout243/X                             0.750000    1.123165   -0.373165 (VIOLATED)
_2949_/B1                               0.750000    1.091594   -0.341594 (VIOLATED)
_2950_/B1                               0.750000    1.091583   -0.341583 (VIOLATED)
_2959_/B1                               0.750000    1.091572   -0.341572 (VIOLATED)
_2956_/B1                               0.750000    1.091535   -0.341535 (VIOLATED)
ANTENNA_3/DIODE                         0.750000    1.091532   -0.341532 (VIOLATED)
_2955_/B1                               0.750000    1.091529   -0.341529 (VIOLATED)
_2961_/B1                               0.750000    1.091524   -0.341524 (VIOLATED)
_2963_/B1                               0.750000    1.091475   -0.341475 (VIOLATED)
_2962_/B1                               0.750000    1.091473   -0.341473 (VIOLATED)
_2957_/B1                               0.750000    1.091472   -0.341472 (VIOLATED)
_2964_/B1                               0.750000    1.091468   -0.341468 (VIOLATED)
fanout176/X                             0.750000    1.091458   -0.341458 (VIOLATED)
_3461_/B2                               0.750000    1.085060   -0.335060 (VIOLATED)
_2460_/D1                               0.750000    1.085034   -0.335034 (VIOLATED)
_3731_/C                                0.750000    1.085030   -0.335030 (VIOLATED)
_3851_/A                                0.750000    1.085005   -0.335005 (VIOLATED)
ANTENNA_19/DIODE                        0.750000    1.084998   -0.334998 (VIOLATED)
_3732_/C                                0.750000    1.084929   -0.334930 (VIOLATED)
fanout382/A                             0.750000    1.084911   -0.334912 (VIOLATED)
_3439_/A1                               0.750000    1.084532   -0.334533 (VIOLATED)
fanout383/X                             0.750000    1.084524   -0.334524 (VIOLATED)
_3172_/B                                0.750000    1.078609   -0.328608 (VIOLATED)
_3187_/A2                               0.750000    1.078604   -0.328603 (VIOLATED)
_3173_/A2                               0.750000    1.078602   -0.328602 (VIOLATED)
_3181_/A2                               0.750000    1.078601   -0.328601 (VIOLATED)
ANTENNA_23/DIODE                        0.750000    1.078599   -0.328599 (VIOLATED)
_3186_/A2                               0.750000    1.078598   -0.328598 (VIOLATED)
_3188_/A2                               0.750000    1.078585   -0.328585 (VIOLATED)
_3179_/A2                               0.750000    1.078579   -0.328579 (VIOLATED)
_3174_/A2                               0.750000    1.078571   -0.328571 (VIOLATED)
_3180_/A2                               0.750000    1.078571   -0.328571 (VIOLATED)
_3185_/A2                               0.750000    1.078535   -0.328535 (VIOLATED)
fanout282/X                             0.750000    1.078511   -0.328511 (VIOLATED)
_2601_/S                                0.750000    1.074488   -0.324488 (VIOLATED)
_2596_/A                                0.750000    1.074363   -0.324363 (VIOLATED)
ANTENNA_22/DIODE                        0.750000    1.074136   -0.324136 (VIOLATED)
fanout472/A                             0.750000    1.074057   -0.324057 (VIOLATED)
_2589_/A1                               0.750000    1.073716   -0.323716 (VIOLATED)
_2672_/S                                0.750000    1.073690   -0.323690 (VIOLATED)
_2533_/S                                0.750000    1.073684   -0.323684 (VIOLATED)
ANTENNA_21/DIODE                        0.750000    1.073646   -0.323646 (VIOLATED)
fanout471/A                             0.750000    1.073049   -0.323049 (VIOLATED)
fanout473/X                             0.750000    1.073017   -0.323017 (VIOLATED)
_2880_/A                                0.750000    1.064918   -0.314918 (VIOLATED)
_2888_/B1                               0.750000    1.064916   -0.314916 (VIOLATED)
_2883_/A                                0.750000    1.064914   -0.314915 (VIOLATED)
_2887_/B                                0.750000    1.064887   -0.314887 (VIOLATED)
_2860_/A                                0.750000    1.064795   -0.314795 (VIOLATED)
_2862_/A                                0.750000    1.064795   -0.314795 (VIOLATED)
_2858_/A                                0.750000    1.064794   -0.314794 (VIOLATED)
_2856_/A                                0.750000    1.064789   -0.314789 (VIOLATED)
_2854_/A_N                              0.750000    1.064786   -0.314786 (VIOLATED)
fanout344/A                             0.750000    1.064732   -0.314732 (VIOLATED)
fanout345/X                             0.750000    1.064723   -0.314723 (VIOLATED)
_3193_/B1                               0.750000    1.052359   -0.302359 (VIOLATED)
_3191_/B1                               0.750000    1.052348   -0.302348 (VIOLATED)
_3198_/B1                               0.750000    1.052259   -0.302259 (VIOLATED)
_3192_/B1                               0.750000    1.052231   -0.302231 (VIOLATED)
_3203_/B1                               0.750000    1.052230   -0.302230 (VIOLATED)
_3197_/B1                               0.750000    1.052064   -0.302064 (VIOLATED)
_3205_/B1                               0.750000    1.051991   -0.301991 (VIOLATED)
_3204_/B1                               0.750000    1.051950   -0.301950 (VIOLATED)
_3206_/B1                               0.750000    1.051870   -0.301870 (VIOLATED)
_3199_/B1                               0.750000    1.051841   -0.301841 (VIOLATED)
fanout158/X                             0.750000    1.051833   -0.301833 (VIOLATED)
_2897_/B                                0.750000    1.047261   -0.297261 (VIOLATED)
_2923_/B2                               0.750000    1.047258   -0.297258 (VIOLATED)
_2945_/B2                               0.750000    1.047242   -0.297242 (VIOLATED)
_2942_/B2                               0.750000    1.047227   -0.297227 (VIOLATED)
_2939_/B2                               0.750000    1.047222   -0.297222 (VIOLATED)
_2917_/B2                               0.750000    1.047187   -0.297187 (VIOLATED)
_2901_/B2                               0.750000    1.047171   -0.297171 (VIOLATED)
_2898_/A2                               0.750000    1.047167   -0.297167 (VIOLATED)
_2920_/B2                               0.750000    1.047152   -0.297152 (VIOLATED)
_2936_/B2                               0.750000    1.047114   -0.297114 (VIOLATED)
fanout269/X                             0.750000    1.047114   -0.297114 (VIOLATED)
_2639_/B                                0.750000    1.044154   -0.294154 (VIOLATED)
_2636_/B                                0.750000    1.044137   -0.294137 (VIOLATED)
_2634_/B                                0.750000    1.044113   -0.294113 (VIOLATED)
_2633_/A                                0.750000    1.043958   -0.293958 (VIOLATED)
_3673_/A1                               0.750000    1.043778   -0.293778 (VIOLATED)
_4723_/A1                               0.750000    1.043538   -0.293538 (VIOLATED)
_4431_/A                                0.750000    1.043481   -0.293481 (VIOLATED)
_4432_/A                                0.750000    1.043481   -0.293481 (VIOLATED)
_4468_/A                                0.750000    1.043480   -0.293480 (VIOLATED)
_4554_/A1                               0.750000    1.043452   -0.293452 (VIOLATED)
fanout297/X                             0.750000    1.043443   -0.293443 (VIOLATED)
_2904_/A2                               0.750000    1.039905   -0.289905 (VIOLATED)
_2898_/B1                               0.750000    1.039895   -0.289895 (VIOLATED)
_2920_/A2                               0.750000    1.039819   -0.289819 (VIOLATED)
_2901_/A2                               0.750000    1.039734   -0.289734 (VIOLATED)
_2936_/A2                               0.750000    1.039648   -0.289648 (VIOLATED)
_2917_/A2                               0.750000    1.039554   -0.289554 (VIOLATED)
_3862_/A1                               0.750000    1.039505   -0.289505 (VIOLATED)
_3608_/A1                               0.750000    1.039491   -0.289491 (VIOLATED)
_3658_/A0                               0.750000    1.039461   -0.289461 (VIOLATED)
_2939_/A2                               0.750000    1.039451   -0.289451 (VIOLATED)
_2942_/A2                               0.750000    1.039437   -0.289437 (VIOLATED)
_2583_/A                                0.750000    1.039387   -0.289387 (VIOLATED)
_2584_/A                                0.750000    1.039386   -0.289386 (VIOLATED)
_2945_/A2                               0.750000    1.039331   -0.289331 (VIOLATED)
_2923_/A2                               0.750000    1.039292   -0.289292 (VIOLATED)
_3485_/A                                0.750000    1.039281   -0.289281 (VIOLATED)
_3484_/A                                0.750000    1.039278   -0.289278 (VIOLATED)
fanout204/X                             0.750000    1.039265   -0.289265 (VIOLATED)
_3256_/A                                0.750000    1.039190   -0.289190 (VIOLATED)
_3255_/A                                0.750000    1.039181   -0.289181 (VIOLATED)
_3415_/A1                               0.750000    1.039131   -0.289131 (VIOLATED)
fanout388/X                             0.750000    1.039122   -0.289122 (VIOLATED)
_2603_/B2                               0.750000    1.034475   -0.284475 (VIOLATED)
_2524_/B2                               0.750000    1.034466   -0.284466 (VIOLATED)
fanout361/A                             0.750000    1.034455   -0.284455 (VIOLATED)
_2593_/B2                               0.750000    1.034450   -0.284450 (VIOLATED)
_2511_/B2                               0.750000    1.034436   -0.284436 (VIOLATED)
_2647_/B2                               0.750000    1.034432   -0.284432 (VIOLATED)
_2475_/B2                               0.750000    1.034424   -0.284424 (VIOLATED)
_2534_/B2                               0.750000    1.034420   -0.284420 (VIOLATED)
_2499_/B2                               0.750000    1.034387   -0.284388 (VIOLATED)
_2487_/B2                               0.750000    1.034386   -0.284386 (VIOLATED)
fanout362/X                             0.750000    1.034376   -0.284376 (VIOLATED)
_4407_/A                                0.750000    1.030826   -0.280826 (VIOLATED)
fanout389/A                             0.750000    1.030420   -0.280420 (VIOLATED)
_3478_/A                                0.750000    1.029927   -0.279927 (VIOLATED)
_3477_/A                                0.750000    1.029917   -0.279917 (VIOLATED)
_3258_/A                                0.750000    1.029820   -0.279820 (VIOLATED)
_3259_/A                                0.750000    1.029789   -0.279789 (VIOLATED)
_3413_/A1                               0.750000    1.029787   -0.279787 (VIOLATED)
fanout390/X                             0.750000    1.029693   -0.279693 (VIOLATED)
_3626_/A1                               0.750000    1.010606   -0.260606 (VIOLATED)
_2852_/A                                0.750000    1.010523   -0.260523 (VIOLATED)
_2604_/A                                0.750000    1.010475   -0.260475 (VIOLATED)
_3474_/A                                0.750000    1.010153   -0.260153 (VIOLATED)
_3479_/A                                0.750000    1.010111   -0.260111 (VIOLATED)
_3480_/A1                               0.750000    1.010069   -0.260069 (VIOLATED)
_3486_/A1                               0.750000    1.010025   -0.260025 (VIOLATED)
_3403_/A                                0.750000    1.009895   -0.259895 (VIOLATED)
_3411_/A1                               0.750000    1.009894   -0.259894 (VIOLATED)
_3260_/A                                0.750000    1.009883   -0.259883 (VIOLATED)
fanout391/X                             0.750000    1.009883   -0.259883 (VIOLATED)
_3191_/A2                               0.750000    1.001560   -0.251560 (VIOLATED)
_3198_/A2                               0.750000    1.001537   -0.251537 (VIOLATED)
_3205_/A2                               0.750000    1.001533   -0.251533 (VIOLATED)
_3190_/B                                0.750000    1.001530   -0.251530 (VIOLATED)
_3192_/A2                               0.750000    1.001528   -0.251528 (VIOLATED)
_3199_/A2                               0.750000    1.001528   -0.251528 (VIOLATED)
_3204_/A2                               0.750000    1.001527   -0.251527 (VIOLATED)
_3206_/A2                               0.750000    1.001525   -0.251525 (VIOLATED)
_3197_/A2                               0.750000    1.001523   -0.251523 (VIOLATED)
_3203_/A2                               0.750000    1.001499   -0.251499 (VIOLATED)
fanout241/X                             0.750000    1.001476   -0.251476 (VIOLATED)
_3044_/B1                               0.750000    0.989092   -0.239092 (VIOLATED)
_3046_/B1                               0.750000    0.989083   -0.239083 (VIOLATED)
_3054_/B1                               0.750000    0.989056   -0.239056 (VIOLATED)
_3045_/B1                               0.750000    0.989055   -0.239055 (VIOLATED)
_3056_/B1                               0.750000    0.989042   -0.239042 (VIOLATED)
_3050_/B1                               0.750000    0.989023   -0.239023 (VIOLATED)
_3058_/B1                               0.750000    0.989010   -0.239010 (VIOLATED)
_3057_/B1                               0.750000    0.988996   -0.238996 (VIOLATED)
_3059_/B1                               0.750000    0.988995   -0.238995 (VIOLATED)
_3052_/B1                               0.750000    0.988994   -0.238994 (VIOLATED)
fanout257/X                             0.750000    0.988970   -0.238970 (VIOLATED)
_3083_/B1                               0.750000    0.988841   -0.238842 (VIOLATED)
_3081_/B1                               0.750000    0.988833   -0.238833 (VIOLATED)
_3091_/B1                               0.750000    0.988755   -0.238755 (VIOLATED)
_3082_/B1                               0.750000    0.988740   -0.238740 (VIOLATED)
_3093_/B1                               0.750000    0.988728   -0.238728 (VIOLATED)
_3087_/B1                               0.750000    0.988563   -0.238563 (VIOLATED)
_3094_/B1                               0.750000    0.988517   -0.238517 (VIOLATED)
_3096_/B1                               0.750000    0.988517   -0.238517 (VIOLATED)
_3089_/B1                               0.750000    0.988514   -0.238514 (VIOLATED)
_3095_/B1                               0.750000    0.988507   -0.238507 (VIOLATED)
fanout166/X                             0.750000    0.988432   -0.238432 (VIOLATED)
_2692_/A                                0.750000    0.979549   -0.229549 (VIOLATED)
_2698_/A                                0.750000    0.979540   -0.229540 (VIOLATED)
_3654_/S                                0.750000    0.979460   -0.229460 (VIOLATED)
_3655_/S                                0.750000    0.979455   -0.229455 (VIOLATED)
_2707_/A1                               0.750000    0.979436   -0.229436 (VIOLATED)
_4485_/A1                               0.750000    0.979436   -0.229436 (VIOLATED)
_4609_/A0                               0.750000    0.979416   -0.229416 (VIOLATED)
_4591_/B2                               0.750000    0.979406   -0.229406 (VIOLATED)
_4547_/A                                0.750000    0.979391   -0.229391 (VIOLATED)
_4648_/A1                               0.750000    0.979388   -0.229388 (VIOLATED)
fanout327/X                             0.750000    0.979380   -0.229381 (VIOLATED)
_3062_/B1                               0.750000    0.973223   -0.223223 (VIOLATED)
_3064_/B1                               0.750000    0.973173   -0.223173 (VIOLATED)
_3209_/A2                               0.750000    0.972987   -0.222988 (VIOLATED)
_3219_/A2                               0.750000    0.972881   -0.222881 (VIOLATED)
_3210_/A2                               0.750000    0.972857   -0.222857 (VIOLATED)
_3221_/A2                               0.750000    0.972857   -0.222857 (VIOLATED)
_3063_/B1                               0.750000    0.972852   -0.222852 (VIOLATED)
_3208_/B                                0.750000    0.972814   -0.222814 (VIOLATED)
_3223_/A2                               0.750000    0.972812   -0.222812 (VIOLATED)
_3217_/A2                               0.750000    0.972806   -0.222806 (VIOLATED)
_3222_/A2                               0.750000    0.972803   -0.222803 (VIOLATED)
_3224_/A2                               0.750000    0.972801   -0.222801 (VIOLATED)
_3215_/A2                               0.750000    0.972795   -0.222795 (VIOLATED)
fanout239/X                             0.750000    0.972743   -0.222743 (VIOLATED)
_3072_/B1                               0.750000    0.972721   -0.222721 (VIOLATED)
_3074_/B1                               0.750000    0.972668   -0.222668 (VIOLATED)
_3068_/B1                               0.750000    0.972575   -0.222575 (VIOLATED)
_3075_/B1                               0.750000    0.972175   -0.222175 (VIOLATED)
_3077_/B1                               0.750000    0.972173   -0.222173 (VIOLATED)
_3070_/B1                               0.750000    0.972110   -0.222110 (VIOLATED)
_3076_/B1                               0.750000    0.972079   -0.222079 (VIOLATED)
fanout168/X                             0.750000    0.972072   -0.222072 (VIOLATED)
_3157_/B1                               0.750000    0.954563   -0.204563 (VIOLATED)
_3155_/B1                               0.750000    0.954560   -0.204560 (VIOLATED)
_3165_/B1                               0.750000    0.954549   -0.204549 (VIOLATED)
_3156_/B1                               0.750000    0.954531   -0.204531 (VIOLATED)
_3163_/B1                               0.750000    0.954476   -0.204476 (VIOLATED)
_3167_/B1                               0.750000    0.954475   -0.204475 (VIOLATED)
_3161_/B1                               0.750000    0.954473   -0.204473 (VIOLATED)
_3170_/B1                               0.750000    0.954462   -0.204462 (VIOLATED)
_3169_/B1                               0.750000    0.954452   -0.204452 (VIOLATED)
_3168_/B1                               0.750000    0.954451   -0.204451 (VIOLATED)
fanout160/X                             0.750000    0.954426   -0.204426 (VIOLATED)
_3598_/A1                               0.750000    0.953236   -0.203236 (VIOLATED)
_2573_/A                                0.750000    0.953232   -0.203232 (VIOLATED)
_2612_/A                                0.750000    0.953230   -0.203230 (VIOLATED)
_2610_/A                                0.750000    0.953220   -0.203220 (VIOLATED)
_2611_/A                                0.750000    0.953220   -0.203220 (VIOLATED)
_3492_/A                                0.750000    0.953115   -0.203115 (VIOLATED)
_3493_/A                                0.750000    0.953113   -0.203114 (VIOLATED)
_3269_/A                                0.750000    0.953029   -0.203029 (VIOLATED)
_3268_/A                                0.750000    0.952989   -0.202989 (VIOLATED)
_3417_/A1                               0.750000    0.952988   -0.202988 (VIOLATED)
fanout387/X                             0.750000    0.952980   -0.202980 (VIOLATED)
_4201_/A                                0.750000    0.948999   -0.198999 (VIOLATED)
fanout312/A                             0.750000    0.948993   -0.198993 (VIOLATED)
_4521_/A1                               0.750000    0.948990   -0.198990 (VIOLATED)
ANTENNA_13/DIODE                        0.750000    0.948765   -0.198765 (VIOLATED)
_3976_/A0                               0.750000    0.948736   -0.198736 (VIOLATED)
_2622_/B                                0.750000    0.948648   -0.198648 (VIOLATED)
_2526_/B                                0.750000    0.948645   -0.198645 (VIOLATED)
_2525_/B                                0.750000    0.948643   -0.198643 (VIOLATED)
_3803_/A                                0.750000    0.948631   -0.198631 (VIOLATED)
_3804_/A                                0.750000    0.948621   -0.198621 (VIOLATED)
_3884_/B                                0.750000    0.948598   -0.198598 (VIOLATED)
fanout313/X                             0.750000    0.948590   -0.198590 (VIOLATED)
_3007_/B1                               0.750000    0.947212   -0.197212 (VIOLATED)
_3009_/B1                               0.750000    0.947201   -0.197201 (VIOLATED)
_3019_/B1                               0.750000    0.947069   -0.197069 (VIOLATED)
_3017_/B1                               0.750000    0.947059   -0.197059 (VIOLATED)
_3008_/B1                               0.750000    0.947005   -0.197005 (VIOLATED)
_3022_/B1                               0.750000    0.946984   -0.196984 (VIOLATED)
_3020_/B1                               0.750000    0.946983   -0.196983 (VIOLATED)
_3015_/B1                               0.750000    0.946975   -0.196975 (VIOLATED)
_3013_/B1                               0.750000    0.946971   -0.196971 (VIOLATED)
_3021_/B1                               0.750000    0.946959   -0.196959 (VIOLATED)
fanout172/X                             0.750000    0.946925   -0.196925 (VIOLATED)
_3155_/A2                               0.750000    0.944162   -0.194162 (VIOLATED)
_3165_/A2                               0.750000    0.944042   -0.194042 (VIOLATED)
_3118_/A2                               0.750000    0.944013   -0.194013 (VIOLATED)
_3120_/A2                               0.750000    0.944013   -0.194013 (VIOLATED)
_3117_/B                                0.750000    0.944004   -0.194004 (VIOLATED)
_3119_/A2                               0.750000    0.944003   -0.194003 (VIOLATED)
_3124_/A2                               0.750000    0.943997   -0.193997 (VIOLATED)
_3130_/A2                               0.750000    0.943996   -0.193996 (VIOLATED)
_3126_/A2                               0.750000    0.943995   -0.193995 (VIOLATED)
_3131_/A2                               0.750000    0.943994   -0.193994 (VIOLATED)
_3133_/A2                               0.750000    0.943994   -0.193994 (VIOLATED)
_3132_/A2                               0.750000    0.943994   -0.193994 (VIOLATED)
fanout249/X                             0.750000    0.943986   -0.193986 (VIOLATED)
_3156_/A2                               0.750000    0.943985   -0.193985 (VIOLATED)
_3161_/A2                               0.750000    0.943957   -0.193957 (VIOLATED)
_3154_/B                                0.750000    0.943834   -0.193834 (VIOLATED)
_3169_/A2                               0.750000    0.943803   -0.193803 (VIOLATED)
_3168_/A2                               0.750000    0.943743   -0.193743 (VIOLATED)
_3167_/A2                               0.750000    0.943723   -0.193723 (VIOLATED)
_3170_/A2                               0.750000    0.943716   -0.193716 (VIOLATED)
_3163_/A2                               0.750000    0.943714   -0.193714 (VIOLATED)
fanout245/X                             0.750000    0.943704   -0.193704 (VIOLATED)
_3461_/A1                               0.750000    0.942778   -0.192778 (VIOLATED)
_3731_/D                                0.750000    0.942624   -0.192624 (VIOLATED)
_3732_/D                                0.750000    0.942550   -0.192550 (VIOLATED)
ANTENNA_20/DIODE                        0.750000    0.942549   -0.192549 (VIOLATED)
_4209_/A1                               0.750000    0.942360   -0.192360 (VIOLATED)
_4232_/A1                               0.750000    0.942358   -0.192358 (VIOLATED)
_4272_/A1                               0.750000    0.942349   -0.192349 (VIOLATED)
fanout384/A                             0.750000    0.942247   -0.192247 (VIOLATED)
fanout385/X                             0.750000    0.942247   -0.192247 (VIOLATED)
_3081_/A2                               0.750000    0.935278   -0.185278 (VIOLATED)
_3091_/A2                               0.750000    0.935219   -0.185219 (VIOLATED)
_3082_/A2                               0.750000    0.935210   -0.185210 (VIOLATED)
_3094_/A2                               0.750000    0.935210   -0.185210 (VIOLATED)
_3096_/A2                               0.750000    0.935209   -0.185209 (VIOLATED)
_3089_/A2                               0.750000    0.935207   -0.185207 (VIOLATED)
_3080_/B                                0.750000    0.935202   -0.185202 (VIOLATED)
_3093_/A2                               0.750000    0.935202   -0.185202 (VIOLATED)
_3095_/A2                               0.750000    0.935201   -0.185201 (VIOLATED)
_3087_/A2                               0.750000    0.935193   -0.185193 (VIOLATED)
fanout253/X                             0.750000    0.935186   -0.185186 (VIOLATED)
_3044_/A2                               0.750000    0.932296   -0.182296 (VIOLATED)
_3054_/A2                               0.750000    0.932136   -0.182137 (VIOLATED)
_3045_/A2                               0.750000    0.932117   -0.182117 (VIOLATED)
_3056_/A2                               0.750000    0.932037   -0.182037 (VIOLATED)
_3050_/A2                               0.750000    0.931924   -0.181924 (VIOLATED)
_3057_/A2                               0.750000    0.931918   -0.181918 (VIOLATED)
_3058_/A2                               0.750000    0.931918   -0.181918 (VIOLATED)
_3043_/B                                0.750000    0.931918   -0.181918 (VIOLATED)
_3059_/A2                               0.750000    0.931918   -0.181918 (VIOLATED)
_3052_/A2                               0.750000    0.931917   -0.181917 (VIOLATED)
fanout286/X                             0.750000    0.931886   -0.181886 (VIOLATED)
_3132_/B1                               0.750000    0.928617   -0.178617 (VIOLATED)
_3131_/B1                               0.750000    0.928611   -0.178611 (VIOLATED)
_3126_/B1                               0.750000    0.928602   -0.178602 (VIOLATED)
_3133_/B1                               0.750000    0.928563   -0.178563 (VIOLATED)
_3130_/B1                               0.750000    0.928554   -0.178554 (VIOLATED)
_3124_/B1                               0.750000    0.928519   -0.178519 (VIOLATED)
_3119_/B1                               0.750000    0.928493   -0.178493 (VIOLATED)
_3121_/B1                               0.750000    0.928482   -0.178482 (VIOLATED)
_3118_/B1                               0.750000    0.928480   -0.178480 (VIOLATED)
_3120_/B1                               0.750000    0.928478   -0.178478 (VIOLATED)
fanout164/X                             0.750000    0.928437   -0.178437 (VIOLATED)
_2831_/S                                0.750000    0.926630   -0.176630 (VIOLATED)
_2786_/A1                               0.750000    0.926624   -0.176624 (VIOLATED)
_2840_/A1                               0.750000    0.926612   -0.176612 (VIOLATED)
_2828_/A1                               0.750000    0.926599   -0.176599 (VIOLATED)
_2846_/A1                               0.750000    0.926598   -0.176598 (VIOLATED)
_2714_/A1                               0.750000    0.926489   -0.176489 (VIOLATED)
ANTENNA_16/DIODE                        0.750000    0.926483   -0.176483 (VIOLATED)
ANTENNA_18/DIODE                        0.750000    0.926398   -0.176398 (VIOLATED)
_2802_/A                                0.750000    0.926375   -0.176375 (VIOLATED)
ANTENNA_17/DIODE                        0.750000    0.926363   -0.176363 (VIOLATED)
_2721_/A                                0.750000    0.926342   -0.176342 (VIOLATED)
_2822_/A1                               0.750000    0.926276   -0.176276 (VIOLATED)
_2768_/A1                               0.750000    0.926252   -0.176252 (VIOLATED)
fanout359/X                             0.750000    0.926244   -0.176244 (VIOLATED)
_3602_/A                                0.750000    0.908723   -0.158723 (VIOLATED)
_3591_/A                                0.750000    0.908714   -0.158714 (VIOLATED)
_3606_/S                                0.750000    0.908703   -0.158703 (VIOLATED)
_2431_/A                                0.750000    0.908684   -0.158684 (VIOLATED)
_3700_/S                                0.750000    0.908650   -0.158650 (VIOLATED)
_3695_/A                                0.750000    0.908646   -0.158646 (VIOLATED)
_3706_/A                                0.750000    0.908643   -0.158643 (VIOLATED)
_3722_/S                                0.750000    0.908587   -0.158587 (VIOLATED)
_3801_/S                                0.750000    0.908576   -0.158576 (VIOLATED)
_3717_/A                                0.750000    0.908480   -0.158481 (VIOLATED)
fanout434/X                             0.750000    0.908456   -0.158456 (VIOLATED)
_3211_/B1                               0.750000    0.906032   -0.156032 (VIOLATED)
_3209_/B1                               0.750000    0.906008   -0.156008 (VIOLATED)
_3137_/A2                               0.750000    0.905970   -0.155970 (VIOLATED)
_3147_/A2                               0.750000    0.905954   -0.155954 (VIOLATED)
_3149_/A2                               0.750000    0.905945   -0.155945 (VIOLATED)
_3138_/A2                               0.750000    0.905942   -0.155942 (VIOLATED)
_3143_/A2                               0.750000    0.905940   -0.155940 (VIOLATED)
_3152_/A2                               0.750000    0.905940   -0.155940 (VIOLATED)
_3219_/B1                               0.750000    0.905938   -0.155938 (VIOLATED)
_3136_/B                                0.750000    0.905930   -0.155930 (VIOLATED)
_3151_/A2                               0.750000    0.905927   -0.155927 (VIOLATED)
_3145_/A2                               0.750000    0.905915   -0.155915 (VIOLATED)
_3150_/A2                               0.750000    0.905915   -0.155915 (VIOLATED)
_3210_/B1                               0.750000    0.905914   -0.155914 (VIOLATED)
fanout247/X                             0.750000    0.905894   -0.155894 (VIOLATED)
_3221_/B1                               0.750000    0.905808   -0.155808 (VIOLATED)
_3215_/B1                               0.750000    0.905602   -0.155602 (VIOLATED)
_3224_/B1                               0.750000    0.905498   -0.155498 (VIOLATED)
_3222_/B1                               0.750000    0.905457   -0.155457 (VIOLATED)
_3217_/B1                               0.750000    0.905446   -0.155446 (VIOLATED)
_3223_/B1                               0.750000    0.905372   -0.155372 (VIOLATED)
fanout156/X                             0.750000    0.905349   -0.155349 (VIOLATED)
_3062_/A2                               0.750000    0.899065   -0.149065 (VIOLATED)
_3072_/A2                               0.750000    0.898987   -0.148987 (VIOLATED)
_3063_/A2                               0.750000    0.898968   -0.148968 (VIOLATED)
_3076_/A2                               0.750000    0.898921   -0.148921 (VIOLATED)
_3061_/B                                0.750000    0.898920   -0.148920 (VIOLATED)
_3075_/A2                               0.750000    0.898918   -0.148918 (VIOLATED)
_3070_/A2                               0.750000    0.898918   -0.148918 (VIOLATED)
_3077_/A2                               0.750000    0.898918   -0.148918 (VIOLATED)
_3068_/A2                               0.750000    0.898912   -0.148912 (VIOLATED)
_3074_/A2                               0.750000    0.898911   -0.148911 (VIOLATED)
fanout255/X                             0.750000    0.898908   -0.148908 (VIOLATED)
_2969_/A2                               0.750000    0.898556   -0.148556 (VIOLATED)
_2970_/A2                               0.750000    0.898475   -0.148475 (VIOLATED)
_2979_/A2                               0.750000    0.898450   -0.148450 (VIOLATED)
_2981_/A2                               0.750000    0.898270   -0.148270 (VIOLATED)
_4457_/B                                0.750000    0.898220   -0.148220 (VIOLATED)
_3956_/A1                               0.750000    0.898204   -0.148204 (VIOLATED)
_3632_/A1                               0.750000    0.898144   -0.148144 (VIOLATED)
_2975_/A2                               0.750000    0.898135   -0.148135 (VIOLATED)
_2984_/A2                               0.750000    0.898054   -0.148054 (VIOLATED)
_3670_/A1                               0.750000    0.898040   -0.148040 (VIOLATED)
_4007_/A0                               0.750000    0.897966   -0.147966 (VIOLATED)
_2982_/A2                               0.750000    0.897901   -0.147901 (VIOLATED)
_2977_/A2                               0.750000    0.897884   -0.147884 (VIOLATED)
_2983_/A2                               0.750000    0.897822   -0.147822 (VIOLATED)
_3741_/A                                0.750000    0.897816   -0.147816 (VIOLATED)
_2500_/A                                0.750000    0.897800   -0.147800 (VIOLATED)
_3742_/A                                0.750000    0.897797   -0.147797 (VIOLATED)
_2503_/B                                0.750000    0.897793   -0.147793 (VIOLATED)
_2501_/B                                0.750000    0.897792   -0.147792 (VIOLATED)
_2968_/B                                0.750000    0.897786   -0.147786 (VIOLATED)
fanout316/X                             0.750000    0.897778   -0.147778 (VIOLATED)
fanout288/X                             0.750000    0.897777   -0.147777 (VIOLATED)
_3731_/A                                0.750000    0.892430   -0.142431 (VIOLATED)
_2460_/B1                               0.750000    0.892410   -0.142410 (VIOLATED)
_3463_/A                                0.750000    0.892403   -0.142403 (VIOLATED)
_2428_/A                                0.750000    0.892350   -0.142350 (VIOLATED)
_2451_/A                                0.750000    0.892338   -0.142338 (VIOLATED)
_2445_/D                                0.750000    0.892337   -0.142337 (VIOLATED)
_3732_/A                                0.750000    0.892296   -0.142296 (VIOLATED)
_2449_/A                                0.750000    0.892277   -0.142277 (VIOLATED)
_2450_/A                                0.750000    0.892069   -0.142069 (VIOLATED)
_3443_/A1                               0.750000    0.891914   -0.141914 (VIOLATED)
fanout378/X                             0.750000    0.891914   -0.141914 (VIOLATED)
_4151_/A0                               0.750000    0.879456   -0.129456 (VIOLATED)
_3649_/A1                               0.750000    0.879393   -0.129393 (VIOLATED)
_3663_/A0                               0.750000    0.879266   -0.129266 (VIOLATED)
_3978_/A1                               0.750000    0.879224   -0.129224 (VIOLATED)
_2715_/A1                               0.750000    0.879187   -0.129187 (VIOLATED)
_2535_/A                                0.750000    0.879073   -0.129073 (VIOLATED)
_2805_/A1                               0.750000    0.879039   -0.129039 (VIOLATED)
_2536_/B                                0.750000    0.878996   -0.128996 (VIOLATED)
_2724_/A1                               0.750000    0.878994   -0.128994 (VIOLATED)
_2620_/B                                0.750000    0.878993   -0.128993 (VIOLATED)
_3793_/A                                0.750000    0.878967   -0.128967 (VIOLATED)
_3792_/A                                0.750000    0.878966   -0.128966 (VIOLATED)
_3790_/A                                0.750000    0.878966   -0.128966 (VIOLATED)
fanout310/X                             0.750000    0.878958   -0.128959 (VIOLATED)
_2823_/A1                               0.750000    0.878950   -0.128950 (VIOLATED)
_2769_/A1                               0.750000    0.878945   -0.128945 (VIOLATED)
_2846_/B1                               0.750000    0.878846   -0.128846 (VIOLATED)
_2787_/A1                               0.750000    0.878822   -0.128822 (VIOLATED)
_2841_/A1                               0.750000    0.878817   -0.128818 (VIOLATED)
_2437_/A                                0.750000    0.878781   -0.128781 (VIOLATED)
_2828_/B1                               0.750000    0.878769   -0.128769 (VIOLATED)
_2732_/B1                               0.750000    0.878762   -0.128762 (VIOLATED)
_2714_/B1                               0.750000    0.878748   -0.128748 (VIOLATED)
fanout393/X                             0.750000    0.878721   -0.128721 (VIOLATED)
_2804_/B1                               0.750000    0.878642   -0.128642 (VIOLATED)
_2723_/B1                               0.750000    0.878608   -0.128609 (VIOLATED)
_2822_/B1                               0.750000    0.878505   -0.128505 (VIOLATED)
_2768_/B1                               0.750000    0.878503   -0.128503 (VIOLATED)
_2786_/B1                               0.750000    0.878421   -0.128421 (VIOLATED)
_2840_/B1                               0.750000    0.878416   -0.128416 (VIOLATED)
_2850_/B2                               0.750000    0.878364   -0.128364 (VIOLATED)
_2832_/B2                               0.750000    0.878355   -0.128355 (VIOLATED)
fanout357/X                             0.750000    0.878355   -0.128355 (VIOLATED)
_3103_/B1                               0.750000    0.877748   -0.127748 (VIOLATED)
_3113_/B1                               0.750000    0.877746   -0.127746 (VIOLATED)
_3108_/B1                               0.750000    0.877741   -0.127741 (VIOLATED)
_3100_/B1                               0.750000    0.877739   -0.127739 (VIOLATED)
_3115_/B1                               0.750000    0.877731   -0.127731 (VIOLATED)
_3102_/B1                               0.750000    0.877729   -0.127729 (VIOLATED)
_3112_/B1                               0.750000    0.877699   -0.127699 (VIOLATED)
_3106_/B1                               0.750000    0.877659   -0.127659 (VIOLATED)
_3101_/B1                               0.750000    0.877656   -0.127656 (VIOLATED)
_3114_/B1                               0.750000    0.877653   -0.127653 (VIOLATED)
fanout251/X                             0.750000    0.877614   -0.127614 (VIOLATED)
_2983_/B1                               0.750000    0.863505   -0.113505 (VIOLATED)
_2977_/B1                               0.750000    0.863492   -0.113492 (VIOLATED)
_2982_/B1                               0.750000    0.863464   -0.113464 (VIOLATED)
_2984_/B1                               0.750000    0.863440   -0.113440 (VIOLATED)
_2975_/B1                               0.750000    0.863393   -0.113393 (VIOLATED)
_2981_/B1                               0.750000    0.863353   -0.113353 (VIOLATED)
_3100_/A2                               0.750000    0.863332   -0.113332 (VIOLATED)
_3102_/A2                               0.750000    0.863326   -0.113326 (VIOLATED)
_2979_/B1                               0.750000    0.863302   -0.113302 (VIOLATED)
_2969_/B1                               0.750000    0.863289   -0.113289 (VIOLATED)
_2971_/B1                               0.750000    0.863287   -0.113287 (VIOLATED)
_3101_/A2                               0.750000    0.863280   -0.113280 (VIOLATED)
_2970_/B1                               0.750000    0.863272   -0.113272 (VIOLATED)
fanout265/X                             0.750000    0.863265   -0.113265 (VIOLATED)
_3114_/A2                               0.750000    0.863260   -0.113260 (VIOLATED)
_3106_/A2                               0.750000    0.863251   -0.113251 (VIOLATED)
_3099_/B                                0.750000    0.863249   -0.113249 (VIOLATED)
_3113_/A2                               0.750000    0.863116   -0.113116 (VIOLATED)
_3108_/A2                               0.750000    0.863115   -0.113115 (VIOLATED)
_3115_/A2                               0.750000    0.863047   -0.113048 (VIOLATED)
_3112_/A2                               0.750000    0.863003   -0.113003 (VIOLATED)
fanout284/X                             0.750000    0.862996   -0.112996 (VIOLATED)
_4517_/A1                               0.750000    0.857305   -0.107305 (VIOLATED)
fanout318/A                             0.750000    0.857271   -0.107272 (VIOLATED)
_4787_/A0                               0.750000    0.857217   -0.107217 (VIOLATED)
_4007_/A1                               0.750000    0.857174   -0.107174 (VIOLATED)
_3944_/B                                0.750000    0.856934   -0.106934 (VIOLATED)
_2489_/B                                0.750000    0.856730   -0.106730 (VIOLATED)
_2488_/B                                0.750000    0.856666   -0.106666 (VIOLATED)
_3766_/A                                0.750000    0.856421   -0.106421 (VIOLATED)
_3767_/A                                0.750000    0.856415   -0.106415 (VIOLATED)
_3915_/B                                0.750000    0.856397   -0.106397 (VIOLATED)
fanout319/X                             0.750000    0.856388   -0.106388 (VIOLATED)
_3996_/B1                               0.750000    0.855572   -0.105572 (VIOLATED)
_4080_/A2                               0.750000    0.855563   -0.105563 (VIOLATED)
_4052_/A2                               0.750000    0.855562   -0.105562 (VIOLATED)
_4549_/B1                               0.750000    0.855552   -0.105552 (VIOLATED)
_4139_/B                                0.750000    0.855541   -0.105541 (VIOLATED)
_4140_/B1                               0.750000    0.855541   -0.105541 (VIOLATED)
_4697_/A2                               0.750000    0.855376   -0.105376 (VIOLATED)
_4187_/A3                               0.750000    0.855283   -0.105284 (VIOLATED)
_4279_/B                                0.750000    0.855281   -0.105281 (VIOLATED)
_4360_/B                                0.750000    0.855268   -0.105268 (VIOLATED)
fanout332/X                             0.750000    0.855242   -0.105242 (VIOLATED)
_4610_/A2                               0.750000    0.854834   -0.104834 (VIOLATED)
_4680_/A2                               0.750000    0.854813   -0.104813 (VIOLATED)
_4665_/B1                               0.750000    0.854808   -0.104808 (VIOLATED)
_3874_/D                                0.750000    0.854779   -0.104779 (VIOLATED)
_4648_/B1                               0.750000    0.854771   -0.104771 (VIOLATED)
_4016_/A1                               0.750000    0.854710   -0.104710 (VIOLATED)
_4812_/A2                               0.750000    0.854668   -0.104668 (VIOLATED)
_4023_/B1                               0.750000    0.854664   -0.104664 (VIOLATED)
_4731_/A2                               0.750000    0.854541   -0.104541 (VIOLATED)
_4718_/B1                               0.750000    0.854509   -0.104509 (VIOLATED)
fanout222/X                             0.750000    0.854501   -0.104501 (VIOLATED)
_4188_/A3                               0.750000    0.851422   -0.101422 (VIOLATED)
_4681_/B2                               0.750000    0.851412   -0.101412 (VIOLATED)
_4165_/B1                               0.750000    0.851385   -0.101385 (VIOLATED)
_4112_/B                                0.750000    0.851365   -0.101365 (VIOLATED)
_4649_/B1                               0.750000    0.851353   -0.101353 (VIOLATED)
_4083_/B                                0.750000    0.851224   -0.101224 (VIOLATED)
_4594_/B1                               0.750000    0.851221   -0.101221 (VIOLATED)
_4484_/B2                               0.750000    0.851149   -0.101149 (VIOLATED)
_4705_/A2                               0.750000    0.850927   -0.100927 (VIOLATED)
_4719_/B2                               0.750000    0.850899   -0.100899 (VIOLATED)
fanout331/X                             0.750000    0.850899   -0.100899 (VIOLATED)
_3593_/B1                               0.750000    0.848899   -0.098899 (VIOLATED)
_3719_/B1                               0.750000    0.848889   -0.098889 (VIOLATED)
_3748_/B1                               0.750000    0.848886   -0.098886 (VIOLATED)
_3612_/B1                               0.750000    0.848883   -0.098883 (VIOLATED)
_3785_/B1                               0.750000    0.848881   -0.098881 (VIOLATED)
_3736_/B1                               0.750000    0.848880   -0.098880 (VIOLATED)
_3686_/B1                               0.750000    0.848879   -0.098879 (VIOLATED)
_3772_/B1                               0.750000    0.848875   -0.098875 (VIOLATED)
_3761_/B1                               0.750000    0.848870   -0.098870 (VIOLATED)
_2432_/A                                0.750000    0.848870   -0.098870 (VIOLATED)
fanout432/X                             0.750000    0.848858   -0.098858 (VIOLATED)
_2988_/A2                               0.750000    0.847920   -0.097920 (VIOLATED)
_2998_/A2                               0.750000    0.847796   -0.097796 (VIOLATED)
_2989_/A2                               0.750000    0.847780   -0.097780 (VIOLATED)
_3000_/A2                               0.750000    0.847741   -0.097741 (VIOLATED)
_2994_/A2                               0.750000    0.847633   -0.097634 (VIOLATED)
_3001_/A2                               0.750000    0.847631   -0.097631 (VIOLATED)
_3003_/A2                               0.750000    0.847628   -0.097628 (VIOLATED)
_2987_/B                                0.750000    0.847511   -0.097511 (VIOLATED)
_2996_/A2                               0.750000    0.847454   -0.097454 (VIOLATED)
_3002_/A2                               0.750000    0.847449   -0.097449 (VIOLATED)
fanout263/X                             0.750000    0.847393   -0.097393 (VIOLATED)
_2990_/B1                               0.750000    0.840571   -0.090571 (VIOLATED)
_2988_/B1                               0.750000    0.840561   -0.090561 (VIOLATED)
_2998_/B1                               0.750000    0.840494   -0.090494 (VIOLATED)
_2989_/B1                               0.750000    0.840483   -0.090483 (VIOLATED)
_3000_/B1                               0.750000    0.840405   -0.090405 (VIOLATED)
_2994_/B1                               0.750000    0.840317   -0.090317 (VIOLATED)
_3003_/B1                               0.750000    0.840226   -0.090226 (VIOLATED)
_3001_/B1                               0.750000    0.840131   -0.090131 (VIOLATED)
_2996_/B1                               0.750000    0.840092   -0.090092 (VIOLATED)
_3002_/B1                               0.750000    0.840062   -0.090063 (VIOLATED)
fanout174/X                             0.750000    0.840055   -0.090055 (VIOLATED)
_3607_/B2                               0.750000    0.839394   -0.089394 (VIOLATED)
_3597_/B2                               0.750000    0.839389   -0.089389 (VIOLATED)
_3802_/B2                               0.750000    0.839371   -0.089371 (VIOLATED)
_3616_/B2                               0.750000    0.839287   -0.089287 (VIOLATED)
_3752_/B2                               0.750000    0.839235   -0.089235 (VIOLATED)
_3789_/B2                               0.750000    0.839160   -0.089160 (VIOLATED)
_3776_/B2                               0.750000    0.839124   -0.089124 (VIOLATED)
_3690_/B2                               0.750000    0.839121   -0.089121 (VIOLATED)
_3740_/B2                               0.750000    0.839117   -0.089117 (VIOLATED)
_3765_/B2                               0.750000    0.839117   -0.089117 (VIOLATED)
fanout366/X                             0.750000    0.839098   -0.089098 (VIOLATED)
_3007_/A2                               0.750000    0.838215   -0.088215 (VIOLATED)
_3017_/A2                               0.750000    0.838206   -0.088206 (VIOLATED)
_3019_/A2                               0.750000    0.838199   -0.088199 (VIOLATED)
_3008_/A2                               0.750000    0.838192   -0.088192 (VIOLATED)
_3013_/A2                               0.750000    0.838184   -0.088184 (VIOLATED)
_3022_/A2                               0.750000    0.838173   -0.088173 (VIOLATED)
_3020_/A2                               0.750000    0.838173   -0.088173 (VIOLATED)
_3015_/A2                               0.750000    0.838169   -0.088169 (VIOLATED)
_3021_/A2                               0.750000    0.838167   -0.088167 (VIOLATED)
_3006_/B                                0.750000    0.838164   -0.088164 (VIOLATED)
fanout261/X                             0.750000    0.838160   -0.088160 (VIOLATED)
_4515_/A1                               0.750000    0.838051   -0.088052 (VIOLATED)
_4413_/A1                               0.750000    0.838047   -0.088047 (VIOLATED)
_4295_/A0                               0.750000    0.838034   -0.088034 (VIOLATED)
_3632_/A0                               0.750000    0.837937   -0.087937 (VIOLATED)
_4454_/B                                0.750000    0.837853   -0.087853 (VIOLATED)
_4455_/B                                0.750000    0.837852   -0.087852 (VIOLATED)
_3670_/A0                               0.750000    0.837827   -0.087827 (VIOLATED)
_4387_/A1                               0.750000    0.837780   -0.087780 (VIOLATED)
_4476_/A2                               0.750000    0.837778   -0.087778 (VIOLATED)
_4471_/B                                0.750000    0.837725   -0.087725 (VIOLATED)
fanout314/X                             0.750000    0.837725   -0.087725 (VIOLATED)
_2866_/A                                0.750000    0.837676   -0.087676 (VIOLATED)
_2871_/A                                0.750000    0.837656   -0.087656 (VIOLATED)
_2869_/A                                0.750000    0.837651   -0.087651 (VIOLATED)
_2691_/A_N                              0.750000    0.837606   -0.087606 (VIOLATED)
_2696_/A                                0.750000    0.837590   -0.087590 (VIOLATED)
_2454_/A_N                              0.750000    0.837355   -0.087355 (VIOLATED)
_2702_/A1                               0.750000    0.837346   -0.087346 (VIOLATED)
_2466_/A_N                              0.750000    0.837338   -0.087338 (VIOLATED)
_2707_/B1                               0.750000    0.837310   -0.087310 (VIOLATED)
_2864_/A                                0.750000    0.837286   -0.087286 (VIOLATED)
fanout344/X                             0.750000    0.837286   -0.087286 (VIOLATED)
_2956_/A2                               0.750000    0.831341   -0.081341 (VIOLATED)
_2959_/A2                               0.750000    0.831339   -0.081339 (VIOLATED)
_2950_/A2                               0.750000    0.831317   -0.081317 (VIOLATED)
_2963_/A2                               0.750000    0.831311   -0.081311 (VIOLATED)
_2962_/A2                               0.750000    0.831303   -0.081303 (VIOLATED)
_2964_/A2                               0.750000    0.831299   -0.081299 (VIOLATED)
_2957_/A2                               0.750000    0.831294   -0.081294 (VIOLATED)
_2955_/A2                               0.750000    0.831288   -0.081288 (VIOLATED)
_2948_/B                                0.750000    0.831282   -0.081282 (VIOLATED)
_2961_/A2                               0.750000    0.831194   -0.081194 (VIOLATED)
fanout267/X                             0.750000    0.831164   -0.081164 (VIOLATED)
fanout314/A                             0.750000    0.830781   -0.080781 (VIOLATED)
_4758_/A0                               0.750000    0.830711   -0.080711 (VIOLATED)
_4009_/A1                               0.750000    0.830605   -0.080605 (VIOLATED)
_2512_/A                                0.750000    0.830561   -0.080561 (VIOLATED)
_2513_/B                                0.750000    0.830557   -0.080557 (VIOLATED)
_3754_/A                                0.750000    0.830550   -0.080550 (VIOLATED)
_2515_/B                                0.750000    0.830548   -0.080548 (VIOLATED)
_3753_/A                                0.750000    0.830547   -0.080547 (VIOLATED)
fanout315/X                             0.750000    0.830534   -0.080534 (VIOLATED)
_4256_/B1                               0.750000    0.826832   -0.076832 (VIOLATED)
_4273_/B1                               0.750000    0.826790   -0.076790 (VIOLATED)
_4321_/B1                               0.750000    0.826748   -0.076748 (VIOLATED)
_4300_/B1                               0.750000    0.826712   -0.076712 (VIOLATED)
_4348_/B1                               0.750000    0.826692   -0.076692 (VIOLATED)
_4372_/A2                               0.750000    0.826619   -0.076619 (VIOLATED)
_4158_/B1                               0.750000    0.826537   -0.076537 (VIOLATED)
_4135_/B1                               0.750000    0.826520   -0.076520 (VIOLATED)
_4084_/A2_N                             0.750000    0.826447   -0.076447 (VIOLATED)
_4101_/B1                               0.750000    0.826443   -0.076443 (VIOLATED)
fanout276/X                             0.750000    0.826435   -0.076435 (VIOLATED)
_2631_/S                                0.750000    0.825025   -0.075025 (VIOLATED)
_2434_/A                                0.750000    0.825016   -0.075016 (VIOLATED)
_2556_/S                                0.750000    0.824995   -0.074995 (VIOLATED)
_2575_/A                                0.750000    0.824933   -0.074933 (VIOLATED)
_2565_/A                                0.750000    0.824929   -0.074929 (VIOLATED)
_2539_/A                                0.750000    0.824895   -0.074895 (VIOLATED)
_2553_/A1                               0.750000    0.824838   -0.074838 (VIOLATED)
_2655_/A                                0.750000    0.824686   -0.074686 (VIOLATED)
_2628_/A1                               0.750000    0.824588   -0.074588 (VIOLATED)
_2669_/A1                               0.750000    0.824547   -0.074547 (VIOLATED)
fanout472/X                             0.750000    0.824528   -0.074528 (VIOLATED)
_3981_/A                                0.750000    0.823770   -0.073770 (VIOLATED)
_4043_/A                                0.750000    0.823763   -0.073763 (VIOLATED)
_4524_/A1                               0.750000    0.823734   -0.073734 (VIOLATED)
_3639_/A                                0.750000    0.823667   -0.073668 (VIOLATED)
_3659_/A1                               0.750000    0.823631   -0.073631 (VIOLATED)
_4546_/A                                0.750000    0.823565   -0.073565 (VIOLATED)
_3974_/A1                               0.750000    0.823560   -0.073560 (VIOLATED)
_4611_/A1                               0.750000    0.823560   -0.073560 (VIOLATED)
fanout300/A                             0.750000    0.823437   -0.073437 (VIOLATED)
_3993_/C1                               0.750000    0.823401   -0.073401 (VIOLATED)
_4117_/B2                               0.750000    0.823371   -0.073371 (VIOLATED)
_2675_/B                                0.750000    0.823358   -0.073358 (VIOLATED)
_2676_/B                                0.750000    0.823348   -0.073348 (VIOLATED)
fanout299/A                             0.750000    0.823339   -0.073339 (VIOLATED)
fanout301/X                             0.750000    0.823332   -0.073332 (VIOLATED)
_3725_/A                                0.750000    0.823331   -0.073331 (VIOLATED)
_3724_/A                                0.750000    0.823331   -0.073331 (VIOLATED)
_4122_/B1                               0.750000    0.823226   -0.073226 (VIOLATED)
_3672_/A0                               0.750000    0.823215   -0.073215 (VIOLATED)
_4664_/A1                               0.750000    0.823191   -0.073191 (VIOLATED)
_4744_/A1                               0.750000    0.823121   -0.073121 (VIOLATED)
_4678_/B2                               0.750000    0.823077   -0.073077 (VIOLATED)
_4386_/A1                               0.750000    0.823065   -0.073065 (VIOLATED)
_4529_/A1                               0.750000    0.823035   -0.073035 (VIOLATED)
_4431_/B                                0.750000    0.823019   -0.073019 (VIOLATED)
_4432_/B                                0.750000    0.823019   -0.073019 (VIOLATED)
fanout290/X                             0.750000    0.823019   -0.073019 (VIOLATED)
_2454_/B                                0.750000    0.822770   -0.072770 (VIOLATED)
fanout340/A                             0.750000    0.822455   -0.072455 (VIOLATED)
fanout341/X                             0.750000    0.822455   -0.072455 (VIOLATED)
_3973_/A1                               0.750000    0.817449   -0.067449 (VIOLATED)
_3656_/A0                               0.750000    0.817433   -0.067433 (VIOLATED)
ANTENNA_12/DIODE                        0.750000    0.817431   -0.067431 (VIOLATED)
_3641_/A0                               0.750000    0.817407   -0.067407 (VIOLATED)
_3966_/A                                0.750000    0.817368   -0.067368 (VIOLATED)
_4381_/B1                               0.750000    0.817358   -0.067358 (VIOLATED)
_3929_/B                                0.750000    0.817343   -0.067343 (VIOLATED)
_3891_/A                                0.750000    0.817331   -0.067332 (VIOLATED)
_4552_/C1                               0.750000    0.817306   -0.067306 (VIOLATED)
_4478_/A2                               0.750000    0.817295   -0.067295 (VIOLATED)
_4530_/A2                               0.750000    0.817294   -0.067294 (VIOLATED)
fanout302/X                             0.750000    0.817280   -0.067280 (VIOLATED)
_4175_/A0                               0.750000    0.816614   -0.066614 (VIOLATED)
_3663_/A1                               0.750000    0.816529   -0.066529 (VIOLATED)
_3648_/A_N                              0.750000    0.816523   -0.066523 (VIOLATED)
_4691_/A0                               0.750000    0.816466   -0.066466 (VIOLATED)
_3962_/A1                               0.750000    0.816412   -0.066412 (VIOLATED)
_4384_/A1_N                             0.750000    0.816330   -0.066330 (VIOLATED)
_4383_/A                                0.750000    0.816325   -0.066325 (VIOLATED)
_4435_/A                                0.750000    0.816250   -0.066250 (VIOLATED)
_4436_/A                                0.750000    0.816249   -0.066249 (VIOLATED)
_4464_/A                                0.750000    0.816235   -0.066235 (VIOLATED)
fanout312/X                             0.750000    0.816229   -0.066229 (VIOLATED)
_3027_/B1                               0.750000    0.813778   -0.063778 (VIOLATED)
_3025_/B1                               0.750000    0.813751   -0.063752 (VIOLATED)
_3035_/B1                               0.750000    0.813465   -0.063465 (VIOLATED)
_3037_/B1                               0.750000    0.813433   -0.063433 (VIOLATED)
_3026_/B1                               0.750000    0.813361   -0.063361 (VIOLATED)
_3031_/B1                               0.750000    0.813326   -0.063326 (VIOLATED)
_3038_/B1                               0.750000    0.813203   -0.063203 (VIOLATED)
_3040_/B1                               0.750000    0.813028   -0.063028 (VIOLATED)
_3033_/B1                               0.750000    0.812892   -0.062892 (VIOLATED)
_3039_/B1                               0.750000    0.812854   -0.062854 (VIOLATED)
fanout170/X                             0.750000    0.812814   -0.062814 (VIOLATED)
_4429_/A                                0.750000    0.812735   -0.062735 (VIOLATED)
_4428_/A                                0.750000    0.812730   -0.062730 (VIOLATED)
_4468_/B                                0.750000    0.812728   -0.062728 (VIOLATED)
_4554_/A2                               0.750000    0.812694   -0.062694 (VIOLATED)
_4477_/A                                0.750000    0.812692   -0.062692 (VIOLATED)
_4385_/A1                               0.750000    0.812636   -0.062636 (VIOLATED)
_3961_/A_N                              0.750000    0.812547   -0.062547 (VIOLATED)
fanout295/A                             0.750000    0.812334   -0.062334 (VIOLATED)
_3673_/A0                               0.750000    0.812321   -0.062321 (VIOLATED)
_3976_/A1                               0.750000    0.812310   -0.062310 (VIOLATED)
fanout296/X                             0.750000    0.812299   -0.062299 (VIOLATED)
_4343_/A                                0.750000    0.808335   -0.058335 (VIOLATED)
_3634_/A0                               0.750000    0.808202   -0.058202 (VIOLATED)
_3669_/A0                               0.750000    0.808178   -0.058178 (VIOLATED)
_3955_/A_N                              0.750000    0.808042   -0.058042 (VIOLATED)
_4458_/A                                0.750000    0.807930   -0.057930 (VIOLATED)
_4457_/A                                0.750000    0.807920   -0.057920 (VIOLATED)
_4472_/A                                0.750000    0.807709   -0.057709 (VIOLATED)
_4388_/A1                               0.750000    0.807615   -0.057615 (VIOLATED)
_4532_/C_N                              0.750000    0.807583   -0.057583 (VIOLATED)
_4551_/A                                0.750000    0.807563   -0.057563 (VIOLATED)
fanout318/X                             0.750000    0.807542   -0.057542 (VIOLATED)
_2460_/C1                               0.750000    0.806244   -0.056244 (VIOLATED)
_3731_/B                                0.750000    0.806241   -0.056241 (VIOLATED)
_3462_/A1                               0.750000    0.806214   -0.056214 (VIOLATED)
_3732_/B                                0.750000    0.806150   -0.056151 (VIOLATED)
fanout380/A                             0.750000    0.806099   -0.056099 (VIOLATED)
fanout379/A                             0.750000    0.806065   -0.056065 (VIOLATED)
_3441_/A1                               0.750000    0.805900   -0.055900 (VIOLATED)
fanout381/X                             0.750000    0.805893   -0.055893 (VIOLATED)
_3964_/A                                0.750000    0.800372   -0.050372 (VIOLATED)
_2606_/B                                0.750000    0.800314   -0.050314 (VIOLATED)
_2594_/B                                0.750000    0.800272   -0.050272 (VIOLATED)
_2605_/B                                0.750000    0.800237   -0.050237 (VIOLATED)
_2607_/B                                0.750000    0.800223   -0.050223 (VIOLATED)
_3926_/B                                0.750000    0.800212   -0.050212 (VIOLATED)
_3728_/A                                0.750000    0.800196   -0.050196 (VIOLATED)
_3889_/B                                0.750000    0.800192   -0.050192 (VIOLATED)
_3729_/A                                0.750000    0.800187   -0.050187 (VIOLATED)
_3730_/A                                0.750000    0.800180   -0.050180 (VIOLATED)
fanout299/X                             0.750000    0.800158   -0.050158 (VIOLATED)
_3137_/B1                               0.750000    0.797658   -0.047658 (VIOLATED)
_3139_/B1                               0.750000    0.797654   -0.047654 (VIOLATED)
_3147_/B1                               0.750000    0.797579   -0.047579 (VIOLATED)
_3149_/B1                               0.750000    0.797562   -0.047562 (VIOLATED)
_3138_/B1                               0.750000    0.797521   -0.047521 (VIOLATED)
_3143_/B1                               0.750000    0.797505   -0.047505 (VIOLATED)
_3145_/B1                               0.750000    0.797502   -0.047502 (VIOLATED)
_3150_/B1                               0.750000    0.797502   -0.047502 (VIOLATED)
_3152_/B1                               0.750000    0.797498   -0.047498 (VIOLATED)
_3151_/B1                               0.750000    0.797496   -0.047496 (VIOLATED)
fanout162/X                             0.750000    0.797483   -0.047483 (VIOLATED)
_3025_/A2                               0.750000    0.796582   -0.046582 (VIOLATED)
_3035_/A2                               0.750000    0.796484   -0.046484 (VIOLATED)
_3037_/A2                               0.750000    0.796465   -0.046465 (VIOLATED)
_3031_/A2                               0.750000    0.796441   -0.046441 (VIOLATED)
_3040_/A2                               0.750000    0.796436   -0.046436 (VIOLATED)
_3038_/A2                               0.750000    0.796435   -0.046435 (VIOLATED)
_3026_/A2                               0.750000    0.796406   -0.046406 (VIOLATED)
_3033_/A2                               0.750000    0.796395   -0.046395 (VIOLATED)
_3039_/A2                               0.750000    0.796395   -0.046395 (VIOLATED)
_3024_/B                                0.750000    0.796392   -0.046392 (VIOLATED)
fanout259/X                             0.750000    0.796390   -0.046390 (VIOLATED)
_2667_/A                                0.750000    0.785965   -0.035965 (VIOLATED)
_2577_/A1                               0.750000    0.785947   -0.035947 (VIOLATED)
_2598_/A1                               0.750000    0.785920   -0.035920 (VIOLATED)
fanout363/A                             0.750000    0.785875   -0.035875 (VIOLATED)
_2580_/S                                0.750000    0.785872   -0.035872 (VIOLATED)
fanout364/A                             0.750000    0.785862   -0.035862 (VIOLATED)
fanout365/X                             0.750000    0.785842   -0.035842 (VIOLATED)
_4651_/B1                               0.750000    0.785172   -0.035172 (VIOLATED)
_4487_/B1                               0.750000    0.785169   -0.035169 (VIOLATED)
_4629_/B1                               0.750000    0.785167   -0.035167 (VIOLATED)
_4598_/B1                               0.750000    0.785166   -0.035166 (VIOLATED)
_4713_/B1                               0.750000    0.785165   -0.035165 (VIOLATED)
_4798_/B1                               0.750000    0.785160   -0.035160 (VIOLATED)
_4560_/B1                               0.750000    0.785155   -0.035155 (VIOLATED)
_4668_/B1                               0.750000    0.785149   -0.035149 (VIOLATED)
_4813_/B1                               0.750000    0.785146   -0.035146 (VIOLATED)
_4683_/B1                               0.750000    0.785133   -0.035133 (VIOLATED)
fanout112/X                             0.750000    0.785130   -0.035130 (VIOLATED)
_3719_/A1                               0.750000    0.778838   -0.028838 (VIOLATED)
_3798_/A1                               0.750000    0.778837   -0.028837 (VIOLATED)
_3697_/A1                               0.750000    0.778826   -0.028826 (VIOLATED)
_3708_/A1                               0.750000    0.778788   -0.028788 (VIOLATED)
_3603_/A1                               0.750000    0.778735   -0.028735 (VIOLATED)
_3593_/A1                               0.750000    0.778734   -0.028734 (VIOLATED)
_3620_/A                                0.750000    0.778733   -0.028733 (VIOLATED)
_3813_/A1                               0.750000    0.778725   -0.028725 (VIOLATED)
_3711_/S                                0.750000    0.778722   -0.028722 (VIOLATED)
_3596_/S                                0.750000    0.778698   -0.028698 (VIOLATED)
fanout369/X                             0.750000    0.778477   -0.028477 (VIOLATED)
_3820_/A                                0.750000    0.770736   -0.020736 (VIOLATED)
_3818_/A                                0.750000    0.770734   -0.020734 (VIOLATED)
_2548_/B                                0.750000    0.770730   -0.020730 (VIOLATED)
_2549_/B                                0.750000    0.770671   -0.020671 (VIOLATED)
_2547_/B                                0.750000    0.770666   -0.020666 (VIOLATED)
_4658_/A0                               0.750000    0.770330   -0.020330 (VIOLATED)
_4383_/B                                0.750000    0.770315   -0.020315 (VIOLATED)
_4466_/A                                0.750000    0.770187   -0.020187 (VIOLATED)
_4438_/B                                0.750000    0.770083   -0.020083 (VIOLATED)
_4439_/B                                0.750000    0.770065   -0.020065 (VIOLATED)
fanout307/X                             0.750000    0.770044   -0.020044 (VIOLATED)
fanout293/A                             0.750000    0.769413   -0.019413 (VIOLATED)
_3672_/A1                               0.750000    0.769404   -0.019404 (VIOLATED)
_4515_/A0                               0.750000    0.769395   -0.019395 (VIOLATED)
_4758_/A1                               0.750000    0.769355   -0.019355 (VIOLATED)
_4744_/A0                               0.750000    0.769292   -0.019292 (VIOLATED)
_3953_/A1                               0.750000    0.769239   -0.019239 (VIOLATED)
_2661_/A                                0.750000    0.769191   -0.019191 (VIOLATED)
_4429_/B                                0.750000    0.769190   -0.019190 (VIOLATED)
_4428_/B                                0.750000    0.769190   -0.019190 (VIOLATED)
fanout294/X                             0.750000    0.769183   -0.019183 (VIOLATED)
_3617_/A1                               0.750000    0.756567   -0.006568 (VIOLATED)
_4401_/A1                               0.750000    0.756565   -0.006565 (VIOLATED)
_3859_/A0                               0.750000    0.756565   -0.006565 (VIOLATED)
_4389_/B                                0.750000    0.756526   -0.006526 (VIOLATED)
_3654_/A0                               0.750000    0.756473   -0.006473 (VIOLATED)
_2606_/A                                0.750000    0.756389   -0.006389 (VIOLATED)
_2607_/A                                0.750000    0.756345   -0.006345 (VIOLATED)
_3926_/A_N                              0.750000    0.756344   -0.006344 (VIOLATED)
_2594_/A                                0.750000    0.756343   -0.006343 (VIOLATED)
_2605_/A                                0.750000    0.756326   -0.006326 (VIOLATED)
fanout389/X                             0.750000    0.756326   -0.006326 (VIOLATED)
_2520_/A1                               0.750000    0.754321   -0.004321 (VIOLATED)
_2523_/S                                0.750000    0.754313   -0.004313 (VIOLATED)
_2659_/S                                0.750000    0.754304   -0.004304 (VIOLATED)
_2656_/A1                               0.750000    0.754263   -0.004263 (VIOLATED)
_2627_/A                                0.750000    0.754198   -0.004198 (VIOLATED)
_2552_/A                                0.750000    0.754165   -0.004165 (VIOLATED)
_2567_/A1                               0.750000    0.754083   -0.004083 (VIOLATED)
_2541_/A1                               0.750000    0.754025   -0.004025 (VIOLATED)
_2570_/S                                0.750000    0.753931   -0.003931 (VIOLATED)
_2544_/S                                0.750000    0.753900   -0.003900 (VIOLATED)
_3837_/A                                0.750000    0.753885   -0.003885 (VIOLATED)
_3838_/A                                0.750000    0.753880   -0.003880 (VIOLATED)
fanout364/X                             0.750000    0.753880   -0.003880 (VIOLATED)
_2560_/B                                0.750000    0.753861   -0.003861 (VIOLATED)
_2616_/A3                               0.750000    0.753854   -0.003854 (VIOLATED)
_2561_/B                                0.750000    0.753850   -0.003850 (VIOLATED)
_2559_/B                                0.750000    0.753846   -0.003846 (VIOLATED)
_4382_/B1                               0.750000    0.753510   -0.003510 (VIOLATED)
_2558_/A                                0.750000    0.753478   -0.003478 (VIOLATED)
_4436_/B                                0.750000    0.753424   -0.003424 (VIOLATED)
_4435_/B                                0.750000    0.753402   -0.003402 (VIOLATED)
fanout305/X                             0.750000    0.753394   -0.003394 (VIOLATED)

max fanout

Pin                                   Limit Fanout  Slack
---------------------------------------------------------
fanout359/X                              10     13     -3 (VIOLATED)
clkbuf_leaf_24_CLK/X                     10     12     -2 (VIOLATED)
clkbuf_leaf_25_CLK/X                     10     12     -2 (VIOLATED)
_5160_/Q                                 10     11        (VIOLATED)
clkbuf_leaf_0_CLK/X                      10     11        (VIOLATED)
clkbuf_leaf_16_CLK/X                     10     11        (VIOLATED)
clkbuf_leaf_22_CLK/X                     10     11        (VIOLATED)
clkbuf_leaf_23_CLK/X                     10     11        (VIOLATED)
clkbuf_leaf_2_CLK/X                      10     11        (VIOLATED)
clkbuf_leaf_36_CLK/X                     10     11        (VIOLATED)
clkbuf_leaf_3_CLK/X                      10     11        (VIOLATED)
clkbuf_leaf_4_CLK/X                      10     11        (VIOLATED)
clkbuf_leaf_6_CLK/X                      10     11        (VIOLATED)
fanout176/X                              10     11        (VIOLATED)
fanout282/X                              10     11        (VIOLATED)
fanout302/X                              10     11        (VIOLATED)
fanout313/X                              10     11        (VIOLATED)
fanout320/X                              10     11        (VIOLATED)



===========================================================================
report_parasitic_annotation -report_unannotated
============================================================================
Found 22 unannotated drivers.
 clkload0/X
 clkload1/X
 clkload10/Y
 clkload11/X
 clkload12/X
 clkload13/Y
 clkload14/X
 clkload15/Y
 clkload16/X
 clkload17/X
 clkload18/Y
 clkload19/Y
 clkload2/X
 clkload20/X
 clkload21/X
 clkload3/X
 clkload4/X
 clkload5/X
 clkload6/X
 clkload7/X
 clkload8/X
 clkload9/X
Found 0 partially unannotated drivers.

===========================================================================
max slew violation count 877
max fanout violation count 18
max cap violation count 0
============================================================================

===========================================================================
check_setup -verbose -unconstrained_endpoints -multiple_clock -no_clock -no_input_delay -loops -generated_clocks
===========================================================================
