Clock: CLK
Sources: CLK 
Generated: no
Virtual: yes
Propagated: no
Period: 20.000000

===========================================================================
report_clock_properties
============================================================================
Clock                   Period          Waveform
----------------------------------------------------
CLK                  20.000000    0.000000 10.000000

===========================================================================
report_clock_latency
============================================================================
Clock CLK
rise -> rise
    min     max
0.000000 0.000000 source latency
0.810276         network latency _5004_/CLK
        0.835209 network latency _5170_/CLK
---------------
0.810276 0.835209 latency
        0.024933 skew

fall -> fall
    min     max
0.000000 0.000000 source latency
0.688039         network latency _5004_/CLK
        0.706766 network latency _5170_/CLK
---------------
0.688039 0.706766 latency
        0.018727 skew



===========================================================================
report_clock_min_period
============================================================================
CLK period_min = 10.30 fmax = 97.13
