Reading timing models for corner nom_tt_025C_1v80…
Reading timing library for the 'nom_tt_025C_1v80' corner at '/root/.ciel/ciel/sky130/versions/8afc8346a57fe1ab7934ba5a6056ea8b43078e71/sky130A/libs.ref/sky130_fd_sc_hd/lib/sky130_fd_sc_hd__tt_025C_1v80.lib'…
Reading OpenROAD database at '/home/Ven/vscode/VRAI/runs/RUN_2026-07-24_15-05-22/42-openroad-repairantennas/1-openroad-diodeinsertion/VRAI_SYNC_CORE.odb'…
Reading design constraints file at '/home/Ven/vscode/VRAI/constraints/vrai_pnr.sdc'…
[INFO] No information on clock propagation in input SDC file-- propagating all clocks.
[INFO ORD-0030] Using 16 thread(s).
+ detailed_route -droute_end_iter 64 -or_seed 42 -verbose 1 -output_drc /home/Ven/vscode/VRAI/runs/RUN_2026-07-24_15-05-22/44-openroad-detailedrouting/drt-run-0/VRAI_SYNC_CORE.drc
[INFO DRT-0149] Reading tech and libs.
[WARNING DRT-0349] LEF58_ENCLOSURE with no CUTCLASS is not supported. Skipping for layer mcon
[WARNING DRT-0349] LEF58_ENCLOSURE with no CUTCLASS is not supported. Skipping for layer mcon
[WARNING DRT-0349] LEF58_ENCLOSURE with no CUTCLASS is not supported. Skipping for layer via
[WARNING DRT-0349] LEF58_ENCLOSURE with no CUTCLASS is not supported. Skipping for layer via
[WARNING DRT-0349] LEF58_ENCLOSURE with no CUTCLASS is not supported. Skipping for layer via2
[WARNING DRT-0349] LEF58_ENCLOSURE with no CUTCLASS is not supported. Skipping for layer via2
[WARNING DRT-0349] LEF58_ENCLOSURE with no CUTCLASS is not supported. Skipping for layer via3
[WARNING DRT-0349] LEF58_ENCLOSURE with no CUTCLASS is not supported. Skipping for layer via3
[WARNING DRT-0349] LEF58_ENCLOSURE with no CUTCLASS is not supported. Skipping for layer via4
[WARNING DRT-0349] LEF58_ENCLOSURE with no CUTCLASS is not supported. Skipping for layer via4

Units:                1000
Number of layers:     13
Number of macros:     445
Number of vias:       29
Number of viarulegen: 25

[INFO DRT-0150] Reading design.

Design:                   VRAI_SYNC_CORE
Die area:                 ( 0 0 ) ( 267150 277870 )
Number of track patterns: 12
Number of DEF vias:       0
Number of components:     4178
Number of terminals:      110
Number of snets:          2
Number of nets:           3091

[INFO DRT-0167] List of default vias:
  Layer via
    default via: M1M2_PR
  Layer via2
    default via: M2M3_PR
  Layer via3
    default via: M3M4_PR
  Layer via4
    default via: M4M5_PR
[INFO DRT-0162] Library cell analysis.
[INFO DRT-0163] Instance analysis.
[INFO DRT-0164] Number of unique instances = 241.
[INFO DRT-0168] Init region query.
[INFO DRT-0024]   Complete FR_MASTERSLICE.
[INFO DRT-0024]   Complete licon.
[INFO DRT-0024]   Complete li1.
[INFO DRT-0024]   Complete mcon.
[INFO DRT-0024]   Complete met1.
[INFO DRT-0024]   Complete via.
[INFO DRT-0024]   Complete met2.
[INFO DRT-0024]   Complete via2.
[INFO DRT-0024]   Complete met3.
[INFO DRT-0024]   Complete via3.
[INFO DRT-0024]   Complete met4.
[INFO DRT-0024]   Complete via4.
[INFO DRT-0024]   Complete met5.
[INFO DRT-0033] FR_MASTERSLICE shape region query size = 0.
[INFO DRT-0033] licon shape region query size = 0.
[INFO DRT-0033] li1 shape region query size = 108335.
[INFO DRT-0033] mcon shape region query size = 0.
[INFO DRT-0033] met1 shape region query size = 15136.
[INFO DRT-0033] via shape region query size = 950.
[INFO DRT-0033] met2 shape region query size = 614.
[INFO DRT-0033] via2 shape region query size = 760.
[INFO DRT-0033] met3 shape region query size = 634.
[INFO DRT-0033] via3 shape region query size = 760.
[INFO DRT-0033] met4 shape region query size = 206.
[INFO DRT-0033] via4 shape region query size = 8.
[INFO DRT-0033] met5 shape region query size = 16.
[INFO DRT-0165] Start pin access.
[INFO DRT-0076]   Complete 1000 pins.
[INFO DRT-0078]   Complete 1938 pins.
[INFO DRT-0079]   Complete 100 unique inst patterns.
[INFO DRT-0079]   Complete 200 unique inst patterns.
[INFO DRT-0081]   Complete 241 unique inst patterns.
[INFO DRT-0084]   Complete 2018 groups.
#scanned instances     = 4178
#unique  instances     = 241
#stdCellGenAp          = 7029
#stdCellValidPlanarAp  = 84
#stdCellValidViaAp     = 5465
#stdCellPinNoAp        = 0
#stdCellPinCnt         = 11941
#instTermValidViaApCnt = 0
#macroGenAp            = 0
#macroValidPlanarAp    = 0
#macroValidViaAp       = 0
#macroNoAp             = 0
[INFO DRT-0166] Complete pin access.
[INFO DRT-0267] cpu time = 00:03:17, elapsed time = 00:00:13, memory = 157.87 (MB), peak = 156.65 (MB)

[INFO DRT-0157] Number of guides:     28714

[INFO DRT-0169] Post process guides.
[INFO DRT-0176] GCELLGRID X 0 DO 38 STEP 6900 ;
[INFO DRT-0177] GCELLGRID Y 0 DO 40 STEP 6900 ;
[INFO DRT-0028]   Complete FR_MASTERSLICE.
[INFO DRT-0028]   Complete licon.
[INFO DRT-0028]   Complete li1.
[INFO DRT-0028]   Complete mcon.
[INFO DRT-0028]   Complete met1.
[INFO DRT-0028]   Complete via.
[INFO DRT-0028]   Complete met2.
[INFO DRT-0028]   Complete via2.
[INFO DRT-0028]   Complete met3.
[INFO DRT-0028]   Complete via3.
[INFO DRT-0028]   Complete met4.
[INFO DRT-0028]   Complete via4.
[INFO DRT-0028]   Complete met5.
[INFO DRT-0178] Init guide query.
[INFO DRT-0035]   Complete FR_MASTERSLICE (guide).
[INFO DRT-0035]   Complete licon (guide).
[INFO DRT-0035]   Complete li1 (guide).
[INFO DRT-0035]   Complete mcon (guide).
[INFO DRT-0035]   Complete met1 (guide).
[INFO DRT-0035]   Complete via (guide).
[INFO DRT-0035]   Complete met2 (guide).
[INFO DRT-0035]   Complete via2 (guide).
[INFO DRT-0035]   Complete met3 (guide).
[INFO DRT-0035]   Complete via3 (guide).
[INFO DRT-0035]   Complete met4 (guide).
[INFO DRT-0035]   Complete via4 (guide).
[INFO DRT-0035]   Complete met5 (guide).
[INFO DRT-0036] FR_MASTERSLICE guide region query size = 0.
[INFO DRT-0036] licon guide region query size = 0.
[INFO DRT-0036] li1 guide region query size = 9530.
[INFO DRT-0036] mcon guide region query size = 0.
[INFO DRT-0036] met1 guide region query size = 8751.
[INFO DRT-0036] via guide region query size = 0.
[INFO DRT-0036] met2 guide region query size = 4907.
[INFO DRT-0036] via2 guide region query size = 0.
[INFO DRT-0036] met3 guide region query size = 630.
[INFO DRT-0036] via3 guide region query size = 0.
[INFO DRT-0036] met4 guide region query size = 129.
[INFO DRT-0036] via4 guide region query size = 0.
[INFO DRT-0036] met5 guide region query size = 5.
[INFO DRT-0179] Init gr pin query.
[INFO DRT-0267] cpu time = 00:00:00, elapsed time = 00:00:00, memory = 167.36 (MB), peak = 165.65 (MB)
[INFO DRT-0245] skipped writing guide updates to database.
[INFO DRT-0185] Post process initialize RPin region query.
[INFO DRT-0181] Start track assignment.
[INFO DRT-0184] Done with 14566 vertical wires in 1 frboxes and 9386 horizontal wires in 1 frboxes.
[INFO DRT-0186] Done with 1616 vertical wires in 1 frboxes and 2694 horizontal wires in 1 frboxes.
[INFO DRT-0182] Complete track assignment.
[INFO DRT-0267] cpu time = 00:00:07, elapsed time = 00:00:01, memory = 200.12 (MB), peak = 198.37 (MB)
[INFO DRT-0187] Start routing data preparation.
[INFO DRT-0267] cpu time = 00:00:00, elapsed time = 00:00:00, memory = 203.14 (MB), peak = 201.37 (MB)
[INFO DRT-0194] Start detail routing.
[INFO DRT-0195] Start 0th optimization iteration.
    Completing 10% with 0 violations.
    elapsed time = 00:00:02, memory = 424.23 (MB).
    Completing 20% with 0 violations.
    elapsed time = 00:00:03, memory = 350.89 (MB).
    Completing 30% with 343 violations.
    elapsed time = 00:00:04, memory = 512.57 (MB).
    Completing 40% with 343 violations.
    elapsed time = 00:00:06, memory = 547.41 (MB).
    Completing 50% with 343 violations.
    elapsed time = 00:00:08, memory = 472.50 (MB).
    Completing 60% with 622 violations.
    elapsed time = 00:00:10, memory = 586.59 (MB).
    Completing 70% with 622 violations.
    elapsed time = 00:00:11, memory = 589.79 (MB).
    Completing 80% with 951 violations.
    elapsed time = 00:00:12, memory = 655.11 (MB).
    Completing 90% with 951 violations.
    elapsed time = 00:00:13, memory = 675.90 (MB).
    Completing 100% with 1177 violations.
    elapsed time = 00:00:16, memory = 659.82 (MB).
[INFO DRT-0199]   Number of violations = 1402.
Viol/Layer         li1   mcon   met1   met2   met3
Cut Spacing          0      7      0      0      0
Metal Spacing        0      0    263     31      3
Min Hole             0      0      1      0      0
Recheck              2      0    138     82      3
Short                0      0    768    104      0
[INFO DRT-0267] cpu time = 00:01:27, elapsed time = 00:00:16, memory = 983.04 (MB), peak = 981.64 (MB)
Total wire length = 129254 um.
Total wire length on LAYER li1 = 0 um.
Total wire length on LAYER met1 = 52347 um.
Total wire length on LAYER met2 = 57842 um.
Total wire length on LAYER met3 = 13680 um.
Total wire length on LAYER met4 = 5320 um.
Total wire length on LAYER met5 = 63 um.
Total number of vias = 27003.
Up-via summary (total 27003):

------------------------
 FR_MASTERSLICE        0
            li1    11919
           met1    13892
           met2      957
           met3      225
           met4       10
------------------------
               27003


[INFO DRT-0195] Start 1st optimization iteration.
    Completing 10% with 1402 violations.
    elapsed time = 00:00:01, memory = 1095.60 (MB).
    Completing 20% with 1402 violations.
    elapsed time = 00:00:03, memory = 1101.75 (MB).
    Completing 30% with 1219 violations.
    elapsed time = 00:00:04, memory = 1130.54 (MB).
    Completing 40% with 1219 violations.
    elapsed time = 00:00:05, memory = 1131.16 (MB).
    Completing 50% with 1219 violations.
    elapsed time = 00:00:06, memory = 1138.82 (MB).
    Completing 60% with 1104 violations.
    elapsed time = 00:00:08, memory = 1178.88 (MB).
    Completing 70% with 1104 violations.
    elapsed time = 00:00:09, memory = 1188.06 (MB).
    Completing 80% with 883 violations.
    elapsed time = 00:00:10, memory = 1219.39 (MB).
    Completing 90% with 883 violations.
    elapsed time = 00:00:12, memory = 1219.39 (MB).
    Completing 100% with 568 violations.
    elapsed time = 00:00:14, memory = 1189.36 (MB).
[INFO DRT-0199]   Number of violations = 568.
Viol/Layer        met1   met2
Metal Spacing      103     18
Short              410     37
[INFO DRT-0267] cpu time = 00:01:21, elapsed time = 00:00:14, memory = 1192.36 (MB), peak = 1217.92 (MB)
Total wire length = 128111 um.
Total wire length on LAYER li1 = 0 um.
Total wire length on LAYER met1 = 51541 um.
Total wire length on LAYER met2 = 57405 um.
Total wire length on LAYER met3 = 13801 um.
Total wire length on LAYER met4 = 5305 um.
Total wire length on LAYER met5 = 57 um.
Total number of vias = 26792.
Up-via summary (total 26792):

------------------------
 FR_MASTERSLICE        0
            li1    11912
           met1    13690
           met2      965
           met3      215
           met4       10
------------------------
               26792


[INFO DRT-0195] Start 2nd optimization iteration.
    Completing 10% with 568 violations.
    elapsed time = 00:00:00, memory = 1192.36 (MB).
    Completing 20% with 568 violations.
    elapsed time = 00:00:00, memory = 1257.48 (MB).
    Completing 30% with 568 violations.
    elapsed time = 00:00:02, memory = 1242.47 (MB).
    Completing 40% with 586 violations.
    elapsed time = 00:00:02, memory = 1242.47 (MB).
    Completing 50% with 586 violations.
    elapsed time = 00:00:05, memory = 1285.77 (MB).
    Completing 60% with 614 violations.
    elapsed time = 00:00:06, memory = 1285.98 (MB).
    Completing 70% with 614 violations.
    elapsed time = 00:00:08, memory = 1288.75 (MB).
    Completing 80% with 614 violations.
    elapsed time = 00:00:10, memory = 1297.33 (MB).
    Completing 90% with 615 violations.
    elapsed time = 00:00:13, memory = 1317.94 (MB).
    Completing 100% with 607 violations.
    elapsed time = 00:00:15, memory = 1317.94 (MB).
[INFO DRT-0199]   Number of violations = 607.
Viol/Layer        met1   met2
Metal Spacing      122     21
Short              444     20
[INFO DRT-0267] cpu time = 00:01:24, elapsed time = 00:00:16, memory = 1317.94 (MB), peak = 1316.58 (MB)
Total wire length = 127823 um.
Total wire length on LAYER li1 = 0 um.
Total wire length on LAYER met1 = 51581 um.
Total wire length on LAYER met2 = 57156 um.
Total wire length on LAYER met3 = 13738 um.
Total wire length on LAYER met4 = 5287 um.
Total wire length on LAYER met5 = 58 um.
Total number of vias = 26692.
Up-via summary (total 26692):

------------------------
 FR_MASTERSLICE        0
            li1    11920
           met1    13616
           met2      927
           met3      219
           met4       10
------------------------
               26692


[INFO DRT-0195] Start 3rd optimization iteration.
    Completing 10% with 607 violations.
    elapsed time = 00:00:00, memory = 1349.49 (MB).
    Completing 20% with 607 violations.
    elapsed time = 00:00:03, memory = 1337.46 (MB).
    Completing 30% with 463 violations.
    elapsed time = 00:00:06, memory = 1377.04 (MB).
    Completing 40% with 463 violations.
    elapsed time = 00:00:07, memory = 1377.04 (MB).
    Completing 50% with 463 violations.
    elapsed time = 00:00:08, memory = 1344.98 (MB).
    Completing 60% with 348 violations.
    elapsed time = 00:00:08, memory = 1344.98 (MB).
    Completing 70% with 348 violations.
    elapsed time = 00:00:09, memory = 1344.98 (MB).
    Completing 80% with 174 violations.
    elapsed time = 00:00:10, memory = 1344.98 (MB).
    Completing 90% with 174 violations.
    elapsed time = 00:00:11, memory = 1344.98 (MB).
    Completing 100% with 63 violations.
    elapsed time = 00:00:13, memory = 1352.19 (MB).
[INFO DRT-0199]   Number of violations = 63.
Viol/Layer        met1   met2   met3
Metal Spacing       10      5      3
Short               38      7      0
[INFO DRT-0267] cpu time = 00:00:54, elapsed time = 00:00:13, memory = 1352.19 (MB), peak = 1376.30 (MB)
Total wire length = 127813 um.
Total wire length on LAYER li1 = 0 um.
Total wire length on LAYER met1 = 49542 um.
Total wire length on LAYER met2 = 57305 um.
Total wire length on LAYER met3 = 15607 um.
Total wire length on LAYER met4 = 5309 um.
Total wire length on LAYER met5 = 48 um.
Total number of vias = 27013.
Up-via summary (total 27013):

------------------------
 FR_MASTERSLICE        0
            li1    11932
           met1    13670
           met2     1185
           met3      218
           met4        8
------------------------
               27013


[INFO DRT-0195] Start 4th guides tiles iteration.
    Completing 10% with 63 violations.
    elapsed time = 00:00:00, memory = 1352.25 (MB).
    Completing 20% with 63 violations.
    elapsed time = 00:00:00, memory = 1352.25 (MB).
    Completing 30% with 63 violations.
    elapsed time = 00:00:00, memory = 1352.25 (MB).
    Completing 40% with 63 violations.
    elapsed time = 00:00:00, memory = 1352.25 (MB).
    Completing 50% with 63 violations.
    elapsed time = 00:00:01, memory = 1352.25 (MB).
    Completing 60% with 19 violations.
    elapsed time = 00:00:01, memory = 1352.25 (MB).
    Completing 70% with 19 violations.
    elapsed time = 00:00:01, memory = 1352.25 (MB).
    Completing 80% with 19 violations.
    elapsed time = 00:00:01, memory = 1352.25 (MB).
    Completing 90% with 19 violations.
    elapsed time = 00:00:01, memory = 1352.25 (MB).
    Completing 100% with 2 violations.
    elapsed time = 00:00:01, memory = 1352.25 (MB).
[INFO DRT-0199]   Number of violations = 2.
Viol/Layer        met2
Short                2
[INFO DRT-0267] cpu time = 00:00:08, elapsed time = 00:00:01, memory = 1352.25 (MB), peak = 1376.30 (MB)
Total wire length = 127791 um.
Total wire length on LAYER li1 = 0 um.
Total wire length on LAYER met1 = 49371 um.
Total wire length on LAYER met2 = 57304 um.
Total wire length on LAYER met3 = 15757 um.
Total wire length on LAYER met4 = 5309 um.
Total wire length on LAYER met5 = 48 um.
Total number of vias = 27014.
Up-via summary (total 27014):

------------------------
 FR_MASTERSLICE        0
            li1    11931
           met1    13659
           met2     1198
           met3      218
           met4        8
------------------------
               27014


[INFO DRT-0195] Start 5th guides tiles iteration.
    Completing 100% with 0 violations.
    elapsed time = 00:00:00, memory = 1352.25 (MB).
[INFO DRT-0199]   Number of violations = 0.
[INFO DRT-0267] cpu time = 00:00:03, elapsed time = 00:00:00, memory = 1352.25 (MB), peak = 1376.30 (MB)
Total wire length = 127796 um.
Total wire length on LAYER li1 = 0 um.
Total wire length on LAYER met1 = 49374 um.
Total wire length on LAYER met2 = 57303 um.
Total wire length on LAYER met3 = 15760 um.
Total wire length on LAYER met4 = 5309 um.
Total wire length on LAYER met5 = 48 um.
Total number of vias = 27019.
Up-via summary (total 27019):

------------------------
 FR_MASTERSLICE        0
            li1    11931
           met1    13663
           met2     1199
           met3      218
           met4        8
------------------------
               27019


[INFO DRT-0198] Complete detail routing.
Total wire length = 127796 um.
Total wire length on LAYER li1 = 0 um.
Total wire length on LAYER met1 = 49374 um.
Total wire length on LAYER met2 = 57303 um.
Total wire length on LAYER met3 = 15760 um.
Total wire length on LAYER met4 = 5309 um.
Total wire length on LAYER met5 = 48 um.
Total number of vias = 27019.
Up-via summary (total 27019):

------------------------
 FR_MASTERSLICE        0
            li1    11931
           met1    13663
           met2     1199
           met3      218
           met4        8
------------------------
               27019


[INFO DRT-0267] cpu time = 00:05:21, elapsed time = 00:01:02, memory = 1352.38 (MB), peak = 1376.30 (MB)

[INFO DRT-0180] Post processing.
+ check_antennas 
[INFO ANT-0002] Found 2 net violations.
[INFO ANT-0001] Found 2 pin violations.
[INFO] Running antenna repair iteration 1…
+ repair_antennas sky130_fd_sc_hd__diode_2 -ratio_margin 10
[INFO GRT-0012] Found 4 antenna violations.
[INFO GRT-0015] Inserted 4 diodes.
+ detailed_route -droute_end_iter 64 -or_seed 42 -verbose 1 -output_drc /home/Ven/vscode/VRAI/runs/RUN_2026-07-24_15-05-22/44-openroad-detailedrouting/drt-run-1/VRAI_SYNC_CORE.drc
[INFO DRT-0024]   Complete FR_MASTERSLICE.
[INFO DRT-0024]   Complete licon.
[INFO DRT-0024]   Complete li1.
[INFO DRT-0024]   Complete mcon.
[INFO DRT-0024]   Complete met1.
[INFO DRT-0024]   Complete via.
[INFO DRT-0024]   Complete met2.
[INFO DRT-0024]   Complete via2.
[INFO DRT-0024]   Complete met3.
[INFO DRT-0024]   Complete via3.
[INFO DRT-0024]   Complete met4.
[INFO DRT-0024]   Complete via4.
[INFO DRT-0024]   Complete met5.
[INFO DRT-0165] Start pin access.
[INFO DRT-0076]   Complete 1000 pins.
[INFO DRT-0078]   Complete 1948 pins.
[INFO DRT-0079]   Complete 100 unique inst patterns.
[INFO DRT-0079]   Complete 200 unique inst patterns.
[INFO DRT-0081]   Complete 243 unique inst patterns.
[INFO DRT-0084]   Complete 2019 groups.
#scanned instances     = 4182
#unique  instances     = 243
#stdCellGenAp          = 7053
#stdCellValidPlanarAp  = 84
#stdCellValidViaAp     = 5489
#stdCellPinNoAp        = 0
#stdCellPinCnt         = 11941
#instTermValidViaApCnt = 0
#macroGenAp            = 0
#macroValidPlanarAp    = 0
#macroValidViaAp       = 0
#macroNoAp             = 0
[INFO DRT-0166] Complete pin access.
[INFO DRT-0267] cpu time = 00:03:47, elapsed time = 00:00:15, memory = 1354.17 (MB), peak = 1376.30 (MB)

[INFO DRT-0157] Number of guides:     28694

[INFO DRT-0169] Post process guides.
[INFO DRT-0176] GCELLGRID X 0 DO 38 STEP 6900 ;
[INFO DRT-0177] GCELLGRID Y 0 DO 40 STEP 6900 ;
[INFO DRT-0028]   Complete FR_MASTERSLICE.
[INFO DRT-0028]   Complete licon.
[INFO DRT-0028]   Complete li1.
[INFO DRT-0028]   Complete mcon.
[INFO DRT-0028]   Complete met1.
[INFO DRT-0028]   Complete via.
[INFO DRT-0028]   Complete met2.
[INFO DRT-0028]   Complete via2.
[INFO DRT-0028]   Complete met3.
[INFO DRT-0028]   Complete via3.
[INFO DRT-0028]   Complete met4.
[INFO DRT-0028]   Complete via4.
[INFO DRT-0028]   Complete met5.
[INFO DRT-0178] Init guide query.
[INFO DRT-0035]   Complete FR_MASTERSLICE (guide).
[INFO DRT-0035]   Complete licon (guide).
[INFO DRT-0035]   Complete li1 (guide).
[INFO DRT-0035]   Complete mcon (guide).
[INFO DRT-0035]   Complete met1 (guide).
[INFO DRT-0035]   Complete via (guide).
[INFO DRT-0035]   Complete met2 (guide).
[INFO DRT-0035]   Complete via2 (guide).
[INFO DRT-0035]   Complete met3 (guide).
[INFO DRT-0035]   Complete via3 (guide).
[INFO DRT-0035]   Complete met4 (guide).
[INFO DRT-0035]   Complete via4 (guide).
[INFO DRT-0035]   Complete met5 (guide).
[INFO DRT-0036] FR_MASTERSLICE guide region query size = 0.
[INFO DRT-0036] licon guide region query size = 0.
[INFO DRT-0036] li1 guide region query size = 9533.
[INFO DRT-0036] mcon guide region query size = 0.
[INFO DRT-0036] met1 guide region query size = 8751.
[INFO DRT-0036] via guide region query size = 0.
[INFO DRT-0036] met2 guide region query size = 4900.
[INFO DRT-0036] via2 guide region query size = 0.
[INFO DRT-0036] met3 guide region query size = 620.
[INFO DRT-0036] via3 guide region query size = 0.
[INFO DRT-0036] met4 guide region query size = 124.
[INFO DRT-0036] via4 guide region query size = 0.
[INFO DRT-0036] met5 guide region query size = 5.
[INFO DRT-0179] Init gr pin query.
[INFO DRT-0267] cpu time = 00:00:00, elapsed time = 00:00:00, memory = 1354.17 (MB), peak = 1376.30 (MB)
[INFO DRT-0245] skipped writing guide updates to database.
[INFO DRT-0185] Post process initialize RPin region query.
[INFO DRT-0181] Start track assignment.
[INFO DRT-0184] Done with 14557 vertical wires in 1 frboxes and 9376 horizontal wires in 1 frboxes.
[INFO DRT-0186] Done with 1643 vertical wires in 1 frboxes and 2699 horizontal wires in 1 frboxes.
[INFO DRT-0182] Complete track assignment.
[INFO DRT-0267] cpu time = 00:00:07, elapsed time = 00:00:01, memory = 1354.17 (MB), peak = 1376.30 (MB)
[INFO DRT-0187] Start routing data preparation.
[INFO DRT-0267] cpu time = 00:00:00, elapsed time = 00:00:00, memory = 1354.17 (MB), peak = 1376.30 (MB)
[INFO DRT-0194] Start detail routing.
[INFO DRT-0195] Start 0th optimization iteration.
    Completing 10% with 0 violations.
    elapsed time = 00:00:00, memory = 1385.70 (MB).
    Completing 20% with 0 violations.
    elapsed time = 00:00:00, memory = 1354.17 (MB).
    Completing 30% with 58 violations.
    elapsed time = 00:00:01, memory = 1386.23 (MB).
    Completing 40% with 58 violations.
    elapsed time = 00:00:01, memory = 1386.23 (MB).
    Completing 50% with 58 violations.
    elapsed time = 00:00:01, memory = 1354.17 (MB).
    Completing 60% with 70 violations.
    elapsed time = 00:00:02, memory = 1385.99 (MB).
    Completing 70% with 70 violations.
    elapsed time = 00:00:02, memory = 1385.99 (MB).
    Completing 80% with 97 violations.
    elapsed time = 00:00:02, memory = 1356.93 (MB).
    Completing 90% with 97 violations.
    elapsed time = 00:00:03, memory = 1356.93 (MB).
    Completing 100% with 108 violations.
    elapsed time = 00:00:03, memory = 1356.93 (MB).
[INFO DRT-0199]   Number of violations = 121.
Viol/Layer        met1   met2   met3
Metal Spacing        2      8      1
Recheck              7      6      0
Short               55     42      0
[INFO DRT-0267] cpu time = 00:00:30, elapsed time = 00:00:03, memory = 1451.67 (MB), peak = 1450.81 (MB)
Total wire length = 127831 um.
Total wire length on LAYER li1 = 0 um.
Total wire length on LAYER met1 = 49625 um.
Total wire length on LAYER met2 = 57437 um.
Total wire length on LAYER met3 = 15550 um.
Total wire length on LAYER met4 = 5161 um.
Total wire length on LAYER met5 = 56 um.
Total number of vias = 27023.
Up-via summary (total 27023):

------------------------
 FR_MASTERSLICE        0
            li1    11936
           met1    13682
           met2     1184
           met3      211
           met4       10
------------------------
               27023


[INFO DRT-0195] Start 1st optimization iteration.
    Completing 10% with 121 violations.
    elapsed time = 00:00:00, memory = 1488.04 (MB).
    Completing 20% with 121 violations.
    elapsed time = 00:00:00, memory = 1488.12 (MB).
    Completing 30% with 96 violations.
    elapsed time = 00:00:01, memory = 1478.19 (MB).
    Completing 40% with 96 violations.
    elapsed time = 00:00:01, memory = 1478.19 (MB).
    Completing 50% with 96 violations.
    elapsed time = 00:00:01, memory = 1478.19 (MB).
    Completing 60% with 72 violations.
    elapsed time = 00:00:02, memory = 1478.19 (MB).
    Completing 70% with 72 violations.
    elapsed time = 00:00:02, memory = 1478.19 (MB).
    Completing 80% with 49 violations.
    elapsed time = 00:00:02, memory = 1478.19 (MB).
    Completing 90% with 49 violations.
    elapsed time = 00:00:03, memory = 1478.19 (MB).
    Completing 100% with 21 violations.
    elapsed time = 00:00:03, memory = 1478.19 (MB).
[INFO DRT-0199]   Number of violations = 21.
Viol/Layer        met1   met2
Metal Spacing        0      2
Short               15      4
[INFO DRT-0267] cpu time = 00:00:30, elapsed time = 00:00:03, memory = 1478.19 (MB), peak = 1487.18 (MB)
Total wire length = 127780 um.
Total wire length on LAYER li1 = 0 um.
Total wire length on LAYER met1 = 49591 um.
Total wire length on LAYER met2 = 57410 um.
Total wire length on LAYER met3 = 15560 um.
Total wire length on LAYER met4 = 5162 um.
Total wire length on LAYER met5 = 56 um.
Total number of vias = 27014.
Up-via summary (total 27014):

------------------------
 FR_MASTERSLICE        0
            li1    11937
           met1    13670
           met2     1186
           met3      211
           met4       10
------------------------
               27014


[INFO DRT-0195] Start 2nd optimization iteration.
    Completing 10% with 21 violations.
    elapsed time = 00:00:00, memory = 1478.19 (MB).
    Completing 20% with 21 violations.
    elapsed time = 00:00:00, memory = 1478.19 (MB).
    Completing 30% with 21 violations.
    elapsed time = 00:00:00, memory = 1480.54 (MB).
    Completing 40% with 16 violations.
    elapsed time = 00:00:00, memory = 1480.54 (MB).
    Completing 50% with 16 violations.
    elapsed time = 00:00:00, memory = 1480.54 (MB).
    Completing 60% with 16 violations.
    elapsed time = 00:00:00, memory = 1480.54 (MB).
    Completing 70% with 16 violations.
    elapsed time = 00:00:00, memory = 1480.54 (MB).
    Completing 80% with 16 violations.
    elapsed time = 00:00:01, memory = 1480.54 (MB).
    Completing 90% with 9 violations.
    elapsed time = 00:00:01, memory = 1480.54 (MB).
    Completing 100% with 6 violations.
    elapsed time = 00:00:01, memory = 1480.54 (MB).
[INFO DRT-0199]   Number of violations = 6.
Viol/Layer        met1   met2
Short                5      1
[INFO DRT-0267] cpu time = 00:00:11, elapsed time = 00:00:01, memory = 1480.54 (MB), peak = 1487.18 (MB)
Total wire length = 127775 um.
Total wire length on LAYER li1 = 0 um.
Total wire length on LAYER met1 = 49586 um.
Total wire length on LAYER met2 = 57415 um.
Total wire length on LAYER met3 = 15555 um.
Total wire length on LAYER met4 = 5158 um.
Total wire length on LAYER met5 = 58 um.
Total number of vias = 27016.
Up-via summary (total 27016):

------------------------
 FR_MASTERSLICE        0
            li1    11937
           met1    13672
           met2     1186
           met3      211
           met4       10
------------------------
               27016


[INFO DRT-0195] Start 3rd guides tiles iteration.
    Completing 30% with 6 violations.
    elapsed time = 00:00:00, memory = 1480.54 (MB).
    Completing 60% with 6 violations.
    elapsed time = 00:00:00, memory = 1480.54 (MB).
    Completing 100% with 0 violations.
    elapsed time = 00:00:00, memory = 1480.54 (MB).
[INFO DRT-0199]   Number of violations = 0.
[INFO DRT-0267] cpu time = 00:00:05, elapsed time = 00:00:00, memory = 1480.54 (MB), peak = 1487.18 (MB)
Total wire length = 127762 um.
Total wire length on LAYER li1 = 0 um.
Total wire length on LAYER met1 = 49450 um.
Total wire length on LAYER met2 = 57399 um.
Total wire length on LAYER met3 = 15693 um.
Total wire length on LAYER met4 = 5160 um.
Total wire length on LAYER met5 = 58 um.
Total number of vias = 27013.
Up-via summary (total 27013):

------------------------
 FR_MASTERSLICE        0
            li1    11937
           met1    13665
           met2     1190
           met3      211
           met4       10
------------------------
               27013


[INFO DRT-0198] Complete detail routing.
Total wire length = 127762 um.
Total wire length on LAYER li1 = 0 um.
Total wire length on LAYER met1 = 49450 um.
Total wire length on LAYER met2 = 57399 um.
Total wire length on LAYER met3 = 15693 um.
Total wire length on LAYER met4 = 5160 um.
Total wire length on LAYER met5 = 58 um.
Total number of vias = 27013.
Up-via summary (total 27013):

------------------------
 FR_MASTERSLICE        0
            li1    11937
           met1    13665
           met2     1190
           met3      211
           met4       10
------------------------
               27013


[INFO DRT-0267] cpu time = 00:01:18, elapsed time = 00:00:09, memory = 1480.60 (MB), peak = 1487.18 (MB)

[INFO DRT-0180] Post processing.
+ check_antennas 
[INFO ANT-0002] Found 0 net violations.
[INFO ANT-0001] Found 0 pin violations.
Setting global connections for newly added cells…
[INFO] Setting global connections...
[INFO ODB-0403] 16 connections made, 0 conflicts skipped.
Updating metrics…
Cell type report:                       Count       Area
  Fill cell                               188     705.68
  Tap cell                                912    1141.09
  Antenna cell                              4      10.01
  Clock buffer                             72     953.41
  Timing Repair Buffer                    149    1644.08
  Inverter                                 76     286.52
  Clock inverter                           12     210.20
  Sequential cell                         397    8459.36
  Multi-Input combinational cell         2372   24089.35
  Total                                  4182   37499.72
Writing OpenROAD database to '/home/Ven/vscode/VRAI/runs/RUN_2026-07-24_15-05-22/44-openroad-detailedrouting/VRAI_SYNC_CORE.odb'…
Writing netlist to '/home/Ven/vscode/VRAI/runs/RUN_2026-07-24_15-05-22/44-openroad-detailedrouting/VRAI_SYNC_CORE.nl.v'…
Writing powered netlist to '/home/Ven/vscode/VRAI/runs/RUN_2026-07-24_15-05-22/44-openroad-detailedrouting/VRAI_SYNC_CORE.pnl.v'…
Writing layout to '/home/Ven/vscode/VRAI/runs/RUN_2026-07-24_15-05-22/44-openroad-detailedrouting/VRAI_SYNC_CORE.def'…
Writing timing constraints to '/home/Ven/vscode/VRAI/runs/RUN_2026-07-24_15-05-22/44-openroad-detailedrouting/VRAI_SYNC_CORE.sdc'…
