Clock: CLK
Sources: CLK 
Generated: no
Virtual: yes
Propagated: no
Period: 250.000000

===========================================================================
report_clock_properties
============================================================================
Clock                   Period          Waveform
----------------------------------------------------
CLK                 250.000000    0.000000125.000000

===========================================================================
report_clock_latency
============================================================================
Clock CLK
rise -> rise
    min     max
0.000000 0.000000 source latency
0.543892         network latency _5004_/CLK
        0.560137 network latency _5170_/CLK
---------------
0.543892 0.560137 latency
        0.016245 skew

fall -> fall
    min     max
0.000000 0.000000 source latency
0.462180         network latency _5004_/CLK
        0.473861 network latency _5045_/CLK
---------------
0.462180 0.473861 latency
        0.011681 skew



===========================================================================
report_clock_min_period
============================================================================
CLK period_min = 6.59 fmax = 151.73
