Clock: CLK
Sources: CLK 
Generated: no
Virtual: yes
Propagated: no
Period: 26.000000

===========================================================================
report_clock_properties
============================================================================
Clock                   Period          Waveform
----------------------------------------------------
CLK                  26.000000    0.000000 13.000000

===========================================================================
report_clock_latency
============================================================================
Clock CLK
rise -> rise
    min     max
0.000000 0.000000 source latency
0.470293         network latency _5004_/CLK
        0.492408 network latency _5156_/CLK
---------------
0.470293 0.492408 latency
        0.022115 skew

fall -> fall
    min     max
0.000000 0.000000 source latency
0.482710         network latency _5004_/CLK
        0.499030 network latency _4882_/CLK
---------------
0.482710 0.499030 latency
        0.016320 skew



===========================================================================
report_clock_min_period
============================================================================
CLK period_min = 6.05 fmax = 165.39
