Clock: CLK
Sources: CLK 
Generated: no
Virtual: yes
Propagated: no
Period: 26.000000

===========================================================================
report_clock_properties
============================================================================
Clock                   Period          Waveform
----------------------------------------------------
CLK                  26.000000    0.000000 13.000000

===========================================================================
report_clock_latency
============================================================================
Clock CLK
rise -> rise
    min     max
0.000000 0.000000 source latency
0.614398         network latency _5005_/CLK
        0.626484 network latency _5137_/CLK
---------------
0.614398 0.626484 latency
        0.012086 skew

fall -> fall
    min     max
0.000000 0.000000 source latency
0.557543         network latency _5005_/CLK
        0.565888 network latency _5137_/CLK
---------------
0.557543 0.565888 latency
        0.008344 skew



===========================================================================
report_clock_min_period
============================================================================
CLK period_min = 8.17 fmax = 122.33
