
27. Executing PROC_DLATCH pass (convert process syncs to latches).
No latch inferred for signal `\UNIT_DECODER.\UNIT_SYS_EN' from process `\UNIT_DECODER.$proc$/home/Ven/vscode/VRAI/VRAI-VERILOG/decode/UNIT_DECODER.v:20$204'.
No latch inferred for signal `\UNIT_DECODER.\UNIT_ALU_EN' from process `\UNIT_DECODER.$proc$/home/Ven/vscode/VRAI/VRAI-VERILOG/decode/UNIT_DECODER.v:20$204'.
No latch inferred for signal `\UNIT_DECODER.\UNIT_MEM_EN' from process `\UNIT_DECODER.$proc$/home/Ven/vscode/VRAI/VRAI-VERILOG/decode/UNIT_DECODER.v:20$204'.
No latch inferred for signal `\UNIT_DECODER.\UNIT_JMP_EN' from process `\UNIT_DECODER.$proc$/home/Ven/vscode/VRAI/VRAI-VERILOG/decode/UNIT_DECODER.v:20$204'.
No latch inferred for signal `\UNIT_DECODER.\UNIT_BIT_EN' from process `\UNIT_DECODER.$proc$/home/Ven/vscode/VRAI/VRAI-VERILOG/decode/UNIT_DECODER.v:20$204'.
No latch inferred for signal `\UNIT_DECODER.\UNIT_INVALID' from process `\UNIT_DECODER.$proc$/home/Ven/vscode/VRAI/VRAI-VERILOG/decode/UNIT_DECODER.v:20$204'.
No latch inferred for signal `\SYS_CATEGORY_DECODER.\SYS_EX_CTRL' from process `\SYS_CATEGORY_DECODER.$proc$/home/Ven/vscode/VRAI/VRAI-VERILOG/unit/sys/UNIT_SYS.v:15$195'.
No latch inferred for signal `\SYS_CATEGORY_DECODER.\SYS_ACCESS' from process `\SYS_CATEGORY_DECODER.$proc$/home/Ven/vscode/VRAI/VRAI-VERILOG/unit/sys/UNIT_SYS.v:15$195'.
No latch inferred for signal `\SYS_CATEGORY_DECODER.\SYS_INVALID' from process `\SYS_CATEGORY_DECODER.$proc$/home/Ven/vscode/VRAI/VRAI-VERILOG/unit/sys/UNIT_SYS.v:15$195'.
No latch inferred for signal `\SYS_EX_CTRL_DECODER.\SYS_NOP' from process `\SYS_EX_CTRL_DECODER.$proc$/home/Ven/vscode/VRAI/VRAI-VERILOG/unit/sys/UNIT_SYS.v:44$194'.
No latch inferred for signal `\SYS_EX_CTRL_DECODER.\SYS_HALT' from process `\SYS_EX_CTRL_DECODER.$proc$/home/Ven/vscode/VRAI/VRAI-VERILOG/unit/sys/UNIT_SYS.v:44$194'.
No latch inferred for signal `\SYS_EX_CTRL_DECODER.\SYS_EX_CTRL_INVALID' from process `\SYS_EX_CTRL_DECODER.$proc$/home/Ven/vscode/VRAI/VRAI-VERILOG/unit/sys/UNIT_SYS.v:44$194'.
No latch inferred for signal `\SYS_ACCESS_DECODER.\SYS_COUNT' from process `\SYS_ACCESS_DECODER.$proc$/home/Ven/vscode/VRAI/VRAI-VERILOG/unit/sys/UNIT_SYS.v:70$193'.
No latch inferred for signal `\SYS_ACCESS_DECODER.\SYS_ACCESS_INVALID' from process `\SYS_ACCESS_DECODER.$proc$/home/Ven/vscode/VRAI/VRAI-VERILOG/unit/sys/UNIT_SYS.v:70$193'.
No latch inferred for signal `\UNIT_ALU.\RESULT' from process `\UNIT_ALU.$proc$/home/Ven/vscode/VRAI/VRAI-VERILOG/unit/alu/UNIT_ALU.v:30$170'.
No latch inferred for signal `\UNIT_MEM.\STRH' from process `\UNIT_MEM.$proc$/home/Ven/vscode/VRAI/VRAI-VERILOG/unit/mem/UNIT_MEM.v:278$161'.
No latch inferred for signal `\UNIT_MEM.\STRW' from process `\UNIT_MEM.$proc$/home/Ven/vscode/VRAI/VRAI-VERILOG/unit/mem/UNIT_MEM.v:278$161'.
No latch inferred for signal `\UNIT_MEM.\LDH' from process `\UNIT_MEM.$proc$/home/Ven/vscode/VRAI/VRAI-VERILOG/unit/mem/UNIT_MEM.v:278$161'.
No latch inferred for signal `\UNIT_MEM.\LDW' from process `\UNIT_MEM.$proc$/home/Ven/vscode/VRAI/VRAI-VERILOG/unit/mem/UNIT_MEM.v:278$161'.
No latch inferred for signal `\UNIT_MEM.\INVALID' from process `\UNIT_MEM.$proc$/home/Ven/vscode/VRAI/VRAI-VERILOG/unit/mem/UNIT_MEM.v:278$161'.
No latch inferred for signal `\UNIT_BIT.\RESULT' from process `\UNIT_BIT.$proc$/home/Ven/vscode/VRAI/VRAI-VERILOG/unit/bit/UNIT_BIT.v:50$132'.
