161. Printing statistics.

=== VRAI_SYNC_CORE ===

        +----------Local Count, excluding submodules.
        |        +-Local Area, excluding submodules.
        |        | 
     4007        - wires
     4570        - wire bits
       61        - public wires
      585        - public wire bits
       17        - ports
      108        - port bits
     4488 8.85E+03 cells
      791        -   $_ANDNOT_
      226        -   $_AND_
     1858        -   $_MUX_
       81        -   $_NAND_
      173        -   $_NOR_
       70        -   $_NOT_
      120        -   $_ORNOT_
      547        -   $_OR_
       51        -   $_XNOR_
      155        -   $_XOR_
      416 8.85E+03   sky130_fd_sc_hd__dfxtp_2

   Area for cell type $_ANDNOT_ is unknown!
   Area for cell type $_AND_ is unknown!
   Area for cell type $_MUX_ is unknown!
   Area for cell type $_NAND_ is unknown!
   Area for cell type $_NOR_ is unknown!
   Area for cell type $_NOT_ is unknown!
   Area for cell type $_ORNOT_ is unknown!
   Area for cell type $_OR_ is unknown!
   Area for cell type $_XNOR_ is unknown!
   Area for cell type $_XOR_ is unknown!

   Chip area for module '\VRAI_SYNC_CORE': 8848.486400
     of which used for sequential elements: 8848.486400 (100.00%)

