155. Printing statistics.

=== VRAI_SYNC_CORE ===

        +----------Local Count, excluding submodules.
        | 
     3201 wires
     3764 wire bits
       61 public wires
      585 public wire bits
       17 ports
      108 port bits
     3682 cells
      791   $_ANDNOT_
      226   $_AND_
        7   $_DFF_P_
     1052   $_MUX_
       81   $_NAND_
      173   $_NOR_
       70   $_NOT_
      120   $_ORNOT_
      547   $_OR_
      256   $_SDFFCE_PN0P_
       14   $_SDFFE_PP0N_
      126   $_SDFFE_PP0P_
        1   $_SDFFE_PP1P_
       12   $_SDFF_PP0_
       51   $_XNOR_
      155   $_XOR_

   Area for cell type $_ANDNOT_ is unknown!
   Area for cell type $_AND_ is unknown!
   Area for cell type $_DFF_P_ is unknown!
   Area for cell type $_MUX_ is unknown!
   Area for cell type $_NAND_ is unknown!
   Area for cell type $_NOR_ is unknown!
   Area for cell type $_NOT_ is unknown!
   Area for cell type $_ORNOT_ is unknown!
   Area for cell type $_OR_ is unknown!
   Area for cell type $_SDFFCE_PN0P_ is unknown!
   Area for cell type $_SDFFE_PP0N_ is unknown!
   Area for cell type $_SDFFE_PP0P_ is unknown!
   Area for cell type $_SDFFE_PP1P_ is unknown!
   Area for cell type $_SDFF_PP0_ is unknown!
   Area for cell type $_XNOR_ is unknown!
   Area for cell type $_XOR_ is unknown!

