Clock: CLK
Sources: CLK 
Generated: no
Virtual: no
Propagated: no
Period: 250.000000

===========================================================================
report_clock_properties
============================================================================
Clock                   Period          Waveform
----------------------------------------------------
CLK                 250.000000    0.000000125.000000

===========================================================================
report_clock_latency
============================================================================
Clock CLK
rise -> rise
    min     max
0.000000 0.000000 source latency
2.278644         network latency _4867_/CLK
        2.278644 network latency _4867_/CLK
---------------
2.278644 2.278644 latency
        0.000000 skew

fall -> fall
    min     max
0.000000 0.000000 source latency
1.093767         network latency _4867_/CLK
        1.093767 network latency _4867_/CLK
---------------
1.093767 1.093767 latency
        0.000000 skew



===========================================================================
report_clock_min_period
============================================================================
CLK period_min = 0.00 fmax = inf
