
===========================================================================
 report_power
============================================================================
======================= nom_tt_025C_1v80 Corner ===================================

Group                    Internal    Switching      Leakage        Total
                            Power        Power        Power        Power (Watts)
------------------------------------------------------------------------
Sequential           6.464028e-05 3.954551e-06 3.402940e-09 6.859823e-05  70.7%
Combinational        1.641355e-05 1.197251e-05 8.497181e-09 2.839455e-05  29.3%
Clock                0.000000e+00 0.000000e+00 0.000000e+00 0.000000e+00   0.0%
Macro                0.000000e+00 0.000000e+00 0.000000e+00 0.000000e+00   0.0%
Pad                  0.000000e+00 0.000000e+00 0.000000e+00 0.000000e+00   0.0%
------------------------------------------------------------------------
Total                8.105399e-05 1.592706e-05 1.190011e-08 9.699295e-05 100.0%
                            83.6%        16.4%         0.0%

