Clock: CLK
Sources: CLK 
Generated: no
Virtual: yes
Propagated: no
Period: 20.000000

===========================================================================
report_clock_properties
============================================================================
Clock                   Period          Waveform
----------------------------------------------------
CLK                  20.000000    0.000000 10.000000

===========================================================================
report_clock_latency
============================================================================
Clock CLK
rise -> rise
    min     max
0.000000 0.000000 source latency
1.355770         network latency _5004_/CLK
        1.388041 network latency _5170_/CLK
---------------
1.355770 1.388041 latency
        0.032271 skew

fall -> fall
    min     max
0.000000 0.000000 source latency
1.194178         network latency _5004_/CLK
        1.219187 network latency _5170_/CLK
---------------
1.194178 1.219187 latency
        0.025008 skew



===========================================================================
report_clock_min_period
============================================================================
CLK period_min = 18.99 fmax = 52.67
