
===========================================================================
Violator List
============================================================================
[setup reg-out] _5125_/Q -> DEVICES_STRH : -3.323594
[setup reg-out] _5125_/Q -> DEVICES_LDW : -3.323073
[setup reg-out] _5125_/Q -> DEVICES_LDH : -3.313078
[setup reg-out] _5125_/Q -> DEVICES_STRW : -3.286699
[setup reg-out] _5125_/Q -> MEM_ADDR[15] : -3.182150
[setup reg-out] _5125_/Q -> MAIN_LDH : -2.887919
[setup reg-out] _5125_/Q -> MAIN_STRH : -2.876931
[setup reg-out] _5125_/Q -> MAIN_STRW : -2.841567
[setup reg-out] _5125_/Q -> MAIN_LDW : -2.833929
[setup reg-out] _5125_/Q -> MEM_ADDR[14] : -2.486429
[setup reg-out] _5125_/Q -> MEM_ADDR[13] : -1.939728
[setup reg-out] _5125_/Q -> MEM_ADDR[11] : -1.904036
[setup reg-out] _5125_/Q -> MEM_ADDR[12] : -1.593422
[setup reg-out] _5125_/Q -> MEM_ADDR[10] : -1.437952
[setup reg-out] _5125_/Q -> MEM_ADDR[9] : -1.249305
[setup reg-out] _5125_/Q -> MEM_ADDR[8] : -1.033776
[setup reg-out] _5125_/Q -> MEM_ADDR[7] : -0.666379
[setup reg-out] _5125_/Q -> MEM_ADDR[5] : -0.353682
[setup reg-out] _5125_/Q -> MEM_ADDR[6] : -0.339073
