Clock: CLK
Sources: CLK 
Generated: no
Virtual: yes
Propagated: no
Period: 20.000000

===========================================================================
report_clock_properties
============================================================================
Clock                   Period          Waveform
----------------------------------------------------
CLK                  20.000000    0.000000 10.000000

===========================================================================
report_clock_latency
============================================================================
Clock CLK
rise -> rise
    min     max
0.000000 0.000000 source latency
1.397716         network latency _5004_/CLK
        1.435664 network latency _5170_/CLK
---------------
1.397716 1.435664 latency
        0.037948 skew

fall -> fall
    min     max
0.000000 0.000000 source latency
1.226283         network latency _5004_/CLK
        1.255540 network latency _5170_/CLK
---------------
1.226283 1.255540 latency
        0.029257 skew



===========================================================================
report_clock_min_period
============================================================================
CLK period_min = 19.65 fmax = 50.88
