Clock: CLK
Sources: CLK 
Generated: no
Virtual: yes
Propagated: no
Period: 26.000000

===========================================================================
report_clock_properties
============================================================================
Clock                   Period          Waveform
----------------------------------------------------
CLK                  26.000000    0.000000 13.000000

===========================================================================
report_clock_latency
============================================================================
Clock CLK
rise -> rise
    min     max
0.000000 0.000000 source latency
0.535052         network latency _5227_/CLK
        0.585825 network latency _5037_/CLK
---------------
0.535052 0.585825 latency
        0.050773 skew

fall -> fall
    min     max
0.000000 0.000000 source latency
0.532959         network latency _5227_/CLK
        0.569557 network latency _5037_/CLK
---------------
0.532959 0.569557 latency
        0.036597 skew



===========================================================================
report_clock_min_period
============================================================================
CLK period_min = 6.79 fmax = 147.32
