
===========================================================================
report_checks -unconstrained
===========================================================================
======================= max_ss_100C_1v60 Corner ===================================

Startpoint: _5127_ (rising edge-triggered flip-flop clocked by CLK)
Endpoint: _5221_ (rising edge-triggered flip-flop clocked by CLK)
Path Group: CLK
Path Type: max

Fanout         Cap        Slew       Delay        Time   Description
---------------------------------------------------------------------------------------------
                                  0.000000    0.000000   clock CLK (rise edge)
                                  0.000000    0.000000   clock source latency
   416    0.974267    0.000000    0.000000    0.000000 ^ CLK (in)
                                                         CLK (net)
                      0.070474    0.035237    0.035237 ^ _5127_/CLK (sky130_fd_sc_hd__dfxtp_2)
    64    0.447542    3.481767    3.078956    3.114193 ^ _5127_/Q (sky130_fd_sc_hd__dfxtp_2)
                                                         _0008_ (net)
                      3.481792    0.008107    3.122299 ^ _2549_/S0 (sky130_fd_sc_hd__mux4_2)
     1    0.002195    0.143190    1.737806    4.860106 v _2549_/X (sky130_fd_sc_hd__mux4_2)
                                                         _0479_ (net)
                      0.143190    0.000007    4.860112 v _2550_/A1 (sky130_fd_sc_hd__mux2_1)
     1    0.006738    0.147560    0.733412    5.593524 v _2550_/X (sky130_fd_sc_hd__mux2_1)
                                                         _0480_ (net)
                      0.147560    0.000097    5.593621 v _2551_/B1 (sky130_fd_sc_hd__a22o_2)
    25    0.118520    0.518536    0.828999    6.422620 v _2551_/X (sky130_fd_sc_hd__a22o_2)
                                                         _0481_ (net)
                      0.518622    0.006648    6.429268 v _2554_/B (sky130_fd_sc_hd__or2_2)
     4    0.009074    0.148519    0.862454    7.291722 v _2554_/X (sky130_fd_sc_hd__or2_2)
                                                         _0484_ (net)
                      0.148519    0.000038    7.291760 v _2624_/B (sky130_fd_sc_hd__and2_2)
     4    0.016135    0.127689    0.506413    7.798173 v _2624_/X (sky130_fd_sc_hd__and2_2)
                                                         _0554_ (net)
                      0.127689    0.000002    7.798175 v _3775_/B (sky130_fd_sc_hd__or4_2)
     2    0.003987    0.228886    1.549235    9.347410 v _3775_/X (sky130_fd_sc_hd__or4_2)
                                                         _1335_ (net)
                      0.228886    0.000008    9.347418 v _3832_/A2 (sky130_fd_sc_hd__o31a_2)
     3    0.021614    0.170016    0.795864   10.143282 v _3832_/X (sky130_fd_sc_hd__o31a_2)
                                                         _1391_ (net)
                      0.170021    0.001175   10.144457 v _4109_/A2 (sky130_fd_sc_hd__a21oi_2)
     3    0.012309    0.284627    0.372593   10.517050 ^ _4109_/Y (sky130_fd_sc_hd__a21oi_2)
                                                         _1661_ (net)
                      0.284627    0.000137   10.517186 ^ _4125_/B (sky130_fd_sc_hd__nand2_2)
     2    0.009110    0.112070    0.202917   10.720103 v _4125_/Y (sky130_fd_sc_hd__nand2_2)
                                                         _1676_ (net)
                      0.112070    0.000023   10.720126 v _4144_/B (sky130_fd_sc_hd__nand2_2)
     3    0.011437    0.121233    0.161331   10.881457 ^ _4144_/Y (sky130_fd_sc_hd__nand2_2)
                                                         _1694_ (net)
                      0.121233    0.000076   10.881534 ^ _4172_/A2 (sky130_fd_sc_hd__a21o_2)
     2    0.003952    0.061643    0.260144   11.141677 ^ _4172_/X (sky130_fd_sc_hd__a21o_2)
                                                         _1721_ (net)
                      0.061643    0.000022   11.141700 ^ _4174_/A_N (sky130_fd_sc_hd__and3b_2)
     1    0.001719    0.066063    0.399928   11.541628 v _4174_/X (sky130_fd_sc_hd__and3b_2)
                                                         _1723_ (net)
                      0.066063    0.000004   11.541631 v _4185_/B (sky130_fd_sc_hd__or4b_2)
     1    0.003432    0.222581    1.489213   13.030845 v _4185_/X (sky130_fd_sc_hd__or4b_2)
                                                         _1734_ (net)
                      0.222581    0.000025   13.030869 v _4186_/D (sky130_fd_sc_hd__or4_2)
     1    0.005795    0.244982    1.393803   14.424672 v _4186_/X (sky130_fd_sc_hd__or4_2)
                                                         _1735_ (net)
                      0.244982    0.000072   14.424745 v _4187_/B2 (sky130_fd_sc_hd__o221a_2)
     1    0.002011    0.077167    0.494564   14.919309 v _4187_/X (sky130_fd_sc_hd__o221a_2)
                                                         _0369_ (net)
                      0.077167    0.000004   14.919312 v _5221_/D (sky130_fd_sc_hd__dfxtp_2)
                                             14.919312   data arrival time

                                 26.000000   26.000000   clock CLK (rise edge)
                                  0.000000   26.000000   clock source latency
   416    0.974267    0.000000    0.000000   26.000000 ^ CLK (in)
                                                         CLK (net)
                      0.015342    0.007670   26.007669 ^ _5221_/CLK (sky130_fd_sc_hd__dfxtp_2)
                                  0.000000   26.007669   clock reconvergence pessimism
                                 -0.292170   25.715500   library setup time
                                             25.715500   data required time
---------------------------------------------------------------------------------------------
                                             25.715500   data required time
                                            -14.919312   data arrival time
---------------------------------------------------------------------------------------------
                                             10.796187   slack (MET)




===========================================================================
report_checks --slack_max -0.01
============================================================================
======================= max_ss_100C_1v60 Corner ===================================

No paths found.


===========================================================================
 report_check_types -max_slew -max_cap -max_fanout -violators
============================================================================
======================= max_ss_100C_1v60 Corner ===================================

max slew

Pin                                        Limit        Slew       Slack
------------------------------------------------------------------------
_2723_/S0                               1.500000    3.503956   -2.003956 (VIOLATED)
_2750_/S0                               1.500000    3.503958   -2.003958 (VIOLATED)
_2714_/S0                               1.500000    3.503954   -2.003954 (VIOLATED)
_2732_/S0                               1.500000    3.503953   -2.003953 (VIOLATED)
_2741_/S0                               1.500000    3.503952   -2.003953 (VIOLATED)
_2742_/S0                               1.500000    3.503952   -2.003952 (VIOLATED)
_2715_/S0                               1.500000    3.503948   -2.003949 (VIOLATED)
_2751_/S0                               1.500000    3.503951   -2.003951 (VIOLATED)
_2724_/S0                               1.500000    3.503948   -2.003948 (VIOLATED)
_2768_/S0                               1.500000    3.503948   -2.003948 (VIOLATED)
_2733_/S0                               1.500000    3.503942   -2.003942 (VIOLATED)
_2769_/S0                               1.500000    3.503943   -2.003943 (VIOLATED)
_2822_/S0                               1.500000    3.503934   -2.003934 (VIOLATED)
_2777_/S0                               1.500000    3.503926   -2.003927 (VIOLATED)
_2778_/S0                               1.500000    3.503927   -2.003927 (VIOLATED)
_2851_/S0                               1.500000    3.503924   -2.003924 (VIOLATED)
_2849_/S0                               1.500000    3.503912   -2.003912 (VIOLATED)
_2813_/S0                               1.500000    3.503900   -2.003900 (VIOLATED)
_2814_/S0                               1.500000    3.503892   -2.003892 (VIOLATED)
_2796_/S0                               1.500000    3.503873   -2.003873 (VIOLATED)
_2759_/S0                               1.500000    3.503861   -2.003861 (VIOLATED)
_2746_/S0                               1.500000    3.503859   -2.003859 (VIOLATED)
_2760_/S0                               1.500000    3.503861   -2.003861 (VIOLATED)
_2795_/S0                               1.500000    3.503858   -2.003858 (VIOLATED)
_2853_/S0                               1.500000    3.503856   -2.003856 (VIOLATED)
_2854_/S0                               1.500000    3.503854   -2.003854 (VIOLATED)
_2827_/S0                               1.500000    3.503849   -2.003849 (VIOLATED)
_2825_/S0                               1.500000    3.503843   -2.003843 (VIOLATED)
_2804_/S0                               1.500000    3.503829   -2.003829 (VIOLATED)
_2805_/S0                               1.500000    3.503829   -2.003829 (VIOLATED)
_2823_/S0                               1.500000    3.503827   -2.003827 (VIOLATED)
_2786_/S0                               1.500000    3.503824   -2.003824 (VIOLATED)
_2787_/S0                               1.500000    3.503826   -2.003826 (VIOLATED)
_2840_/S0                               1.500000    3.503820   -2.003820 (VIOLATED)
_2845_/S0                               1.500000    3.503819   -2.003819 (VIOLATED)
_2841_/S0                               1.500000    3.503816   -2.003816 (VIOLATED)
_2744_/S0                               1.500000    3.503813   -2.003813 (VIOLATED)
_2753_/S0                               1.500000    3.503813   -2.003813 (VIOLATED)
_2831_/S0                               1.500000    3.503813   -2.003813 (VIOLATED)
_2833_/S0                               1.500000    3.503813   -2.003813 (VIOLATED)
_2755_/S0                               1.500000    3.503810   -2.003810 (VIOLATED)
_2763_/S0                               1.500000    3.503812   -2.003812 (VIOLATED)
_2764_/S0                               1.500000    3.503810   -2.003810 (VIOLATED)
_2771_/S0                               1.500000    3.503811   -2.003811 (VIOLATED)
_2726_/S0                               1.500000    3.503807   -2.003807 (VIOLATED)
_2773_/S0                               1.500000    3.503809   -2.003809 (VIOLATED)
_2780_/S0                               1.500000    3.503805   -2.003805 (VIOLATED)
_2782_/S0                               1.500000    3.503807   -2.003807 (VIOLATED)
_2843_/S0                               1.500000    3.503806   -2.003806 (VIOLATED)
_2728_/S0                               1.500000    3.503802   -2.003802 (VIOLATED)
_2717_/S0                               1.500000    3.503799   -2.003799 (VIOLATED)
_2719_/S0                               1.500000    3.503799   -2.003799 (VIOLATED)
_2799_/S0                               1.500000    3.503796   -2.003796 (VIOLATED)
_2807_/S0                               1.500000    3.503797   -2.003797 (VIOLATED)
_2809_/S0                               1.500000    3.503798   -2.003798 (VIOLATED)
_2817_/S0                               1.500000    3.503798   -2.003798 (VIOLATED)
_2818_/S0                               1.500000    3.503797   -2.003797 (VIOLATED)
_2735_/S0                               1.500000    3.503793   -2.003793 (VIOLATED)
_2737_/S0                               1.500000    3.503793   -2.003793 (VIOLATED)
_2835_/S0                               1.500000    3.503792   -2.003792 (VIOLATED)
_2836_/S0                               1.500000    3.503794   -2.003794 (VIOLATED)
_2800_/S0                               1.500000    3.503789   -2.003789 (VIOLATED)
_2791_/S0                               1.500000    3.503786   -2.003786 (VIOLATED)
_2789_/S0                               1.500000    3.503780   -2.003780 (VIOLATED)
_5135_/Q                                1.501684    3.503780   -2.002096 (VIOLATED)
_2555_/S0                               1.500000    3.481917   -1.981917 (VIOLATED)
_2590_/S0                               1.500000    3.481916   -1.981916 (VIOLATED)
_2578_/S0                               1.500000    3.481914   -1.981914 (VIOLATED)
_2603_/S0                               1.500000    3.481914   -1.981914 (VIOLATED)
_2592_/S0                               1.500000    3.481909   -1.981909 (VIOLATED)
_2605_/S0                               1.500000    3.481910   -1.981910 (VIOLATED)
_2580_/S0                               1.500000    3.481902   -1.981902 (VIOLATED)
_2556_/S0                               1.500000    3.481897   -1.981897 (VIOLATED)
_2568_/S0                               1.500000    3.481899   -1.981899 (VIOLATED)
_2569_/S0                               1.500000    3.481898   -1.981898 (VIOLATED)
_2671_/S0                               1.500000    3.481897   -1.981897 (VIOLATED)
_2533_/S0                               1.500000    3.481895   -1.981895 (VIOLATED)
_2523_/S0                               1.500000    3.481892   -1.981892 (VIOLATED)
_2672_/S0                               1.500000    3.481892   -1.981892 (VIOLATED)
_2522_/S0                               1.500000    3.481887   -1.981887 (VIOLATED)
_2509_/S0                               1.500000    3.481882   -1.981882 (VIOLATED)
_2544_/S0                               1.500000    3.481881   -1.981881 (VIOLATED)
_2545_/S0                               1.500000    3.481879   -1.981879 (VIOLATED)
_2572_/S0                               1.500000    3.481878   -1.981878 (VIOLATED)
_2573_/S0                               1.500000    3.481873   -1.981873 (VIOLATED)
_2534_/S0                               1.500000    3.481870   -1.981870 (VIOLATED)
_2470_/S0                               1.500000    3.481868   -1.981868 (VIOLATED)
_2508_/S0                               1.500000    3.481869   -1.981869 (VIOLATED)
_2646_/S0                               1.500000    3.481869   -1.981869 (VIOLATED)
_2471_/S0                               1.500000    3.481866   -1.981866 (VIOLATED)
_2648_/S0                               1.500000    3.481864   -1.981864 (VIOLATED)
_2474_/S0                               1.500000    3.481863   -1.981863 (VIOLATED)
_2658_/S0                               1.500000    3.481863   -1.981863 (VIOLATED)
_2659_/S0                               1.500000    3.481861   -1.981861 (VIOLATED)
_2476_/S0                               1.500000    3.481854   -1.981854 (VIOLATED)
_2483_/S0                               1.500000    3.481855   -1.981855 (VIOLATED)
_2632_/S0                               1.500000    3.481856   -1.981856 (VIOLATED)
_2484_/S0                               1.500000    3.481853   -1.981853 (VIOLATED)
_2634_/S0                               1.500000    3.481851   -1.981851 (VIOLATED)
_2498_/S0                               1.500000    3.481842   -1.981842 (VIOLATED)
_2512_/S0                               1.500000    3.481843   -1.981843 (VIOLATED)
_2496_/S0                               1.500000    3.481839   -1.981839 (VIOLATED)
_2513_/S0                               1.500000    3.481833   -1.981833 (VIOLATED)
_2488_/S0                               1.500000    3.481812   -1.981812 (VIOLATED)
_2487_/S0                               1.500000    3.481794   -1.981794 (VIOLATED)
_2537_/S0                               1.500000    3.481791   -1.981791 (VIOLATED)
_2559_/S0                               1.500000    3.481792   -1.981793 (VIOLATED)
_2560_/S0                               1.500000    3.481792   -1.981792 (VIOLATED)
_2526_/S0                               1.500000    3.481789   -1.981789 (VIOLATED)
_2538_/S0                               1.500000    3.481790   -1.981790 (VIOLATED)
_2548_/S0                               1.500000    3.481792   -1.981792 (VIOLATED)
_2549_/S0                               1.500000    3.481792   -1.981792 (VIOLATED)
_2527_/S0                               1.500000    3.481788   -1.981788 (VIOLATED)
_2594_/S0                               1.500000    3.481788   -1.981789 (VIOLATED)
_2607_/S0                               1.500000    3.481787   -1.981787 (VIOLATED)
_2608_/S0                               1.500000    3.481787   -1.981787 (VIOLATED)
_2595_/S0                               1.500000    3.481785   -1.981785 (VIOLATED)
_2675_/S0                               1.500000    3.481786   -1.981786 (VIOLATED)
_2676_/S0                               1.500000    3.481785   -1.981785 (VIOLATED)
_2637_/S0                               1.500000    3.481783   -1.981783 (VIOLATED)
_2500_/S0                               1.500000    3.481780   -1.981780 (VIOLATED)
_2501_/S0                               1.500000    3.481781   -1.981781 (VIOLATED)
_2662_/S0                               1.500000    3.481781   -1.981781 (VIOLATED)
_2663_/S0                               1.500000    3.481781   -1.981781 (VIOLATED)
_2582_/S0                               1.500000    3.481777   -1.981777 (VIOLATED)
_2583_/S0                               1.500000    3.481778   -1.981778 (VIOLATED)
_2636_/S0                               1.500000    3.481774   -1.981774 (VIOLATED)
_2651_/S0                               1.500000    3.481771   -1.981771 (VIOLATED)
_2650_/S0                               1.500000    3.481767   -1.981767 (VIOLATED)
_5127_/Q                                1.501684    3.481767   -1.980083 (VIOLATED)
_3517_/S0                               1.500000    3.479332   -1.979332 (VIOLATED)
_3605_/S0                               1.500000    3.479333   -1.979333 (VIOLATED)
_3507_/S0                               1.500000    3.479329   -1.979329 (VIOLATED)
_3526_/S0                               1.500000    3.479330   -1.979330 (VIOLATED)
_3516_/S0                               1.500000    3.479325   -1.979325 (VIOLATED)
_3525_/S0                               1.500000    3.479326   -1.979326 (VIOLATED)
_3508_/S0                               1.500000    3.479320   -1.979320 (VIOLATED)
_3679_/S0                               1.500000    3.479315   -1.979315 (VIOLATED)
_3681_/S0                               1.500000    3.479310   -1.979310 (VIOLATED)
_3497_/S0                               1.500000    3.479304   -1.979304 (VIOLATED)
_3499_/S0                               1.500000    3.479304   -1.979304 (VIOLATED)
_3591_/S0                               1.500000    3.479301   -1.979301 (VIOLATED)
_3607_/S0                               1.500000    3.479303   -1.979303 (VIOLATED)
_3635_/S0                               1.500000    3.479301   -1.979301 (VIOLATED)
_3716_/S0                               1.500000    3.479299   -1.979299 (VIOLATED)
_3717_/S0                               1.500000    3.479295   -1.979295 (VIOLATED)
_3593_/S0                               1.500000    3.479290   -1.979291 (VIOLATED)
_3728_/S0                               1.500000    3.479292   -1.979292 (VIOLATED)
_3633_/S0                               1.500000    3.479289   -1.979289 (VIOLATED)
_3704_/S0                               1.500000    3.479290   -1.979290 (VIOLATED)
_3727_/S0                               1.500000    3.479289   -1.979289 (VIOLATED)
_3644_/S0                               1.500000    3.479287   -1.979287 (VIOLATED)
_3646_/S0                               1.500000    3.479289   -1.979289 (VIOLATED)
_3669_/S0                               1.500000    3.479285   -1.979285 (VIOLATED)
_3706_/S0                               1.500000    3.479286   -1.979286 (VIOLATED)
_3502_/S0                               1.500000    3.479283   -1.979283 (VIOLATED)
_3667_/S0                               1.500000    3.479283   -1.979283 (VIOLATED)
_3657_/S0                               1.500000    3.479278   -1.979278 (VIOLATED)
_3692_/S0                               1.500000    3.479279   -1.979279 (VIOLATED)
_3649_/S0                               1.500000    3.479275   -1.979275 (VIOLATED)
_3655_/S0                               1.500000    3.479276   -1.979276 (VIOLATED)
_3694_/S0                               1.500000    3.479274   -1.979274 (VIOLATED)
_3621_/S0                               1.500000    3.479267   -1.979267 (VIOLATED)
_3648_/S0                               1.500000    3.479269   -1.979269 (VIOLATED)
_3501_/S0                               1.500000    3.479263   -1.979263 (VIOLATED)
_3609_/S0                               1.500000    3.479263   -1.979263 (VIOLATED)
_3622_/S0                               1.500000    3.479264   -1.979264 (VIOLATED)
_3610_/S0                               1.500000    3.479262   -1.979262 (VIOLATED)
_3595_/S0                               1.500000    3.479259   -1.979259 (VIOLATED)
_3637_/S0                               1.500000    3.479259   -1.979259 (VIOLATED)
_3638_/S0                               1.500000    3.479260   -1.979260 (VIOLATED)
_3731_/S0                               1.500000    3.479260   -1.979260 (VIOLATED)
_3732_/S0                               1.500000    3.479259   -1.979259 (VIOLATED)
_3596_/S0                               1.500000    3.479257   -1.979257 (VIOLATED)
_3521_/S0                               1.500000    3.479255   -1.979255 (VIOLATED)
_3529_/S0                               1.500000    3.479256   -1.979256 (VIOLATED)
_3530_/S0                               1.500000    3.479255   -1.979255 (VIOLATED)
_3683_/S0                               1.500000    3.479254   -1.979254 (VIOLATED)
_3721_/S0                               1.500000    3.479255   -1.979255 (VIOLATED)
_3684_/S0                               1.500000    3.479253   -1.979253 (VIOLATED)
_3720_/S0                               1.500000    3.479253   -1.979253 (VIOLATED)
_3520_/S0                               1.500000    3.479248   -1.979248 (VIOLATED)
_3511_/S0                               1.500000    3.479245   -1.979245 (VIOLATED)
_3659_/S0                               1.500000    3.479245   -1.979246 (VIOLATED)
_3671_/S0                               1.500000    3.479243   -1.979243 (VIOLATED)
_3672_/S0                               1.500000    3.479243   -1.979243 (VIOLATED)
_3697_/S0                               1.500000    3.479240   -1.979240 (VIOLATED)
_3512_/S0                               1.500000    3.479237   -1.979237 (VIOLATED)
_3660_/S0                               1.500000    3.479236   -1.979236 (VIOLATED)
_3696_/S0                               1.500000    3.479233   -1.979233 (VIOLATED)
_3626_/S0                               1.500000    3.479227   -1.979227 (VIOLATED)
_3625_/S0                               1.500000    3.479224   -1.979224 (VIOLATED)
_3708_/S0                               1.500000    3.479222   -1.979222 (VIOLATED)
_3709_/S0                               1.500000    3.479216   -1.979216 (VIOLATED)
_5131_/Q                                1.501684    3.479212   -1.977528 (VIOLATED)
_3229_/Y                                1.496266    2.553679   -1.057413 (VIOLATED)
_3240_/A2                               1.500000    2.553702   -1.053702 (VIOLATED)
_3242_/A2                               1.500000    2.553701   -1.053701 (VIOLATED)
_3236_/A2                               1.500000    2.553700   -1.053700 (VIOLATED)
_3238_/A2                               1.500000    2.553699   -1.053700 (VIOLATED)
_3327_/A2                               1.500000    2.553700   -1.053700 (VIOLATED)
_3329_/A2                               1.500000    2.553701   -1.053701 (VIOLATED)
_4859_/A2                               1.500000    2.553702   -1.053702 (VIOLATED)
_4860_/A2                               1.500000    2.553701   -1.053701 (VIOLATED)
_4865_/A2                               1.500000    2.553700   -1.053700 (VIOLATED)
_4866_/A2                               1.500000    2.553700   -1.053700 (VIOLATED)
_3232_/A2                               1.500000    2.553699   -1.053699 (VIOLATED)
_3234_/A2                               1.500000    2.553698   -1.053698 (VIOLATED)
_4863_/A2                               1.500000    2.553699   -1.053699 (VIOLATED)
_4864_/A2                               1.500000    2.553698   -1.053698 (VIOLATED)
_3319_/A2                               1.500000    2.553696   -1.053696 (VIOLATED)
_3320_/A3                               1.500000    2.553697   -1.053697 (VIOLATED)
_3321_/A3                               1.500000    2.553697   -1.053697 (VIOLATED)
_3323_/A2                               1.500000    2.553696   -1.053697 (VIOLATED)
_3325_/A2                               1.500000    2.553695   -1.053696 (VIOLATED)
_3248_/A2                               1.500000    2.553692   -1.053692 (VIOLATED)
_4867_/A2                               1.500000    2.553693   -1.053693 (VIOLATED)
_3250_/A2                               1.500000    2.553691   -1.053691 (VIOLATED)
_4861_/A2                               1.500000    2.553691   -1.053691 (VIOLATED)
_4868_/A2                               1.500000    2.553691   -1.053691 (VIOLATED)
_3244_/A2                               1.500000    2.553689   -1.053690 (VIOLATED)
_3246_/A2                               1.500000    2.553688   -1.053688 (VIOLATED)
_4862_/A2                               1.500000    2.553688   -1.053688 (VIOLATED)
_3254_/A2                               1.500000    2.553686   -1.053686 (VIOLATED)
_3252_/A2                               1.500000    2.553685   -1.053685 (VIOLATED)
_4870_/A2                               1.500000    2.553686   -1.053686 (VIOLATED)
_4869_/A2                               1.500000    2.553685   -1.053685 (VIOLATED)
_3230_/B                                1.500000    2.553679   -1.053679 (VIOLATED)
_3331_/A2                               1.500000    2.553679   -1.053679 (VIOLATED)
_3333_/A2                               1.500000    2.553679   -1.053679 (VIOLATED)
_3335_/A2                               1.500000    2.553679   -1.053679 (VIOLATED)
_3337_/A2                               1.500000    2.553679   -1.053679 (VIOLATED)
_3339_/A2                               1.500000    2.553679   -1.053679 (VIOLATED)
_3341_/A2                               1.500000    2.553679   -1.053679 (VIOLATED)
_3343_/A2                               1.500000    2.553679   -1.053679 (VIOLATED)
_3345_/A2                               1.500000    2.553679   -1.053679 (VIOLATED)
_3347_/A2                               1.500000    2.553679   -1.053679 (VIOLATED)
_3349_/A2                               1.500000    2.553679   -1.053679 (VIOLATED)
_3351_/A2                               1.500000    2.553679   -1.053679 (VIOLATED)
_3353_/A2                               1.500000    2.553679   -1.053679 (VIOLATED)
_3355_/A2                               1.500000    2.553679   -1.053679 (VIOLATED)
_2462_/Y                                1.484094    2.474472   -0.990378 (VIOLATED)
_2463_/B                                1.500000    2.474472   -0.974472 (VIOLATED)
_2896_/B2                               1.500000    2.474472   -0.974472 (VIOLATED)
_2905_/B2                               1.500000    2.474472   -0.974472 (VIOLATED)
_2908_/B1                               1.500000    2.474472   -0.974472 (VIOLATED)
_2911_/B2                               1.500000    2.474472   -0.974472 (VIOLATED)
_2914_/B1                               1.500000    2.474472   -0.974472 (VIOLATED)
_2917_/B2                               1.500000    2.474472   -0.974472 (VIOLATED)
_2921_/B1                               1.500000    2.474472   -0.974472 (VIOLATED)
_2924_/B1                               1.500000    2.474472   -0.974472 (VIOLATED)
_2927_/B2                               1.500000    2.474472   -0.974472 (VIOLATED)
_2930_/B2                               1.500000    2.474472   -0.974472 (VIOLATED)
_2934_/B1                               1.500000    2.474472   -0.974472 (VIOLATED)
_2937_/B1                               1.500000    2.474472   -0.974472 (VIOLATED)
_2940_/B1                               1.500000    2.474472   -0.974472 (VIOLATED)
_2944_/B1                               1.500000    2.474472   -0.974472 (VIOLATED)
_2947_/B1                               1.500000    2.474472   -0.974472 (VIOLATED)
_2950_/B2                               1.500000    2.474472   -0.974472 (VIOLATED)
_3362_/B1                               1.500000    2.474472   -0.974472 (VIOLATED)
_4854_/A                                1.500000    2.474472   -0.974472 (VIOLATED)
_3757_/X                                1.494952    2.346882   -0.851930 (VIOLATED)
_4240_/B                                1.500000    2.346917   -0.846917 (VIOLATED)
_4241_/B                                1.500000    2.346917   -0.846917 (VIOLATED)
_4293_/A2                               1.500000    2.346917   -0.846917 (VIOLATED)
_4263_/B                                1.500000    2.346916   -0.846916 (VIOLATED)
_4264_/B                                1.500000    2.346916   -0.846916 (VIOLATED)
_4451_/A2                               1.500000    2.346916   -0.846916 (VIOLATED)
_4147_/B                                1.500000    2.346915   -0.846915 (VIOLATED)
_4290_/A2                               1.500000    2.346915   -0.846915 (VIOLATED)
_4294_/A2                               1.500000    2.346914   -0.846914 (VIOLATED)
_4448_/S                                1.500000    2.346915   -0.846915 (VIOLATED)
_4449_/S                                1.500000    2.346914   -0.846914 (VIOLATED)
_4099_/A2                               1.500000    2.346913   -0.846913 (VIOLATED)
_4148_/A2                               1.500000    2.346913   -0.846913 (VIOLATED)
_4179_/S                                1.500000    2.346913   -0.846913 (VIOLATED)
_4193_/S                                1.500000    2.346913   -0.846913 (VIOLATED)
_4220_/S                                1.500000    2.346913   -0.846913 (VIOLATED)
_4291_/S                                1.500000    2.346913   -0.846913 (VIOLATED)
_4127_/B                                1.500000    2.346911   -0.846911 (VIOLATED)
_4128_/A2                               1.500000    2.346912   -0.846912 (VIOLATED)
_4080_/A2                               1.500000    2.346910   -0.846911 (VIOLATED)
_4440_/A2                               1.500000    2.346910   -0.846911 (VIOLATED)
_4047_/S                                1.500000    2.346910   -0.846910 (VIOLATED)
_4098_/B                                1.500000    2.346910   -0.846910 (VIOLATED)
_4305_/A2                               1.500000    2.346909   -0.846909 (VIOLATED)
_4439_/A2                               1.500000    2.346909   -0.846909 (VIOLATED)
_4028_/A2                               1.500000    2.346907   -0.846907 (VIOLATED)
_4079_/B                                1.500000    2.346907   -0.846907 (VIOLATED)
_3991_/S                                1.500000    2.346888   -0.846888 (VIOLATED)
_4027_/B                                1.500000    2.346889   -0.846889 (VIOLATED)
_4442_/A2                               1.500000    2.346889   -0.846889 (VIOLATED)
_3974_/S                                1.500000    2.346886   -0.846886 (VIOLATED)
_3758_/B                                1.500000    2.346882   -0.846882 (VIOLATED)
_3879_/B                                1.500000    2.346882   -0.846882 (VIOLATED)
_3880_/A2                               1.500000    2.346882   -0.846882 (VIOLATED)
_3938_/B                                1.500000    2.346882   -0.846882 (VIOLATED)
_3939_/A2                               1.500000    2.346882   -0.846882 (VIOLATED)
_4306_/S                                1.500000    2.346882   -0.846882 (VIOLATED)
_4313_/S                                1.500000    2.346882   -0.846882 (VIOLATED)
_4314_/A2                               1.500000    2.346882   -0.846882 (VIOLATED)
_4443_/A2                               1.500000    2.346882   -0.846882 (VIOLATED)
_2723_/S1                               1.500000    2.345200   -0.845200 (VIOLATED)
_2750_/S1                               1.500000    2.345201   -0.845201 (VIOLATED)
_2714_/S1                               1.500000    2.345199   -0.845199 (VIOLATED)
_2732_/S1                               1.500000    2.345199   -0.845199 (VIOLATED)
_2741_/S1                               1.500000    2.345198   -0.845198 (VIOLATED)
_2742_/S1                               1.500000    2.345197   -0.845197 (VIOLATED)
_2751_/S1                               1.500000    2.345196   -0.845197 (VIOLATED)
_2715_/S1                               1.500000    2.345196   -0.845196 (VIOLATED)
_2724_/S1                               1.500000    2.345195   -0.845195 (VIOLATED)
_2768_/S1                               1.500000    2.345195   -0.845195 (VIOLATED)
_2733_/S1                               1.500000    2.345192   -0.845192 (VIOLATED)
_2769_/S1                               1.500000    2.345192   -0.845192 (VIOLATED)
_2822_/S1                               1.500000    2.345186   -0.845187 (VIOLATED)
_2777_/S1                               1.500000    2.345182   -0.845182 (VIOLATED)
_2778_/S1                               1.500000    2.345182   -0.845182 (VIOLATED)
_2851_/S1                               1.500000    2.345180   -0.845180 (VIOLATED)
_2849_/S1                               1.500000    2.345173   -0.845174 (VIOLATED)
_2813_/S1                               1.500000    2.345165   -0.845165 (VIOLATED)
_2814_/S1                               1.500000    2.345161   -0.845161 (VIOLATED)
_2796_/S1                               1.500000    2.345150   -0.845150 (VIOLATED)
_2744_/S1                               1.500000    2.345144   -0.845144 (VIOLATED)
_2759_/S1                               1.500000    2.345144   -0.845144 (VIOLATED)
_2760_/S1                               1.500000    2.345144   -0.845144 (VIOLATED)
_2746_/S1                               1.500000    2.345143   -0.845143 (VIOLATED)
_2795_/S1                               1.500000    2.345141   -0.845141 (VIOLATED)
_2853_/S1                               1.500000    2.345141   -0.845141 (VIOLATED)
_2854_/S1                               1.500000    2.345139   -0.845139 (VIOLATED)
_2827_/S1                               1.500000    2.345135   -0.845136 (VIOLATED)
_2825_/S1                               1.500000    2.345131   -0.845132 (VIOLATED)
_2804_/S1                               1.500000    2.345123   -0.845123 (VIOLATED)
_2805_/S1                               1.500000    2.345123   -0.845123 (VIOLATED)
_2787_/S1                               1.500000    2.345121   -0.845121 (VIOLATED)
_2823_/S1                               1.500000    2.345122   -0.845122 (VIOLATED)
_2786_/S1                               1.500000    2.345120   -0.845120 (VIOLATED)
_2840_/S1                               1.500000    2.345118   -0.845118 (VIOLATED)
_2845_/S1                               1.500000    2.345117   -0.845117 (VIOLATED)
_2753_/S1                               1.500000    2.345115   -0.845115 (VIOLATED)
_2841_/S1                               1.500000    2.345115   -0.845116 (VIOLATED)
_2755_/S1                               1.500000    2.345114   -0.845114 (VIOLATED)
_2763_/S1                               1.500000    2.345115   -0.845115 (VIOLATED)
_2764_/S1                               1.500000    2.345114   -0.845114 (VIOLATED)
_2717_/S1                               1.500000    2.345113   -0.845113 (VIOLATED)
_2831_/S1                               1.500000    2.345114   -0.845114 (VIOLATED)
_2833_/S1                               1.500000    2.345114   -0.845114 (VIOLATED)
_2719_/S1                               1.500000    2.345112   -0.845112 (VIOLATED)
_2809_/S1                               1.500000    2.345111   -0.845111 (VIOLATED)
_2807_/S1                               1.500000    2.345109   -0.845110 (VIOLATED)
_2843_/S1                               1.500000    2.345110   -0.845110 (VIOLATED)
_2735_/S1                               1.500000    2.345109   -0.845108 (VIOLATED)
_2817_/S1                               1.500000    2.345109   -0.845109 (VIOLATED)
_2726_/S1                               1.500000    2.345107   -0.845107 (VIOLATED)
_2771_/S1                               1.500000    2.345107   -0.845107 (VIOLATED)
_2773_/S1                               1.500000    2.345107   -0.845107 (VIOLATED)
_2780_/S1                               1.500000    2.345106   -0.845106 (VIOLATED)
_2782_/S1                               1.500000    2.345107   -0.845107 (VIOLATED)
_2799_/S1                               1.500000    2.345107   -0.845107 (VIOLATED)
_2728_/S1                               1.500000    2.345105   -0.845106 (VIOLATED)
_2818_/S1                               1.500000    2.345105   -0.845105 (VIOLATED)
_2737_/S1                               1.500000    2.345104   -0.845104 (VIOLATED)
_2836_/S1                               1.500000    2.345104   -0.845104 (VIOLATED)
_2800_/S1                               1.500000    2.345103   -0.845103 (VIOLATED)
_2835_/S1                               1.500000    2.345103   -0.845103 (VIOLATED)
_2789_/S1                               1.500000    2.345099   -0.845099 (VIOLATED)
_2791_/S1                               1.500000    2.345099   -0.845099 (VIOLATED)
_5136_/Q                                1.501684    2.345099   -0.843415 (VIOLATED)
_2555_/S1                               1.500000    2.329098   -0.829098 (VIOLATED)
_2590_/S1                               1.500000    2.329097   -0.829097 (VIOLATED)
_2578_/S1                               1.500000    2.329095   -0.829095 (VIOLATED)
_2603_/S1                               1.500000    2.329096   -0.829096 (VIOLATED)
_2592_/S1                               1.500000    2.329092   -0.829092 (VIOLATED)
_2605_/S1                               1.500000    2.329093   -0.829093 (VIOLATED)
_2580_/S1                               1.500000    2.329088   -0.829088 (VIOLATED)
_2568_/S1                               1.500000    2.329085   -0.829085 (VIOLATED)
_2556_/S1                               1.500000    2.329084   -0.829084 (VIOLATED)
_2569_/S1                               1.500000    2.329085   -0.829085 (VIOLATED)
_2671_/S1                               1.500000    2.329084   -0.829084 (VIOLATED)
_2533_/S1                               1.500000    2.329083   -0.829083 (VIOLATED)
_2523_/S1                               1.500000    2.329081   -0.829081 (VIOLATED)
_2672_/S1                               1.500000    2.329081   -0.829081 (VIOLATED)
_2522_/S1                               1.500000    2.329078   -0.829078 (VIOLATED)
_2509_/S1                               1.500000    2.329074   -0.829074 (VIOLATED)
_2544_/S1                               1.500000    2.329074   -0.829074 (VIOLATED)
_2545_/S1                               1.500000    2.329072   -0.829072 (VIOLATED)
_2572_/S1                               1.500000    2.329072   -0.829072 (VIOLATED)
_2573_/S1                               1.500000    2.329068   -0.829068 (VIOLATED)
_2534_/S1                               1.500000    2.329066   -0.829066 (VIOLATED)
_2646_/S1                               1.500000    2.329066   -0.829066 (VIOLATED)
_2470_/S1                               1.500000    2.329065   -0.829065 (VIOLATED)
_2508_/S1                               1.500000    2.329065   -0.829065 (VIOLATED)
_2471_/S1                               1.500000    2.329063   -0.829064 (VIOLATED)
_2648_/S1                               1.500000    2.329062   -0.829063 (VIOLATED)
_2474_/S1                               1.500000    2.329061   -0.829061 (VIOLATED)
_2658_/S1                               1.500000    2.329062   -0.829062 (VIOLATED)
_2659_/S1                               1.500000    2.329060   -0.829060 (VIOLATED)
_2632_/S1                               1.500000    2.329057   -0.829057 (VIOLATED)
_2476_/S1                               1.500000    2.329056   -0.829055 (VIOLATED)
_2483_/S1                               1.500000    2.329056   -0.829056 (VIOLATED)
_2484_/S1                               1.500000    2.329055   -0.829055 (VIOLATED)
_2634_/S1                               1.500000    2.329053   -0.829053 (VIOLATED)
_2498_/S1                               1.500000    2.329048   -0.829048 (VIOLATED)
_2512_/S1                               1.500000    2.329048   -0.829048 (VIOLATED)
_2496_/S1                               1.500000    2.329046   -0.829046 (VIOLATED)
_2513_/S1                               1.500000    2.329042   -0.829042 (VIOLATED)
_2488_/S1                               1.500000    2.329027   -0.829027 (VIOLATED)
_2487_/S1                               1.500000    2.329015   -0.829016 (VIOLATED)
_2537_/S1                               1.500000    2.329013   -0.829013 (VIOLATED)
_2548_/S1                               1.500000    2.329013   -0.829013 (VIOLATED)
_2549_/S1                               1.500000    2.329014   -0.829014 (VIOLATED)
_2559_/S1                               1.500000    2.329014   -0.829014 (VIOLATED)
_2560_/S1                               1.500000    2.329014   -0.829014 (VIOLATED)
_2538_/S1                               1.500000    2.329012   -0.829012 (VIOLATED)
_2526_/S1                               1.500000    2.329011   -0.829012 (VIOLATED)
_2527_/S1                               1.500000    2.329011   -0.829011 (VIOLATED)
_2594_/S1                               1.500000    2.329011   -0.829012 (VIOLATED)
_2607_/S1                               1.500000    2.329011   -0.829011 (VIOLATED)
_2608_/S1                               1.500000    2.329010   -0.829010 (VIOLATED)
_2675_/S1                               1.500000    2.329010   -0.829010 (VIOLATED)
_2595_/S1                               1.500000    2.329009   -0.829009 (VIOLATED)
_2676_/S1                               1.500000    2.329009   -0.829009 (VIOLATED)
_2637_/S1                               1.500000    2.329008   -0.829008 (VIOLATED)
_2501_/S1                               1.500000    2.329007   -0.829007 (VIOLATED)
_2662_/S1                               1.500000    2.329007   -0.829007 (VIOLATED)
_2663_/S1                               1.500000    2.329007   -0.829007 (VIOLATED)
_2500_/S1                               1.500000    2.329006   -0.829006 (VIOLATED)
_2582_/S1                               1.500000    2.329004   -0.829004 (VIOLATED)
_2583_/S1                               1.500000    2.329004   -0.829004 (VIOLATED)
_2636_/S1                               1.500000    2.329002   -0.829002 (VIOLATED)
_2651_/S1                               1.500000    2.329000   -0.829000 (VIOLATED)
_2650_/S1                               1.500000    2.328998   -0.828998 (VIOLATED)
_5128_/Q                                1.501684    2.328998   -0.827314 (VIOLATED)
_3517_/S1                               1.500000    2.326041   -0.826041 (VIOLATED)
_3605_/S1                               1.500000    2.326041   -0.826041 (VIOLATED)
_3507_/S1                               1.500000    2.326039   -0.826039 (VIOLATED)
_3526_/S1                               1.500000    2.326040   -0.826040 (VIOLATED)
_3516_/S1                               1.500000    2.326036   -0.826036 (VIOLATED)
_3525_/S1                               1.500000    2.326037   -0.826037 (VIOLATED)
_3508_/S1                               1.500000    2.326033   -0.826033 (VIOLATED)
_3679_/S1                               1.500000    2.326030   -0.826030 (VIOLATED)
_3681_/S1                               1.500000    2.326026   -0.826027 (VIOLATED)
_3497_/S1                               1.500000    2.326022   -0.826022 (VIOLATED)
_3499_/S1                               1.500000    2.326022   -0.826022 (VIOLATED)
_3607_/S1                               1.500000    2.326021   -0.826021 (VIOLATED)
_3635_/S1                               1.500000    2.326021   -0.826021 (VIOLATED)
_3591_/S1                               1.500000    2.326020   -0.826020 (VIOLATED)
_3716_/S1                               1.500000    2.326019   -0.826019 (VIOLATED)
_3717_/S1                               1.500000    2.326016   -0.826016 (VIOLATED)
_3593_/S1                               1.500000    2.326014   -0.826014 (VIOLATED)
_3728_/S1                               1.500000    2.326014   -0.826014 (VIOLATED)
_3633_/S1                               1.500000    2.326013   -0.826013 (VIOLATED)
_3646_/S1                               1.500000    2.326012   -0.826012 (VIOLATED)
_3704_/S1                               1.500000    2.326013   -0.826013 (VIOLATED)
_3727_/S1                               1.500000    2.326012   -0.826012 (VIOLATED)
_3644_/S1                               1.500000    2.326011   -0.826011 (VIOLATED)
_3706_/S1                               1.500000    2.326010   -0.826011 (VIOLATED)
_3669_/S1                               1.500000    2.326010   -0.826010 (VIOLATED)
_3502_/S1                               1.500000    2.326008   -0.826008 (VIOLATED)
_3667_/S1                               1.500000    2.326009   -0.826009 (VIOLATED)
_3657_/S1                               1.500000    2.326005   -0.826005 (VIOLATED)
_3692_/S1                               1.500000    2.326005   -0.826006 (VIOLATED)
_3655_/S1                               1.500000    2.326004   -0.826004 (VIOLATED)
_3649_/S1                               1.500000    2.326003   -0.826003 (VIOLATED)
_3694_/S1                               1.500000    2.326003   -0.826003 (VIOLATED)
_3648_/S1                               1.500000    2.325999   -0.825999 (VIOLATED)
_3621_/S1                               1.500000    2.325998   -0.825998 (VIOLATED)
_3622_/S1                               1.500000    2.325996   -0.825996 (VIOLATED)
_3501_/S1                               1.500000    2.325994   -0.825995 (VIOLATED)
_3609_/S1                               1.500000    2.325994   -0.825994 (VIOLATED)
_3610_/S1                               1.500000    2.325994   -0.825994 (VIOLATED)
_3595_/S1                               1.500000    2.325992   -0.825992 (VIOLATED)
_3637_/S1                               1.500000    2.325993   -0.825993 (VIOLATED)
_3638_/S1                               1.500000    2.325993   -0.825993 (VIOLATED)
_3731_/S1                               1.500000    2.325993   -0.825993 (VIOLATED)
_3732_/S1                               1.500000    2.325992   -0.825992 (VIOLATED)
_3596_/S1                               1.500000    2.325991   -0.825991 (VIOLATED)
_3521_/S1                               1.500000    2.325989   -0.825990 (VIOLATED)
_3529_/S1                               1.500000    2.325990   -0.825990 (VIOLATED)
_3530_/S1                               1.500000    2.325990   -0.825990 (VIOLATED)
_3683_/S1                               1.500000    2.325989   -0.825989 (VIOLATED)
_3721_/S1                               1.500000    2.325990   -0.825990 (VIOLATED)
_3684_/S1                               1.500000    2.325988   -0.825988 (VIOLATED)
_3720_/S1                               1.500000    2.325988   -0.825988 (VIOLATED)
_3520_/S1                               1.500000    2.325985   -0.825985 (VIOLATED)
_3511_/S1                               1.500000    2.325983   -0.825983 (VIOLATED)
_3659_/S1                               1.500000    2.325984   -0.825984 (VIOLATED)
_3671_/S1                               1.500000    2.325981   -0.825982 (VIOLATED)
_3672_/S1                               1.500000    2.325982   -0.825982 (VIOLATED)
_3697_/S1                               1.500000    2.325980   -0.825980 (VIOLATED)
_3512_/S1                               1.500000    2.325978   -0.825978 (VIOLATED)
_3660_/S1                               1.500000    2.325978   -0.825978 (VIOLATED)
_3696_/S1                               1.500000    2.325975   -0.825975 (VIOLATED)
_3626_/S1                               1.500000    2.325971   -0.825971 (VIOLATED)
_3625_/S1                               1.500000    2.325969   -0.825970 (VIOLATED)
_3708_/S1                               1.500000    2.325968   -0.825968 (VIOLATED)
_3709_/S1                               1.500000    2.325964   -0.825964 (VIOLATED)
_5132_/Q                                1.501684    2.325962   -0.824278 (VIOLATED)
_3230_/Y                                1.496266    2.311912   -0.815646 (VIOLATED)
_3252_/B1                               1.500000    2.311946   -0.811946 (VIOLATED)
_3254_/B1                               1.500000    2.311946   -0.811946 (VIOLATED)
_3244_/B1                               1.500000    2.311944   -0.811945 (VIOLATED)
_3246_/B1                               1.500000    2.311945   -0.811945 (VIOLATED)
_4862_/B1                               1.500000    2.311945   -0.811945 (VIOLATED)
_4869_/B1                               1.500000    2.311946   -0.811946 (VIOLATED)
_4870_/B1                               1.500000    2.311946   -0.811946 (VIOLATED)
_3250_/B1                               1.500000    2.311944   -0.811944 (VIOLATED)
_4861_/B1                               1.500000    2.311944   -0.811944 (VIOLATED)
_4868_/B1                               1.500000    2.311944   -0.811944 (VIOLATED)
_3248_/B1                               1.500000    2.311943   -0.811943 (VIOLATED)
_4867_/B1                               1.500000    2.311942   -0.811942 (VIOLATED)
_3325_/B1                               1.500000    2.311940   -0.811940 (VIOLATED)
_3319_/B1                               1.500000    2.311939   -0.811939 (VIOLATED)
_3234_/B1                               1.500000    2.311937   -0.811937 (VIOLATED)
_3323_/B1                               1.500000    2.311938   -0.811938 (VIOLATED)
_3232_/B1                               1.500000    2.311936   -0.811936 (VIOLATED)
_3320_/B1                               1.500000    2.311936   -0.811936 (VIOLATED)
_3321_/B1                               1.500000    2.311936   -0.811936 (VIOLATED)
_4864_/B1                               1.500000    2.311937   -0.811937 (VIOLATED)
_4863_/B1                               1.500000    2.311936   -0.811936 (VIOLATED)
_3238_/B1                               1.500000    2.311934   -0.811934 (VIOLATED)
_3236_/B1                               1.500000    2.311933   -0.811933 (VIOLATED)
_4865_/B1                               1.500000    2.311933   -0.811933 (VIOLATED)
_4866_/B1                               1.500000    2.311933   -0.811933 (VIOLATED)
_3327_/B1                               1.500000    2.311930   -0.811930 (VIOLATED)
_3329_/B1                               1.500000    2.311928   -0.811928 (VIOLATED)
_3242_/B1                               1.500000    2.311927   -0.811927 (VIOLATED)
_4860_/B1                               1.500000    2.311926   -0.811926 (VIOLATED)
_3240_/B1                               1.500000    2.311923   -0.811923 (VIOLATED)
_4859_/B1                               1.500000    2.311921   -0.811921 (VIOLATED)
_3339_/B1                               1.500000    2.311915   -0.811915 (VIOLATED)
_3331_/B1                               1.500000    2.311912   -0.811912 (VIOLATED)
_3333_/B1                               1.500000    2.311912   -0.811912 (VIOLATED)
_3335_/B1                               1.500000    2.311912   -0.811912 (VIOLATED)
_3337_/B1                               1.500000    2.311912   -0.811912 (VIOLATED)
_3341_/B1                               1.500000    2.311912   -0.811912 (VIOLATED)
_3343_/B1                               1.500000    2.311912   -0.811912 (VIOLATED)
_3345_/B1                               1.500000    2.311912   -0.811912 (VIOLATED)
_3347_/B1                               1.500000    2.311912   -0.811912 (VIOLATED)
_3349_/B1                               1.500000    2.311912   -0.811912 (VIOLATED)
_3351_/B1                               1.500000    2.311912   -0.811912 (VIOLATED)
_3353_/B1                               1.500000    2.311912   -0.811912 (VIOLATED)
_3355_/B1                               1.500000    2.311912   -0.811912 (VIOLATED)
_3533_/X                                1.494952    2.280140   -0.785188 (VIOLATED)
_3534_/S                                1.500000    2.280140   -0.780140 (VIOLATED)
_3536_/S                                1.500000    2.280140   -0.780140 (VIOLATED)
_3538_/B                                1.500000    2.280140   -0.780140 (VIOLATED)
_3539_/A2                               1.500000    2.280140   -0.780140 (VIOLATED)
_3540_/S                                1.500000    2.280140   -0.780140 (VIOLATED)
_3543_/S                                1.500000    2.280140   -0.780140 (VIOLATED)
_3544_/B                                1.500000    2.280140   -0.780140 (VIOLATED)
_3545_/B                                1.500000    2.280140   -0.780140 (VIOLATED)
_3546_/A2                               1.500000    2.280140   -0.780140 (VIOLATED)
_3549_/B                                1.500000    2.280140   -0.780140 (VIOLATED)
_3550_/A2                               1.500000    2.280140   -0.780140 (VIOLATED)
_3551_/B                                1.500000    2.280140   -0.780140 (VIOLATED)
_3552_/A2                               1.500000    2.280140   -0.780140 (VIOLATED)
_3850_/S                                1.500000    2.280140   -0.780140 (VIOLATED)
_3852_/B                                1.500000    2.280140   -0.780140 (VIOLATED)
_3853_/A2                               1.500000    2.280140   -0.780140 (VIOLATED)
_3855_/B                                1.500000    2.280140   -0.780140 (VIOLATED)
_3856_/A2                               1.500000    2.280140   -0.780140 (VIOLATED)
_3857_/B                                1.500000    2.280140   -0.780140 (VIOLATED)
_3860_/S                                1.500000    2.280140   -0.780140 (VIOLATED)
_3861_/B                                1.500000    2.280140   -0.780140 (VIOLATED)
_3862_/A2                               1.500000    2.280140   -0.780140 (VIOLATED)
_3865_/S                                1.500000    2.280140   -0.780140 (VIOLATED)
_3866_/B                                1.500000    2.280140   -0.780140 (VIOLATED)
_3867_/B                                1.500000    2.280140   -0.780140 (VIOLATED)
_4418_/A2                               1.500000    2.280140   -0.780140 (VIOLATED)
_4470_/A2                               1.500000    2.280140   -0.780140 (VIOLATED)
_4498_/A2                               1.500000    2.280140   -0.780140 (VIOLATED)
_4533_/S                                1.500000    2.280140   -0.780140 (VIOLATED)
_4542_/S                                1.500000    2.280140   -0.780140 (VIOLATED)
_4556_/A2                               1.500000    2.280140   -0.780140 (VIOLATED)
_4574_/S                                1.500000    2.280140   -0.780140 (VIOLATED)
_4587_/A2                               1.500000    2.280140   -0.780140 (VIOLATED)
_4606_/A2                               1.500000    2.280140   -0.780140 (VIOLATED)
_4613_/S                                1.500000    2.280140   -0.780140 (VIOLATED)
_4626_/S                                1.500000    2.280140   -0.780140 (VIOLATED)
_4638_/S                                1.500000    2.280140   -0.780140 (VIOLATED)
_4652_/A2                               1.500000    2.280140   -0.780140 (VIOLATED)
_4672_/A2                               1.500000    2.280140   -0.780140 (VIOLATED)
_4680_/A2                               1.500000    2.280140   -0.780140 (VIOLATED)
_3769_/C1                               1.500000    2.268920   -0.768920 (VIOLATED)
_4278_/A                                1.500000    2.268920   -0.768920 (VIOLATED)
_4013_/B1                               1.500000    2.268919   -0.768919 (VIOLATED)
_4039_/B1                               1.500000    2.268919   -0.768919 (VIOLATED)
_4040_/A2                               1.500000    2.268918   -0.768918 (VIOLATED)
_4091_/C1                               1.500000    2.268915   -0.768915 (VIOLATED)
_3913_/A2_N                             1.500000    2.268914   -0.768914 (VIOLATED)
_4385_/B                                1.500000    2.268914   -0.768914 (VIOLATED)
_4521_/B                                1.500000    2.268914   -0.768915 (VIOLATED)
_3950_/B1                               1.500000    2.268913   -0.768913 (VIOLATED)
_3951_/A2_N                             1.500000    2.268914   -0.768914 (VIOLATED)
_4067_/B                                1.500000    2.268913   -0.768912 (VIOLATED)
_4277_/B                                1.500000    2.268913   -0.768913 (VIOLATED)
_4457_/B                                1.500000    2.268913   -0.768913 (VIOLATED)
_4541_/B1                               1.500000    2.268912   -0.768912 (VIOLATED)
_4585_/B                                1.500000    2.268912   -0.768912 (VIOLATED)
_4274_/A                                1.500000    2.268911   -0.768911 (VIOLATED)
_4691_/A2_N                             1.500000    2.268911   -0.768911 (VIOLATED)
_4540_/B                                1.500000    2.268910   -0.768910 (VIOLATED)
_4735_/B1                               1.500000    2.268910   -0.768910 (VIOLATED)
_4743_/B1                               1.500000    2.268910   -0.768910 (VIOLATED)
_3358_/B1                               1.500000    2.268907   -0.768907 (VIOLATED)
_3360_/B1                               1.500000    2.268907   -0.768907 (VIOLATED)
_3361_/A                                1.500000    2.268907   -0.768907 (VIOLATED)
_3370_/B1                               1.500000    2.268907   -0.768907 (VIOLATED)
_3372_/B1                               1.500000    2.268907   -0.768907 (VIOLATED)
_3375_/B1                               1.500000    2.268907   -0.768907 (VIOLATED)
_3378_/A                                1.500000    2.268907   -0.768907 (VIOLATED)
_3380_/A2_N                             1.500000    2.268907   -0.768907 (VIOLATED)
_3388_/B                                1.500000    2.268907   -0.768907 (VIOLATED)
_3396_/B                                1.500000    2.268907   -0.768907 (VIOLATED)
_3409_/A2_N                             1.500000    2.268907   -0.768907 (VIOLATED)
_3417_/A2_N                             1.500000    2.268907   -0.768907 (VIOLATED)
_3427_/B                                1.500000    2.268907   -0.768907 (VIOLATED)
_3441_/A2_N                             1.500000    2.268907   -0.768907 (VIOLATED)
_3449_/A2_N                             1.500000    2.268907   -0.768907 (VIOLATED)
_3451_/B                                1.500000    2.268907   -0.768907 (VIOLATED)
_3465_/A2                               1.500000    2.268907   -0.768907 (VIOLATED)
_3481_/A2_N                             1.500000    2.268907   -0.768907 (VIOLATED)
_3488_/A2_N                             1.500000    2.268907   -0.768907 (VIOLATED)
_3493_/A2_N                             1.500000    2.268907   -0.768907 (VIOLATED)
_4136_/C1                               1.500000    2.268907   -0.768907 (VIOLATED)
_4140_/A2                               1.500000    2.268907   -0.768907 (VIOLATED)
_4165_/A1                               1.500000    2.268907   -0.768907 (VIOLATED)
_4177_/C1                               1.500000    2.268907   -0.768907 (VIOLATED)
_4218_/C1                               1.500000    2.268907   -0.768907 (VIOLATED)
_4493_/B                                1.500000    2.268907   -0.768907 (VIOLATED)
_4569_/B                                1.500000    2.268907   -0.768907 (VIOLATED)
_4598_/A2_N                             1.500000    2.268907   -0.768907 (VIOLATED)
_4611_/B                                1.500000    2.268907   -0.768907 (VIOLATED)
_4623_/B                                1.500000    2.268907   -0.768907 (VIOLATED)
_4625_/B                                1.500000    2.268907   -0.768907 (VIOLATED)
_4650_/A2_N                             1.500000    2.268907   -0.768907 (VIOLATED)
_4664_/A2_N                             1.500000    2.268907   -0.768907 (VIOLATED)
_4678_/B                                1.500000    2.268907   -0.768907 (VIOLATED)
_4751_/B1                               1.500000    2.268907   -0.768907 (VIOLATED)
_4760_/A1                               1.500000    2.268907   -0.768907 (VIOLATED)
_4765_/B1                               1.500000    2.268907   -0.768907 (VIOLATED)
_4782_/A1                               1.500000    2.268907   -0.768907 (VIOLATED)
_4790_/A1                               1.500000    2.268907   -0.768907 (VIOLATED)
_4796_/B1                               1.500000    2.268907   -0.768907 (VIOLATED)
_4805_/A1                               1.500000    2.268907   -0.768907 (VIOLATED)
_4813_/A1                               1.500000    2.268907   -0.768907 (VIOLATED)
_4831_/B1                               1.500000    2.268907   -0.768907 (VIOLATED)
_4841_/A1                               1.500000    2.268907   -0.768907 (VIOLATED)
_4844_/B1                               1.500000    2.268907   -0.768907 (VIOLATED)
_4849_/B1                               1.500000    2.268907   -0.768907 (VIOLATED)
_4852_/A2                               1.500000    2.268907   -0.768907 (VIOLATED)
_4854_/B                                1.500000    2.268907   -0.768907 (VIOLATED)
_2467_/Y                                1.501134    2.268907   -0.767773 (VIOLATED)
_2479_/Y                                1.477593    2.031735   -0.554142 (VIOLATED)
_4680_/A1                               1.500000    2.031741   -0.531741 (VIOLATED)
_4342_/A1                               1.500000    2.031740   -0.531740 (VIOLATED)
_3577_/A1                               1.500000    2.031739   -0.531739 (VIOLATED)
_3873_/A0                               1.500000    2.031739   -0.531739 (VIOLATED)
_3925_/A0                               1.500000    2.031739   -0.531739 (VIOLATED)
_2480_/B                                1.500000    2.031735   -0.531735 (VIOLATED)
_2481_/B                                1.500000    2.031735   -0.531735 (VIOLATED)
_3652_/A                                1.500000    2.031735   -0.531735 (VIOLATED)
_3653_/A                                1.500000    2.031735   -0.531735 (VIOLATED)
_4328_/A1                               1.500000    2.031735   -0.531735 (VIOLATED)
_4361_/A                                1.500000    2.031735   -0.531735 (VIOLATED)
_4362_/A                                1.500000    2.031735   -0.531735 (VIOLATED)
_2431_/Y                                1.498289    1.978807   -0.480518 (VIOLATED)
_3373_/C1                               1.500000    1.978830   -0.478830 (VIOLATED)
_3374_/C1                               1.500000    1.978830   -0.478830 (VIOLATED)
_3366_/A                                1.500000    1.978829   -0.478829 (VIOLATED)
_3376_/C1                               1.500000    1.978829   -0.478829 (VIOLATED)
_3377_/C1                               1.500000    1.978829   -0.478829 (VIOLATED)
_3783_/C1                               1.500000    1.978829   -0.478829 (VIOLATED)
_4014_/C1                               1.500000    1.978829   -0.478829 (VIOLATED)
_3984_/C1                               1.500000    1.978829   -0.478829 (VIOLATED)
_4066_/C1                               1.500000    1.978829   -0.478829 (VIOLATED)
_3243_/B                                1.500000    1.978827   -0.478827 (VIOLATED)
_3245_/B                                1.500000    1.978827   -0.478827 (VIOLATED)
_3247_/B                                1.500000    1.978827   -0.478827 (VIOLATED)
_3249_/B                                1.500000    1.978827   -0.478827 (VIOLATED)
_3251_/B                                1.500000    1.978827   -0.478827 (VIOLATED)
_3253_/B                                1.500000    1.978827   -0.478827 (VIOLATED)
_3233_/B                                1.500000    1.978826   -0.478826 (VIOLATED)
_3231_/B                                1.500000    1.978825   -0.478825 (VIOLATED)
_3314_/C1                               1.500000    1.978825   -0.478825 (VIOLATED)
_3316_/C1                               1.500000    1.978825   -0.478825 (VIOLATED)
_3318_/B                                1.500000    1.978826   -0.478826 (VIOLATED)
_3322_/B                                1.500000    1.978826   -0.478826 (VIOLATED)
_3324_/B                                1.500000    1.978826   -0.478826 (VIOLATED)
_4706_/C1                               1.500000    1.978825   -0.478825 (VIOLATED)
_4730_/C1                               1.500000    1.978826   -0.478826 (VIOLATED)
_4736_/C1                               1.500000    1.978826   -0.478826 (VIOLATED)
_2437_/A                                1.500000    1.978824   -0.478824 (VIOLATED)
_2469_/B                                1.500000    1.978824   -0.478824 (VIOLATED)
_3235_/B                                1.500000    1.978824   -0.478824 (VIOLATED)
_3237_/B                                1.500000    1.978824   -0.478825 (VIOLATED)
_3260_/C1                               1.500000    1.978825   -0.478825 (VIOLATED)
_3264_/A                                1.500000    1.978825   -0.478825 (VIOLATED)
_3269_/C1                               1.500000    1.978824   -0.478824 (VIOLATED)
_4708_/C1                               1.500000    1.978824   -0.478824 (VIOLATED)
_4744_/C1                               1.500000    1.978824   -0.478824 (VIOLATED)
_4752_/C1                               1.500000    1.978824   -0.478824 (VIOLATED)
_4855_/C1                               1.500000    1.978824   -0.478824 (VIOLATED)
_3326_/B                                1.500000    1.978823   -0.478823 (VIOLATED)
_4760_/C1                               1.500000    1.978823   -0.478823 (VIOLATED)
_4857_/B1                               1.500000    1.978824   -0.478824 (VIOLATED)
_3241_/B                                1.500000    1.978823   -0.478823 (VIOLATED)
_3328_/B                                1.500000    1.978823   -0.478823 (VIOLATED)
_4767_/C1                               1.500000    1.978823   -0.478823 (VIOLATED)
_4846_/C1                               1.500000    1.978823   -0.478823 (VIOLATED)
_4775_/C1                               1.500000    1.978822   -0.478822 (VIOLATED)
_2436_/B                                1.500000    1.978821   -0.478821 (VIOLATED)
_4276_/C1                               1.500000    1.978819   -0.478819 (VIOLATED)
_4722_/C1                               1.500000    1.978819   -0.478819 (VIOLATED)
_4724_/C1                               1.500000    1.978819   -0.478819 (VIOLATED)
_4726_/C1                               1.500000    1.978819   -0.478819 (VIOLATED)
_2468_/A                                1.500000    1.978819   -0.478819 (VIOLATED)
_4850_/C1                               1.500000    1.978819   -0.478819 (VIOLATED)
_4210_/C1                               1.500000    1.978818   -0.478818 (VIOLATED)
_4232_/C1                               1.500000    1.978819   -0.478819 (VIOLATED)
_4782_/C1                               1.500000    1.978818   -0.478818 (VIOLATED)
_4845_/C1                               1.500000    1.978818   -0.478818 (VIOLATED)
_4187_/C1                               1.500000    1.978817   -0.478817 (VIOLATED)
_4848_/C1                               1.500000    1.978817   -0.478817 (VIOLATED)
_4165_/C1                               1.500000    1.978817   -0.478817 (VIOLATED)
_4716_/C1                               1.500000    1.978817   -0.478817 (VIOLATED)
_4696_/C1                               1.500000    1.978816   -0.478816 (VIOLATED)
_4832_/C1                               1.500000    1.978816   -0.478816 (VIOLATED)
_4841_/C1                               1.500000    1.978816   -0.478816 (VIOLATED)
_4118_/C1                               1.500000    1.978815   -0.478815 (VIOLATED)
_4710_/C1                               1.500000    1.978815   -0.478815 (VIOLATED)
_4718_/C1                               1.500000    1.978815   -0.478815 (VIOLATED)
_4790_/C1                               1.500000    1.978814   -0.478815 (VIOLATED)
_4714_/C1                               1.500000    1.978814   -0.478814 (VIOLATED)
_3272_/C1                               1.500000    1.978812   -0.478812 (VIOLATED)
_3280_/C1                               1.500000    1.978812   -0.478812 (VIOLATED)
_3283_/C1                               1.500000    1.978812   -0.478812 (VIOLATED)
_3303_/C1                               1.500000    1.978812   -0.478812 (VIOLATED)
_3371_/C1                               1.500000    1.978812   -0.478812 (VIOLATED)
_3306_/C1                               1.500000    1.978812   -0.478812 (VIOLATED)
_3312_/A                                1.500000    1.978812   -0.478812 (VIOLATED)
_3340_/B                                1.500000    1.978812   -0.478812 (VIOLATED)
_3342_/B                                1.500000    1.978812   -0.478812 (VIOLATED)
_3344_/B                                1.500000    1.978812   -0.478812 (VIOLATED)
_3346_/B                                1.500000    1.978812   -0.478812 (VIOLATED)
_4698_/C1                               1.500000    1.978812   -0.478812 (VIOLATED)
_4700_/C1                               1.500000    1.978812   -0.478812 (VIOLATED)
_4712_/C1                               1.500000    1.978812   -0.478812 (VIOLATED)
_4720_/C1                               1.500000    1.978812   -0.478812 (VIOLATED)
_4702_/C1                               1.500000    1.978811   -0.478811 (VIOLATED)
_4704_/C1                               1.500000    1.978812   -0.478812 (VIOLATED)
_3299_/C1                               1.500000    1.978810   -0.478810 (VIOLATED)
_3352_/B                                1.500000    1.978811   -0.478811 (VIOLATED)
_3239_/B                                1.500000    1.978807   -0.478807 (VIOLATED)
_3286_/C1                               1.500000    1.978807   -0.478807 (VIOLATED)
_3290_/C1                               1.500000    1.978807   -0.478807 (VIOLATED)
_3295_/C1                               1.500000    1.978807   -0.478807 (VIOLATED)
_3330_/B                                1.500000    1.978807   -0.478807 (VIOLATED)
_3332_/B                                1.500000    1.978807   -0.478807 (VIOLATED)
_3334_/B                                1.500000    1.978807   -0.478807 (VIOLATED)
_3336_/B                                1.500000    1.978807   -0.478807 (VIOLATED)
_3338_/B                                1.500000    1.978807   -0.478807 (VIOLATED)
_3348_/B                                1.500000    1.978807   -0.478807 (VIOLATED)
_3350_/B                                1.500000    1.978807   -0.478807 (VIOLATED)
_3354_/B                                1.500000    1.978807   -0.478807 (VIOLATED)
_4797_/C1                               1.500000    1.978807   -0.478807 (VIOLATED)
_4805_/C1                               1.500000    1.978807   -0.478807 (VIOLATED)
_4813_/C1                               1.500000    1.978807   -0.478807 (VIOLATED)
_2451_/Y                                1.496266    1.603873   -0.107607 (VIOLATED)
_4097_/C1                               1.500000    1.603891   -0.103891 (VIOLATED)
_4600_/A1_N                             1.500000    1.603891   -0.103891 (VIOLATED)
_4159_/C1                               1.500000    1.603891   -0.103891 (VIOLATED)
_4592_/A1                               1.500000    1.603890   -0.103890 (VIOLATED)
_4619_/A1                               1.500000    1.603890   -0.103890 (VIOLATED)
_2701_/B                                1.500000    1.603889   -0.103889 (VIOLATED)
_2707_/B                                1.500000    1.603889   -0.103889 (VIOLATED)
_4168_/A                                1.500000    1.603888   -0.103888 (VIOLATED)
_4208_/B2                               1.500000    1.603886   -0.103886 (VIOLATED)
_4658_/A1_N                             1.500000    1.603884   -0.103884 (VIOLATED)
_4249_/C1                               1.500000    1.603881   -0.103882 (VIOLATED)
_4254_/A1                               1.500000    1.603878   -0.103878 (VIOLATED)
_4259_/C1                               1.500000    1.603878   -0.103878 (VIOLATED)
_4091_/A1                               1.500000    1.603878   -0.103878 (VIOLATED)
_4064_/B1                               1.500000    1.603877   -0.103877 (VIOLATED)
_4075_/C1                               1.500000    1.603877   -0.103877 (VIOLATED)
_4054_/A                                1.500000    1.603876   -0.103876 (VIOLATED)
_3979_/C1                               1.500000    1.603873   -0.103874 (VIOLATED)
_3982_/B2                               1.500000    1.603873   -0.103874 (VIOLATED)
_4000_/C1                               1.500000    1.603873   -0.103874 (VIOLATED)
_4034_/B1                               1.500000    1.603873   -0.103874 (VIOLATED)
_4503_/A                                1.500000    1.603873   -0.103874 (VIOLATED)
_4729_/B1                               1.500000    1.584207   -0.084207 (VIOLATED)
_4730_/A2                               1.500000    1.584207   -0.084207 (VIOLATED)
_4736_/A2                               1.500000    1.584207   -0.084207 (VIOLATED)
_4744_/A2                               1.500000    1.584206   -0.084206 (VIOLATED)
_4752_/A2                               1.500000    1.584206   -0.084206 (VIOLATED)
_4759_/B                                1.500000    1.584206   -0.084206 (VIOLATED)
_4804_/B                                1.500000    1.584206   -0.084206 (VIOLATED)
_4812_/B                                1.500000    1.584206   -0.084206 (VIOLATED)
_4767_/A2                               1.500000    1.584205   -0.084205 (VIOLATED)
_4797_/A2                               1.500000    1.584205   -0.084205 (VIOLATED)
_4825_/A2                               1.500000    1.584205   -0.084205 (VIOLATED)
_4824_/A1                               1.500000    1.584205   -0.084205 (VIOLATED)
_4774_/B1                               1.500000    1.584205   -0.084205 (VIOLATED)
_3783_/A2                               1.500000    1.584205   -0.084205 (VIOLATED)
_4789_/B                                1.500000    1.584205   -0.084205 (VIOLATED)
_3983_/A                                1.500000    1.584205   -0.084205 (VIOLATED)
_4066_/A2                               1.500000    1.584205   -0.084205 (VIOLATED)
_4832_/A2                               1.500000    1.584205   -0.084205 (VIOLATED)
_4840_/B                                1.500000    1.584205   -0.084205 (VIOLATED)
_3984_/A2                               1.500000    1.584205   -0.084205 (VIOLATED)
_4775_/A2                               1.500000    1.584205   -0.084205 (VIOLATED)
_3365_/A2                               1.500000    1.584204   -0.084204 (VIOLATED)
_3377_/A2                               1.500000    1.584204   -0.084204 (VIOLATED)
_4845_/A2                               1.500000    1.584204   -0.084204 (VIOLATED)
_3376_/A2                               1.500000    1.584204   -0.084204 (VIOLATED)
_3373_/A2                               1.500000    1.584204   -0.084204 (VIOLATED)
_3374_/A2                               1.500000    1.584204   -0.084204 (VIOLATED)
_4781_/B                                1.500000    1.584204   -0.084204 (VIOLATED)
_3386_/B1                               1.500000    1.584203   -0.084204 (VIOLATED)
_3371_/A2                               1.500000    1.584203   -0.084203 (VIOLATED)
_2468_/C                                1.500000    1.584201   -0.084201 (VIOLATED)
_2708_/A2                               1.500000    1.584201   -0.084201 (VIOLATED)
_3229_/A                                1.500000    1.584201   -0.084201 (VIOLATED)
_3425_/B1                               1.500000    1.584201   -0.084201 (VIOLATED)
_3473_/B1                               1.500000    1.584201   -0.084201 (VIOLATED)
_3912_/B1                               1.500000    1.584201   -0.084201 (VIOLATED)
_4014_/A2                               1.500000    1.584201   -0.084201 (VIOLATED)
_4065_/B1                               1.500000    1.584201   -0.084201 (VIOLATED)
_4117_/B1                               1.500000    1.584201   -0.084201 (VIOLATED)
_4118_/A2                               1.500000    1.584201   -0.084201 (VIOLATED)
_4164_/B                                1.500000    1.584201   -0.084201 (VIOLATED)
_4187_/A2                               1.500000    1.584201   -0.084201 (VIOLATED)
_4209_/A                                1.500000    1.584201   -0.084201 (VIOLATED)
_4210_/A2                               1.500000    1.584201   -0.084201 (VIOLATED)
_4232_/A2                               1.500000    1.584201   -0.084201 (VIOLATED)
_4255_/B                                1.500000    1.584201   -0.084201 (VIOLATED)
_4256_/A1                               1.500000    1.584201   -0.084201 (VIOLATED)
_4275_/B                                1.500000    1.584201   -0.084201 (VIOLATED)
_4846_/A2                               1.500000    1.584201   -0.084201 (VIOLATED)
_4847_/B                                1.500000    1.584201   -0.084201 (VIOLATED)
_4848_/A2                               1.500000    1.584201   -0.084201 (VIOLATED)
_4850_/A2                               1.500000    1.584201   -0.084201 (VIOLATED)
_4855_/A2                               1.500000    1.584201   -0.084201 (VIOLATED)
_2466_/X                                1.501931    1.584201   -0.082270 (VIOLATED)

max capacitance

Pin                                        Limit         Cap       Slack
------------------------------------------------------------------------
_5135_/Q                                0.191355    0.450387   -0.259032 (VIOLATED)
_5127_/Q                                0.191355    0.447542   -0.256187 (VIOLATED)
_5131_/Q                                0.191355    0.447226   -0.255871 (VIOLATED)
_5136_/Q                                0.191355    0.300922   -0.109567 (VIOLATED)
_5128_/Q                                0.191355    0.298836   -0.107481 (VIOLATED)
_5132_/Q                                0.191355    0.298458   -0.107103 (VIOLATED)
_2467_/Y                                0.184031    0.287926   -0.103895 (VIOLATED)
_2431_/Y                                0.209666    0.279044   -0.069378 (VIOLATED)
_3229_/Y                                0.086070    0.150318   -0.064248 (VIOLATED)
_3757_/X                                0.108042    0.171769   -0.063727 (VIOLATED)
_3533_/X                                0.108042    0.166871   -0.058829 (VIOLATED)
_3230_/Y                                0.086070    0.136267   -0.050197 (VIOLATED)
_2462_/Y                                0.036631    0.066513   -0.029882 (VIOLATED)
_2479_/Y                                0.047617    0.069462   -0.021845 (VIOLATED)
_2466_/X                                0.189524    0.201420   -0.011896 (VIOLATED)
_2451_/Y                                0.086070    0.093133   -0.007063 (VIOLATED)



===========================================================================
report_parasitic_annotation -report_unannotated
============================================================================
Found 0 unannotated drivers.
Found 0 partially unannotated drivers.

===========================================================================
max slew violation count 845
Writing metric design__max_slew_violation__count__corner:max_ss_100C_1v60: 845
max fanout violation count 0
Writing metric design__max_fanout_violation__count__corner:max_ss_100C_1v60: 0
max cap violation count 16
Writing metric design__max_cap_violation__count__corner:max_ss_100C_1v60: 16
============================================================================

===========================================================================
check_setup -verbose -unconstrained_endpoints -multiple_clock -no_clock -no_input_delay -loops -generated_clocks
===========================================================================
Warning: There are 49 input ports missing set_input_delay.
  INSTR_STREAM[0]
  INSTR_STREAM[10]
  INSTR_STREAM[11]
  INSTR_STREAM[12]
  INSTR_STREAM[13]
  INSTR_STREAM[14]
  INSTR_STREAM[15]
  INSTR_STREAM[16]
  INSTR_STREAM[17]
  INSTR_STREAM[18]
  INSTR_STREAM[19]
  INSTR_STREAM[1]
  INSTR_STREAM[20]
  INSTR_STREAM[21]
  INSTR_STREAM[22]
  INSTR_STREAM[23]
  INSTR_STREAM[24]
  INSTR_STREAM[25]
  INSTR_STREAM[26]
  INSTR_STREAM[27]
  INSTR_STREAM[28]
  INSTR_STREAM[29]
  INSTR_STREAM[2]
  INSTR_STREAM[30]
  INSTR_STREAM[31]
  INSTR_STREAM[3]
  INSTR_STREAM[4]
  INSTR_STREAM[5]
  INSTR_STREAM[6]
  INSTR_STREAM[7]
  INSTR_STREAM[8]
  INSTR_STREAM[9]
  MEM_LD_DATA[0]
  MEM_LD_DATA[10]
  MEM_LD_DATA[11]
  MEM_LD_DATA[12]
  MEM_LD_DATA[13]
  MEM_LD_DATA[14]
  MEM_LD_DATA[15]
  MEM_LD_DATA[1]
  MEM_LD_DATA[2]
  MEM_LD_DATA[3]
  MEM_LD_DATA[4]
  MEM_LD_DATA[5]
  MEM_LD_DATA[6]
  MEM_LD_DATA[7]
  MEM_LD_DATA[8]
  MEM_LD_DATA[9]
  RESET
Warning: There are 58 unconstrained endpoints.
  DEVICES_LDH
  DEVICES_LDW
  DEVICES_STRH
  DEVICES_STRW
  EX_HALT
  INSTR_ADDR[0]
  INSTR_ADDR[10]
  INSTR_ADDR[11]
  INSTR_ADDR[12]
  INSTR_ADDR[13]
  INSTR_ADDR[14]
  INSTR_ADDR[15]
  INSTR_ADDR[1]
  INSTR_ADDR[2]
  INSTR_ADDR[3]
  INSTR_ADDR[4]
  INSTR_ADDR[5]
  INSTR_ADDR[6]
  INSTR_ADDR[7]
  INSTR_ADDR[8]
  INSTR_ADDR[9]
  INVALID_MEM
  MAIN_LDH
  MAIN_LDW
  MAIN_STRH
  MAIN_STRW
  MEM_ADDR[0]
  MEM_ADDR[10]
  MEM_ADDR[11]
  MEM_ADDR[12]
  MEM_ADDR[13]
  MEM_ADDR[14]
  MEM_ADDR[15]
  MEM_ADDR[1]
  MEM_ADDR[2]
  MEM_ADDR[3]
  MEM_ADDR[4]
  MEM_ADDR[5]
  MEM_ADDR[6]
  MEM_ADDR[7]
  MEM_ADDR[8]
  MEM_ADDR[9]
  MEM_STR_DATA[0]
  MEM_STR_DATA[10]
  MEM_STR_DATA[11]
  MEM_STR_DATA[12]
  MEM_STR_DATA[13]
  MEM_STR_DATA[14]
  MEM_STR_DATA[15]
  MEM_STR_DATA[1]
  MEM_STR_DATA[2]
  MEM_STR_DATA[3]
  MEM_STR_DATA[4]
  MEM_STR_DATA[5]
  MEM_STR_DATA[6]
  MEM_STR_DATA[7]
  MEM_STR_DATA[8]
  MEM_STR_DATA[9]
