
===========================================================================
report_checks -unconstrained
===========================================================================
======================= nom_tt_025C_1v80 Corner ===================================

Startpoint: RESET (input port clocked by CLK)
Endpoint: _4924_ (rising edge-triggered flip-flop clocked by CLK)
Path Group: CLK
Path Type: max

Fanout         Cap        Slew       Delay        Time   Description
---------------------------------------------------------------------------------------------
                                  0.000000    0.000000   clock CLK (rise edge)
                                  0.000000    0.000000   clock network delay (propagated)
                                  5.000000    5.000000 ^ input external delay
     1    0.004071    0.000000    0.000000    5.000000 ^ RESET (in)
                                                         RESET (net)
                      0.000130    0.000065    5.000065 ^ input49/A (sky130_fd_sc_hd__buf_4)
    16    0.111190    0.304897    0.280648    5.280714 ^ input49/X (sky130_fd_sc_hd__buf_4)
                                                         net49 (net)
                      0.304925    0.002474    5.283188 ^ _2433_/A (sky130_fd_sc_hd__clkinv_2)
    40    0.137942    0.528895    0.499613    5.782801 v _2433_/Y (sky130_fd_sc_hd__clkinv_2)
                                                         _2323_ (net)
                      0.529542    0.015525    5.798326 v _2467_/B (sky130_fd_sc_hd__and2_2)
     5    0.027673    0.093838    0.469396    6.267721 v _2467_/X (sky130_fd_sc_hd__and2_2)
                                                         _0015_ (net)
                      0.093851    0.001138    6.268859 v _2893_/B (sky130_fd_sc_hd__nand2_2)
     5    0.012617    0.082641    0.113538    6.382398 ^ _2893_/Y (sky130_fd_sc_hd__nand2_2)
                                                         _0725_ (net)
                      0.082641    0.000390    6.382788 ^ _2985_/B (sky130_fd_sc_hd__or3b_2)
     4    0.022575    0.135259    0.192376    6.575164 ^ _2985_/X (sky130_fd_sc_hd__or3b_2)
                                                         _0769_ (net)
                      0.135259    0.000449    6.575613 ^ _2986_/B (sky130_fd_sc_hd__nor2_2)
     2    0.011725    0.049058    0.069837    6.645450 v _2986_/Y (sky130_fd_sc_hd__nor2_2)
                                                         _0770_ (net)
                      0.049062    0.000500    6.645949 v max_cap130/A (sky130_fd_sc_hd__clkbuf_8)
    16    0.067957    0.085275    0.187782    6.833731 v max_cap130/X (sky130_fd_sc_hd__clkbuf_8)
                                                         net130 (net)
                      0.085305    0.001581    6.835311 v _2987_/B (sky130_fd_sc_hd__nor2_2)
    16    0.073522    0.777927    0.607037    7.442348 ^ _2987_/Y (sky130_fd_sc_hd__nor2_2)
                                                         _0771_ (net)
                      0.778043    0.008000    7.450348 ^ _2997_/B1 (sky130_fd_sc_hd__a22o_2)
     1    0.003039    0.052413    0.250562    7.700911 ^ _2997_/X (sky130_fd_sc_hd__a22o_2)
                                                         _0076_ (net)
                      0.052413    0.000101    7.701012 ^ _4924_/D (sky130_fd_sc_hd__dfxtp_2)
                                              7.701012   data arrival time

                                 26.000000   26.000000   clock CLK (rise edge)
                                  0.000000   26.000000   clock source latency
     1    0.029621    0.000000    0.000000   26.000000 ^ CLK (in)
                                                         CLK (net)
                      0.003018    0.001510   26.001509 ^ clkbuf_0_CLK/A (sky130_fd_sc_hd__clkbuf_16)
     4    0.053930    0.072537    0.136531   26.138041 ^ clkbuf_0_CLK/X (sky130_fd_sc_hd__clkbuf_16)
                                                         clknet_0_CLK (net)
                      0.072719    0.002442   26.140482 ^ clkbuf_2_2__f_CLK/A (sky130_fd_sc_hd__clkbuf_16)
     8    0.072985    0.090102    0.176218   26.316700 ^ clkbuf_2_2__f_CLK/X (sky130_fd_sc_hd__clkbuf_16)
                                                         clknet_2_2__leaf_CLK (net)
                      0.090125    0.001407   26.318108 ^ clkbuf_leaf_29_CLK/A (sky130_fd_sc_hd__clkbuf_8)
    10    0.028490    0.063950    0.159250   26.477358 ^ clkbuf_leaf_29_CLK/X (sky130_fd_sc_hd__clkbuf_8)
                                                         clknet_leaf_29_CLK (net)
                      0.063955    0.000611   26.477968 ^ _4924_/CLK (sky130_fd_sc_hd__dfxtp_2)
                                  0.000000   26.477968   clock reconvergence pessimism
                                 -0.057799   26.420170   library setup time
                                             26.420170   data required time
---------------------------------------------------------------------------------------------
                                             26.420170   data required time
                                             -7.701012   data arrival time
---------------------------------------------------------------------------------------------
                                             18.719158   slack (MET)




===========================================================================
report_checks --slack_max -0.01
============================================================================
======================= nom_tt_025C_1v80 Corner ===================================

No paths found.


===========================================================================
 report_check_types -max_slew -max_cap -max_fanout -violators
============================================================================
======================= nom_tt_025C_1v80 Corner ===================================



===========================================================================
report_parasitic_annotation -report_unannotated
============================================================================
Found 37 unannotated drivers.
 clkload0/Y
 clkload1/Y
 clkload10/X
 clkload11/X
 clkload12/X
 clkload13/X
 clkload14/X
 clkload15/X
 clkload16/X
 clkload17/Y
 clkload18/X
 clkload19/X
 clkload2/Y
 clkload20/X
 clkload21/Y
 clkload22/Y
 clkload23/X
 clkload24/Y
 clkload25/Y
 clkload26/Y
 clkload27/X
 clkload28/X
 clkload29/Y
 clkload3/X
 clkload30/Y
 clkload31/X
 clkload32/X
 clkload33/X
 clkload34/Y
 clkload35/X
 clkload36/X
 clkload4/X
 clkload5/X
 clkload6/X
 clkload7/X
 clkload8/X
 clkload9/X
Found 0 partially unannotated drivers.

===========================================================================
max slew violation count 0
Writing metric design__max_slew_violation__count__corner:nom_tt_025C_1v80: 0
max fanout violation count 0
Writing metric design__max_fanout_violation__count__corner:nom_tt_025C_1v80: 0
max cap violation count 0
Writing metric design__max_cap_violation__count__corner:nom_tt_025C_1v80: 0
============================================================================

===========================================================================
check_setup -verbose -unconstrained_endpoints -multiple_clock -no_clock -no_input_delay -loops -generated_clocks
===========================================================================
Warning: There are 58 unconstrained endpoints.
  DEVICES_LDH
  DEVICES_LDW
  DEVICES_STRH
  DEVICES_STRW
  EX_HALT
  INSTR_ADDR[0]
  INSTR_ADDR[10]
  INSTR_ADDR[11]
  INSTR_ADDR[12]
  INSTR_ADDR[13]
  INSTR_ADDR[14]
  INSTR_ADDR[15]
  INSTR_ADDR[1]
  INSTR_ADDR[2]
  INSTR_ADDR[3]
  INSTR_ADDR[4]
  INSTR_ADDR[5]
  INSTR_ADDR[6]
  INSTR_ADDR[7]
  INSTR_ADDR[8]
  INSTR_ADDR[9]
  INVALID_MEM
  MAIN_LDH
  MAIN_LDW
  MAIN_STRH
  MAIN_STRW
  MEM_ADDR[0]
  MEM_ADDR[10]
  MEM_ADDR[11]
  MEM_ADDR[12]
  MEM_ADDR[13]
  MEM_ADDR[14]
  MEM_ADDR[15]
  MEM_ADDR[1]
  MEM_ADDR[2]
  MEM_ADDR[3]
  MEM_ADDR[4]
  MEM_ADDR[5]
  MEM_ADDR[6]
  MEM_ADDR[7]
  MEM_ADDR[8]
  MEM_ADDR[9]
  MEM_STR_DATA[0]
  MEM_STR_DATA[10]
  MEM_STR_DATA[11]
  MEM_STR_DATA[12]
  MEM_STR_DATA[13]
  MEM_STR_DATA[14]
  MEM_STR_DATA[15]
  MEM_STR_DATA[1]
  MEM_STR_DATA[2]
  MEM_STR_DATA[3]
  MEM_STR_DATA[4]
  MEM_STR_DATA[5]
  MEM_STR_DATA[6]
  MEM_STR_DATA[7]
  MEM_STR_DATA[8]
  MEM_STR_DATA[9]
