
===========================================================================
report_checks -unconstrained
===========================================================================
======================= min_tt_025C_1v80 Corner ===================================

Startpoint: _5123_ (rising edge-triggered flip-flop clocked by CLK)
Endpoint: _5221_ (rising edge-triggered flip-flop clocked by CLK)
Path Group: CLK
Path Type: max

Fanout         Cap        Slew       Delay        Time   Description
---------------------------------------------------------------------------------------------
                                  0.000000    0.000000   clock CLK (rise edge)
                                  0.000000    0.000000   clock source latency
     1    0.045905    0.000000    0.000000    0.000000 ^ CLK (in)
                                                         CLK (net)
                      0.003759    0.001879    0.001879 ^ clkbuf_0_CLK/A (sky130_fd_sc_hd__clkbuf_16)
     4    0.070798    0.088001    0.149569    0.151448 ^ clkbuf_0_CLK/X (sky130_fd_sc_hd__clkbuf_16)
                                                         clknet_0_CLK (net)
                      0.088133    0.002236    0.153684 ^ clkbuf_2_0__f_CLK/A (sky130_fd_sc_hd__clkbuf_16)
    14    0.121084    0.134488    0.216806    0.370489 ^ clkbuf_2_0__f_CLK/X (sky130_fd_sc_hd__clkbuf_16)
                                                         clknet_2_0__leaf_CLK (net)
                      0.134492    0.001007    0.371497 ^ clkbuf_leaf_3_CLK/A (sky130_fd_sc_hd__clkbuf_8)
    11    0.028074    0.063656    0.174694    0.546191 ^ clkbuf_leaf_3_CLK/X (sky130_fd_sc_hd__clkbuf_8)
                                                         clknet_leaf_3_CLK (net)
                      0.063656    0.000220    0.546411 ^ _5123_/CLK (sky130_fd_sc_hd__dfxtp_4)
    31    0.246717    0.683814    0.799936    1.346346 ^ _5123_/Q (sky130_fd_sc_hd__dfxtp_4)
                                                         _0008_ (net)
                      0.684001    0.009516    1.355863 ^ max_cap147/A (sky130_fd_sc_hd__buf_12)
    34    0.272371    0.309398    0.372917    1.728780 ^ max_cap147/X (sky130_fd_sc_hd__buf_12)
                                                         net147 (net)
                      0.310032    0.011801    1.740581 ^ _2591_/S0 (sky130_fd_sc_hd__mux4_2)
     1    0.003341    0.081449    0.542751    2.283332 v _2591_/X (sky130_fd_sc_hd__mux4_2)
                                                         _0466_ (net)
                      0.081449    0.000043    2.283376 v _2592_/A1 (sky130_fd_sc_hd__mux2_1)
     1    0.007152    0.076852    0.330706    2.614081 v _2592_/X (sky130_fd_sc_hd__mux2_1)
                                                         _0467_ (net)
                      0.076852    0.000208    2.614289 v _2593_/B1 (sky130_fd_sc_hd__a22o_2)
    23    0.148450    0.346975    0.492305    3.106595 v _2593_/X (sky130_fd_sc_hd__a22o_2)
                                                         _0468_ (net)
                      0.347091    0.005372    3.111967 v _3730_/A (sky130_fd_sc_hd__xnor2_2)
     7    0.035087    0.463878    0.515894    3.627861 ^ _3730_/Y (sky130_fd_sc_hd__xnor2_2)
                                                         _1235_ (net)
                      0.463879    0.000675    3.628536 ^ _3888_/A (sky130_fd_sc_hd__and2_2)
     3    0.012340    0.084167    0.272530    3.901066 ^ _3888_/X (sky130_fd_sc_hd__and2_2)
                                                         _1392_ (net)
                      0.084167    0.000080    3.901147 ^ _3890_/A1 (sky130_fd_sc_hd__o21bai_2)
     4    0.018302    0.101638    0.121045    4.022192 v _3890_/Y (sky130_fd_sc_hd__o21bai_2)
                                                         _1394_ (net)
                      0.101638    0.000159    4.022351 v _3894_/A2 (sky130_fd_sc_hd__a311oi_2)
     4    0.018730    0.423140    0.438647    4.460999 ^ _3894_/Y (sky130_fd_sc_hd__a311oi_2)
                                                         _1398_ (net)
                      0.423140    0.000492    4.461491 ^ _3896_/B (sky130_fd_sc_hd__nand2_2)
     3    0.014138    0.108355    0.146899    4.608389 v _3896_/Y (sky130_fd_sc_hd__nand2_2)
                                                         _1400_ (net)
                      0.108355    0.000313    4.608703 v _3901_/A2 (sky130_fd_sc_hd__o211a_2)
     4    0.027718    0.097452    0.330132    4.938834 v _3901_/X (sky130_fd_sc_hd__o211a_2)
                                                         _1405_ (net)
                      0.097453    0.000392    4.939227 v _3908_/A2 (sky130_fd_sc_hd__o21bai_2)
     2    0.016142    0.216557    0.218357    5.157584 ^ _3908_/Y (sky130_fd_sc_hd__o21bai_2)
                                                         _1412_ (net)
                      0.216557    0.000647    5.158231 ^ _4334_/A2 (sky130_fd_sc_hd__a21oi_2)
     3    0.011078    0.071366    0.110986    5.269217 v _4334_/Y (sky130_fd_sc_hd__a21oi_2)
                                                         _1825_ (net)
                      0.071366    0.000057    5.269274 v _4359_/A2 (sky130_fd_sc_hd__o21ba_2)
     2    0.008521    0.048378    0.219703    5.488977 v _4359_/X (sky130_fd_sc_hd__o21ba_2)
                                                         _1849_ (net)
                      0.048378    0.000127    5.489103 v _4360_/C (sky130_fd_sc_hd__and3_2)
     1    0.001583    0.033794    0.196451    5.685555 v _4360_/X (sky130_fd_sc_hd__and3_2)
                                                         _1850_ (net)
                      0.033794    0.000006    5.685561 v _4373_/A_N (sky130_fd_sc_hd__nand3b_2)
     1    0.001697    0.051000    0.177950    5.863511 v _4373_/Y (sky130_fd_sc_hd__nand3b_2)
                                                         _1863_ (net)
                      0.051000    0.000015    5.863525 v _4375_/C (sky130_fd_sc_hd__or4b_2)
     1    0.007655    0.118847    0.638138    6.501663 v _4375_/X (sky130_fd_sc_hd__or4b_2)
                                                         _1865_ (net)
                      0.118847    0.000187    6.501850 v _4378_/A2 (sky130_fd_sc_hd__o311a_2)
     1    0.002286    0.052601    0.386755    6.888606 v _4378_/X (sky130_fd_sc_hd__o311a_2)
                                                         _0373_ (net)
                      0.052601    0.000023    6.888628 v _5221_/D (sky130_fd_sc_hd__dfxtp_2)
                                              6.888628   data arrival time

                                 26.000000   26.000000   clock CLK (rise edge)
                                  0.000000   26.000000   clock source latency
     1    0.045905    0.000000    0.000000   26.000000 ^ CLK (in)
                                                         CLK (net)
                      0.003759    0.001879   26.001879 ^ clkbuf_0_CLK/A (sky130_fd_sc_hd__clkbuf_16)
     4    0.070798    0.088001    0.149569   26.151447 ^ clkbuf_0_CLK/X (sky130_fd_sc_hd__clkbuf_16)
                                                         clknet_0_CLK (net)
                      0.088132    0.002220   26.153669 ^ clkbuf_2_1__f_CLK/A (sky130_fd_sc_hd__clkbuf_16)
    12    0.102700    0.118249    0.203077   26.356745 ^ clkbuf_2_1__f_CLK/X (sky130_fd_sc_hd__clkbuf_16)
                                                         clknet_2_1__leaf_CLK (net)
                      0.118535    0.004707   26.361452 ^ clkbuf_leaf_19_CLK/A (sky130_fd_sc_hd__clkbuf_8)
     5    0.035067    0.074280    0.177872   26.539324 ^ clkbuf_leaf_19_CLK/X (sky130_fd_sc_hd__clkbuf_8)
                                                         clknet_leaf_19_CLK (net)
                      0.074284    0.000643   26.539967 ^ _5221_/CLK (sky130_fd_sc_hd__dfxtp_2)
                                  0.000000   26.539967   clock reconvergence pessimism
                                 -0.109356   26.430611   library setup time
                                             26.430611   data required time
---------------------------------------------------------------------------------------------
                                             26.430611   data required time
                                             -6.888628   data arrival time
---------------------------------------------------------------------------------------------
                                             19.541983   slack (MET)




===========================================================================
report_checks --slack_max -0.01
============================================================================
======================= min_tt_025C_1v80 Corner ===================================

No paths found.


===========================================================================
 report_check_types -max_slew -max_cap -max_fanout -violators
============================================================================
======================= min_tt_025C_1v80 Corner ===================================



===========================================================================
report_parasitic_annotation -report_unannotated
============================================================================
Found 37 unannotated drivers.
 clkload0/Y
 clkload1/Y
 clkload10/X
 clkload11/X
 clkload12/X
 clkload13/X
 clkload14/X
 clkload15/X
 clkload16/X
 clkload17/Y
 clkload18/X
 clkload19/X
 clkload2/Y
 clkload20/X
 clkload21/Y
 clkload22/Y
 clkload23/X
 clkload24/Y
 clkload25/Y
 clkload26/Y
 clkload27/X
 clkload28/X
 clkload29/Y
 clkload3/X
 clkload30/Y
 clkload31/X
 clkload32/X
 clkload33/X
 clkload34/Y
 clkload35/X
 clkload36/X
 clkload4/X
 clkload5/X
 clkload6/X
 clkload7/X
 clkload8/X
 clkload9/X
Found 0 partially unannotated drivers.

===========================================================================
max slew violation count 0
max fanout violation count 0
max cap violation count 0
============================================================================

===========================================================================
check_setup -verbose -unconstrained_endpoints -multiple_clock -no_clock -no_input_delay -loops -generated_clocks
===========================================================================
Warning: There are 49 input ports missing set_input_delay.
  INSTR_STREAM[0]
  INSTR_STREAM[10]
  INSTR_STREAM[11]
  INSTR_STREAM[12]
  INSTR_STREAM[13]
  INSTR_STREAM[14]
  INSTR_STREAM[15]
  INSTR_STREAM[16]
  INSTR_STREAM[17]
  INSTR_STREAM[18]
  INSTR_STREAM[19]
  INSTR_STREAM[1]
  INSTR_STREAM[20]
  INSTR_STREAM[21]
  INSTR_STREAM[22]
  INSTR_STREAM[23]
  INSTR_STREAM[24]
  INSTR_STREAM[25]
  INSTR_STREAM[26]
  INSTR_STREAM[27]
  INSTR_STREAM[28]
  INSTR_STREAM[29]
  INSTR_STREAM[2]
  INSTR_STREAM[30]
  INSTR_STREAM[31]
  INSTR_STREAM[3]
  INSTR_STREAM[4]
  INSTR_STREAM[5]
  INSTR_STREAM[6]
  INSTR_STREAM[7]
  INSTR_STREAM[8]
  INSTR_STREAM[9]
  MEM_LD_DATA[0]
  MEM_LD_DATA[10]
  MEM_LD_DATA[11]
  MEM_LD_DATA[12]
  MEM_LD_DATA[13]
  MEM_LD_DATA[14]
  MEM_LD_DATA[15]
  MEM_LD_DATA[1]
  MEM_LD_DATA[2]
  MEM_LD_DATA[3]
  MEM_LD_DATA[4]
  MEM_LD_DATA[5]
  MEM_LD_DATA[6]
  MEM_LD_DATA[7]
  MEM_LD_DATA[8]
  MEM_LD_DATA[9]
  RESET
Warning: There are 58 unconstrained endpoints.
  DEVICES_LDH
  DEVICES_LDW
  DEVICES_STRH
  DEVICES_STRW
  EX_HALT
  INSTR_ADDR[0]
  INSTR_ADDR[10]
  INSTR_ADDR[11]
  INSTR_ADDR[12]
  INSTR_ADDR[13]
  INSTR_ADDR[14]
  INSTR_ADDR[15]
  INSTR_ADDR[1]
  INSTR_ADDR[2]
  INSTR_ADDR[3]
  INSTR_ADDR[4]
  INSTR_ADDR[5]
  INSTR_ADDR[6]
  INSTR_ADDR[7]
  INSTR_ADDR[8]
  INSTR_ADDR[9]
  INVALID_MEM
  MAIN_LDH
  MAIN_LDW
  MAIN_STRH
  MAIN_STRW
  MEM_ADDR[0]
  MEM_ADDR[10]
  MEM_ADDR[11]
  MEM_ADDR[12]
  MEM_ADDR[13]
  MEM_ADDR[14]
  MEM_ADDR[15]
  MEM_ADDR[1]
  MEM_ADDR[2]
  MEM_ADDR[3]
  MEM_ADDR[4]
  MEM_ADDR[5]
  MEM_ADDR[6]
  MEM_ADDR[7]
  MEM_ADDR[8]
  MEM_ADDR[9]
  MEM_STR_DATA[0]
  MEM_STR_DATA[10]
  MEM_STR_DATA[11]
  MEM_STR_DATA[12]
  MEM_STR_DATA[13]
  MEM_STR_DATA[14]
  MEM_STR_DATA[15]
  MEM_STR_DATA[1]
  MEM_STR_DATA[2]
  MEM_STR_DATA[3]
  MEM_STR_DATA[4]
  MEM_STR_DATA[5]
  MEM_STR_DATA[6]
  MEM_STR_DATA[7]
  MEM_STR_DATA[8]
  MEM_STR_DATA[9]
