
===========================================================================
report_checks -unconstrained
===========================================================================
======================= max_ff_n40C_1v95 Corner ===================================

Startpoint: RESET (input port clocked by CLK)
Endpoint: _4924_ (rising edge-triggered flip-flop clocked by CLK)
Path Group: CLK
Path Type: max

Fanout         Cap        Slew       Delay        Time   Description
---------------------------------------------------------------------------------------------
                                  0.000000    0.000000   clock CLK (rise edge)
                                  0.000000    0.000000   clock network delay (propagated)
                                  5.000000    5.000000 ^ input external delay
     1    0.003504    0.000000    0.000000    5.000000 ^ RESET (in)
                                                         RESET (net)
                      0.000213    0.000107    5.000107 ^ input49/A (sky130_fd_sc_hd__buf_4)
    16    0.136547    0.282681    0.229081    5.229188 ^ input49/X (sky130_fd_sc_hd__buf_4)
                                                         net49 (net)
                      0.282763    0.004105    5.233293 ^ _2433_/A (sky130_fd_sc_hd__clkinv_2)
    40    0.170796    0.455221    0.389119    5.622412 v _2433_/Y (sky130_fd_sc_hd__clkinv_2)
                                                         _2323_ (net)
                      0.458826    0.033424    5.655837 v _2467_/B (sky130_fd_sc_hd__and2_2)
     5    0.044993    0.092729    0.345448    6.001285 v _2467_/X (sky130_fd_sc_hd__and2_2)
                                                         _0015_ (net)
                      0.092888    0.003352    6.004636 v _2893_/B (sky130_fd_sc_hd__nand2_2)
     5    0.017608    0.082690    0.103818    6.108455 ^ _2893_/Y (sky130_fd_sc_hd__nand2_2)
                                                         _0725_ (net)
                      0.082726    0.001343    6.109798 ^ _2985_/B (sky130_fd_sc_hd__or3b_2)
     4    0.025948    0.117893    0.147985    6.257782 ^ _2985_/X (sky130_fd_sc_hd__or3b_2)
                                                         _0769_ (net)
                      0.117930    0.001687    6.259469 ^ _2986_/B (sky130_fd_sc_hd__nor2_2)
     2    0.015976    0.048316    0.046477    6.305946 v _2986_/Y (sky130_fd_sc_hd__nor2_2)
                                                         _0770_ (net)
                      0.048406    0.001667    6.307613 v max_cap130/A (sky130_fd_sc_hd__clkbuf_8)
    16    0.095560    0.078125    0.136009    6.443622 v max_cap130/X (sky130_fd_sc_hd__clkbuf_8)
                                                         net130 (net)
                      0.078976    0.006856    6.450478 v _2987_/B (sky130_fd_sc_hd__nor2_2)
    16    0.102724    0.777094    0.581951    7.032429 ^ _2987_/Y (sky130_fd_sc_hd__nor2_2)
                                                         _0771_ (net)
                      0.777935    0.021296    7.053725 ^ _2997_/B1 (sky130_fd_sc_hd__a22o_2)
     1    0.002182    0.034766    0.077948    7.131673 ^ _2997_/X (sky130_fd_sc_hd__a22o_2)
                                                         _0076_ (net)
                      0.034766    0.000150    7.131823 ^ _4924_/D (sky130_fd_sc_hd__dfxtp_2)
                                              7.131823   data arrival time

                                 26.000000   26.000000   clock CLK (rise edge)
                                  0.000000   26.000000   clock source latency
     1    0.053982    0.000000    0.000000   26.000000 ^ CLK (in)
                                                         CLK (net)
                      0.006894    0.003448   26.003447 ^ clkbuf_0_CLK/A (sky130_fd_sc_hd__clkbuf_16)
     4    0.080825    0.074779    0.109900   26.113346 ^ clkbuf_0_CLK/X (sky130_fd_sc_hd__clkbuf_16)
                                                         clknet_0_CLK (net)
                      0.075347    0.005171   26.118517 ^ clkbuf_2_2__f_CLK/A (sky130_fd_sc_hd__clkbuf_16)
     8    0.089260    0.081761    0.132793   26.251310 ^ clkbuf_2_2__f_CLK/X (sky130_fd_sc_hd__clkbuf_16)
                                                         clknet_2_2__leaf_CLK (net)
                      0.082954    0.007828   26.259140 ^ clkbuf_leaf_29_CLK/A (sky130_fd_sc_hd__clkbuf_8)
    10    0.032444    0.052491    0.112996   26.372135 ^ clkbuf_leaf_29_CLK/X (sky130_fd_sc_hd__clkbuf_8)
                                                         clknet_leaf_29_CLK (net)
                      0.052798    0.003142   26.375278 ^ _4924_/CLK (sky130_fd_sc_hd__dfxtp_2)
                                  0.000000   26.375278   clock reconvergence pessimism
                                 -0.031127   26.344151   library setup time
                                             26.344151   data required time
---------------------------------------------------------------------------------------------
                                             26.344151   data required time
                                             -7.131823   data arrival time
---------------------------------------------------------------------------------------------
                                             19.212328   slack (MET)




===========================================================================
report_checks --slack_max -0.01
============================================================================
======================= max_ff_n40C_1v95 Corner ===================================

No paths found.


===========================================================================
 report_check_types -max_slew -max_cap -max_fanout -violators
============================================================================
======================= max_ff_n40C_1v95 Corner ===================================



===========================================================================
report_parasitic_annotation -report_unannotated
============================================================================
Found 37 unannotated drivers.
 clkload0/Y
 clkload1/Y
 clkload10/X
 clkload11/X
 clkload12/X
 clkload13/X
 clkload14/X
 clkload15/X
 clkload16/X
 clkload17/Y
 clkload18/X
 clkload19/X
 clkload2/Y
 clkload20/X
 clkload21/Y
 clkload22/Y
 clkload23/X
 clkload24/Y
 clkload25/Y
 clkload26/Y
 clkload27/X
 clkload28/X
 clkload29/Y
 clkload3/X
 clkload30/Y
 clkload31/X
 clkload32/X
 clkload33/X
 clkload34/Y
 clkload35/X
 clkload36/X
 clkload4/X
 clkload5/X
 clkload6/X
 clkload7/X
 clkload8/X
 clkload9/X
Found 0 partially unannotated drivers.

===========================================================================
max slew violation count 0
max fanout violation count 0
max cap violation count 0
============================================================================

===========================================================================
check_setup -verbose -unconstrained_endpoints -multiple_clock -no_clock -no_input_delay -loops -generated_clocks
===========================================================================
Warning: There are 58 unconstrained endpoints.
  DEVICES_LDH
  DEVICES_LDW
  DEVICES_STRH
  DEVICES_STRW
  EX_HALT
  INSTR_ADDR[0]
  INSTR_ADDR[10]
  INSTR_ADDR[11]
  INSTR_ADDR[12]
  INSTR_ADDR[13]
  INSTR_ADDR[14]
  INSTR_ADDR[15]
  INSTR_ADDR[1]
  INSTR_ADDR[2]
  INSTR_ADDR[3]
  INSTR_ADDR[4]
  INSTR_ADDR[5]
  INSTR_ADDR[6]
  INSTR_ADDR[7]
  INSTR_ADDR[8]
  INSTR_ADDR[9]
  INVALID_MEM
  MAIN_LDH
  MAIN_LDW
  MAIN_STRH
  MAIN_STRW
  MEM_ADDR[0]
  MEM_ADDR[10]
  MEM_ADDR[11]
  MEM_ADDR[12]
  MEM_ADDR[13]
  MEM_ADDR[14]
  MEM_ADDR[15]
  MEM_ADDR[1]
  MEM_ADDR[2]
  MEM_ADDR[3]
  MEM_ADDR[4]
  MEM_ADDR[5]
  MEM_ADDR[6]
  MEM_ADDR[7]
  MEM_ADDR[8]
  MEM_ADDR[9]
  MEM_STR_DATA[0]
  MEM_STR_DATA[10]
  MEM_STR_DATA[11]
  MEM_STR_DATA[12]
  MEM_STR_DATA[13]
  MEM_STR_DATA[14]
  MEM_STR_DATA[15]
  MEM_STR_DATA[1]
  MEM_STR_DATA[2]
  MEM_STR_DATA[3]
  MEM_STR_DATA[4]
  MEM_STR_DATA[5]
  MEM_STR_DATA[6]
  MEM_STR_DATA[7]
  MEM_STR_DATA[8]
  MEM_STR_DATA[9]
