Clock: CLK
Sources: CLK 
Generated: no
Virtual: yes
Propagated: no
Period: 26.000000

===========================================================================
report_clock_properties
============================================================================
Clock                   Period          Waveform
----------------------------------------------------
CLK                  26.000000    0.000000 13.000000

===========================================================================
report_clock_latency
============================================================================
Clock CLK
rise -> rise
    min     max
0.000000 0.000000 source latency
0.811878         network latency _5219_/CLK
        0.857490 network latency _5057_/CLK
---------------
0.811878 0.857490 latency
        0.045612 skew

fall -> fall
    min     max
0.000000 0.000000 source latency
0.842080         network latency _5219_/CLK
        0.875680 network latency _5057_/CLK
---------------
0.842080 0.875680 latency
        0.033600 skew



===========================================================================
report_clock_min_period
============================================================================
CLK period_min = 13.40 fmax = 74.65
