
===========================================================================
report_checks -unconstrained
===========================================================================
======================= nom_ff_n40C_1v95 Corner ===================================

Startpoint: _5127_ (rising edge-triggered flip-flop clocked by CLK)
Endpoint: DEVICES_STRW (output port clocked by CLK)
Path Group: CLK
Path Type: max

Fanout         Cap        Slew       Delay        Time   Description
---------------------------------------------------------------------------------------------
                                  0.000000    0.000000   clock CLK (rise edge)
                                  0.000000    0.000000   clock source latency
     1    0.046057    0.000000    0.000000    0.000000 ^ CLK (in)
                                                         CLK (net)
                      0.002248    0.001124    0.001124 ^ clkbuf_0_CLK/A (sky130_fd_sc_hd__clkbuf_16)
     4    0.072575    0.068739    0.105534    0.106658 ^ clkbuf_0_CLK/X (sky130_fd_sc_hd__clkbuf_16)
                                                         clknet_0_CLK (net)
                      0.069041    0.003605    0.110262 ^ clkbuf_2_2__f_CLK/A (sky130_fd_sc_hd__clkbuf_16)
    11    0.101800    0.090061    0.140928    0.251190 ^ clkbuf_2_2__f_CLK/X (sky130_fd_sc_hd__clkbuf_16)
                                                         clknet_2_2__leaf_CLK (net)
                      0.090185    0.002701    0.253891 ^ clkbuf_leaf_9_CLK/A (sky130_fd_sc_hd__clkbuf_8)
    11    0.034544    0.054991    0.117816    0.371707 ^ clkbuf_leaf_9_CLK/X (sky130_fd_sc_hd__clkbuf_8)
                                                         clknet_leaf_9_CLK (net)
                      0.055011    0.000980    0.372687 ^ _5127_/CLK (sky130_fd_sc_hd__dfxtp_4)
    26    0.229688    0.480141    0.519612    0.892299 ^ _5127_/Q (sky130_fd_sc_hd__dfxtp_4)
                                                         _0008_ (net)
                      0.480429    0.009942    0.902241 ^ max_cap153/A (sky130_fd_sc_hd__buf_12)
    39    0.343781    0.293052    0.234463    1.136703 ^ max_cap153/X (sky130_fd_sc_hd__buf_12)
                                                         net153 (net)
                      0.311388    0.057078    1.193782 ^ _2578_/S0 (sky130_fd_sc_hd__mux4_2)
     1    0.003463    0.057963    0.309634    1.503416 v _2578_/X (sky130_fd_sc_hd__mux4_2)
                                                         _0508_ (net)
                      0.057963    0.000129    1.503545 v _2579_/B (sky130_fd_sc_hd__or2_2)
     2    0.007440    0.047693    0.177951    1.681496 v _2579_/X (sky130_fd_sc_hd__or2_2)
                                                         _0509_ (net)
                      0.047693    0.000135    1.681631 v _2586_/A1 (sky130_fd_sc_hd__a22o_2)
     8    0.056679    0.108217    0.208995    1.890626 v _2586_/X (sky130_fd_sc_hd__a22o_2)
                                                         _0516_ (net)
                      0.108249    0.001875    1.892501 v _2587_/B (sky130_fd_sc_hd__and2_2)
     4    0.014336    0.045091    0.171299    2.063800 v _2587_/X (sky130_fd_sc_hd__and2_2)
                                                         _0517_ (net)
                      0.045091    0.000158    2.063957 v _2589_/A (sky130_fd_sc_hd__nor2_2)
     9    0.050492    0.391615    0.317808    2.381765 ^ _2589_/Y (sky130_fd_sc_hd__nor2_2)
                                                         _0519_ (net)
                      0.391625    0.001686    2.383451 ^ _2615_/A1 (sky130_fd_sc_hd__a21o_2)
     2    0.015891    0.068309    0.125988    2.509439 ^ _2615_/X (sky130_fd_sc_hd__a21o_2)
                                                         _0545_ (net)
                      0.068312    0.000545    2.509984 ^ _2621_/A1 (sky130_fd_sc_hd__a21bo_2)
     3    0.022522    0.097291    0.132642    2.642626 ^ _2621_/X (sky130_fd_sc_hd__a21bo_2)
                                                         _0551_ (net)
                      0.097302    0.001065    2.643691 ^ _2626_/A2 (sky130_fd_sc_hd__a31o_2)
     3    0.019843    0.094085    0.146518    2.790209 ^ _2626_/X (sky130_fd_sc_hd__a31o_2)
                                                         _0556_ (net)
                      0.094091    0.000835    2.791044 ^ _2631_/A1 (sky130_fd_sc_hd__a31o_2)
     4    0.043099    0.187767    0.207310    2.998354 ^ _2631_/X (sky130_fd_sc_hd__a31o_2)
                                                         _0561_ (net)
                      0.187804    0.002169    3.000523 ^ _2684_/D_N (sky130_fd_sc_hd__or4b_2)
     3    0.014901    0.096480    0.372673    3.373196 v _2684_/X (sky130_fd_sc_hd__or4b_2)
                                                         _0614_ (net)
                      0.096480    0.000665    3.373861 v _2690_/A1 (sky130_fd_sc_hd__a21o_2)
     4    0.015280    0.046089    0.164861    3.538722 v _2690_/X (sky130_fd_sc_hd__a21o_2)
                                                         _0620_ (net)
                      0.046096    0.000547    3.539269 v _2694_/A3 (sky130_fd_sc_hd__a311o_2)
     4    0.016448    0.064563    0.274178    3.813447 v _2694_/X (sky130_fd_sc_hd__a311o_2)
                                                         _0624_ (net)
                      0.064594    0.000470    3.813917 v _2696_/A2 (sky130_fd_sc_hd__a21bo_2)
     5    0.018201    0.050333    0.175122    3.989039 v _2696_/X (sky130_fd_sc_hd__a21bo_2)
                                                         _0626_ (net)
                      0.050346    0.000800    3.989839 v _2704_/C (sky130_fd_sc_hd__and3_2)
     2    0.018483    0.052758    0.167561    4.157400 v _2704_/X (sky130_fd_sc_hd__and3_2)
                                                         _0628_ (net)
                      0.052759    0.000451    4.157852 v _2705_/B (sky130_fd_sc_hd__and2_2)
     1    0.002975    0.026742    0.121585    4.279437 v _2705_/X (sky130_fd_sc_hd__and2_2)
                                                         net53 (net)
                      0.026742    0.000089    4.279526 v output53/A (sky130_fd_sc_hd__clkdlybuf4s25_1)
     1    0.051857    0.261021    0.338302    4.617828 v output53/X (sky130_fd_sc_hd__clkdlybuf4s25_1)
                                                         DEVICES_STRW (net)
                      0.261028    0.001510    4.619339 v DEVICES_STRW (out)
                                              4.619339   data arrival time

                                 26.000000   26.000000   clock CLK (rise edge)
                                  0.000000   26.000000   clock network delay (propagated)
                                  0.000000   26.000000   clock reconvergence pessimism
                                 -5.000000   20.999998   output external delay
                                             20.999998   data required time
---------------------------------------------------------------------------------------------
                                             20.999998   data required time
                                             -4.619339   data arrival time
---------------------------------------------------------------------------------------------
                                             16.380661   slack (MET)




===========================================================================
report_checks --slack_max -0.01
============================================================================
======================= nom_ff_n40C_1v95 Corner ===================================

No paths found.


===========================================================================
 report_check_types -max_slew -max_cap -max_fanout -violators
============================================================================
======================= nom_ff_n40C_1v95 Corner ===================================



===========================================================================
report_parasitic_annotation -report_unannotated
============================================================================
Found 34 unannotated drivers.
 clkload0/X
 clkload1/Y
 clkload10/X
 clkload11/X
 clkload12/Y
 clkload13/Y
 clkload14/Y
 clkload15/Y
 clkload16/Y
 clkload17/X
 clkload18/Y
 clkload19/Y
 clkload2/Y
 clkload20/Y
 clkload21/Y
 clkload22/Y
 clkload23/X
 clkload24/X
 clkload25/X
 clkload26/Y
 clkload27/Y
 clkload28/X
 clkload29/X
 clkload3/Y
 clkload30/X
 clkload31/X
 clkload32/X
 clkload33/Y
 clkload4/X
 clkload5/X
 clkload6/X
 clkload7/X
 clkload8/X
 clkload9/X
Found 0 partially unannotated drivers.

===========================================================================
max slew violation count 0
max fanout violation count 0
max cap violation count 0
============================================================================

===========================================================================
check_setup -verbose -unconstrained_endpoints -multiple_clock -no_clock -no_input_delay -loops -generated_clocks
===========================================================================
