Clock: CLK
Sources: CLK 
Generated: no
Virtual: yes
Propagated: no
Period: 26.000000

===========================================================================
report_clock_properties
============================================================================
Clock                   Period          Waveform
----------------------------------------------------
CLK                  26.000000    0.000000 13.000000

===========================================================================
report_clock_latency
============================================================================
Clock CLK
rise -> rise
    min     max
0.000000 0.000000 source latency
0.356223         network latency _5219_/CLK
        0.396385 network latency _5021_/CLK
---------------
0.356223 0.396385 latency
        0.040162 skew

fall -> fall
    min     max
0.000000 0.000000 source latency
0.357142         network latency _5219_/CLK
        0.386457 network latency _5021_/CLK
---------------
0.357142 0.386457 latency
        0.029315 skew



===========================================================================
report_clock_min_period
============================================================================
CLK period_min = 4.15 fmax = 240.91
