Clock: CLK
Sources: CLK 
Generated: no
Virtual: yes
Propagated: no
Period: 26.000000

===========================================================================
report_clock_properties
============================================================================
Clock                   Period          Waveform
----------------------------------------------------
CLK                  26.000000    0.000000 13.000000

===========================================================================
report_clock_latency
============================================================================
Clock CLK
rise -> rise
    min     max
0.000000 0.000000 source latency
0.371753         network latency _4970_/CLK
        0.414092 network latency _5051_/CLK
---------------
0.371753 0.414092 latency
        0.042339 skew

fall -> fall
    min     max
0.000000 0.000000 source latency
0.370806         network latency _4970_/CLK
        0.402474 network latency _5008_/CLK
---------------
0.370806 0.402474 latency
        0.031668 skew



===========================================================================
report_clock_min_period
============================================================================
CLK period_min = 4.19 fmax = 238.43
