
===========================================================================
report_checks -unconstrained
===========================================================================
======================= max_ff_n40C_1v95 Corner ===================================

Startpoint: _5125_ (rising edge-triggered flip-flop clocked by CLK)
Endpoint: DEVICES_LDW (output port clocked by CLK)
Path Group: CLK
Path Type: max

Fanout         Cap        Slew       Delay        Time   Description
---------------------------------------------------------------------------------------------
                                  0.000000    0.000000   clock CLK (rise edge)
                                  0.000000    0.000000   clock source latency
     1    0.054237    0.185258    0.129735    0.129735 ^ CLK (in)
                                                         CLK (net)
                      0.185323    0.000000    0.129735 ^ clkbuf_0_CLK/A (sky130_fd_sc_hd__clkbuf_16)
     8    0.143150    0.121827    0.173821    0.303557 ^ clkbuf_0_CLK/X (sky130_fd_sc_hd__clkbuf_16)
                                                         clknet_0_CLK (net)
                      0.127398    0.020254    0.323810 ^ clkbuf_3_0__f_CLK/A (sky130_fd_sc_hd__clkbuf_16)
     6    0.062383    0.062009    0.133375    0.457186 ^ clkbuf_3_0__f_CLK/X (sky130_fd_sc_hd__clkbuf_16)
                                                         clknet_3_0__leaf_CLK (net)
                      0.062312    0.003360    0.460546 ^ clkbuf_leaf_3_CLK/A (sky130_fd_sc_hd__clkbuf_8)
    11    0.034922    0.055305    0.109769    0.570315 ^ clkbuf_leaf_3_CLK/X (sky130_fd_sc_hd__clkbuf_8)
                                                         clknet_leaf_3_CLK (net)
                      0.055479    0.002439    0.572753 ^ _5125_/CLK (sky130_fd_sc_hd__dfxtp_2)
     1    0.003820    0.024724    0.197229    0.769982 ^ _5125_/Q (sky130_fd_sc_hd__dfxtp_2)
                                                         _0010_ (net)
                      0.024725    0.000240    0.770223 ^ fanout473/A (sky130_fd_sc_hd__clkdlybuf4s25_1)
     9    0.109540    0.814758    0.682818    1.453040 ^ fanout473/X (sky130_fd_sc_hd__clkdlybuf4s25_1)
                                                         net473 (net)
                      0.816162    0.027982    1.481023 ^ fanout472/A (sky130_fd_sc_hd__dlymetal6s4s_1)
    10    0.086280    0.636537    0.530554    2.011577 ^ fanout472/X (sky130_fd_sc_hd__dlymetal6s4s_1)
                                                         net472 (net)
                      0.637187    0.016829    2.028406 ^ _2434_/A (sky130_fd_sc_hd__inv_2)
     1    0.002655    0.072485   -0.037407    1.990999 v _2434_/Y (sky130_fd_sc_hd__inv_2)
                                                         _2324_ (net)
                      0.072485    0.000182    1.991181 v fanout365/A (sky130_fd_sc_hd__clkdlybuf4s25_1)
     6    0.078289    0.390423    0.449220    2.440400 v fanout365/X (sky130_fd_sc_hd__clkdlybuf4s25_1)
                                                         net365 (net)
                      0.390472    0.004334    2.444735 v fanout363/A (sky130_fd_sc_hd__dlymetal6s4s_1)
    10    0.074303    0.250372    0.430322    2.875056 v fanout363/X (sky130_fd_sc_hd__dlymetal6s4s_1)
                                                         net363 (net)
                      0.250843    0.008027    2.883083 v _2592_/S (sky130_fd_sc_hd__mux2_1)
     1    0.010663    0.080775    0.234166    3.117249 ^ _2592_/X (sky130_fd_sc_hd__mux2_1)
                                                         _0467_ (net)
                      0.080783    0.000866    3.118115 ^ _2593_/B1 (sky130_fd_sc_hd__a22o_2)
     1    0.009560    0.056105    0.095535    3.213650 ^ _2593_/X (sky130_fd_sc_hd__a22o_2)
                                                         _0468_ (net)
                      0.056117    0.000795    3.214445 ^ fanout301/A (sky130_fd_sc_hd__clkdlybuf4s25_1)
     8    0.083128    0.614969    0.566882    3.781327 ^ fanout301/X (sky130_fd_sc_hd__clkdlybuf4s25_1)
                                                         net301 (net)
                      0.614978    0.002065    3.783392 ^ fanout299/A (sky130_fd_sc_hd__dlymetal6s4s_1)
    10    0.082914    0.615254    0.529159    4.312551 ^ fanout299/X (sky130_fd_sc_hd__dlymetal6s4s_1)
                                                         net299 (net)
                      0.615459    0.009330    4.321881 ^ _2606_/B (sky130_fd_sc_hd__xor2_2)
     3    0.020415    0.160576    0.106349    4.428230 v _2606_/X (sky130_fd_sc_hd__xor2_2)
                                                         _0481_ (net)
                      0.160604    0.001705    4.429935 v _2608_/A2 (sky130_fd_sc_hd__a21o_2)
     2    0.016172    0.047804    0.202776    4.632712 v _2608_/X (sky130_fd_sc_hd__a21o_2)
                                                         _0483_ (net)
                      0.047819    0.000811    4.633523 v _2609_/A2 (sky130_fd_sc_hd__a21o_2)
     2    0.012732    0.043534    0.158269    4.791792 v _2609_/X (sky130_fd_sc_hd__a21o_2)
                                                         _0484_ (net)
                      0.043543    0.000636    4.792428 v _2614_/A1 (sky130_fd_sc_hd__a21bo_2)
     3    0.025044    0.061336    0.160349    4.952777 v _2614_/X (sky130_fd_sc_hd__a21bo_2)
                                                         _0489_ (net)
                      0.061644    0.003701    4.956478 v _2619_/A2 (sky130_fd_sc_hd__a31o_2)
     3    0.022542    0.059809    0.193356    5.149834 v _2619_/X (sky130_fd_sc_hd__a31o_2)
                                                         _0494_ (net)
                      0.059881    0.001840    5.151674 v _2624_/A1 (sky130_fd_sc_hd__a311o_2)
     4    0.051217    0.115321    0.285686    5.437360 v _2624_/X (sky130_fd_sc_hd__a311o_2)
                                                         _0499_ (net)
                      0.116947    0.010778    5.448138 v _2679_/A (sky130_fd_sc_hd__nand4_2)
     2    0.015341    0.095376    0.109691    5.557829 ^ _2679_/Y (sky130_fd_sc_hd__nand4_2)
                                                         _0554_ (net)
                      0.095407    0.001381    5.559210 ^ _2683_/A1 (sky130_fd_sc_hd__a21bo_2)
     4    0.020067    0.087182    0.131005    5.690215 ^ _2683_/X (sky130_fd_sc_hd__a21bo_2)
                                                         _0558_ (net)
                      0.087200    0.001251    5.691466 ^ _2688_/A3 (sky130_fd_sc_hd__a311o_2)
     3    0.015163    0.068305    0.139670    5.831136 ^ _2688_/X (sky130_fd_sc_hd__a311o_2)
                                                         _0563_ (net)
                      0.068315    0.000853    5.831989 ^ _2689_/B (sky130_fd_sc_hd__nand2_2)
     1    0.009356    0.048905    0.043852    5.875840 v _2689_/Y (sky130_fd_sc_hd__nand2_2)
                                                         _0564_ (net)
                      0.048921    0.000710    5.876551 v _2690_/B (sky130_fd_sc_hd__xnor2_2)
     3    0.026596    0.097918    0.131355    6.007905 v _2690_/Y (sky130_fd_sc_hd__xnor2_2)
                                                         _0565_ (net)
                      0.098034    0.002664    6.010569 v _2696_/B (sky130_fd_sc_hd__or2_2)
     5    0.023710    0.076859    0.227892    6.238461 v _2696_/X (sky130_fd_sc_hd__or2_2)
                                                         _0567_ (net)
                      0.076875    0.001120    6.239582 v _2701_/B (sky130_fd_sc_hd__nor2_2)
     1    0.006161    0.098479    0.081879    6.321461 ^ _2701_/Y (sky130_fd_sc_hd__nor2_2)
                                                         net51 (net)
                      0.098491    0.000449    6.321911 ^ output51/A (sky130_fd_sc_hd__clkdlybuf4s25_1)
     1    0.035225    0.266463    0.337718    6.659628 ^ output51/X (sky130_fd_sc_hd__clkdlybuf4s25_1)
                                                         DEVICES_LDW (net)
                      0.266472    0.001810    6.661438 ^ DEVICES_LDW (out)
                                              6.661438   data arrival time

                                 20.000000   20.000000   clock CLK (rise edge)
                                  0.000000   20.000000   clock network delay (propagated)
                                 -0.250000   19.750002   clock uncertainty
                                  0.000000   19.750002   clock reconvergence pessimism
                                 -4.000000   15.750001   output external delay
                                             15.750001   data required time
---------------------------------------------------------------------------------------------
                                             15.750001   data required time
                                             -6.661438   data arrival time
---------------------------------------------------------------------------------------------
                                              9.088562   slack (MET)




===========================================================================
report_checks --slack_max -0.01
============================================================================
======================= max_ff_n40C_1v95 Corner ===================================

No paths found.


===========================================================================
 report_check_types -max_slew -max_cap -max_fanout -violators
============================================================================
======================= max_ff_n40C_1v95 Corner ===================================

max slew

Pin                                        Limit        Slew       Slack
------------------------------------------------------------------------
_2541_/B1                               0.750000    0.853751   -0.103751 (VIOLATED)
_2520_/B1                               0.750000    0.853710   -0.103710 (VIOLATED)
_2507_/B1                               0.750000    0.853700   -0.103700 (VIOLATED)
_2471_/B1                               0.750000    0.853649   -0.103649 (VIOLATED)
_2495_/B1                               0.750000    0.853601   -0.103601 (VIOLATED)
_2589_/B1                               0.750000    0.853578   -0.103578 (VIOLATED)
_2530_/B1                               0.750000    0.853566   -0.103566 (VIOLATED)
_2643_/B1                               0.750000    0.853565   -0.103565 (VIOLATED)
_2435_/A                                0.750000    0.853547   -0.103547 (VIOLATED)
_2483_/B1                               0.750000    0.853501   -0.103501 (VIOLATED)
fanout469/X                             0.750000    0.853446   -0.103446 (VIOLATED)
_4611_/A0                               0.750000    0.851889   -0.101889 (VIOLATED)
_4664_/A0                               0.750000    0.851850   -0.101850 (VIOLATED)
_2888_/A1                               0.750000    0.851840   -0.101840 (VIOLATED)
_2459_/A1                               0.750000    0.851836   -0.101836 (VIOLATED)
_2694_/A                                0.750000    0.851836   -0.101836 (VIOLATED)
_3457_/A                                0.750000    0.851836   -0.101836 (VIOLATED)
_4681_/A1                               0.750000    0.851831   -0.101831 (VIOLATED)
_2700_/A                                0.750000    0.851829   -0.101829 (VIOLATED)
_4704_/A0                               0.750000    0.851819   -0.101819 (VIOLATED)
_4808_/B2                               0.750000    0.851739   -0.101739 (VIOLATED)
fanout322/X                             0.750000    0.851727   -0.101727 (VIOLATED)
_3175_/B1                               0.750000    0.848443   -0.098443 (VIOLATED)
_3173_/B1                               0.750000    0.848407   -0.098407 (VIOLATED)
_3180_/B1                               0.750000    0.847901   -0.097901 (VIOLATED)
_3179_/B1                               0.750000    0.847742   -0.097742 (VIOLATED)
_3174_/B1                               0.750000    0.847725   -0.097725 (VIOLATED)
_3185_/B1                               0.750000    0.847669   -0.097669 (VIOLATED)
_3187_/B1                               0.750000    0.847619   -0.097619 (VIOLATED)
_3186_/B1                               0.750000    0.847619   -0.097619 (VIOLATED)
_3181_/B1                               0.750000    0.847617   -0.097617 (VIOLATED)
_3188_/B1                               0.750000    0.847616   -0.097616 (VIOLATED)
fanout243/X                             0.750000    0.847614   -0.097614 (VIOLATED)
_2949_/B1                               0.750000    0.823187   -0.073187 (VIOLATED)
_2950_/B1                               0.750000    0.823172   -0.073172 (VIOLATED)
_2959_/B1                               0.750000    0.823156   -0.073156 (VIOLATED)
_2956_/B1                               0.750000    0.823107   -0.073107 (VIOLATED)
ANTENNA_3/DIODE                         0.750000    0.823103   -0.073103 (VIOLATED)
_2955_/B1                               0.750000    0.823099   -0.073100 (VIOLATED)
_2961_/B1                               0.750000    0.823093   -0.073093 (VIOLATED)
_2963_/B1                               0.750000    0.823025   -0.073025 (VIOLATED)
_2962_/B1                               0.750000    0.823023   -0.073023 (VIOLATED)
_2957_/B1                               0.750000    0.823022   -0.073022 (VIOLATED)
_2964_/B1                               0.750000    0.823017   -0.073017 (VIOLATED)
fanout176/X                             0.750000    0.823003   -0.073003 (VIOLATED)
_2601_/S                                0.750000    0.816750   -0.066750 (VIOLATED)
_2596_/A                                0.750000    0.816578   -0.066578 (VIOLATED)
ANTENNA_22/DIODE                        0.750000    0.816269   -0.066269 (VIOLATED)
fanout472/A                             0.750000    0.816162   -0.066162 (VIOLATED)
_2589_/A1                               0.750000    0.815699   -0.065699 (VIOLATED)
_2672_/S                                0.750000    0.815667   -0.065667 (VIOLATED)
_2533_/S                                0.750000    0.815658   -0.065658 (VIOLATED)
ANTENNA_21/DIODE                        0.750000    0.815605   -0.065605 (VIOLATED)
fanout471/A                             0.750000    0.814800   -0.064800 (VIOLATED)
fanout473/X                             0.750000    0.814758   -0.064758 (VIOLATED)
_3461_/B2                               0.750000    0.812932   -0.062932 (VIOLATED)
_2460_/D1                               0.750000    0.812898   -0.062898 (VIOLATED)
_3731_/C                                0.750000    0.812892   -0.062892 (VIOLATED)
_3851_/A                                0.750000    0.812858   -0.062858 (VIOLATED)
ANTENNA_19/DIODE                        0.750000    0.812848   -0.062848 (VIOLATED)
_3732_/C                                0.750000    0.812756   -0.062756 (VIOLATED)
fanout382/A                             0.750000    0.812731   -0.062731 (VIOLATED)
_3439_/A1                               0.750000    0.812219   -0.062219 (VIOLATED)
fanout383/X                             0.750000    0.812208   -0.062208 (VIOLATED)
_3172_/B                                0.750000    0.810014   -0.060014 (VIOLATED)
_3187_/A2                               0.750000    0.810008   -0.060008 (VIOLATED)
_3173_/A2                               0.750000    0.810005   -0.060006 (VIOLATED)
_3181_/A2                               0.750000    0.810004   -0.060004 (VIOLATED)
ANTENNA_23/DIODE                        0.750000    0.810001   -0.060001 (VIOLATED)
_3186_/A2                               0.750000    0.810001   -0.060001 (VIOLATED)
_3188_/A2                               0.750000    0.809982   -0.059982 (VIOLATED)
_3179_/A2                               0.750000    0.809975   -0.059975 (VIOLATED)
_3174_/A2                               0.750000    0.809963   -0.059963 (VIOLATED)
_3180_/A2                               0.750000    0.809963   -0.059963 (VIOLATED)
_3185_/A2                               0.750000    0.809915   -0.059915 (VIOLATED)
fanout282/X                             0.750000    0.809883   -0.059883 (VIOLATED)
_2880_/A                                0.750000    0.802056   -0.052056 (VIOLATED)
_2888_/B1                               0.750000    0.802054   -0.052054 (VIOLATED)
_2883_/A                                0.750000    0.802051   -0.052051 (VIOLATED)
_2887_/B                                0.750000    0.802015   -0.052015 (VIOLATED)
_2862_/A                                0.750000    0.801890   -0.051890 (VIOLATED)
_2860_/A                                0.750000    0.801890   -0.051890 (VIOLATED)
_2858_/A                                0.750000    0.801889   -0.051889 (VIOLATED)
_2856_/A                                0.750000    0.801882   -0.051882 (VIOLATED)
_2854_/A_N                              0.750000    0.801877   -0.051877 (VIOLATED)
fanout344/A                             0.750000    0.801804   -0.051804 (VIOLATED)
fanout345/X                             0.750000    0.801793   -0.051793 (VIOLATED)
_3193_/B1                               0.750000    0.791276   -0.041276 (VIOLATED)
_3191_/B1                               0.750000    0.791261   -0.041261 (VIOLATED)
_3198_/B1                               0.750000    0.791142   -0.041142 (VIOLATED)
_3192_/B1                               0.750000    0.791104   -0.041104 (VIOLATED)
_3203_/B1                               0.750000    0.791102   -0.041102 (VIOLATED)
_3197_/B1                               0.750000    0.790878   -0.040878 (VIOLATED)
_3205_/B1                               0.750000    0.790779   -0.040779 (VIOLATED)
_3204_/B1                               0.750000    0.790724   -0.040724 (VIOLATED)
_3206_/B1                               0.750000    0.790616   -0.040616 (VIOLATED)
_3199_/B1                               0.750000    0.790577   -0.040577 (VIOLATED)
fanout158/X                             0.750000    0.790565   -0.040565 (VIOLATED)
_2897_/B                                0.750000    0.787431   -0.037432 (VIOLATED)
_2923_/B2                               0.750000    0.787428   -0.037428 (VIOLATED)
_2945_/B2                               0.750000    0.787406   -0.037406 (VIOLATED)
_2942_/B2                               0.750000    0.787385   -0.037385 (VIOLATED)
_2939_/B2                               0.750000    0.787379   -0.037379 (VIOLATED)
_2917_/B2                               0.750000    0.787332   -0.037332 (VIOLATED)
_2901_/B2                               0.750000    0.787309   -0.037309 (VIOLATED)
_2898_/A2                               0.750000    0.787304   -0.037304 (VIOLATED)
_2920_/B2                               0.750000    0.787283   -0.037283 (VIOLATED)
_2936_/B2                               0.750000    0.787233   -0.037233 (VIOLATED)
fanout269/X                             0.750000    0.787233   -0.037233 (VIOLATED)
_2904_/A2                               0.750000    0.783450   -0.033450 (VIOLATED)
_2898_/B1                               0.750000    0.783436   -0.033436 (VIOLATED)
_2920_/A2                               0.750000    0.783333   -0.033333 (VIOLATED)
_2901_/A2                               0.750000    0.783218   -0.033218 (VIOLATED)
_2936_/A2                               0.750000    0.783103   -0.033103 (VIOLATED)
_2917_/A2                               0.750000    0.782976   -0.032976 (VIOLATED)
_2939_/A2                               0.750000    0.782837   -0.032837 (VIOLATED)
_2942_/A2                               0.750000    0.782819   -0.032819 (VIOLATED)
_2945_/A2                               0.750000    0.782677   -0.032677 (VIOLATED)
_2923_/A2                               0.750000    0.782624   -0.032624 (VIOLATED)
fanout204/X                             0.750000    0.782588   -0.032588 (VIOLATED)
_2639_/B                                0.750000    0.782161   -0.032161 (VIOLATED)
_2636_/B                                0.750000    0.782138   -0.032138 (VIOLATED)
_2634_/B                                0.750000    0.782105   -0.032105 (VIOLATED)
_2633_/A                                0.750000    0.781895   -0.031895 (VIOLATED)
_3673_/A1                               0.750000    0.781653   -0.031653 (VIOLATED)
_4723_/A1                               0.750000    0.781328   -0.031328 (VIOLATED)
_4432_/A                                0.750000    0.781251   -0.031251 (VIOLATED)
_4431_/A                                0.750000    0.781251   -0.031251 (VIOLATED)
_4468_/A                                0.750000    0.781250   -0.031250 (VIOLATED)
_3862_/A1                               0.750000    0.781225   -0.031225 (VIOLATED)
_4554_/A1                               0.750000    0.781212   -0.031212 (VIOLATED)
_3608_/A1                               0.750000    0.781206   -0.031206 (VIOLATED)
fanout297/X                             0.750000    0.781200   -0.031200 (VIOLATED)
_3658_/A0                               0.750000    0.781165   -0.031165 (VIOLATED)
_2583_/A                                0.750000    0.781065   -0.031065 (VIOLATED)
_2584_/A                                0.750000    0.781064   -0.031064 (VIOLATED)
_3485_/A                                0.750000    0.780921   -0.030921 (VIOLATED)
_3484_/A                                0.750000    0.780918   -0.030918 (VIOLATED)
_3256_/A                                0.750000    0.780798   -0.030798 (VIOLATED)
_3255_/A                                0.750000    0.780786   -0.030786 (VIOLATED)
_3415_/A1                               0.750000    0.780718   -0.030718 (VIOLATED)
fanout388/X                             0.750000    0.780706   -0.030706 (VIOLATED)
_2603_/B2                               0.750000    0.778994   -0.028994 (VIOLATED)
_2524_/B2                               0.750000    0.778982   -0.028982 (VIOLATED)
fanout361/A                             0.750000    0.778966   -0.028966 (VIOLATED)
_2593_/B2                               0.750000    0.778960   -0.028960 (VIOLATED)
_2511_/B2                               0.750000    0.778941   -0.028941 (VIOLATED)
_2647_/B2                               0.750000    0.778936   -0.028936 (VIOLATED)
_2475_/B2                               0.750000    0.778925   -0.028925 (VIOLATED)
_2534_/B2                               0.750000    0.778919   -0.028919 (VIOLATED)
_2499_/B2                               0.750000    0.778876   -0.028876 (VIOLATED)
_2487_/B2                               0.750000    0.778873   -0.028873 (VIOLATED)
fanout362/X                             0.750000    0.778859   -0.028859 (VIOLATED)
_4407_/A                                0.750000    0.774260   -0.024260 (VIOLATED)
fanout389/A                             0.750000    0.773710   -0.023711 (VIOLATED)
_3478_/A                                0.750000    0.773045   -0.023045 (VIOLATED)
_3477_/A                                0.750000    0.773033   -0.023033 (VIOLATED)
_3258_/A                                0.750000    0.772901   -0.022901 (VIOLATED)
_3259_/A                                0.750000    0.772860   -0.022860 (VIOLATED)
_3413_/A1                               0.750000    0.772857   -0.022857 (VIOLATED)
fanout390/X                             0.750000    0.772731   -0.022731 (VIOLATED)
_3626_/A1                               0.750000    0.754857   -0.004857 (VIOLATED)
_2852_/A                                0.750000    0.754743   -0.004743 (VIOLATED)
_2604_/A                                0.750000    0.754678   -0.004678 (VIOLATED)
_3474_/A                                0.750000    0.754237   -0.004237 (VIOLATED)
_3479_/A                                0.750000    0.754180   -0.004180 (VIOLATED)
_3480_/A1                               0.750000    0.754123   -0.004123 (VIOLATED)
_3486_/A1                               0.750000    0.754063   -0.004063 (VIOLATED)
_3403_/A                                0.750000    0.753887   -0.003887 (VIOLATED)
_3411_/A1                               0.750000    0.753886   -0.003886 (VIOLATED)
_3260_/A                                0.750000    0.753871   -0.003871 (VIOLATED)
fanout391/X                             0.750000    0.753871   -0.003871 (VIOLATED)
_3191_/A2                               0.750000    0.753011   -0.003011 (VIOLATED)
_3198_/A2                               0.750000    0.752980   -0.002980 (VIOLATED)
_3205_/A2                               0.750000    0.752975   -0.002975 (VIOLATED)
_3190_/B                                0.750000    0.752971   -0.002971 (VIOLATED)
_3192_/A2                               0.750000    0.752968   -0.002968 (VIOLATED)
_3199_/A2                               0.750000    0.752968   -0.002968 (VIOLATED)
_3204_/A2                               0.750000    0.752967   -0.002967 (VIOLATED)
_3206_/A2                               0.750000    0.752964   -0.002964 (VIOLATED)
_3197_/A2                               0.750000    0.752962   -0.002962 (VIOLATED)
_3203_/A2                               0.750000    0.752928   -0.002928 (VIOLATED)
fanout241/X                             0.750000    0.752898   -0.002898 (VIOLATED)

max fanout

Pin                                   Limit Fanout  Slack
---------------------------------------------------------
fanout359/X                              10     13     -3 (VIOLATED)
clkbuf_leaf_24_CLK/X                     10     12     -2 (VIOLATED)
clkbuf_leaf_25_CLK/X                     10     12     -2 (VIOLATED)
_5160_/Q                                 10     11        (VIOLATED)
clkbuf_leaf_0_CLK/X                      10     11        (VIOLATED)
clkbuf_leaf_16_CLK/X                     10     11        (VIOLATED)
clkbuf_leaf_22_CLK/X                     10     11        (VIOLATED)
clkbuf_leaf_23_CLK/X                     10     11        (VIOLATED)
clkbuf_leaf_2_CLK/X                      10     11        (VIOLATED)
clkbuf_leaf_36_CLK/X                     10     11        (VIOLATED)
clkbuf_leaf_3_CLK/X                      10     11        (VIOLATED)
clkbuf_leaf_4_CLK/X                      10     11        (VIOLATED)
clkbuf_leaf_6_CLK/X                      10     11        (VIOLATED)
fanout176/X                              10     11        (VIOLATED)
fanout282/X                              10     11        (VIOLATED)
fanout302/X                              10     11        (VIOLATED)
fanout313/X                              10     11        (VIOLATED)
fanout320/X                              10     11        (VIOLATED)



===========================================================================
report_parasitic_annotation -report_unannotated
============================================================================
Found 22 unannotated drivers.
 clkload0/X
 clkload1/X
 clkload10/Y
 clkload11/X
 clkload12/X
 clkload13/Y
 clkload14/X
 clkload15/Y
 clkload16/X
 clkload17/X
 clkload18/Y
 clkload19/Y
 clkload2/X
 clkload20/X
 clkload21/X
 clkload3/X
 clkload4/X
 clkload5/X
 clkload6/X
 clkload7/X
 clkload8/X
 clkload9/X
Found 0 partially unannotated drivers.

===========================================================================
max slew violation count 183
max fanout violation count 18
max cap violation count 0
============================================================================

===========================================================================
check_setup -verbose -unconstrained_endpoints -multiple_clock -no_clock -no_input_delay -loops -generated_clocks
===========================================================================
