
===========================================================================
report_checks -unconstrained
===========================================================================
======================= max_tt_025C_1v80 Corner ===================================

Startpoint: RESET (input port clocked by CLK)
Endpoint: _4922_ (rising edge-triggered flip-flop clocked by CLK)
Path Group: CLK
Path Type: max

Fanout         Cap        Slew       Delay        Time   Description
---------------------------------------------------------------------------------------------
                                  0.000000    0.000000   clock CLK (rise edge)
                                  0.000000    0.000000   clock network delay (propagated)
                                  5.000000    5.000000 ^ input external delay
     1    0.003464    0.000000    0.000000    5.000000 ^ RESET (in)
                                                         RESET (net)
                      0.000200    0.000100    5.000101 ^ input49/A (sky130_fd_sc_hd__buf_4)
    16    0.136486    0.374668    0.322021    5.322121 ^ input49/X (sky130_fd_sc_hd__buf_4)
                                                         net49 (net)
                      0.374730    0.004108    5.326229 ^ _2433_/A (sky130_fd_sc_hd__clkinv_2)
    40    0.169233    0.653101    0.592821    5.919050 v _2433_/Y (sky130_fd_sc_hd__clkinv_2)
                                                         _2323_ (net)
                      0.656213    0.037413    5.956463 v _2467_/B (sky130_fd_sc_hd__and2_2)
     5    0.044851    0.126029    0.558562    6.515025 v _2467_/X (sky130_fd_sc_hd__and2_2)
                                                         _0015_ (net)
                      0.126139    0.003352    6.518377 v _2893_/B (sky130_fd_sc_hd__nand2_2)
     5    0.017551    0.107234    0.144370    6.662747 ^ _2893_/Y (sky130_fd_sc_hd__nand2_2)
                                                         _0725_ (net)
                      0.107270    0.001545    6.664293 ^ _2985_/B (sky130_fd_sc_hd__or3b_2)
     4    0.025503    0.151339    0.212080    6.876373 ^ _2985_/X (sky130_fd_sc_hd__or3b_2)
                                                         _0769_ (net)
                      0.151355    0.001632    6.878005 ^ _2986_/B (sky130_fd_sc_hd__nor2_2)
     2    0.017443    0.063976    0.085930    6.963934 v _2986_/Y (sky130_fd_sc_hd__nor2_2)
                                                         _0770_ (net)
                      0.064034    0.001325    6.965260 v max_cap130/A (sky130_fd_sc_hd__clkbuf_8)
    16    0.098369    0.112529    0.205109    7.170369 v max_cap130/X (sky130_fd_sc_hd__clkbuf_8)
                                                         net130 (net)
                      0.113114    0.007022    7.177391 v _2987_/B (sky130_fd_sc_hd__nor2_2)
    16    0.102368    1.073301    0.822843    8.000234 ^ _2987_/Y (sky130_fd_sc_hd__nor2_2)
                                                         _0771_ (net)
                      1.073710    0.017600    8.017834 ^ _2995_/B1 (sky130_fd_sc_hd__a22o_2)
     1    0.003041    0.058870    0.269361    8.287194 ^ _2995_/X (sky130_fd_sc_hd__a22o_2)
                                                         _0074_ (net)
                      0.058870    0.000198    8.287393 ^ _4922_/D (sky130_fd_sc_hd__dfxtp_2)
                                              8.287393   data arrival time

                                 26.000000   26.000000   clock CLK (rise edge)
                                  0.000000   26.000000   clock source latency
     1    0.055044    0.000000    0.000000   26.000000 ^ CLK (in)
                                                         CLK (net)
                      0.007379    0.003689   26.003689 ^ clkbuf_0_CLK/A (sky130_fd_sc_hd__clkbuf_16)
     4    0.078714    0.096107    0.153738   26.157427 ^ clkbuf_0_CLK/X (sky130_fd_sc_hd__clkbuf_16)
                                                         clknet_0_CLK (net)
                      0.096637    0.005731   26.163158 ^ clkbuf_2_2__f_CLK/A (sky130_fd_sc_hd__clkbuf_16)
     8    0.088285    0.105350    0.193010   26.356167 ^ clkbuf_2_2__f_CLK/X (sky130_fd_sc_hd__clkbuf_16)
                                                         clknet_2_2__leaf_CLK (net)
                      0.105895    0.006116   26.362284 ^ clkbuf_leaf_37_CLK/A (sky130_fd_sc_hd__clkbuf_8)
    12    0.036756    0.077031    0.174294   26.536577 ^ clkbuf_leaf_37_CLK/X (sky130_fd_sc_hd__clkbuf_8)
                                                         clknet_leaf_37_CLK (net)
                      0.077099    0.002071   26.538649 ^ _4922_/CLK (sky130_fd_sc_hd__dfxtp_2)
                                  0.000000   26.538649   clock reconvergence pessimism
                                 -0.057359   26.481291   library setup time
                                             26.481291   data required time
---------------------------------------------------------------------------------------------
                                             26.481291   data required time
                                             -8.287393   data arrival time
---------------------------------------------------------------------------------------------
                                             18.193899   slack (MET)




===========================================================================
report_checks --slack_max -0.01
============================================================================
======================= max_tt_025C_1v80 Corner ===================================

No paths found.


===========================================================================
 report_check_types -max_slew -max_cap -max_fanout -violators
============================================================================
======================= max_tt_025C_1v80 Corner ===================================



===========================================================================
report_parasitic_annotation -report_unannotated
============================================================================
Found 37 unannotated drivers.
 clkload0/Y
 clkload1/Y
 clkload10/X
 clkload11/X
 clkload12/X
 clkload13/X
 clkload14/X
 clkload15/X
 clkload16/X
 clkload17/Y
 clkload18/X
 clkload19/X
 clkload2/Y
 clkload20/X
 clkload21/Y
 clkload22/Y
 clkload23/X
 clkload24/Y
 clkload25/Y
 clkload26/Y
 clkload27/X
 clkload28/X
 clkload29/Y
 clkload3/X
 clkload30/Y
 clkload31/X
 clkload32/X
 clkload33/X
 clkload34/Y
 clkload35/X
 clkload36/X
 clkload4/X
 clkload5/X
 clkload6/X
 clkload7/X
 clkload8/X
 clkload9/X
Found 0 partially unannotated drivers.

===========================================================================
max slew violation count 0
max fanout violation count 0
max cap violation count 0
============================================================================

===========================================================================
check_setup -verbose -unconstrained_endpoints -multiple_clock -no_clock -no_input_delay -loops -generated_clocks
===========================================================================
Warning: There are 58 unconstrained endpoints.
  DEVICES_LDH
  DEVICES_LDW
  DEVICES_STRH
  DEVICES_STRW
  EX_HALT
  INSTR_ADDR[0]
  INSTR_ADDR[10]
  INSTR_ADDR[11]
  INSTR_ADDR[12]
  INSTR_ADDR[13]
  INSTR_ADDR[14]
  INSTR_ADDR[15]
  INSTR_ADDR[1]
  INSTR_ADDR[2]
  INSTR_ADDR[3]
  INSTR_ADDR[4]
  INSTR_ADDR[5]
  INSTR_ADDR[6]
  INSTR_ADDR[7]
  INSTR_ADDR[8]
  INSTR_ADDR[9]
  INVALID_MEM
  MAIN_LDH
  MAIN_LDW
  MAIN_STRH
  MAIN_STRW
  MEM_ADDR[0]
  MEM_ADDR[10]
  MEM_ADDR[11]
  MEM_ADDR[12]
  MEM_ADDR[13]
  MEM_ADDR[14]
  MEM_ADDR[15]
  MEM_ADDR[1]
  MEM_ADDR[2]
  MEM_ADDR[3]
  MEM_ADDR[4]
  MEM_ADDR[5]
  MEM_ADDR[6]
  MEM_ADDR[7]
  MEM_ADDR[8]
  MEM_ADDR[9]
  MEM_STR_DATA[0]
  MEM_STR_DATA[10]
  MEM_STR_DATA[11]
  MEM_STR_DATA[12]
  MEM_STR_DATA[13]
  MEM_STR_DATA[14]
  MEM_STR_DATA[15]
  MEM_STR_DATA[1]
  MEM_STR_DATA[2]
  MEM_STR_DATA[3]
  MEM_STR_DATA[4]
  MEM_STR_DATA[5]
  MEM_STR_DATA[6]
  MEM_STR_DATA[7]
  MEM_STR_DATA[8]
  MEM_STR_DATA[9]
