Clock: CLK
Sources: CLK 
Generated: no
Virtual: yes
Propagated: no
Period: 26.000000

===========================================================================
report_clock_properties
============================================================================
Clock                   Period          Waveform
----------------------------------------------------
CLK                  26.000000    0.000000 13.000000

===========================================================================
report_clock_latency
============================================================================
Clock CLK
rise -> rise
    min     max
0.000000 0.000000 source latency
0.532136         network latency _4970_/CLK
        0.591322 network latency _4882_/CLK
---------------
0.532136 0.591322 latency
        0.059186 skew

fall -> fall
    min     max
0.000000 0.000000 source latency
0.532269         network latency _4970_/CLK
        0.575634 network latency _4882_/CLK
---------------
0.532269 0.575634 latency
        0.043364 skew



===========================================================================
report_clock_min_period
============================================================================
CLK period_min = 6.72 fmax = 148.89
