
===========================================================================
 report_power
============================================================================
======================= nom_tt_025C_1v80 Corner ===================================

Group                    Internal    Switching      Leakage        Total
                            Power        Power        Power        Power (Watts)
------------------------------------------------------------------------
Sequential           6.961452e-05 5.438358e-06 3.402940e-09 7.505628e-05  69.4%
Combinational        1.661044e-05 1.644687e-05 8.497181e-09 3.306580e-05  30.6%
Clock                0.000000e+00 0.000000e+00 6.091268e-10 6.091268e-10   0.0%
Macro                0.000000e+00 0.000000e+00 0.000000e+00 0.000000e+00   0.0%
Pad                  0.000000e+00 0.000000e+00 0.000000e+00 0.000000e+00   0.0%
------------------------------------------------------------------------
Total                8.622499e-05 2.188521e-05 1.250925e-08 1.081227e-04 100.0%
                            79.7%        20.2%         0.0%
Writing metric power__internal__total: 8.622498717159033e-5
Writing metric power__switching__total: 2.188520556956064e-5
Writing metric power__leakage__total: 1.2509246971603716e-8
Writing metric power__total: 0.00010812270193127915

