
===========================================================================
report_checks -unconstrained
===========================================================================
======================= min_ff_n40C_1v95 Corner ===================================

Startpoint: _5125_ (rising edge-triggered flip-flop clocked by CLK)
Endpoint: DEVICES_LDW (output port clocked by CLK)
Path Group: CLK
Path Type: max

Fanout         Cap        Slew       Delay        Time   Description
---------------------------------------------------------------------------------------------
                                  0.000000    0.000000   clock CLK (rise edge)
                                  0.000000    0.000000   clock source latency
     1    0.049307    0.168774    0.117539    0.117539 ^ CLK (in)
                                                         CLK (net)
                      0.168794    0.000000    0.117539 ^ clkbuf_0_CLK/A (sky130_fd_sc_hd__clkbuf_16)
     8    0.127800    0.109293    0.173307    0.290845 ^ clkbuf_0_CLK/X (sky130_fd_sc_hd__clkbuf_16)
                                                         clknet_0_CLK (net)
                      0.109850    0.006235    0.297080 ^ clkbuf_3_0__f_CLK/A (sky130_fd_sc_hd__clkbuf_16)
     6    0.054506    0.056019    0.126378    0.423459 ^ clkbuf_3_0__f_CLK/X (sky130_fd_sc_hd__clkbuf_16)
                                                         clknet_3_0__leaf_CLK (net)
                      0.056022    0.000511    0.423970 ^ clkbuf_leaf_3_CLK/A (sky130_fd_sc_hd__clkbuf_8)
    11    0.032206    0.051854    0.106658    0.530627 ^ clkbuf_leaf_3_CLK/X (sky130_fd_sc_hd__clkbuf_8)
                                                         clknet_leaf_3_CLK (net)
                      0.051856    0.000406    0.531033 ^ _5125_/CLK (sky130_fd_sc_hd__dfxtp_2)
     1    0.003349    0.017541    0.198107    0.729140 v _5125_/Q (sky130_fd_sc_hd__dfxtp_2)
                                                         _0010_ (net)
                      0.017541    0.000039    0.729180 v fanout473/A (sky130_fd_sc_hd__clkdlybuf4s25_1)
     9    0.090749    0.452508    0.473649    1.202829 v fanout473/X (sky130_fd_sc_hd__clkdlybuf4s25_1)
                                                         net473 (net)
                      0.452712    0.006042    1.208871 v fanout472/A (sky130_fd_sc_hd__dlymetal6s4s_1)
    10    0.072090    0.241374    0.445664    1.654535 v fanout472/X (sky130_fd_sc_hd__dlymetal6s4s_1)
                                                         net472 (net)
                      0.241490    0.004886    1.659421 v _2434_/A (sky130_fd_sc_hd__inv_2)
     1    0.002770    0.045605    0.075107    1.734528 ^ _2434_/Y (sky130_fd_sc_hd__inv_2)
                                                         _2324_ (net)
                      0.045605    0.000025    1.734553 ^ fanout365/A (sky130_fd_sc_hd__clkdlybuf4s25_1)
     6    0.068755    0.511978    0.498141    2.232694 ^ fanout365/X (sky130_fd_sc_hd__clkdlybuf4s25_1)
                                                         net365 (net)
                      0.511979    0.000662    2.233356 ^ fanout363/A (sky130_fd_sc_hd__dlymetal6s4s_1)
    10    0.065552    0.491282    0.446694    2.680050 ^ fanout363/X (sky130_fd_sc_hd__dlymetal6s4s_1)
                                                         net363 (net)
                      0.491294    0.002026    2.682076 ^ _2592_/S (sky130_fd_sc_hd__mux2_1)
     1    0.008438    0.060266    0.210671    2.892747 v _2592_/X (sky130_fd_sc_hd__mux2_1)
                                                         _0467_ (net)
                      0.060266    0.000270    2.893017 v _2593_/B1 (sky130_fd_sc_hd__a22o_2)
     1    0.008049    0.040736    0.116757    3.009773 v _2593_/X (sky130_fd_sc_hd__a22o_2)
                                                         _0468_ (net)
                      0.040736    0.000241    3.010014 v fanout301/A (sky130_fd_sc_hd__clkdlybuf4s25_1)
     8    0.069521    0.347066    0.406558    3.416572 v fanout301/X (sky130_fd_sc_hd__clkdlybuf4s25_1)
                                                         net301 (net)
                      0.347066    0.000142    3.416714 v fanout299/A (sky130_fd_sc_hd__dlymetal6s4s_1)
    10    0.071994    0.240459    0.424597    3.841311 v fanout299/X (sky130_fd_sc_hd__dlymetal6s4s_1)
                                                         net299 (net)
                      0.240479    0.002323    3.843634 v _2606_/B (sky130_fd_sc_hd__xor2_2)
     3    0.019093    0.147465    0.190039    4.033673 v _2606_/X (sky130_fd_sc_hd__xor2_2)
                                                         _0481_ (net)
                      0.147465    0.000254    4.033927 v _2608_/A2 (sky130_fd_sc_hd__a21o_2)
     2    0.015017    0.045979    0.197162    4.231090 v _2608_/X (sky130_fd_sc_hd__a21o_2)
                                                         _0483_ (net)
                      0.045980    0.000310    4.231399 v _2609_/A2 (sky130_fd_sc_hd__a21o_2)
     2    0.012299    0.042286    0.157079    4.388478 v _2609_/X (sky130_fd_sc_hd__a21o_2)
                                                         _0484_ (net)
                      0.042286    0.000099    4.388577 v _2614_/A1 (sky130_fd_sc_hd__a21bo_2)
     3    0.022526    0.056661    0.157530    4.546107 v _2614_/X (sky130_fd_sc_hd__a21bo_2)
                                                         _0489_ (net)
                      0.056680    0.000981    4.547088 v _2619_/A2 (sky130_fd_sc_hd__a31o_2)
     3    0.020547    0.056514    0.189052    4.736140 v _2619_/X (sky130_fd_sc_hd__a31o_2)
                                                         _0494_ (net)
                      0.056518    0.000523    4.736663 v _2624_/A1 (sky130_fd_sc_hd__a311o_2)
     4    0.044903    0.105583    0.279733    5.016396 v _2624_/X (sky130_fd_sc_hd__a311o_2)
                                                         _0499_ (net)
                      0.105814    0.004268    5.020663 v _2679_/A (sky130_fd_sc_hd__nand4_2)
     2    0.013980    0.090279    0.101609    5.122272 ^ _2679_/Y (sky130_fd_sc_hd__nand4_2)
                                                         _0554_ (net)
                      0.090279    0.000457    5.122729 ^ _2683_/A1 (sky130_fd_sc_hd__a21bo_2)
     4    0.018885    0.082728    0.127238    5.249967 ^ _2683_/X (sky130_fd_sc_hd__a21bo_2)
                                                         _0558_ (net)
                      0.082728    0.000315    5.250282 ^ _2688_/A3 (sky130_fd_sc_hd__a311o_2)
     3    0.013489    0.062865    0.134491    5.384773 ^ _2688_/X (sky130_fd_sc_hd__a311o_2)
                                                         _0563_ (net)
                      0.062865    0.000218    5.384991 ^ _2689_/B (sky130_fd_sc_hd__nand2_2)
     1    0.009058    0.045861    0.042934    5.427925 v _2689_/Y (sky130_fd_sc_hd__nand2_2)
                                                         _0564_ (net)
                      0.045861    0.000107    5.428032 v _2690_/B (sky130_fd_sc_hd__xnor2_2)
     3    0.022993    0.088272    0.123936    5.551969 v _2690_/Y (sky130_fd_sc_hd__xnor2_2)
                                                         _0565_ (net)
                      0.088283    0.000812    5.552780 v _2696_/B (sky130_fd_sc_hd__or2_2)
     5    0.023061    0.074597    0.223676    5.776456 v _2696_/X (sky130_fd_sc_hd__or2_2)
                                                         _0567_ (net)
                      0.074597    0.000172    5.776628 v _2701_/B (sky130_fd_sc_hd__nor2_2)
     1    0.005321    0.089346    0.076616    5.853245 ^ _2701_/Y (sky130_fd_sc_hd__nor2_2)
                                                         net51 (net)
                      0.089346    0.000103    5.853349 ^ output51/A (sky130_fd_sc_hd__clkdlybuf4s25_1)
     1    0.034973    0.264348    0.335582    6.188931 ^ output51/X (sky130_fd_sc_hd__clkdlybuf4s25_1)
                                                         DEVICES_LDW (net)
                      0.264348    0.000470    6.189401 ^ DEVICES_LDW (out)
                                              6.189401   data arrival time

                                 20.000000   20.000000   clock CLK (rise edge)
                                  0.000000   20.000000   clock network delay (propagated)
                                 -0.250000   19.750002   clock uncertainty
                                  0.000000   19.750002   clock reconvergence pessimism
                                 -4.000000   15.750001   output external delay
                                             15.750001   data required time
---------------------------------------------------------------------------------------------
                                             15.750001   data required time
                                             -6.189401   data arrival time
---------------------------------------------------------------------------------------------
                                              9.560599   slack (MET)




===========================================================================
report_checks --slack_max -0.01
============================================================================
======================= min_ff_n40C_1v95 Corner ===================================

No paths found.


===========================================================================
 report_check_types -max_slew -max_cap -max_fanout -violators
============================================================================
======================= min_ff_n40C_1v95 Corner ===================================

max fanout

Pin                                   Limit Fanout  Slack
---------------------------------------------------------
fanout359/X                              10     13     -3 (VIOLATED)
clkbuf_leaf_24_CLK/X                     10     12     -2 (VIOLATED)
clkbuf_leaf_25_CLK/X                     10     12     -2 (VIOLATED)
_5160_/Q                                 10     11        (VIOLATED)
clkbuf_leaf_0_CLK/X                      10     11        (VIOLATED)
clkbuf_leaf_16_CLK/X                     10     11        (VIOLATED)
clkbuf_leaf_22_CLK/X                     10     11        (VIOLATED)
clkbuf_leaf_23_CLK/X                     10     11        (VIOLATED)
clkbuf_leaf_2_CLK/X                      10     11        (VIOLATED)
clkbuf_leaf_36_CLK/X                     10     11        (VIOLATED)
clkbuf_leaf_3_CLK/X                      10     11        (VIOLATED)
clkbuf_leaf_4_CLK/X                      10     11        (VIOLATED)
clkbuf_leaf_6_CLK/X                      10     11        (VIOLATED)
fanout176/X                              10     11        (VIOLATED)
fanout282/X                              10     11        (VIOLATED)
fanout302/X                              10     11        (VIOLATED)
fanout313/X                              10     11        (VIOLATED)
fanout320/X                              10     11        (VIOLATED)



===========================================================================
report_parasitic_annotation -report_unannotated
============================================================================
Found 22 unannotated drivers.
 clkload0/X
 clkload1/X
 clkload10/Y
 clkload11/X
 clkload12/X
 clkload13/Y
 clkload14/X
 clkload15/Y
 clkload16/X
 clkload17/X
 clkload18/Y
 clkload19/Y
 clkload2/X
 clkload20/X
 clkload21/X
 clkload3/X
 clkload4/X
 clkload5/X
 clkload6/X
 clkload7/X
 clkload8/X
 clkload9/X
Found 0 partially unannotated drivers.

===========================================================================
max slew violation count 0
max fanout violation count 18
max cap violation count 0
============================================================================

===========================================================================
check_setup -verbose -unconstrained_endpoints -multiple_clock -no_clock -no_input_delay -loops -generated_clocks
===========================================================================
