Clock: CLK
Sources: CLK 
Generated: no
Virtual: yes
Propagated: no
Period: 26.000000

===========================================================================
report_clock_properties
============================================================================
Clock                   Period          Waveform
----------------------------------------------------
CLK                  26.000000    0.000000 13.000000

===========================================================================
report_clock_latency
============================================================================
Clock CLK
rise -> rise
    min     max
0.000000 0.000000 source latency
0.533754         network latency _4970_/CLK
        0.590663 network latency _5051_/CLK
---------------
0.533754 0.590663 latency
        0.056909 skew

fall -> fall
    min     max
0.000000 0.000000 source latency
0.533188         network latency _4970_/CLK
        0.574423 network latency _5051_/CLK
---------------
0.533188 0.574423 latency
        0.041235 skew



===========================================================================
report_clock_min_period
============================================================================
CLK period_min = 6.74 fmax = 148.26
