161. Printing statistics.

=== VRAI_SYNC_CORE ===

        +----------Local Count, excluding submodules.
        |        +-Local Area, excluding submodules.
        |        | 
     3936        - wires
     4454        - wire bits
       55        - public wires
      564        - public wire bits
       17        - ports
      108        - port bits
     4388 8.44E+03 cells
      778        -   $_ANDNOT_
      208        -   $_AND_
     1841        -   $_MUX_
       65        -   $_NAND_
      153        -   $_NOR_
       79        -   $_NOT_
      103        -   $_ORNOT_
      558        -   $_OR_
       51        -   $_XNOR_
      155        -   $_XOR_
      397 8.44E+03   sky130_fd_sc_hd__dfxtp_2

   Area for cell type $_ANDNOT_ is unknown!
   Area for cell type $_AND_ is unknown!
   Area for cell type $_MUX_ is unknown!
   Area for cell type $_NAND_ is unknown!
   Area for cell type $_NOR_ is unknown!
   Area for cell type $_NOT_ is unknown!
   Area for cell type $_ORNOT_ is unknown!
   Area for cell type $_OR_ is unknown!
   Area for cell type $_XNOR_ is unknown!
   Area for cell type $_XOR_ is unknown!

   Chip area for module '\VRAI_SYNC_CORE': 8444.348800
     of which used for sequential elements: 8444.348800 (100.00%)

