
31. Executing CHECK pass (checking for obvious problems).
Checking module VRAI_SYNC_CORE...
Checking module POPCNT_4...
Checking module CLZ_8...
Checking module CTZ_8...
Checking module CTZ_16...
Checking module CLZ_16...
Checking module POPCNT_16...
Checking module ADDR_CALC...
Checking module INSTR_DECODER...
Checking module UNIT_DECODER...
Checking module UNIT_JMP...
Checking module COUNTER...
Checking module SYS_CATEGORY_DECODER...
Checking module SYS_EX_CTRL_DECODER...
Checking module SYS_ACCESS_DECODER...
Checking module UNIT_ALU...
Checking module UNIT_MEM...
Checking module UNIT_BIT...
Checking module SWITCH...
Checking module $paramod\SWITCH\size=s32'00000000000000000000000000000100...
Checking module CLZ_4...
Checking module CLZ_2...
Checking module CTZ_2...
Checking module CTZ_4...
Found and reported 0 problems.
