Clock: CLK
Sources: CLK 
Generated: no
Virtual: yes
Propagated: no
Period: 26.000000

===========================================================================
report_clock_properties
============================================================================
Clock                   Period          Waveform
----------------------------------------------------
CLK                  26.000000    0.000000 13.000000

===========================================================================
report_clock_latency
============================================================================
Clock CLK
rise -> rise
    min     max
0.000000 0.000000 source latency
0.477933         network latency _4972_/CLK
        0.506805 network latency _5189_/CLK
---------------
0.477933 0.506805 latency
        0.028873 skew

fall -> fall
    min     max
0.000000 0.000000 source latency
0.488831         network latency _4972_/CLK
        0.510303 network latency _5189_/CLK
---------------
0.488831 0.510303 latency
        0.021472 skew



===========================================================================
report_clock_min_period
============================================================================
CLK period_min = 6.26 fmax = 159.77
