Reading timing models for corner max_ss_100C_1v60…
Reading timing library for the 'max_ss_100C_1v60' corner at '/root/.ciel/ciel/sky130/versions/8afc8346a57fe1ab7934ba5a6056ea8b43078e71/sky130A/libs.ref/sky130_fd_sc_hd/lib/sky130_fd_sc_hd__ss_100C_1v60.lib'…
Reading OpenROAD database at '/home/Ven/vscode/VRAI/runs/RUN_2026-07-30_11-04-56/21-openroad-generatepdn/VRAI_SYNC_CORE.odb'…
Reading design constraints file at '/home/Ven/vscode/VRAI/constraints/vrai_pnr.sdc'…
[INFO] No information on clock propagation in input SDC file-- propagating all clocks.
+ global_placement -density 0.622964 -skip_io -pad_right 0 -pad_left 0 -init_wirelength_coef 0.25
[INFO GPL-0001] ---- Initialize GPL Main Data Structures
[INFO GPL-0002] DBU: 1000
[INFO GPL-0003] SiteSize: (  0.460  2.720 ) um
[INFO GPL-0004] CoreBBox: (  5.520 10.880 ) ( 263.580 266.560 ) um
[INFO GPL-0036] Movable instances area:      33364.499 um^2
[INFO GPL-0037] Total instances area:        35211.270 um^2
[INFO GPL-0035] Pin density area adjust:      4483.678 um^2
[INFO GPL-0032] ---- Initialize Region: Top-level
[INFO GPL-0006] Number of instances:              3966
[INFO GPL-0007] Movable instances:                2866
[INFO GPL-0008] Fixed instances:                  1100
[INFO GPL-0009] Dummy instances:                     0
[INFO GPL-0010] Number of nets:                   2916
[INFO GPL-0011] Number of pins:                  11662
[INFO GPL-0012] Die BBox:  (  0.000  0.000 ) ( 269.360 280.080 ) um
[INFO GPL-0013] Core BBox: (  5.520 10.880 ) ( 263.580 266.560 ) um
[INFO GPL-0016] Core area:                   65980.781 um^2
[INFO GPL-0014] Region name: top-level.
[INFO GPL-0015] Region area:                 65980.781 um^2
[INFO GPL-0017] Fixed instances area:         1846.771 um^2
[INFO GPL-0018] Movable instances area:      37848.177 um^2
[INFO GPL-0019] Utilization:                    59.014 %
[INFO GPL-0020] Standard cells area:         37848.177 um^2
[INFO GPL-0021] Large instances area:            0.000 um^2
[INFO GPL-0005] ---- Execute Conjugate Gradient Initial Placement.
[INFO GPL-0051] Source of initial instance position counters:
	Odb location = 0	Core center = 2866	Region center = 0
[INFO GPL-0033] ---- Initialize Nesterov Region: Top-level
[INFO GPL-0023] Placement target density:       0.6230
[INFO GPL-0024] Movable insts average area:     13.206 um^2
[INFO GPL-0025] Ideal bin area:                 21.199 um^2
[INFO GPL-0026] Ideal bin count:                  3112
[INFO GPL-0027] Total bin area:              65980.781 um^2
[INFO GPL-0028] Bin count (X, Y):          32 ,     32
[INFO GPL-0029] Bin size (W * H):       8.064 *  7.990 um
[INFO GPL-0030] Number of bins:                   1024
[INFO GPL-0007] ---- Execute Nesterov Global Placement.
[INFO GPL-0031] HPWL: Half-Perimeter Wirelength
Iteration | Overflow |     HPWL (um) |  HPWL(%) |   Penalty | Group
---------------------------------------------------------------
        0 |   0.9956 |  9.007836e+03 |   +0.00% |  4.53e-15 |      
       10 |   0.9915 |  5.996976e+03 |  -33.42% |  7.38e-15 |      
       20 |   0.9917 |  5.929288e+03 |   -1.13% |  1.20e-14 |      
       30 |   0.9920 |  5.912178e+03 |   -0.29% |  1.96e-14 |      
       40 |   0.9921 |  5.911283e+03 |   -0.02% |  3.19e-14 |      
       50 |   0.9919 |  5.913619e+03 |   +0.04% |  5.20e-14 |      
       60 |   0.9917 |  5.914349e+03 |   +0.01% |  8.47e-14 |      
       70 |   0.9916 |  5.914758e+03 |   +0.01% |  1.38e-13 |      
       80 |   0.9915 |  5.919263e+03 |   +0.08% |  2.25e-13 |      
       90 |   0.9915 |  5.934084e+03 |   +0.25% |  3.66e-13 |      
      100 |   0.9915 |  5.979832e+03 |   +0.77% |  5.96e-13 |      
      110 |   0.9915 |  6.151697e+03 |   +2.87% |  9.71e-13 |      
      120 |   0.9909 |  6.835692e+03 |  +11.12% |  1.58e-12 |      
      130 |   0.9839 |  8.183710e+03 |  +19.72% |  2.58e-12 |      
      140 |   0.9781 |  9.693115e+03 |  +18.44% |  4.19e-12 |      
      150 |   0.9742 |  1.138900e+04 |  +17.50% |  6.83e-12 |      
      160 |   0.9627 |  1.428878e+04 |  +25.46% |  1.11e-11 |      
      170 |   0.9401 |  1.853950e+04 |  +29.75% |  1.81e-11 |      
      180 |   0.9179 |  2.307561e+04 |  +24.47% |  2.95e-11 |      
      190 |   0.8974 |  2.708021e+04 |  +17.35% |  4.80e-11 |      
      200 |   0.8716 |  3.144551e+04 |  +16.12% |  7.82e-11 |      
      210 |   0.8396 |  3.632493e+04 |  +15.52% |  1.27e-10 |      
      220 |   0.8062 |  4.129618e+04 |  +13.69% |  2.07e-10 |      
      230 |   0.7661 |  4.559203e+04 |  +10.40% |  3.37e-10 |      
      240 |   0.7232 |  5.019531e+04 |  +10.10% |  5.49e-10 |      
      250 |   0.6773 |  5.488599e+04 |   +9.34% |  8.94e-10 |      
      260 |   0.6312 |  5.925821e+04 |   +7.97% |  1.46e-09 |      
      270 |   0.5810 |  6.318490e+04 |   +6.63% |  2.37e-09 |      
      280 |   0.5261 |  6.683931e+04 |   +5.78% |  3.86e-09 |      
      290 |   0.4629 |  6.925275e+04 |   +3.61% |  6.28e-09 |      
      300 |   0.4005 |  7.173494e+04 |   +3.58% |  1.02e-08 |      
      310 |   0.3492 |  7.366213e+04 |   +2.69% |  1.67e-08 |      
      320 |   0.3101 |  7.461748e+04 |   +1.30% |  2.48e-08 |      
      330 |   0.2780 |  7.595476e+04 |   +1.79% |  3.65e-08 |      
      340 |   0.2477 |  7.699107e+04 |   +1.36% |  5.38e-08 |      
      350 |   0.2148 |  7.780673e+04 |   +1.06% |  7.92e-08 |      
      360 |   0.1916 |  7.842270e+04 |   +0.79% |  1.17e-07 |      
      370 |   0.1659 |  7.888043e+04 |   +0.58% |  1.72e-07 |      
      380 |   0.1422 |  7.922964e+04 |   +0.44% |  2.53e-07 |      
      390 |   0.1169 |  7.956546e+04 |   +0.42% |  3.73e-07 |      
      399 |   0.0979 |  7.969039e+04 |          |  5.50e-07 |      
---------------------------------------------------------------
[INFO GPL-1001] Global placement finished at iteration 399
[INFO GPL-1002] Placed Cell Area            37848.1772
[INFO GPL-1003] Available Free Area         64134.0096
[INFO GPL-1004] Minimum Feasible Density        0.6000 (cell_area / free_area)
[INFO GPL-1006]   Suggested Target Densities:
[INFO GPL-1007]     - For 90% usage of free space: 0.6557
[INFO GPL-1008]     - For 80% usage of free space: 0.7377
[INFO GPL-1014] Final placement area: 37848.18 (+0.00%)
Setting global connections for newly added cells…
[INFO] Setting global connections...
[INFO ODB-0403] 0 connections made, 0 conflicts skipped.
Updating metrics…
Cell type report:                       Count       Area
  Fill cell                               188     705.68
  Tap cell                                912    1141.09
  Inverter                                 67     251.49
  Sequential cell                         416    8848.49
  Multi-Input combinational cell         2383   24264.52
  Total                                  3966   35211.27
Writing OpenROAD database to '/home/Ven/vscode/VRAI/runs/RUN_2026-07-30_11-04-56/24-openroad-globalplacementskipio/VRAI_SYNC_CORE.odb'…
Writing netlist to '/home/Ven/vscode/VRAI/runs/RUN_2026-07-30_11-04-56/24-openroad-globalplacementskipio/VRAI_SYNC_CORE.nl.v'…
Writing powered netlist to '/home/Ven/vscode/VRAI/runs/RUN_2026-07-30_11-04-56/24-openroad-globalplacementskipio/VRAI_SYNC_CORE.pnl.v'…
Writing layout to '/home/Ven/vscode/VRAI/runs/RUN_2026-07-30_11-04-56/24-openroad-globalplacementskipio/VRAI_SYNC_CORE.def'…
Writing timing constraints to '/home/Ven/vscode/VRAI/runs/RUN_2026-07-30_11-04-56/24-openroad-globalplacementskipio/VRAI_SYNC_CORE.sdc'…
