
===========================================================================
report_checks -unconstrained
===========================================================================
======================= nom_tt_025C_1v80 Corner ===================================

Startpoint: _5127_ (rising edge-triggered flip-flop clocked by CLK)
Endpoint: _5221_ (rising edge-triggered flip-flop clocked by CLK)
Path Group: CLK
Path Type: max

Fanout         Cap        Slew       Delay        Time   Description
---------------------------------------------------------------------------------------------
                                  0.000000    0.000000   clock CLK (rise edge)
                                  0.000000    0.000000   clock source latency
     1    0.027778    0.000000    0.000000    0.000000 ^ CLK (in)
                                                         CLK (net)
                      0.001293    0.000646    0.000646 ^ clkbuf_0_CLK/A (sky130_fd_sc_hd__clkbuf_16)
     4    0.055600    0.074097    0.137172    0.137818 ^ clkbuf_0_CLK/X (sky130_fd_sc_hd__clkbuf_16)
                                                         clknet_0_CLK (net)
                      0.074300    0.002670    0.140488 ^ clkbuf_2_2__f_CLK/A (sky130_fd_sc_hd__clkbuf_16)
    11    0.082656    0.099241    0.183175    0.323663 ^ clkbuf_2_2__f_CLK/X (sky130_fd_sc_hd__clkbuf_16)
                                                         clknet_2_2__leaf_CLK (net)
                      0.099419    0.002933    0.326596 ^ clkbuf_leaf_9_CLK/A (sky130_fd_sc_hd__clkbuf_8)
    11    0.030542    0.067121    0.165066    0.491662 ^ clkbuf_leaf_9_CLK/X (sky130_fd_sc_hd__clkbuf_8)
                                                         clknet_leaf_9_CLK (net)
                      0.067133    0.000886    0.492548 ^ _5127_/CLK (sky130_fd_sc_hd__dfxtp_4)
    26    0.204970    0.570642    0.718378    1.210926 ^ _5127_/Q (sky130_fd_sc_hd__dfxtp_4)
                                                         _0008_ (net)
                      0.570738    0.006268    1.217194 ^ max_cap153/A (sky130_fd_sc_hd__buf_12)
    39    0.307884    0.347906    0.378462    1.595656 ^ max_cap153/X (sky130_fd_sc_hd__buf_12)
                                                         net153 (net)
                      0.356641    0.043863    1.639519 ^ _2545_/S0 (sky130_fd_sc_hd__mux4_2)
     1    0.002764    0.079048    0.543348    2.182866 v _2545_/X (sky130_fd_sc_hd__mux4_2)
                                                         _0475_ (net)
                      0.079048    0.000089    2.182956 v _2546_/B (sky130_fd_sc_hd__or2_2)
     1    0.004483    0.060626    0.289019    2.471975 v _2546_/X (sky130_fd_sc_hd__or2_2)
                                                         _0476_ (net)
                      0.060626    0.000142    2.472117 v _2551_/A1 (sky130_fd_sc_hd__a22o_2)
    25    0.126490    0.300787    0.473379    2.945496 v _2551_/X (sky130_fd_sc_hd__a22o_2)
                                                         _0481_ (net)
                      0.301431    0.011629    2.957126 v _2554_/B (sky130_fd_sc_hd__or2_2)
     4    0.010031    0.074980    0.403433    3.360559 v _2554_/X (sky130_fd_sc_hd__or2_2)
                                                         _0484_ (net)
                      0.074980    0.000190    3.360748 v _2624_/B (sky130_fd_sc_hd__and2_2)
     4    0.017150    0.067045    0.238260    3.599008 v _2624_/X (sky130_fd_sc_hd__and2_2)
                                                         _0554_ (net)
                      0.067045    0.000244    3.599252 v _3775_/B (sky130_fd_sc_hd__or4_2)
     2    0.005183    0.109657    0.658987    4.258240 v _3775_/X (sky130_fd_sc_hd__or4_2)
                                                         _1335_ (net)
                      0.109657    0.000097    4.258337 v _3832_/A2 (sky130_fd_sc_hd__o31a_2)
     3    0.023347    0.098443    0.408398    4.666735 v _3832_/X (sky130_fd_sc_hd__o31a_2)
                                                         _1391_ (net)
                      0.098463    0.001376    4.668110 v _4109_/A2 (sky130_fd_sc_hd__a21oi_2)
     3    0.014681    0.199495    0.235533    4.903644 ^ _4109_/Y (sky130_fd_sc_hd__a21oi_2)
                                                         _1661_ (net)
                      0.199499    0.000697    4.904340 ^ _4125_/B (sky130_fd_sc_hd__nand2_2)
     2    0.010124    0.066236    0.099208    5.003548 v _4125_/Y (sky130_fd_sc_hd__nand2_2)
                                                         _1676_ (net)
                      0.066237    0.000340    5.003888 v _4144_/B (sky130_fd_sc_hd__nand2_2)
     3    0.013088    0.083836    0.102501    5.106389 ^ _4144_/Y (sky130_fd_sc_hd__nand2_2)
                                                         _1694_ (net)
                      0.083837    0.000455    5.106844 ^ _4172_/A2 (sky130_fd_sc_hd__a21o_2)
     2    0.005799    0.043214    0.134850    5.241694 ^ _4172_/X (sky130_fd_sc_hd__a21o_2)
                                                         _1721_ (net)
                      0.043214    0.000199    5.241893 ^ _4174_/A_N (sky130_fd_sc_hd__and3b_2)
     1    0.001980    0.035326    0.188869    5.430763 v _4174_/X (sky130_fd_sc_hd__and3b_2)
                                                         _1723_ (net)
                      0.035326    0.000042    5.430805 v _4185_/B (sky130_fd_sc_hd__or4b_2)
     1    0.003310    0.100904    0.625079    6.055883 v _4185_/X (sky130_fd_sc_hd__or4b_2)
                                                         _1734_ (net)
                      0.100904    0.000091    6.055975 v _4186_/D (sky130_fd_sc_hd__or4_2)
     1    0.006374    0.113636    0.573301    6.629276 v _4186_/X (sky130_fd_sc_hd__or4_2)
                                                         _1735_ (net)
                      0.113636    0.000270    6.629547 v _4187_/B2 (sky130_fd_sc_hd__o221a_2)
     1    0.002877    0.042600    0.246901    6.876448 v _4187_/X (sky130_fd_sc_hd__o221a_2)
                                                         _0369_ (net)
                      0.042600    0.000091    6.876539 v _5221_/D (sky130_fd_sc_hd__dfxtp_2)
                                              6.876539   data arrival time

                                 26.000000   26.000000   clock CLK (rise edge)
                                  0.000000   26.000000   clock source latency
     1    0.027778    0.000000    0.000000   26.000000 ^ CLK (in)
                                                         CLK (net)
                      0.001293    0.000647   26.000647 ^ clkbuf_0_CLK/A (sky130_fd_sc_hd__clkbuf_16)
     4    0.055600    0.074097    0.137172   26.137817 ^ clkbuf_0_CLK/X (sky130_fd_sc_hd__clkbuf_16)
                                                         clknet_0_CLK (net)
                      0.074270    0.002396   26.140215 ^ clkbuf_2_3__f_CLK/A (sky130_fd_sc_hd__clkbuf_16)
     8    0.074448    0.091494    0.177389   26.317602 ^ clkbuf_2_3__f_CLK/X (sky130_fd_sc_hd__clkbuf_16)
                                                         clknet_2_3__leaf_CLK (net)
                      0.091508    0.001167   26.318769 ^ clkbuf_leaf_21_CLK/A (sky130_fd_sc_hd__clkbuf_8)
    10    0.031224    0.068163    0.163009   26.481779 ^ clkbuf_leaf_21_CLK/X (sky130_fd_sc_hd__clkbuf_8)
                                                         clknet_leaf_21_CLK (net)
                      0.068175    0.000881   26.482660 ^ _5221_/CLK (sky130_fd_sc_hd__dfxtp_2)
                                  0.000000   26.482660   clock reconvergence pessimism
                                 -0.106424   26.376236   library setup time
                                             26.376236   data required time
---------------------------------------------------------------------------------------------
                                             26.376236   data required time
                                             -6.876539   data arrival time
---------------------------------------------------------------------------------------------
                                             19.499697   slack (MET)




===========================================================================
report_checks --slack_max -0.01
============================================================================
======================= nom_tt_025C_1v80 Corner ===================================

No paths found.


===========================================================================
 report_check_types -max_slew -max_cap -max_fanout -violators
============================================================================
======================= nom_tt_025C_1v80 Corner ===================================



===========================================================================
report_parasitic_annotation -report_unannotated
============================================================================
Found 34 unannotated drivers.
 clkload0/X
 clkload1/Y
 clkload10/X
 clkload11/X
 clkload12/Y
 clkload13/Y
 clkload14/Y
 clkload15/Y
 clkload16/Y
 clkload17/X
 clkload18/Y
 clkload19/Y
 clkload2/Y
 clkload20/Y
 clkload21/Y
 clkload22/Y
 clkload23/X
 clkload24/X
 clkload25/X
 clkload26/Y
 clkload27/Y
 clkload28/X
 clkload29/X
 clkload3/Y
 clkload30/X
 clkload31/X
 clkload32/X
 clkload33/Y
 clkload4/X
 clkload5/X
 clkload6/X
 clkload7/X
 clkload8/X
 clkload9/X
Found 0 partially unannotated drivers.

===========================================================================
max slew violation count 0
Writing metric design__max_slew_violation__count__corner:nom_tt_025C_1v80: 0
max fanout violation count 0
Writing metric design__max_fanout_violation__count__corner:nom_tt_025C_1v80: 0
max cap violation count 0
Writing metric design__max_cap_violation__count__corner:nom_tt_025C_1v80: 0
============================================================================

===========================================================================
check_setup -verbose -unconstrained_endpoints -multiple_clock -no_clock -no_input_delay -loops -generated_clocks
===========================================================================
Warning: There are 49 input ports missing set_input_delay.
  INSTR_STREAM[0]
  INSTR_STREAM[10]
  INSTR_STREAM[11]
  INSTR_STREAM[12]
  INSTR_STREAM[13]
  INSTR_STREAM[14]
  INSTR_STREAM[15]
  INSTR_STREAM[16]
  INSTR_STREAM[17]
  INSTR_STREAM[18]
  INSTR_STREAM[19]
  INSTR_STREAM[1]
  INSTR_STREAM[20]
  INSTR_STREAM[21]
  INSTR_STREAM[22]
  INSTR_STREAM[23]
  INSTR_STREAM[24]
  INSTR_STREAM[25]
  INSTR_STREAM[26]
  INSTR_STREAM[27]
  INSTR_STREAM[28]
  INSTR_STREAM[29]
  INSTR_STREAM[2]
  INSTR_STREAM[30]
  INSTR_STREAM[31]
  INSTR_STREAM[3]
  INSTR_STREAM[4]
  INSTR_STREAM[5]
  INSTR_STREAM[6]
  INSTR_STREAM[7]
  INSTR_STREAM[8]
  INSTR_STREAM[9]
  MEM_LD_DATA[0]
  MEM_LD_DATA[10]
  MEM_LD_DATA[11]
  MEM_LD_DATA[12]
  MEM_LD_DATA[13]
  MEM_LD_DATA[14]
  MEM_LD_DATA[15]
  MEM_LD_DATA[1]
  MEM_LD_DATA[2]
  MEM_LD_DATA[3]
  MEM_LD_DATA[4]
  MEM_LD_DATA[5]
  MEM_LD_DATA[6]
  MEM_LD_DATA[7]
  MEM_LD_DATA[8]
  MEM_LD_DATA[9]
  RESET
Warning: There are 58 unconstrained endpoints.
  DEVICES_LDH
  DEVICES_LDW
  DEVICES_STRH
  DEVICES_STRW
  EX_HALT
  INSTR_ADDR[0]
  INSTR_ADDR[10]
  INSTR_ADDR[11]
  INSTR_ADDR[12]
  INSTR_ADDR[13]
  INSTR_ADDR[14]
  INSTR_ADDR[15]
  INSTR_ADDR[1]
  INSTR_ADDR[2]
  INSTR_ADDR[3]
  INSTR_ADDR[4]
  INSTR_ADDR[5]
  INSTR_ADDR[6]
  INSTR_ADDR[7]
  INSTR_ADDR[8]
  INSTR_ADDR[9]
  INVALID_MEM
  MAIN_LDH
  MAIN_LDW
  MAIN_STRH
  MAIN_STRW
  MEM_ADDR[0]
  MEM_ADDR[10]
  MEM_ADDR[11]
  MEM_ADDR[12]
  MEM_ADDR[13]
  MEM_ADDR[14]
  MEM_ADDR[15]
  MEM_ADDR[1]
  MEM_ADDR[2]
  MEM_ADDR[3]
  MEM_ADDR[4]
  MEM_ADDR[5]
  MEM_ADDR[6]
  MEM_ADDR[7]
  MEM_ADDR[8]
  MEM_ADDR[9]
  MEM_STR_DATA[0]
  MEM_STR_DATA[10]
  MEM_STR_DATA[11]
  MEM_STR_DATA[12]
  MEM_STR_DATA[13]
  MEM_STR_DATA[14]
  MEM_STR_DATA[15]
  MEM_STR_DATA[1]
  MEM_STR_DATA[2]
  MEM_STR_DATA[3]
  MEM_STR_DATA[4]
  MEM_STR_DATA[5]
  MEM_STR_DATA[6]
  MEM_STR_DATA[7]
  MEM_STR_DATA[8]
  MEM_STR_DATA[9]
