Clock: CLK
Sources: CLK 
Generated: no
Virtual: yes
Propagated: no
Period: 26.000000

===========================================================================
report_clock_properties
============================================================================
Clock                   Period          Waveform
----------------------------------------------------
CLK                  26.000000    0.000000 13.000000

===========================================================================
report_clock_latency
============================================================================
Clock CLK
rise -> rise
    min     max
0.000000 0.000000 source latency
0.479058         network latency _5243_/CLK
        0.505937 network latency _5095_/CLK
---------------
0.479058 0.505937 latency
        0.026880 skew

fall -> fall
    min     max
0.000000 0.000000 source latency
0.489732         network latency _5243_/CLK
        0.508782 network latency _5095_/CLK
---------------
0.489732 0.508782 latency
        0.019051 skew



===========================================================================
report_clock_min_period
============================================================================
CLK period_min = 6.50 fmax = 153.84
