Reading timing models for corner nom_tt_025C_1v80…
Reading timing library for the 'nom_tt_025C_1v80' corner at '/root/.ciel/ciel/sky130/versions/8afc8346a57fe1ab7934ba5a6056ea8b43078e71/sky130A/libs.ref/sky130_fd_sc_hd/lib/sky130_fd_sc_hd__tt_025C_1v80.lib'…
Reading OpenROAD database at '/home/Ven/vscode/VRAI/runs/RUN_2026-07-20_09-36-57/16-odb-setpowerconnections/VRAI_SYNC_CORE.odb'…
Reading design constraints file at '/nix/store/bsc7517ifhyy0s2y84n52j5yvqsybbw9-python3-3.13.9-env/lib/python3.13/site-packages/librelane/scripts/base.sdc'…
[INFO] Using clock CLK…
[INFO] Setting output delay to: 4
[INFO] Setting input delay to: 4
[INFO] Setting load to: 0.033442
[INFO] Setting clock uncertainty to: 0.25
[INFO] Setting clock transition to: 0.1499999999999999944488848768742172978818416595458984375
[INFO] Setting timing derate to: 5%
+ cut_rows -halo_width_x 10 -halo_width_y 10 -endcap_master sky130_fd_sc_hd__decap_3
Setting global connections for newly added cells…
[INFO] Setting global connections...
[INFO ODB-0403] 0 connections made, 0 conflicts skipped.
Updating metrics…
Cell type report:                       Count       Area
  Inverter                                 76     285.27
  Sequential cell                         397    8444.35
  Multi-Input combinational cell         2372   24066.83
  Total                                  2845   32796.45
Writing OpenROAD database to '/home/Ven/vscode/VRAI/runs/RUN_2026-07-20_09-36-57/18-openroad-cutrows/VRAI_SYNC_CORE.odb'…
Writing layout to '/home/Ven/vscode/VRAI/runs/RUN_2026-07-20_09-36-57/18-openroad-cutrows/VRAI_SYNC_CORE.def'…
