
===========================================================================
report_checks -unconstrained
===========================================================================
======================= nom_ff_n40C_1v95 Corner ===================================

Startpoint: _5125_ (rising edge-triggered flip-flop clocked by CLK)
Endpoint: DEVICES_LDW (output port clocked by CLK)
Path Group: CLK
Path Type: max

Fanout         Cap        Slew       Delay        Time   Description
---------------------------------------------------------------------------------------------
                                  0.000000    0.000000   clock CLK (rise edge)
                                  0.000000    0.000000   clock source latency
     1    0.052931    0.180848    0.126182    0.126182 ^ CLK (in)
                                                         CLK (net)
                      0.180879    0.000000    0.126182 ^ clkbuf_0_CLK/A (sky130_fd_sc_hd__clkbuf_16)
     8    0.137079    0.116803    0.177860    0.304042 ^ clkbuf_0_CLK/X (sky130_fd_sc_hd__clkbuf_16)
                                                         clknet_0_CLK (net)
                      0.117874    0.008907    0.312949 ^ clkbuf_3_0__f_CLK/A (sky130_fd_sc_hd__clkbuf_16)
     6    0.060466    0.060474    0.131378    0.444327 ^ clkbuf_3_0__f_CLK/X (sky130_fd_sc_hd__clkbuf_16)
                                                         clknet_3_0__leaf_CLK (net)
                      0.060568    0.001408    0.445735 ^ clkbuf_leaf_3_CLK/A (sky130_fd_sc_hd__clkbuf_8)
    11    0.033107    0.052951    0.108473    0.554208 ^ clkbuf_leaf_3_CLK/X (sky130_fd_sc_hd__clkbuf_8)
                                                         clknet_leaf_3_CLK (net)
                      0.052963    0.000762    0.554971 ^ _5125_/CLK (sky130_fd_sc_hd__dfxtp_2)
     1    0.003556    0.017849    0.198950    0.753921 v _5125_/Q (sky130_fd_sc_hd__dfxtp_2)
                                                         _0010_ (net)
                      0.018111    0.000105    0.754026 v fanout473/A (sky130_fd_sc_hd__clkdlybuf4s25_1)
     8    0.102239    0.509661    0.514383    1.268409 v fanout473/X (sky130_fd_sc_hd__clkdlybuf4s25_1)
                                                         net473 (net)
                      0.509915    0.007530    1.275939 v fanout472/A (sky130_fd_sc_hd__clkdlybuf4s25_1)
    10    0.072584    0.363882    0.528434    1.804373 v fanout472/X (sky130_fd_sc_hd__clkdlybuf4s25_1)
                                                         net472 (net)
                      0.364118    0.008401    1.812774 v _2434_/A (sky130_fd_sc_hd__inv_2)
     1    0.002916    0.057995    0.097150    1.909924 ^ _2434_/Y (sky130_fd_sc_hd__inv_2)
                                                         _2324_ (net)
                      0.057995    0.000085    1.910009 ^ fanout365/A (sky130_fd_sc_hd__clkdlybuf4s25_1)
     6    0.070661    0.525893    0.510131    2.420140 ^ fanout365/X (sky130_fd_sc_hd__clkdlybuf4s25_1)
                                                         net365 (net)
                      0.525902    0.001859    2.421999 ^ fanout363/A (sky130_fd_sc_hd__clkdlybuf4s25_1)
    10    0.068931    0.513369    0.528492    2.950490 ^ fanout363/X (sky130_fd_sc_hd__clkdlybuf4s25_1)
                                                         net363 (net)
                      0.513393    0.002977    2.953467 ^ _2592_/S (sky130_fd_sc_hd__mux2_1)
     1    0.009955    0.066302    0.216160    3.169627 v _2592_/X (sky130_fd_sc_hd__mux2_1)
                                                         _0467_ (net)
                      0.066307    0.000591    3.170219 v _2593_/B1 (sky130_fd_sc_hd__a22o_2)
     1    0.008722    0.043093    0.120500    3.290719 v _2593_/X (sky130_fd_sc_hd__a22o_2)
                                                         _0468_ (net)
                      0.043093    0.000417    3.291136 v fanout301/A (sky130_fd_sc_hd__clkdlybuf4s25_1)
     8    0.076925    0.383865    0.432850    3.723986 v fanout301/X (sky130_fd_sc_hd__clkdlybuf4s25_1)
                                                         net301 (net)
                      0.383865    0.000099    3.724086 v fanout299/A (sky130_fd_sc_hd__clkdlybuf4s25_1)
    10    0.073163    0.365499    0.510772    4.234858 v fanout299/X (sky130_fd_sc_hd__clkdlybuf4s25_1)
                                                         net299 (net)
                      0.365543    0.003937    4.238795 v _2606_/B (sky130_fd_sc_hd__xor2_2)
     3    0.019119    0.148886    0.225462    4.464257 v _2606_/X (sky130_fd_sc_hd__xor2_2)
                                                         _0481_ (net)
                      0.148889    0.000492    4.464749 v _2608_/A2 (sky130_fd_sc_hd__a21o_2)
     2    0.016869    0.048655    0.200282    4.665031 v _2608_/X (sky130_fd_sc_hd__a21o_2)
                                                         _0483_ (net)
                      0.048669    0.000766    4.665797 v _2609_/A2 (sky130_fd_sc_hd__a21o_2)
     2    0.012519    0.042852    0.158431    4.824228 v _2609_/X (sky130_fd_sc_hd__a21o_2)
                                                         _0484_ (net)
                      0.042853    0.000260    4.824488 v _2614_/A1 (sky130_fd_sc_hd__a21bo_2)
     3    0.024942    0.060591    0.160710    4.985198 v _2614_/X (sky130_fd_sc_hd__a21bo_2)
                                                         _0489_ (net)
                      0.060694    0.002199    4.987397 v _2619_/A2 (sky130_fd_sc_hd__a31o_2)
     3    0.023502    0.061249    0.195013    5.182411 v _2619_/X (sky130_fd_sc_hd__a31o_2)
                                                         _0494_ (net)
                      0.061266    0.000991    5.183402 v _2624_/A1 (sky130_fd_sc_hd__a311o_2)
     4    0.047292    0.109133    0.283502    5.466904 v _2624_/X (sky130_fd_sc_hd__a311o_2)
                                                         _0499_ (net)
                      0.109842    0.006406    5.473310 v _2679_/A (sky130_fd_sc_hd__nand4_2)
     2    0.014127    0.090889    0.103647    5.576957 ^ _2679_/Y (sky130_fd_sc_hd__nand4_2)
                                                         _0554_ (net)
                      0.090891    0.000706    5.577663 ^ _2683_/A1 (sky130_fd_sc_hd__a21bo_2)
     4    0.020375    0.088549    0.131286    5.708949 ^ _2683_/X (sky130_fd_sc_hd__a21bo_2)
                                                         _0558_ (net)
                      0.088552    0.000636    5.709585 ^ _2688_/A3 (sky130_fd_sc_hd__a311o_2)
     3    0.014043    0.064409    0.137067    5.846652 ^ _2688_/X (sky130_fd_sc_hd__a311o_2)
                                                         _0563_ (net)
                      0.064410    0.000387    5.847039 ^ _2689_/B (sky130_fd_sc_hd__nand2_2)
     1    0.009086    0.046991    0.043058    5.890097 v _2689_/Y (sky130_fd_sc_hd__nand2_2)
                                                         _0564_ (net)
                      0.046994    0.000297    5.890393 v _2690_/B (sky130_fd_sc_hd__xnor2_2)
     3    0.024710    0.091865    0.127663    6.018056 v _2690_/Y (sky130_fd_sc_hd__xnor2_2)
                                                         _0565_ (net)
                      0.091886    0.001082    6.019138 v _2696_/B (sky130_fd_sc_hd__or2_2)
     5    0.023060    0.075068    0.224909    6.244047 v _2696_/X (sky130_fd_sc_hd__or2_2)
                                                         _0567_ (net)
                      0.075069    0.000422    6.244469 v _2701_/B (sky130_fd_sc_hd__nor2_2)
     1    0.005640    0.091579    0.078463    6.322932 ^ _2701_/Y (sky130_fd_sc_hd__nor2_2)
                                                         net51 (net)
                      0.091579    0.000229    6.323160 ^ output51/A (sky130_fd_sc_hd__clkdlybuf4s25_1)
     1    0.035048    0.264989    0.336107    6.659267 ^ output51/X (sky130_fd_sc_hd__clkdlybuf4s25_1)
                                                         DEVICES_LDW (net)
                      0.264989    0.000891    6.660158 ^ DEVICES_LDW (out)
                                              6.660158   data arrival time

                                 25.000000   25.000000   clock CLK (rise edge)
                                  0.000000   25.000000   clock network delay (propagated)
                                 -0.250000   24.750000   clock uncertainty
                                  0.000000   24.750000   clock reconvergence pessimism
                                 -5.000000   19.750000   output external delay
                                             19.750000   data required time
---------------------------------------------------------------------------------------------
                                             19.750000   data required time
                                             -6.660158   data arrival time
---------------------------------------------------------------------------------------------
                                             13.089842   slack (MET)




===========================================================================
report_checks --slack_max -0.01
============================================================================
======================= nom_ff_n40C_1v95 Corner ===================================

No paths found.


===========================================================================
 report_check_types -max_slew -max_cap -max_fanout -violators
============================================================================
======================= nom_ff_n40C_1v95 Corner ===================================

max slew

Pin                                        Limit        Slew       Slack
------------------------------------------------------------------------
_2541_/B1                               0.750000    0.859958   -0.109958 (VIOLATED)
_2520_/B1                               0.750000    0.859943   -0.109943 (VIOLATED)
_2507_/B1                               0.750000    0.859932   -0.109932 (VIOLATED)
_2471_/B1                               0.750000    0.859905   -0.109905 (VIOLATED)
_2589_/B1                               0.750000    0.859879   -0.109879 (VIOLATED)
_2495_/B1                               0.750000    0.859876   -0.109876 (VIOLATED)
_2530_/B1                               0.750000    0.859875   -0.109875 (VIOLATED)
_2435_/A                                0.750000    0.859873   -0.109873 (VIOLATED)
_2643_/B1                               0.750000    0.859871   -0.109871 (VIOLATED)
_2483_/B1                               0.750000    0.859864   -0.109864 (VIOLATED)
fanout469/X                             0.750000    0.859857   -0.109857 (VIOLATED)
_4611_/A0                               0.750000    0.821058   -0.071058 (VIOLATED)
_2888_/A1                               0.750000    0.821057   -0.071057 (VIOLATED)
_2694_/A                                0.750000    0.821056   -0.071056 (VIOLATED)
_4704_/A0                               0.750000    0.821048   -0.071048 (VIOLATED)
_2700_/A                                0.750000    0.821048   -0.071048 (VIOLATED)
_4664_/A0                               0.750000    0.821042   -0.071042 (VIOLATED)
_3457_/A                                0.750000    0.821041   -0.071041 (VIOLATED)
_2459_/A1                               0.750000    0.821041   -0.071041 (VIOLATED)
_4681_/A1                               0.750000    0.821039   -0.071039 (VIOLATED)
_4808_/B2                               0.750000    0.821025   -0.071025 (VIOLATED)
fanout322/X                             0.750000    0.821023   -0.071023 (VIOLATED)
_3173_/A2                               0.750000    0.775184   -0.025184 (VIOLATED)
_3187_/A2                               0.750000    0.775147   -0.025147 (VIOLATED)
_3172_/B                                0.750000    0.775146   -0.025146 (VIOLATED)
_3186_/A2                               0.750000    0.775145   -0.025145 (VIOLATED)
_3181_/A2                               0.750000    0.775144   -0.025144 (VIOLATED)
_3179_/A2                               0.750000    0.775141   -0.025141 (VIOLATED)
_3180_/A2                               0.750000    0.775140   -0.025140 (VIOLATED)
_3174_/A2                               0.750000    0.775140   -0.025140 (VIOLATED)
_3188_/A2                               0.750000    0.775139   -0.025139 (VIOLATED)
_3185_/A2                               0.750000    0.775123   -0.025123 (VIOLATED)
fanout282/X                             0.750000    0.775123   -0.025123 (VIOLATED)
_3175_/B1                               0.750000    0.774204   -0.024204 (VIOLATED)
_3173_/B1                               0.750000    0.774198   -0.024198 (VIOLATED)
_3180_/B1                               0.750000    0.774167   -0.024167 (VIOLATED)
_3179_/B1                               0.750000    0.774166   -0.024166 (VIOLATED)
_3174_/B1                               0.750000    0.774162   -0.024162 (VIOLATED)
_3185_/B1                               0.750000    0.774152   -0.024152 (VIOLATED)
_3187_/B1                               0.750000    0.774142   -0.024142 (VIOLATED)
_3186_/B1                               0.750000    0.774142   -0.024142 (VIOLATED)
_3181_/B1                               0.750000    0.774141   -0.024141 (VIOLATED)
_3188_/B1                               0.750000    0.774141   -0.024141 (VIOLATED)
fanout243/X                             0.750000    0.774141   -0.024141 (VIOLATED)
_2601_/S                                0.750000    0.771326   -0.021326 (VIOLATED)
_2596_/A                                0.750000    0.771315   -0.021315 (VIOLATED)
ANTENNA_9/DIODE                         0.750000    0.771283   -0.021283 (VIOLATED)
fanout472/A                             0.750000    0.771275   -0.021275 (VIOLATED)
_2533_/S                                0.750000    0.771263   -0.021263 (VIOLATED)
_2672_/S                                0.750000    0.771259   -0.021259 (VIOLATED)
_2589_/A1                               0.750000    0.771247   -0.021247 (VIOLATED)
fanout471/A                             0.750000    0.771187   -0.021187 (VIOLATED)
fanout473/X                             0.750000    0.771167   -0.021168 (VIOLATED)
_2880_/A                                0.750000    0.763643   -0.013643 (VIOLATED)
_2888_/B1                               0.750000    0.763642   -0.013642 (VIOLATED)
_2883_/A                                0.750000    0.763641   -0.013641 (VIOLATED)
_2887_/B                                0.750000    0.763616   -0.013616 (VIOLATED)
_2862_/A                                0.750000    0.763568   -0.013568 (VIOLATED)
_2860_/A                                0.750000    0.763567   -0.013567 (VIOLATED)
_2858_/A                                0.750000    0.763567   -0.013567 (VIOLATED)
_2856_/A                                0.750000    0.763564   -0.013564 (VIOLATED)
_2854_/A_N                              0.750000    0.763563   -0.013563 (VIOLATED)
fanout344/A                             0.750000    0.763545   -0.013545 (VIOLATED)
fanout345/X                             0.750000    0.763544   -0.013544 (VIOLATED)

max fanout

Pin                                   Limit Fanout  Slack
---------------------------------------------------------
fanout359/X                              10     13     -3 (VIOLATED)
clkbuf_leaf_24_CLK/X                     10     12     -2 (VIOLATED)
clkbuf_leaf_25_CLK/X                     10     12     -2 (VIOLATED)
fanout320/X                              10     12     -2 (VIOLATED)
clkbuf_leaf_0_CLK/X                      10     11        (VIOLATED)
clkbuf_leaf_16_CLK/X                     10     11        (VIOLATED)
clkbuf_leaf_22_CLK/X                     10     11        (VIOLATED)
clkbuf_leaf_23_CLK/X                     10     11        (VIOLATED)
clkbuf_leaf_2_CLK/X                      10     11        (VIOLATED)
clkbuf_leaf_36_CLK/X                     10     11        (VIOLATED)
clkbuf_leaf_3_CLK/X                      10     11        (VIOLATED)
clkbuf_leaf_4_CLK/X                      10     11        (VIOLATED)
clkbuf_leaf_6_CLK/X                      10     11        (VIOLATED)



===========================================================================
report_parasitic_annotation -report_unannotated
============================================================================
Found 22 unannotated drivers.
 clkload0/X
 clkload1/X
 clkload10/Y
 clkload11/X
 clkload12/X
 clkload13/Y
 clkload14/X
 clkload15/Y
 clkload16/X
 clkload17/X
 clkload18/Y
 clkload19/Y
 clkload2/X
 clkload20/X
 clkload21/X
 clkload3/X
 clkload4/X
 clkload5/X
 clkload6/X
 clkload7/X
 clkload8/X
 clkload9/X
Found 0 partially unannotated drivers.

===========================================================================
max slew violation count 64
max fanout violation count 13
max cap violation count 0
============================================================================

===========================================================================
check_setup -verbose -unconstrained_endpoints -multiple_clock -no_clock -no_input_delay -loops -generated_clocks
===========================================================================
