
===========================================================================
 report_power
============================================================================
======================= nom_ff_n40C_1v95 Corner ===================================

Group                    Internal    Switching      Leakage        Total
                            Power        Power        Power        Power (Watts)
------------------------------------------------------------------------
Sequential           7.491045e-04 2.217404e-05 8.129094e-09 7.712867e-04  37.9%
Combinational        2.597499e-04 3.872457e-04 3.769772e-08 6.470333e-04  31.8%
Clock                3.115017e-04 3.041687e-04 2.187233e-08 6.156923e-04  30.3%
Macro                0.000000e+00 0.000000e+00 0.000000e+00 0.000000e+00   0.0%
Pad                  0.000000e+00 0.000000e+00 0.000000e+00 0.000000e+00   0.0%
------------------------------------------------------------------------
Total                1.320358e-03 7.135884e-04 6.769957e-08 2.034014e-03 100.0%
                            64.9%        35.1%         0.0%

