Clock: CLK
Sources: CLK 
Generated: no
Virtual: yes
Propagated: no
Period: 250.000000

===========================================================================
report_clock_properties
============================================================================
Clock                   Period          Waveform
----------------------------------------------------
CLK                 250.000000    0.000000125.000000

===========================================================================
report_clock_latency
============================================================================
Clock CLK
rise -> rise
    min     max
0.000000 0.000000 source latency
0.761063         network latency _5004_/CLK
        0.781534 network latency _5170_/CLK
---------------
0.761063 0.781534 latency
        0.020471 skew

fall -> fall
    min     max
0.000000 0.000000 source latency
0.650971         network latency _5004_/CLK
        0.665807 network latency _5170_/CLK
---------------
0.650971 0.665807 latency
        0.014836 skew



===========================================================================
report_clock_min_period
============================================================================
CLK period_min = 9.63 fmax = 103.86
