
===========================================================================
 report_power
============================================================================
======================= min_tt_025C_1v80 Corner ===================================

Group                    Internal    Switching      Leakage        Total
                            Power        Power        Power        Power (Watts)
------------------------------------------------------------------------
Sequential           6.450205e-05 1.753771e-06 3.402940e-09 6.625923e-05  38.7%
Combinational        2.267735e-05 3.085860e-05 1.251303e-08 5.354847e-05  31.2%
Clock                2.725852e-05 2.427417e-05 1.707242e-08 5.154976e-05  30.1%
Macro                0.000000e+00 0.000000e+00 0.000000e+00 0.000000e+00   0.0%
Pad                  0.000000e+00 0.000000e+00 0.000000e+00 0.000000e+00   0.0%
------------------------------------------------------------------------
Total                1.144381e-04 5.688646e-05 3.298860e-08 1.713576e-04 100.0%
                            66.8%        33.2%         0.0%

