Clock: CLK
Sources: CLK 
Generated: no
Virtual: yes
Propagated: no
Period: 26.000000

===========================================================================
report_clock_properties
============================================================================
Clock                   Period          Waveform
----------------------------------------------------
CLK                  26.000000    0.000000 13.000000

===========================================================================
report_clock_latency
============================================================================
Clock CLK
rise -> rise
    min     max
0.000000 0.000000 source latency
0.891944         network latency _4970_/CLK
        0.979915 network latency _4882_/CLK
---------------
0.891944 0.979915 latency
        0.087971 skew

fall -> fall
    min     max
0.000000 0.000000 source latency
0.902446         network latency _4970_/CLK
        0.966599 network latency _4882_/CLK
---------------
0.902446 0.966599 latency
        0.064153 skew



===========================================================================
report_clock_min_period
============================================================================
CLK period_min = 13.32 fmax = 75.05
