Clock: CLK
Sources: CLK 
Generated: no
Virtual: yes
Propagated: no
Period: 26.000000

===========================================================================
report_clock_properties
============================================================================
Clock                   Period          Waveform
----------------------------------------------------
CLK                  26.000000    0.000000 13.000000

===========================================================================
report_clock_latency
============================================================================
Clock CLK
rise -> rise
    min     max
0.000000 0.000000 source latency
0.880532         network latency _5219_/CLK
        0.951523 network latency _5057_/CLK
---------------
0.880532 0.951523 latency
        0.070991 skew

fall -> fall
    min     max
0.000000 0.000000 source latency
0.893180         network latency _5219_/CLK
        0.944312 network latency _5057_/CLK
---------------
0.893180 0.944312 latency
        0.051132 skew



===========================================================================
report_clock_min_period
============================================================================
CLK period_min = 14.03 fmax = 71.27
