
===========================================================================
report_checks -unconstrained
===========================================================================
======================= max_tt_025C_1v80 Corner ===================================

Startpoint: _5127_ (rising edge-triggered flip-flop clocked by CLK)
Endpoint: DEVICES_STRW (output port clocked by CLK)
Path Group: CLK
Path Type: max

Fanout         Cap        Slew       Delay        Time   Description
---------------------------------------------------------------------------------------------
                                  0.000000    0.000000   clock CLK (rise edge)
                                  0.000000    0.000000   clock source latency
     1    0.049832    0.000000    0.000000    0.000000 ^ CLK (in)
                                                         CLK (net)
                      0.003084    0.001542    0.001542 ^ clkbuf_0_CLK/A (sky130_fd_sc_hd__clkbuf_16)
     4    0.082614    0.100794    0.153080    0.154622 ^ clkbuf_0_CLK/X (sky130_fd_sc_hd__clkbuf_16)
                                                         clknet_0_CLK (net)
                      0.102740    0.011083    0.165705 ^ clkbuf_2_2__f_CLK/A (sky130_fd_sc_hd__clkbuf_16)
    11    0.110710    0.125283    0.209172    0.374877 ^ clkbuf_2_2__f_CLK/X (sky130_fd_sc_hd__clkbuf_16)
                                                         clknet_2_2__leaf_CLK (net)
                      0.126310    0.009014    0.383892 ^ clkbuf_leaf_9_CLK/A (sky130_fd_sc_hd__clkbuf_8)
    12    0.037020    0.077530    0.181986    0.565877 ^ clkbuf_leaf_9_CLK/X (sky130_fd_sc_hd__clkbuf_8)
                                                         clknet_leaf_9_CLK (net)
                      0.077584    0.001888    0.567765 ^ _5127_/CLK (sky130_fd_sc_hd__dfxtp_4)
    18    0.153436    0.431180    0.618355    1.186120 ^ _5127_/Q (sky130_fd_sc_hd__dfxtp_4)
                                                         _0008_ (net)
                      0.431482    0.009655    1.195775 ^ max_cap165/A (sky130_fd_sc_hd__buf_12)
    24    0.216794    0.252330    0.295648    1.491422 ^ max_cap165/X (sky130_fd_sc_hd__buf_12)
                                                         net165 (net)
                      0.256254    0.025632    1.517054 ^ max_cap164/A (sky130_fd_sc_hd__buf_12)
    24    0.216667    0.249891    0.263885    1.780939 ^ max_cap164/X (sky130_fd_sc_hd__buf_12)
                                                         net164 (net)
                      0.283441    0.070030    1.850969 ^ _2578_/S0 (sky130_fd_sc_hd__mux4_2)
     1    0.004664    0.087377    0.549440    2.400409 v _2578_/X (sky130_fd_sc_hd__mux4_2)
                                                         _0508_ (net)
                      0.087377    0.000315    2.400724 v _2579_/B (sky130_fd_sc_hd__or2_2)
     2    0.008007    0.068708    0.307369    2.708093 v _2579_/X (sky130_fd_sc_hd__or2_2)
                                                         _0509_ (net)
                      0.068709    0.000352    2.708446 v _2586_/A1 (sky130_fd_sc_hd__a22o_2)
     8    0.058065    0.159718    0.365388    3.073834 v _2586_/X (sky130_fd_sc_hd__a22o_2)
                                                         _0516_ (net)
                      0.159779    0.003068    3.076902 v _2587_/B (sky130_fd_sc_hd__and2_2)
     4    0.015300    0.063507    0.273907    3.350809 v _2587_/X (sky130_fd_sc_hd__and2_2)
                                                         _0517_ (net)
                      0.063510    0.000467    3.351276 v _2589_/A (sky130_fd_sc_hd__nor2_2)
     9    0.052666    0.566295    0.465998    3.817274 ^ _2589_/Y (sky130_fd_sc_hd__nor2_2)
                                                         _0519_ (net)
                      0.566326    0.003592    3.820866 ^ _2615_/A1 (sky130_fd_sc_hd__a21o_2)
     2    0.016223    0.093826    0.259486    4.080352 ^ _2615_/X (sky130_fd_sc_hd__a21o_2)
                                                         _0545_ (net)
                      0.093840    0.001187    4.081540 ^ _2621_/A1 (sky130_fd_sc_hd__a21bo_2)
     3    0.023172    0.132207    0.206094    4.287634 ^ _2621_/X (sky130_fd_sc_hd__a21bo_2)
                                                         _0551_ (net)
                      0.132246    0.002169    4.289804 ^ _2626_/A2 (sky130_fd_sc_hd__a31o_2)
     3    0.021371    0.133987    0.241159    4.530962 ^ _2626_/X (sky130_fd_sc_hd__a31o_2)
                                                         _0556_ (net)
                      0.134001    0.001434    4.532396 ^ _2631_/A1 (sky130_fd_sc_hd__a31o_2)
     4    0.045980    0.262725    0.329341    4.861737 ^ _2631_/X (sky130_fd_sc_hd__a31o_2)
                                                         _0561_ (net)
                      0.262787    0.003930    4.865667 ^ _2684_/D_N (sky130_fd_sc_hd__or4b_2)
     3    0.015397    0.146337    0.688956    5.554624 v _2684_/X (sky130_fd_sc_hd__or4b_2)
                                                         _0614_ (net)
                      0.146337    0.001472    5.556096 v _2690_/A1 (sky130_fd_sc_hd__a21o_2)
     4    0.015034    0.062176    0.259092    5.815188 v _2690_/X (sky130_fd_sc_hd__a21o_2)
                                                         _0620_ (net)
                      0.062191    0.000931    5.816119 v _2694_/A3 (sky130_fd_sc_hd__a311o_2)
     4    0.016910    0.089707    0.438375    6.254494 v _2694_/X (sky130_fd_sc_hd__a311o_2)
                                                         _0624_ (net)
                      0.089719    0.001017    6.255510 v _2696_/A2 (sky130_fd_sc_hd__a21bo_2)
     5    0.020944    0.075963    0.274448    6.529959 v _2696_/X (sky130_fd_sc_hd__a21bo_2)
                                                         _0626_ (net)
                      0.076021    0.001906    6.531865 v _2704_/C (sky130_fd_sc_hd__and3_2)
     2    0.018740    0.073133    0.263507    6.795372 v _2704_/X (sky130_fd_sc_hd__and3_2)
                                                         _0628_ (net)
                      0.073147    0.001051    6.796423 v _2705_/B (sky130_fd_sc_hd__and2_2)
     1    0.002884    0.036563    0.195305    6.991728 v _2705_/X (sky130_fd_sc_hd__and2_2)
                                                         net53 (net)
                      0.036563    0.000191    6.991920 v output53/A (sky130_fd_sc_hd__clkdlybuf4s25_1)
     1    0.051946    0.381998    0.502190    7.494110 v output53/X (sky130_fd_sc_hd__clkdlybuf4s25_1)
                                                         DEVICES_STRW (net)
                      0.382017    0.002896    7.497006 v DEVICES_STRW (out)
                                              7.497006   data arrival time

                                 26.000000   26.000000   clock CLK (rise edge)
                                  0.000000   26.000000   clock network delay (propagated)
                                  0.000000   26.000000   clock reconvergence pessimism
                                 -5.000000   20.999998   output external delay
                                             20.999998   data required time
---------------------------------------------------------------------------------------------
                                             20.999998   data required time
                                             -7.497006   data arrival time
---------------------------------------------------------------------------------------------
                                             13.502993   slack (MET)




===========================================================================
report_checks --slack_max -0.01
============================================================================
======================= max_tt_025C_1v80 Corner ===================================

No paths found.


===========================================================================
 report_check_types -max_slew -max_cap -max_fanout -violators
============================================================================
======================= max_tt_025C_1v80 Corner ===================================



===========================================================================
report_parasitic_annotation -report_unannotated
============================================================================
Found 40 unannotated drivers.
 clkload0/X
 clkload1/Y
 clkload10/X
 clkload11/X
 clkload12/X
 clkload13/X
 clkload14/Y
 clkload15/Y
 clkload16/Y
 clkload17/Y
 clkload18/Y
 clkload19/Y
 clkload2/Y
 clkload20/X
 clkload21/Y
 clkload22/Y
 clkload23/Y
 clkload24/Y
 clkload25/Y
 clkload26/X
 clkload27/X
 clkload28/X
 clkload29/X
 clkload3/Y
 clkload30/Y
 clkload31/X
 clkload32/Y
 clkload33/Y
 clkload34/X
 clkload35/X
 clkload36/X
 clkload37/X
 clkload38/X
 clkload39/Y
 clkload4/X
 clkload5/X
 clkload6/X
 clkload7/X
 clkload8/X
 clkload9/X
Found 0 partially unannotated drivers.

===========================================================================
max slew violation count 0
max fanout violation count 0
max cap violation count 0
============================================================================

===========================================================================
check_setup -verbose -unconstrained_endpoints -multiple_clock -no_clock -no_input_delay -loops -generated_clocks
===========================================================================
