Clock: CLK
Sources: CLK 
Generated: no
Virtual: yes
Propagated: no
Period: 26.000000

===========================================================================
report_clock_properties
============================================================================
Clock                   Period          Waveform
----------------------------------------------------
CLK                  26.000000    0.000000 13.000000

===========================================================================
report_clock_latency
============================================================================
Clock CLK
rise -> rise
    min     max
0.000000 0.000000 source latency
0.542291         network latency _5254_/CLK
        0.599925 network latency _5022_/CLK
---------------
0.542291 0.599925 latency
        0.057634 skew

fall -> fall
    min     max
0.000000 0.000000 source latency
0.540130         network latency _5255_/CLK
        0.581601 network latency _5022_/CLK
---------------
0.540130 0.581601 latency
        0.041472 skew



===========================================================================
report_clock_min_period
============================================================================
CLK period_min = 6.81 fmax = 146.83
