
===========================================================================
report_checks -unconstrained
===========================================================================
======================= min_tt_025C_1v80 Corner ===================================

Startpoint: _5125_ (rising edge-triggered flip-flop clocked by CLK)
Endpoint: DEVICES_LDW (output port clocked by CLK)
Path Group: CLK
Path Type: max

Fanout         Cap        Slew       Delay        Time   Description
---------------------------------------------------------------------------------------------
                                  0.000000    0.000000   clock CLK (rise edge)
                                  0.000000    0.000000   clock source latency
     1    0.049238    0.225627    0.156931    0.156931 ^ CLK (in)
                                                         CLK (net)
                      0.225641    0.000000    0.156931 ^ clkbuf_0_CLK/A (sky130_fd_sc_hd__clkbuf_16)
     8    0.127248    0.141218    0.262297    0.419228 ^ clkbuf_0_CLK/X (sky130_fd_sc_hd__clkbuf_16)
                                                         clknet_0_CLK (net)
                      0.141726    0.006217    0.425446 ^ clkbuf_3_0__f_CLK/A (sky130_fd_sc_hd__clkbuf_16)
     6    0.054308    0.073100    0.186670    0.612116 ^ clkbuf_3_0__f_CLK/X (sky130_fd_sc_hd__clkbuf_16)
                                                         clknet_3_0__leaf_CLK (net)
                      0.073102    0.000509    0.612625 ^ clkbuf_leaf_3_CLK/A (sky130_fd_sc_hd__clkbuf_8)
    11    0.031403    0.068489    0.156574    0.769199 ^ clkbuf_leaf_3_CLK/X (sky130_fd_sc_hd__clkbuf_8)
                                                         clknet_leaf_3_CLK (net)
                      0.068490    0.000396    0.769595 ^ _5125_/CLK (sky130_fd_sc_hd__dfxtp_2)
     1    0.003310    0.023588    0.312308    1.081903 v _5125_/Q (sky130_fd_sc_hd__dfxtp_2)
                                                         _0010_ (net)
                      0.023588    0.000039    1.081941 v fanout473/A (sky130_fd_sc_hd__clkdlybuf4s25_1)
     9    0.090208    0.653136    0.695797    1.777738 v fanout473/X (sky130_fd_sc_hd__clkdlybuf4s25_1)
                                                         net473 (net)
                      0.653188    0.006007    1.783745 v fanout472/A (sky130_fd_sc_hd__dlymetal6s4s_1)
    10    0.071398    0.343175    0.708982    2.492727 v fanout472/X (sky130_fd_sc_hd__dlymetal6s4s_1)
                                                         net472 (net)
                      0.343248    0.004837    2.497564 v _2434_/A (sky130_fd_sc_hd__inv_2)
     1    0.002730    0.068435    0.107712    2.605276 ^ _2434_/Y (sky130_fd_sc_hd__inv_2)
                                                         _2324_ (net)
                      0.068435    0.000025    2.605300 ^ fanout365/A (sky130_fd_sc_hd__clkdlybuf4s25_1)
     6    0.068322    0.679192    0.700341    3.305642 ^ fanout365/X (sky130_fd_sc_hd__clkdlybuf4s25_1)
                                                         net365 (net)
                      0.679192    0.000658    3.306300 ^ fanout363/A (sky130_fd_sc_hd__dlymetal6s4s_1)
    10    0.064652    0.631231    0.675980    3.982280 ^ fanout363/X (sky130_fd_sc_hd__dlymetal6s4s_1)
                                                         net363 (net)
                      0.631240    0.002001    3.984281 ^ _2592_/S (sky130_fd_sc_hd__mux2_1)
     1    0.008366    0.083181    0.416630    4.400911 v _2592_/X (sky130_fd_sc_hd__mux2_1)
                                                         _0467_ (net)
                      0.083181    0.000267    4.401178 v _2593_/B1 (sky130_fd_sc_hd__a22o_2)
     1    0.008010    0.058463    0.235295    4.636473 v _2593_/X (sky130_fd_sc_hd__a22o_2)
                                                         _0468_ (net)
                      0.058463    0.000239    4.636713 v fanout301/A (sky130_fd_sc_hd__clkdlybuf4s25_1)
     8    0.069232    0.504506    0.602096    5.238808 v fanout301/X (sky130_fd_sc_hd__clkdlybuf4s25_1)
                                                         net301 (net)
                      0.504506    0.000140    5.238948 v fanout299/A (sky130_fd_sc_hd__dlymetal6s4s_1)
    10    0.071763    0.344251    0.665458    5.904406 v fanout299/X (sky130_fd_sc_hd__dlymetal6s4s_1)
                                                         net299 (net)
                      0.344263    0.002327    5.906733 v _2606_/B (sky130_fd_sc_hd__xor2_2)
     3    0.019161    0.206687    0.289758    6.196491 v _2606_/X (sky130_fd_sc_hd__xor2_2)
                                                         _0481_ (net)
                      0.206687    0.000255    6.196745 v _2608_/A2 (sky130_fd_sc_hd__a21o_2)
     2    0.015092    0.062093    0.303173    6.499918 v _2608_/X (sky130_fd_sc_hd__a21o_2)
                                                         _0483_ (net)
                      0.062093    0.000311    6.500230 v _2609_/A2 (sky130_fd_sc_hd__a21o_2)
     2    0.012333    0.056559    0.242745    6.742975 v _2609_/X (sky130_fd_sc_hd__a21o_2)
                                                         _0484_ (net)
                      0.056559    0.000099    6.743074 v _2614_/A1 (sky130_fd_sc_hd__a21bo_2)
     3    0.022591    0.079595    0.244055    6.987129 v _2614_/X (sky130_fd_sc_hd__a21bo_2)
                                                         _0489_ (net)
                      0.079607    0.000983    6.988112 v _2619_/A2 (sky130_fd_sc_hd__a31o_2)
     3    0.020569    0.077354    0.291498    7.279611 v _2619_/X (sky130_fd_sc_hd__a31o_2)
                                                         _0494_ (net)
                      0.077356    0.000523    7.280133 v _2624_/A1 (sky130_fd_sc_hd__a311o_2)
     4    0.044922    0.148748    0.440861    7.720994 v _2624_/X (sky130_fd_sc_hd__a311o_2)
                                                         _0499_ (net)
                      0.148901    0.004272    7.725266 v _2679_/A (sky130_fd_sc_hd__nand4_2)
     2    0.013965    0.118140    0.144200    7.869466 ^ _2679_/Y (sky130_fd_sc_hd__nand4_2)
                                                         _0554_ (net)
                      0.118141    0.000456    7.869922 ^ _2683_/A1 (sky130_fd_sc_hd__a21bo_2)
     4    0.018777    0.109650    0.199141    8.069063 ^ _2683_/X (sky130_fd_sc_hd__a21bo_2)
                                                         _0558_ (net)
                      0.109650    0.000313    8.069376 ^ _2688_/A3 (sky130_fd_sc_hd__a311o_2)
     3    0.013312    0.087181    0.222457    8.291832 ^ _2688_/X (sky130_fd_sc_hd__a311o_2)
                                                         _0563_ (net)
                      0.087181    0.000218    8.292050 ^ _2689_/B (sky130_fd_sc_hd__nand2_2)
     1    0.009133    0.064801    0.072746    8.364797 v _2689_/Y (sky130_fd_sc_hd__nand2_2)
                                                         _0564_ (net)
                      0.064801    0.000108    8.364905 v _2690_/B (sky130_fd_sc_hd__xnor2_2)
     3    0.022899    0.127315    0.192593    8.557498 v _2690_/Y (sky130_fd_sc_hd__xnor2_2)
                                                         _0565_ (net)
                      0.127372    0.000807    8.558306 v _2696_/B (sky130_fd_sc_hd__or2_2)
     5    0.023016    0.106169    0.371496    8.929801 v _2696_/X (sky130_fd_sc_hd__or2_2)
                                                         _0567_ (net)
                      0.106169    0.000171    8.929973 v _2701_/B (sky130_fd_sc_hd__nor2_2)
     1    0.005281    0.122830    0.112044    9.042016 ^ _2701_/Y (sky130_fd_sc_hd__nor2_2)
                                                         net51 (net)
                      0.122830    0.000103    9.042119 ^ output51/A (sky130_fd_sc_hd__clkdlybuf4s25_1)
     1    0.034973    0.353523    0.491152    9.533272 ^ output51/X (sky130_fd_sc_hd__clkdlybuf4s25_1)
                                                         DEVICES_LDW (net)
                      0.353523    0.000470    9.533741 ^ DEVICES_LDW (out)
                                              9.533741   data arrival time

                                 20.000000   20.000000   clock CLK (rise edge)
                                  0.000000   20.000000   clock network delay (propagated)
                                 -0.250000   19.750002   clock uncertainty
                                  0.000000   19.750002   clock reconvergence pessimism
                                 -4.000000   15.750001   output external delay
                                             15.750001   data required time
---------------------------------------------------------------------------------------------
                                             15.750001   data required time
                                             -9.533741   data arrival time
---------------------------------------------------------------------------------------------
                                              6.216259   slack (MET)




===========================================================================
report_checks --slack_max -0.01
============================================================================
======================= min_tt_025C_1v80 Corner ===================================

No paths found.


===========================================================================
 report_check_types -max_slew -max_cap -max_fanout -violators
============================================================================
======================= min_tt_025C_1v80 Corner ===================================

max slew

Pin                                        Limit        Slew       Slack
------------------------------------------------------------------------
_4611_/A0                               0.750000    0.993782   -0.243782 (VIOLATED)
_2888_/A1                               0.750000    0.993780   -0.243780 (VIOLATED)
_2694_/A                                0.750000    0.993780   -0.243780 (VIOLATED)
_2700_/A                                0.750000    0.993780   -0.243780 (VIOLATED)
_4664_/A0                               0.750000    0.993780   -0.243780 (VIOLATED)
_2459_/A1                               0.750000    0.993779   -0.243779 (VIOLATED)
_3457_/A                                0.750000    0.993779   -0.243779 (VIOLATED)
_4681_/A1                               0.750000    0.993779   -0.243779 (VIOLATED)
_4704_/A0                               0.750000    0.993779   -0.243779 (VIOLATED)
_4808_/B2                               0.750000    0.993777   -0.243777 (VIOLATED)
fanout322/X                             0.750000    0.993777   -0.243777 (VIOLATED)
_2541_/B1                               0.750000    0.976606   -0.226606 (VIOLATED)
_2520_/B1                               0.750000    0.976603   -0.226603 (VIOLATED)
_2507_/B1                               0.750000    0.976602   -0.226602 (VIOLATED)
_2471_/B1                               0.750000    0.976599   -0.226599 (VIOLATED)
_2589_/B1                               0.750000    0.976598   -0.226598 (VIOLATED)
_2495_/B1                               0.750000    0.976597   -0.226597 (VIOLATED)
_2530_/B1                               0.750000    0.976597   -0.226597 (VIOLATED)
_2435_/A                                0.750000    0.976597   -0.226597 (VIOLATED)
_2643_/B1                               0.750000    0.976596   -0.226597 (VIOLATED)
_2483_/B1                               0.750000    0.976595   -0.226595 (VIOLATED)
fanout469/X                             0.750000    0.976595   -0.226595 (VIOLATED)
_3175_/B1                               0.750000    0.954803   -0.204803 (VIOLATED)
_3173_/B1                               0.750000    0.954800   -0.204800 (VIOLATED)
_3180_/B1                               0.750000    0.954769   -0.204769 (VIOLATED)
_3179_/B1                               0.750000    0.954762   -0.204762 (VIOLATED)
_3174_/B1                               0.750000    0.954761   -0.204761 (VIOLATED)
_3185_/B1                               0.750000    0.954758   -0.204758 (VIOLATED)
_3181_/B1                               0.750000    0.954757   -0.204757 (VIOLATED)
_3186_/B1                               0.750000    0.954757   -0.204757 (VIOLATED)
_3187_/B1                               0.750000    0.954757   -0.204757 (VIOLATED)
_3188_/B1                               0.750000    0.954757   -0.204757 (VIOLATED)
fanout243/X                             0.750000    0.954757   -0.204757 (VIOLATED)
_2880_/A                                0.750000    0.948602   -0.198602 (VIOLATED)
_2888_/B1                               0.750000    0.948602   -0.198602 (VIOLATED)
_2883_/A                                0.750000    0.948602   -0.198602 (VIOLATED)
_2887_/B                                0.750000    0.948598   -0.198598 (VIOLATED)
_2862_/A                                0.750000    0.948585   -0.198585 (VIOLATED)
_2858_/A                                0.750000    0.948584   -0.198584 (VIOLATED)
_2860_/A                                0.750000    0.948584   -0.198584 (VIOLATED)
_2856_/A                                0.750000    0.948584   -0.198584 (VIOLATED)
_2854_/A_N                              0.750000    0.948583   -0.198583 (VIOLATED)
fanout344/A                             0.750000    0.948581   -0.198581 (VIOLATED)
fanout345/X                             0.750000    0.948581   -0.198581 (VIOLATED)
_2949_/B1                               0.750000    0.928396   -0.178396 (VIOLATED)
_2950_/B1                               0.750000    0.928394   -0.178394 (VIOLATED)
_2959_/B1                               0.750000    0.928393   -0.178393 (VIOLATED)
ANTENNA_3/DIODE                         0.750000    0.928391   -0.178391 (VIOLATED)
_2956_/B1                               0.750000    0.928391   -0.178391 (VIOLATED)
_2955_/B1                               0.750000    0.928390   -0.178390 (VIOLATED)
_2961_/B1                               0.750000    0.928390   -0.178390 (VIOLATED)
_2957_/B1                               0.750000    0.928165   -0.178165 (VIOLATED)
_2962_/B1                               0.750000    0.928165   -0.178165 (VIOLATED)
_2963_/B1                               0.750000    0.928165   -0.178165 (VIOLATED)
_2964_/B1                               0.750000    0.928165   -0.178165 (VIOLATED)
fanout176/X                             0.750000    0.928165   -0.178165 (VIOLATED)
ANTENNA_23/DIODE                        0.750000    0.925747   -0.175747 (VIOLATED)
_3173_/A2                               0.750000    0.925748   -0.175748 (VIOLATED)
_3172_/B                                0.750000    0.925747   -0.175747 (VIOLATED)
_3187_/A2                               0.750000    0.925746   -0.175746 (VIOLATED)
_3181_/A2                               0.750000    0.925746   -0.175746 (VIOLATED)
_3186_/A2                               0.750000    0.925746   -0.175746 (VIOLATED)
_3188_/A2                               0.750000    0.925745   -0.175745 (VIOLATED)
_3179_/A2                               0.750000    0.925745   -0.175745 (VIOLATED)
_3174_/A2                               0.750000    0.925744   -0.175744 (VIOLATED)
_3180_/A2                               0.750000    0.925744   -0.175744 (VIOLATED)
_3185_/A2                               0.750000    0.925525   -0.175525 (VIOLATED)
fanout282/X                             0.750000    0.925525   -0.175525 (VIOLATED)
_2639_/B                                0.750000    0.923444   -0.173444 (VIOLATED)
_2636_/B                                0.750000    0.923442   -0.173442 (VIOLATED)
_2634_/B                                0.750000    0.923440   -0.173440 (VIOLATED)
_2633_/A                                0.750000    0.923410   -0.173410 (VIOLATED)
_3673_/A1                               0.750000    0.923375   -0.173375 (VIOLATED)
_4723_/A1                               0.750000    0.923343   -0.173343 (VIOLATED)
_4431_/A                                0.750000    0.923331   -0.173331 (VIOLATED)
_4432_/A                                0.750000    0.923331   -0.173331 (VIOLATED)
_4468_/A                                0.750000    0.923331   -0.173331 (VIOLATED)
_4554_/A1                               0.750000    0.923329   -0.173329 (VIOLATED)
fanout297/X                             0.750000    0.923329   -0.173329 (VIOLATED)
_2460_/D1                               0.750000    0.909728   -0.159728 (VIOLATED)
_3731_/C                                0.750000    0.909727   -0.159727 (VIOLATED)
_3461_/B2                               0.750000    0.909721   -0.159721 (VIOLATED)
_3732_/C                                0.750000    0.909711   -0.159711 (VIOLATED)
_3851_/A                                0.750000    0.909706   -0.159706 (VIOLATED)
ANTENNA_19/DIODE                        0.750000    0.909705   -0.159705 (VIOLATED)
fanout382/A                             0.750000    0.909697   -0.159697 (VIOLATED)
_3439_/A1                               0.750000    0.909620   -0.159620 (VIOLATED)
fanout383/X                             0.750000    0.909620   -0.159620 (VIOLATED)
_2601_/S                                0.750000    0.908254   -0.158254 (VIOLATED)
_2596_/A                                0.750000    0.908238   -0.158238 (VIOLATED)
ANTENNA_22/DIODE                        0.750000    0.908226   -0.158226 (VIOLATED)
fanout472/A                             0.750000    0.908223   -0.158223 (VIOLATED)
_2533_/S                                0.750000    0.908217   -0.158217 (VIOLATED)
_2672_/S                                0.750000    0.908217   -0.158217 (VIOLATED)
_2589_/A1                               0.750000    0.908203   -0.158203 (VIOLATED)
ANTENNA_21/DIODE                        0.750000    0.908202   -0.158202 (VIOLATED)
fanout471/A                             0.750000    0.908166   -0.158166 (VIOLATED)
fanout473/X                             0.750000    0.908166   -0.158166 (VIOLATED)
_4407_/A                                0.750000    0.907495   -0.157495 (VIOLATED)
fanout389/A                             0.750000    0.907421   -0.157421 (VIOLATED)
_3478_/A                                0.750000    0.907356   -0.157356 (VIOLATED)
_3477_/A                                0.750000    0.907356   -0.157356 (VIOLATED)
_3258_/A                                0.750000    0.907346   -0.157346 (VIOLATED)
_3259_/A                                0.750000    0.907345   -0.157345 (VIOLATED)
_3413_/A1                               0.750000    0.907345   -0.157345 (VIOLATED)
fanout390/X                             0.750000    0.907343   -0.157343 (VIOLATED)
_2897_/B                                0.750000    0.893422   -0.143422 (VIOLATED)
_2923_/B2                               0.750000    0.893422   -0.143422 (VIOLATED)
_2945_/B2                               0.750000    0.893420   -0.143420 (VIOLATED)
_2942_/B2                               0.750000    0.893419   -0.143419 (VIOLATED)
_2939_/B2                               0.750000    0.893418   -0.143419 (VIOLATED)
_2917_/B2                               0.750000    0.893416   -0.143416 (VIOLATED)
_2898_/A2                               0.750000    0.893415   -0.143415 (VIOLATED)
_2901_/B2                               0.750000    0.893415   -0.143415 (VIOLATED)
_2920_/B2                               0.750000    0.893413   -0.143413 (VIOLATED)
_3193_/B1                               0.750000    0.893385   -0.143385 (VIOLATED)
_3191_/B1                               0.750000    0.893383   -0.143383 (VIOLATED)
_3198_/B1                               0.750000    0.893374   -0.143374 (VIOLATED)
_3192_/B1                               0.750000    0.893372   -0.143372 (VIOLATED)
_3203_/B1                               0.750000    0.893372   -0.143372 (VIOLATED)
_3197_/B1                               0.750000    0.893357   -0.143357 (VIOLATED)
_3205_/B1                               0.750000    0.893351   -0.143351 (VIOLATED)
_3204_/B1                               0.750000    0.893344   -0.143344 (VIOLATED)
_3206_/B1                               0.750000    0.893339   -0.143339 (VIOLATED)
_3199_/B1                               0.750000    0.893337   -0.143337 (VIOLATED)
fanout158/X                             0.750000    0.893337   -0.143337 (VIOLATED)
_2936_/B2                               0.750000    0.893200   -0.143200 (VIOLATED)
fanout269/X                             0.750000    0.893200   -0.143200 (VIOLATED)
_3626_/A1                               0.750000    0.892095   -0.142095 (VIOLATED)
_2852_/A                                0.750000    0.892080   -0.142081 (VIOLATED)
_2604_/A                                0.750000    0.892075   -0.142075 (VIOLATED)
_3474_/A                                0.750000    0.892034   -0.142034 (VIOLATED)
_3479_/A                                0.750000    0.892029   -0.142030 (VIOLATED)
_3480_/A1                               0.750000    0.892026   -0.142026 (VIOLATED)
_3486_/A1                               0.750000    0.892023   -0.142023 (VIOLATED)
_3260_/A                                0.750000    0.892013   -0.142013 (VIOLATED)
_3403_/A                                0.750000    0.892013   -0.142013 (VIOLATED)
_3411_/A1                               0.750000    0.892013   -0.142013 (VIOLATED)
fanout391/X                             0.750000    0.892013   -0.142013 (VIOLATED)
_2475_/B2                               0.750000    0.891765   -0.141765 (VIOLATED)
_2487_/B2                               0.750000    0.891765   -0.141765 (VIOLATED)
_2499_/B2                               0.750000    0.891765   -0.141765 (VIOLATED)
_2511_/B2                               0.750000    0.891765   -0.141765 (VIOLATED)
_2524_/B2                               0.750000    0.891765   -0.141765 (VIOLATED)
_2534_/B2                               0.750000    0.891765   -0.141765 (VIOLATED)
_2593_/B2                               0.750000    0.891765   -0.141765 (VIOLATED)
_2603_/B2                               0.750000    0.891765   -0.141765 (VIOLATED)
_2647_/B2                               0.750000    0.891765   -0.141765 (VIOLATED)
fanout361/A                             0.750000    0.891765   -0.141765 (VIOLATED)
fanout362/X                             0.750000    0.891765   -0.141765 (VIOLATED)
_3862_/A1                               0.750000    0.890702   -0.140702 (VIOLATED)
_3608_/A1                               0.750000    0.890700   -0.140700 (VIOLATED)
_3658_/A0                               0.750000    0.890698   -0.140698 (VIOLATED)
_2583_/A                                0.750000    0.890680   -0.140680 (VIOLATED)
_2584_/A                                0.750000    0.890679   -0.140679 (VIOLATED)
_3485_/A                                0.750000    0.890666   -0.140666 (VIOLATED)
_3484_/A                                0.750000    0.890665   -0.140665 (VIOLATED)
_3256_/A                                0.750000    0.890655   -0.140655 (VIOLATED)
_3255_/A                                0.750000    0.890654   -0.140654 (VIOLATED)
_3415_/A1                               0.750000    0.890651   -0.140651 (VIOLATED)
fanout388/X                             0.750000    0.890651   -0.140651 (VIOLATED)
_2904_/A2                               0.750000    0.886927   -0.136927 (VIOLATED)
_2898_/B1                               0.750000    0.886926   -0.136926 (VIOLATED)
_2920_/A2                               0.750000    0.886917   -0.136917 (VIOLATED)
_2901_/A2                               0.750000    0.886908   -0.136908 (VIOLATED)
_2936_/A2                               0.750000    0.886899   -0.136899 (VIOLATED)
_2917_/A2                               0.750000    0.886893   -0.136893 (VIOLATED)
_2939_/A2                               0.750000    0.886885   -0.136886 (VIOLATED)
_2942_/A2                               0.750000    0.886883   -0.136883 (VIOLATED)
_2945_/A2                               0.750000    0.886876   -0.136876 (VIOLATED)
_2923_/A2                               0.750000    0.886873   -0.136873 (VIOLATED)
fanout204/X                             0.750000    0.886873   -0.136873 (VIOLATED)
_3083_/B1                               0.750000    0.861203   -0.111203 (VIOLATED)
_3081_/B1                               0.750000    0.861201   -0.111201 (VIOLATED)
_3091_/B1                               0.750000    0.861195   -0.111195 (VIOLATED)
_3082_/B1                               0.750000    0.861195   -0.111195 (VIOLATED)
_3093_/B1                               0.750000    0.861194   -0.111194 (VIOLATED)
_3087_/B1                               0.750000    0.861186   -0.111186 (VIOLATED)
_3094_/B1                               0.750000    0.861184   -0.111184 (VIOLATED)
_3096_/B1                               0.750000    0.861184   -0.111184 (VIOLATED)
_3089_/B1                               0.750000    0.861184   -0.111184 (VIOLATED)
_3095_/B1                               0.750000    0.861183   -0.111183 (VIOLATED)
fanout166/X                             0.750000    0.860972   -0.110972 (VIOLATED)
_3191_/A2                               0.750000    0.860868   -0.110868 (VIOLATED)
_3190_/B                                0.750000    0.860658   -0.110658 (VIOLATED)
_3192_/A2                               0.750000    0.860658   -0.110658 (VIOLATED)
_3197_/A2                               0.750000    0.860658   -0.110658 (VIOLATED)
_3198_/A2                               0.750000    0.860658   -0.110658 (VIOLATED)
_3199_/A2                               0.750000    0.860658   -0.110658 (VIOLATED)
_3203_/A2                               0.750000    0.860658   -0.110658 (VIOLATED)
_3204_/A2                               0.750000    0.860658   -0.110658 (VIOLATED)
_3205_/A2                               0.750000    0.860658   -0.110658 (VIOLATED)
_3206_/A2                               0.750000    0.860658   -0.110658 (VIOLATED)
fanout241/X                             0.750000    0.860658   -0.110658 (VIOLATED)
_3044_/B1                               0.750000    0.857950   -0.107950 (VIOLATED)
_3045_/B1                               0.750000    0.857735   -0.107735 (VIOLATED)
_3046_/B1                               0.750000    0.857735   -0.107735 (VIOLATED)
_3050_/B1                               0.750000    0.857735   -0.107735 (VIOLATED)
_3052_/B1                               0.750000    0.857735   -0.107735 (VIOLATED)
_3054_/B1                               0.750000    0.857735   -0.107735 (VIOLATED)
_3056_/B1                               0.750000    0.857735   -0.107735 (VIOLATED)
_3057_/B1                               0.750000    0.857735   -0.107735 (VIOLATED)
_3058_/B1                               0.750000    0.857735   -0.107735 (VIOLATED)
_3059_/B1                               0.750000    0.857735   -0.107735 (VIOLATED)
fanout257/X                             0.750000    0.857735   -0.107735 (VIOLATED)
_3209_/A2                               0.750000    0.853073   -0.103073 (VIOLATED)
_3219_/A2                               0.750000    0.853056   -0.103056 (VIOLATED)
_3221_/A2                               0.750000    0.853054   -0.103054 (VIOLATED)
_3210_/A2                               0.750000    0.853054   -0.103054 (VIOLATED)
_3208_/B                                0.750000    0.853052   -0.103052 (VIOLATED)
_3223_/A2                               0.750000    0.853052   -0.103052 (VIOLATED)
_3222_/A2                               0.750000    0.853051   -0.103051 (VIOLATED)
_3217_/A2                               0.750000    0.853051   -0.103051 (VIOLATED)
_3224_/A2                               0.750000    0.853051   -0.103051 (VIOLATED)
_3215_/A2                               0.750000    0.853050   -0.103050 (VIOLATED)
fanout239/X                             0.750000    0.853048   -0.103048 (VIOLATED)
_2692_/A                                0.750000    0.846150   -0.096150 (VIOLATED)
_2698_/A                                0.750000    0.846149   -0.096149 (VIOLATED)
_3654_/S                                0.750000    0.846130   -0.096130 (VIOLATED)
_3655_/S                                0.750000    0.846130   -0.096130 (VIOLATED)
_2707_/A1                               0.750000    0.846126   -0.096127 (VIOLATED)
_4485_/A1                               0.750000    0.846126   -0.096126 (VIOLATED)
_4609_/A0                               0.750000    0.846124   -0.096124 (VIOLATED)
_4591_/B2                               0.750000    0.846123   -0.096123 (VIOLATED)
_4547_/A                                0.750000    0.846121   -0.096121 (VIOLATED)
_4648_/A1                               0.750000    0.846121   -0.096121 (VIOLATED)
fanout327/X                             0.750000    0.846121   -0.096121 (VIOLATED)
_3598_/A1                               0.750000    0.843835   -0.093835 (VIOLATED)
_2573_/A                                0.750000    0.843834   -0.093834 (VIOLATED)
_2612_/A                                0.750000    0.843833   -0.093833 (VIOLATED)
_2610_/A                                0.750000    0.843832   -0.093832 (VIOLATED)
_2611_/A                                0.750000    0.843832   -0.093832 (VIOLATED)
_3492_/A                                0.750000    0.843819   -0.093820 (VIOLATED)
_3493_/A                                0.750000    0.843820   -0.093820 (VIOLATED)
_3269_/A                                0.750000    0.843809   -0.093809 (VIOLATED)
_3268_/A                                0.750000    0.843808   -0.093808 (VIOLATED)
_3417_/A1                               0.750000    0.843808   -0.093808 (VIOLATED)
fanout387/X                             0.750000    0.843808   -0.093808 (VIOLATED)
_3062_/B1                               0.750000    0.843246   -0.093246 (VIOLATED)
_3064_/B1                               0.750000    0.843237   -0.093237 (VIOLATED)
_3063_/B1                               0.750000    0.843196   -0.093196 (VIOLATED)
_3072_/B1                               0.750000    0.843181   -0.093181 (VIOLATED)
_3074_/B1                               0.750000    0.843175   -0.093175 (VIOLATED)
_3068_/B1                               0.750000    0.843163   -0.093163 (VIOLATED)
_3075_/B1                               0.750000    0.843102   -0.093102 (VIOLATED)
_3077_/B1                               0.750000    0.843102   -0.093102 (VIOLATED)
_3070_/B1                               0.750000    0.843094   -0.093094 (VIOLATED)
_3076_/B1                               0.750000    0.843092   -0.093092 (VIOLATED)
fanout168/X                             0.750000    0.843092   -0.093092 (VIOLATED)
_3155_/B1                               0.750000    0.825883   -0.075883 (VIOLATED)
_3156_/B1                               0.750000    0.825883   -0.075883 (VIOLATED)
_3157_/B1                               0.750000    0.825883   -0.075883 (VIOLATED)
_3161_/B1                               0.750000    0.825883   -0.075883 (VIOLATED)
_3163_/B1                               0.750000    0.825883   -0.075883 (VIOLATED)
_3165_/B1                               0.750000    0.825883   -0.075883 (VIOLATED)
_3167_/B1                               0.750000    0.825883   -0.075883 (VIOLATED)
_3168_/B1                               0.750000    0.825883   -0.075883 (VIOLATED)
_3169_/B1                               0.750000    0.825883   -0.075883 (VIOLATED)
_3170_/B1                               0.750000    0.825883   -0.075883 (VIOLATED)
fanout160/X                             0.750000    0.825883   -0.075883 (VIOLATED)
_3117_/B                                0.750000    0.819107   -0.069107 (VIOLATED)
_3118_/A2                               0.750000    0.819107   -0.069107 (VIOLATED)
_3119_/A2                               0.750000    0.819107   -0.069107 (VIOLATED)
_3120_/A2                               0.750000    0.819107   -0.069107 (VIOLATED)
_3124_/A2                               0.750000    0.819107   -0.069107 (VIOLATED)
_3126_/A2                               0.750000    0.819107   -0.069107 (VIOLATED)
_3130_/A2                               0.750000    0.819107   -0.069107 (VIOLATED)
_3131_/A2                               0.750000    0.819107   -0.069107 (VIOLATED)
_3132_/A2                               0.750000    0.819107   -0.069107 (VIOLATED)
_3133_/A2                               0.750000    0.819107   -0.069107 (VIOLATED)
fanout249/X                             0.750000    0.819107   -0.069107 (VIOLATED)
_3044_/A2                               0.750000    0.818587   -0.068587 (VIOLATED)
_3054_/A2                               0.750000    0.818558   -0.068558 (VIOLATED)
_3045_/A2                               0.750000    0.818557   -0.068557 (VIOLATED)
_3056_/A2                               0.750000    0.818551   -0.068551 (VIOLATED)
_3043_/B                                0.750000    0.818543   -0.068543 (VIOLATED)
_3050_/A2                               0.750000    0.818543   -0.068543 (VIOLATED)
_3052_/A2                               0.750000    0.818543   -0.068543 (VIOLATED)
_3057_/A2                               0.750000    0.818543   -0.068543 (VIOLATED)
_3058_/A2                               0.750000    0.818543   -0.068543 (VIOLATED)
_3059_/A2                               0.750000    0.818543   -0.068543 (VIOLATED)
fanout286/X                             0.750000    0.818543   -0.068543 (VIOLATED)
_3007_/B1                               0.750000    0.814522   -0.064522 (VIOLATED)
_3009_/B1                               0.750000    0.814520   -0.064520 (VIOLATED)
_3019_/B1                               0.750000    0.814506   -0.064506 (VIOLATED)
_3017_/B1                               0.750000    0.814505   -0.064505 (VIOLATED)
_3008_/B1                               0.750000    0.814499   -0.064499 (VIOLATED)
_3020_/B1                               0.750000    0.814498   -0.064499 (VIOLATED)
_3022_/B1                               0.750000    0.814499   -0.064499 (VIOLATED)
_3015_/B1                               0.750000    0.814498   -0.064498 (VIOLATED)
_3013_/B1                               0.750000    0.814497   -0.064497 (VIOLATED)
_3021_/B1                               0.750000    0.814293   -0.064293 (VIOLATED)
fanout172/X                             0.750000    0.814293   -0.064293 (VIOLATED)
_3081_/A2                               0.750000    0.814121   -0.064121 (VIOLATED)
_3094_/A2                               0.750000    0.814113   -0.064113 (VIOLATED)
_3096_/A2                               0.750000    0.814113   -0.064113 (VIOLATED)
_3089_/A2                               0.750000    0.814113   -0.064113 (VIOLATED)
_3080_/B                                0.750000    0.814112   -0.064112 (VIOLATED)
_3095_/A2                               0.750000    0.814112   -0.064112 (VIOLATED)
_3082_/A2                               0.750000    0.813913   -0.063913 (VIOLATED)
_3087_/A2                               0.750000    0.813913   -0.063913 (VIOLATED)
_3091_/A2                               0.750000    0.813913   -0.063913 (VIOLATED)
_3093_/A2                               0.750000    0.813913   -0.063913 (VIOLATED)
fanout253/X                             0.750000    0.813913   -0.063913 (VIOLATED)
_3155_/A2                               0.750000    0.813563   -0.063563 (VIOLATED)
_3165_/A2                               0.750000    0.813546   -0.063546 (VIOLATED)
_3156_/A2                               0.750000    0.813542   -0.063542 (VIOLATED)
_3161_/A2                               0.750000    0.813539   -0.063539 (VIOLATED)
_3154_/B                                0.750000    0.813530   -0.063530 (VIOLATED)
_3169_/A2                               0.750000    0.813527   -0.063527 (VIOLATED)
_3168_/A2                               0.750000    0.813522   -0.063522 (VIOLATED)
_3163_/A2                               0.750000    0.813519   -0.063519 (VIOLATED)
_3167_/A2                               0.750000    0.813519   -0.063519 (VIOLATED)
_3170_/A2                               0.750000    0.813519   -0.063519 (VIOLATED)
fanout245/X                             0.750000    0.813519   -0.063519 (VIOLATED)
_4201_/A                                0.750000    0.812709   -0.062709 (VIOLATED)
fanout312/A                             0.750000    0.812709   -0.062709 (VIOLATED)
_4521_/A1                               0.750000    0.812709   -0.062709 (VIOLATED)
ANTENNA_13/DIODE                        0.750000    0.812671   -0.062671 (VIOLATED)
_3976_/A0                               0.750000    0.812669   -0.062669 (VIOLATED)
_2622_/B                                0.750000    0.812656   -0.062656 (VIOLATED)
_2525_/B                                0.750000    0.812655   -0.062655 (VIOLATED)
_2526_/B                                0.750000    0.812655   -0.062655 (VIOLATED)
_3803_/A                                0.750000    0.812654   -0.062654 (VIOLATED)
_3804_/A                                0.750000    0.812653   -0.062653 (VIOLATED)
_3884_/B                                0.750000    0.812652   -0.062652 (VIOLATED)
fanout313/X                             0.750000    0.812652   -0.062652 (VIOLATED)
_3461_/A1                               0.750000    0.805440   -0.055440 (VIOLATED)
_3731_/D                                0.750000    0.805412   -0.055413 (VIOLATED)
_3732_/D                                0.750000    0.805403   -0.055403 (VIOLATED)
ANTENNA_20/DIODE                        0.750000    0.805403   -0.055403 (VIOLATED)
_4209_/A1                               0.750000    0.805363   -0.055363 (VIOLATED)
_4232_/A1                               0.750000    0.805363   -0.055363 (VIOLATED)
_4272_/A1                               0.750000    0.805361   -0.055361 (VIOLATED)
fanout384/A                             0.750000    0.805347   -0.055347 (VIOLATED)
fanout385/X                             0.750000    0.805347   -0.055347 (VIOLATED)
_3132_/B1                               0.750000    0.795333   -0.045333 (VIOLATED)
_3131_/B1                               0.750000    0.795332   -0.045332 (VIOLATED)
_3126_/B1                               0.750000    0.795332   -0.045332 (VIOLATED)
_3133_/B1                               0.750000    0.795328   -0.045328 (VIOLATED)
_3130_/B1                               0.750000    0.795328   -0.045328 (VIOLATED)
_3124_/B1                               0.750000    0.795324   -0.045324 (VIOLATED)
_3121_/B1                               0.750000    0.795324   -0.045324 (VIOLATED)
_3118_/B1                               0.750000    0.795128   -0.045128 (VIOLATED)
_3119_/B1                               0.750000    0.795128   -0.045128 (VIOLATED)
_3120_/B1                               0.750000    0.795128   -0.045128 (VIOLATED)
fanout164/X                             0.750000    0.795128   -0.045128 (VIOLATED)
_3211_/B1                               0.750000    0.793682   -0.043682 (VIOLATED)
_3209_/B1                               0.750000    0.793680   -0.043680 (VIOLATED)
_3210_/B1                               0.750000    0.793672   -0.043672 (VIOLATED)
_3219_/B1                               0.750000    0.793672   -0.043672 (VIOLATED)
_3221_/B1                               0.750000    0.793661   -0.043661 (VIOLATED)
_3215_/B1                               0.750000    0.793644   -0.043644 (VIOLATED)
_3224_/B1                               0.750000    0.793634   -0.043634 (VIOLATED)
_3222_/B1                               0.750000    0.793632   -0.043632 (VIOLATED)
_3217_/B1                               0.750000    0.793630   -0.043630 (VIOLATED)
_3223_/B1                               0.750000    0.793625   -0.043625 (VIOLATED)
fanout156/X                             0.750000    0.793625   -0.043625 (VIOLATED)
_3731_/A                                0.750000    0.792738   -0.042738 (VIOLATED)
_2460_/B1                               0.750000    0.792737   -0.042737 (VIOLATED)
_3463_/A                                0.750000    0.792734   -0.042734 (VIOLATED)
_2428_/A                                0.750000    0.792731   -0.042731 (VIOLATED)
_2451_/A                                0.750000    0.792730   -0.042730 (VIOLATED)
_2445_/D                                0.750000    0.792730   -0.042730 (VIOLATED)
_3732_/A                                0.750000    0.792720   -0.042720 (VIOLATED)
_2449_/A                                0.750000    0.792717   -0.042717 (VIOLATED)
_2450_/A                                0.750000    0.792687   -0.042687 (VIOLATED)
_3443_/A1                               0.750000    0.792658   -0.042658 (VIOLATED)
fanout378/X                             0.750000    0.792658   -0.042658 (VIOLATED)
_3062_/A2                               0.750000    0.791049   -0.041049 (VIOLATED)
_3072_/A2                               0.750000    0.791039   -0.041039 (VIOLATED)
_3063_/A2                               0.750000    0.791038   -0.041038 (VIOLATED)
_3061_/B                                0.750000    0.791033   -0.041033 (VIOLATED)
_3068_/A2                               0.750000    0.791033   -0.041033 (VIOLATED)
_3070_/A2                               0.750000    0.791033   -0.041033 (VIOLATED)
_3074_/A2                               0.750000    0.791033   -0.041033 (VIOLATED)
_3075_/A2                               0.750000    0.791033   -0.041033 (VIOLATED)
_3076_/A2                               0.750000    0.791033   -0.041033 (VIOLATED)
_3077_/A2                               0.750000    0.791033   -0.041033 (VIOLATED)
fanout255/X                             0.750000    0.791033   -0.041033 (VIOLATED)
_2969_/A2                               0.750000    0.790180   -0.040180 (VIOLATED)
_2970_/A2                               0.750000    0.790153   -0.040153 (VIOLATED)
_2979_/A2                               0.750000    0.790149   -0.040149 (VIOLATED)
_2981_/A2                               0.750000    0.790123   -0.040123 (VIOLATED)
_2975_/A2                               0.750000    0.790102   -0.040102 (VIOLATED)
_2984_/A2                               0.750000    0.790087   -0.040087 (VIOLATED)
_2982_/A2                               0.750000    0.790066   -0.040066 (VIOLATED)
_2977_/A2                               0.750000    0.790061   -0.040061 (VIOLATED)
_2983_/A2                               0.750000    0.790049   -0.040049 (VIOLATED)
_2968_/B                                0.750000    0.790040   -0.040040 (VIOLATED)
fanout288/X                             0.750000    0.790040   -0.040040 (VIOLATED)
_2831_/S                                0.750000    0.789913   -0.039913 (VIOLATED)
_2786_/A1                               0.750000    0.789912   -0.039912 (VIOLATED)
_2840_/A1                               0.750000    0.789910   -0.039910 (VIOLATED)
_2828_/A1                               0.750000    0.789908   -0.039908 (VIOLATED)
_2846_/A1                               0.750000    0.789908   -0.039908 (VIOLATED)
_2714_/A1                               0.750000    0.789905   -0.039905 (VIOLATED)
ANTENNA_16/DIODE                        0.750000    0.789905   -0.039905 (VIOLATED)
ANTENNA_18/DIODE                        0.750000    0.789899   -0.039899 (VIOLATED)
_2802_/A                                0.750000    0.789895   -0.039896 (VIOLATED)
_2721_/A                                0.750000    0.789891   -0.039891 (VIOLATED)
ANTENNA_17/DIODE                        0.750000    0.789891   -0.039891 (VIOLATED)
_2822_/A1                               0.750000    0.789882   -0.039882 (VIOLATED)
_2768_/A1                               0.750000    0.789881   -0.039881 (VIOLATED)
fanout359/X                             0.750000    0.789881   -0.039881 (VIOLATED)
_4457_/B                                0.750000    0.786780   -0.036780 (VIOLATED)
_3956_/A1                               0.750000    0.786778   -0.036778 (VIOLATED)
_3632_/A1                               0.750000    0.786769   -0.036769 (VIOLATED)
_3670_/A1                               0.750000    0.786757   -0.036757 (VIOLATED)
_4007_/A0                               0.750000    0.786748   -0.036748 (VIOLATED)
_3741_/A                                0.750000    0.786739   -0.036739 (VIOLATED)
_2500_/A                                0.750000    0.786738   -0.036738 (VIOLATED)
_2501_/B                                0.750000    0.786738   -0.036738 (VIOLATED)
_2503_/B                                0.750000    0.786738   -0.036738 (VIOLATED)
_3742_/A                                0.750000    0.786738   -0.036738 (VIOLATED)
fanout316/X                             0.750000    0.786738   -0.036738 (VIOLATED)
_3136_/B                                0.750000    0.783412   -0.033412 (VIOLATED)
_3137_/A2                               0.750000    0.783412   -0.033412 (VIOLATED)
_3138_/A2                               0.750000    0.783412   -0.033412 (VIOLATED)
_3143_/A2                               0.750000    0.783412   -0.033412 (VIOLATED)
_3145_/A2                               0.750000    0.783412   -0.033412 (VIOLATED)
_3147_/A2                               0.750000    0.783412   -0.033412 (VIOLATED)
_3149_/A2                               0.750000    0.783412   -0.033412 (VIOLATED)
_3150_/A2                               0.750000    0.783412   -0.033412 (VIOLATED)
_3151_/A2                               0.750000    0.783412   -0.033412 (VIOLATED)
_3152_/A2                               0.750000    0.783412   -0.033412 (VIOLATED)
fanout247/X                             0.750000    0.783412   -0.033412 (VIOLATED)
_3602_/A                                0.750000    0.778756   -0.028756 (VIOLATED)
_2431_/A                                0.750000    0.778755   -0.028755 (VIOLATED)
_3591_/A                                0.750000    0.778755   -0.028755 (VIOLATED)
_3606_/S                                0.750000    0.778754   -0.028754 (VIOLATED)
_3700_/S                                0.750000    0.778750   -0.028750 (VIOLATED)
_3695_/A                                0.750000    0.778747   -0.028747 (VIOLATED)
_3706_/A                                0.750000    0.778746   -0.028746 (VIOLATED)
_3722_/S                                0.750000    0.778740   -0.028740 (VIOLATED)
_3801_/S                                0.750000    0.778738   -0.028738 (VIOLATED)
_3717_/A                                0.750000    0.778534   -0.028534 (VIOLATED)
fanout434/X                             0.750000    0.778534   -0.028534 (VIOLATED)
_4151_/A0                               0.750000    0.764092   -0.014092 (VIOLATED)
_3649_/A1                               0.750000    0.764083   -0.014083 (VIOLATED)
_3663_/A0                               0.750000    0.764063   -0.014063 (VIOLATED)
_3978_/A1                               0.750000    0.764053   -0.014053 (VIOLATED)
_2535_/A                                0.750000    0.764037   -0.014037 (VIOLATED)
_2536_/B                                0.750000    0.764023   -0.014023 (VIOLATED)
_2620_/B                                0.750000    0.764023   -0.014023 (VIOLATED)
_3790_/A                                0.750000    0.764021   -0.014021 (VIOLATED)
_3792_/A                                0.750000    0.764021   -0.014021 (VIOLATED)
_3793_/A                                0.750000    0.764021   -0.014021 (VIOLATED)
fanout310/X                             0.750000    0.764021   -0.014021 (VIOLATED)
_3103_/B1                               0.750000    0.758567   -0.008567 (VIOLATED)
_3100_/B1                               0.750000    0.758371   -0.008371 (VIOLATED)
_3102_/B1                               0.750000    0.758371   -0.008371 (VIOLATED)
_3113_/B1                               0.750000    0.758371   -0.008371 (VIOLATED)
_3101_/B1                               0.750000    0.758371   -0.008371 (VIOLATED)
_3106_/B1                               0.750000    0.758371   -0.008371 (VIOLATED)
_3108_/B1                               0.750000    0.758371   -0.008371 (VIOLATED)
_3112_/B1                               0.750000    0.758371   -0.008371 (VIOLATED)
_3114_/B1                               0.750000    0.758371   -0.008371 (VIOLATED)
_3115_/B1                               0.750000    0.758371   -0.008371 (VIOLATED)
fanout251/X                             0.750000    0.758371   -0.008371 (VIOLATED)
_2715_/A1                               0.750000    0.757783   -0.007783 (VIOLATED)
_2805_/A1                               0.750000    0.757766   -0.007766 (VIOLATED)
_2724_/A1                               0.750000    0.757761   -0.007761 (VIOLATED)
_2823_/A1                               0.750000    0.757757   -0.007757 (VIOLATED)
_2769_/A1                               0.750000    0.757757   -0.007757 (VIOLATED)
_2846_/B1                               0.750000    0.757748   -0.007748 (VIOLATED)
_2787_/A1                               0.750000    0.757747   -0.007747 (VIOLATED)
_2841_/A1                               0.750000    0.757747   -0.007747 (VIOLATED)
_2437_/A                                0.750000    0.757744   -0.007744 (VIOLATED)
_2828_/B1                               0.750000    0.757743   -0.007743 (VIOLATED)
fanout393/X                             0.750000    0.757741   -0.007741 (VIOLATED)
_3100_/A2                               0.750000    0.755405   -0.005405 (VIOLATED)
_3102_/A2                               0.750000    0.755404   -0.005404 (VIOLATED)
_3101_/A2                               0.750000    0.755400   -0.005400 (VIOLATED)
_3114_/A2                               0.750000    0.755398   -0.005398 (VIOLATED)
_3106_/A2                               0.750000    0.755397   -0.005397 (VIOLATED)
_3099_/B                                0.750000    0.755397   -0.005397 (VIOLATED)
_3113_/A2                               0.750000    0.755390   -0.005390 (VIOLATED)
_3108_/A2                               0.750000    0.755390   -0.005390 (VIOLATED)
_3112_/A2                               0.750000    0.755197   -0.005197 (VIOLATED)
_3115_/A2                               0.750000    0.755197   -0.005197 (VIOLATED)
fanout284/X                             0.750000    0.755197   -0.005197 (VIOLATED)
_2988_/A2                               0.750000    0.753867   -0.003867 (VIOLATED)
_2998_/A2                               0.750000    0.753843   -0.003843 (VIOLATED)
_2989_/A2                               0.750000    0.753841   -0.003841 (VIOLATED)
_3000_/A2                               0.750000    0.753835   -0.003835 (VIOLATED)
_2994_/A2                               0.750000    0.753824   -0.003824 (VIOLATED)
_3001_/A2                               0.750000    0.753822   -0.003822 (VIOLATED)
_3003_/A2                               0.750000    0.753821   -0.003821 (VIOLATED)
_2987_/B                                0.750000    0.753811   -0.003811 (VIOLATED)
_2996_/A2                               0.750000    0.753808   -0.003808 (VIOLATED)
_3002_/A2                               0.750000    0.753807   -0.003807 (VIOLATED)
fanout263/X                             0.750000    0.753805   -0.003805 (VIOLATED)
_2732_/B1                               0.750000    0.752169   -0.002169 (VIOLATED)
_2714_/B1                               0.750000    0.752167   -0.002167 (VIOLATED)
_2804_/B1                               0.750000    0.752139   -0.002139 (VIOLATED)
_2723_/B1                               0.750000    0.752130   -0.002130 (VIOLATED)
_2822_/B1                               0.750000    0.752108   -0.002108 (VIOLATED)
_2768_/B1                               0.750000    0.752108   -0.002108 (VIOLATED)
_2786_/B1                               0.750000    0.752091   -0.002091 (VIOLATED)
_2840_/B1                               0.750000    0.752090   -0.002090 (VIOLATED)
_2832_/B2                               0.750000    0.752086   -0.002086 (VIOLATED)
_2850_/B2                               0.750000    0.752086   -0.002086 (VIOLATED)
fanout357/X                             0.750000    0.752086   -0.002086 (VIOLATED)

max fanout

Pin                                   Limit Fanout  Slack
---------------------------------------------------------
fanout359/X                              10     13     -3 (VIOLATED)
clkbuf_leaf_24_CLK/X                     10     12     -2 (VIOLATED)
clkbuf_leaf_25_CLK/X                     10     12     -2 (VIOLATED)
_5160_/Q                                 10     11        (VIOLATED)
clkbuf_leaf_0_CLK/X                      10     11        (VIOLATED)
clkbuf_leaf_16_CLK/X                     10     11        (VIOLATED)
clkbuf_leaf_22_CLK/X                     10     11        (VIOLATED)
clkbuf_leaf_23_CLK/X                     10     11        (VIOLATED)
clkbuf_leaf_2_CLK/X                      10     11        (VIOLATED)
clkbuf_leaf_36_CLK/X                     10     11        (VIOLATED)
clkbuf_leaf_3_CLK/X                      10     11        (VIOLATED)
clkbuf_leaf_4_CLK/X                      10     11        (VIOLATED)
clkbuf_leaf_6_CLK/X                      10     11        (VIOLATED)
fanout176/X                              10     11        (VIOLATED)
fanout282/X                              10     11        (VIOLATED)
fanout302/X                              10     11        (VIOLATED)
fanout313/X                              10     11        (VIOLATED)
fanout320/X                              10     11        (VIOLATED)



===========================================================================
report_parasitic_annotation -report_unannotated
============================================================================
Found 22 unannotated drivers.
 clkload0/X
 clkload1/X
 clkload10/Y
 clkload11/X
 clkload12/X
 clkload13/Y
 clkload14/X
 clkload15/Y
 clkload16/X
 clkload17/X
 clkload18/Y
 clkload19/Y
 clkload2/X
 clkload20/X
 clkload21/X
 clkload3/X
 clkload4/X
 clkload5/X
 clkload6/X
 clkload7/X
 clkload8/X
 clkload9/X
Found 0 partially unannotated drivers.

===========================================================================
max slew violation count 504
max fanout violation count 18
max cap violation count 0
============================================================================

===========================================================================
check_setup -verbose -unconstrained_endpoints -multiple_clock -no_clock -no_input_delay -loops -generated_clocks
===========================================================================
