Clock: CLK
Sources: CLK 
Generated: no
Virtual: yes
Propagated: no
Period: 20.000000

===========================================================================
report_clock_properties
============================================================================
Clock                   Period          Waveform
----------------------------------------------------
CLK                  20.000000    0.000000 10.000000

===========================================================================
report_clock_latency
============================================================================
Clock CLK
rise -> rise
    min     max
0.000000 0.000000 source latency
0.756763         network latency _5004_/CLK
        0.775071 network latency _5170_/CLK
---------------
0.756763 0.775071 latency
        0.018307 skew

fall -> fall
    min     max
0.000000 0.000000 source latency
0.648321         network latency _5004_/CLK
        0.661773 network latency _5170_/CLK
---------------
0.648321 0.661773 latency
        0.013451 skew



===========================================================================
report_clock_min_period
============================================================================
CLK period_min = 9.57 fmax = 104.46
