Clock: CLK
Sources: CLK 
Generated: no
Virtual: yes
Propagated: no
Period: 26.000000

===========================================================================
report_clock_properties
============================================================================
Clock                   Period          Waveform
----------------------------------------------------
CLK                  26.000000    0.000000 13.000000

===========================================================================
report_clock_latency
============================================================================
Clock CLK
rise -> rise
    min     max
0.000000 0.000000 source latency
0.506696         network latency _5219_/CLK
        0.545446 network latency _4988_/CLK
---------------
0.506696 0.545446 latency
        0.038750 skew

fall -> fall
    min     max
0.000000 0.000000 source latency
0.509838         network latency _5219_/CLK
        0.538516 network latency _4988_/CLK
---------------
0.509838 0.538516 latency
        0.028678 skew



===========================================================================
report_clock_min_period
============================================================================
CLK period_min = 6.60 fmax = 151.53
