Reading timing models for corner max_ss_100C_1v60…
Reading timing library for the 'max_ss_100C_1v60' corner at '/root/.ciel/ciel/sky130/versions/8afc8346a57fe1ab7934ba5a6056ea8b43078e71/sky130A/libs.ref/sky130_fd_sc_hd/lib/sky130_fd_sc_hd__ss_100C_1v60.lib'…
Reading OpenROAD database at '/home/Ven/vscode/VRAI/runs/RUN_2026-07-28_12-39-10/25-openroad-ioplacement/VRAI_SYNC_CORE.odb'…
Reading design constraints file at '/home/Ven/vscode/VRAI/constraints/vrai_pnr.sdc'…
[INFO] No information on clock propagation in input SDC file-- propagating all clocks.
[INFO] Setting signal min routing layer to: met1 and clock min routing layer to met1. 
[INFO] Setting signal max routing layer to: met5 and clock max routing layer to met5. 
+ global_placement -density 0.622964 -routability_driven -pad_right 0 -pad_left 0 -init_wirelength_coef 0.25
[INFO GPL-0001] ---- Initialize GPL Main Data Structures
[INFO GPL-0002] DBU: 1000
[INFO GPL-0003] SiteSize: (  0.460  2.720 ) um
[INFO GPL-0004] CoreBBox: (  5.520 10.880 ) ( 263.580 266.560 ) um
[INFO GPL-0036] Movable instances area:      33364.499 um^2
[INFO GPL-0037] Total instances area:        35211.270 um^2
[INFO GPL-0035] Pin density area adjust:      4483.678 um^2
[INFO GPL-0032] ---- Initialize Region: Top-level
[INFO GPL-0006] Number of instances:              3966
[INFO GPL-0007] Movable instances:                2866
[INFO GPL-0008] Fixed instances:                  1100
[INFO GPL-0009] Dummy instances:                     0
[INFO GPL-0010] Number of nets:                   2916
[INFO GPL-0011] Number of pins:                  11770
[INFO GPL-0012] Die BBox:  (  0.000  0.000 ) ( 269.360 280.080 ) um
[INFO GPL-0013] Core BBox: (  5.520 10.880 ) ( 263.580 266.560 ) um
[INFO GPL-0016] Core area:                   65980.781 um^2
[INFO GPL-0014] Region name: top-level.
[INFO GPL-0015] Region area:                 65980.781 um^2
[INFO GPL-0017] Fixed instances area:         1846.771 um^2
[INFO GPL-0018] Movable instances area:      37848.177 um^2
[INFO GPL-0019] Utilization:                    59.014 %
[INFO GPL-0020] Standard cells area:         37848.177 um^2
[INFO GPL-0021] Large instances area:            0.000 um^2
[INFO GPL-0005] ---- Execute Conjugate Gradient Initial Placement.
[INFO GPL-0051] Source of initial instance position counters:
	Odb location = 2866	Core center = 0	Region center = 0
[InitialPlace]  Iter: 1 conjugate gradient residual: 0.00020307 HPWL: 107070672
[InitialPlace]  Iter: 2 conjugate gradient residual: 0.00001597 HPWL: 58770281
[InitialPlace]  Iter: 3 conjugate gradient residual: 0.00000817 HPWL: 47264322
[InitialPlace]  Iter: 4 conjugate gradient residual: 0.00000684 HPWL: 43752376
[InitialPlace]  Iter: 5 conjugate gradient residual: 0.00000687 HPWL: 42646826
[INFO GPL-0033] ---- Initialize Nesterov Region: Top-level
[INFO GPL-0023] Placement target density:       0.6230
[INFO GPL-0024] Movable insts average area:     13.206 um^2
[INFO GPL-0025] Ideal bin area:                 21.199 um^2
[INFO GPL-0026] Ideal bin count:                  3112
[INFO GPL-0027] Total bin area:              65980.781 um^2
[INFO GPL-0028] Bin count (X, Y):          32 ,     32
[INFO GPL-0029] Bin size (W * H):       8.064 *  7.990 um
[INFO GPL-0030] Number of bins:                   1024
[INFO GPL-0007] ---- Execute Nesterov Global Placement.
[INFO GPL-0031] HPWL: Half-Perimeter Wirelength
Iteration | Overflow |     HPWL (um) |  HPWL(%) |   Penalty | Group
---------------------------------------------------------------
        0 |   0.9424 |  2.320427e+04 |   +0.00% |  3.20e-15 |      
       10 |   0.9068 |  2.933901e+04 |  +26.44% |  5.21e-15 |      
       20 |   0.8991 |  2.998802e+04 |   +2.21% |  8.49e-15 |      
       30 |   0.9018 |  3.007781e+04 |   +0.30% |  1.38e-14 |      
       40 |   0.9038 |  3.001324e+04 |   -0.21% |  2.25e-14 |      
       50 |   0.9057 |  2.988707e+04 |   -0.42% |  3.67e-14 |      
       60 |   0.9081 |  2.969415e+04 |   -0.65% |  5.98e-14 |      
       70 |   0.9109 |  2.950158e+04 |   -0.65% |  9.74e-14 |      
       80 |   0.9127 |  2.938210e+04 |   -0.40% |  1.59e-13 |      
       90 |   0.9134 |  2.935727e+04 |   -0.08% |  2.58e-13 |      
      100 |   0.9132 |  2.943013e+04 |   +0.25% |  4.21e-13 |      
      110 |   0.9124 |  2.957905e+04 |   +0.51% |  6.85e-13 |      
      120 |   0.9100 |  2.977885e+04 |   +0.68% |  1.12e-12 |      
      130 |   0.9069 |  3.005246e+04 |   +0.92% |  1.82e-12 |      
      140 |   0.9037 |  3.047419e+04 |   +1.40% |  2.96e-12 |      
      150 |   0.8995 |  3.118453e+04 |   +2.33% |  4.82e-12 |      
      160 |   0.8918 |  3.224068e+04 |   +3.39% |  7.86e-12 |      
      170 |   0.8833 |  3.386260e+04 |   +5.03% |  1.28e-11 |      
      180 |   0.8675 |  3.628850e+04 |   +7.16% |  2.08e-11 |      
      190 |   0.8475 |  3.944910e+04 |   +8.71% |  3.39e-11 |      
      200 |   0.8301 |  4.299771e+04 |   +9.00% |  5.53e-11 |      
      210 |   0.8091 |  4.695393e+04 |   +9.20% |  9.00e-11 |      
      220 |   0.7804 |  5.096915e+04 |   +8.55% |  1.46e-10 |      
      230 |   0.7531 |  5.471429e+04 |   +7.35% |  2.38e-10 |      
      240 |   0.7215 |  5.816650e+04 |   +6.31% |  3.88e-10 |      
      250 |   0.6858 |  6.163804e+04 |   +5.97% |  6.32e-10 |      
      260 |   0.6428 |  6.543551e+04 |   +6.16% |  1.03e-09 |      
      270 |   0.5977 |  6.871318e+04 |   +5.01% |  1.68e-09 |      
[INFO GPL-0038] Routability snapshot saved at iter = 271
      270 |   0.5977 |  6.871318e+04 |          |           |      
      280 |   0.5499 |  7.172182e+04 |   +4.38% |  2.73e-09 |      
      290 |   0.4936 |  7.430370e+04 |   +3.60% |  4.45e-09 |      
      300 |   0.4368 |  7.604262e+04 |   +2.34% |  7.24e-09 |      
      310 |   0.3874 |  7.726482e+04 |   +1.61% |  1.18e-08 |      
      320 |   0.3404 |  7.827138e+04 |   +1.30% |  1.88e-08 |      
      330 |   0.3002 |  7.933764e+04 |   +1.36% |  2.77e-08 |      
[INFO GPL-0040] Routability iteration: 1
[INFO GPL-0041] Total routing overflow: 7.8512
[INFO GPL-0042] Number of overflowed tiles: 89 (5.71%)
[INFO GPL-0043] Average top 0.5% routing congestion: 1.2527
[INFO GPL-0044] Average top 1.0% routing congestion: 1.2128
[INFO GPL-0045] Average top 2.0% routing congestion: 1.1702
[INFO GPL-0046] Average top 5.0% routing congestion: 1.0998
[INFO GPL-0047] Routability iteration weighted routing congestion: 1.2327
[INFO GPL-0048] Routing congestion (1.2327) lower than previous minimum (1e+30). Updating minimum.
[INFO GPL-0051] Inflated area:                1180.359 um^2 (+3.12%)
[INFO GPL-0052] Placement target density:       0.6230
[INFO GPL-0076] Removing fillers, count: Before: 156, After: 69 (-55.77%)
[INFO GPL-0077] Filler area (um^2)     : Before: 2105.001, After: 925.713 (-56.02%)
[INFO GPL-0078] Removed fillers count: 87, area removed: 1167.203 um^2. Remaining area to be compensated by modifying density: 13.155 um^2
[INFO GPL-0058] White space area:            64134.010 um^2 (+0.00%)
[INFO GPL-0059] Movable instances area:      39953.179 um^2 (+0.00%)
[INFO GPL-0060] Total filler area:             925.713 um^2 (-56.02%)
[INFO GPL-0061] Total non-inflated area:     39954.249 um^2 (+0.00%)
[INFO GPL-0062] Total inflated area:         41134.607 um^2 (+0.00%)
[INFO GPL-0063] New Target Density:             0.6230
[INFO GPL-0087] Routability end iteration: increase inflation and revert back to snapshot.
Iteration | Overflow |     HPWL (um) |  HPWL(%) |   Penalty | Group
---------------------------------------------------------------
      340 |   0.5566 |  7.327229e+04 |   -7.64% |  2.40e-09 |      
      350 |   0.5219 |  7.500082e+04 |   +2.36% |  3.53e-09 |      
      360 |   0.4762 |  7.636105e+04 |   +1.81% |  5.20e-09 |      
      370 |   0.4276 |  7.791633e+04 |   +2.04% |  7.67e-09 |      
      380 |   0.3862 |  7.910683e+04 |   +1.53% |  1.13e-08 |      
      390 |   0.3476 |  8.016913e+04 |   +1.34% |  1.66e-08 |      
      400 |   0.3119 |  8.139675e+04 |   +1.53% |  2.45e-08 |      
[INFO GPL-0040] Routability iteration: 2
[INFO GPL-0041] Total routing overflow: 5.2626
[INFO GPL-0042] Number of overflowed tiles: 86 (5.51%)
[INFO GPL-0043] Average top 0.5% routing congestion: 1.1781
[INFO GPL-0044] Average top 1.0% routing congestion: 1.1476
[INFO GPL-0045] Average top 2.0% routing congestion: 1.1146
[INFO GPL-0046] Average top 5.0% routing congestion: 1.0671
[INFO GPL-0047] Routability iteration weighted routing congestion: 1.1629
[INFO GPL-0048] Routing congestion (1.1629) lower than previous minimum (1.233). Updating minimum.
[INFO GPL-0051] Inflated area:                 652.484 um^2 (+1.67%)
[INFO GPL-0052] Placement target density:       0.6230
[INFO GPL-0076] Removing fillers, count: Before: 69, After: 21 (-69.57%)
[INFO GPL-0077] Filler area (um^2)     : Before: 925.713, After: 281.739 (-69.57%)
[INFO GPL-0078] Removed fillers count: 48, area removed: 643.974 um^2. Remaining area to be compensated by modifying density: 8.510 um^2
[INFO GPL-0058] White space area:            64134.010 um^2 (+0.00%)
[INFO GPL-0059] Movable instances area:      39953.179 um^2 (+0.00%)
[INFO GPL-0060] Total filler area:             281.739 um^2 (-69.57%)
[INFO GPL-0061] Total non-inflated area:     39962.758 um^2 (+0.02%)
[INFO GPL-0062] Total inflated area:         40615.242 um^2 (+0.02%)
[INFO GPL-0063] New Target Density:             0.6230
[INFO GPL-0087] Routability end iteration: increase inflation and revert back to snapshot.
Iteration | Overflow |     HPWL (um) |  HPWL(%) |   Penalty | Group
---------------------------------------------------------------
      410 |   0.5552 |  7.477046e+04 |   -8.14% |  2.22e-09 |      
      420 |   0.5330 |  7.560417e+04 |   +1.12% |  3.27e-09 |      
      430 |   0.4843 |  7.684452e+04 |   +1.64% |  4.82e-09 |      
      440 |   0.4356 |  7.879722e+04 |   +2.54% |  7.09e-09 |      
      450 |   0.3937 |  8.030528e+04 |   +1.91% |  1.04e-08 |      
      460 |   0.3573 |  8.145292e+04 |   +1.43% |  1.54e-08 |      
      470 |   0.3167 |  8.274007e+04 |   +1.58% |  2.27e-08 |      
[INFO GPL-0040] Routability iteration: 3
[INFO GPL-0041] Total routing overflow: 4.5259
[INFO GPL-0042] Number of overflowed tiles: 77 (4.94%)
[INFO GPL-0043] Average top 0.5% routing congestion: 1.1408
[INFO GPL-0044] Average top 1.0% routing congestion: 1.1224
[INFO GPL-0045] Average top 2.0% routing congestion: 1.0988
[INFO GPL-0046] Average top 5.0% routing congestion: 1.0580
[INFO GPL-0047] Routability iteration weighted routing congestion: 1.1316
[INFO GPL-0048] Routing congestion (1.1316) lower than previous minimum (1.163). Updating minimum.
[INFO GPL-0051] Inflated area:                 518.586 um^2 (+1.31%)
[INFO GPL-0052] Placement target density:       0.6230
[INFO GPL-0076] Removing fillers, count: Before: 21, After: 0 (-100.00%)
[INFO GPL-0077] Filler area (um^2)     : Before: 281.739, After: 0.000 (-100.00%)
[INFO GPL-0078] Removed fillers count: 21, area removed: 281.739 um^2. Remaining area to be compensated by modifying density: 236.848 um^2
[INFO GPL-0079] New target density: 0.6268064
[INFO GPL-0058] White space area:            64134.010 um^2 (+0.00%)
[INFO GPL-0059] Movable instances area:      40199.606 um^2 (+0.62%)
[INFO GPL-0060] Total filler area:               0.000 um^2 (-100.00%)
[INFO GPL-0061] Total non-inflated area:     40199.606 um^2 (+0.59%)
[INFO GPL-0062] Total inflated area:         40718.192 um^2 (+0.59%)
[INFO GPL-0063] New Target Density:             0.6268
[INFO GPL-0087] Routability end iteration: increase inflation and revert back to snapshot.
Iteration | Overflow |     HPWL (um) |  HPWL(%) |   Penalty | Group
---------------------------------------------------------------
      480 |   0.5619 |  7.533438e+04 |   -8.95% |  2.05e-09 |      
      490 |   0.5442 |  7.554720e+04 |   +0.28% |  3.03e-09 |      
      500 |   0.4902 |  7.723807e+04 |   +2.24% |  4.46e-09 |      
      510 |   0.4441 |  7.910761e+04 |   +2.42% |  6.56e-09 |      
      520 |   0.3995 |  8.100437e+04 |   +2.40% |  9.67e-09 |      
      530 |   0.3598 |  8.195717e+04 |   +1.18% |  1.42e-08 |      
      540 |   0.3213 |  8.355529e+04 |   +1.95% |  2.10e-08 |      
[INFO GPL-0040] Routability iteration: 4
[INFO GPL-0041] Total routing overflow: 4.0992
[INFO GPL-0042] Number of overflowed tiles: 60 (3.85%)
[INFO GPL-0043] Average top 0.5% routing congestion: 1.1504
[INFO GPL-0044] Average top 1.0% routing congestion: 1.1290
[INFO GPL-0045] Average top 2.0% routing congestion: 1.1024
[INFO GPL-0046] Average top 5.0% routing congestion: 1.0512
[INFO GPL-0047] Routability iteration weighted routing congestion: 1.1397
[INFO GPL-0049] Routing congestion (1.1397) higher than minimum (1.1316). Consecutive non-improvement count: 1.
[INFO GPL-0051] Inflated area:                 525.545 um^2 (+1.31%)
[INFO GPL-0052] Placement target density:       0.6268
[INFO GPL-0076] Removing fillers, count: Before: 0, After: 0 (+0.00%)
[INFO GPL-0077] Filler area (um^2)     : Before: 0.000, After: 0.000 (+0.00%)
[INFO GPL-0078] Removed fillers count: 0, area removed: 0.000 um^2. Remaining area to be compensated by modifying density: 525.545 um^2
[INFO GPL-0079] New target density: 0.6350009
[INFO GPL-0058] White space area:            64134.010 um^2 (+0.00%)
[INFO GPL-0059] Movable instances area:      40725.152 um^2 (+1.31%)
[INFO GPL-0060] Total filler area:               0.000 um^2 (+0.00%)
[INFO GPL-0061] Total non-inflated area:     40725.151 um^2 (+1.31%)
[INFO GPL-0062] Total inflated area:         41250.695 um^2 (+1.29%)
[INFO GPL-0063] New Target Density:             0.6350
[INFO GPL-0087] Routability end iteration: increase inflation and revert back to snapshot.
Iteration | Overflow |     HPWL (um) |  HPWL(%) |   Penalty | Group
---------------------------------------------------------------
      550 |   0.5814 |  7.385879e+04 |  -11.60% |  1.90e-09 |      
      560 |   0.5521 |  7.526531e+04 |   +1.90% |  2.80e-09 |      
      570 |   0.4969 |  7.723015e+04 |   +2.61% |  4.12e-09 |      
      580 |   0.4523 |  7.907110e+04 |   +2.38% |  6.07e-09 |      
      590 |   0.4073 |  8.116860e+04 |   +2.65% |  8.95e-09 |      
      600 |   0.3664 |  8.208836e+04 |   +1.13% |  1.32e-08 |      
      610 |   0.3249 |  8.351351e+04 |   +1.74% |  1.94e-08 |      
[INFO GPL-0040] Routability iteration: 5
[INFO GPL-0041] Total routing overflow: 4.2795
[INFO GPL-0042] Number of overflowed tiles: 63 (4.04%)
[INFO GPL-0043] Average top 0.5% routing congestion: 1.1800
[INFO GPL-0044] Average top 1.0% routing congestion: 1.1452
[INFO GPL-0045] Average top 2.0% routing congestion: 1.1089
[INFO GPL-0046] Average top 5.0% routing congestion: 1.0523
[INFO GPL-0047] Routability iteration weighted routing congestion: 1.1626
[INFO GPL-0049] Routing congestion (1.1626) higher than minimum (1.1316). Consecutive non-improvement count: 2.
[INFO GPL-0051] Inflated area:                 542.340 um^2 (+1.33%)
[INFO GPL-0052] Placement target density:       0.6350
[INFO GPL-0076] Removing fillers, count: Before: 0, After: 0 (+0.00%)
[INFO GPL-0077] Filler area (um^2)     : Before: 0.000, After: 0.000 (+0.00%)
[INFO GPL-0078] Removed fillers count: 0, area removed: 0.000 um^2. Remaining area to be compensated by modifying density: 542.340 um^2
[INFO GPL-0079] New target density: 0.64345723
[INFO GPL-0058] White space area:            64134.010 um^2 (+0.00%)
[INFO GPL-0059] Movable instances area:      41267.491 um^2 (+1.33%)
[INFO GPL-0060] Total filler area:               0.000 um^2 (+0.00%)
[INFO GPL-0061] Total non-inflated area:     41267.491 um^2 (+1.33%)
[INFO GPL-0062] Total inflated area:         41809.831 um^2 (+1.31%)
[INFO GPL-0063] New Target Density:             0.6435
[INFO GPL-0087] Routability end iteration: increase inflation and revert back to snapshot.
Iteration | Overflow |     HPWL (um) |  HPWL(%) |   Penalty | Group
---------------------------------------------------------------
      620 |   0.6074 |  7.002617e+04 |  -16.15% |  1.83e-09 |      
      630 |   0.5553 |  7.529371e+04 |   +7.52% |  2.69e-09 |      
      640 |   0.4987 |  7.745932e+04 |   +2.88% |  3.97e-09 |      
      650 |   0.4547 |  7.919870e+04 |   +2.25% |  5.84e-09 |      
      660 |   0.4077 |  8.113300e+04 |   +2.44% |  8.61e-09 |      
      670 |   0.3633 |  8.213812e+04 |   +1.24% |  1.27e-08 |      
      680 |   0.3267 |  8.372981e+04 |   +1.94% |  1.87e-08 |      
[INFO GPL-0040] Routability iteration: 6
[INFO GPL-0041] Total routing overflow: 3.9128
[INFO GPL-0042] Number of overflowed tiles: 58 (3.72%)
[INFO GPL-0043] Average top 0.5% routing congestion: 1.1601
[INFO GPL-0044] Average top 1.0% routing congestion: 1.1328
[INFO GPL-0045] Average top 2.0% routing congestion: 1.1038
[INFO GPL-0046] Average top 5.0% routing congestion: 1.0464
[INFO GPL-0047] Routability iteration weighted routing congestion: 1.1464
[INFO GPL-0049] Routing congestion (1.1464) higher than minimum (1.1316). Consecutive non-improvement count: 3.
[INFO GPL-0051] Inflated area:                 532.749 um^2 (+1.29%)
[INFO GPL-0052] Placement target density:       0.6435
[INFO GPL-0076] Removing fillers, count: Before: 0, After: 0 (+0.00%)
[INFO GPL-0077] Filler area (um^2)     : Before: 0.000, After: 0.000 (+0.00%)
[INFO GPL-0078] Removed fillers count: 0, area removed: 0.000 um^2. Remaining area to be compensated by modifying density: 532.749 um^2
[INFO GPL-0079] New target density: 0.65176404
[INFO GPL-0054] No improvement in routing congestion for 3 consecutive iterations (limit is 3).
[INFO GPL-0055] Reverting inflation values and target density from the iteration with minimum observed routing congestion.
[INFO GPL-0056] Minimum observed routing congestion: 1.1316
[INFO GPL-0057] Target density at minimum routing congestion: 0.6230
[INFO GPL-0080] Restoring 21 previously removed fillers.
[INFO GPL-0081] Number of fillers before restoration 0 and after 21 . Relative change: +0.00%%
[INFO GPL-0082] Total filler area before restoration 0.00 and after 281.74 (um^2). Relative change: +0.00%%
[INFO GPL-0089] Routability finished. Reverting to minimal observed routing congestion, could not reach target.
Iteration | Overflow |     HPWL (um) |  HPWL(%) |   Penalty | Group
---------------------------------------------------------------
      690 |   0.5809 |  6.983297e+04 |  -16.60% |  1.83e-09 |      
      700 |   0.5376 |  7.372181e+04 |   +5.57% |  2.69e-09 |      
      710 |   0.4934 |  7.558302e+04 |   +2.52% |  3.97e-09 |      
      720 |   0.4485 |  7.700279e+04 |   +1.88% |  5.85e-09 |      
      730 |   0.4051 |  7.908020e+04 |   +2.70% |  8.61e-09 |      
      740 |   0.3604 |  8.018385e+04 |   +1.40% |  1.27e-08 |      
      750 |   0.3259 |  8.187515e+04 |   +2.11% |  1.87e-08 |      
      760 |   0.2926 |  8.313473e+04 |   +1.54% |  2.75e-08 |      
      770 |   0.2640 |  8.450126e+04 |   +1.64% |  4.05e-08 |      
      780 |   0.2312 |  8.542087e+04 |   +1.09% |  5.97e-08 |      
      790 |   0.2039 |  8.631061e+04 |   +1.04% |  8.79e-08 |      
      800 |   0.1791 |  8.701768e+04 |   +0.82% |  1.30e-07 |      
      810 |   0.1516 |  8.750990e+04 |   +0.57% |  1.91e-07 |      
      820 |   0.1307 |  8.793238e+04 |   +0.48% |  2.81e-07 |      
      830 |   0.1059 |  8.824325e+04 |   +0.35% |  4.14e-07 |      
      833 |   0.0984 |  8.829880e+04 |          |  4.83e-07 |      
---------------------------------------------------------------
[INFO GPL-1001] Global placement finished at iteration 833
[INFO GPL-1003] Routability mode iteration count: 481
[INFO GPL-1005] Routability final weighted congestion: 1.1167
[INFO GPL-1002] Placed Cell Area            41267.4905
[INFO GPL-1003] Available Free Area         64134.0096
[INFO GPL-1004] Minimum Feasible Density        0.6000 (cell_area / free_area)
[INFO GPL-1006]   Suggested Target Densities:
[INFO GPL-1007]     - For 90% usage of free space: 0.7150
[INFO GPL-1008]     - For 80% usage of free space: 0.8043
[INFO GPL-1011] Original area (um^2): 37848.18
[INFO GPL-1012] Total routability artificial inflation: 1832.84 (+4.84%)
[INFO GPL-1014] Final placement area: 41267.49 (+9.03%)
Setting global connections for newly added cells…
[INFO] Setting global connections...
[INFO ODB-0403] 0 connections made, 0 conflicts skipped.
Updating metrics…
Cell type report:                       Count       Area
  Fill cell                               188     705.68
  Tap cell                                912    1141.09
  Inverter                                 67     251.49
  Sequential cell                         416    8848.49
  Multi-Input combinational cell         2383   24264.52
  Total                                  3966   35211.27
Writing OpenROAD database to '/home/Ven/vscode/VRAI/runs/RUN_2026-07-28_12-39-10/28-openroad-globalplacement/VRAI_SYNC_CORE.odb'…
Writing netlist to '/home/Ven/vscode/VRAI/runs/RUN_2026-07-28_12-39-10/28-openroad-globalplacement/VRAI_SYNC_CORE.nl.v'…
Writing powered netlist to '/home/Ven/vscode/VRAI/runs/RUN_2026-07-28_12-39-10/28-openroad-globalplacement/VRAI_SYNC_CORE.pnl.v'…
Writing layout to '/home/Ven/vscode/VRAI/runs/RUN_2026-07-28_12-39-10/28-openroad-globalplacement/VRAI_SYNC_CORE.def'…
Writing timing constraints to '/home/Ven/vscode/VRAI/runs/RUN_2026-07-28_12-39-10/28-openroad-globalplacement/VRAI_SYNC_CORE.sdc'…
