Clock: CLK
Sources: CLK 
Generated: no
Virtual: yes
Propagated: no
Period: 26.000000

===========================================================================
report_clock_properties
============================================================================
Clock                   Period          Waveform
----------------------------------------------------
CLK                  26.000000    0.000000 13.000000

===========================================================================
report_clock_latency
============================================================================
Clock CLK
rise -> rise
    min     max
0.000000 0.000000 source latency
0.509526         network latency _5219_/CLK
        0.561083 network latency _5057_/CLK
---------------
0.509526 0.561083 latency
        0.051557 skew

fall -> fall
    min     max
0.000000 0.000000 source latency
0.513031         network latency _5219_/CLK
        0.549448 network latency _4883_/CLK
---------------
0.513031 0.549448 latency
        0.036417 skew



===========================================================================
report_clock_min_period
============================================================================
CLK period_min = 6.62 fmax = 151.03
