
===========================================================================
report_checks -unconstrained
===========================================================================
======================= min_ff_n40C_1v95 Corner ===================================

Startpoint: _5127_ (rising edge-triggered flip-flop clocked by CLK)
Endpoint: DEVICES_STRW (output port clocked by CLK)
Path Group: CLK
Path Type: max

Fanout         Cap        Slew       Delay        Time   Description
---------------------------------------------------------------------------------------------
                                  0.000000    0.000000   clock CLK (rise edge)
                                  0.000000    0.000000   clock source latency
     1    0.043552    0.000000    0.000000    0.000000 ^ CLK (in)
                                                         CLK (net)
                      0.001369    0.000685    0.000685 ^ clkbuf_0_CLK/A (sky130_fd_sc_hd__clkbuf_16)
     4    0.068653    0.065843    0.103899    0.104584 ^ clkbuf_0_CLK/X (sky130_fd_sc_hd__clkbuf_16)
                                                         clknet_0_CLK (net)
                      0.065949    0.002088    0.106672 ^ clkbuf_2_2__f_CLK/A (sky130_fd_sc_hd__clkbuf_16)
    11    0.097201    0.086819    0.138196    0.244868 ^ clkbuf_2_2__f_CLK/X (sky130_fd_sc_hd__clkbuf_16)
                                                         clknet_2_2__leaf_CLK (net)
                      0.086886    0.001341    0.246209 ^ clkbuf_leaf_9_CLK/A (sky130_fd_sc_hd__clkbuf_8)
    11    0.033236    0.053423    0.115990    0.362199 ^ clkbuf_leaf_9_CLK/X (sky130_fd_sc_hd__clkbuf_8)
                                                         clknet_leaf_9_CLK (net)
                      0.053427    0.000460    0.362659 ^ _5127_/CLK (sky130_fd_sc_hd__dfxtp_4)
    26    0.222832    0.465208    0.516513    0.879173 ^ _5127_/Q (sky130_fd_sc_hd__dfxtp_4)
                                                         _0008_ (net)
                      0.465261    0.004236    0.883409 ^ max_cap153/A (sky130_fd_sc_hd__buf_12)
    39    0.332448    0.284545    0.239377    1.122785 ^ max_cap153/X (sky130_fd_sc_hd__buf_12)
                                                         net153 (net)
                      0.293268    0.039425    1.162211 ^ _2578_/S0 (sky130_fd_sc_hd__mux4_2)
     1    0.003223    0.057197    0.308034    1.470245 v _2578_/X (sky130_fd_sc_hd__mux4_2)
                                                         _0508_ (net)
                      0.057197    0.000053    1.470298 v _2579_/B (sky130_fd_sc_hd__or2_2)
     2    0.007330    0.046985    0.177403    1.647700 v _2579_/X (sky130_fd_sc_hd__or2_2)
                                                         _0509_ (net)
                      0.046985    0.000042    1.647742 v _2586_/A1 (sky130_fd_sc_hd__a22o_2)
     8    0.053603    0.102992    0.205975    1.853717 v _2586_/X (sky130_fd_sc_hd__a22o_2)
                                                         _0516_ (net)
                      0.102998    0.000947    1.854665 v _2587_/B (sky130_fd_sc_hd__and2_2)
     4    0.013982    0.044450    0.168450    2.023114 v _2587_/X (sky130_fd_sc_hd__and2_2)
                                                         _0517_ (net)
                      0.044450    0.000056    2.023170 v _2589_/A (sky130_fd_sc_hd__nor2_2)
     9    0.048246    0.374887    0.306608    2.329778 ^ _2589_/Y (sky130_fd_sc_hd__nor2_2)
                                                         _0519_ (net)
                      0.374890    0.000878    2.330656 ^ _2615_/A1 (sky130_fd_sc_hd__a21o_2)
     2    0.015366    0.066273    0.125187    2.455843 ^ _2615_/X (sky130_fd_sc_hd__a21o_2)
                                                         _0545_ (net)
                      0.066273    0.000273    2.456116 ^ _2621_/A1 (sky130_fd_sc_hd__a21bo_2)
     3    0.021612    0.093679    0.129985    2.586101 ^ _2621_/X (sky130_fd_sc_hd__a21bo_2)
                                                         _0551_ (net)
                      0.093681    0.000614    2.586715 ^ _2626_/A2 (sky130_fd_sc_hd__a31o_2)
     3    0.019222    0.091480    0.144251    2.730966 ^ _2626_/X (sky130_fd_sc_hd__a31o_2)
                                                         _0556_ (net)
                      0.091481    0.000455    2.731421 ^ _2631_/A1 (sky130_fd_sc_hd__a31o_2)
     4    0.040799    0.178108    0.200979    2.932399 ^ _2631_/X (sky130_fd_sc_hd__a31o_2)
                                                         _0561_ (net)
                      0.178174    0.000979    2.933378 ^ _2684_/D_N (sky130_fd_sc_hd__or4b_2)
     3    0.014175    0.095258    0.370836    3.304214 v _2684_/X (sky130_fd_sc_hd__or4b_2)
                                                         _0614_ (net)
                      0.095258    0.000417    3.304630 v _2690_/A1 (sky130_fd_sc_hd__a21o_2)
     4    0.014699    0.045261    0.163644    3.468274 v _2690_/X (sky130_fd_sc_hd__a21o_2)
                                                         _0620_ (net)
                      0.045262    0.000290    3.468564 v _2694_/A3 (sky130_fd_sc_hd__a311o_2)
     4    0.015965    0.063890    0.273043    3.741606 v _2694_/X (sky130_fd_sc_hd__a311o_2)
                                                         _0624_ (net)
                      0.063919    0.000229    3.741835 v _2696_/A2 (sky130_fd_sc_hd__a21bo_2)
     5    0.017385    0.049111    0.173814    3.915649 v _2696_/X (sky130_fd_sc_hd__a21bo_2)
                                                         _0626_ (net)
                      0.049115    0.000479    3.916128 v _2704_/C (sky130_fd_sc_hd__and3_2)
     2    0.016967    0.050633    0.164944    4.081072 v _2704_/X (sky130_fd_sc_hd__and3_2)
                                                         _0628_ (net)
                      0.050633    0.000205    4.081277 v _2705_/B (sky130_fd_sc_hd__and2_2)
     1    0.002895    0.026594    0.120532    4.201809 v _2705_/X (sky130_fd_sc_hd__and2_2)
                                                         net53 (net)
                      0.026594    0.000032    4.201840 v output53/A (sky130_fd_sc_hd__clkdlybuf4s25_1)
     1    0.051713    0.260104    0.338249    4.540089 v output53/X (sky130_fd_sc_hd__clkdlybuf4s25_1)
                                                         DEVICES_STRW (net)
                      0.260105    0.000861    4.540950 v DEVICES_STRW (out)
                                              4.540950   data arrival time

                                 26.000000   26.000000   clock CLK (rise edge)
                                  0.000000   26.000000   clock network delay (propagated)
                                  0.000000   26.000000   clock reconvergence pessimism
                                 -5.000000   20.999998   output external delay
                                             20.999998   data required time
---------------------------------------------------------------------------------------------
                                             20.999998   data required time
                                             -4.540950   data arrival time
---------------------------------------------------------------------------------------------
                                             16.459047   slack (MET)




===========================================================================
report_checks --slack_max -0.01
============================================================================
======================= min_ff_n40C_1v95 Corner ===================================

No paths found.


===========================================================================
 report_check_types -max_slew -max_cap -max_fanout -violators
============================================================================
======================= min_ff_n40C_1v95 Corner ===================================



===========================================================================
report_parasitic_annotation -report_unannotated
============================================================================
Found 34 unannotated drivers.
 clkload0/X
 clkload1/Y
 clkload10/X
 clkload11/X
 clkload12/Y
 clkload13/Y
 clkload14/Y
 clkload15/Y
 clkload16/Y
 clkload17/X
 clkload18/Y
 clkload19/Y
 clkload2/Y
 clkload20/Y
 clkload21/Y
 clkload22/Y
 clkload23/X
 clkload24/X
 clkload25/X
 clkload26/Y
 clkload27/Y
 clkload28/X
 clkload29/X
 clkload3/Y
 clkload30/X
 clkload31/X
 clkload32/X
 clkload33/Y
 clkload4/X
 clkload5/X
 clkload6/X
 clkload7/X
 clkload8/X
 clkload9/X
Found 0 partially unannotated drivers.

===========================================================================
max slew violation count 0
max fanout violation count 0
max cap violation count 0
============================================================================

===========================================================================
check_setup -verbose -unconstrained_endpoints -multiple_clock -no_clock -no_input_delay -loops -generated_clocks
===========================================================================
