Clock: CLK
Sources: CLK 
Generated: no
Virtual: yes
Propagated: no
Period: 26.000000

===========================================================================
report_clock_properties
============================================================================
Clock                   Period          Waveform
----------------------------------------------------
CLK                  26.000000    0.000000 13.000000

===========================================================================
report_clock_latency
============================================================================
Clock CLK
rise -> rise
    min     max
0.000000 0.000000 source latency
0.347951         network latency _5219_/CLK
        0.383807 network latency _5021_/CLK
---------------
0.347951 0.383807 latency
        0.035856 skew

fall -> fall
    min     max
0.000000 0.000000 source latency
0.350031         network latency _5219_/CLK
        0.376097 network latency _5021_/CLK
---------------
0.350031 0.376097 latency
        0.026066 skew



===========================================================================
report_clock_min_period
============================================================================
CLK period_min = 4.08 fmax = 244.81
