Reading timing models for corner nom_tt_025C_1v80…
Reading timing library for the 'nom_tt_025C_1v80' corner at '/root/.ciel/ciel/sky130/versions/8afc8346a57fe1ab7934ba5a6056ea8b43078e71/sky130A/libs.ref/sky130_fd_sc_hd/lib/sky130_fd_sc_hd__tt_025C_1v80.lib'…
Reading OpenROAD database at '/home/Ven/vscode/VRAI/runs/RUN_2026-07-24_14-16-50/25-openroad-ioplacement/VRAI_SYNC_CORE.odb'…
Reading design constraints file at '/home/Ven/vscode/VRAI/vrai.sdc'…
[INFO] No information on clock propagation in input SDC file-- propagating all clocks.
[INFO] Setting signal min routing layer to: met1 and clock min routing layer to met1. 
[INFO] Setting signal max routing layer to: met5 and clock max routing layer to met5. 
+ global_placement -density 0.618981 -routability_driven -pad_right 0 -pad_left 0 -init_wirelength_coef 0.25
[INFO GPL-0001] ---- Initialize GPL Main Data Structures
[INFO GPL-0002] DBU: 1000
[INFO GPL-0003] SiteSize: (  0.460  2.720 ) um
[INFO GPL-0004] CoreBBox: (  5.520 10.880 ) ( 261.280 266.560 ) um
[INFO GPL-0036] Movable instances area:      32796.454 um^2
[INFO GPL-0037] Total instances area:        34643.226 um^2
[INFO GPL-0035] Pin density area adjust:      4315.909 um^2
[INFO GPL-0032] ---- Initialize Region: Top-level
[INFO GPL-0006] Number of instances:              3945
[INFO GPL-0007] Movable instances:                2845
[INFO GPL-0008] Fixed instances:                  1100
[INFO GPL-0009] Dummy instances:                     0
[INFO GPL-0010] Number of nets:                   2895
[INFO GPL-0011] Number of pins:                  11620
[INFO GPL-0012] Die BBox:  (  0.000  0.000 ) ( 267.150 277.870 ) um
[INFO GPL-0013] Core BBox: (  5.520 10.880 ) ( 261.280 266.560 ) um
[INFO GPL-0016] Core area:                   65392.717 um^2
[INFO GPL-0014] Region name: top-level.
[INFO GPL-0015] Region area:                 65392.717 um^2
[INFO GPL-0017] Fixed instances area:         1846.771 um^2
[INFO GPL-0018] Movable instances area:      37112.364 um^2
[INFO GPL-0019] Utilization:                    58.402 %
[INFO GPL-0020] Standard cells area:         37112.364 um^2
[INFO GPL-0021] Large instances area:            0.000 um^2
[INFO GPL-0005] ---- Execute Conjugate Gradient Initial Placement.
[INFO GPL-0051] Source of initial instance position counters:
	Odb location = 2845	Core center = 0	Region center = 0
[InitialPlace]  Iter: 1 conjugate gradient residual: 0.00070098 HPWL: 105360649
[InitialPlace]  Iter: 2 conjugate gradient residual: 0.00030528 HPWL: 53385803
[InitialPlace]  Iter: 3 conjugate gradient residual: 0.00003957 HPWL: 43276435
[InitialPlace]  Iter: 4 conjugate gradient residual: 0.00001249 HPWL: 40425861
[InitialPlace]  Iter: 5 conjugate gradient residual: 0.00001650 HPWL: 39574178
[InitialPlace]  Iter: 6 conjugate gradient residual: 0.00001160 HPWL: 39144839
[InitialPlace]  Iter: 7 conjugate gradient residual: 0.00000365 HPWL: 38860450
[INFO GPL-0033] ---- Initialize Nesterov Region: Top-level
[INFO GPL-0023] Placement target density:       0.6190
[INFO GPL-0024] Movable insts average area:     13.045 um^2
[INFO GPL-0025] Ideal bin area:                 21.075 um^2
[INFO GPL-0026] Ideal bin count:                  3102
[INFO GPL-0027] Total bin area:              65392.717 um^2
[INFO GPL-0028] Bin count (X, Y):          32 ,     32
[INFO GPL-0029] Bin size (W * H):       7.992 *  7.990 um
[INFO GPL-0030] Number of bins:                   1024
[INFO GPL-0007] ---- Execute Nesterov Global Placement.
[INFO GPL-0031] HPWL: Half-Perimeter Wirelength
Iteration | Overflow |     HPWL (um) |  HPWL(%) |   Penalty | Group
---------------------------------------------------------------
        0 |   0.9632 |  1.972375e+04 |   +0.00% |  2.33e-15 |      
       10 |   0.9314 |  2.505414e+04 |  +27.03% |  3.80e-15 |      
       20 |   0.9281 |  2.586790e+04 |   +3.25% |  6.19e-15 |      
       30 |   0.9262 |  2.619793e+04 |   +1.28% |  1.01e-14 |      
       40 |   0.9250 |  2.644006e+04 |   +0.92% |  1.64e-14 |      
       50 |   0.9239 |  2.656563e+04 |   +0.47% |  2.67e-14 |      
       60 |   0.9240 |  2.649540e+04 |   -0.26% |  4.35e-14 |      
       70 |   0.9234 |  2.636124e+04 |   -0.51% |  7.09e-14 |      
       80 |   0.9240 |  2.628533e+04 |   -0.29% |  1.16e-13 |      
       90 |   0.9239 |  2.629851e+04 |   +0.05% |  1.88e-13 |      
      100 |   0.9240 |  2.638514e+04 |   +0.33% |  3.07e-13 |      
      110 |   0.9235 |  2.651888e+04 |   +0.51% |  4.99e-13 |      
      120 |   0.9228 |  2.667015e+04 |   +0.57% |  8.13e-13 |      
      130 |   0.9210 |  2.685480e+04 |   +0.69% |  1.32e-12 |      
      140 |   0.9192 |  2.714474e+04 |   +1.08% |  2.16e-12 |      
      150 |   0.9157 |  2.765127e+04 |   +1.87% |  3.52e-12 |      
      160 |   0.9116 |  2.852853e+04 |   +3.17% |  5.73e-12 |      
      170 |   0.9008 |  2.988522e+04 |   +4.76% |  9.32e-12 |      
      180 |   0.8892 |  3.191291e+04 |   +6.78% |  1.52e-11 |      
      190 |   0.8717 |  3.483999e+04 |   +9.17% |  2.47e-11 |      
      200 |   0.8510 |  3.834685e+04 |  +10.07% |  4.03e-11 |      
      210 |   0.8302 |  4.222701e+04 |  +10.12% |  6.56e-11 |      
      220 |   0.8090 |  4.636358e+04 |   +9.80% |  1.07e-10 |      
      230 |   0.7801 |  5.055839e+04 |   +9.05% |  1.74e-10 |      
      240 |   0.7504 |  5.425579e+04 |   +7.31% |  2.83e-10 |      
      250 |   0.7159 |  5.785875e+04 |   +6.64% |  4.61e-10 |      
      260 |   0.6804 |  6.179368e+04 |   +6.80% |  7.50e-10 |      
      270 |   0.6379 |  6.541629e+04 |   +5.86% |  1.22e-09 |      
[INFO GPL-0038] Routability snapshot saved at iter = 279
      278 |   0.5977 |  6.837439e+04 |          |           |      
      280 |   0.5886 |  6.889607e+04 |   +5.32% |  1.99e-09 |      
      290 |   0.5365 |  7.182230e+04 |   +4.25% |  3.24e-09 |      
      300 |   0.4826 |  7.426163e+04 |   +3.40% |  5.27e-09 |      
      310 |   0.4258 |  7.610561e+04 |   +2.48% |  8.59e-09 |      
      320 |   0.3764 |  7.727866e+04 |   +1.54% |  1.40e-08 |      
      330 |   0.3215 |  7.810645e+04 |   +1.07% |  2.19e-08 |      
[INFO GPL-0040] Routability iteration: 1
[INFO GPL-0041] Total routing overflow: 8.1488
[INFO GPL-0042] Number of overflowed tiles: 77 (5.07%)
[INFO GPL-0043] Average top 0.5% routing congestion: 1.2872
[INFO GPL-0044] Average top 1.0% routing congestion: 1.2443
[INFO GPL-0045] Average top 2.0% routing congestion: 1.1950
[INFO GPL-0046] Average top 5.0% routing congestion: 1.1072
[INFO GPL-0047] Routability iteration weighted routing congestion: 1.2658
[INFO GPL-0048] Routing congestion (1.2658) lower than previous minimum (1e+30). Updating minimum.
[INFO GPL-0051] Inflated area:                1382.864 um^2 (+3.73%)
[INFO GPL-0052] Placement target density:       0.6190
[INFO GPL-0076] Removing fillers, count: Before: 167, After: 63 (-62.28%)
[INFO GPL-0077] Filler area (um^2)     : Before: 2221.368, After: 834.024 (-62.45%)
[INFO GPL-0078] Removed fillers count: 104, area removed: 1376.801 um^2. Remaining area to be compensated by modifying density: 6.062 um^2
[INFO GPL-0058] White space area:            63545.946 um^2 (+0.00%)
[INFO GPL-0059] Movable instances area:      39333.732 um^2 (+0.00%)
[INFO GPL-0060] Total filler area:             834.024 um^2 (-62.45%)
[INFO GPL-0061] Total non-inflated area:     39329.251 um^2 (-0.01%)
[INFO GPL-0062] Total inflated area:         40712.115 um^2 (-0.01%)
[INFO GPL-0063] New Target Density:             0.6190
[INFO GPL-0087] Routability end iteration: increase inflation and revert back to snapshot.
Iteration | Overflow |     HPWL (um) |  HPWL(%) |   Penalty | Group
---------------------------------------------------------------
      340 |   0.6001 |  6.930875e+04 |  -11.26% |  1.97e-09 |      
      350 |   0.5512 |  7.326295e+04 |   +5.71% |  2.90e-09 |      
      360 |   0.5057 |  7.522935e+04 |   +2.68% |  4.27e-09 |      
      370 |   0.4584 |  7.699920e+04 |   +2.35% |  6.29e-09 |      
      380 |   0.4130 |  7.840029e+04 |   +1.82% |  9.27e-09 |      
      390 |   0.3726 |  7.915024e+04 |   +0.96% |  1.36e-08 |      
      400 |   0.3325 |  7.999283e+04 |   +1.06% |  2.01e-08 |      
      410 |   0.3033 |  8.102024e+04 |   +1.28% |  2.96e-08 |      
[INFO GPL-0040] Routability iteration: 2
[INFO GPL-0041] Total routing overflow: 5.0539
[INFO GPL-0042] Number of overflowed tiles: 66 (4.34%)
[INFO GPL-0043] Average top 0.5% routing congestion: 1.2049
[INFO GPL-0044] Average top 1.0% routing congestion: 1.1620
[INFO GPL-0045] Average top 2.0% routing congestion: 1.1253
[INFO GPL-0046] Average top 5.0% routing congestion: 1.0656
[INFO GPL-0047] Routability iteration weighted routing congestion: 1.1834
[INFO GPL-0048] Routing congestion (1.1834) lower than previous minimum (1.266). Updating minimum.
[INFO GPL-0051] Inflated area:                 775.721 um^2 (+2.02%)
[INFO GPL-0052] Placement target density:       0.6190
[INFO GPL-0076] Removing fillers, count: Before: 63, After: 5 (-92.06%)
[INFO GPL-0077] Filler area (um^2)     : Before: 834.024, After: 66.192 (-92.06%)
[INFO GPL-0078] Removed fillers count: 58, area removed: 767.832 um^2. Remaining area to be compensated by modifying density: 7.890 um^2
[INFO GPL-0058] White space area:            63545.946 um^2 (+0.00%)
[INFO GPL-0059] Movable instances area:      39333.732 um^2 (+0.00%)
[INFO GPL-0060] Total filler area:              66.192 um^2 (-92.06%)
[INFO GPL-0061] Total non-inflated area:     39337.141 um^2 (+0.02%)
[INFO GPL-0062] Total inflated area:         40112.862 um^2 (+0.02%)
[INFO GPL-0063] New Target Density:             0.6190
[INFO GPL-0087] Routability end iteration: increase inflation and revert back to snapshot.
Iteration | Overflow |     HPWL (um) |  HPWL(%) |   Penalty | Group
---------------------------------------------------------------
      420 |   0.5528 |  7.475474e+04 |   -7.73% |  2.58e-09 |      
      430 |   0.5155 |  7.593855e+04 |   +1.58% |  3.80e-09 |      
      440 |   0.4742 |  7.757677e+04 |   +2.16% |  5.60e-09 |      
      450 |   0.4268 |  7.976340e+04 |   +2.82% |  8.25e-09 |      
      460 |   0.3844 |  8.058525e+04 |   +1.03% |  1.21e-08 |      
      470 |   0.3410 |  8.151528e+04 |   +1.15% |  1.79e-08 |      
      480 |   0.3086 |  8.233202e+04 |   +1.00% |  2.64e-08 |      
[INFO GPL-0040] Routability iteration: 3
[INFO GPL-0041] Total routing overflow: 5.1774
[INFO GPL-0042] Number of overflowed tiles: 67 (4.41%)
[INFO GPL-0043] Average top 0.5% routing congestion: 1.2082
[INFO GPL-0044] Average top 1.0% routing congestion: 1.1765
[INFO GPL-0045] Average top 2.0% routing congestion: 1.1312
[INFO GPL-0046] Average top 5.0% routing congestion: 1.0671
[INFO GPL-0047] Routability iteration weighted routing congestion: 1.1924
[INFO GPL-0049] Routing congestion (1.1924) higher than minimum (1.1834). Consecutive non-improvement count: 1.
[INFO GPL-0051] Inflated area:                 752.009 um^2 (+1.91%)
[INFO GPL-0052] Placement target density:       0.6190
[INFO GPL-0076] Removing fillers, count: Before: 5, After: 0 (-100.00%)
[INFO GPL-0077] Filler area (um^2)     : Before: 66.192, After: 0.000 (-100.00%)
[INFO GPL-0078] Removed fillers count: 5, area removed: 66.192 um^2. Remaining area to be compensated by modifying density: 685.817 um^2
[INFO GPL-0079] New target density: 0.6298271
[INFO GPL-0058] White space area:            63545.946 um^2 (+0.00%)
[INFO GPL-0059] Movable instances area:      40022.958 um^2 (+1.75%)
[INFO GPL-0060] Total filler area:               0.000 um^2 (-100.00%)
[INFO GPL-0061] Total non-inflated area:     40022.958 um^2 (+1.74%)
[INFO GPL-0062] Total inflated area:         40774.967 um^2 (+1.71%)
[INFO GPL-0063] New Target Density:             0.6298
[INFO GPL-0087] Routability end iteration: increase inflation and revert back to snapshot.
Iteration | Overflow |     HPWL (um) |  HPWL(%) |   Penalty | Group
---------------------------------------------------------------
      490 |   0.5509 |  7.575573e+04 |   -7.99% |  2.39e-09 |      
      500 |   0.5276 |  7.604024e+04 |   +0.38% |  3.52e-09 |      
      510 |   0.4853 |  7.740818e+04 |   +1.80% |  5.18e-09 |      
      520 |   0.4352 |  7.984159e+04 |   +3.14% |  7.63e-09 |      
      530 |   0.3910 |  8.074734e+04 |   +1.13% |  1.12e-08 |      
      540 |   0.3502 |  8.202794e+04 |   +1.59% |  1.66e-08 |      
      550 |   0.3177 |  8.319506e+04 |   +1.42% |  2.44e-08 |      
[INFO GPL-0040] Routability iteration: 4
[INFO GPL-0041] Total routing overflow: 3.9861
[INFO GPL-0042] Number of overflowed tiles: 67 (4.41%)
[INFO GPL-0043] Average top 0.5% routing congestion: 1.1635
[INFO GPL-0044] Average top 1.0% routing congestion: 1.1383
[INFO GPL-0045] Average top 2.0% routing congestion: 1.1082
[INFO GPL-0046] Average top 5.0% routing congestion: 1.0510
[INFO GPL-0047] Routability iteration weighted routing congestion: 1.1509
[INFO GPL-0048] Routing congestion (1.1509) lower than previous minimum (1.183). Updating minimum.
[INFO GPL-0051] Inflated area:                 528.895 um^2 (+1.32%)
[INFO GPL-0052] Placement target density:       0.6298
[INFO GPL-0076] Removing fillers, count: Before: 0, After: 0 (+0.00%)
[INFO GPL-0077] Filler area (um^2)     : Before: 0.000, After: 0.000 (+0.00%)
[INFO GPL-0078] Removed fillers count: 0, area removed: 0.000 um^2. Remaining area to be compensated by modifying density: 528.895 um^2
[INFO GPL-0079] New target density: 0.63815016
[INFO GPL-0058] White space area:            63545.946 um^2 (+0.00%)
[INFO GPL-0059] Movable instances area:      40551.854 um^2 (+1.32%)
[INFO GPL-0060] Total filler area:               0.000 um^2 (+0.00%)
[INFO GPL-0061] Total non-inflated area:     40551.853 um^2 (+1.32%)
[INFO GPL-0062] Total inflated area:         41080.748 um^2 (+1.30%)
[INFO GPL-0063] New Target Density:             0.6382
[INFO GPL-0087] Routability end iteration: increase inflation and revert back to snapshot.
Iteration | Overflow |     HPWL (um) |  HPWL(%) |   Penalty | Group
---------------------------------------------------------------
      560 |   0.5647 |  7.564052e+04 |   -9.08% |  2.13e-09 |      
      570 |   0.5459 |  7.544601e+04 |   -0.26% |  3.13e-09 |      
      580 |   0.4953 |  7.717855e+04 |   +2.30% |  4.61e-09 |      
      590 |   0.4482 |  7.958504e+04 |   +3.12% |  6.79e-09 |      
      600 |   0.3994 |  8.091693e+04 |   +1.67% |  1.00e-08 |      
      610 |   0.3646 |  8.204389e+04 |   +1.39% |  1.47e-08 |      
      620 |   0.3271 |  8.313349e+04 |   +1.33% |  2.17e-08 |      
[INFO GPL-0040] Routability iteration: 5
[INFO GPL-0041] Total routing overflow: 2.8988
[INFO GPL-0042] Number of overflowed tiles: 52 (3.42%)
[INFO GPL-0043] Average top 0.5% routing congestion: 1.1340
[INFO GPL-0044] Average top 1.0% routing congestion: 1.1098
[INFO GPL-0045] Average top 2.0% routing congestion: 1.0821
[INFO GPL-0046] Average top 5.0% routing congestion: 1.0333
[INFO GPL-0047] Routability iteration weighted routing congestion: 1.1219
[INFO GPL-0048] Routing congestion (1.1219) lower than previous minimum (1.151). Updating minimum.
[INFO GPL-0051] Inflated area:                 424.693 um^2 (+1.05%)
[INFO GPL-0052] Placement target density:       0.6382
[INFO GPL-0076] Removing fillers, count: Before: 0, After: 0 (+0.00%)
[INFO GPL-0077] Filler area (um^2)     : Before: 0.000, After: 0.000 (+0.00%)
[INFO GPL-0078] Removed fillers count: 0, area removed: 0.000 um^2. Remaining area to be compensated by modifying density: 424.693 um^2
[INFO GPL-0079] New target density: 0.6448333
[INFO GPL-0058] White space area:            63545.946 um^2 (+0.00%)
[INFO GPL-0059] Movable instances area:      40976.544 um^2 (+1.05%)
[INFO GPL-0060] Total filler area:               0.000 um^2 (+0.00%)
[INFO GPL-0061] Total non-inflated area:     40976.546 um^2 (+1.05%)
[INFO GPL-0062] Total inflated area:         41401.238 um^2 (+1.04%)
[INFO GPL-0063] New Target Density:             0.6448
[INFO GPL-0087] Routability end iteration: increase inflation and revert back to snapshot.
Iteration | Overflow |     HPWL (um) |  HPWL(%) |   Penalty | Group
---------------------------------------------------------------
      630 |   0.6097 |  6.970326e+04 |  -16.16% |  1.97e-09 |      
      640 |   0.5539 |  7.523787e+04 |   +7.94% |  2.90e-09 |      
      650 |   0.4999 |  7.720533e+04 |   +2.61% |  4.27e-09 |      
      660 |   0.4572 |  7.934328e+04 |   +2.77% |  6.29e-09 |      
      670 |   0.4073 |  8.112785e+04 |   +2.25% |  9.26e-09 |      
      680 |   0.3733 |  8.215806e+04 |   +1.27% |  1.36e-08 |      
      690 |   0.3296 |  8.331074e+04 |   +1.40% |  2.01e-08 |      
[INFO GPL-0040] Routability iteration: 6
[INFO GPL-0041] Total routing overflow: 3.2673
[INFO GPL-0042] Number of overflowed tiles: 55 (3.62%)
[INFO GPL-0043] Average top 0.5% routing congestion: 1.1668
[INFO GPL-0044] Average top 1.0% routing congestion: 1.1277
[INFO GPL-0045] Average top 2.0% routing congestion: 1.0916
[INFO GPL-0046] Average top 5.0% routing congestion: 1.0374
[INFO GPL-0047] Routability iteration weighted routing congestion: 1.1472
[INFO GPL-0049] Routing congestion (1.1472) higher than minimum (1.1219). Consecutive non-improvement count: 1.
[INFO GPL-0051] Inflated area:                 464.913 um^2 (+1.13%)
[INFO GPL-0052] Placement target density:       0.6448
[INFO GPL-0076] Removing fillers, count: Before: 0, After: 0 (+0.00%)
[INFO GPL-0077] Filler area (um^2)     : Before: 0.000, After: 0.000 (+0.00%)
[INFO GPL-0078] Removed fillers count: 0, area removed: 0.000 um^2. Remaining area to be compensated by modifying density: 464.913 um^2
[INFO GPL-0079] New target density: 0.65214956
[INFO GPL-0058] White space area:            63545.946 um^2 (+0.00%)
[INFO GPL-0059] Movable instances area:      41441.460 um^2 (+1.13%)
[INFO GPL-0060] Total filler area:               0.000 um^2 (+0.00%)
[INFO GPL-0061] Total non-inflated area:     41441.459 um^2 (+1.13%)
[INFO GPL-0062] Total inflated area:         41906.372 um^2 (+1.12%)
[INFO GPL-0063] New Target Density:             0.6521
[INFO GPL-0087] Routability end iteration: increase inflation and revert back to snapshot.
Iteration | Overflow |     HPWL (um) |  HPWL(%) |   Penalty | Group
---------------------------------------------------------------
      700 |   0.6187 |  6.856000e+04 |  -17.71% |  1.89e-09 |      
      710 |   0.5550 |  7.553659e+04 |  +10.18% |  2.79e-09 |      
      720 |   0.5036 |  7.750891e+04 |   +2.61% |  4.11e-09 |      
      730 |   0.4602 |  7.944851e+04 |   +2.50% |  6.05e-09 |      
      740 |   0.4121 |  8.139936e+04 |   +2.46% |  8.91e-09 |      
      750 |   0.3759 |  8.240830e+04 |   +1.24% |  1.31e-08 |      
      760 |   0.3344 |  8.348378e+04 |   +1.31% |  1.93e-08 |      
      770 |   0.3012 |  8.442063e+04 |   +1.12% |  2.85e-08 |      
[INFO GPL-0040] Routability iteration: 7
[INFO GPL-0041] Total routing overflow: 3.1721
[INFO GPL-0042] Number of overflowed tiles: 52 (3.42%)
[INFO GPL-0043] Average top 0.5% routing congestion: 1.1616
[INFO GPL-0044] Average top 1.0% routing congestion: 1.1327
[INFO GPL-0045] Average top 2.0% routing congestion: 1.0940
[INFO GPL-0046] Average top 5.0% routing congestion: 1.0359
[INFO GPL-0047] Routability iteration weighted routing congestion: 1.1472
[INFO GPL-0049] Routing congestion (1.1472) higher than minimum (1.1219). Consecutive non-improvement count: 2.
[INFO GPL-0051] Inflated area:                 375.234 um^2 (+0.91%)
[INFO GPL-0052] Placement target density:       0.6521
[INFO GPL-0076] Removing fillers, count: Before: 0, After: 0 (+0.00%)
[INFO GPL-0077] Filler area (um^2)     : Before: 0.000, After: 0.000 (+0.00%)
[INFO GPL-0078] Removed fillers count: 0, area removed: 0.000 um^2. Remaining area to be compensated by modifying density: 375.234 um^2
[INFO GPL-0079] New target density: 0.6580545
[INFO GPL-0058] White space area:            63545.946 um^2 (+0.00%)
[INFO GPL-0059] Movable instances area:      41816.695 um^2 (+0.91%)
[INFO GPL-0060] Total filler area:               0.000 um^2 (+0.00%)
[INFO GPL-0061] Total non-inflated area:     41816.693 um^2 (+0.91%)
[INFO GPL-0062] Total inflated area:         42191.927 um^2 (+0.90%)
[INFO GPL-0063] New Target Density:             0.6581
[INFO GPL-0087] Routability end iteration: increase inflation and revert back to snapshot.
Iteration | Overflow |     HPWL (um) |  HPWL(%) |   Penalty | Group
---------------------------------------------------------------
      780 |   0.5505 |  7.657988e+04 |   -9.29% |  2.58e-09 |      
      790 |   0.5087 |  7.756302e+04 |   +1.28% |  3.80e-09 |      
      800 |   0.4697 |  7.873623e+04 |   +1.51% |  5.60e-09 |      
      810 |   0.4209 |  8.147680e+04 |   +3.48% |  8.24e-09 |      
      820 |   0.3817 |  8.256042e+04 |   +1.33% |  1.21e-08 |      
      830 |   0.3432 |  8.366681e+04 |   +1.34% |  1.79e-08 |      
      840 |   0.3047 |  8.453072e+04 |   +1.03% |  2.64e-08 |      
[INFO GPL-0040] Routability iteration: 8
[INFO GPL-0041] Total routing overflow: 2.9610
[INFO GPL-0042] Number of overflowed tiles: 49 (3.22%)
[INFO GPL-0043] Average top 0.5% routing congestion: 1.1548
[INFO GPL-0044] Average top 1.0% routing congestion: 1.1278
[INFO GPL-0045] Average top 2.0% routing congestion: 1.0881
[INFO GPL-0046] Average top 5.0% routing congestion: 1.0317
[INFO GPL-0047] Routability iteration weighted routing congestion: 1.1413
[INFO GPL-0049] Routing congestion (1.1413) higher than minimum (1.1219). Consecutive non-improvement count: 3.
[INFO GPL-0051] Inflated area:                 352.387 um^2 (+0.84%)
[INFO GPL-0052] Placement target density:       0.6581
[INFO GPL-0076] Removing fillers, count: Before: 0, After: 0 (+0.00%)
[INFO GPL-0077] Filler area (um^2)     : Before: 0.000, After: 0.000 (+0.00%)
[INFO GPL-0078] Removed fillers count: 0, area removed: 0.000 um^2. Remaining area to be compensated by modifying density: 352.387 um^2
[INFO GPL-0079] New target density: 0.66359985
[INFO GPL-0054] No improvement in routing congestion for 3 consecutive iterations (limit is 3).
[INFO GPL-0055] Reverting inflation values and target density from the iteration with minimum observed routing congestion.
[INFO GPL-0056] Minimum observed routing congestion: 1.1219
[INFO GPL-0057] Target density at minimum routing congestion: 0.6382
[INFO GPL-0080] Restoring 0 previously removed fillers.
[INFO GPL-0089] Routability finished. Reverting to minimal observed routing congestion, could not reach target.
Iteration | Overflow |     HPWL (um) |  HPWL(%) |   Penalty | Group
---------------------------------------------------------------
      850 |   0.5442 |  7.516520e+04 |  -11.08% |  2.39e-09 |      
      860 |   0.5173 |  7.539948e+04 |   +0.31% |  3.52e-09 |      
      870 |   0.4729 |  7.726064e+04 |   +2.47% |  5.18e-09 |      
      880 |   0.4262 |  7.964385e+04 |   +3.08% |  7.63e-09 |      
      890 |   0.3818 |  8.076600e+04 |   +1.41% |  1.12e-08 |      
      900 |   0.3465 |  8.213321e+04 |   +1.69% |  1.66e-08 |      
      910 |   0.3107 |  8.310524e+04 |   +1.18% |  2.44e-08 |      
      920 |   0.2709 |  8.399567e+04 |   +1.07% |  3.59e-08 |      
      930 |   0.2402 |  8.450882e+04 |   +0.61% |  5.29e-08 |      
      940 |   0.2093 |  8.524826e+04 |   +0.87% |  7.80e-08 |      
      950 |   0.1803 |  8.571308e+04 |   +0.55% |  1.15e-07 |      
      960 |   0.1568 |  8.613499e+04 |   +0.49% |  1.69e-07 |      
      970 |   0.1325 |  8.645452e+04 |   +0.37% |  2.49e-07 |      
      980 |   0.1103 |  8.686618e+04 |   +0.48% |  3.67e-07 |      
      985 |   0.0983 |  8.696143e+04 |          |  4.63e-07 |      
---------------------------------------------------------------
[INFO GPL-1001] Global placement finished at iteration 985
[INFO GPL-1003] Routability mode iteration count: 626
[INFO GPL-1005] Routability final weighted congestion: 1.1205
[INFO GPL-1002] Placed Cell Area            41816.6930
[INFO GPL-1003] Available Free Area         63545.9456
[INFO GPL-1004] Minimum Feasible Density        0.5900 (cell_area / free_area)
[INFO GPL-1006]   Suggested Target Densities:
[INFO GPL-1007]     - For 90% usage of free space: 0.7312
[INFO GPL-1008]     - For 80% usage of free space: 0.8226
[INFO GPL-1011] Original area (um^2): 37112.36
[INFO GPL-1012] Total routability artificial inflation: 3439.49 (+9.27%)
[INFO GPL-1014] Final placement area: 41816.69 (+12.68%)
Setting global connections for newly added cells…
[INFO] Setting global connections...
[INFO ODB-0403] 0 connections made, 0 conflicts skipped.
Updating metrics…
Cell type report:                       Count       Area
  Fill cell                               188     705.68
  Tap cell                                912    1141.09
  Inverter                                 76     285.27
  Sequential cell                         397    8444.35
  Multi-Input combinational cell         2372   24066.83
  Total                                  3945   34643.23
Writing OpenROAD database to '/home/Ven/vscode/VRAI/runs/RUN_2026-07-24_14-16-50/28-openroad-globalplacement/VRAI_SYNC_CORE.odb'…
Writing netlist to '/home/Ven/vscode/VRAI/runs/RUN_2026-07-24_14-16-50/28-openroad-globalplacement/VRAI_SYNC_CORE.nl.v'…
Writing powered netlist to '/home/Ven/vscode/VRAI/runs/RUN_2026-07-24_14-16-50/28-openroad-globalplacement/VRAI_SYNC_CORE.pnl.v'…
Writing layout to '/home/Ven/vscode/VRAI/runs/RUN_2026-07-24_14-16-50/28-openroad-globalplacement/VRAI_SYNC_CORE.def'…
Writing timing constraints to '/home/Ven/vscode/VRAI/runs/RUN_2026-07-24_14-16-50/28-openroad-globalplacement/VRAI_SYNC_CORE.sdc'…
