Reading timing models for corner max_ss_100C_1v60…
Reading timing library for the 'max_ss_100C_1v60' corner at '/root/.ciel/ciel/sky130/versions/8afc8346a57fe1ab7934ba5a6056ea8b43078e71/sky130A/libs.ref/sky130_fd_sc_hd/lib/sky130_fd_sc_hd__ss_100C_1v60.lib'…
Reading OpenROAD database at '/home/Ven/vscode/VRAI/runs/RUN_2026-07-28_12-32-52/41-openroad-repairdesignpostgrt/VRAI_SYNC_CORE.odb'…
Reading design constraints file at '/home/Ven/vscode/VRAI/constraints/vrai_pnr.sdc'…
[INFO] No information on clock propagation in input SDC file-- propagating all clocks.
+ repair_antennas sky130_fd_sc_hd__diode_2 -iterations 3 -ratio_margin 10
[INFO GRT-0012] Found 8 antenna violations.
[INFO GRT-0302] Inserted 8 jumpers for 8 nets.
[INFO GRT-0012] Found 0 antenna violations.
Setting global connections for newly added cells…
[INFO] Setting global connections...
[INFO ODB-0403] 0 connections made, 0 conflicts skipped.
Updating metrics…
Cell type report:                       Count       Area
  Fill cell                               188     705.68
  Tap cell                                912    1141.09
  Clock buffer                             65     875.84
  Timing Repair Buffer                    155    1734.16
  Inverter                                 67     252.74
  Clock inverter                           16     223.96
  Sequential cell                         416    8863.50
  Multi-Input combinational cell         2383   24297.05
  Total                                  4202   38094.04
Writing OpenROAD database to '/home/Ven/vscode/VRAI/runs/RUN_2026-07-28_12-32-52/43-openroad-repairantennas/1-openroad-diodeinsertion/VRAI_SYNC_CORE.odb'…
Writing layout to '/home/Ven/vscode/VRAI/runs/RUN_2026-07-28_12-32-52/43-openroad-repairantennas/1-openroad-diodeinsertion/VRAI_SYNC_CORE.def'…
