
===========================================================================
report_checks -unconstrained
===========================================================================
======================= max_ss_100C_1v60 Corner ===================================

Startpoint: _5127_ (rising edge-triggered flip-flop clocked by CLK)
Endpoint: DEVICES_STRW (output port clocked by CLK)
Path Group: CLK
Path Type: max

Fanout         Cap        Slew       Delay        Time   Description
---------------------------------------------------------------------------------------------
                                  0.000000    0.000000   clock CLK (rise edge)
                                  0.000000    0.000000   clock source latency
     1    0.051547    0.000000    0.000000    0.000000 ^ CLK (in)
                                                         CLK (net)
                      0.004050    0.002025    0.002025 ^ clkbuf_0_CLK/A (sky130_fd_sc_hd__clkbuf_16)
     4    0.077381    0.144845    0.259566    0.261591 ^ clkbuf_0_CLK/X (sky130_fd_sc_hd__clkbuf_16)
                                                         clknet_0_CLK (net)
                      0.145334    0.006653    0.268244 ^ clkbuf_2_2__f_CLK/A (sky130_fd_sc_hd__clkbuf_16)
    12    0.114002    0.195751    0.362561    0.630805 ^ clkbuf_2_2__f_CLK/X (sky130_fd_sc_hd__clkbuf_16)
                                                         clknet_2_2__leaf_CLK (net)
                      0.196154    0.006360    0.637165 ^ clkbuf_leaf_8_CLK/A (sky130_fd_sc_hd__clkbuf_8)
    11    0.033120    0.113225    0.322289    0.959455 ^ clkbuf_leaf_8_CLK/X (sky130_fd_sc_hd__clkbuf_8)
                                                         clknet_leaf_8_CLK (net)
                      0.113295    0.002523    0.961978 ^ _5127_/CLK (sky130_fd_sc_hd__dfxtp_4)
    18    0.150622    0.670514    1.149697    2.111675 ^ _5127_/Q (sky130_fd_sc_hd__dfxtp_4)
                                                         _0008_ (net)
                      0.671005    0.009584    2.121259 ^ max_cap179/A (sky130_fd_sc_hd__buf_12)
    24    0.207316    0.377379    0.586487    2.707746 ^ max_cap179/X (sky130_fd_sc_hd__buf_12)
                                                         net179 (net)
                      0.382869    0.036985    2.744731 ^ max_cap178/A (sky130_fd_sc_hd__buf_12)
    24    0.210364    0.380847    0.500548    3.245279 ^ max_cap178/X (sky130_fd_sc_hd__buf_12)
                                                         net178 (net)
                      0.397716    0.062937    3.308216 ^ _2578_/S0 (sky130_fd_sc_hd__mux4_2)
     1    0.004305    0.154219    1.217495    4.525711 v _2578_/X (sky130_fd_sc_hd__mux4_2)
                                                         _0508_ (net)
                      0.154219    0.000371    4.526082 v _2579_/B (sky130_fd_sc_hd__or2_2)
     2    0.007774    0.137414    0.695765    5.221847 v _2579_/X (sky130_fd_sc_hd__or2_2)
                                                         _0509_ (net)
                      0.137414    0.000337    5.222184 v _2586_/A1 (sky130_fd_sc_hd__a22o_2)
     8    0.061515    0.295024    0.694372    5.916556 v _2586_/X (sky130_fd_sc_hd__a22o_2)
                                                         _0516_ (net)
                      0.295086    0.004386    5.920942 v _2587_/B (sky130_fd_sc_hd__and2_2)
     4    0.014839    0.122070    0.573664    6.494606 v _2587_/X (sky130_fd_sc_hd__and2_2)
                                                         _0517_ (net)
                      0.122070    0.000502    6.495108 v _2589_/A (sky130_fd_sc_hd__nor2_2)
     9    0.052251    0.918233    0.781104    7.276211 ^ _2589_/Y (sky130_fd_sc_hd__nor2_2)
                                                         _0519_ (net)
                      0.918263    0.004506    7.280717 ^ _2615_/A1 (sky130_fd_sc_hd__a21o_2)
     2    0.016112    0.154455    0.591639    7.872356 ^ _2615_/X (sky130_fd_sc_hd__a21o_2)
                                                         _0545_ (net)
                      0.154462    0.001214    7.873570 ^ _2621_/A1 (sky130_fd_sc_hd__a21bo_2)
     3    0.023846    0.215636    0.402655    8.276225 ^ _2621_/X (sky130_fd_sc_hd__a21bo_2)
                                                         _0551_ (net)
                      0.215650    0.001918    8.278144 ^ _2626_/A2 (sky130_fd_sc_hd__a31o_2)
     3    0.020752    0.211887    0.494060    8.772203 ^ _2626_/X (sky130_fd_sc_hd__a31o_2)
                                                         _0556_ (net)
                      0.211900    0.001873    8.774076 ^ _2631_/A1 (sky130_fd_sc_hd__a31o_2)
     4    0.045244    0.412983    0.626246    9.400323 ^ _2631_/X (sky130_fd_sc_hd__a31o_2)
                                                         _0561_ (net)
                      0.413031    0.004573    9.404896 ^ _2684_/D_N (sky130_fd_sc_hd__or4b_2)
     3    0.016239    0.312641    1.670010   11.074905 v _2684_/X (sky130_fd_sc_hd__or4b_2)
                                                         _0614_ (net)
                      0.312641    0.001233   11.076138 v _2690_/A1 (sky130_fd_sc_hd__a21o_2)
     4    0.015375    0.115092    0.512981   11.589119 v _2690_/X (sky130_fd_sc_hd__a21o_2)
                                                         _0620_ (net)
                      0.115101    0.001102   11.590221 v _2694_/A3 (sky130_fd_sc_hd__a311o_2)
     4    0.016158    0.162387    0.832460   12.422682 v _2694_/X (sky130_fd_sc_hd__a311o_2)
                                                         _0624_ (net)
                      0.162391    0.001000   12.423682 v _2696_/A2 (sky130_fd_sc_hd__a21bo_2)
     5    0.021098    0.136011    0.511439   12.935121 v _2696_/X (sky130_fd_sc_hd__a21bo_2)
                                                         _0626_ (net)
                      0.136055    0.002309   12.937430 v _2704_/C (sky130_fd_sc_hd__and3_2)
     2    0.021143    0.148445    0.565809   13.503239 v _2704_/X (sky130_fd_sc_hd__and3_2)
                                                         _0628_ (net)
                      0.148449    0.001081   13.504320 v _2705_/B (sky130_fd_sc_hd__and2_2)
     1    0.003083    0.071356    0.430505   13.934824 v _2705_/X (sky130_fd_sc_hd__and2_2)
                                                         net53 (net)
                      0.071356    0.000202   13.935026 v output53/A (sky130_fd_sc_hd__clkdlybuf4s25_1)
     1    0.051946    0.691831    0.934232   14.869258 v output53/X (sky130_fd_sc_hd__clkdlybuf4s25_1)
                                                         DEVICES_STRW (net)
                      0.691837    0.002898   14.872156 v DEVICES_STRW (out)
                                             14.872156   data arrival time

                                 26.000000   26.000000   clock CLK (rise edge)
                                  0.000000   26.000000   clock network delay (propagated)
                                  0.000000   26.000000   clock reconvergence pessimism
                                 -5.000000   20.999998   output external delay
                                             20.999998   data required time
---------------------------------------------------------------------------------------------
                                             20.999998   data required time
                                            -14.872156   data arrival time
---------------------------------------------------------------------------------------------
                                              6.127842   slack (MET)




===========================================================================
report_checks --slack_max -0.01
============================================================================
======================= max_ss_100C_1v60 Corner ===================================

No paths found.


===========================================================================
 report_check_types -max_slew -max_cap -max_fanout -violators
============================================================================
======================= max_ss_100C_1v60 Corner ===================================

max slew

Pin                                        Limit        Slew       Slack
------------------------------------------------------------------------
_2440_/Y                                1.496266    1.520312   -0.024046 (VIOLATED)
_4591_/A1_N                             1.500000    1.520622   -0.020622 (VIOLATED)
_2698_/A                                1.500000    1.520615   -0.020615 (VIOLATED)
_2703_/A                                1.500000    1.520604   -0.020604 (VIOLATED)
_4667_/A1                               1.500000    1.520545   -0.020545 (VIOLATED)
_4617_/A1_N                             1.500000    1.520506   -0.020506 (VIOLATED)
_4684_/A1                               1.500000    1.520452   -0.020452 (VIOLATED)
_4561_/A1                               1.500000    1.520358   -0.020358 (VIOLATED)
_4547_/A1_N                             1.500000    1.520322   -0.020323 (VIOLATED)
_3562_/A                                1.500000    1.520312   -0.020312 (VIOLATED)

max capacitance

Pin                                        Limit         Cap       Slack
------------------------------------------------------------------------
_2440_/Y                                0.086070    0.087950   -0.001880 (VIOLATED)



===========================================================================
report_parasitic_annotation -report_unannotated
============================================================================
Found 33 unannotated drivers.
 clkload0/Y
 clkload1/Y
 clkload10/X
 clkload11/X
 clkload12/Y
 clkload13/X
 clkload14/X
 clkload15/X
 clkload16/X
 clkload17/X
 clkload18/X
 clkload19/X
 clkload2/Y
 clkload20/X
 clkload21/X
 clkload22/X
 clkload23/X
 clkload24/X
 clkload25/Y
 clkload26/Y
 clkload27/X
 clkload28/X
 clkload29/X
 clkload3/X
 clkload30/X
 clkload31/X
 clkload32/Y
 clkload4/X
 clkload5/Y
 clkload6/X
 clkload7/X
 clkload8/X
 clkload9/X
Found 0 partially unannotated drivers.

===========================================================================
max slew violation count 10
max fanout violation count 0
max cap violation count 1
============================================================================

===========================================================================
check_setup -verbose -unconstrained_endpoints -multiple_clock -no_clock -no_input_delay -loops -generated_clocks
===========================================================================
