Clock: CLK
Sources: CLK 
Generated: no
Virtual: yes
Propagated: no
Period: 26.000000

===========================================================================
report_clock_properties
============================================================================
Clock                   Period          Waveform
----------------------------------------------------
CLK                  26.000000    0.000000 13.000000

===========================================================================
report_clock_latency
============================================================================
Clock CLK
rise -> rise
    min     max
0.000000 0.000000 source latency
0.916226         network latency _5219_/CLK
        0.996678 network latency _4989_/CLK
---------------
0.916226 0.996678 latency
        0.080452 skew

fall -> fall
    min     max
0.000000 0.000000 source latency
0.919423         network latency _5219_/CLK
        0.980827 network latency _4989_/CLK
---------------
0.919423 0.980827 latency
        0.061404 skew



===========================================================================
report_clock_min_period
============================================================================
CLK period_min = 14.32 fmax = 69.83
