                                                                       Cells by Function                                                                        
┏━━━━━━━━━━━━━━━━━━━━━━━━━━━━━━━━━━━━━━━━━━━━━━━━━━━━━━━━━━━━━━━━━━━━━━━━━━━━━━━━━━━━━━━━━━━━━━━━━━━━━━━━━━━━━━━━━━━━━━━━━━━━━━━━━┳━━━━━━━━━━━━━━━━━━━━━━━━━━━━┓
┃ Cell Function                                                                                                                   ┃ Count                      ┃
┡━━━━━━━━━━━━━━━━━━━━━━━━━━━━━━━━━━━━━━━━━━━━━━━━━━━━━━━━━━━━━━━━━━━━━━━━━━━━━━━━━━━━━━━━━━━━━━━━━━━━━━━━━━━━━━━━━━━━━━━━━━━━━━━━━╇━━━━━━━━━━━━━━━━━━━━━━━━━━━━┩
│ sky130_fd_sc_hd__a2111o                                                                                                         │ 1                          │
│ sky130_fd_sc_hd__a211o                                                                                                          │ 33                         │
│ sky130_fd_sc_hd__a211oi                                                                                                         │ 3                          │
│ sky130_fd_sc_hd__a21bo                                                                                                          │ 11                         │
│ sky130_fd_sc_hd__a21boi                                                                                                         │ 6                          │
│ sky130_fd_sc_hd__a21o                                                                                                           │ 58                         │
│ sky130_fd_sc_hd__a21oi                                                                                                          │ 71                         │
│ sky130_fd_sc_hd__a221o                                                                                                          │ 26                         │
│ sky130_fd_sc_hd__a221oi                                                                                                         │ 4                          │
│ sky130_fd_sc_hd__a22o                                                                                                           │ 343                        │
│ sky130_fd_sc_hd__a22oi                                                                                                          │ 13                         │
│ sky130_fd_sc_hd__a2bb2o                                                                                                         │ 5                          │
│ sky130_fd_sc_hd__a311o                                                                                                          │ 4                          │
│ sky130_fd_sc_hd__a31o                                                                                                           │ 33                         │
│ sky130_fd_sc_hd__a31oi                                                                                                          │ 1                          │
│ sky130_fd_sc_hd__a32o                                                                                                           │ 6                          │
│ sky130_fd_sc_hd__a41o                                                                                                           │ 2                          │
│ sky130_fd_sc_hd__and2                                                                                                           │ 81                         │
│ sky130_fd_sc_hd__and2b                                                                                                          │ 19                         │
│ sky130_fd_sc_hd__and3                                                                                                           │ 69                         │
│ sky130_fd_sc_hd__and3b                                                                                                          │ 5                          │
│ sky130_fd_sc_hd__and4                                                                                                           │ 13                         │
│ sky130_fd_sc_hd__and4b                                                                                                          │ 9                          │
│ sky130_fd_sc_hd__and4bb                                                                                                         │ 2                          │
│ sky130_fd_sc_hd__buf                                                                                                            │ 39                         │
│ sky130_fd_sc_hd__bufinv                                                                                                         │ 5                          │
│ sky130_fd_sc_hd__clkbuf                                                                                                         │ 75                         │
│ sky130_fd_sc_hd__clkdlybuf4s25                                                                                                  │ 106                        │
│ sky130_fd_sc_hd__clkinv                                                                                                         │ 10                         │
│ sky130_fd_sc_hd__decap                                                                                                          │ 6800                       │
│ sky130_fd_sc_hd__dfxtp                                                                                                          │ 416                        │
│ sky130_fd_sc_hd__diode                                                                                                          │ 5                          │
│ sky130_fd_sc_hd__fill                                                                                                           │ 1697                       │
│ sky130_fd_sc_hd__inv                                                                                                            │ 68                         │
│ sky130_fd_sc_hd__mux2                                                                                                           │ 224                        │
│ sky130_fd_sc_hd__mux4                                                                                                           │ 192                        │
│ sky130_fd_sc_hd__nand2                                                                                                          │ 139                        │
│ sky130_fd_sc_hd__nand2b                                                                                                         │ 21                         │
│ sky130_fd_sc_hd__nand3                                                                                                          │ 2                          │
│ sky130_fd_sc_hd__nand3b                                                                                                         │ 1                          │
│ sky130_fd_sc_hd__nand4                                                                                                          │ 4                          │
│ sky130_fd_sc_hd__nor2                                                                                                           │ 230                        │
│ sky130_fd_sc_hd__nor3                                                                                                           │ 4                          │
│ sky130_fd_sc_hd__nor4                                                                                                           │ 1                          │
│ sky130_fd_sc_hd__nor4b                                                                                                          │ 1                          │
│ sky130_fd_sc_hd__o2111a                                                                                                         │ 5                          │
│ sky130_fd_sc_hd__o2111ai                                                                                                        │ 1                          │
│ sky130_fd_sc_hd__o211a                                                                                                          │ 86                         │
│ sky130_fd_sc_hd__o211ai                                                                                                         │ 2                          │
│ sky130_fd_sc_hd__o21a                                                                                                           │ 91                         │
│ sky130_fd_sc_hd__o21ai                                                                                                          │ 56                         │
│ sky130_fd_sc_hd__o21ba                                                                                                          │ 6                          │
│ sky130_fd_sc_hd__o221a                                                                                                          │ 34                         │
│ sky130_fd_sc_hd__o221ai                                                                                                         │ 1                          │
│ sky130_fd_sc_hd__o22a                                                                                                           │ 62                         │
│ sky130_fd_sc_hd__o2bb2a                                                                                                         │ 30                         │
│ sky130_fd_sc_hd__o311a                                                                                                          │ 18                         │
│ sky130_fd_sc_hd__o31a                                                                                                           │ 17                         │
│ sky130_fd_sc_hd__o31ai                                                                                                          │ 5                          │
│ sky130_fd_sc_hd__o32a                                                                                                           │ 11                         │
│ sky130_fd_sc_hd__or2                                                                                                            │ 185                        │
│ sky130_fd_sc_hd__or3                                                                                                            │ 27                         │
│ sky130_fd_sc_hd__or3b                                                                                                           │ 19                         │
│ sky130_fd_sc_hd__or4                                                                                                            │ 17                         │
│ sky130_fd_sc_hd__or4b                                                                                                           │ 6                          │
│ sky130_fd_sc_hd__or4bb                                                                                                          │ 1                          │
│ sky130_fd_sc_hd__tapvpwrvgnd                                                                                                    │ 912                        │
│ sky130_fd_sc_hd__xnor2                                                                                                          │ 49                         │
│ sky130_fd_sc_hd__xor2                                                                                                           │ 17                         │
└─────────────────────────────────────────────────────────────────────────────────────────────────────────────────────────────────┴────────────────────────────┘
