
===========================================================================
report_checks -unconstrained
===========================================================================
======================= nom_tt_025C_1v80 Corner ===================================

Startpoint: _5127_ (rising edge-triggered flip-flop clocked by CLK)
Endpoint: DEVICES_STRW (output port clocked by CLK)
Path Group: CLK
Path Type: max

Fanout         Cap        Slew       Delay        Time   Description
---------------------------------------------------------------------------------------------
                                  0.000000    0.000000   clock CLK (rise edge)
                                  0.000000    0.000000   clock source latency
     1    0.048949    0.000000    0.000000    0.000000 ^ CLK (in)
                                                         CLK (net)
                      0.002340    0.001170    0.001170 ^ clkbuf_0_CLK/A (sky130_fd_sc_hd__clkbuf_16)
     4    0.076617    0.094093    0.151473    0.152643 ^ clkbuf_0_CLK/X (sky130_fd_sc_hd__clkbuf_16)
                                                         clknet_0_CLK (net)
                      0.094679    0.005926    0.158569 ^ clkbuf_2_2__f_CLK/A (sky130_fd_sc_hd__clkbuf_16)
    11    0.105337    0.119853    0.206354    0.364923 ^ clkbuf_2_2__f_CLK/X (sky130_fd_sc_hd__clkbuf_16)
                                                         clknet_2_2__leaf_CLK (net)
                      0.120043    0.003843    0.368766 ^ clkbuf_leaf_9_CLK/A (sky130_fd_sc_hd__clkbuf_8)
    12    0.035325    0.074588    0.178520    0.547286 ^ clkbuf_leaf_9_CLK/X (sky130_fd_sc_hd__clkbuf_8)
                                                         clknet_leaf_9_CLK (net)
                      0.074596    0.000830    0.548116 ^ _5127_/CLK (sky130_fd_sc_hd__dfxtp_4)
    18    0.148588    0.416589    0.615240    1.163356 ^ _5127_/Q (sky130_fd_sc_hd__dfxtp_4)
                                                         _0008_ (net)
                      0.416636    0.003772    1.167128 ^ max_cap165/A (sky130_fd_sc_hd__buf_12)
    24    0.208790    0.242122    0.302132    1.469260 ^ max_cap165/X (sky130_fd_sc_hd__buf_12)
                                                         net165 (net)
                      0.243000    0.012159    1.481419 ^ max_cap164/A (sky130_fd_sc_hd__buf_12)
    24    0.207334    0.240432    0.277479    1.758898 ^ max_cap164/X (sky130_fd_sc_hd__buf_12)
                                                         net164 (net)
                      0.248611    0.035014    1.793913 ^ _2578_/S0 (sky130_fd_sc_hd__mux4_2)
     1    0.004341    0.086451    0.540405    2.334318 v _2578_/X (sky130_fd_sc_hd__mux4_2)
                                                         _0508_ (net)
                      0.086451    0.000155    2.334473 v _2579_/B (sky130_fd_sc_hd__or2_2)
     2    0.007839    0.068203    0.306365    2.640838 v _2579_/X (sky130_fd_sc_hd__or2_2)
                                                         _0509_ (net)
                      0.068203    0.000152    2.640990 v _2586_/A1 (sky130_fd_sc_hd__a22o_2)
     8    0.054917    0.151513    0.361835    3.002825 v _2586_/X (sky130_fd_sc_hd__a22o_2)
                                                         _0516_ (net)
                      0.151523    0.001439    3.004264 v _2587_/B (sky130_fd_sc_hd__and2_2)
     4    0.014887    0.062701    0.269196    3.273459 v _2587_/X (sky130_fd_sc_hd__and2_2)
                                                         _0517_ (net)
                      0.062701    0.000208    3.273667 v _2589_/A (sky130_fd_sc_hd__nor2_2)
     9    0.050351    0.542196    0.450495    3.724162 ^ _2589_/Y (sky130_fd_sc_hd__nor2_2)
                                                         _0519_ (net)
                      0.542202    0.001608    3.725770 ^ _2615_/A1 (sky130_fd_sc_hd__a21o_2)
     2    0.015904    0.092299    0.255556    3.981327 ^ _2615_/X (sky130_fd_sc_hd__a21o_2)
                                                         _0545_ (net)
                      0.092300    0.000543    3.981870 ^ _2621_/A1 (sky130_fd_sc_hd__a21bo_2)
     3    0.022064    0.126871    0.202104    4.183973 ^ _2621_/X (sky130_fd_sc_hd__a21bo_2)
                                                         _0551_ (net)
                      0.126878    0.001051    4.185024 ^ _2626_/A2 (sky130_fd_sc_hd__a31o_2)
     3    0.020389    0.128695    0.236460    4.421484 ^ _2626_/X (sky130_fd_sc_hd__a31o_2)
                                                         _0556_ (net)
                      0.128697    0.000703    4.422187 ^ _2631_/A1 (sky130_fd_sc_hd__a31o_2)
     4    0.044181    0.253629    0.322547    4.744734 ^ _2631_/X (sky130_fd_sc_hd__a31o_2)
                                                         _0561_ (net)
                      0.253635    0.001679    4.746413 ^ _2684_/D_N (sky130_fd_sc_hd__or4b_2)
     3    0.014530    0.144066    0.684215    5.430629 v _2684_/X (sky130_fd_sc_hd__or4b_2)
                                                         _0614_ (net)
                      0.144066    0.000728    5.431357 v _2690_/A1 (sky130_fd_sc_hd__a21o_2)
     4    0.014482    0.060979    0.257207    5.688563 v _2690_/X (sky130_fd_sc_hd__a21o_2)
                                                         _0620_ (net)
                      0.060981    0.000471    5.689035 v _2694_/A3 (sky130_fd_sc_hd__a311o_2)
     4    0.016506    0.088789    0.436957    6.125991 v _2694_/X (sky130_fd_sc_hd__a311o_2)
                                                         _0624_ (net)
                      0.088790    0.000471    6.126462 v _2696_/A2 (sky130_fd_sc_hd__a21bo_2)
     5    0.019622    0.072929    0.271649    6.398111 v _2696_/X (sky130_fd_sc_hd__a21bo_2)
                                                         _0626_ (net)
                      0.072942    0.000992    6.399103 v _2704_/C (sky130_fd_sc_hd__and3_2)
     2    0.017283    0.069949    0.259127    6.658230 v _2704_/X (sky130_fd_sc_hd__and3_2)
                                                         _0628_ (net)
                      0.069951    0.000517    6.658747 v _2705_/B (sky130_fd_sc_hd__and2_2)
     1    0.002826    0.036416    0.193594    6.852341 v _2705_/X (sky130_fd_sc_hd__and2_2)
                                                         net53 (net)
                      0.036416    0.000083    6.852423 v output53/A (sky130_fd_sc_hd__clkdlybuf4s25_1)
     1    0.051857    0.380942    0.502780    7.355203 v output53/X (sky130_fd_sc_hd__clkdlybuf4s25_1)
                                                         DEVICES_STRW (net)
                      0.380945    0.001511    7.356714 v DEVICES_STRW (out)
                                              7.356714   data arrival time

                                 26.000000   26.000000   clock CLK (rise edge)
                                  0.000000   26.000000   clock network delay (propagated)
                                  0.000000   26.000000   clock reconvergence pessimism
                                 -5.000000   20.999998   output external delay
                                             20.999998   data required time
---------------------------------------------------------------------------------------------
                                             20.999998   data required time
                                             -7.356714   data arrival time
---------------------------------------------------------------------------------------------
                                             13.643285   slack (MET)




===========================================================================
report_checks --slack_max -0.01
============================================================================
======================= nom_tt_025C_1v80 Corner ===================================

No paths found.


===========================================================================
 report_check_types -max_slew -max_cap -max_fanout -violators
============================================================================
======================= nom_tt_025C_1v80 Corner ===================================



===========================================================================
report_parasitic_annotation -report_unannotated
============================================================================
Found 40 unannotated drivers.
 clkload0/X
 clkload1/Y
 clkload10/X
 clkload11/X
 clkload12/X
 clkload13/X
 clkload14/Y
 clkload15/Y
 clkload16/Y
 clkload17/Y
 clkload18/Y
 clkload19/Y
 clkload2/Y
 clkload20/X
 clkload21/Y
 clkload22/Y
 clkload23/Y
 clkload24/Y
 clkload25/Y
 clkload26/X
 clkload27/X
 clkload28/X
 clkload29/X
 clkload3/Y
 clkload30/Y
 clkload31/X
 clkload32/Y
 clkload33/Y
 clkload34/X
 clkload35/X
 clkload36/X
 clkload37/X
 clkload38/X
 clkload39/Y
 clkload4/X
 clkload5/X
 clkload6/X
 clkload7/X
 clkload8/X
 clkload9/X
Found 0 partially unannotated drivers.

===========================================================================
max slew violation count 0
max fanout violation count 0
max cap violation count 0
============================================================================

===========================================================================
check_setup -verbose -unconstrained_endpoints -multiple_clock -no_clock -no_input_delay -loops -generated_clocks
===========================================================================
