Clock: CLK
Sources: CLK 
Generated: no
Virtual: yes
Propagated: no
Period: 26.000000

===========================================================================
report_clock_properties
============================================================================
Clock                   Period          Waveform
----------------------------------------------------
CLK                  26.000000    0.000000 13.000000

===========================================================================
report_clock_latency
============================================================================
Clock CLK
rise -> rise
    min     max
0.000000 0.000000 source latency
0.522875         network latency _5254_/CLK
        0.578541 network latency _5057_/CLK
---------------
0.522875 0.578541 latency
        0.055667 skew

fall -> fall
    min     max
0.000000 0.000000 source latency
0.524122         network latency _5254_/CLK
        0.562717 network latency _5022_/CLK
---------------
0.524122 0.562717 latency
        0.038595 skew



===========================================================================
report_clock_min_period
============================================================================
CLK period_min = 6.71 fmax = 149.02
