Clock: CLK
Sources: CLK 
Generated: no
Virtual: yes
Propagated: no
Period: 26.000000

===========================================================================
report_clock_properties
============================================================================
Clock                   Period          Waveform
----------------------------------------------------
CLK                  26.000000    0.000000 13.000000

===========================================================================
report_clock_latency
============================================================================
Clock CLK
rise -> rise
    min     max
0.000000 0.000000 source latency
0.367990         network latency _5219_/CLK
        0.412041 network latency _5037_/CLK
---------------
0.367990 0.412041 latency
        0.044051 skew

fall -> fall
    min     max
0.000000 0.000000 source latency
0.367611         network latency _5219_/CLK
        0.398688 network latency _5037_/CLK
---------------
0.367611 0.398688 latency
        0.031077 skew



===========================================================================
report_clock_min_period
============================================================================
CLK period_min = 4.25 fmax = 235.10
