
===========================================================================
report_checks -unconstrained
===========================================================================
======================= nom_tt_025C_1v80 Corner ===================================

Startpoint: _5127_ (rising edge-triggered flip-flop clocked by CLK)
Endpoint: DEVICES_STRW (output port clocked by CLK)
Path Group: CLK
Path Type: max

Fanout         Cap        Slew       Delay        Time   Description
---------------------------------------------------------------------------------------------
                                  0.000000    0.000000   clock CLK (rise edge)
                                  0.000000    0.000000   clock source latency
     1    0.044960    0.000000    0.000000    0.000000 ^ CLK (in)
                                                         CLK (net)
                      0.004550    0.002275    0.002275 ^ clkbuf_0_CLK/A (sky130_fd_sc_hd__clkbuf_16)
     4    0.072410    0.089524    0.150689    0.152965 ^ clkbuf_0_CLK/X (sky130_fd_sc_hd__clkbuf_16)
                                                         clknet_0_CLK (net)
                      0.089666    0.002348    0.155312 ^ clkbuf_2_2__f_CLK/A (sky130_fd_sc_hd__clkbuf_16)
    11    0.103377    0.118824    0.204525    0.359837 ^ clkbuf_2_2__f_CLK/X (sky130_fd_sc_hd__clkbuf_16)
                                                         clknet_2_2__leaf_CLK (net)
                      0.118992    0.003064    0.362901 ^ clkbuf_leaf_9_CLK/A (sky130_fd_sc_hd__clkbuf_8)
    11    0.033095    0.071115    0.175430    0.538331 ^ clkbuf_leaf_9_CLK/X (sky130_fd_sc_hd__clkbuf_8)
                                                         clknet_leaf_9_CLK (net)
                      0.071132    0.001060    0.539391 ^ _5127_/CLK (sky130_fd_sc_hd__dfxtp_4)
    18    0.149114    0.418536    0.612519    1.151910 ^ _5127_/Q (sky130_fd_sc_hd__dfxtp_4)
                                                         _0008_ (net)
                      0.418635    0.005456    1.157367 ^ max_cap165/A (sky130_fd_sc_hd__buf_12)
    24    0.208689    0.242221    0.301606    1.458972 ^ max_cap165/X (sky130_fd_sc_hd__buf_12)
                                                         net165 (net)
                      0.243351    0.013727    1.472699 ^ max_cap164/A (sky130_fd_sc_hd__buf_12)
    24    0.209511    0.242439    0.281816    1.754516 ^ max_cap164/X (sky130_fd_sc_hd__buf_12)
                                                         net164 (net)
                      0.247431    0.027752    1.782268 ^ _2578_/S0 (sky130_fd_sc_hd__mux4_2)
     1    0.003465    0.082089    0.533185    2.315453 v _2578_/X (sky130_fd_sc_hd__mux4_2)
                                                         _0508_ (net)
                      0.082089    0.000131    2.315584 v _2579_/B (sky130_fd_sc_hd__or2_2)
     2    0.007515    0.067483    0.303305    2.618889 v _2579_/X (sky130_fd_sc_hd__or2_2)
                                                         _0509_ (net)
                      0.067483    0.000138    2.619027 v _2586_/A1 (sky130_fd_sc_hd__a22o_2)
     8    0.057254    0.156472    0.365529    2.984556 v _2586_/X (sky130_fd_sc_hd__a22o_2)
                                                         _0516_ (net)
                      0.156483    0.001549    2.986104 v _2587_/B (sky130_fd_sc_hd__and2_2)
     4    0.014846    0.062621    0.271450    3.257554 v _2587_/X (sky130_fd_sc_hd__and2_2)
                                                         _0517_ (net)
                      0.062621    0.000225    3.257779 v _2589_/A (sky130_fd_sc_hd__nor2_2)
     9    0.051037    0.549440    0.454732    3.712511 ^ _2589_/Y (sky130_fd_sc_hd__nor2_2)
                                                         _0519_ (net)
                      0.549456    0.002472    3.714983 ^ _2615_/A1 (sky130_fd_sc_hd__a21o_2)
     2    0.015738    0.091615    0.255988    3.970971 ^ _2615_/X (sky130_fd_sc_hd__a21o_2)
                                                         _0545_ (net)
                      0.091616    0.000500    3.971471 ^ _2621_/A1 (sky130_fd_sc_hd__a21bo_2)
     3    0.022296    0.128043    0.202754    4.174225 ^ _2621_/X (sky130_fd_sc_hd__a21bo_2)
                                                         _0551_ (net)
                      0.128049    0.001005    4.175230 ^ _2626_/A2 (sky130_fd_sc_hd__a31o_2)
     3    0.020240    0.128070    0.236110    4.411340 ^ _2626_/X (sky130_fd_sc_hd__a31o_2)
                                                         _0556_ (net)
                      0.128074    0.000880    4.412220 ^ _2631_/A1 (sky130_fd_sc_hd__a31o_2)
     4    0.040241    0.232558    0.307655    4.719875 ^ _2631_/X (sky130_fd_sc_hd__a31o_2)
                                                         _0561_ (net)
                      0.232566    0.001655    4.721530 ^ _2684_/D_N (sky130_fd_sc_hd__or4b_2)
     3    0.014811    0.144879    0.682779    5.404309 v _2684_/X (sky130_fd_sc_hd__or4b_2)
                                                         _0614_ (net)
                      0.144879    0.000661    5.404970 v _2690_/A1 (sky130_fd_sc_hd__a21o_2)
     4    0.014937    0.061944    0.258501    5.663471 v _2690_/X (sky130_fd_sc_hd__a21o_2)
                                                         _0620_ (net)
                      0.061948    0.000542    5.664012 v _2694_/A3 (sky130_fd_sc_hd__a311o_2)
     4    0.016429    0.088618    0.437133    6.101146 v _2694_/X (sky130_fd_sc_hd__a311o_2)
                                                         _0624_ (net)
                      0.088619    0.000469    6.101614 v _2696_/A2 (sky130_fd_sc_hd__a21bo_2)
     5    0.018722    0.070907    0.269587    6.371202 v _2696_/X (sky130_fd_sc_hd__a21bo_2)
                                                         _0626_ (net)
                      0.070917    0.000849    6.372051 v _2704_/C (sky130_fd_sc_hd__and3_2)
     2    0.018277    0.072063    0.260308    6.632359 v _2704_/X (sky130_fd_sc_hd__and3_2)
                                                         _0628_ (net)
                      0.072065    0.000534    6.632893 v _2705_/B (sky130_fd_sc_hd__and2_2)
     1    0.002931    0.036673    0.195044    6.827936 v _2705_/X (sky130_fd_sc_hd__and2_2)
                                                         net53 (net)
                      0.036673    0.000087    6.828023 v output53/A (sky130_fd_sc_hd__clkdlybuf4s25_1)
     1    0.051857    0.380944    0.502891    7.330914 v output53/X (sky130_fd_sc_hd__clkdlybuf4s25_1)
                                                         DEVICES_STRW (net)
                      0.380947    0.001511    7.332425 v DEVICES_STRW (out)
                                              7.332425   data arrival time

                                 26.000000   26.000000   clock CLK (rise edge)
                                  0.000000   26.000000   clock network delay (propagated)
                                  0.000000   26.000000   clock reconvergence pessimism
                                 -5.000000   20.999998   output external delay
                                             20.999998   data required time
---------------------------------------------------------------------------------------------
                                             20.999998   data required time
                                             -7.332425   data arrival time
---------------------------------------------------------------------------------------------
                                             13.667574   slack (MET)




===========================================================================
report_checks --slack_max -0.01
============================================================================
======================= nom_tt_025C_1v80 Corner ===================================

No paths found.


===========================================================================
 report_check_types -max_slew -max_cap -max_fanout -violators
============================================================================
======================= nom_tt_025C_1v80 Corner ===================================



===========================================================================
report_parasitic_annotation -report_unannotated
============================================================================
Found 38 unannotated drivers.
 clkload0/X
 clkload1/Y
 clkload10/X
 clkload11/X
 clkload12/X
 clkload13/X
 clkload14/Y
 clkload15/Y
 clkload16/Y
 clkload17/Y
 clkload18/Y
 clkload19/Y
 clkload2/Y
 clkload20/X
 clkload21/Y
 clkload22/Y
 clkload23/Y
 clkload24/Y
 clkload25/Y
 clkload26/X
 clkload27/X
 clkload28/X
 clkload29/Y
 clkload3/Y
 clkload30/Y
 clkload31/X
 clkload32/X
 clkload33/X
 clkload34/X
 clkload35/X
 clkload36/X
 clkload37/Y
 clkload4/X
 clkload5/X
 clkload6/X
 clkload7/X
 clkload8/X
 clkload9/X
Found 0 partially unannotated drivers.

===========================================================================
max slew violation count 0
max fanout violation count 0
max cap violation count 0
============================================================================

===========================================================================
check_setup -verbose -unconstrained_endpoints -multiple_clock -no_clock -no_input_delay -loops -generated_clocks
===========================================================================
