Clock: CLK
Sources: CLK 
Generated: no
Virtual: yes
Propagated: no
Period: 26.000000

===========================================================================
report_clock_properties
============================================================================
Clock                   Period          Waveform
----------------------------------------------------
CLK                  26.000000    0.000000 13.000000

===========================================================================
report_clock_latency
============================================================================
Clock CLK
rise -> rise
    min     max
0.000000 0.000000 source latency
0.516273         network latency _5254_/CLK
        0.567282 network latency _5057_/CLK
---------------
0.516273 0.567282 latency
        0.051009 skew

fall -> fall
    min     max
0.000000 0.000000 source latency
0.518303         network latency _5254_/CLK
        0.554784 network latency _5021_/CLK
---------------
0.518303 0.554784 latency
        0.036481 skew



===========================================================================
report_clock_min_period
============================================================================
CLK period_min = 6.69 fmax = 149.40
