
===========================================================================
 report_power
============================================================================
======================= nom_tt_025C_1v80 Corner ===================================

Group                    Internal    Switching      Leakage        Total
                            Power        Power        Power        Power (Watts)
------------------------------------------------------------------------
Sequential           6.448746e-05 1.873069e-06 3.402940e-09 6.636394e-05  38.0%
Combinational        2.270290e-05 3.267750e-05 1.251303e-08 5.539291e-05  31.7%
Clock                2.727676e-05 2.550999e-05 1.707242e-08 5.280382e-05  30.2%
Macro                0.000000e+00 0.000000e+00 0.000000e+00 0.000000e+00   0.0%
Pad                  0.000000e+00 0.000000e+00 0.000000e+00 0.000000e+00   0.0%
------------------------------------------------------------------------
Total                1.144672e-04 6.006053e-05 3.298860e-08 1.745608e-04 100.0%
                            65.6%        34.4%         0.0%

