
===========================================================================
report_checks -unconstrained
===========================================================================
======================= min_ss_100C_1v60 Corner ===================================

Startpoint: _5127_ (rising edge-triggered flip-flop clocked by CLK)
Endpoint: DEVICES_STRW (output port clocked by CLK)
Path Group: CLK
Path Type: max

Fanout         Cap        Slew       Delay        Time   Description
---------------------------------------------------------------------------------------------
                                  0.000000    0.000000   clock CLK (rise edge)
                                  0.000000    0.000000   clock source latency
     1    0.046453    0.000000    0.000000    0.000000 ^ CLK (in)
                                                         CLK (net)
                      0.001594    0.000797    0.000797 ^ clkbuf_0_CLK/A (sky130_fd_sc_hd__clkbuf_16)
     4    0.072330    0.137210    0.254367    0.255165 ^ clkbuf_0_CLK/X (sky130_fd_sc_hd__clkbuf_16)
                                                         clknet_0_CLK (net)
                      0.137445    0.003767    0.258931 ^ clkbuf_2_2__f_CLK/A (sky130_fd_sc_hd__clkbuf_16)
    11    0.100270    0.176785    0.346210    0.605141 ^ clkbuf_2_2__f_CLK/X (sky130_fd_sc_hd__clkbuf_16)
                                                         clknet_2_2__leaf_CLK (net)
                      0.176802    0.001878    0.607019 ^ clkbuf_leaf_9_CLK/A (sky130_fd_sc_hd__clkbuf_8)
    12    0.032422    0.111725    0.312816    0.919835 ^ clkbuf_leaf_9_CLK/X (sky130_fd_sc_hd__clkbuf_8)
                                                         clknet_leaf_9_CLK (net)
                      0.111725    0.000364    0.920199 ^ _5127_/CLK (sky130_fd_sc_hd__dfxtp_4)
    18    0.139700    0.621161    1.129330    2.049529 ^ _5127_/Q (sky130_fd_sc_hd__dfxtp_4)
                                                         _0008_ (net)
                      0.621161    0.001528    2.051057 ^ max_cap165/A (sky130_fd_sc_hd__buf_12)
    24    0.195625    0.352304    0.588261    2.639318 ^ max_cap165/X (sky130_fd_sc_hd__buf_12)
                                                         net165 (net)
                      0.352441    0.005838    2.645156 ^ max_cap164/A (sky130_fd_sc_hd__buf_12)
    24    0.193880    0.349778    0.492887    3.138043 ^ max_cap164/X (sky130_fd_sc_hd__buf_12)
                                                         net164 (net)
                      0.351907    0.022156    3.160198 ^ _2578_/S0 (sky130_fd_sc_hd__mux4_2)
     1    0.003956    0.151243    1.196452    4.356651 v _2578_/X (sky130_fd_sc_hd__mux4_2)
                                                         _0508_ (net)
                      0.151243    0.000068    4.356719 v _2579_/B (sky130_fd_sc_hd__or2_2)
     2    0.007796    0.137482    0.694832    5.051551 v _2579_/X (sky130_fd_sc_hd__or2_2)
                                                         _0509_ (net)
                      0.137482    0.000053    5.051604 v _2586_/A1 (sky130_fd_sc_hd__a22o_2)
     8    0.052027    0.269724    0.664343    5.715947 v _2586_/X (sky130_fd_sc_hd__a22o_2)
                                                         _0516_ (net)
                      0.269724    0.000725    5.716671 v _2587_/B (sky130_fd_sc_hd__and2_2)
     4    0.014654    0.120974    0.559859    6.276531 v _2587_/X (sky130_fd_sc_hd__and2_2)
                                                         _0517_ (net)
                      0.120974    0.000063    6.276594 v _2589_/A (sky130_fd_sc_hd__nor2_2)
     9    0.047982    0.844903    0.732796    7.009389 ^ _2589_/Y (sky130_fd_sc_hd__nor2_2)
                                                         _0519_ (net)
                      0.844903    0.000661    7.010050 ^ _2615_/A1 (sky130_fd_sc_hd__a21o_2)
     2    0.015411    0.148244    0.570256    7.580307 ^ _2615_/X (sky130_fd_sc_hd__a21o_2)
                                                         _0545_ (net)
                      0.148244    0.000274    7.580580 ^ _2621_/A1 (sky130_fd_sc_hd__a21bo_2)
     3    0.021236    0.194930    0.385794    7.966373 ^ _2621_/X (sky130_fd_sc_hd__a21bo_2)
                                                         _0551_ (net)
                      0.194930    0.000583    7.966956 ^ _2626_/A2 (sky130_fd_sc_hd__a31o_2)
     3    0.019710    0.202717    0.480943    8.447900 ^ _2626_/X (sky130_fd_sc_hd__a31o_2)
                                                         _0556_ (net)
                      0.202717    0.000385    8.448285 ^ _2631_/A1 (sky130_fd_sc_hd__a31o_2)
     4    0.041538    0.381369    0.602451    9.050735 ^ _2631_/X (sky130_fd_sc_hd__a31o_2)
                                                         _0561_ (net)
                      0.381369    0.000736    9.051472 ^ _2684_/D_N (sky130_fd_sc_hd__or4b_2)
     3    0.013890    0.295346    1.632623   10.684094 v _2684_/X (sky130_fd_sc_hd__or4b_2)
                                                         _0614_ (net)
                      0.295346    0.000454   10.684548 v _2690_/A1 (sky130_fd_sc_hd__a21o_2)
     4    0.014083    0.108442    0.499977   11.184525 v _2690_/X (sky130_fd_sc_hd__a21o_2)
                                                         _0620_ (net)
                      0.108442    0.000258   11.184783 v _2694_/A3 (sky130_fd_sc_hd__a311o_2)
     4    0.016087    0.161473    0.829512   12.014296 v _2694_/X (sky130_fd_sc_hd__a311o_2)
                                                         _0624_ (net)
                      0.161473    0.000235   12.014531 v _2696_/A2 (sky130_fd_sc_hd__a21bo_2)
     5    0.018470    0.126078    0.502374   12.516905 v _2696_/X (sky130_fd_sc_hd__a21bo_2)
                                                         _0626_ (net)
                      0.126079    0.000608   12.517512 v _2704_/C (sky130_fd_sc_hd__and3_2)
     2    0.015929    0.132034    0.537708   13.055221 v _2704_/X (sky130_fd_sc_hd__and3_2)
                                                         _0628_ (net)
                      0.132034    0.000267   13.055488 v _2705_/B (sky130_fd_sc_hd__and2_2)
     1    0.002777    0.069988    0.419983   13.475471 v _2705_/X (sky130_fd_sc_hd__and2_2)
                                                         net53 (net)
                      0.069988    0.000029   13.475500 v output53/A (sky130_fd_sc_hd__clkdlybuf4s25_1)
     1    0.051713    0.688187    0.933017   14.408518 v output53/X (sky130_fd_sc_hd__clkdlybuf4s25_1)
                                                         DEVICES_STRW (net)
                      0.688187    0.000862   14.409379 v DEVICES_STRW (out)
                                             14.409379   data arrival time

                                 26.000000   26.000000   clock CLK (rise edge)
                                  0.000000   26.000000   clock network delay (propagated)
                                  0.000000   26.000000   clock reconvergence pessimism
                                 -5.000000   20.999998   output external delay
                                             20.999998   data required time
---------------------------------------------------------------------------------------------
                                             20.999998   data required time
                                            -14.409379   data arrival time
---------------------------------------------------------------------------------------------
                                              6.590620   slack (MET)




===========================================================================
report_checks --slack_max -0.01
============================================================================
======================= min_ss_100C_1v60 Corner ===================================

No paths found.


===========================================================================
 report_check_types -max_slew -max_cap -max_fanout -violators
============================================================================
======================= min_ss_100C_1v60 Corner ===================================

max slew

Pin                                        Limit        Slew       Slack
------------------------------------------------------------------------
_4533_/A0                               1.500000    1.683013   -0.183013 (VIOLATED)
_3991_/A0                               1.500000    1.683012   -0.183012 (VIOLATED)
_4027_/A                                1.500000    1.683012   -0.183013 (VIOLATED)
_3573_/A1                               1.500000    1.683010   -0.183010 (VIOLATED)
_3793_/A                                1.500000    1.683010   -0.183010 (VIOLATED)
_3828_/B                                1.500000    1.683010   -0.183010 (VIOLATED)
_3899_/A1                               1.500000    1.683010   -0.183010 (VIOLATED)
_4346_/B                                1.500000    1.683010   -0.183010 (VIOLATED)
_3867_/A                                1.500000    1.566777   -0.066777 (VIOLATED)
_4470_/A1                               1.500000    1.566777   -0.066777 (VIOLATED)
_3543_/A0                               1.500000    1.566773   -0.066773 (VIOLATED)
_3974_/A1                               1.500000    1.566772   -0.066772 (VIOLATED)
_4443_/A1                               1.500000    1.566771   -0.066771 (VIOLATED)
_3565_/A0                               1.500000    1.566759   -0.066759 (VIOLATED)
_3901_/A1                               1.500000    1.566758   -0.066758 (VIOLATED)
_4321_/B                                1.500000    1.566752   -0.066752 (VIOLATED)
_4371_/B1                               1.500000    1.566747   -0.066748 (VIOLATED)
_4335_/A2                               1.500000    1.566745   -0.066745 (VIOLATED)
_3798_/A                                1.500000    1.566737   -0.066737 (VIOLATED)
_3821_/B                                1.500000    1.566737   -0.066737 (VIOLATED)



===========================================================================
report_parasitic_annotation -report_unannotated
============================================================================
Found 40 unannotated drivers.
 clkload0/X
 clkload1/Y
 clkload10/X
 clkload11/X
 clkload12/X
 clkload13/X
 clkload14/Y
 clkload15/Y
 clkload16/Y
 clkload17/Y
 clkload18/Y
 clkload19/Y
 clkload2/Y
 clkload20/X
 clkload21/Y
 clkload22/Y
 clkload23/Y
 clkload24/Y
 clkload25/Y
 clkload26/X
 clkload27/X
 clkload28/X
 clkload29/X
 clkload3/Y
 clkload30/Y
 clkload31/X
 clkload32/Y
 clkload33/Y
 clkload34/X
 clkload35/X
 clkload36/X
 clkload37/X
 clkload38/X
 clkload39/Y
 clkload4/X
 clkload5/X
 clkload6/X
 clkload7/X
 clkload8/X
 clkload9/X
Found 0 partially unannotated drivers.

===========================================================================
max slew violation count 20
max fanout violation count 0
max cap violation count 0
============================================================================

===========================================================================
check_setup -verbose -unconstrained_endpoints -multiple_clock -no_clock -no_input_delay -loops -generated_clocks
===========================================================================
