Clock: CLK
Sources: CLK 
Generated: no
Virtual: yes
Propagated: no
Period: 26.000000

===========================================================================
report_clock_properties
============================================================================
Clock                   Period          Waveform
----------------------------------------------------
CLK                  26.000000    0.000000 13.000000

===========================================================================
report_clock_latency
============================================================================
Clock CLK
rise -> rise
    min     max
0.000000 0.000000 source latency
0.879738         network latency _5219_/CLK
        0.966235 network latency _5057_/CLK
---------------
0.879738 0.966235 latency
        0.086496 skew

fall -> fall
    min     max
0.000000 0.000000 source latency
0.892285         network latency _5219_/CLK
        0.955299 network latency _5057_/CLK
---------------
0.892285 0.955299 latency
        0.063014 skew



===========================================================================
report_clock_min_period
============================================================================
CLK period_min = 14.04 fmax = 71.23
