
===========================================================================
 report_power
============================================================================
======================= min_ss_100C_1v60 Corner ===================================

Group                    Internal    Switching      Leakage        Total
                            Power        Power        Power        Power (Watts)
------------------------------------------------------------------------
Sequential           5.033814e-04 3.438421e-05 6.234266e-06 5.439999e-04  40.8%
Combinational        1.481910e-04 1.879346e-04 1.266972e-05 3.487954e-04  26.2%
Clock                2.509228e-04 1.873506e-04 9.795800e-07 4.392529e-04  33.0%
Macro                0.000000e+00 0.000000e+00 0.000000e+00 0.000000e+00   0.0%
Pad                  0.000000e+00 0.000000e+00 0.000000e+00 0.000000e+00   0.0%
------------------------------------------------------------------------
Total                9.024953e-04 4.096692e-04 1.988340e-05 1.332048e-03 100.0%
                            67.8%        30.8%         1.5%

