
===========================================================================
Violator List
============================================================================
[setup reg-out] _5125_/Q -> DEVICES_LDW : -3.950078
[setup reg-out] _5125_/Q -> DEVICES_STRH : -3.947815
[setup reg-out] _5125_/Q -> DEVICES_LDH : -3.936426
[setup reg-out] _5125_/Q -> DEVICES_STRW : -3.910598
[setup reg-out] _5125_/Q -> MEM_ADDR[15] : -3.802283
[setup reg-out] _5125_/Q -> MAIN_LDH : -3.513613
[setup reg-out] _5125_/Q -> MAIN_STRH : -3.503939
[setup reg-out] _5125_/Q -> MAIN_STRW : -3.465010
[setup reg-out] _5125_/Q -> MAIN_LDW : -3.455895
[setup reg-out] _5125_/Q -> MEM_ADDR[14] : -3.100587
[setup reg-out] _5125_/Q -> MEM_ADDR[13] : -2.522400
[setup reg-out] _5125_/Q -> MEM_ADDR[11] : -2.453586
[setup reg-out] _5125_/Q -> MEM_ADDR[12] : -2.158894
[setup reg-out] _5125_/Q -> MEM_ADDR[10] : -1.986223
[setup reg-out] _5125_/Q -> MEM_ADDR[9] : -1.799959
[setup reg-out] _5125_/Q -> MEM_ADDR[8] : -1.584718
[setup reg-out] _5125_/Q -> MEM_ADDR[7] : -1.238421
[setup reg-out] _5125_/Q -> MEM_ADDR[6] : -0.913236
[setup reg-out] _5125_/Q -> MEM_ADDR[5] : -0.905333
[setup reg-out] _5125_/Q -> MEM_ADDR[4] : -0.341206
