Clock: CLK
Sources: CLK 
Generated: no
Virtual: yes
Propagated: no
Period: 26.000000

===========================================================================
report_clock_properties
============================================================================
Clock                   Period          Waveform
----------------------------------------------------
CLK                  26.000000    0.000000 13.000000

===========================================================================
report_clock_latency
============================================================================
Clock CLK
rise -> rise
    min     max
0.000000 0.000000 source latency
0.350893         network latency _4972_/CLK
        0.385627 network latency _4882_/CLK
---------------
0.350893 0.385627 latency
        0.034735 skew

fall -> fall
    min     max
0.000000 0.000000 source latency
0.352497         network latency _4972_/CLK
        0.378859 network latency _4882_/CLK
---------------
0.352497 0.378859 latency
        0.026362 skew



===========================================================================
report_clock_min_period
============================================================================
CLK period_min = 4.02 fmax = 248.70
