Clock: CLK
Sources: CLK 
Generated: no
Virtual: yes
Propagated: no
Period: 26.000000

===========================================================================
report_clock_properties
============================================================================
Clock                   Period          Waveform
----------------------------------------------------
CLK                  26.000000    0.000000 13.000000

===========================================================================
report_clock_latency
============================================================================
Clock CLK
rise -> rise
    min     max
0.000000 0.000000 source latency
0.885942         network latency _5219_/CLK
        0.976733 network latency _5021_/CLK
---------------
0.885942 0.976733 latency
        0.090791 skew

fall -> fall
    min     max
0.000000 0.000000 source latency
0.897362         network latency _5219_/CLK
        0.963689 network latency _5021_/CLK
---------------
0.897362 0.963689 latency
        0.066326 skew



===========================================================================
report_clock_min_period
============================================================================
CLK period_min = 14.38 fmax = 69.53
