Clock: CLK
Sources: CLK 
Generated: no
Virtual: yes
Propagated: no
Period: 26.000000

===========================================================================
report_clock_properties
============================================================================
Clock                   Period          Waveform
----------------------------------------------------
CLK                  26.000000    0.000000 13.000000

===========================================================================
report_clock_latency
============================================================================
Clock CLK
rise -> rise
    min     max
0.000000 0.000000 source latency
0.915112         network latency _4970_/CLK
        1.010142 network latency _5051_/CLK
---------------
0.915112 1.010142 latency
        0.095030 skew

fall -> fall
    min     max
0.000000 0.000000 source latency
0.920830         network latency _4970_/CLK
        0.990710 network latency _5051_/CLK
---------------
0.920830 0.990710 latency
        0.069880 skew



===========================================================================
report_clock_min_period
============================================================================
CLK period_min = 13.62 fmax = 73.43
