
===========================================================================
report_checks -unconstrained
===========================================================================
======================= nom_ss_100C_1v60 Corner ===================================

Startpoint: _5127_ (rising edge-triggered flip-flop clocked by CLK)
Endpoint: DEVICES_STRW (output port clocked by CLK)
Path Group: CLK
Path Type: max

Fanout         Cap        Slew       Delay        Time   Description
---------------------------------------------------------------------------------------------
                                  0.000000    0.000000   clock CLK (rise edge)
                                  0.000000    0.000000   clock source latency
     1    0.044960    0.000000    0.000000    0.000000 ^ CLK (in)
                                                         CLK (net)
                      0.004550    0.002275    0.002275 ^ clkbuf_0_CLK/A (sky130_fd_sc_hd__clkbuf_16)
     4    0.072410    0.137340    0.256108    0.258383 ^ clkbuf_0_CLK/X (sky130_fd_sc_hd__clkbuf_16)
                                                         clknet_0_CLK (net)
                      0.137384    0.002350    0.260734 ^ clkbuf_2_2__f_CLK/A (sky130_fd_sc_hd__clkbuf_16)
    11    0.103178    0.180887    0.349271    0.610005 ^ clkbuf_2_2__f_CLK/X (sky130_fd_sc_hd__clkbuf_16)
                                                         clknet_2_2__leaf_CLK (net)
                      0.180944    0.003066    0.613071 ^ clkbuf_leaf_9_CLK/A (sky130_fd_sc_hd__clkbuf_8)
    11    0.031630    0.109771    0.313008    0.926078 ^ clkbuf_leaf_9_CLK/X (sky130_fd_sc_hd__clkbuf_8)
                                                         clknet_leaf_9_CLK (net)
                      0.109779    0.001011    0.927089 ^ _5127_/CLK (sky130_fd_sc_hd__dfxtp_4)
    18    0.144512    0.639222    1.138039    2.065128 ^ _5127_/Q (sky130_fd_sc_hd__dfxtp_4)
                                                         _0008_ (net)
                      0.639252    0.005292    2.070420 ^ max_cap165/A (sky130_fd_sc_hd__buf_12)
    24    0.202545    0.365640    0.595125    2.665544 ^ max_cap165/X (sky130_fd_sc_hd__buf_12)
                                                         net165 (net)
                      0.366341    0.013368    2.678912 ^ max_cap164/A (sky130_fd_sc_hd__buf_12)
    24    0.203343    0.366522    0.505032    3.183944 ^ max_cap164/X (sky130_fd_sc_hd__buf_12)
                                                         net164 (net)
                      0.369584    0.027145    3.211088 ^ _2578_/S0 (sky130_fd_sc_hd__mux4_2)
     1    0.003424    0.147913    1.194287    4.405376 v _2578_/X (sky130_fd_sc_hd__mux4_2)
                                                         _0508_ (net)
                      0.147913    0.000128    4.405504 v _2579_/B (sky130_fd_sc_hd__or2_2)
     2    0.007636    0.136816    0.692259    5.097763 v _2579_/X (sky130_fd_sc_hd__or2_2)
                                                         _0509_ (net)
                      0.136816    0.000140    5.097903 v _2586_/A1 (sky130_fd_sc_hd__a22o_2)
     8    0.057352    0.292641    0.682550    5.780454 v _2586_/X (sky130_fd_sc_hd__a22o_2)
                                                         _0516_ (net)
                      0.292646    0.001551    5.782005 v _2587_/B (sky130_fd_sc_hd__and2_2)
     4    0.015070    0.123007    0.573837    6.355841 v _2587_/X (sky130_fd_sc_hd__and2_2)
                                                         _0517_ (net)
                      0.123007    0.000229    6.356070 v _2589_/A (sky130_fd_sc_hd__nor2_2)
     9    0.050957    0.895449    0.768259    7.124329 ^ _2589_/Y (sky130_fd_sc_hd__nor2_2)
                                                         _0519_ (net)
                      0.895458    0.002468    7.126798 ^ _2615_/A1 (sky130_fd_sc_hd__a21o_2)
     2    0.015759    0.151435    0.584387    7.711185 ^ _2615_/X (sky130_fd_sc_hd__a21o_2)
                                                         _0545_ (net)
                      0.151435    0.000501    7.711686 ^ _2621_/A1 (sky130_fd_sc_hd__a21bo_2)
     3    0.022353    0.203796    0.393323    8.105008 ^ _2621_/X (sky130_fd_sc_hd__a21bo_2)
                                                         _0551_ (net)
                      0.203797    0.001008    8.106016 ^ _2626_/A2 (sky130_fd_sc_hd__a31o_2)
     3    0.020264    0.207642    0.487294    8.593310 ^ _2626_/X (sky130_fd_sc_hd__a31o_2)
                                                         _0556_ (net)
                      0.207642    0.000881    8.594192 ^ _2631_/A1 (sky130_fd_sc_hd__a31o_2)
     4    0.040177    0.370807    0.595496    9.189688 ^ _2631_/X (sky130_fd_sc_hd__a31o_2)
                                                         _0561_ (net)
                      0.370809    0.001650    9.191338 ^ _2684_/D_N (sky130_fd_sc_hd__or4b_2)
     3    0.014855    0.303691    1.642381   10.833719 v _2684_/X (sky130_fd_sc_hd__or4b_2)
                                                         _0614_ (net)
                      0.303691    0.000663   10.834383 v _2690_/A1 (sky130_fd_sc_hd__a21o_2)
     4    0.015016    0.113115    0.507899   11.342281 v _2690_/X (sky130_fd_sc_hd__a21o_2)
                                                         _0620_ (net)
                      0.113116    0.000547   11.342829 v _2694_/A3 (sky130_fd_sc_hd__a311o_2)
     4    0.016491    0.164124    0.834276   12.177104 v _2694_/X (sky130_fd_sc_hd__a311o_2)
                                                         _0624_ (net)
                      0.164124    0.000471   12.177575 v _2696_/A2 (sky130_fd_sc_hd__a21bo_2)
     5    0.018538    0.126325    0.503571   12.681146 v _2696_/X (sky130_fd_sc_hd__a21bo_2)
                                                         _0626_ (net)
                      0.126328    0.000840   12.681986 v _2704_/C (sky130_fd_sc_hd__and3_2)
     2    0.018266    0.138060    0.550711   13.232697 v _2704_/X (sky130_fd_sc_hd__and3_2)
                                                         _0628_ (net)
                      0.138060    0.000533   13.233229 v _2705_/B (sky130_fd_sc_hd__and2_2)
     1    0.002949    0.070748    0.424323   13.657552 v _2705_/X (sky130_fd_sc_hd__and2_2)
                                                         net53 (net)
                      0.070748    0.000088   13.657640 v output53/A (sky130_fd_sc_hd__clkdlybuf4s25_1)
     1    0.051857    0.690249    0.934219   14.591859 v output53/X (sky130_fd_sc_hd__clkdlybuf4s25_1)
                                                         DEVICES_STRW (net)
                      0.690249    0.001511   14.593369 v DEVICES_STRW (out)
                                             14.593369   data arrival time

                                 26.000000   26.000000   clock CLK (rise edge)
                                  0.000000   26.000000   clock network delay (propagated)
                                  0.000000   26.000000   clock reconvergence pessimism
                                 -5.000000   20.999998   output external delay
                                             20.999998   data required time
---------------------------------------------------------------------------------------------
                                             20.999998   data required time
                                            -14.593369   data arrival time
---------------------------------------------------------------------------------------------
                                              6.406629   slack (MET)




===========================================================================
report_checks --slack_max -0.01
============================================================================
======================= nom_ss_100C_1v60 Corner ===================================

No paths found.


===========================================================================
 report_check_types -max_slew -max_cap -max_fanout -violators
============================================================================
======================= nom_ss_100C_1v60 Corner ===================================



===========================================================================
report_parasitic_annotation -report_unannotated
============================================================================
Found 38 unannotated drivers.
 clkload0/X
 clkload1/Y
 clkload10/X
 clkload11/X
 clkload12/X
 clkload13/X
 clkload14/Y
 clkload15/Y
 clkload16/Y
 clkload17/Y
 clkload18/Y
 clkload19/Y
 clkload2/Y
 clkload20/X
 clkload21/Y
 clkload22/Y
 clkload23/Y
 clkload24/Y
 clkload25/Y
 clkload26/X
 clkload27/X
 clkload28/X
 clkload29/Y
 clkload3/Y
 clkload30/Y
 clkload31/X
 clkload32/X
 clkload33/X
 clkload34/X
 clkload35/X
 clkload36/X
 clkload37/Y
 clkload4/X
 clkload5/X
 clkload6/X
 clkload7/X
 clkload8/X
 clkload9/X
Found 0 partially unannotated drivers.

===========================================================================
max slew violation count 0
max fanout violation count 0
max cap violation count 0
============================================================================

===========================================================================
check_setup -verbose -unconstrained_endpoints -multiple_clock -no_clock -no_input_delay -loops -generated_clocks
===========================================================================
