Clock: CLK
Sources: CLK 
Generated: no
Virtual: yes
Propagated: no
Period: 26.000000

===========================================================================
report_clock_properties
============================================================================
Clock                   Period          Waveform
----------------------------------------------------
CLK                  26.000000    0.000000 13.000000

===========================================================================
report_clock_latency
============================================================================
Clock CLK
rise -> rise
    min     max
0.000000 0.000000 source latency
0.890804         network latency _5254_/CLK
        0.975049 network latency _5057_/CLK
---------------
0.890804 0.975049 latency
        0.084245 skew

fall -> fall
    min     max
0.000000 0.000000 source latency
0.901294         network latency _5254_/CLK
        0.962466 network latency _5057_/CLK
---------------
0.901294 0.962466 latency
        0.061172 skew



===========================================================================
report_clock_min_period
============================================================================
CLK period_min = 14.17 fmax = 70.56
