
===========================================================================
 report_power
============================================================================
======================= nom_ss_100C_1v60 Corner ===================================

Group                    Internal    Switching      Leakage        Total
                            Power        Power        Power        Power (Watts)
------------------------------------------------------------------------
Sequential           5.033568e-04 3.781639e-05 6.234266e-06 5.474075e-04  40.9%
Combinational        1.489901e-04 1.942565e-04 1.270719e-05 3.559537e-04  26.6%
Clock                2.449747e-04 1.888822e-04 9.611094e-07 4.348180e-04  32.5%
Macro                0.000000e+00 0.000000e+00 0.000000e+00 0.000000e+00   0.0%
Pad                  0.000000e+00 0.000000e+00 0.000000e+00 0.000000e+00   0.0%
------------------------------------------------------------------------
Total                8.973214e-04 4.209551e-04 1.990241e-05 1.338179e-03 100.0%
                            67.1%        31.5%         1.5%

