
===========================================================================
report_checks -unconstrained
===========================================================================
======================= min_ss_100C_1v60 Corner ===================================

Startpoint: _5127_ (rising edge-triggered flip-flop clocked by CLK)
Endpoint: _5221_ (rising edge-triggered flip-flop clocked by CLK)
Path Group: CLK
Path Type: max

Fanout         Cap        Slew       Delay        Time   Description
---------------------------------------------------------------------------------------------
                                  0.000000    0.000000   clock CLK (rise edge)
                                  0.000000    0.000000   clock source latency
     1    0.043483    0.000000    0.000000    0.000000 ^ CLK (in)
                                                         CLK (net)
                      0.001366    0.000683    0.000683 ^ clkbuf_0_CLK/A (sky130_fd_sc_hd__clkbuf_16)
     4    0.068377    0.131789    0.250730    0.251413 ^ clkbuf_0_CLK/X (sky130_fd_sc_hd__clkbuf_16)
                                                         clknet_0_CLK (net)
                      0.131825    0.002082    0.253495 ^ clkbuf_2_2__f_CLK/A (sky130_fd_sc_hd__clkbuf_16)
    11    0.096609    0.171479    0.340312    0.593807 ^ clkbuf_2_2__f_CLK/X (sky130_fd_sc_hd__clkbuf_16)
                                                         clknet_2_2__leaf_CLK (net)
                      0.171486    0.001337    0.595143 ^ clkbuf_leaf_9_CLK/A (sky130_fd_sc_hd__clkbuf_8)
    11    0.030926    0.108979    0.307262    0.902405 ^ clkbuf_leaf_9_CLK/X (sky130_fd_sc_hd__clkbuf_8)
                                                         clknet_leaf_9_CLK (net)
                      0.108979    0.000426    0.902831 ^ _5127_/CLK (sky130_fd_sc_hd__dfxtp_4)
    26    0.208701    0.917453    1.335174    2.238006 ^ _5127_/Q (sky130_fd_sc_hd__dfxtp_4)
                                                         _0008_ (net)
                      0.917456    0.003977    2.241983 ^ max_cap153/A (sky130_fd_sc_hd__buf_12)
    39    0.310842    0.544513    0.778103    3.020086 ^ max_cap153/X (sky130_fd_sc_hd__buf_12)
                                                         net153 (net)
                      0.546678    0.028212    3.048298 ^ _2545_/S0 (sky130_fd_sc_hd__mux4_2)
     1    0.002949    0.144464    1.247839    4.296137 v _2545_/X (sky130_fd_sc_hd__mux4_2)
                                                         _0475_ (net)
                      0.144464    0.000036    4.296173 v _2546_/B (sky130_fd_sc_hd__or2_2)
     1    0.003824    0.116747    0.654632    4.950805 v _2546_/X (sky130_fd_sc_hd__or2_2)
                                                         _0476_ (net)
                      0.116747    0.000039    4.950844 v _2551_/A1 (sky130_fd_sc_hd__a22o_2)
    25    0.159982    0.682538    0.974457    5.925301 v _2551_/X (sky130_fd_sc_hd__a22o_2)
                                                         _0481_ (net)
                      0.682768    0.011929    5.937230 v _2554_/B (sky130_fd_sc_hd__or2_2)
     4    0.010749    0.152210    0.947030    6.884260 v _2554_/X (sky130_fd_sc_hd__or2_2)
                                                         _0484_ (net)
                      0.152210    0.000085    6.884345 v _2624_/B (sky130_fd_sc_hd__and2_2)
     4    0.018757    0.135015    0.520664    7.405009 v _2624_/X (sky130_fd_sc_hd__and2_2)
                                                         _0554_ (net)
                      0.135015    0.000153    7.405162 v _3775_/B (sky130_fd_sc_hd__or4_2)
     2    0.004152    0.230810    1.555137    8.960299 v _3775_/X (sky130_fd_sc_hd__or4_2)
                                                         _1335_ (net)
                      0.230810    0.000029    8.960328 v _3832_/A2 (sky130_fd_sc_hd__o31a_2)
     3    0.034927    0.221461    0.852137    9.812465 v _3832_/X (sky130_fd_sc_hd__o31a_2)
                                                         _1391_ (net)
                      0.221461    0.000890    9.813354 v _4109_/A2 (sky130_fd_sc_hd__a21oi_2)
     3    0.014998    0.330243    0.429934   10.243289 ^ _4109_/Y (sky130_fd_sc_hd__a21oi_2)
                                                         _1661_ (net)
                      0.330243    0.000314   10.243604 ^ _4125_/B (sky130_fd_sc_hd__nand2_2)
     2    0.009517    0.116312    0.218837   10.462440 v _4125_/Y (sky130_fd_sc_hd__nand2_2)
                                                         _1676_ (net)
                      0.116312    0.000108   10.462548 v _4144_/B (sky130_fd_sc_hd__nand2_2)
     3    0.014982    0.147599    0.183488   10.646036 ^ _4144_/Y (sky130_fd_sc_hd__nand2_2)
                                                         _1694_ (net)
                      0.147599    0.000242   10.646278 ^ _4172_/A2 (sky130_fd_sc_hd__a21o_2)
     2    0.004998    0.069250    0.278889   10.925168 ^ _4172_/X (sky130_fd_sc_hd__a21o_2)
                                                         _1721_ (net)
                      0.069250    0.000068   10.925236 ^ _4174_/A_N (sky130_fd_sc_hd__and3b_2)
     1    0.002808    0.070811    0.412910   11.338146 v _4174_/X (sky130_fd_sc_hd__and3b_2)
                                                         _1723_ (net)
                      0.070811    0.000033   11.338179 v _4185_/B (sky130_fd_sc_hd__or4b_2)
     1    0.005126    0.239080    1.527527   12.865705 v _4185_/X (sky130_fd_sc_hd__or4b_2)
                                                         _1734_ (net)
                      0.239080    0.000074   12.865779 v _4186_/D (sky130_fd_sc_hd__or4_2)
     1    0.009357    0.265179    1.444010   14.309790 v _4186_/X (sky130_fd_sc_hd__or4_2)
                                                         _1735_ (net)
                      0.265179    0.000300   14.310089 v _4187_/B2 (sky130_fd_sc_hd__o221a_2)
     1    0.001959    0.073651    0.502967   14.813056 v _4187_/X (sky130_fd_sc_hd__o221a_2)
                                                         _0369_ (net)
                      0.073651    0.000017   14.813073 v _5221_/D (sky130_fd_sc_hd__dfxtp_2)
                                             14.813073   data arrival time

                                 26.000000   26.000000   clock CLK (rise edge)
                                  0.000000   26.000000   clock source latency
     1    0.043483    0.000000    0.000000   26.000000 ^ CLK (in)
                                                         CLK (net)
                      0.001366    0.000682   26.000681 ^ clkbuf_0_CLK/A (sky130_fd_sc_hd__clkbuf_16)
     4    0.068377    0.131789    0.250731   26.251413 ^ clkbuf_0_CLK/X (sky130_fd_sc_hd__clkbuf_16)
                                                         clknet_0_CLK (net)
                      0.131818    0.001906   26.253319 ^ clkbuf_2_3__f_CLK/A (sky130_fd_sc_hd__clkbuf_16)
     8    0.083898    0.153729    0.326459   26.579777 ^ clkbuf_2_3__f_CLK/X (sky130_fd_sc_hd__clkbuf_16)
                                                         clknet_2_3__leaf_CLK (net)
                      0.153729    0.000600   26.580378 ^ clkbuf_leaf_21_CLK/A (sky130_fd_sc_hd__clkbuf_8)
    10    0.031393    0.109365    0.300085   26.880463 ^ clkbuf_leaf_21_CLK/X (sky130_fd_sc_hd__clkbuf_8)
                                                         clknet_leaf_21_CLK (net)
                      0.109365    0.000410   26.880873 ^ _5221_/CLK (sky130_fd_sc_hd__dfxtp_2)
                                  0.000000   26.880873   clock reconvergence pessimism
                                 -0.265242   26.615631   library setup time
                                             26.615631   data required time
---------------------------------------------------------------------------------------------
                                             26.615631   data required time
                                            -14.813073   data arrival time
---------------------------------------------------------------------------------------------
                                             11.802558   slack (MET)




===========================================================================
report_checks --slack_max -0.01
============================================================================
======================= min_ss_100C_1v60 Corner ===================================

No paths found.


===========================================================================
 report_check_types -max_slew -max_cap -max_fanout -violators
============================================================================
======================= min_ss_100C_1v60 Corner ===================================

max slew

Pin                                        Limit        Slew       Slack
------------------------------------------------------------------------
_4533_/A0                               1.500000    1.643549   -0.143549 (VIOLATED)
_4027_/A                                1.500000    1.643548   -0.143548 (VIOLATED)
_3991_/A0                               1.500000    1.643548   -0.143548 (VIOLATED)
_3573_/A1                               1.500000    1.643541   -0.143541 (VIOLATED)
_3793_/A                                1.500000    1.643541   -0.143541 (VIOLATED)
_3828_/B                                1.500000    1.643541   -0.143541 (VIOLATED)
_3899_/A1                               1.500000    1.643541   -0.143541 (VIOLATED)
_4346_/B                                1.500000    1.643541   -0.143541 (VIOLATED)
_3084_/Y                                1.496266    1.627536   -0.131270 (VIOLATED)
_3088_/B1                               1.500000    1.627573   -0.127573 (VIOLATED)
_3089_/B1                               1.500000    1.627572   -0.127573 (VIOLATED)
_3090_/B1                               1.500000    1.627571   -0.127571 (VIOLATED)
_3091_/B1                               1.500000    1.627568   -0.127568 (VIOLATED)
_3092_/B1                               1.500000    1.627565   -0.127565 (VIOLATED)
_3086_/B1                               1.500000    1.627561   -0.127561 (VIOLATED)
_3096_/B1                               1.500000    1.627555   -0.127555 (VIOLATED)
_3085_/B1                               1.500000    1.627551   -0.127551 (VIOLATED)
_3100_/B1                               1.500000    1.627550   -0.127550 (VIOLATED)
_3087_/B1                               1.500000    1.627541   -0.127541 (VIOLATED)
_3097_/B1                               1.500000    1.627540   -0.127540 (VIOLATED)
_3095_/B1                               1.500000    1.627540   -0.127540 (VIOLATED)
_3094_/B1                               1.500000    1.627539   -0.127539 (VIOLATED)
_3093_/B1                               1.500000    1.627536   -0.127536 (VIOLATED)
_3098_/B1                               1.500000    1.627536   -0.127536 (VIOLATED)
_3099_/B1                               1.500000    1.627536   -0.127536 (VIOLATED)
_3029_/Y                                1.496266    1.560598   -0.064332 (VIOLATED)
_3040_/B1                               1.500000    1.560638   -0.060638 (VIOLATED)
_3030_/B1                               1.500000    1.560638   -0.060638 (VIOLATED)
_3042_/B1                               1.500000    1.560637   -0.060637 (VIOLATED)
_3045_/B1                               1.500000    1.560637   -0.060637 (VIOLATED)
_3033_/B1                               1.500000    1.560632   -0.060632 (VIOLATED)
_3034_/B1                               1.500000    1.560630   -0.060630 (VIOLATED)
_3035_/B1                               1.500000    1.560628   -0.060628 (VIOLATED)
_3036_/B1                               1.500000    1.560627   -0.060627 (VIOLATED)
_3037_/B1                               1.500000    1.560625   -0.060625 (VIOLATED)
_3031_/B1                               1.500000    1.560619   -0.060619 (VIOLATED)
_3041_/B1                               1.500000    1.560613   -0.060613 (VIOLATED)
_3032_/B1                               1.500000    1.560607   -0.060607 (VIOLATED)
_3039_/B1                               1.500000    1.560602   -0.060602 (VIOLATED)
_3038_/B1                               1.500000    1.560598   -0.060598 (VIOLATED)
_3043_/B1                               1.500000    1.560598   -0.060598 (VIOLATED)
_3044_/B1                               1.500000    1.560598   -0.060598 (VIOLATED)
_2974_/Y                                1.496266    1.535104   -0.038838 (VIOLATED)
_2981_/B1                               1.500000    1.535110   -0.035110 (VIOLATED)
_2980_/B1                               1.500000    1.535110   -0.035110 (VIOLATED)
_2978_/B1                               1.500000    1.535109   -0.035109 (VIOLATED)
_2979_/B1                               1.500000    1.535109   -0.035109 (VIOLATED)
_2982_/B1                               1.500000    1.535108   -0.035108 (VIOLATED)
_2976_/B1                               1.500000    1.535108   -0.035108 (VIOLATED)
_2986_/B1                               1.500000    1.535108   -0.035108 (VIOLATED)
_2977_/B1                               1.500000    1.535107   -0.035107 (VIOLATED)
_2990_/B1                               1.500000    1.535107   -0.035107 (VIOLATED)
_2987_/B1                               1.500000    1.535106   -0.035106 (VIOLATED)
_2983_/B1                               1.500000    1.535106   -0.035106 (VIOLATED)
_2975_/B1                               1.500000    1.535106   -0.035106 (VIOLATED)
_2984_/B1                               1.500000    1.535106   -0.035106 (VIOLATED)
_2985_/B1                               1.500000    1.535104   -0.035104 (VIOLATED)
_2988_/B1                               1.500000    1.535104   -0.035104 (VIOLATED)
_2989_/B1                               1.500000    1.535104   -0.035104 (VIOLATED)
_3103_/Y                                1.496266    1.529063   -0.032797 (VIOLATED)
_3114_/B1                               1.500000    1.529125   -0.029125 (VIOLATED)
_3106_/B1                               1.500000    1.529124   -0.029124 (VIOLATED)
_3107_/B1                               1.500000    1.529124   -0.029124 (VIOLATED)
_3108_/B1                               1.500000    1.529124   -0.029124 (VIOLATED)
_3104_/B1                               1.500000    1.529123   -0.029123 (VIOLATED)
_3105_/B1                               1.500000    1.529122   -0.029122 (VIOLATED)
_3110_/B1                               1.500000    1.529117   -0.029117 (VIOLATED)
_3111_/B1                               1.500000    1.529115   -0.029115 (VIOLATED)
_3119_/B1                               1.500000    1.529115   -0.029115 (VIOLATED)
_3109_/B1                               1.500000    1.529106   -0.029106 (VIOLATED)
_3115_/B1                               1.500000    1.529098   -0.029098 (VIOLATED)
_3113_/B1                               1.500000    1.529088   -0.029088 (VIOLATED)
_3116_/B1                               1.500000    1.529080   -0.029080 (VIOLATED)
_3112_/B1                               1.500000    1.529076   -0.029076 (VIOLATED)
_3117_/B1                               1.500000    1.529063   -0.029064 (VIOLATED)
_3118_/B1                               1.500000    1.529063   -0.029064 (VIOLATED)

max capacitance

Pin                                        Limit         Cap       Slack
------------------------------------------------------------------------
_3084_/Y                                0.086070    0.094559   -0.008489 (VIOLATED)
_3029_/Y                                0.086070    0.090548   -0.004478 (VIOLATED)
_2974_/Y                                0.086070    0.089079   -0.003009 (VIOLATED)
_3103_/Y                                0.086070    0.088759   -0.002689 (VIOLATED)



===========================================================================
report_parasitic_annotation -report_unannotated
============================================================================
Found 34 unannotated drivers.
 clkload0/X
 clkload1/Y
 clkload10/X
 clkload11/X
 clkload12/Y
 clkload13/Y
 clkload14/Y
 clkload15/Y
 clkload16/Y
 clkload17/X
 clkload18/Y
 clkload19/Y
 clkload2/Y
 clkload20/Y
 clkload21/Y
 clkload22/Y
 clkload23/X
 clkload24/X
 clkload25/X
 clkload26/Y
 clkload27/Y
 clkload28/X
 clkload29/X
 clkload3/Y
 clkload30/X
 clkload31/X
 clkload32/X
 clkload33/Y
 clkload4/X
 clkload5/X
 clkload6/X
 clkload7/X
 clkload8/X
 clkload9/X
Found 0 partially unannotated drivers.

===========================================================================
max slew violation count 76
max fanout violation count 0
max cap violation count 4
============================================================================

===========================================================================
check_setup -verbose -unconstrained_endpoints -multiple_clock -no_clock -no_input_delay -loops -generated_clocks
===========================================================================
Warning: There are 58 unconstrained endpoints.
  DEVICES_LDH
  DEVICES_LDW
  DEVICES_STRH
  DEVICES_STRW
  EX_HALT
  INSTR_ADDR[0]
  INSTR_ADDR[10]
  INSTR_ADDR[11]
  INSTR_ADDR[12]
  INSTR_ADDR[13]
  INSTR_ADDR[14]
  INSTR_ADDR[15]
  INSTR_ADDR[1]
  INSTR_ADDR[2]
  INSTR_ADDR[3]
  INSTR_ADDR[4]
  INSTR_ADDR[5]
  INSTR_ADDR[6]
  INSTR_ADDR[7]
  INSTR_ADDR[8]
  INSTR_ADDR[9]
  INVALID_MEM
  MAIN_LDH
  MAIN_LDW
  MAIN_STRH
  MAIN_STRW
  MEM_ADDR[0]
  MEM_ADDR[10]
  MEM_ADDR[11]
  MEM_ADDR[12]
  MEM_ADDR[13]
  MEM_ADDR[14]
  MEM_ADDR[15]
  MEM_ADDR[1]
  MEM_ADDR[2]
  MEM_ADDR[3]
  MEM_ADDR[4]
  MEM_ADDR[5]
  MEM_ADDR[6]
  MEM_ADDR[7]
  MEM_ADDR[8]
  MEM_ADDR[9]
  MEM_STR_DATA[0]
  MEM_STR_DATA[10]
  MEM_STR_DATA[11]
  MEM_STR_DATA[12]
  MEM_STR_DATA[13]
  MEM_STR_DATA[14]
  MEM_STR_DATA[15]
  MEM_STR_DATA[1]
  MEM_STR_DATA[2]
  MEM_STR_DATA[3]
  MEM_STR_DATA[4]
  MEM_STR_DATA[5]
  MEM_STR_DATA[6]
  MEM_STR_DATA[7]
  MEM_STR_DATA[8]
  MEM_STR_DATA[9]
