
===========================================================================
report_checks -unconstrained
===========================================================================
======================= max_ff_n40C_1v95 Corner ===================================

Startpoint: _5127_ (rising edge-triggered flip-flop clocked by CLK)
Endpoint: DEVICES_STRW (output port clocked by CLK)
Path Group: CLK
Path Type: max

Fanout         Cap        Slew       Delay        Time   Description
---------------------------------------------------------------------------------------------
                                  0.000000    0.000000   clock CLK (rise edge)
                                  0.000000    0.000000   clock source latency
     1    0.044799    0.000000    0.000000    0.000000 ^ CLK (in)
                                                         CLK (net)
                      0.003313    0.001656    0.001656 ^ clkbuf_0_CLK/A (sky130_fd_sc_hd__clkbuf_16)
     4    0.079588    0.074283    0.107913    0.109570 ^ clkbuf_0_CLK/X (sky130_fd_sc_hd__clkbuf_16)
                                                         clknet_0_CLK (net)
                      0.075232    0.006626    0.116196 ^ clkbuf_2_2__f_CLK/A (sky130_fd_sc_hd__clkbuf_16)
    11    0.106810    0.094281    0.142353    0.258549 ^ clkbuf_2_2__f_CLK/X (sky130_fd_sc_hd__clkbuf_16)
                                                         clknet_2_2__leaf_CLK (net)
                      0.095331    0.007947    0.266496 ^ clkbuf_leaf_9_CLK/A (sky130_fd_sc_hd__clkbuf_8)
    11    0.035987    0.056909    0.120061    0.386557 ^ clkbuf_leaf_9_CLK/X (sky130_fd_sc_hd__clkbuf_8)
                                                         clknet_leaf_9_CLK (net)
                      0.057057    0.002012    0.388569 ^ _5127_/CLK (sky130_fd_sc_hd__dfxtp_4)
    18    0.157469    0.332443    0.417640    0.806209 ^ _5127_/Q (sky130_fd_sc_hd__dfxtp_4)
                                                         _0008_ (net)
                      0.332708    0.007993    0.814202 ^ max_cap183/A (sky130_fd_sc_hd__buf_12)
    24    0.223366    0.195243    0.181132    0.995333 ^ max_cap183/X (sky130_fd_sc_hd__buf_12)
                                                         net183 (net)
                      0.197440    0.017083    1.012416 ^ max_cap182/A (sky130_fd_sc_hd__buf_12)
    24    0.225701    0.195552    0.172016    1.184433 ^ max_cap182/X (sky130_fd_sc_hd__buf_12)
                                                         net182 (net)
                      0.223518    0.056364    1.240796 ^ _2578_/S0 (sky130_fd_sc_hd__mux4_2)
     1    0.004177    0.060628    0.308164    1.548960 v _2578_/X (sky130_fd_sc_hd__mux4_2)
                                                         _0508_ (net)
                      0.060628    0.000297    1.549257 v _2579_/B (sky130_fd_sc_hd__or2_2)
     2    0.007702    0.046329    0.179583    1.728840 v _2579_/X (sky130_fd_sc_hd__or2_2)
                                                         _0509_ (net)
                      0.046329    0.000334    1.729174 v _2586_/A1 (sky130_fd_sc_hd__a22o_2)
     8    0.060315    0.114236    0.210391    1.939565 v _2586_/X (sky130_fd_sc_hd__a22o_2)
                                                         _0516_ (net)
                      0.114472    0.004311    1.943875 v _2587_/B (sky130_fd_sc_hd__and2_2)
     4    0.014764    0.045613    0.174366    2.118241 v _2587_/X (sky130_fd_sc_hd__and2_2)
                                                         _0517_ (net)
                      0.045649    0.000498    2.118740 v _2589_/A (sky130_fd_sc_hd__nor2_2)
     9    0.050807    0.394445    0.317519    2.436259 ^ _2589_/Y (sky130_fd_sc_hd__nor2_2)
                                                         _0519_ (net)
                      0.394514    0.004377    2.440636 ^ _2615_/A1 (sky130_fd_sc_hd__a21o_2)
     2    0.016152    0.069097    0.126286    2.566922 ^ _2615_/X (sky130_fd_sc_hd__a21o_2)
                                                         _0545_ (net)
                      0.069116    0.001118    2.568040 ^ _2621_/A1 (sky130_fd_sc_hd__a21bo_2)
     3    0.023594    0.101155    0.134956    2.702996 ^ _2621_/X (sky130_fd_sc_hd__a21bo_2)
                                                         _0551_ (net)
                      0.101293    0.002568    2.705564 ^ _2626_/A2 (sky130_fd_sc_hd__a31o_2)
     3    0.019872    0.094043    0.147055    2.852619 ^ _2626_/X (sky130_fd_sc_hd__a31o_2)
                                                         _0556_ (net)
                      0.094062    0.001335    2.853954 ^ _2631_/A1 (sky130_fd_sc_hd__a31o_2)
     4    0.044589    0.194141    0.209995    3.063949 ^ _2631_/X (sky130_fd_sc_hd__a31o_2)
                                                         _0561_ (net)
                      0.194306    0.004622    3.068571 ^ _2684_/D_N (sky130_fd_sc_hd__or4b_2)
     3    0.015889    0.098221    0.375002    3.443574 v _2684_/X (sky130_fd_sc_hd__or4b_2)
                                                         _0614_ (net)
                      0.098250    0.001537    3.445111 v _2690_/A1 (sky130_fd_sc_hd__a21o_2)
     4    0.015414    0.046319    0.165507    3.610619 v _2690_/X (sky130_fd_sc_hd__a21o_2)
                                                         _0620_ (net)
                      0.046353    0.001091    3.611709 v _2694_/A3 (sky130_fd_sc_hd__a311o_2)
     4    0.017256    0.065755    0.275650    3.887359 v _2694_/X (sky130_fd_sc_hd__a311o_2)
                                                         _0624_ (net)
                      0.065770    0.000910    3.888270 v _2696_/A2 (sky130_fd_sc_hd__a21bo_2)
     5    0.022403    0.056820    0.181245    4.069515 v _2696_/X (sky130_fd_sc_hd__a21bo_2)
                                                         _0626_ (net)
                      0.056943    0.002311    4.071826 v _2704_/C (sky130_fd_sc_hd__and3_2)
     2    0.020170    0.055315    0.172301    4.244127 v _2704_/X (sky130_fd_sc_hd__and3_2)
                                                         _0628_ (net)
                      0.055329    0.000965    4.245091 v _2705_/B (sky130_fd_sc_hd__and2_2)
     1    0.003057    0.026911    0.122890    4.367981 v _2705_/X (sky130_fd_sc_hd__and2_2)
                                                         net53 (net)
                      0.026911    0.000203    4.368184 v output53/A (sky130_fd_sc_hd__clkdlybuf4s25_1)
     1    0.051940    0.261851    0.337534    4.705719 v output53/X (sky130_fd_sc_hd__clkdlybuf4s25_1)
                                                         DEVICES_STRW (net)
                      0.261884    0.002895    4.708613 v DEVICES_STRW (out)
                                              4.708613   data arrival time

                                 26.000000   26.000000   clock CLK (rise edge)
                                  0.000000   26.000000   clock network delay (propagated)
                                  0.000000   26.000000   clock reconvergence pessimism
                                 -5.000000   20.999998   output external delay
                                             20.999998   data required time
---------------------------------------------------------------------------------------------
                                             20.999998   data required time
                                             -4.708613   data arrival time
---------------------------------------------------------------------------------------------
                                             16.291386   slack (MET)




===========================================================================
report_checks --slack_max -0.01
============================================================================
======================= max_ff_n40C_1v95 Corner ===================================

No paths found.


===========================================================================
 report_check_types -max_slew -max_cap -max_fanout -violators
============================================================================
======================= max_ff_n40C_1v95 Corner ===================================



===========================================================================
report_parasitic_annotation -report_unannotated
============================================================================
Found 34 unannotated drivers.
 clkload0/X
 clkload1/Y
 clkload10/X
 clkload11/X
 clkload12/Y
 clkload13/Y
 clkload14/Y
 clkload15/Y
 clkload16/Y
 clkload17/X
 clkload18/Y
 clkload19/Y
 clkload2/Y
 clkload20/Y
 clkload21/Y
 clkload22/Y
 clkload23/X
 clkload24/X
 clkload25/X
 clkload26/Y
 clkload27/Y
 clkload28/X
 clkload29/X
 clkload3/Y
 clkload30/X
 clkload31/X
 clkload32/X
 clkload33/Y
 clkload4/X
 clkload5/X
 clkload6/X
 clkload7/X
 clkload8/X
 clkload9/X
Found 0 partially unannotated drivers.

===========================================================================
max slew violation count 0
max fanout violation count 0
max cap violation count 0
============================================================================

===========================================================================
check_setup -verbose -unconstrained_endpoints -multiple_clock -no_clock -no_input_delay -loops -generated_clocks
===========================================================================
