Clock: CLK
Sources: CLK 
Generated: no
Virtual: yes
Propagated: no
Period: 26.000000

===========================================================================
report_clock_properties
============================================================================
Clock                   Period          Waveform
----------------------------------------------------
CLK                  26.000000    0.000000 13.000000

===========================================================================
report_clock_latency
============================================================================
Clock CLK
rise -> rise
    min     max
0.000000 0.000000 source latency
0.372002         network latency _5227_/CLK
        0.410124 network latency _5037_/CLK
---------------
0.372002 0.410124 latency
        0.038122 skew

fall -> fall
    min     max
0.000000 0.000000 source latency
0.369584         network latency _5227_/CLK
        0.398326 network latency _5037_/CLK
---------------
0.369584 0.398326 latency
        0.028741 skew



===========================================================================
report_clock_min_period
============================================================================
CLK period_min = 4.18 fmax = 239.15
