
===========================================================================
 report_power
============================================================================
======================= max_ff_n40C_1v95 Corner ===================================

Group                    Internal    Switching      Leakage        Total
                            Power        Power        Power        Power (Watts)
------------------------------------------------------------------------
Sequential           7.562041e-04 5.530989e-05 8.574681e-09 8.115225e-04  41.5%
Combinational        2.132524e-04 3.147687e-04 2.885217e-08 5.280499e-04  27.0%
Clock                3.133356e-04 3.030344e-04 2.784028e-08 6.163978e-04  31.5%
Macro                0.000000e+00 0.000000e+00 0.000000e+00 0.000000e+00   0.0%
Pad                  0.000000e+00 0.000000e+00 0.000000e+00 0.000000e+00   0.0%
------------------------------------------------------------------------
Total                1.282791e-03 6.731127e-04 6.526738e-08 1.955969e-03 100.0%
                            65.6%        34.4%         0.0%

