22 Lint warnings found.
[STA-1140] /root/.ciel/ciel/sky130/versions/8afc8346a57fe1ab7934ba5a6056ea8b43078e71/sky130A/libs.ref/sky130_fd_sc_hd/lib/sky130_fd_sc_hd__tt_025C_1v80.lib line 1, library sky130_fd_sc_hd__tt_025C_1v80 already exists.
[STA-1140] /root/.ciel/ciel/sky130/versions/8afc8346a57fe1ab7934ba5a6056ea8b43078e71/sky130A/libs.ref/sky130_fd_sc_hd/lib/sky130_fd_sc_hd__ff_n40C_1v95.lib line 1, library sky130_fd_sc_hd__ff_n40C_1v95 already exists.
[STA-1140] /root/.ciel/ciel/sky130/versions/8afc8346a57fe1ab7934ba5a6056ea8b43078e71/sky130A/libs.ref/sky130_fd_sc_hd/lib/sky130_fd_sc_hd__ss_100C_1v60.lib line 1, library sky130_fd_sc_hd__ss_100C_1v60 already exists.
[STA-1140] /root/.ciel/ciel/sky130/versions/8afc8346a57fe1ab7934ba5a6056ea8b43078e71/sky130A/libs.ref/sky130_fd_sc_hd/lib/sky130_fd_sc_hd__tt_025C_1v80.lib line 1, library sky130_fd_sc_hd__tt_025C_1v80 already exists.
[STA-1140] /root/.ciel/ciel/sky130/versions/8afc8346a57fe1ab7934ba5a6056ea8b43078e71/sky130A/libs.ref/sky130_fd_sc_hd/lib/sky130_fd_sc_hd__ss_100C_1v60.lib line 1, library sky130_fd_sc_hd__ss_100C_1v60 already exists.
[STA-1140] /root/.ciel/ciel/sky130/versions/8afc8346a57fe1ab7934ba5a6056ea8b43078e71/sky130A/libs.ref/sky130_fd_sc_hd/lib/sky130_fd_sc_hd__ff_n40C_1v95.lib line 1, library sky130_fd_sc_hd__ff_n40C_1v95 already exists.
[RSZ-0020] found 2 floating nets.
[STA-1140] /root/.ciel/ciel/sky130/versions/8afc8346a57fe1ab7934ba5a6056ea8b43078e71/sky130A/libs.ref/sky130_fd_sc_hd/lib/sky130_fd_sc_hd__tt_025C_1v80.lib line 1, library sky130_fd_sc_hd__tt_025C_1v80 already exists.
[STA-1140] /root/.ciel/ciel/sky130/versions/8afc8346a57fe1ab7934ba5a6056ea8b43078e71/sky130A/libs.ref/sky130_fd_sc_hd/lib/sky130_fd_sc_hd__ff_n40C_1v95.lib line 1, library sky130_fd_sc_hd__ff_n40C_1v95 already exists.
[STA-1140] /root/.ciel/ciel/sky130/versions/8afc8346a57fe1ab7934ba5a6056ea8b43078e71/sky130A/libs.ref/sky130_fd_sc_hd/lib/sky130_fd_sc_hd__ss_100C_1v60.lib line 1, library sky130_fd_sc_hd__ss_100C_1v60 already exists.
[STA-1140] /root/.ciel/ciel/sky130/versions/8afc8346a57fe1ab7934ba5a6056ea8b43078e71/sky130A/libs.ref/sky130_fd_sc_hd/lib/sky130_fd_sc_hd__tt_025C_1v80.lib line 1, library sky130_fd_sc_hd__tt_025C_1v80 already exists.
[STA-1140] /root/.ciel/ciel/sky130/versions/8afc8346a57fe1ab7934ba5a6056ea8b43078e71/sky130A/libs.ref/sky130_fd_sc_hd/lib/sky130_fd_sc_hd__ss_100C_1v60.lib line 1, library sky130_fd_sc_hd__ss_100C_1v60 already exists.
[STA-1140] /root/.ciel/ciel/sky130/versions/8afc8346a57fe1ab7934ba5a6056ea8b43078e71/sky130A/libs.ref/sky130_fd_sc_hd/lib/sky130_fd_sc_hd__ff_n40C_1v95.lib line 1, library sky130_fd_sc_hd__ff_n40C_1v95 already exists.
[STA-1140] /root/.ciel/ciel/sky130/versions/8afc8346a57fe1ab7934ba5a6056ea8b43078e71/sky130A/libs.ref/sky130_fd_sc_hd/lib/sky130_fd_sc_hd__tt_025C_1v80.lib line 1, library sky130_fd_sc_hd__tt_025C_1v80 already exists.
[STA-1140] /root/.ciel/ciel/sky130/versions/8afc8346a57fe1ab7934ba5a6056ea8b43078e71/sky130A/libs.ref/sky130_fd_sc_hd/lib/sky130_fd_sc_hd__ff_n40C_1v95.lib line 1, library sky130_fd_sc_hd__ff_n40C_1v95 already exists.
[STA-1140] /root/.ciel/ciel/sky130/versions/8afc8346a57fe1ab7934ba5a6056ea8b43078e71/sky130A/libs.ref/sky130_fd_sc_hd/lib/sky130_fd_sc_hd__ss_100C_1v60.lib line 1, library sky130_fd_sc_hd__ss_100C_1v60 already exists.
[STA-1140] /root/.ciel/ciel/sky130/versions/8afc8346a57fe1ab7934ba5a6056ea8b43078e71/sky130A/libs.ref/sky130_fd_sc_hd/lib/sky130_fd_sc_hd__tt_025C_1v80.lib line 1, library sky130_fd_sc_hd__tt_025C_1v80 already exists.
[STA-1140] /root/.ciel/ciel/sky130/versions/8afc8346a57fe1ab7934ba5a6056ea8b43078e71/sky130A/libs.ref/sky130_fd_sc_hd/lib/sky130_fd_sc_hd__ss_100C_1v60.lib line 1, library sky130_fd_sc_hd__ss_100C_1v60 already exists.
[STA-1140] /root/.ciel/ciel/sky130/versions/8afc8346a57fe1ab7934ba5a6056ea8b43078e71/sky130A/libs.ref/sky130_fd_sc_hd/lib/sky130_fd_sc_hd__ff_n40C_1v95.lib line 1, library sky130_fd_sc_hd__ff_n40C_1v95 already exists.
[STA-1140] /root/.ciel/ciel/sky130/versions/8afc8346a57fe1ab7934ba5a6056ea8b43078e71/sky130A/libs.ref/sky130_fd_sc_hd/lib/sky130_fd_sc_hd__tt_025C_1v80.lib line 1, library sky130_fd_sc_hd__tt_025C_1v80 already exists.
[STA-1140] /root/.ciel/ciel/sky130/versions/8afc8346a57fe1ab7934ba5a6056ea8b43078e71/sky130A/libs.ref/sky130_fd_sc_hd/lib/sky130_fd_sc_hd__ff_n40C_1v95.lib line 1, library sky130_fd_sc_hd__ff_n40C_1v95 already exists.
[STA-1140] /root/.ciel/ciel/sky130/versions/8afc8346a57fe1ab7934ba5a6056ea8b43078e71/sky130A/libs.ref/sky130_fd_sc_hd/lib/sky130_fd_sc_hd__ss_100C_1v60.lib line 1, library sky130_fd_sc_hd__ss_100C_1v60 already exists.
[STA-1140] /root/.ciel/ciel/sky130/versions/8afc8346a57fe1ab7934ba5a6056ea8b43078e71/sky130A/libs.ref/sky130_fd_sc_hd/lib/sky130_fd_sc_hd__tt_025C_1v80.lib line 1, library sky130_fd_sc_hd__tt_025C_1v80 already exists.
[STA-1140] /root/.ciel/ciel/sky130/versions/8afc8346a57fe1ab7934ba5a6056ea8b43078e71/sky130A/libs.ref/sky130_fd_sc_hd/lib/sky130_fd_sc_hd__ss_100C_1v60.lib line 1, library sky130_fd_sc_hd__ss_100C_1v60 already exists.
[STA-1140] /root/.ciel/ciel/sky130/versions/8afc8346a57fe1ab7934ba5a6056ea8b43078e71/sky130A/libs.ref/sky130_fd_sc_hd/lib/sky130_fd_sc_hd__ff_n40C_1v95.lib line 1, library sky130_fd_sc_hd__ff_n40C_1v95 already exists.
[EST-0026] Missing route to pin clkbuf_0_CLK/A in net CLK.
[EST-0026] Missing route to pin CLK in net CLK.
[EST-0026] Missing route to pin clkbuf_0_CLK/A in net CLK.
[EST-0026] Missing route to pin CLK in net CLK.
[EST-0026] Missing route to pin clkbuf_0_CLK/A in net CLK.
[EST-0026] Missing route to pin CLK in net CLK.
[EST-0026] Missing route to pin clkbuf_0_CLK/A in net CLK.
[EST-0026] Missing route to pin CLK in net CLK.
[EST-0026] Missing route to pin clkbuf_0_CLK/A in net CLK.
[EST-0026] Missing route to pin CLK in net CLK.
[EST-0026] Missing route to pin clkbuf_0_CLK/A in net CLK.
[EST-0026] Missing route to pin CLK in net CLK.
[EST-0026] Missing route to pin clkbuf_0_CLK/A in net CLK.
[EST-0026] Missing route to pin CLK in net CLK.
[EST-0026] Missing route to pin clkbuf_0_CLK/A in net CLK.
[EST-0026] Missing route to pin CLK in net CLK.
[EST-0026] Missing route to pin clkbuf_0_CLK/A in net CLK.
[EST-0026] Missing route to pin CLK in net CLK.
[EST-0026] Missing route to pin output50/A in net net50.
[EST-0026] Missing route to pin _2706_/X in net net50.
[EST-0026] Missing route to pin output50/A in net net50.
[EST-0026] Missing route to pin _2706_/X in net net50.
[EST-0026] Missing route to pin output50/A in net net50.
[EST-0026] Missing route to pin _2706_/X in net net50.
[EST-0026] Missing route to pin output50/A in net net50.
[EST-0026] Missing route to pin _2706_/X in net net50.
[EST-0026] Missing route to pin output50/A in net net50.
[EST-0026] Missing route to pin _2706_/X in net net50.
[EST-0026] Missing route to pin output50/A in net net50.
[EST-0026] Missing route to pin _2706_/X in net net50.
[EST-0026] Missing route to pin output50/A in net net50.
[EST-0026] Missing route to pin _2706_/X in net net50.
[EST-0026] Missing route to pin output50/A in net net50.
[EST-0026] Missing route to pin _2706_/X in net net50.
[EST-0026] Missing route to pin output50/A in net net50.
[EST-0026] Missing route to pin _2706_/X in net net50.
[EST-0026] Missing route to pin output51/A in net net51.
[EST-0026] Missing route to pin _2707_/X in net net51.
[EST-0026] Missing route to pin output51/A in net net51.
[EST-0026] Missing route to pin _2707_/X in net net51.
[EST-0026] Missing route to pin output51/A in net net51.
[EST-0026] Missing route to pin _2707_/X in net net51.
[EST-0026] Missing route to pin output51/A in net net51.
[EST-0026] Missing route to pin _2707_/X in net net51.
[EST-0026] Missing route to pin output51/A in net net51.
[EST-0026] Missing route to pin _2707_/X in net net51.
[EST-0026] Missing route to pin output51/A in net net51.
[EST-0026] Missing route to pin _2707_/X in net net51.
[EST-0026] Missing route to pin output51/A in net net51.
[EST-0026] Missing route to pin _2707_/X in net net51.
[EST-0026] Missing route to pin output51/A in net net51.
[EST-0026] Missing route to pin _2707_/X in net net51.
[EST-0026] Missing route to pin output51/A in net net51.
[EST-0026] Missing route to pin _2707_/X in net net51.
[EST-0026] Missing route to pin output52/A in net net52.
[EST-0026] Missing route to pin _2703_/X in net net52.
[EST-0026] Missing route to pin output52/A in net net52.
[EST-0026] Missing route to pin _2703_/X in net net52.
[EST-0026] Missing route to pin output52/A in net net52.
[EST-0026] Missing route to pin _2703_/X in net net52.
[EST-0026] Missing route to pin output52/A in net net52.
[EST-0026] Missing route to pin _2703_/X in net net52.
[EST-0026] Missing route to pin output52/A in net net52.
[EST-0026] Missing route to pin _2703_/X in net net52.
[EST-0026] Missing route to pin output52/A in net net52.
[EST-0026] Missing route to pin _2703_/X in net net52.
[EST-0026] Missing route to pin output52/A in net net52.
[EST-0026] Missing route to pin _2703_/X in net net52.
[EST-0026] Missing route to pin output52/A in net net52.
[EST-0026] Missing route to pin _2703_/X in net net52.
[EST-0026] Missing route to pin output52/A in net net52.
[EST-0026] Missing route to pin _2703_/X in net net52.
[EST-0026] Missing route to pin output53/A in net net53.
[EST-0026] Missing route to pin _2705_/X in net net53.
[EST-0026] Missing route to pin output53/A in net net53.
[EST-0026] Missing route to pin _2705_/X in net net53.
[EST-0026] Missing route to pin output53/A in net net53.
[EST-0026] Missing route to pin _2705_/X in net net53.
[EST-0026] Missing route to pin output53/A in net net53.
[EST-0026] Missing route to pin _2705_/X in net net53.
[EST-0026] Missing route to pin output53/A in net net53.
[EST-0026] Missing route to pin _2705_/X in net net53.
[EST-0026] Missing route to pin output53/A in net net53.
[EST-0026] Missing route to pin _2705_/X in net net53.
[EST-0026] Missing route to pin output53/A in net net53.
[EST-0026] Missing route to pin _2705_/X in net net53.
[EST-0026] Missing route to pin output53/A in net net53.
[EST-0026] Missing route to pin _2705_/X in net net53.
[EST-0026] Missing route to pin output53/A in net net53.
[EST-0026] Missing route to pin _2705_/X in net net53.
[EST-0026] Missing route to pin output54/A in net net54.
[EST-0026] Missing route to pin _5279_/Q in net net54.
[EST-0026] Missing route to pin _4857_/A1 in net net54.
[EST-0026] Missing route to pin _3255_/A in net net54.
[EST-0026] Missing route to pin output54/A in net net54.
[EST-0026] Missing route to pin _5279_/Q in net net54.
[EST-0026] Missing route to pin _4857_/A1 in net net54.
[EST-0026] Missing route to pin _3255_/A in net net54.
[EST-0026] Missing route to pin output54/A in net net54.
[EST-0026] Missing route to pin _5279_/Q in net net54.
[EST-0026] Missing route to pin _4857_/A1 in net net54.
[EST-0026] Missing route to pin _3255_/A in net net54.
[EST-0026] Missing route to pin output54/A in net net54.
[EST-0026] Missing route to pin _5279_/Q in net net54.
[EST-0026] Missing route to pin _4857_/A1 in net net54.
[EST-0026] Missing route to pin _3255_/A in net net54.
[EST-0026] Missing route to pin output54/A in net net54.
[EST-0026] Missing route to pin _5279_/Q in net net54.
[EST-0026] Missing route to pin _4857_/A1 in net net54.
[EST-0026] Missing route to pin _3255_/A in net net54.
[EST-0026] Missing route to pin output54/A in net net54.
[EST-0026] Missing route to pin _5279_/Q in net net54.
[EST-0026] Missing route to pin _4857_/A1 in net net54.
[EST-0026] Missing route to pin _3255_/A in net net54.
[EST-0026] Missing route to pin output54/A in net net54.
[EST-0026] Missing route to pin _5279_/Q in net net54.
[EST-0026] Missing route to pin _4857_/A1 in net net54.
[EST-0026] Missing route to pin _3255_/A in net net54.
[EST-0026] Missing route to pin output54/A in net net54.
[EST-0026] Missing route to pin _5279_/Q in net net54.
[EST-0026] Missing route to pin _4857_/A1 in net net54.
[EST-0026] Missing route to pin _3255_/A in net net54.
[EST-0026] Missing route to pin output54/A in net net54.
[EST-0026] Missing route to pin _5279_/Q in net net54.
[EST-0026] Missing route to pin _4857_/A1 in net net54.
[EST-0026] Missing route to pin _3255_/A in net net54.
[EST-0026] Missing route to pin _5156_/Q in net IMM\[0\].
[EST-0026] Missing route to pin _4728_/A in net IMM\[0\].
[EST-0026] Missing route to pin _4727_/A in net IMM\[0\].
[EST-0026] Missing route to pin _4288_/B in net IMM\[0\].
[EST-0026] Missing route to pin _4283_/A2 in net IMM\[0\].
[EST-0026] Missing route to pin _4282_/C in net IMM\[0\].
[EST-0026] Missing route to pin _3817_/A in net IMM\[0\].
[EST-0026] Missing route to pin _3757_/A0 in net IMM\[0\].
[EST-0026] Missing route to pin _3557_/A0 in net IMM\[0\].
[EST-0026] Missing route to pin _3533_/A1 in net IMM\[0\].
[EST-0026] Missing route to pin _3391_/A1 in net IMM\[0\].
[EST-0026] Missing route to pin _3385_/A1 in net IMM\[0\].
[EST-0026] Missing route to pin _3384_/A in net IMM\[0\].
[EST-0026] Missing route to pin _3379_/A in net IMM\[0\].
[EST-0026] Missing route to pin _3319_/A1 in net IMM\[0\].
[EST-0026] Missing route to pin _2858_/A in net IMM\[0\].
[EST-0026] Missing route to pin _2612_/A in net IMM\[0\].
[EST-0026] Missing route to pin _5156_/Q in net IMM\[0\].
[EST-0026] Missing route to pin _4728_/A in net IMM\[0\].
[EST-0026] Missing route to pin _4727_/A in net IMM\[0\].
[EST-0026] Missing route to pin _4288_/B in net IMM\[0\].
[EST-0026] Missing route to pin _4283_/A2 in net IMM\[0\].
[EST-0026] Missing route to pin _4282_/C in net IMM\[0\].
[EST-0026] Missing route to pin _3817_/A in net IMM\[0\].
[EST-0026] Missing route to pin _3757_/A0 in net IMM\[0\].
[EST-0026] Missing route to pin _3557_/A0 in net IMM\[0\].
[EST-0026] Missing route to pin _3533_/A1 in net IMM\[0\].
[EST-0026] Missing route to pin _3391_/A1 in net IMM\[0\].
[EST-0026] Missing route to pin _3385_/A1 in net IMM\[0\].
[EST-0026] Missing route to pin _3384_/A in net IMM\[0\].
[EST-0026] Missing route to pin _3379_/A in net IMM\[0\].
[EST-0026] Missing route to pin _3319_/A1 in net IMM\[0\].
[EST-0026] Missing route to pin _2858_/A in net IMM\[0\].
[EST-0026] Missing route to pin _2612_/A in net IMM\[0\].
[EST-0026] Missing route to pin _5156_/Q in net IMM\[0\].
[EST-0026] Missing route to pin _4728_/A in net IMM\[0\].
[EST-0026] Missing route to pin _4727_/A in net IMM\[0\].
[EST-0026] Missing route to pin _4288_/B in net IMM\[0\].
[EST-0026] Missing route to pin _4283_/A2 in net IMM\[0\].
[EST-0026] Missing route to pin _4282_/C in net IMM\[0\].
[EST-0026] Missing route to pin _3817_/A in net IMM\[0\].
[EST-0026] Missing route to pin _3757_/A0 in net IMM\[0\].
[EST-0026] Missing route to pin _3557_/A0 in net IMM\[0\].
[EST-0026] Missing route to pin _3533_/A1 in net IMM\[0\].
[EST-0026] Missing route to pin _3391_/A1 in net IMM\[0\].
[EST-0026] Missing route to pin _3385_/A1 in net IMM\[0\].
[EST-0026] Missing route to pin _3384_/A in net IMM\[0\].
[EST-0026] Missing route to pin _3379_/A in net IMM\[0\].
[EST-0026] Missing route to pin _3319_/A1 in net IMM\[0\].
[EST-0026] Missing route to pin _2858_/A in net IMM\[0\].
[EST-0026] Missing route to pin _2612_/A in net IMM\[0\].
[EST-0026] Missing route to pin _5156_/Q in net IMM\[0\].
[EST-0026] Missing route to pin _4728_/A in net IMM\[0\].
[EST-0026] Missing route to pin _4727_/A in net IMM\[0\].
[EST-0026] Missing route to pin _4288_/B in net IMM\[0\].
[EST-0026] Missing route to pin _4283_/A2 in net IMM\[0\].
[EST-0026] Missing route to pin _4282_/C in net IMM\[0\].
[EST-0026] Missing route to pin _3817_/A in net IMM\[0\].
[EST-0026] Missing route to pin _3757_/A0 in net IMM\[0\].
[EST-0026] Missing route to pin _3557_/A0 in net IMM\[0\].
[EST-0026] Missing route to pin _3533_/A1 in net IMM\[0\].
[EST-0026] Missing route to pin _3391_/A1 in net IMM\[0\].
[EST-0026] Missing route to pin _3385_/A1 in net IMM\[0\].
[EST-0026] Missing route to pin _3384_/A in net IMM\[0\].
[EST-0026] Missing route to pin _3379_/A in net IMM\[0\].
[EST-0026] Missing route to pin _3319_/A1 in net IMM\[0\].
[EST-0026] Missing route to pin _2858_/A in net IMM\[0\].
[EST-0026] Missing route to pin _2612_/A in net IMM\[0\].
[EST-0026] Missing route to pin _5156_/Q in net IMM\[0\].
[EST-0026] Missing route to pin _4728_/A in net IMM\[0\].
[EST-0026] Missing route to pin _4727_/A in net IMM\[0\].
[EST-0026] Missing route to pin _4288_/B in net IMM\[0\].
[EST-0026] Missing route to pin _4283_/A2 in net IMM\[0\].
[EST-0026] Missing route to pin _4282_/C in net IMM\[0\].
[EST-0026] Missing route to pin _3817_/A in net IMM\[0\].
[EST-0026] Missing route to pin _3757_/A0 in net IMM\[0\].
[EST-0026] Missing route to pin _3557_/A0 in net IMM\[0\].
[EST-0026] Missing route to pin _3533_/A1 in net IMM\[0\].
[EST-0026] Missing route to pin _3391_/A1 in net IMM\[0\].
[EST-0026] Missing route to pin _3385_/A1 in net IMM\[0\].
[EST-0026] Missing route to pin _3384_/A in net IMM\[0\].
[EST-0026] Missing route to pin _3379_/A in net IMM\[0\].
[EST-0026] Missing route to pin _3319_/A1 in net IMM\[0\].
[EST-0026] Missing route to pin _2858_/A in net IMM\[0\].
[EST-0026] Missing route to pin _2612_/A in net IMM\[0\].
[EST-0026] Missing route to pin _5156_/Q in net IMM\[0\].
[EST-0026] Missing route to pin _4728_/A in net IMM\[0\].
[EST-0026] Missing route to pin _4727_/A in net IMM\[0\].
[EST-0026] Missing route to pin _4288_/B in net IMM\[0\].
[EST-0026] Missing route to pin _4283_/A2 in net IMM\[0\].
[EST-0026] Missing route to pin _4282_/C in net IMM\[0\].
[EST-0026] Missing route to pin _3817_/A in net IMM\[0\].
[EST-0026] Missing route to pin _3757_/A0 in net IMM\[0\].
[EST-0026] Missing route to pin _3557_/A0 in net IMM\[0\].
[EST-0026] Missing route to pin _3533_/A1 in net IMM\[0\].
[EST-0026] Missing route to pin _3391_/A1 in net IMM\[0\].
[EST-0026] Missing route to pin _3385_/A1 in net IMM\[0\].
[EST-0026] Missing route to pin _3384_/A in net IMM\[0\].
[EST-0026] Missing route to pin _3379_/A in net IMM\[0\].
[EST-0026] Missing route to pin _3319_/A1 in net IMM\[0\].
[EST-0026] Missing route to pin _2858_/A in net IMM\[0\].
[EST-0026] Missing route to pin _2612_/A in net IMM\[0\].
[EST-0026] Missing route to pin _5156_/Q in net IMM\[0\].
[EST-0026] Missing route to pin _4728_/A in net IMM\[0\].
[EST-0026] Missing route to pin _4727_/A in net IMM\[0\].
[EST-0026] Missing route to pin _4288_/B in net IMM\[0\].
[EST-0026] Missing route to pin _4283_/A2 in net IMM\[0\].
[EST-0026] Missing route to pin _4282_/C in net IMM\[0\].
[EST-0026] Missing route to pin _3817_/A in net IMM\[0\].
[EST-0026] Missing route to pin _3757_/A0 in net IMM\[0\].
[EST-0026] Missing route to pin _3557_/A0 in net IMM\[0\].
[EST-0026] Missing route to pin _3533_/A1 in net IMM\[0\].
[EST-0026] Missing route to pin _3391_/A1 in net IMM\[0\].
[EST-0026] Missing route to pin _3385_/A1 in net IMM\[0\].
[EST-0026] Missing route to pin _3384_/A in net IMM\[0\].
[EST-0026] Missing route to pin _3379_/A in net IMM\[0\].
[EST-0026] Missing route to pin _3319_/A1 in net IMM\[0\].
[EST-0026] Missing route to pin _2858_/A in net IMM\[0\].
[EST-0026] Missing route to pin _2612_/A in net IMM\[0\].
[EST-0026] Missing route to pin _5156_/Q in net IMM\[0\].
[EST-0026] Missing route to pin _4728_/A in net IMM\[0\].
[EST-0026] Missing route to pin _4727_/A in net IMM\[0\].
[EST-0026] Missing route to pin _4288_/B in net IMM\[0\].
[EST-0026] Missing route to pin _4283_/A2 in net IMM\[0\].
[EST-0026] Missing route to pin _4282_/C in net IMM\[0\].
[EST-0026] Missing route to pin _3817_/A in net IMM\[0\].
[EST-0026] Missing route to pin _3757_/A0 in net IMM\[0\].
[EST-0026] Missing route to pin _3557_/A0 in net IMM\[0\].
[EST-0026] Missing route to pin _3533_/A1 in net IMM\[0\].
[EST-0026] Missing route to pin _3391_/A1 in net IMM\[0\].
[EST-0026] Missing route to pin _3385_/A1 in net IMM\[0\].
[EST-0026] Missing route to pin _3384_/A in net IMM\[0\].
[EST-0026] Missing route to pin _3379_/A in net IMM\[0\].
[EST-0026] Missing route to pin _3319_/A1 in net IMM\[0\].
[EST-0026] Missing route to pin _2858_/A in net IMM\[0\].
[EST-0026] Missing route to pin _2612_/A in net IMM\[0\].
[EST-0026] Missing route to pin _5156_/Q in net IMM\[0\].
[EST-0026] Missing route to pin _4728_/A in net IMM\[0\].
[EST-0026] Missing route to pin _4727_/A in net IMM\[0\].
[EST-0026] Missing route to pin _4288_/B in net IMM\[0\].
[EST-0026] Missing route to pin _4283_/A2 in net IMM\[0\].
[EST-0026] Missing route to pin _4282_/C in net IMM\[0\].
[EST-0026] Missing route to pin _3817_/A in net IMM\[0\].
[EST-0026] Missing route to pin _3757_/A0 in net IMM\[0\].
[EST-0026] Missing route to pin _3557_/A0 in net IMM\[0\].
[EST-0026] Missing route to pin _3533_/A1 in net IMM\[0\].
[EST-0026] Missing route to pin _3391_/A1 in net IMM\[0\].
[EST-0026] Missing route to pin _3385_/A1 in net IMM\[0\].
[EST-0026] Missing route to pin _3384_/A in net IMM\[0\].
[EST-0026] Missing route to pin _3379_/A in net IMM\[0\].
[EST-0026] Missing route to pin _3319_/A1 in net IMM\[0\].
[EST-0026] Missing route to pin _2858_/A in net IMM\[0\].
[EST-0026] Missing route to pin _2612_/A in net IMM\[0\].
[EST-0026] Missing route to pin _5166_/Q in net IMM\[10\].
[EST-0026] Missing route to pin _4799_/A in net IMM\[10\].
[EST-0026] Missing route to pin _4798_/A in net IMM\[10\].
[EST-0026] Missing route to pin _3834_/A in net IMM\[10\].
[EST-0026] Missing route to pin _3453_/A in net IMM\[10\].
[EST-0026] Missing route to pin _3452_/A in net IMM\[10\].
[EST-0026] Missing route to pin _3337_/A1 in net IMM\[10\].
[EST-0026] Missing route to pin _2681_/A in net IMM\[10\].
[EST-0026] Missing route to pin _2680_/A in net IMM\[10\].
[EST-0026] Missing route to pin _5166_/Q in net IMM\[10\].
[EST-0026] Missing route to pin _4799_/A in net IMM\[10\].
[EST-0026] Missing route to pin _4798_/A in net IMM\[10\].
[EST-0026] Missing route to pin _3834_/A in net IMM\[10\].
[EST-0026] Missing route to pin _3453_/A in net IMM\[10\].
[EST-0026] Missing route to pin _3452_/A in net IMM\[10\].
[EST-0026] Missing route to pin _3337_/A1 in net IMM\[10\].
[EST-0026] Missing route to pin _2681_/A in net IMM\[10\].
[EST-0026] Missing route to pin _2680_/A in net IMM\[10\].
[EST-0026] Missing route to pin _5166_/Q in net IMM\[10\].
[EST-0026] Missing route to pin _4799_/A in net IMM\[10\].
[EST-0026] Missing route to pin _4798_/A in net IMM\[10\].
[EST-0026] Missing route to pin _3834_/A in net IMM\[10\].
[EST-0026] Missing route to pin _3453_/A in net IMM\[10\].
[EST-0026] Missing route to pin _3452_/A in net IMM\[10\].
[EST-0026] Missing route to pin _3337_/A1 in net IMM\[10\].
[EST-0026] Missing route to pin _2681_/A in net IMM\[10\].
[EST-0026] Missing route to pin _2680_/A in net IMM\[10\].
[EST-0026] Missing route to pin _5166_/Q in net IMM\[10\].
[EST-0026] Missing route to pin _4799_/A in net IMM\[10\].
[EST-0026] Missing route to pin _4798_/A in net IMM\[10\].
[EST-0026] Missing route to pin _3834_/A in net IMM\[10\].
[EST-0026] Missing route to pin _3453_/A in net IMM\[10\].
[EST-0026] Missing route to pin _3452_/A in net IMM\[10\].
[EST-0026] Missing route to pin _3337_/A1 in net IMM\[10\].
[EST-0026] Missing route to pin _2681_/A in net IMM\[10\].
[EST-0026] Missing route to pin _2680_/A in net IMM\[10\].
[EST-0026] Missing route to pin _5166_/Q in net IMM\[10\].
[EST-0026] Missing route to pin _4799_/A in net IMM\[10\].
[EST-0026] Missing route to pin _4798_/A in net IMM\[10\].
[EST-0026] Missing route to pin _3834_/A in net IMM\[10\].
[EST-0026] Missing route to pin _3453_/A in net IMM\[10\].
[EST-0026] Missing route to pin _3452_/A in net IMM\[10\].
[EST-0026] Missing route to pin _3337_/A1 in net IMM\[10\].
[EST-0026] Missing route to pin _2681_/A in net IMM\[10\].
[EST-0026] Missing route to pin _2680_/A in net IMM\[10\].
[EST-0026] Missing route to pin _5166_/Q in net IMM\[10\].
[EST-0026] Missing route to pin _4799_/A in net IMM\[10\].
[EST-0026] Missing route to pin _4798_/A in net IMM\[10\].
[EST-0026] Missing route to pin _3834_/A in net IMM\[10\].
[EST-0026] Missing route to pin _3453_/A in net IMM\[10\].
[EST-0026] Missing route to pin _3452_/A in net IMM\[10\].
[EST-0026] Missing route to pin _3337_/A1 in net IMM\[10\].
[EST-0026] Missing route to pin _2681_/A in net IMM\[10\].
[EST-0026] Missing route to pin _2680_/A in net IMM\[10\].
[EST-0026] Missing route to pin _5166_/Q in net IMM\[10\].
[EST-0026] Missing route to pin _4799_/A in net IMM\[10\].
[EST-0026] Missing route to pin _4798_/A in net IMM\[10\].
[EST-0026] Missing route to pin _3834_/A in net IMM\[10\].
[EST-0026] Missing route to pin _3453_/A in net IMM\[10\].
[EST-0026] Missing route to pin _3452_/A in net IMM\[10\].
[EST-0026] Missing route to pin _3337_/A1 in net IMM\[10\].
[EST-0026] Missing route to pin _2681_/A in net IMM\[10\].
[EST-0026] Missing route to pin _2680_/A in net IMM\[10\].
[EST-0026] Missing route to pin _5166_/Q in net IMM\[10\].
[EST-0026] Missing route to pin _4799_/A in net IMM\[10\].
[EST-0026] Missing route to pin _4798_/A in net IMM\[10\].
[EST-0026] Missing route to pin _3834_/A in net IMM\[10\].
[EST-0026] Missing route to pin _3453_/A in net IMM\[10\].
[EST-0026] Missing route to pin _3452_/A in net IMM\[10\].
[EST-0026] Missing route to pin _3337_/A1 in net IMM\[10\].
[EST-0026] Missing route to pin _2681_/A in net IMM\[10\].
[EST-0026] Missing route to pin _2680_/A in net IMM\[10\].
[EST-0026] Missing route to pin _5166_/Q in net IMM\[10\].
[EST-0026] Missing route to pin _4799_/A in net IMM\[10\].
[EST-0026] Missing route to pin _4798_/A in net IMM\[10\].
[EST-0026] Missing route to pin _3834_/A in net IMM\[10\].
[EST-0026] Missing route to pin _3453_/A in net IMM\[10\].
[EST-0026] Missing route to pin _3452_/A in net IMM\[10\].
[EST-0026] Missing route to pin _3337_/A1 in net IMM\[10\].
[EST-0026] Missing route to pin _2681_/A in net IMM\[10\].
[EST-0026] Missing route to pin _2680_/A in net IMM\[10\].
[EST-0026] Missing route to pin _5167_/Q in net IMM\[11\].
[EST-0026] Missing route to pin _4808_/A in net IMM\[11\].
[EST-0026] Missing route to pin _4806_/A in net IMM\[11\].
[EST-0026] Missing route to pin _3840_/A in net IMM\[11\].
[EST-0026] Missing route to pin _3461_/A in net IMM\[11\].
[EST-0026] Missing route to pin _3460_/A in net IMM\[11\].
[EST-0026] Missing route to pin _3339_/A1 in net IMM\[11\].
[EST-0026] Missing route to pin _2668_/A in net IMM\[11\].
[EST-0026] Missing route to pin _2667_/A in net IMM\[11\].
[EST-0026] Missing route to pin _5167_/Q in net IMM\[11\].
[EST-0026] Missing route to pin _4808_/A in net IMM\[11\].
[EST-0026] Missing route to pin _4806_/A in net IMM\[11\].
[EST-0026] Missing route to pin _3840_/A in net IMM\[11\].
[EST-0026] Missing route to pin _3461_/A in net IMM\[11\].
[EST-0026] Missing route to pin _3460_/A in net IMM\[11\].
[EST-0026] Missing route to pin _3339_/A1 in net IMM\[11\].
[EST-0026] Missing route to pin _2668_/A in net IMM\[11\].
[EST-0026] Missing route to pin _2667_/A in net IMM\[11\].
[EST-0026] Missing route to pin _5167_/Q in net IMM\[11\].
[EST-0026] Missing route to pin _4808_/A in net IMM\[11\].
[EST-0026] Missing route to pin _4806_/A in net IMM\[11\].
[EST-0026] Missing route to pin _3840_/A in net IMM\[11\].
[EST-0026] Missing route to pin _3461_/A in net IMM\[11\].
[EST-0026] Missing route to pin _3460_/A in net IMM\[11\].
[EST-0026] Missing route to pin _3339_/A1 in net IMM\[11\].
[EST-0026] Missing route to pin _2668_/A in net IMM\[11\].
[EST-0026] Missing route to pin _2667_/A in net IMM\[11\].
[EST-0026] Missing route to pin _5167_/Q in net IMM\[11\].
[EST-0026] Missing route to pin _4808_/A in net IMM\[11\].
[EST-0026] Missing route to pin _4806_/A in net IMM\[11\].
[EST-0026] Missing route to pin _3840_/A in net IMM\[11\].
[EST-0026] Missing route to pin _3461_/A in net IMM\[11\].
[EST-0026] Missing route to pin _3460_/A in net IMM\[11\].
[EST-0026] Missing route to pin _3339_/A1 in net IMM\[11\].
[EST-0026] Missing route to pin _2668_/A in net IMM\[11\].
[EST-0026] Missing route to pin _2667_/A in net IMM\[11\].
[EST-0026] Missing route to pin _5167_/Q in net IMM\[11\].
[EST-0026] Missing route to pin _4808_/A in net IMM\[11\].
[EST-0026] Missing route to pin _4806_/A in net IMM\[11\].
[EST-0026] Missing route to pin _3840_/A in net IMM\[11\].
[EST-0026] Missing route to pin _3461_/A in net IMM\[11\].
[EST-0026] Missing route to pin _3460_/A in net IMM\[11\].
[EST-0026] Missing route to pin _3339_/A1 in net IMM\[11\].
[EST-0026] Missing route to pin _2668_/A in net IMM\[11\].
[EST-0026] Missing route to pin _2667_/A in net IMM\[11\].
[EST-0026] Missing route to pin _5167_/Q in net IMM\[11\].
[EST-0026] Missing route to pin _4808_/A in net IMM\[11\].
[EST-0026] Missing route to pin _4806_/A in net IMM\[11\].
[EST-0026] Missing route to pin _3840_/A in net IMM\[11\].
[EST-0026] Missing route to pin _3461_/A in net IMM\[11\].
[EST-0026] Missing route to pin _3460_/A in net IMM\[11\].
[EST-0026] Missing route to pin _3339_/A1 in net IMM\[11\].
[EST-0026] Missing route to pin _2668_/A in net IMM\[11\].
[EST-0026] Missing route to pin _2667_/A in net IMM\[11\].
[EST-0026] Missing route to pin _5167_/Q in net IMM\[11\].
[EST-0026] Missing route to pin _4808_/A in net IMM\[11\].
[EST-0026] Missing route to pin _4806_/A in net IMM\[11\].
[EST-0026] Missing route to pin _3840_/A in net IMM\[11\].
[EST-0026] Missing route to pin _3461_/A in net IMM\[11\].
[EST-0026] Missing route to pin _3460_/A in net IMM\[11\].
[EST-0026] Missing route to pin _3339_/A1 in net IMM\[11\].
[EST-0026] Missing route to pin _2668_/A in net IMM\[11\].
[EST-0026] Missing route to pin _2667_/A in net IMM\[11\].
[EST-0026] Missing route to pin _5167_/Q in net IMM\[11\].
[EST-0026] Missing route to pin _4808_/A in net IMM\[11\].
[EST-0026] Missing route to pin _4806_/A in net IMM\[11\].
[EST-0026] Missing route to pin _3840_/A in net IMM\[11\].
[EST-0026] Missing route to pin _3461_/A in net IMM\[11\].
[EST-0026] Missing route to pin _3460_/A in net IMM\[11\].
[EST-0026] Missing route to pin _3339_/A1 in net IMM\[11\].
[EST-0026] Missing route to pin _2668_/A in net IMM\[11\].
[EST-0026] Missing route to pin _2667_/A in net IMM\[11\].
[EST-0026] Missing route to pin _5167_/Q in net IMM\[11\].
[EST-0026] Missing route to pin _4808_/A in net IMM\[11\].
[EST-0026] Missing route to pin _4806_/A in net IMM\[11\].
[EST-0026] Missing route to pin _3840_/A in net IMM\[11\].
[EST-0026] Missing route to pin _3461_/A in net IMM\[11\].
[EST-0026] Missing route to pin _3460_/A in net IMM\[11\].
[EST-0026] Missing route to pin _3339_/A1 in net IMM\[11\].
[EST-0026] Missing route to pin _2668_/A in net IMM\[11\].
[EST-0026] Missing route to pin _2667_/A in net IMM\[11\].
[EST-0026] Missing route to pin _5168_/Q in net IMM\[12\].
[EST-0026] Missing route to pin _4859_/A1 in net IMM\[12\].
[EST-0026] Missing route to pin _4820_/A in net IMM\[12\].
[EST-0026] Missing route to pin _4819_/A in net IMM\[12\].
[EST-0026] Missing route to pin _3816_/A in net IMM\[12\].
[EST-0026] Missing route to pin _3468_/A in net IMM\[12\].
[EST-0026] Missing route to pin _3467_/A in net IMM\[12\].
[EST-0026] Missing route to pin _3240_/A1 in net IMM\[12\].
[EST-0026] Missing route to pin _2519_/A in net IMM\[12\].
[EST-0026] Missing route to pin _2518_/A in net IMM\[12\].
[EST-0026] Missing route to pin _2517_/A in net IMM\[12\].
[EST-0026] Missing route to pin _5168_/Q in net IMM\[12\].
[EST-0026] Missing route to pin _4859_/A1 in net IMM\[12\].
[EST-0026] Missing route to pin _4820_/A in net IMM\[12\].
[EST-0026] Missing route to pin _4819_/A in net IMM\[12\].
[EST-0026] Missing route to pin _3816_/A in net IMM\[12\].
[EST-0026] Missing route to pin _3468_/A in net IMM\[12\].
[EST-0026] Missing route to pin _3467_/A in net IMM\[12\].
[EST-0026] Missing route to pin _3240_/A1 in net IMM\[12\].
[EST-0026] Missing route to pin _2519_/A in net IMM\[12\].
[EST-0026] Missing route to pin _2518_/A in net IMM\[12\].
[EST-0026] Missing route to pin _2517_/A in net IMM\[12\].
[EST-0026] Missing route to pin _5168_/Q in net IMM\[12\].
[EST-0026] Missing route to pin _4859_/A1 in net IMM\[12\].
[EST-0026] Missing route to pin _4820_/A in net IMM\[12\].
[EST-0026] Missing route to pin _4819_/A in net IMM\[12\].
[EST-0026] Missing route to pin _3816_/A in net IMM\[12\].
[EST-0026] Missing route to pin _3468_/A in net IMM\[12\].
[EST-0026] Missing route to pin _3467_/A in net IMM\[12\].
[EST-0026] Missing route to pin _3240_/A1 in net IMM\[12\].
[EST-0026] Missing route to pin _2519_/A in net IMM\[12\].
[EST-0026] Missing route to pin _2518_/A in net IMM\[12\].
[EST-0026] Missing route to pin _2517_/A in net IMM\[12\].
[EST-0026] Missing route to pin _5168_/Q in net IMM\[12\].
[EST-0026] Missing route to pin _4859_/A1 in net IMM\[12\].
[EST-0026] Missing route to pin _4820_/A in net IMM\[12\].
[EST-0026] Missing route to pin _4819_/A in net IMM\[12\].
[EST-0026] Missing route to pin _3816_/A in net IMM\[12\].
[EST-0026] Missing route to pin _3468_/A in net IMM\[12\].
[EST-0026] Missing route to pin _3467_/A in net IMM\[12\].
[EST-0026] Missing route to pin _3240_/A1 in net IMM\[12\].
[EST-0026] Missing route to pin _2519_/A in net IMM\[12\].
[EST-0026] Missing route to pin _2518_/A in net IMM\[12\].
[EST-0026] Missing route to pin _2517_/A in net IMM\[12\].
[EST-0026] Missing route to pin _5168_/Q in net IMM\[12\].
[EST-0026] Missing route to pin _4859_/A1 in net IMM\[12\].
[EST-0026] Missing route to pin _4820_/A in net IMM\[12\].
[EST-0026] Missing route to pin _4819_/A in net IMM\[12\].
[EST-0026] Missing route to pin _3816_/A in net IMM\[12\].
[EST-0026] Missing route to pin _3468_/A in net IMM\[12\].
[EST-0026] Missing route to pin _3467_/A in net IMM\[12\].
[EST-0026] Missing route to pin _3240_/A1 in net IMM\[12\].
[EST-0026] Missing route to pin _2519_/A in net IMM\[12\].
[EST-0026] Missing route to pin _2518_/A in net IMM\[12\].
[EST-0026] Missing route to pin _2517_/A in net IMM\[12\].
[EST-0026] Missing route to pin _5168_/Q in net IMM\[12\].
[EST-0026] Missing route to pin _4859_/A1 in net IMM\[12\].
[EST-0026] Missing route to pin _4820_/A in net IMM\[12\].
[EST-0026] Missing route to pin _4819_/A in net IMM\[12\].
[EST-0026] Missing route to pin _3816_/A in net IMM\[12\].
[EST-0026] Missing route to pin _3468_/A in net IMM\[12\].
[EST-0026] Missing route to pin _3467_/A in net IMM\[12\].
[EST-0026] Missing route to pin _3240_/A1 in net IMM\[12\].
[EST-0026] Missing route to pin _2519_/A in net IMM\[12\].
[EST-0026] Missing route to pin _2518_/A in net IMM\[12\].
[EST-0026] Missing route to pin _2517_/A in net IMM\[12\].
[EST-0026] Missing route to pin _5168_/Q in net IMM\[12\].
[EST-0026] Missing route to pin _4859_/A1 in net IMM\[12\].
[EST-0026] Missing route to pin _4820_/A in net IMM\[12\].
[EST-0026] Missing route to pin _4819_/A in net IMM\[12\].
[EST-0026] Missing route to pin _3816_/A in net IMM\[12\].
[EST-0026] Missing route to pin _3468_/A in net IMM\[12\].
[EST-0026] Missing route to pin _3467_/A in net IMM\[12\].
[EST-0026] Missing route to pin _3240_/A1 in net IMM\[12\].
[EST-0026] Missing route to pin _2519_/A in net IMM\[12\].
[EST-0026] Missing route to pin _2518_/A in net IMM\[12\].
[EST-0026] Missing route to pin _2517_/A in net IMM\[12\].
[EST-0026] Missing route to pin _5168_/Q in net IMM\[12\].
[EST-0026] Missing route to pin _4859_/A1 in net IMM\[12\].
[EST-0026] Missing route to pin _4820_/A in net IMM\[12\].
[EST-0026] Missing route to pin _4819_/A in net IMM\[12\].
[EST-0026] Missing route to pin _3816_/A in net IMM\[12\].
[EST-0026] Missing route to pin _3468_/A in net IMM\[12\].
[EST-0026] Missing route to pin _3467_/A in net IMM\[12\].
[EST-0026] Missing route to pin _3240_/A1 in net IMM\[12\].
[EST-0026] Missing route to pin _2519_/A in net IMM\[12\].
[EST-0026] Missing route to pin _2518_/A in net IMM\[12\].
[EST-0026] Missing route to pin _2517_/A in net IMM\[12\].
[EST-0026] Missing route to pin _5168_/Q in net IMM\[12\].
[EST-0026] Missing route to pin _4859_/A1 in net IMM\[12\].
[EST-0026] Missing route to pin _4820_/A in net IMM\[12\].
[EST-0026] Missing route to pin _4819_/A in net IMM\[12\].
[EST-0026] Missing route to pin _3816_/A in net IMM\[12\].
[EST-0026] Missing route to pin _3468_/A in net IMM\[12\].
[EST-0026] Missing route to pin _3467_/A in net IMM\[12\].
[EST-0026] Missing route to pin _3240_/A1 in net IMM\[12\].
[EST-0026] Missing route to pin _2519_/A in net IMM\[12\].
[EST-0026] Missing route to pin _2518_/A in net IMM\[12\].
[EST-0026] Missing route to pin _2517_/A in net IMM\[12\].
[EST-0026] Missing route to pin _5169_/Q in net IMM\[13\].
[EST-0026] Missing route to pin _4860_/A1 in net IMM\[13\].
[EST-0026] Missing route to pin _4828_/A in net IMM\[13\].
[EST-0026] Missing route to pin _4826_/A in net IMM\[13\].
[EST-0026] Missing route to pin _3814_/A in net IMM\[13\].
[EST-0026] Missing route to pin _3477_/A in net IMM\[13\].
[EST-0026] Missing route to pin _3476_/A in net IMM\[13\].
[EST-0026] Missing route to pin _3242_/A1 in net IMM\[13\].
[EST-0026] Missing route to pin _2507_/A in net IMM\[13\].
[EST-0026] Missing route to pin _2505_/A in net IMM\[13\].
[EST-0026] Missing route to pin _5169_/Q in net IMM\[13\].
[EST-0026] Missing route to pin _4860_/A1 in net IMM\[13\].
[EST-0026] Missing route to pin _4828_/A in net IMM\[13\].
[EST-0026] Missing route to pin _4826_/A in net IMM\[13\].
[EST-0026] Missing route to pin _3814_/A in net IMM\[13\].
[EST-0026] Missing route to pin _3477_/A in net IMM\[13\].
[EST-0026] Missing route to pin _3476_/A in net IMM\[13\].
[EST-0026] Missing route to pin _3242_/A1 in net IMM\[13\].
[EST-0026] Missing route to pin _2507_/A in net IMM\[13\].
[EST-0026] Missing route to pin _2505_/A in net IMM\[13\].
[EST-0026] Missing route to pin _5169_/Q in net IMM\[13\].
[EST-0026] Missing route to pin _4860_/A1 in net IMM\[13\].
[EST-0026] Missing route to pin _4828_/A in net IMM\[13\].
[EST-0026] Missing route to pin _4826_/A in net IMM\[13\].
[EST-0026] Missing route to pin _3814_/A in net IMM\[13\].
[EST-0026] Missing route to pin _3477_/A in net IMM\[13\].
[EST-0026] Missing route to pin _3476_/A in net IMM\[13\].
[EST-0026] Missing route to pin _3242_/A1 in net IMM\[13\].
[EST-0026] Missing route to pin _2507_/A in net IMM\[13\].
[EST-0026] Missing route to pin _2505_/A in net IMM\[13\].
[EST-0026] Missing route to pin _5169_/Q in net IMM\[13\].
[EST-0026] Missing route to pin _4860_/A1 in net IMM\[13\].
[EST-0026] Missing route to pin _4828_/A in net IMM\[13\].
[EST-0026] Missing route to pin _4826_/A in net IMM\[13\].
[EST-0026] Missing route to pin _3814_/A in net IMM\[13\].
[EST-0026] Missing route to pin _3477_/A in net IMM\[13\].
[EST-0026] Missing route to pin _3476_/A in net IMM\[13\].
[EST-0026] Missing route to pin _3242_/A1 in net IMM\[13\].
[EST-0026] Missing route to pin _2507_/A in net IMM\[13\].
[EST-0026] Missing route to pin _2505_/A in net IMM\[13\].
[EST-0026] Missing route to pin _5169_/Q in net IMM\[13\].
[EST-0026] Missing route to pin _4860_/A1 in net IMM\[13\].
[EST-0026] Missing route to pin _4828_/A in net IMM\[13\].
[EST-0026] Missing route to pin _4826_/A in net IMM\[13\].
[EST-0026] Missing route to pin _3814_/A in net IMM\[13\].
[EST-0026] Missing route to pin _3477_/A in net IMM\[13\].
[EST-0026] Missing route to pin _3476_/A in net IMM\[13\].
[EST-0026] Missing route to pin _3242_/A1 in net IMM\[13\].
[EST-0026] Missing route to pin _2507_/A in net IMM\[13\].
[EST-0026] Missing route to pin _2505_/A in net IMM\[13\].
[EST-0026] Missing route to pin _5169_/Q in net IMM\[13\].
[EST-0026] Missing route to pin _4860_/A1 in net IMM\[13\].
[EST-0026] Missing route to pin _4828_/A in net IMM\[13\].
[EST-0026] Missing route to pin _4826_/A in net IMM\[13\].
[EST-0026] Missing route to pin _3814_/A in net IMM\[13\].
[EST-0026] Missing route to pin _3477_/A in net IMM\[13\].
[EST-0026] Missing route to pin _3476_/A in net IMM\[13\].
[EST-0026] Missing route to pin _3242_/A1 in net IMM\[13\].
[EST-0026] Missing route to pin _2507_/A in net IMM\[13\].
[EST-0026] Missing route to pin _2505_/A in net IMM\[13\].
[EST-0026] Missing route to pin _5169_/Q in net IMM\[13\].
[EST-0026] Missing route to pin _4860_/A1 in net IMM\[13\].
[EST-0026] Missing route to pin _4828_/A in net IMM\[13\].
[EST-0026] Missing route to pin _4826_/A in net IMM\[13\].
[EST-0026] Missing route to pin _3814_/A in net IMM\[13\].
[EST-0026] Missing route to pin _3477_/A in net IMM\[13\].
[EST-0026] Missing route to pin _3476_/A in net IMM\[13\].
[EST-0026] Missing route to pin _3242_/A1 in net IMM\[13\].
[EST-0026] Missing route to pin _2507_/A in net IMM\[13\].
[EST-0026] Missing route to pin _2505_/A in net IMM\[13\].
[EST-0026] Missing route to pin _5169_/Q in net IMM\[13\].
[EST-0026] Missing route to pin _4860_/A1 in net IMM\[13\].
[EST-0026] Missing route to pin _4828_/A in net IMM\[13\].
[EST-0026] Missing route to pin _4826_/A in net IMM\[13\].
[EST-0026] Missing route to pin _3814_/A in net IMM\[13\].
[EST-0026] Missing route to pin _3477_/A in net IMM\[13\].
[EST-0026] Missing route to pin _3476_/A in net IMM\[13\].
[EST-0026] Missing route to pin _3242_/A1 in net IMM\[13\].
[EST-0026] Missing route to pin _2507_/A in net IMM\[13\].
[EST-0026] Missing route to pin _2505_/A in net IMM\[13\].
[EST-0026] Missing route to pin _5169_/Q in net IMM\[13\].
[EST-0026] Missing route to pin _4860_/A1 in net IMM\[13\].
[EST-0026] Missing route to pin _4828_/A in net IMM\[13\].
[EST-0026] Missing route to pin _4826_/A in net IMM\[13\].
[EST-0026] Missing route to pin _3814_/A in net IMM\[13\].
[EST-0026] Missing route to pin _3477_/A in net IMM\[13\].
[EST-0026] Missing route to pin _3476_/A in net IMM\[13\].
[EST-0026] Missing route to pin _3242_/A1 in net IMM\[13\].
[EST-0026] Missing route to pin _2507_/A in net IMM\[13\].
[EST-0026] Missing route to pin _2505_/A in net IMM\[13\].
[EST-0026] Missing route to pin _5170_/Q in net IMM\[14\].
[EST-0026] Missing route to pin _4861_/A1 in net IMM\[14\].
[EST-0026] Missing route to pin _4834_/A in net IMM\[14\].
[EST-0026] Missing route to pin _4833_/A in net IMM\[14\].
[EST-0026] Missing route to pin _3846_/A1 in net IMM\[14\].
[EST-0026] Missing route to pin _3484_/A in net IMM\[14\].
[EST-0026] Missing route to pin _3483_/A in net IMM\[14\].
[EST-0026] Missing route to pin _3244_/A1 in net IMM\[14\].
[EST-0026] Missing route to pin _2493_/A in net IMM\[14\].
[EST-0026] Missing route to pin _2492_/A in net IMM\[14\].
[EST-0026] Missing route to pin _5170_/Q in net IMM\[14\].
[EST-0026] Missing route to pin _4861_/A1 in net IMM\[14\].
[EST-0026] Missing route to pin _4834_/A in net IMM\[14\].
[EST-0026] Missing route to pin _4833_/A in net IMM\[14\].
[EST-0026] Missing route to pin _3846_/A1 in net IMM\[14\].
[EST-0026] Missing route to pin _3484_/A in net IMM\[14\].
[EST-0026] Missing route to pin _3483_/A in net IMM\[14\].
[EST-0026] Missing route to pin _3244_/A1 in net IMM\[14\].
[EST-0026] Missing route to pin _2493_/A in net IMM\[14\].
[EST-0026] Missing route to pin _2492_/A in net IMM\[14\].
[EST-0026] Missing route to pin _5170_/Q in net IMM\[14\].
[EST-0026] Missing route to pin _4861_/A1 in net IMM\[14\].
[EST-0026] Missing route to pin _4834_/A in net IMM\[14\].
[EST-0026] Missing route to pin _4833_/A in net IMM\[14\].
[EST-0026] Missing route to pin _3846_/A1 in net IMM\[14\].
[EST-0026] Missing route to pin _3484_/A in net IMM\[14\].
[EST-0026] Missing route to pin _3483_/A in net IMM\[14\].
[EST-0026] Missing route to pin _3244_/A1 in net IMM\[14\].
[EST-0026] Missing route to pin _2493_/A in net IMM\[14\].
[EST-0026] Missing route to pin _2492_/A in net IMM\[14\].
[EST-0026] Missing route to pin _5170_/Q in net IMM\[14\].
[EST-0026] Missing route to pin _4861_/A1 in net IMM\[14\].
[EST-0026] Missing route to pin _4834_/A in net IMM\[14\].
[EST-0026] Missing route to pin _4833_/A in net IMM\[14\].
[EST-0026] Missing route to pin _3846_/A1 in net IMM\[14\].
[EST-0026] Missing route to pin _3484_/A in net IMM\[14\].
[EST-0026] Missing route to pin _3483_/A in net IMM\[14\].
[EST-0026] Missing route to pin _3244_/A1 in net IMM\[14\].
[EST-0026] Missing route to pin _2493_/A in net IMM\[14\].
[EST-0026] Missing route to pin _2492_/A in net IMM\[14\].
[EST-0026] Missing route to pin _5170_/Q in net IMM\[14\].
[EST-0026] Missing route to pin _4861_/A1 in net IMM\[14\].
[EST-0026] Missing route to pin _4834_/A in net IMM\[14\].
[EST-0026] Missing route to pin _4833_/A in net IMM\[14\].
[EST-0026] Missing route to pin _3846_/A1 in net IMM\[14\].
[EST-0026] Missing route to pin _3484_/A in net IMM\[14\].
[EST-0026] Missing route to pin _3483_/A in net IMM\[14\].
[EST-0026] Missing route to pin _3244_/A1 in net IMM\[14\].
[EST-0026] Missing route to pin _2493_/A in net IMM\[14\].
[EST-0026] Missing route to pin _2492_/A in net IMM\[14\].
[EST-0026] Missing route to pin _5170_/Q in net IMM\[14\].
[EST-0026] Missing route to pin _4861_/A1 in net IMM\[14\].
[EST-0026] Missing route to pin _4834_/A in net IMM\[14\].
[EST-0026] Missing route to pin _4833_/A in net IMM\[14\].
[EST-0026] Missing route to pin _3846_/A1 in net IMM\[14\].
[EST-0026] Missing route to pin _3484_/A in net IMM\[14\].
[EST-0026] Missing route to pin _3483_/A in net IMM\[14\].
[EST-0026] Missing route to pin _3244_/A1 in net IMM\[14\].
[EST-0026] Missing route to pin _2493_/A in net IMM\[14\].
[EST-0026] Missing route to pin _2492_/A in net IMM\[14\].
[EST-0026] Missing route to pin _5170_/Q in net IMM\[14\].
[EST-0026] Missing route to pin _4861_/A1 in net IMM\[14\].
[EST-0026] Missing route to pin _4834_/A in net IMM\[14\].
[EST-0026] Missing route to pin _4833_/A in net IMM\[14\].
[EST-0026] Missing route to pin _3846_/A1 in net IMM\[14\].
[EST-0026] Missing route to pin _3484_/A in net IMM\[14\].
[EST-0026] Missing route to pin _3483_/A in net IMM\[14\].
[EST-0026] Missing route to pin _3244_/A1 in net IMM\[14\].
[EST-0026] Missing route to pin _2493_/A in net IMM\[14\].
[EST-0026] Missing route to pin _2492_/A in net IMM\[14\].
[EST-0026] Missing route to pin _5170_/Q in net IMM\[14\].
[EST-0026] Missing route to pin _4861_/A1 in net IMM\[14\].
[EST-0026] Missing route to pin _4834_/A in net IMM\[14\].
[EST-0026] Missing route to pin _4833_/A in net IMM\[14\].
[EST-0026] Missing route to pin _3846_/A1 in net IMM\[14\].
[EST-0026] Missing route to pin _3484_/A in net IMM\[14\].
[EST-0026] Missing route to pin _3483_/A in net IMM\[14\].
[EST-0026] Missing route to pin _3244_/A1 in net IMM\[14\].
[EST-0026] Missing route to pin _2493_/A in net IMM\[14\].
[EST-0026] Missing route to pin _2492_/A in net IMM\[14\].
[EST-0026] Missing route to pin _5170_/Q in net IMM\[14\].
[EST-0026] Missing route to pin _4861_/A1 in net IMM\[14\].
[EST-0026] Missing route to pin _4834_/A in net IMM\[14\].
[EST-0026] Missing route to pin _4833_/A in net IMM\[14\].
[EST-0026] Missing route to pin _3846_/A1 in net IMM\[14\].
[EST-0026] Missing route to pin _3484_/A in net IMM\[14\].
[EST-0026] Missing route to pin _3483_/A in net IMM\[14\].
[EST-0026] Missing route to pin _3244_/A1 in net IMM\[14\].
[EST-0026] Missing route to pin _2493_/A in net IMM\[14\].
[EST-0026] Missing route to pin _2492_/A in net IMM\[14\].
[EST-0026] Missing route to pin _5171_/Q in net IMM\[15\].
[EST-0026] Missing route to pin _4862_/A1 in net IMM\[15\].
[EST-0026] Missing route to pin _4842_/A in net IMM\[15\].
[EST-0026] Missing route to pin _4686_/A1 in net IMM\[15\].
[EST-0026] Missing route to pin _3945_/A1 in net IMM\[15\].
[EST-0026] Missing route to pin _3849_/A in net IMM\[15\].
[EST-0026] Missing route to pin _3491_/A in net IMM\[15\].
[EST-0026] Missing route to pin _3246_/A1 in net IMM\[15\].
[EST-0026] Missing route to pin _2481_/A in net IMM\[15\].
[EST-0026] Missing route to pin _2480_/A in net IMM\[15\].
[EST-0026] Missing route to pin _5171_/Q in net IMM\[15\].
[EST-0026] Missing route to pin _4862_/A1 in net IMM\[15\].
[EST-0026] Missing route to pin _4842_/A in net IMM\[15\].
[EST-0026] Missing route to pin _4686_/A1 in net IMM\[15\].
[EST-0026] Missing route to pin _3945_/A1 in net IMM\[15\].
[EST-0026] Missing route to pin _3849_/A in net IMM\[15\].
[EST-0026] Missing route to pin _3491_/A in net IMM\[15\].
[EST-0026] Missing route to pin _3246_/A1 in net IMM\[15\].
[EST-0026] Missing route to pin _2481_/A in net IMM\[15\].
[EST-0026] Missing route to pin _2480_/A in net IMM\[15\].
[EST-0026] Missing route to pin _5171_/Q in net IMM\[15\].
[EST-0026] Missing route to pin _4862_/A1 in net IMM\[15\].
[EST-0026] Missing route to pin _4842_/A in net IMM\[15\].
[EST-0026] Missing route to pin _4686_/A1 in net IMM\[15\].
[EST-0026] Missing route to pin _3945_/A1 in net IMM\[15\].
[EST-0026] Missing route to pin _3849_/A in net IMM\[15\].
[EST-0026] Missing route to pin _3491_/A in net IMM\[15\].
[EST-0026] Missing route to pin _3246_/A1 in net IMM\[15\].
[EST-0026] Missing route to pin _2481_/A in net IMM\[15\].
[EST-0026] Missing route to pin _2480_/A in net IMM\[15\].
[EST-0026] Missing route to pin _5171_/Q in net IMM\[15\].
[EST-0026] Missing route to pin _4862_/A1 in net IMM\[15\].
[EST-0026] Missing route to pin _4842_/A in net IMM\[15\].
[EST-0026] Missing route to pin _4686_/A1 in net IMM\[15\].
[EST-0026] Missing route to pin _3945_/A1 in net IMM\[15\].
[EST-0026] Missing route to pin _3849_/A in net IMM\[15\].
[EST-0026] Missing route to pin _3491_/A in net IMM\[15\].
[EST-0026] Missing route to pin _3246_/A1 in net IMM\[15\].
[EST-0026] Missing route to pin _2481_/A in net IMM\[15\].
[EST-0026] Missing route to pin _2480_/A in net IMM\[15\].
[EST-0026] Missing route to pin _5171_/Q in net IMM\[15\].
[EST-0026] Missing route to pin _4862_/A1 in net IMM\[15\].
[EST-0026] Missing route to pin _4842_/A in net IMM\[15\].
[EST-0026] Missing route to pin _4686_/A1 in net IMM\[15\].
[EST-0026] Missing route to pin _3945_/A1 in net IMM\[15\].
[EST-0026] Missing route to pin _3849_/A in net IMM\[15\].
[EST-0026] Missing route to pin _3491_/A in net IMM\[15\].
[EST-0026] Missing route to pin _3246_/A1 in net IMM\[15\].
[EST-0026] Missing route to pin _2481_/A in net IMM\[15\].
[EST-0026] Missing route to pin _2480_/A in net IMM\[15\].
[EST-0026] Missing route to pin _5171_/Q in net IMM\[15\].
[EST-0026] Missing route to pin _4862_/A1 in net IMM\[15\].
[EST-0026] Missing route to pin _4842_/A in net IMM\[15\].
[EST-0026] Missing route to pin _4686_/A1 in net IMM\[15\].
[EST-0026] Missing route to pin _3945_/A1 in net IMM\[15\].
[EST-0026] Missing route to pin _3849_/A in net IMM\[15\].
[EST-0026] Missing route to pin _3491_/A in net IMM\[15\].
[EST-0026] Missing route to pin _3246_/A1 in net IMM\[15\].
[EST-0026] Missing route to pin _2481_/A in net IMM\[15\].
[EST-0026] Missing route to pin _2480_/A in net IMM\[15\].
[EST-0026] Missing route to pin _5171_/Q in net IMM\[15\].
[EST-0026] Missing route to pin _4862_/A1 in net IMM\[15\].
[EST-0026] Missing route to pin _4842_/A in net IMM\[15\].
[EST-0026] Missing route to pin _4686_/A1 in net IMM\[15\].
[EST-0026] Missing route to pin _3945_/A1 in net IMM\[15\].
[EST-0026] Missing route to pin _3849_/A in net IMM\[15\].
[EST-0026] Missing route to pin _3491_/A in net IMM\[15\].
[EST-0026] Missing route to pin _3246_/A1 in net IMM\[15\].
[EST-0026] Missing route to pin _2481_/A in net IMM\[15\].
[EST-0026] Missing route to pin _2480_/A in net IMM\[15\].
[EST-0026] Missing route to pin _5171_/Q in net IMM\[15\].
[EST-0026] Missing route to pin _4862_/A1 in net IMM\[15\].
[EST-0026] Missing route to pin _4842_/A in net IMM\[15\].
[EST-0026] Missing route to pin _4686_/A1 in net IMM\[15\].
[EST-0026] Missing route to pin _3945_/A1 in net IMM\[15\].
[EST-0026] Missing route to pin _3849_/A in net IMM\[15\].
[EST-0026] Missing route to pin _3491_/A in net IMM\[15\].
[EST-0026] Missing route to pin _3246_/A1 in net IMM\[15\].
[EST-0026] Missing route to pin _2481_/A in net IMM\[15\].
[EST-0026] Missing route to pin _2480_/A in net IMM\[15\].
[EST-0026] Missing route to pin _5171_/Q in net IMM\[15\].
[EST-0026] Missing route to pin _4862_/A1 in net IMM\[15\].
[EST-0026] Missing route to pin _4842_/A in net IMM\[15\].
[EST-0026] Missing route to pin _4686_/A1 in net IMM\[15\].
[EST-0026] Missing route to pin _3945_/A1 in net IMM\[15\].
[EST-0026] Missing route to pin _3849_/A in net IMM\[15\].
[EST-0026] Missing route to pin _3491_/A in net IMM\[15\].
[EST-0026] Missing route to pin _3246_/A1 in net IMM\[15\].
[EST-0026] Missing route to pin _2481_/A in net IMM\[15\].
[EST-0026] Missing route to pin _2480_/A in net IMM\[15\].
[EST-0026] Missing route to pin _5157_/Q in net IMM\[1\].
[EST-0026] Missing route to pin _4732_/A in net IMM\[1\].
[EST-0026] Missing route to pin _4731_/A in net IMM\[1\].
[EST-0026] Missing route to pin _4288_/A in net IMM\[1\].
[EST-0026] Missing route to pin _4283_/A1 in net IMM\[1\].
[EST-0026] Missing route to pin _4282_/B in net IMM\[1\].
[EST-0026] Missing route to pin _3818_/A_N in net IMM\[1\].
[EST-0026] Missing route to pin _3759_/A0 in net IMM\[1\].
[EST-0026] Missing route to pin _3558_/A0 in net IMM\[1\].
[EST-0026] Missing route to pin _3524_/A1 in net IMM\[1\].
[EST-0026] Missing route to pin _3383_/A in net IMM\[1\].
[EST-0026] Missing route to pin _3382_/A in net IMM\[1\].
[EST-0026] Missing route to pin _3320_/B2 in net IMM\[1\].
[EST-0026] Missing route to pin _2602_/A in net IMM\[1\].
[EST-0026] Missing route to pin _2600_/A in net IMM\[1\].
[EST-0026] Missing route to pin _2599_/A in net IMM\[1\].
[EST-0026] Missing route to pin _2598_/A in net IMM\[1\].
[EST-0026] Missing route to pin _5157_/Q in net IMM\[1\].
[EST-0026] Missing route to pin _4732_/A in net IMM\[1\].
[EST-0026] Missing route to pin _4731_/A in net IMM\[1\].
[EST-0026] Missing route to pin _4288_/A in net IMM\[1\].
[EST-0026] Missing route to pin _4283_/A1 in net IMM\[1\].
[EST-0026] Missing route to pin _4282_/B in net IMM\[1\].
[EST-0026] Missing route to pin _3818_/A_N in net IMM\[1\].
[EST-0026] Missing route to pin _3759_/A0 in net IMM\[1\].
[EST-0026] Missing route to pin _3558_/A0 in net IMM\[1\].
[EST-0026] Missing route to pin _3524_/A1 in net IMM\[1\].
[EST-0026] Missing route to pin _3383_/A in net IMM\[1\].
[EST-0026] Missing route to pin _3382_/A in net IMM\[1\].
[EST-0026] Missing route to pin _3320_/B2 in net IMM\[1\].
[EST-0026] Missing route to pin _2602_/A in net IMM\[1\].
[EST-0026] Missing route to pin _2600_/A in net IMM\[1\].
[EST-0026] Missing route to pin _2599_/A in net IMM\[1\].
[EST-0026] Missing route to pin _2598_/A in net IMM\[1\].
[EST-0026] Missing route to pin _5157_/Q in net IMM\[1\].
[EST-0026] Missing route to pin _4732_/A in net IMM\[1\].
[EST-0026] Missing route to pin _4731_/A in net IMM\[1\].
[EST-0026] Missing route to pin _4288_/A in net IMM\[1\].
[EST-0026] Missing route to pin _4283_/A1 in net IMM\[1\].
[EST-0026] Missing route to pin _4282_/B in net IMM\[1\].
[EST-0026] Missing route to pin _3818_/A_N in net IMM\[1\].
[EST-0026] Missing route to pin _3759_/A0 in net IMM\[1\].
[EST-0026] Missing route to pin _3558_/A0 in net IMM\[1\].
[EST-0026] Missing route to pin _3524_/A1 in net IMM\[1\].
[EST-0026] Missing route to pin _3383_/A in net IMM\[1\].
[EST-0026] Missing route to pin _3382_/A in net IMM\[1\].
[EST-0026] Missing route to pin _3320_/B2 in net IMM\[1\].
[EST-0026] Missing route to pin _2602_/A in net IMM\[1\].
[EST-0026] Missing route to pin _2600_/A in net IMM\[1\].
[EST-0026] Missing route to pin _2599_/A in net IMM\[1\].
[EST-0026] Missing route to pin _2598_/A in net IMM\[1\].
[EST-0026] Missing route to pin _5157_/Q in net IMM\[1\].
[EST-0026] Missing route to pin _4732_/A in net IMM\[1\].
[EST-0026] Missing route to pin _4731_/A in net IMM\[1\].
[EST-0026] Missing route to pin _4288_/A in net IMM\[1\].
[EST-0026] Missing route to pin _4283_/A1 in net IMM\[1\].
[EST-0026] Missing route to pin _4282_/B in net IMM\[1\].
[EST-0026] Missing route to pin _3818_/A_N in net IMM\[1\].
[EST-0026] Missing route to pin _3759_/A0 in net IMM\[1\].
[EST-0026] Missing route to pin _3558_/A0 in net IMM\[1\].
[EST-0026] Missing route to pin _3524_/A1 in net IMM\[1\].
[EST-0026] Missing route to pin _3383_/A in net IMM\[1\].
[EST-0026] Missing route to pin _3382_/A in net IMM\[1\].
[EST-0026] Missing route to pin _3320_/B2 in net IMM\[1\].
[EST-0026] Missing route to pin _2602_/A in net IMM\[1\].
[EST-0026] Missing route to pin _2600_/A in net IMM\[1\].
[EST-0026] Missing route to pin _2599_/A in net IMM\[1\].
[EST-0026] Missing route to pin _2598_/A in net IMM\[1\].
[EST-0026] Missing route to pin _5157_/Q in net IMM\[1\].
[EST-0026] Missing route to pin _4732_/A in net IMM\[1\].
[EST-0026] Missing route to pin _4731_/A in net IMM\[1\].
[EST-0026] Missing route to pin _4288_/A in net IMM\[1\].
[EST-0026] Missing route to pin _4283_/A1 in net IMM\[1\].
[EST-0026] Missing route to pin _4282_/B in net IMM\[1\].
[EST-0026] Missing route to pin _3818_/A_N in net IMM\[1\].
[EST-0026] Missing route to pin _3759_/A0 in net IMM\[1\].
[EST-0026] Missing route to pin _3558_/A0 in net IMM\[1\].
[EST-0026] Missing route to pin _3524_/A1 in net IMM\[1\].
[EST-0026] Missing route to pin _3383_/A in net IMM\[1\].
[EST-0026] Missing route to pin _3382_/A in net IMM\[1\].
[EST-0026] Missing route to pin _3320_/B2 in net IMM\[1\].
[EST-0026] Missing route to pin _2602_/A in net IMM\[1\].
[EST-0026] Missing route to pin _2600_/A in net IMM\[1\].
[EST-0026] Missing route to pin _2599_/A in net IMM\[1\].
[EST-0026] Missing route to pin _2598_/A in net IMM\[1\].
[EST-0026] Missing route to pin _5157_/Q in net IMM\[1\].
[EST-0026] Missing route to pin _4732_/A in net IMM\[1\].
[EST-0026] Missing route to pin _4731_/A in net IMM\[1\].
[EST-0026] Missing route to pin _4288_/A in net IMM\[1\].
[EST-0026] Missing route to pin _4283_/A1 in net IMM\[1\].
[EST-0026] Missing route to pin _4282_/B in net IMM\[1\].
[EST-0026] Missing route to pin _3818_/A_N in net IMM\[1\].
[EST-0026] Missing route to pin _3759_/A0 in net IMM\[1\].
[EST-0026] Missing route to pin _3558_/A0 in net IMM\[1\].
[EST-0026] Missing route to pin _3524_/A1 in net IMM\[1\].
[EST-0026] Missing route to pin _3383_/A in net IMM\[1\].
[EST-0026] Missing route to pin _3382_/A in net IMM\[1\].
[EST-0026] Missing route to pin _3320_/B2 in net IMM\[1\].
[EST-0026] Missing route to pin _2602_/A in net IMM\[1\].
[EST-0026] Missing route to pin _2600_/A in net IMM\[1\].
[EST-0026] Missing route to pin _2599_/A in net IMM\[1\].
[EST-0026] Missing route to pin _2598_/A in net IMM\[1\].
[EST-0026] Missing route to pin _5157_/Q in net IMM\[1\].
[EST-0026] Missing route to pin _4732_/A in net IMM\[1\].
[EST-0026] Missing route to pin _4731_/A in net IMM\[1\].
[EST-0026] Missing route to pin _4288_/A in net IMM\[1\].
[EST-0026] Missing route to pin _4283_/A1 in net IMM\[1\].
[EST-0026] Missing route to pin _4282_/B in net IMM\[1\].
[EST-0026] Missing route to pin _3818_/A_N in net IMM\[1\].
[EST-0026] Missing route to pin _3759_/A0 in net IMM\[1\].
[EST-0026] Missing route to pin _3558_/A0 in net IMM\[1\].
[EST-0026] Missing route to pin _3524_/A1 in net IMM\[1\].
[EST-0026] Missing route to pin _3383_/A in net IMM\[1\].
[EST-0026] Missing route to pin _3382_/A in net IMM\[1\].
[EST-0026] Missing route to pin _3320_/B2 in net IMM\[1\].
[EST-0026] Missing route to pin _2602_/A in net IMM\[1\].
[EST-0026] Missing route to pin _2600_/A in net IMM\[1\].
[EST-0026] Missing route to pin _2599_/A in net IMM\[1\].
[EST-0026] Missing route to pin _2598_/A in net IMM\[1\].
[EST-0026] Missing route to pin _5157_/Q in net IMM\[1\].
[EST-0026] Missing route to pin _4732_/A in net IMM\[1\].
[EST-0026] Missing route to pin _4731_/A in net IMM\[1\].
[EST-0026] Missing route to pin _4288_/A in net IMM\[1\].
[EST-0026] Missing route to pin _4283_/A1 in net IMM\[1\].
[EST-0026] Missing route to pin _4282_/B in net IMM\[1\].
[EST-0026] Missing route to pin _3818_/A_N in net IMM\[1\].
[EST-0026] Missing route to pin _3759_/A0 in net IMM\[1\].
[EST-0026] Missing route to pin _3558_/A0 in net IMM\[1\].
[EST-0026] Missing route to pin _3524_/A1 in net IMM\[1\].
[EST-0026] Missing route to pin _3383_/A in net IMM\[1\].
[EST-0026] Missing route to pin _3382_/A in net IMM\[1\].
[EST-0026] Missing route to pin _3320_/B2 in net IMM\[1\].
[EST-0026] Missing route to pin _2602_/A in net IMM\[1\].
[EST-0026] Missing route to pin _2600_/A in net IMM\[1\].
[EST-0026] Missing route to pin _2599_/A in net IMM\[1\].
[EST-0026] Missing route to pin _2598_/A in net IMM\[1\].
[EST-0026] Missing route to pin _5157_/Q in net IMM\[1\].
[EST-0026] Missing route to pin _4732_/A in net IMM\[1\].
[EST-0026] Missing route to pin _4731_/A in net IMM\[1\].
[EST-0026] Missing route to pin _4288_/A in net IMM\[1\].
[EST-0026] Missing route to pin _4283_/A1 in net IMM\[1\].
[EST-0026] Missing route to pin _4282_/B in net IMM\[1\].
[EST-0026] Missing route to pin _3818_/A_N in net IMM\[1\].
[EST-0026] Missing route to pin _3759_/A0 in net IMM\[1\].
[EST-0026] Missing route to pin _3558_/A0 in net IMM\[1\].
[EST-0026] Missing route to pin _3524_/A1 in net IMM\[1\].
[EST-0026] Missing route to pin _3383_/A in net IMM\[1\].
[EST-0026] Missing route to pin _3382_/A in net IMM\[1\].
[EST-0026] Missing route to pin _3320_/B2 in net IMM\[1\].
[EST-0026] Missing route to pin _2602_/A in net IMM\[1\].
[EST-0026] Missing route to pin _2600_/A in net IMM\[1\].
[EST-0026] Missing route to pin _2599_/A in net IMM\[1\].
[EST-0026] Missing route to pin _2598_/A in net IMM\[1\].
[EST-0026] Missing route to pin _5158_/Q in net IMM\[2\].
[EST-0026] Missing route to pin _4738_/A in net IMM\[2\].
[EST-0026] Missing route to pin _4737_/A in net IMM\[2\].
[EST-0026] Missing route to pin _4283_/B1 in net IMM\[2\].
[EST-0026] Missing route to pin _4282_/A in net IMM\[2\].
[EST-0026] Missing route to pin _3821_/A in net IMM\[2\].
[EST-0026] Missing route to pin _3761_/A0 in net IMM\[2\].
[EST-0026] Missing route to pin _3564_/A1 in net IMM\[2\].
[EST-0026] Missing route to pin _3563_/A1 in net IMM\[2\].
[EST-0026] Missing route to pin _3515_/A1 in net IMM\[2\].
[EST-0026] Missing route to pin _3390_/A in net IMM\[2\].
[EST-0026] Missing route to pin _3389_/A in net IMM\[2\].
[EST-0026] Missing route to pin _3321_/B2 in net IMM\[2\].
[EST-0026] Missing route to pin _2588_/A in net IMM\[2\].
[EST-0026] Missing route to pin _2587_/A in net IMM\[2\].
[EST-0026] Missing route to pin _5158_/Q in net IMM\[2\].
[EST-0026] Missing route to pin _4738_/A in net IMM\[2\].
[EST-0026] Missing route to pin _4737_/A in net IMM\[2\].
[EST-0026] Missing route to pin _4283_/B1 in net IMM\[2\].
[EST-0026] Missing route to pin _4282_/A in net IMM\[2\].
[EST-0026] Missing route to pin _3821_/A in net IMM\[2\].
[EST-0026] Missing route to pin _3761_/A0 in net IMM\[2\].
[EST-0026] Missing route to pin _3564_/A1 in net IMM\[2\].
[EST-0026] Missing route to pin _3563_/A1 in net IMM\[2\].
[EST-0026] Missing route to pin _3515_/A1 in net IMM\[2\].
[EST-0026] Missing route to pin _3390_/A in net IMM\[2\].
[EST-0026] Missing route to pin _3389_/A in net IMM\[2\].
[EST-0026] Missing route to pin _3321_/B2 in net IMM\[2\].
[EST-0026] Missing route to pin _2588_/A in net IMM\[2\].
[EST-0026] Missing route to pin _2587_/A in net IMM\[2\].
[EST-0026] Missing route to pin _5158_/Q in net IMM\[2\].
[EST-0026] Missing route to pin _4738_/A in net IMM\[2\].
[EST-0026] Missing route to pin _4737_/A in net IMM\[2\].
[EST-0026] Missing route to pin _4283_/B1 in net IMM\[2\].
[EST-0026] Missing route to pin _4282_/A in net IMM\[2\].
[EST-0026] Missing route to pin _3821_/A in net IMM\[2\].
[EST-0026] Missing route to pin _3761_/A0 in net IMM\[2\].
[EST-0026] message limit (1000) reached. This message will no longer print.
[DRT-0349] LEF58_ENCLOSURE with no CUTCLASS is not supported. Skipping for layer mcon
[DRT-0349] LEF58_ENCLOSURE with no CUTCLASS is not supported. Skipping for layer mcon
[DRT-0349] LEF58_ENCLOSURE with no CUTCLASS is not supported. Skipping for layer via
[DRT-0349] LEF58_ENCLOSURE with no CUTCLASS is not supported. Skipping for layer via
[DRT-0349] LEF58_ENCLOSURE with no CUTCLASS is not supported. Skipping for layer via2
[DRT-0349] LEF58_ENCLOSURE with no CUTCLASS is not supported. Skipping for layer via2
[DRT-0349] LEF58_ENCLOSURE with no CUTCLASS is not supported. Skipping for layer via3
[DRT-0349] LEF58_ENCLOSURE with no CUTCLASS is not supported. Skipping for layer via3
[DRT-0349] LEF58_ENCLOSURE with no CUTCLASS is not supported. Skipping for layer via4
[DRT-0349] LEF58_ENCLOSURE with no CUTCLASS is not supported. Skipping for layer via4
Threshold for Threshold-surpassing long wires is not set. The checker will be skipped.
'VSRC_LOC_FILES' was not given a value, which may make the results of IR drop analysis inaccurate. If you are not integrating a top-level chip for manufacture, you may ignore this warning, otherwise, see the documentation for 'VSRC_LOC_FILES'.
Max Slew violations found in the following corners:
* max_ss_100C_1v60
* min_ss_100C_1v60
* nom_ss_100C_1v60
Max Cap violations found in the following corners:
* max_ss_100C_1v60
* min_ss_100C_1v60
* nom_ss_100C_1v60
