Clock: CLK
Sources: CLK 
Generated: no
Virtual: no
Propagated: no
Period: 20.000000

===========================================================================
report_clock_properties
============================================================================
Clock                   Period          Waveform
----------------------------------------------------
CLK                  20.000000    0.000000 10.000000

===========================================================================
report_clock_latency
============================================================================
Clock CLK
rise -> rise
    min     max
0.000000 0.000000 source latency
2.278644         network latency _4867_/CLK
        2.278644 network latency _4867_/CLK
---------------
2.278644 2.278644 latency
        0.000000 skew

fall -> fall
    min     max
0.000000 0.000000 source latency
1.093770         network latency _4867_/CLK
        1.093770 network latency _4867_/CLK
---------------
1.093770 1.093770 latency
        0.000000 skew



===========================================================================
report_clock_min_period
============================================================================
CLK period_min = 6.59 fmax = 151.82
