Clock: CLK
Sources: CLK 
Generated: no
Virtual: yes
Propagated: no
Period: 26.000000

===========================================================================
report_clock_properties
============================================================================
Clock                   Period          Waveform
----------------------------------------------------
CLK                  26.000000    0.000000 13.000000

===========================================================================
report_clock_latency
============================================================================
Clock CLK
rise -> rise
    min     max
0.000000 0.000000 source latency
0.002856         network latency _5164_/CLK
        0.053150 network latency _4875_/CLK
---------------
0.002856 0.053150 latency
        0.050294 skew

fall -> fall
    min     max
0.000000 0.000000 source latency
0.002709         network latency _5164_/CLK
        0.050375 network latency _4875_/CLK
---------------
0.002709 0.050375 latency
        0.047666 skew



===========================================================================
report_clock_min_period
============================================================================
CLK period_min = 15.20 fmax = 65.77
