
===========================================================================
report_checks -unconstrained
===========================================================================
======================= max_ff_n40C_1v95 Corner ===================================

Startpoint: _5127_ (rising edge-triggered flip-flop clocked by CLK)
Endpoint: DEVICES_STRW (output port clocked by CLK)
Path Group: CLK
Path Type: max

Fanout         Cap        Slew       Delay        Time   Description
---------------------------------------------------------------------------------------------
                                  0.000000    0.000000   clock CLK (rise edge)
                                  0.000000    0.000000   clock source latency
     1    0.046993    0.000000    0.000000    0.000000 ^ CLK (in)
                                                         CLK (net)
                      0.002992    0.001496    0.001496 ^ clkbuf_0_CLK/A (sky130_fd_sc_hd__clkbuf_16)
     4    0.077608    0.072842    0.106725    0.108220 ^ clkbuf_0_CLK/X (sky130_fd_sc_hd__clkbuf_16)
                                                         clknet_0_CLK (net)
                      0.073957    0.007103    0.115324 ^ clkbuf_2_2__f_CLK/A (sky130_fd_sc_hd__clkbuf_16)
    11    0.106363    0.093937    0.143299    0.258623 ^ clkbuf_2_2__f_CLK/X (sky130_fd_sc_hd__clkbuf_16)
                                                         clknet_2_2__leaf_CLK (net)
                      0.094466    0.005647    0.264270 ^ clkbuf_leaf_9_CLK/A (sky130_fd_sc_hd__clkbuf_8)
    11    0.036176    0.057124    0.119820    0.384090 ^ clkbuf_leaf_9_CLK/X (sky130_fd_sc_hd__clkbuf_8)
                                                         clknet_leaf_9_CLK (net)
                      0.057314    0.002329    0.386419 ^ _5127_/CLK (sky130_fd_sc_hd__dfxtp_4)
    26    0.238082    0.499453    0.512385    0.898804 ^ _5127_/Q (sky130_fd_sc_hd__dfxtp_4)
                                                         _0008_ (net)
                      0.501140    0.024511    0.923315 ^ max_cap153/A (sky130_fd_sc_hd__buf_12)
    39    0.357846    0.301023    0.214010    1.137325 ^ max_cap153/X (sky130_fd_sc_hd__buf_12)
                                                         net153 (net)
                      0.359071    0.101958    1.239283 ^ _2578_/S0 (sky130_fd_sc_hd__mux4_2)
     1    0.003714    0.058823    0.311775    1.551058 v _2578_/X (sky130_fd_sc_hd__mux4_2)
                                                         _0508_ (net)
                      0.058823    0.000308    1.551367 v _2579_/B (sky130_fd_sc_hd__or2_2)
     2    0.007568    0.048653    0.178552    1.729919 v _2579_/X (sky130_fd_sc_hd__or2_2)
                                                         _0509_ (net)
                      0.048653    0.000327    1.730246 v _2586_/A1 (sky130_fd_sc_hd__a22o_2)
     8    0.060250    0.114163    0.210998    1.941244 v _2586_/X (sky130_fd_sc_hd__a22o_2)
                                                         _0516_ (net)
                      0.114399    0.004312    1.945556 v _2587_/B (sky130_fd_sc_hd__and2_2)
     4    0.014687    0.045638    0.174309    2.119865 v _2587_/X (sky130_fd_sc_hd__and2_2)
                                                         _0517_ (net)
                      0.045661    0.000334    2.120198 v _2589_/A (sky130_fd_sc_hd__nor2_2)
     9    0.052887    0.409752    0.328365    2.448563 ^ _2589_/Y (sky130_fd_sc_hd__nor2_2)
                                                         _0519_ (net)
                      0.409799    0.003700    2.452263 ^ _2615_/A1 (sky130_fd_sc_hd__a21o_2)
     2    0.016233    0.069521    0.126070    2.578333 ^ _2615_/X (sky130_fd_sc_hd__a21o_2)
                                                         _0545_ (net)
                      0.069544    0.001196    2.579530 ^ _2621_/A1 (sky130_fd_sc_hd__a21bo_2)
     3    0.023870    0.102278    0.136078    2.715607 ^ _2621_/X (sky130_fd_sc_hd__a21bo_2)
                                                         _0551_ (net)
                      0.102375    0.002006    2.717614 ^ _2626_/A2 (sky130_fd_sc_hd__a31o_2)
     3    0.020592    0.096933    0.149099    2.866713 ^ _2626_/X (sky130_fd_sc_hd__a31o_2)
                                                         _0556_ (net)
                      0.097028    0.001853    2.868566 ^ _2631_/A1 (sky130_fd_sc_hd__a31o_2)
     4    0.044453    0.193585    0.210216    3.078781 ^ _2631_/X (sky130_fd_sc_hd__a31o_2)
                                                         _0561_ (net)
                      0.193760    0.004760    3.083541 ^ _2684_/D_N (sky130_fd_sc_hd__or4b_2)
     3    0.015746    0.097947    0.374737    3.458278 v _2684_/X (sky130_fd_sc_hd__or4b_2)
                                                         _0614_ (net)
                      0.097974    0.001188    3.459466 v _2690_/A1 (sky130_fd_sc_hd__a21o_2)
     4    0.015859    0.046952    0.166047    3.625513 v _2690_/X (sky130_fd_sc_hd__a21o_2)
                                                         _0620_ (net)
                      0.046988    0.001128    3.626641 v _2694_/A3 (sky130_fd_sc_hd__a311o_2)
     4    0.016808    0.065124    0.274964    3.901605 v _2694_/X (sky130_fd_sc_hd__a311o_2)
                                                         _0624_ (net)
                      0.065172    0.001041    3.902646 v _2696_/A2 (sky130_fd_sc_hd__a21bo_2)
     5    0.019247    0.052032    0.176386    4.079031 v _2696_/X (sky130_fd_sc_hd__a21bo_2)
                                                         _0626_ (net)
                      0.052093    0.001607    4.080638 v _2704_/C (sky130_fd_sc_hd__and3_2)
     2    0.020141    0.055246    0.170302    4.250941 v _2704_/X (sky130_fd_sc_hd__and3_2)
                                                         _0628_ (net)
                      0.055264    0.001035    4.251976 v _2705_/B (sky130_fd_sc_hd__and2_2)
     1    0.003059    0.026913    0.122866    4.374842 v _2705_/X (sky130_fd_sc_hd__and2_2)
                                                         net53 (net)
                      0.026913    0.000203    4.375045 v output53/A (sky130_fd_sc_hd__clkdlybuf4s25_1)
     1    0.051946    0.261878    0.337555    4.712600 v output53/X (sky130_fd_sc_hd__clkdlybuf4s25_1)
                                                         DEVICES_STRW (net)
                      0.261911    0.002895    4.715495 v DEVICES_STRW (out)
                                              4.715495   data arrival time

                                 26.000000   26.000000   clock CLK (rise edge)
                                  0.000000   26.000000   clock network delay (propagated)
                                  0.000000   26.000000   clock reconvergence pessimism
                                 -5.000000   20.999998   output external delay
                                             20.999998   data required time
---------------------------------------------------------------------------------------------
                                             20.999998   data required time
                                             -4.715495   data arrival time
---------------------------------------------------------------------------------------------
                                             16.284504   slack (MET)




===========================================================================
report_checks --slack_max -0.01
============================================================================
======================= max_ff_n40C_1v95 Corner ===================================

No paths found.


===========================================================================
 report_check_types -max_slew -max_cap -max_fanout -violators
============================================================================
======================= max_ff_n40C_1v95 Corner ===================================



===========================================================================
report_parasitic_annotation -report_unannotated
============================================================================
Found 34 unannotated drivers.
 clkload0/X
 clkload1/Y
 clkload10/X
 clkload11/X
 clkload12/Y
 clkload13/Y
 clkload14/Y
 clkload15/Y
 clkload16/Y
 clkload17/X
 clkload18/Y
 clkload19/Y
 clkload2/Y
 clkload20/Y
 clkload21/Y
 clkload22/Y
 clkload23/X
 clkload24/X
 clkload25/X
 clkload26/Y
 clkload27/Y
 clkload28/X
 clkload29/X
 clkload3/Y
 clkload30/X
 clkload31/X
 clkload32/X
 clkload33/Y
 clkload4/X
 clkload5/X
 clkload6/X
 clkload7/X
 clkload8/X
 clkload9/X
Found 0 partially unannotated drivers.

===========================================================================
max slew violation count 0
max fanout violation count 0
max cap violation count 0
============================================================================

===========================================================================
check_setup -verbose -unconstrained_endpoints -multiple_clock -no_clock -no_input_delay -loops -generated_clocks
===========================================================================
