Reading timing models for corner max_ss_100C_1v60…
Reading timing library for the 'max_ss_100C_1v60' corner at '/root/.ciel/ciel/sky130/versions/8afc8346a57fe1ab7934ba5a6056ea8b43078e71/sky130A/libs.ref/sky130_fd_sc_hd/lib/sky130_fd_sc_hd__ss_100C_1v60.lib'…
Reading OpenROAD database at '/home/Ven/vscode/VRAI/runs/RUN_2026-07-29_11-20-22/43-openroad-repairantennas/1-openroad-diodeinsertion/VRAI_SYNC_CORE.odb'…
Reading design constraints file at '/home/Ven/vscode/VRAI/constraints/vrai_pnr.sdc'…
[INFO] No information on clock propagation in input SDC file-- propagating all clocks.
[INFO ORD-0030] Using 16 thread(s).
+ detailed_route -droute_end_iter 64 -or_seed 42 -verbose 1 -output_drc /home/Ven/vscode/VRAI/runs/RUN_2026-07-29_11-20-22/45-openroad-detailedrouting/drt-run-0/VRAI_SYNC_CORE.drc
[INFO DRT-0149] Reading tech and libs.
[WARNING DRT-0349] LEF58_ENCLOSURE with no CUTCLASS is not supported. Skipping for layer mcon
[WARNING DRT-0349] LEF58_ENCLOSURE with no CUTCLASS is not supported. Skipping for layer mcon
[WARNING DRT-0349] LEF58_ENCLOSURE with no CUTCLASS is not supported. Skipping for layer via
[WARNING DRT-0349] LEF58_ENCLOSURE with no CUTCLASS is not supported. Skipping for layer via
[WARNING DRT-0349] LEF58_ENCLOSURE with no CUTCLASS is not supported. Skipping for layer via2
[WARNING DRT-0349] LEF58_ENCLOSURE with no CUTCLASS is not supported. Skipping for layer via2
[WARNING DRT-0349] LEF58_ENCLOSURE with no CUTCLASS is not supported. Skipping for layer via3
[WARNING DRT-0349] LEF58_ENCLOSURE with no CUTCLASS is not supported. Skipping for layer via3
[WARNING DRT-0349] LEF58_ENCLOSURE with no CUTCLASS is not supported. Skipping for layer via4
[WARNING DRT-0349] LEF58_ENCLOSURE with no CUTCLASS is not supported. Skipping for layer via4

Units:                1000
Number of layers:     13
Number of macros:     445
Number of vias:       29
Number of viarulegen: 25

[INFO DRT-0150] Reading design.

Design:                   VRAI_SYNC_CORE
Die area:                 ( 0 0 ) ( 269360 280080 )
Number of track patterns: 12
Number of DEF vias:       0
Number of components:     4227
Number of terminals:      110
Number of snets:          2
Number of nets:           3144

[INFO DRT-0167] List of default vias:
  Layer via
    default via: M1M2_PR
  Layer via2
    default via: M2M3_PR
  Layer via3
    default via: M3M4_PR
  Layer via4
    default via: M4M5_PR
[INFO DRT-0162] Library cell analysis.
[INFO DRT-0163] Instance analysis.
[INFO DRT-0164] Number of unique instances = 245.
[INFO DRT-0168] Init region query.
[INFO DRT-0024]   Complete FR_MASTERSLICE.
[INFO DRT-0024]   Complete licon.
[INFO DRT-0024]   Complete li1.
[INFO DRT-0024]   Complete mcon.
[INFO DRT-0024]   Complete met1.
[INFO DRT-0024]   Complete via.
[INFO DRT-0024]   Complete met2.
[INFO DRT-0024]   Complete via2.
[INFO DRT-0024]   Complete met3.
[INFO DRT-0024]   Complete via3.
[INFO DRT-0024]   Complete met4.
[INFO DRT-0024]   Complete via4.
[INFO DRT-0024]   Complete met5.
[INFO DRT-0033] FR_MASTERSLICE shape region query size = 0.
[INFO DRT-0033] licon shape region query size = 0.
[INFO DRT-0033] li1 shape region query size = 110540.
[INFO DRT-0033] mcon shape region query size = 0.
[INFO DRT-0033] met1 shape region query size = 15422.
[INFO DRT-0033] via shape region query size = 950.
[INFO DRT-0033] met2 shape region query size = 629.
[INFO DRT-0033] via2 shape region query size = 760.
[INFO DRT-0033] met3 shape region query size = 619.
[INFO DRT-0033] via3 shape region query size = 760.
[INFO DRT-0033] met4 shape region query size = 206.
[INFO DRT-0033] via4 shape region query size = 8.
[INFO DRT-0033] met5 shape region query size = 16.
[INFO DRT-0165] Start pin access.
[INFO DRT-0076]   Complete 1000 pins.
[INFO DRT-0078]   Complete 1953 pins.
[INFO DRT-0079]   Complete 100 unique inst patterns.
[INFO DRT-0079]   Complete 200 unique inst patterns.
[INFO DRT-0081]   Complete 245 unique inst patterns.
[INFO DRT-0084]   Complete 2107 groups.
#scanned instances     = 4227
#unique  instances     = 245
#stdCellGenAp          = 7144
#stdCellValidPlanarAp  = 84
#stdCellValidViaAp     = 5574
#stdCellPinNoAp        = 0
#stdCellPinCnt         = 12151
#instTermValidViaApCnt = 0
#macroGenAp            = 0
#macroValidPlanarAp    = 0
#macroValidViaAp       = 0
#macroNoAp             = 0
[INFO DRT-0166] Complete pin access.
[INFO DRT-0267] cpu time = 00:03:22, elapsed time = 00:00:14, memory = 157.98 (MB), peak = 156.52 (MB)

[INFO DRT-0157] Number of guides:     29383

[INFO DRT-0169] Post process guides.
[INFO DRT-0176] GCELLGRID X 0 DO 39 STEP 6900 ;
[INFO DRT-0177] GCELLGRID Y 0 DO 40 STEP 6900 ;
[INFO DRT-0028]   Complete FR_MASTERSLICE.
[INFO DRT-0028]   Complete licon.
[INFO DRT-0028]   Complete li1.
[INFO DRT-0028]   Complete mcon.
[INFO DRT-0028]   Complete met1.
[INFO DRT-0028]   Complete via.
[INFO DRT-0028]   Complete met2.
[INFO DRT-0028]   Complete via2.
[INFO DRT-0028]   Complete met3.
[INFO DRT-0028]   Complete via3.
[INFO DRT-0028]   Complete met4.
[INFO DRT-0028]   Complete via4.
[INFO DRT-0028]   Complete met5.
[INFO DRT-0178] Init guide query.
[INFO DRT-0035]   Complete FR_MASTERSLICE (guide).
[INFO DRT-0035]   Complete licon (guide).
[INFO DRT-0035]   Complete li1 (guide).
[INFO DRT-0035]   Complete mcon (guide).
[INFO DRT-0035]   Complete met1 (guide).
[INFO DRT-0035]   Complete via (guide).
[INFO DRT-0035]   Complete met2 (guide).
[INFO DRT-0035]   Complete via2 (guide).
[INFO DRT-0035]   Complete met3 (guide).
[INFO DRT-0035]   Complete via3 (guide).
[INFO DRT-0035]   Complete met4 (guide).
[INFO DRT-0035]   Complete via4 (guide).
[INFO DRT-0035]   Complete met5 (guide).
[INFO DRT-0036] FR_MASTERSLICE guide region query size = 0.
[INFO DRT-0036] licon guide region query size = 0.
[INFO DRT-0036] li1 guide region query size = 9743.
[INFO DRT-0036] mcon guide region query size = 0.
[INFO DRT-0036] met1 guide region query size = 8950.
[INFO DRT-0036] via guide region query size = 0.
[INFO DRT-0036] met2 guide region query size = 5066.
[INFO DRT-0036] via2 guide region query size = 0.
[INFO DRT-0036] met3 guide region query size = 627.
[INFO DRT-0036] via3 guide region query size = 0.
[INFO DRT-0036] met4 guide region query size = 152.
[INFO DRT-0036] via4 guide region query size = 0.
[INFO DRT-0036] met5 guide region query size = 2.
[INFO DRT-0179] Init gr pin query.
[INFO DRT-0267] cpu time = 00:00:00, elapsed time = 00:00:00, memory = 167.65 (MB), peak = 166.14 (MB)
[INFO DRT-0245] skipped writing guide updates to database.
[INFO DRT-0185] Post process initialize RPin region query.
[INFO DRT-0181] Start track assignment.
[INFO DRT-0184] Done with 14961 vertical wires in 1 frboxes and 9579 horizontal wires in 1 frboxes.
[INFO DRT-0186] Done with 1753 vertical wires in 1 frboxes and 2782 horizontal wires in 1 frboxes.
[INFO DRT-0182] Complete track assignment.
[INFO DRT-0267] cpu time = 00:00:07, elapsed time = 00:00:01, memory = 230.10 (MB), peak = 228.62 (MB)
[INFO DRT-0187] Start routing data preparation.
[INFO DRT-0267] cpu time = 00:00:00, elapsed time = 00:00:00, memory = 233.42 (MB), peak = 232.05 (MB)
[INFO DRT-0194] Start detail routing.
[INFO DRT-0195] Start 0th optimization iteration.
    Completing 10% with 0 violations.
    elapsed time = 00:00:01, memory = 434.93 (MB).
    Completing 20% with 0 violations.
    elapsed time = 00:00:03, memory = 375.85 (MB).
    Completing 30% with 316 violations.
    elapsed time = 00:00:06, memory = 506.65 (MB).
    Completing 40% with 316 violations.
    elapsed time = 00:00:08, memory = 525.69 (MB).
    Completing 50% with 316 violations.
    elapsed time = 00:00:10, memory = 451.25 (MB).
    Completing 60% with 632 violations.
    elapsed time = 00:00:11, memory = 548.79 (MB).
    Completing 70% with 632 violations.
    elapsed time = 00:00:13, memory = 558.62 (MB).
    Completing 80% with 925 violations.
    elapsed time = 00:00:14, memory = 633.65 (MB).
    Completing 90% with 925 violations.
    elapsed time = 00:00:16, memory = 651.93 (MB).
    Completing 100% with 1240 violations.
    elapsed time = 00:00:18, memory = 621.76 (MB).
[INFO DRT-0199]   Number of violations = 1432.
Viol/Layer         li1   mcon   met1   met2   met3
Cut Spacing          0      1      0      0      0
Metal Spacing        0      0    282     35      2
Recheck              1      0    135     54      2
Short                0      0    833     84      3
[INFO DRT-0267] cpu time = 00:01:32, elapsed time = 00:00:18, memory = 937.15 (MB), peak = 935.68 (MB)
Total wire length = 134085 um.
Total wire length on LAYER li1 = 0 um.
Total wire length on LAYER met1 = 53276 um.
Total wire length on LAYER met2 = 60433 um.
Total wire length on LAYER met3 = 13018 um.
Total wire length on LAYER met4 = 7166 um.
Total wire length on LAYER met5 = 189 um.
Total number of vias = 27472.
Up-via summary (total 27472):

------------------------
 FR_MASTERSLICE        0
            li1    12100
           met1    14163
           met2      944
           met3      261
           met4        4
------------------------
               27472


[INFO DRT-0195] Start 1st optimization iteration.
    Completing 10% with 1432 violations.
    elapsed time = 00:00:01, memory = 988.27 (MB).
    Completing 20% with 1432 violations.
    elapsed time = 00:00:03, memory = 1002.27 (MB).
    Completing 30% with 1250 violations.
    elapsed time = 00:00:05, memory = 1082.05 (MB).
    Completing 40% with 1250 violations.
    elapsed time = 00:00:08, memory = 1124.75 (MB).
    Completing 50% with 1250 violations.
    elapsed time = 00:00:09, memory = 1126.75 (MB).
    Completing 60% with 1106 violations.
    elapsed time = 00:00:10, memory = 1196.43 (MB).
    Completing 70% with 1106 violations.
    elapsed time = 00:00:12, memory = 1173.21 (MB).
    Completing 80% with 907 violations.
    elapsed time = 00:00:14, memory = 1193.04 (MB).
    Completing 90% with 907 violations.
    elapsed time = 00:00:16, memory = 1199.67 (MB).
    Completing 100% with 738 violations.
    elapsed time = 00:00:17, memory = 1199.67 (MB).
[INFO DRT-0199]   Number of violations = 738.
Viol/Layer        met1   met2
Metal Spacing      126     29
Short              548     35
[INFO DRT-0267] cpu time = 00:01:29, elapsed time = 00:00:17, memory = 1202.67 (MB), peak = 1202.50 (MB)
Total wire length = 133047 um.
Total wire length on LAYER li1 = 0 um.
Total wire length on LAYER met1 = 52646 um.
Total wire length on LAYER met2 = 60001 um.
Total wire length on LAYER met3 = 13024 um.
Total wire length on LAYER met4 = 7185 um.
Total wire length on LAYER met5 = 189 um.
Total number of vias = 27244.
Up-via summary (total 27244):

------------------------
 FR_MASTERSLICE        0
            li1    12101
           met1    13932
           met2      952
           met3      255
           met4        4
------------------------
               27244


[INFO DRT-0195] Start 2nd optimization iteration.
    Completing 10% with 738 violations.
    elapsed time = 00:00:00, memory = 1202.67 (MB).
    Completing 20% with 738 violations.
    elapsed time = 00:00:00, memory = 1272.86 (MB).
    Completing 30% with 738 violations.
    elapsed time = 00:00:03, memory = 1300.56 (MB).
    Completing 40% with 774 violations.
    elapsed time = 00:00:03, memory = 1300.56 (MB).
    Completing 50% with 774 violations.
    elapsed time = 00:00:06, memory = 1328.56 (MB).
    Completing 60% with 680 violations.
    elapsed time = 00:00:08, memory = 1329.26 (MB).
    Completing 70% with 680 violations.
    elapsed time = 00:00:10, memory = 1329.26 (MB).
    Completing 80% with 680 violations.
    elapsed time = 00:00:12, memory = 1332.28 (MB).
    Completing 90% with 629 violations.
    elapsed time = 00:00:16, memory = 1339.71 (MB).
    Completing 100% with 590 violations.
    elapsed time = 00:00:16, memory = 1333.71 (MB).
[INFO DRT-0199]   Number of violations = 590.
Viol/Layer        met1   met2
Metal Spacing      114     18
Short              415     43
[INFO DRT-0267] cpu time = 00:01:29, elapsed time = 00:00:17, memory = 1333.71 (MB), peak = 1338.61 (MB)
Total wire length = 132910 um.
Total wire length on LAYER li1 = 0 um.
Total wire length on LAYER met1 = 52449 um.
Total wire length on LAYER met2 = 59997 um.
Total wire length on LAYER met3 = 13142 um.
Total wire length on LAYER met4 = 7131 um.
Total wire length on LAYER met5 = 189 um.
Total number of vias = 27221.
Up-via summary (total 27221):

------------------------
 FR_MASTERSLICE        0
            li1    12098
           met1    13890
           met2      976
           met3      253
           met4        4
------------------------
               27221


[INFO DRT-0195] Start 3rd optimization iteration.
    Completing 10% with 590 violations.
    elapsed time = 00:00:00, memory = 1336.31 (MB).
    Completing 20% with 590 violations.
    elapsed time = 00:00:01, memory = 1352.96 (MB).
    Completing 30% with 414 violations.
    elapsed time = 00:00:02, memory = 1352.96 (MB).
    Completing 40% with 414 violations.
    elapsed time = 00:00:03, memory = 1352.97 (MB).
    Completing 50% with 414 violations.
    elapsed time = 00:00:04, memory = 1352.97 (MB).
    Completing 60% with 274 violations.
    elapsed time = 00:00:04, memory = 1376.73 (MB).
    Completing 70% with 274 violations.
    elapsed time = 00:00:07, memory = 1376.84 (MB).
    Completing 80% with 190 violations.
    elapsed time = 00:00:07, memory = 1376.84 (MB).
    Completing 90% with 190 violations.
    elapsed time = 00:00:08, memory = 1376.85 (MB).
    Completing 100% with 55 violations.
    elapsed time = 00:00:09, memory = 1378.33 (MB).
[INFO DRT-0199]   Number of violations = 55.
Viol/Layer        met1   met2
Metal Spacing       23      1
Short               31      0
[INFO DRT-0267] cpu time = 00:00:57, elapsed time = 00:00:09, memory = 1378.33 (MB), peak = 1381.70 (MB)
Total wire length = 132836 um.
Total wire length on LAYER li1 = 0 um.
Total wire length on LAYER met1 = 50518 um.
Total wire length on LAYER met2 = 60047 um.
Total wire length on LAYER met3 = 14924 um.
Total wire length on LAYER met4 = 7156 um.
Total wire length on LAYER met5 = 189 um.
Total number of vias = 27524.
Up-via summary (total 27524):

------------------------
 FR_MASTERSLICE        0
            li1    12093
           met1    13932
           met2     1235
           met3      260
           met4        4
------------------------
               27524


[INFO DRT-0195] Start 4th guides tiles iteration.
    Completing 10% with 55 violations.
    elapsed time = 00:00:00, memory = 1378.33 (MB).
    Completing 20% with 55 violations.
    elapsed time = 00:00:00, memory = 1378.33 (MB).
    Completing 30% with 55 violations.
    elapsed time = 00:00:00, memory = 1378.33 (MB).
    Completing 40% with 55 violations.
    elapsed time = 00:00:00, memory = 1378.33 (MB).
    Completing 50% with 55 violations.
    elapsed time = 00:00:00, memory = 1378.33 (MB).
    Completing 60% with 0 violations.
    elapsed time = 00:00:00, memory = 1378.33 (MB).
    Completing 70% with 0 violations.
    elapsed time = 00:00:00, memory = 1378.33 (MB).
    Completing 80% with 0 violations.
    elapsed time = 00:00:00, memory = 1378.33 (MB).
    Completing 100% with 0 violations.
    elapsed time = 00:00:00, memory = 1378.33 (MB).
[INFO DRT-0199]   Number of violations = 0.
[INFO DRT-0267] cpu time = 00:00:05, elapsed time = 00:00:00, memory = 1378.33 (MB), peak = 1381.70 (MB)
Total wire length = 132826 um.
Total wire length on LAYER li1 = 0 um.
Total wire length on LAYER met1 = 50474 um.
Total wire length on LAYER met2 = 60050 um.
Total wire length on LAYER met3 = 14965 um.
Total wire length on LAYER met4 = 7146 um.
Total wire length on LAYER met5 = 189 um.
Total number of vias = 27519.
Up-via summary (total 27519):

------------------------
 FR_MASTERSLICE        0
            li1    12093
           met1    13926
           met2     1238
           met3      258
           met4        4
------------------------
               27519


[INFO DRT-0198] Complete detail routing.
Total wire length = 132826 um.
Total wire length on LAYER li1 = 0 um.
Total wire length on LAYER met1 = 50474 um.
Total wire length on LAYER met2 = 60050 um.
Total wire length on LAYER met3 = 14965 um.
Total wire length on LAYER met4 = 7146 um.
Total wire length on LAYER met5 = 189 um.
Total number of vias = 27519.
Up-via summary (total 27519):

------------------------
 FR_MASTERSLICE        0
            li1    12093
           met1    13926
           met2     1238
           met3      258
           met4        4
------------------------
               27519


[INFO DRT-0267] cpu time = 00:05:36, elapsed time = 00:01:03, memory = 1378.45 (MB), peak = 1381.70 (MB)

[INFO DRT-0180] Post processing.
+ check_antennas 
[INFO ANT-0002] Found 4 net violations.
[INFO ANT-0001] Found 4 pin violations.
[INFO] Running antenna repair iteration 1…
+ repair_antennas sky130_fd_sc_hd__diode_2 -ratio_margin 10
[INFO GRT-0012] Found 4 antenna violations.
[INFO GRT-0015] Inserted 4 diodes.
+ detailed_route -droute_end_iter 64 -or_seed 42 -verbose 1 -output_drc /home/Ven/vscode/VRAI/runs/RUN_2026-07-29_11-20-22/45-openroad-detailedrouting/drt-run-1/VRAI_SYNC_CORE.drc
[INFO DRT-0024]   Complete FR_MASTERSLICE.
[INFO DRT-0024]   Complete licon.
[INFO DRT-0024]   Complete li1.
[INFO DRT-0024]   Complete mcon.
[INFO DRT-0024]   Complete met1.
[INFO DRT-0024]   Complete via.
[INFO DRT-0024]   Complete met2.
[INFO DRT-0024]   Complete via2.
[INFO DRT-0024]   Complete met3.
[INFO DRT-0024]   Complete via3.
[INFO DRT-0024]   Complete met4.
[INFO DRT-0024]   Complete via4.
[INFO DRT-0024]   Complete met5.
[INFO DRT-0165] Start pin access.
[INFO DRT-0076]   Complete 1000 pins.
[INFO DRT-0078]   Complete 1968 pins.
[INFO DRT-0079]   Complete 100 unique inst patterns.
[INFO DRT-0079]   Complete 200 unique inst patterns.
[INFO DRT-0081]   Complete 248 unique inst patterns.
[INFO DRT-0084]   Complete 2106 groups.
#scanned instances     = 4231
#unique  instances     = 248
#stdCellGenAp          = 7180
#stdCellValidPlanarAp  = 84
#stdCellValidViaAp     = 5610
#stdCellPinNoAp        = 0
#stdCellPinCnt         = 12151
#instTermValidViaApCnt = 0
#macroGenAp            = 0
#macroValidPlanarAp    = 0
#macroValidViaAp       = 0
#macroNoAp             = 0
[INFO DRT-0166] Complete pin access.
[INFO DRT-0267] cpu time = 00:03:42, elapsed time = 00:00:15, memory = 1380.09 (MB), peak = 1381.70 (MB)

[INFO DRT-0157] Number of guides:     29378

[INFO DRT-0169] Post process guides.
[INFO DRT-0176] GCELLGRID X 0 DO 39 STEP 6900 ;
[INFO DRT-0177] GCELLGRID Y 0 DO 40 STEP 6900 ;
[INFO DRT-0028]   Complete FR_MASTERSLICE.
[INFO DRT-0028]   Complete licon.
[INFO DRT-0028]   Complete li1.
[INFO DRT-0028]   Complete mcon.
[INFO DRT-0028]   Complete met1.
[INFO DRT-0028]   Complete via.
[INFO DRT-0028]   Complete met2.
[INFO DRT-0028]   Complete via2.
[INFO DRT-0028]   Complete met3.
[INFO DRT-0028]   Complete via3.
[INFO DRT-0028]   Complete met4.
[INFO DRT-0028]   Complete via4.
[INFO DRT-0028]   Complete met5.
[INFO DRT-0178] Init guide query.
[INFO DRT-0035]   Complete FR_MASTERSLICE (guide).
[INFO DRT-0035]   Complete licon (guide).
[INFO DRT-0035]   Complete li1 (guide).
[INFO DRT-0035]   Complete mcon (guide).
[INFO DRT-0035]   Complete met1 (guide).
[INFO DRT-0035]   Complete via (guide).
[INFO DRT-0035]   Complete met2 (guide).
[INFO DRT-0035]   Complete via2 (guide).
[INFO DRT-0035]   Complete met3 (guide).
[INFO DRT-0035]   Complete via3 (guide).
[INFO DRT-0035]   Complete met4 (guide).
[INFO DRT-0035]   Complete via4 (guide).
[INFO DRT-0035]   Complete met5 (guide).
[INFO DRT-0036] FR_MASTERSLICE guide region query size = 0.
[INFO DRT-0036] licon guide region query size = 0.
[INFO DRT-0036] li1 guide region query size = 9745.
[INFO DRT-0036] mcon guide region query size = 0.
[INFO DRT-0036] met1 guide region query size = 8953.
[INFO DRT-0036] via guide region query size = 0.
[INFO DRT-0036] met2 guide region query size = 5068.
[INFO DRT-0036] via2 guide region query size = 0.
[INFO DRT-0036] met3 guide region query size = 622.
[INFO DRT-0036] via3 guide region query size = 0.
[INFO DRT-0036] met4 guide region query size = 148.
[INFO DRT-0036] via4 guide region query size = 0.
[INFO DRT-0036] met5 guide region query size = 2.
[INFO DRT-0179] Init gr pin query.
[INFO DRT-0267] cpu time = 00:00:00, elapsed time = 00:00:00, memory = 1380.09 (MB), peak = 1381.70 (MB)
[INFO DRT-0245] skipped writing guide updates to database.
[INFO DRT-0185] Post process initialize RPin region query.
[INFO DRT-0181] Start track assignment.
[INFO DRT-0184] Done with 14961 vertical wires in 1 frboxes and 9577 horizontal wires in 1 frboxes.
[INFO DRT-0186] Done with 1762 vertical wires in 1 frboxes and 2782 horizontal wires in 1 frboxes.
[INFO DRT-0182] Complete track assignment.
[INFO DRT-0267] cpu time = 00:00:07, elapsed time = 00:00:01, memory = 1380.09 (MB), peak = 1381.70 (MB)
[INFO DRT-0187] Start routing data preparation.
[INFO DRT-0267] cpu time = 00:00:00, elapsed time = 00:00:00, memory = 1380.09 (MB), peak = 1381.70 (MB)
[INFO DRT-0194] Start detail routing.
[INFO DRT-0195] Start 0th optimization iteration.
    Completing 10% with 0 violations.
    elapsed time = 00:00:00, memory = 1380.09 (MB).
    Completing 20% with 0 violations.
    elapsed time = 00:00:00, memory = 1380.09 (MB).
    Completing 30% with 18 violations.
    elapsed time = 00:00:01, memory = 1411.90 (MB).
    Completing 40% with 18 violations.
    elapsed time = 00:00:01, memory = 1411.90 (MB).
    Completing 50% with 18 violations.
    elapsed time = 00:00:01, memory = 1380.09 (MB).
    Completing 60% with 47 violations.
    elapsed time = 00:00:02, memory = 1380.09 (MB).
    Completing 70% with 47 violations.
    elapsed time = 00:00:02, memory = 1380.09 (MB).
    Completing 80% with 70 violations.
    elapsed time = 00:00:02, memory = 1380.09 (MB).
    Completing 90% with 70 violations.
    elapsed time = 00:00:03, memory = 1380.09 (MB).
    Completing 100% with 90 violations.
    elapsed time = 00:00:03, memory = 1380.09 (MB).
[INFO DRT-0199]   Number of violations = 118.
Viol/Layer        met1   met2   met3
Metal Spacing        9      2      0
Recheck             20      8      0
Short               43     31      5
[INFO DRT-0267] cpu time = 00:00:31, elapsed time = 00:00:04, memory = 1475.92 (MB), peak = 1474.85 (MB)
Total wire length = 132859 um.
Total wire length on LAYER li1 = 0 um.
Total wire length on LAYER met1 = 50540 um.
Total wire length on LAYER met2 = 60192 um.
Total wire length on LAYER met3 = 14891 um.
Total wire length on LAYER met4 = 7044 um.
Total wire length on LAYER met5 = 189 um.
Total number of vias = 27544.
Up-via summary (total 27544):

------------------------
 FR_MASTERSLICE        0
            li1    12100
           met1    13948
           met2     1238
           met3      254
           met4        4
------------------------
               27544


[INFO DRT-0195] Start 1st optimization iteration.
    Completing 10% with 118 violations.
    elapsed time = 00:00:00, memory = 1475.92 (MB).
    Completing 20% with 118 violations.
    elapsed time = 00:00:00, memory = 1475.92 (MB).
    Completing 30% with 105 violations.
    elapsed time = 00:00:01, memory = 1505.00 (MB).
    Completing 40% with 105 violations.
    elapsed time = 00:00:01, memory = 1505.00 (MB).
    Completing 50% with 105 violations.
    elapsed time = 00:00:01, memory = 1475.92 (MB).
    Completing 60% with 73 violations.
    elapsed time = 00:00:02, memory = 1541.98 (MB).
    Completing 70% with 73 violations.
    elapsed time = 00:00:02, memory = 1507.98 (MB).
    Completing 80% with 64 violations.
    elapsed time = 00:00:02, memory = 1377.22 (MB).
    Completing 90% with 64 violations.
    elapsed time = 00:00:03, memory = 1377.22 (MB).
    Completing 100% with 11 violations.
    elapsed time = 00:00:03, memory = 1377.22 (MB).
[INFO DRT-0199]   Number of violations = 11.
Viol/Layer        met1   met2
Short                6      5
[INFO DRT-0267] cpu time = 00:00:31, elapsed time = 00:00:03, memory = 1475.90 (MB), peak = 1540.96 (MB)
Total wire length = 132814 um.
Total wire length on LAYER li1 = 0 um.
Total wire length on LAYER met1 = 50539 um.
Total wire length on LAYER met2 = 60149 um.
Total wire length on LAYER met3 = 14892 um.
Total wire length on LAYER met4 = 7043 um.
Total wire length on LAYER met5 = 189 um.
Total number of vias = 27544.
Up-via summary (total 27544):

------------------------
 FR_MASTERSLICE        0
            li1    12099
           met1    13948
           met2     1239
           met3      254
           met4        4
------------------------
               27544


[INFO DRT-0195] Start 2nd optimization iteration.
    Completing 10% with 11 violations.
    elapsed time = 00:00:00, memory = 1475.90 (MB).
    Completing 20% with 11 violations.
    elapsed time = 00:00:00, memory = 1475.90 (MB).
    Completing 30% with 11 violations.
    elapsed time = 00:00:00, memory = 1475.90 (MB).
    Completing 40% with 10 violations.
    elapsed time = 00:00:00, memory = 1475.90 (MB).
    Completing 50% with 10 violations.
    elapsed time = 00:00:00, memory = 1475.90 (MB).
    Completing 60% with 6 violations.
    elapsed time = 00:00:01, memory = 1475.90 (MB).
    Completing 70% with 6 violations.
    elapsed time = 00:00:01, memory = 1475.90 (MB).
    Completing 80% with 6 violations.
    elapsed time = 00:00:01, memory = 1475.90 (MB).
    Completing 90% with 4 violations.
    elapsed time = 00:00:01, memory = 1475.90 (MB).
    Completing 100% with 1 violations.
    elapsed time = 00:00:02, memory = 1476.54 (MB).
[INFO DRT-0199]   Number of violations = 1.
Viol/Layer        met2
Metal Spacing        1
[INFO DRT-0267] cpu time = 00:00:15, elapsed time = 00:00:02, memory = 1377.86 (MB), peak = 1540.96 (MB)
Total wire length = 132813 um.
Total wire length on LAYER li1 = 0 um.
Total wire length on LAYER met1 = 50556 um.
Total wire length on LAYER met2 = 60129 um.
Total wire length on LAYER met3 = 14893 um.
Total wire length on LAYER met4 = 7044 um.
Total wire length on LAYER met5 = 189 um.
Total number of vias = 27540.
Up-via summary (total 27540):

------------------------
 FR_MASTERSLICE        0
            li1    12098
           met1    13945
           met2     1239
           met3      254
           met4        4
------------------------
               27540


[INFO DRT-0195] Start 3rd guides tiles iteration.
    Completing 50% with 1 violations.
    elapsed time = 00:00:00, memory = 1377.86 (MB).
    Completing 100% with 0 violations.
    elapsed time = 00:00:00, memory = 1377.86 (MB).
[INFO DRT-0199]   Number of violations = 0.
[INFO DRT-0267] cpu time = 00:00:03, elapsed time = 00:00:00, memory = 1476.54 (MB), peak = 1540.96 (MB)
Total wire length = 132813 um.
Total wire length on LAYER li1 = 0 um.
Total wire length on LAYER met1 = 50558 um.
Total wire length on LAYER met2 = 60128 um.
Total wire length on LAYER met3 = 14893 um.
Total wire length on LAYER met4 = 7044 um.
Total wire length on LAYER met5 = 189 um.
Total number of vias = 27541.
Up-via summary (total 27541):

------------------------
 FR_MASTERSLICE        0
            li1    12098
           met1    13946
           met2     1239
           met3      254
           met4        4
------------------------
               27541


[INFO DRT-0198] Complete detail routing.
Total wire length = 132813 um.
Total wire length on LAYER li1 = 0 um.
Total wire length on LAYER met1 = 50558 um.
Total wire length on LAYER met2 = 60128 um.
Total wire length on LAYER met3 = 14893 um.
Total wire length on LAYER met4 = 7044 um.
Total wire length on LAYER met5 = 189 um.
Total number of vias = 27541.
Up-via summary (total 27541):

------------------------
 FR_MASTERSLICE        0
            li1    12098
           met1    13946
           met2     1239
           met3      254
           met4        4
------------------------
               27541


[INFO DRT-0267] cpu time = 00:01:21, elapsed time = 00:00:10, memory = 1476.54 (MB), peak = 1540.96 (MB)

[INFO DRT-0180] Post processing.
+ check_antennas 
[INFO ANT-0002] Found 0 net violations.
[INFO ANT-0001] Found 0 pin violations.
Setting global connections for newly added cells…
[INFO] Setting global connections...
[INFO ODB-0403] 16 connections made, 0 conflicts skipped.
Updating metrics…
Cell type report:                       Count       Area
  Fill cell                               188     705.68
  Tap cell                                912    1141.09
  Antenna cell                              4      10.01
  Clock buffer                             72     934.65
  Timing Repair Buffer                    181    1965.64
  Inverter                                 67     253.99
  Clock inverter                            8      82.58
  Sequential cell                         416    8863.50
  Multi-Input combinational cell         2383   24303.31
  Total                                  4231   38260.44
Writing OpenROAD database to '/home/Ven/vscode/VRAI/runs/RUN_2026-07-29_11-20-22/45-openroad-detailedrouting/VRAI_SYNC_CORE.odb'…
Writing netlist to '/home/Ven/vscode/VRAI/runs/RUN_2026-07-29_11-20-22/45-openroad-detailedrouting/VRAI_SYNC_CORE.nl.v'…
Writing powered netlist to '/home/Ven/vscode/VRAI/runs/RUN_2026-07-29_11-20-22/45-openroad-detailedrouting/VRAI_SYNC_CORE.pnl.v'…
Writing layout to '/home/Ven/vscode/VRAI/runs/RUN_2026-07-29_11-20-22/45-openroad-detailedrouting/VRAI_SYNC_CORE.def'…
Writing timing constraints to '/home/Ven/vscode/VRAI/runs/RUN_2026-07-29_11-20-22/45-openroad-detailedrouting/VRAI_SYNC_CORE.sdc'…
