
===========================================================================
 report_power
============================================================================
======================= nom_tt_025C_1v80 Corner ===================================

Group                    Internal    Switching      Leakage        Total
                            Power        Power        Power        Power (Watts)
------------------------------------------------------------------------
Sequential           6.464018e-04 3.954552e-05 3.402940e-09 6.859507e-04  70.7%
Combinational        1.641355e-04 1.197252e-04 8.497181e-09 2.838692e-04  29.3%
Clock                0.000000e+00 0.000000e+00 0.000000e+00 0.000000e+00   0.0%
Macro                0.000000e+00 0.000000e+00 0.000000e+00 0.000000e+00   0.0%
Pad                  0.000000e+00 0.000000e+00 0.000000e+00 0.000000e+00   0.0%
------------------------------------------------------------------------
Total                8.105374e-04 1.592704e-04 1.190011e-08 9.698197e-04 100.0%
                            83.6%        16.4%         0.0%

