
===========================================================================
report_checks -unconstrained
===========================================================================
======================= max_ss_100C_1v60 Corner ===================================

Startpoint: _5127_ (rising edge-triggered flip-flop clocked by CLK)
Endpoint: _5221_ (rising edge-triggered flip-flop clocked by CLK)
Path Group: CLK
Path Type: max

Fanout         Cap        Slew       Delay        Time   Description
---------------------------------------------------------------------------------------------
                                  0.000000    0.000000   clock CLK (rise edge)
                                  0.000000    0.000000   clock source latency
     1    0.027861    0.000000    0.000000    0.000000 ^ CLK (in)
                                                         CLK (net)
                      0.002446    0.001223    0.001223 ^ clkbuf_0_CLK/A (sky130_fd_sc_hd__clkbuf_16)
     4    0.056218    0.115343    0.236813    0.238036 ^ clkbuf_0_CLK/X (sky130_fd_sc_hd__clkbuf_16)
                                                         clknet_0_CLK (net)
                      0.115714    0.004476    0.242512 ^ clkbuf_2_2__f_CLK/A (sky130_fd_sc_hd__clkbuf_16)
    12    0.085452    0.156314    0.318322    0.560834 ^ clkbuf_2_2__f_CLK/X (sky130_fd_sc_hd__clkbuf_16)
                                                         clknet_2_2__leaf_CLK (net)
                      0.156711    0.005534    0.566368 ^ clkbuf_leaf_8_CLK/A (sky130_fd_sc_hd__clkbuf_8)
    11    0.029077    0.105666    0.295454    0.861821 ^ clkbuf_leaf_8_CLK/X (sky130_fd_sc_hd__clkbuf_8)
                                                         clknet_leaf_8_CLK (net)
                      0.105693    0.001627    0.863448 ^ _5127_/CLK (sky130_fd_sc_hd__dfxtp_4)
    18    0.137666    0.613696    1.112783    1.976231 ^ _5127_/Q (sky130_fd_sc_hd__dfxtp_4)
                                                         _0008_ (net)
                      0.613765    0.007038    1.983269 ^ max_cap179/A (sky130_fd_sc_hd__buf_12)
    24    0.185433    0.339044    0.559071    2.542341 ^ max_cap179/X (sky130_fd_sc_hd__buf_12)
                                                         net179 (net)
                      0.340746    0.019954    2.562295 ^ max_cap178/A (sky130_fd_sc_hd__buf_12)
    24    0.185429    0.337183    0.471783    3.034077 ^ max_cap178/X (sky130_fd_sc_hd__buf_12)
                                                         net178 (net)
                      0.340830    0.028334    3.062412 ^ _2534_/S0 (sky130_fd_sc_hd__mux4_2)
     1    0.001802    0.136064    1.159317    4.221729 v _2534_/X (sky130_fd_sc_hd__mux4_2)
                                                         _0464_ (net)
                      0.136064    0.000082    4.221811 v _2535_/B (sky130_fd_sc_hd__or2_2)
     1    0.003396    0.113545    0.646008    4.867819 v _2535_/X (sky130_fd_sc_hd__or2_2)
                                                         _0465_ (net)
                      0.113545    0.000256    4.868075 v _2540_/A1 (sky130_fd_sc_hd__a22o_2)
    17    0.096060    0.430136    0.788180    5.656255 v _2540_/X (sky130_fd_sc_hd__a22o_2)
                                                         _0470_ (net)
                      0.430286    0.007631    5.663886 v _2627_/B (sky130_fd_sc_hd__or2_2)
     4    0.015090    0.176010    0.868867    6.532753 v _2627_/X (sky130_fd_sc_hd__or2_2)
                                                         _0557_ (net)
                      0.176012    0.000925    6.533678 v _2628_/B (sky130_fd_sc_hd__and2_2)
     7    0.025012    0.157545    0.554355    7.088033 v _2628_/X (sky130_fd_sc_hd__and2_2)
                                                         _0558_ (net)
                      0.157555    0.001378    7.089411 v _3775_/C (sky130_fd_sc_hd__or4_2)
     2    0.005180    0.238648    1.513513    8.602925 v _3775_/X (sky130_fd_sc_hd__or4_2)
                                                         _1335_ (net)
                      0.238648    0.000203    8.603127 v _3832_/A2 (sky130_fd_sc_hd__o31a_2)
     3    0.023512    0.177175    0.806971    9.410099 v _3832_/X (sky130_fd_sc_hd__o31a_2)
                                                         _1391_ (net)
                      0.177216    0.002562    9.412662 v _4109_/A2 (sky130_fd_sc_hd__a21oi_2)
     3    0.014605    0.323485    0.404805    9.817466 ^ _4109_/Y (sky130_fd_sc_hd__a21oi_2)
                                                         _1661_ (net)
                      0.323485    0.001226    9.818692 ^ _4125_/B (sky130_fd_sc_hd__nand2_2)
     2    0.010195    0.120679    0.221205   10.039897 v _4125_/Y (sky130_fd_sc_hd__nand2_2)
                                                         _1676_ (net)
                      0.120681    0.000754   10.040651 v _4144_/B (sky130_fd_sc_hd__nand2_2)
     3    0.013035    0.133276    0.174190   10.214842 ^ _4144_/Y (sky130_fd_sc_hd__nand2_2)
                                                         _1694_ (net)
                      0.133280    0.000880   10.215722 ^ _4172_/A2 (sky130_fd_sc_hd__a21o_2)
     2    0.005638    0.073750    0.278007   10.493729 ^ _4172_/X (sky130_fd_sc_hd__a21o_2)
                                                         _1721_ (net)
                      0.073750    0.000401   10.494129 ^ _4174_/A_N (sky130_fd_sc_hd__and3b_2)
     1    0.001934    0.066613    0.407532   10.901661 v _4174_/X (sky130_fd_sc_hd__and3b_2)
                                                         _1723_ (net)
                      0.066613    0.000089   10.901750 v _4185_/B (sky130_fd_sc_hd__or4b_2)
     1    0.003269    0.216795    1.485784   12.387534 v _4185_/X (sky130_fd_sc_hd__or4b_2)
                                                         _1734_ (net)
                      0.216795    0.000158   12.387692 v _4186_/D (sky130_fd_sc_hd__or4_2)
     1    0.006413    0.248318    1.399771   13.787463 v _4186_/X (sky130_fd_sc_hd__or4_2)
                                                         _1735_ (net)
                      0.248318    0.000424   13.787887 v _4187_/B2 (sky130_fd_sc_hd__o221a_2)
     1    0.002773    0.078705    0.503785   14.291672 v _4187_/X (sky130_fd_sc_hd__o221a_2)
                                                         _0369_ (net)
                      0.078705    0.000193   14.291864 v _5221_/D (sky130_fd_sc_hd__dfxtp_2)
                                             14.291864   data arrival time

                                 26.000000   26.000000   clock CLK (rise edge)
                                  0.000000   26.000000   clock source latency
     1    0.027861    0.000000    0.000000   26.000000 ^ CLK (in)
                                                         CLK (net)
                      0.002446    0.001224   26.001223 ^ clkbuf_0_CLK/A (sky130_fd_sc_hd__clkbuf_16)
     4    0.056218    0.115343    0.236811   26.238035 ^ clkbuf_0_CLK/X (sky130_fd_sc_hd__clkbuf_16)
                                                         clknet_0_CLK (net)
                      0.115676    0.004169   26.242205 ^ clkbuf_2_3__f_CLK/A (sky130_fd_sc_hd__clkbuf_16)
     9    0.075916    0.142932    0.308443   26.550648 ^ clkbuf_2_3__f_CLK/X (sky130_fd_sc_hd__clkbuf_16)
                                                         clknet_2_3__leaf_CLK (net)
                      0.142978    0.002528   26.553175 ^ clkbuf_leaf_20_CLK/A (sky130_fd_sc_hd__clkbuf_8)
    10    0.029787    0.107350    0.290790   26.843964 ^ clkbuf_leaf_20_CLK/X (sky130_fd_sc_hd__clkbuf_8)
                                                         clknet_leaf_20_CLK (net)
                      0.107375    0.001593   26.845558 ^ _5221_/CLK (sky130_fd_sc_hd__dfxtp_2)
                                  0.000000   26.845558   clock reconvergence pessimism
                                 -0.267880   26.577677   library setup time
                                             26.577677   data required time
---------------------------------------------------------------------------------------------
                                             26.577677   data required time
                                            -14.291864   data arrival time
---------------------------------------------------------------------------------------------
                                             12.285813   slack (MET)




===========================================================================
report_checks --slack_max -0.01
============================================================================
======================= max_ss_100C_1v60 Corner ===================================

No paths found.


===========================================================================
 report_check_types -max_slew -max_cap -max_fanout -violators
============================================================================
======================= max_ss_100C_1v60 Corner ===================================



===========================================================================
report_parasitic_annotation -report_unannotated
============================================================================
Found 33 unannotated drivers.
 clkload0/Y
 clkload1/Y
 clkload10/X
 clkload11/X
 clkload12/Y
 clkload13/X
 clkload14/X
 clkload15/X
 clkload16/X
 clkload17/X
 clkload18/X
 clkload19/X
 clkload2/Y
 clkload20/X
 clkload21/X
 clkload22/X
 clkload23/X
 clkload24/X
 clkload25/Y
 clkload26/Y
 clkload27/X
 clkload28/X
 clkload29/X
 clkload3/X
 clkload30/X
 clkload31/X
 clkload32/Y
 clkload4/X
 clkload5/Y
 clkload6/X
 clkload7/X
 clkload8/X
 clkload9/X
Found 0 partially unannotated drivers.

===========================================================================
max slew violation count 0
Writing metric design__max_slew_violation__count__corner:max_ss_100C_1v60: 0
max fanout violation count 0
Writing metric design__max_fanout_violation__count__corner:max_ss_100C_1v60: 0
max cap violation count 0
Writing metric design__max_cap_violation__count__corner:max_ss_100C_1v60: 0
============================================================================

===========================================================================
check_setup -verbose -unconstrained_endpoints -multiple_clock -no_clock -no_input_delay -loops -generated_clocks
===========================================================================
Warning: There are 49 input ports missing set_input_delay.
  INSTR_STREAM[0]
  INSTR_STREAM[10]
  INSTR_STREAM[11]
  INSTR_STREAM[12]
  INSTR_STREAM[13]
  INSTR_STREAM[14]
  INSTR_STREAM[15]
  INSTR_STREAM[16]
  INSTR_STREAM[17]
  INSTR_STREAM[18]
  INSTR_STREAM[19]
  INSTR_STREAM[1]
  INSTR_STREAM[20]
  INSTR_STREAM[21]
  INSTR_STREAM[22]
  INSTR_STREAM[23]
  INSTR_STREAM[24]
  INSTR_STREAM[25]
  INSTR_STREAM[26]
  INSTR_STREAM[27]
  INSTR_STREAM[28]
  INSTR_STREAM[29]
  INSTR_STREAM[2]
  INSTR_STREAM[30]
  INSTR_STREAM[31]
  INSTR_STREAM[3]
  INSTR_STREAM[4]
  INSTR_STREAM[5]
  INSTR_STREAM[6]
  INSTR_STREAM[7]
  INSTR_STREAM[8]
  INSTR_STREAM[9]
  MEM_LD_DATA[0]
  MEM_LD_DATA[10]
  MEM_LD_DATA[11]
  MEM_LD_DATA[12]
  MEM_LD_DATA[13]
  MEM_LD_DATA[14]
  MEM_LD_DATA[15]
  MEM_LD_DATA[1]
  MEM_LD_DATA[2]
  MEM_LD_DATA[3]
  MEM_LD_DATA[4]
  MEM_LD_DATA[5]
  MEM_LD_DATA[6]
  MEM_LD_DATA[7]
  MEM_LD_DATA[8]
  MEM_LD_DATA[9]
  RESET
Warning: There are 58 unconstrained endpoints.
  DEVICES_LDH
  DEVICES_LDW
  DEVICES_STRH
  DEVICES_STRW
  EX_HALT
  INSTR_ADDR[0]
  INSTR_ADDR[10]
  INSTR_ADDR[11]
  INSTR_ADDR[12]
  INSTR_ADDR[13]
  INSTR_ADDR[14]
  INSTR_ADDR[15]
  INSTR_ADDR[1]
  INSTR_ADDR[2]
  INSTR_ADDR[3]
  INSTR_ADDR[4]
  INSTR_ADDR[5]
  INSTR_ADDR[6]
  INSTR_ADDR[7]
  INSTR_ADDR[8]
  INSTR_ADDR[9]
  INVALID_MEM
  MAIN_LDH
  MAIN_LDW
  MAIN_STRH
  MAIN_STRW
  MEM_ADDR[0]
  MEM_ADDR[10]
  MEM_ADDR[11]
  MEM_ADDR[12]
  MEM_ADDR[13]
  MEM_ADDR[14]
  MEM_ADDR[15]
  MEM_ADDR[1]
  MEM_ADDR[2]
  MEM_ADDR[3]
  MEM_ADDR[4]
  MEM_ADDR[5]
  MEM_ADDR[6]
  MEM_ADDR[7]
  MEM_ADDR[8]
  MEM_ADDR[9]
  MEM_STR_DATA[0]
  MEM_STR_DATA[10]
  MEM_STR_DATA[11]
  MEM_STR_DATA[12]
  MEM_STR_DATA[13]
  MEM_STR_DATA[14]
  MEM_STR_DATA[15]
  MEM_STR_DATA[1]
  MEM_STR_DATA[2]
  MEM_STR_DATA[3]
  MEM_STR_DATA[4]
  MEM_STR_DATA[5]
  MEM_STR_DATA[6]
  MEM_STR_DATA[7]
  MEM_STR_DATA[8]
  MEM_STR_DATA[9]
