Clock: CLK
Sources: CLK 
Generated: no
Virtual: yes
Propagated: no
Period: 26.000000

===========================================================================
report_clock_properties
============================================================================
Clock                   Period          Waveform
----------------------------------------------------
CLK                  26.000000    0.000000 13.000000

===========================================================================
report_clock_latency
============================================================================
Clock CLK
rise -> rise
    min     max
0.000000 0.000000 source latency
0.839718         network latency _5243_/CLK
        0.876794 network latency _5129_/CLK
---------------
0.839718 0.876794 latency
        0.037077 skew

fall -> fall
    min     max
0.000000 0.000000 source latency
0.863187         network latency _5243_/CLK
        0.891314 network latency _5129_/CLK
---------------
0.863187 0.891314 latency
        0.028127 skew



===========================================================================
report_clock_min_period
============================================================================
CLK period_min = 13.71 fmax = 72.92
