
===========================================================================
report_checks -unconstrained
===========================================================================
======================= min_tt_025C_1v80 Corner ===================================

Startpoint: _5127_ (rising edge-triggered flip-flop clocked by CLK)
Endpoint: DEVICES_STRW (output port clocked by CLK)
Path Group: CLK
Path Type: max

Fanout         Cap        Slew       Delay        Time   Description
---------------------------------------------------------------------------------------------
                                  0.000000    0.000000   clock CLK (rise edge)
                                  0.000000    0.000000   clock source latency
     1    0.041543    0.000000    0.000000    0.000000 ^ CLK (in)
                                                         CLK (net)
                      0.001548    0.000774    0.000774 ^ clkbuf_0_CLK/A (sky130_fd_sc_hd__clkbuf_16)
     4    0.070163    0.087420    0.148360    0.149134 ^ clkbuf_0_CLK/X (sky130_fd_sc_hd__clkbuf_16)
                                                         clknet_0_CLK (net)
                      0.087522    0.001863    0.150998 ^ clkbuf_2_2__f_CLK/A (sky130_fd_sc_hd__clkbuf_16)
    11    0.096870    0.112929    0.199279    0.350277 ^ clkbuf_2_2__f_CLK/X (sky130_fd_sc_hd__clkbuf_16)
                                                         clknet_2_2__leaf_CLK (net)
                      0.112974    0.002142    0.352418 ^ clkbuf_leaf_9_CLK/A (sky130_fd_sc_hd__clkbuf_8)
    11    0.032287    0.069936    0.172474    0.524892 ^ clkbuf_leaf_9_CLK/X (sky130_fd_sc_hd__clkbuf_8)
                                                         clknet_leaf_9_CLK (net)
                      0.069937    0.000421    0.525313 ^ _5127_/CLK (sky130_fd_sc_hd__dfxtp_4)
    18    0.143494    0.400173    0.606898    1.132211 ^ _5127_/Q (sky130_fd_sc_hd__dfxtp_4)
                                                         _0008_ (net)
                      0.400344    0.001440    1.133651 ^ max_cap183/A (sky130_fd_sc_hd__buf_12)
    24    0.201739    0.233186    0.301950    1.435601 ^ max_cap183/X (sky130_fd_sc_hd__buf_12)
                                                         net183 (net)
                      0.233308    0.004499    1.440100 ^ max_cap182/A (sky130_fd_sc_hd__buf_12)
    24    0.201730    0.232843    0.280438    1.720538 ^ max_cap182/X (sky130_fd_sc_hd__buf_12)
                                                         net182 (net)
                      0.235114    0.018546    1.739084 ^ _2578_/S0 (sky130_fd_sc_hd__mux4_2)
     1    0.003581    0.082674    0.531569    2.270653 v _2578_/X (sky130_fd_sc_hd__mux4_2)
                                                         _0508_ (net)
                      0.082674    0.000052    2.270705 v _2579_/B (sky130_fd_sc_hd__or2_2)
     2    0.007398    0.067208    0.303061    2.573766 v _2579_/X (sky130_fd_sc_hd__or2_2)
                                                         _0509_ (net)
                      0.067208    0.000042    2.573809 v _2586_/A1 (sky130_fd_sc_hd__a22o_2)
     8    0.053505    0.148753    0.359645    2.933454 v _2586_/X (sky130_fd_sc_hd__a22o_2)
                                                         _0516_ (net)
                      0.148756    0.000941    2.934396 v _2587_/B (sky130_fd_sc_hd__and2_2)
     4    0.013839    0.060725    0.265654    3.200050 v _2587_/X (sky130_fd_sc_hd__and2_2)
                                                         _0517_ (net)
                      0.060725    0.000066    3.200115 v _2589_/A (sky130_fd_sc_hd__nor2_2)
     9    0.046426    0.502005    0.421535    3.621650 ^ _2589_/Y (sky130_fd_sc_hd__nor2_2)
                                                         _0519_ (net)
                      0.502007    0.000925    3.622574 ^ _2615_/A1 (sky130_fd_sc_hd__a21o_2)
     2    0.015364    0.089432    0.248552    3.871126 ^ _2615_/X (sky130_fd_sc_hd__a21o_2)
                                                         _0545_ (net)
                      0.089432    0.000262    3.871388 ^ _2621_/A1 (sky130_fd_sc_hd__a21bo_2)
     3    0.021488    0.123876    0.199238    4.070626 ^ _2621_/X (sky130_fd_sc_hd__a21bo_2)
                                                         _0551_ (net)
                      0.123877    0.000673    4.071299 ^ _2626_/A2 (sky130_fd_sc_hd__a31o_2)
     3    0.018556    0.119219    0.228845    4.300143 ^ _2626_/X (sky130_fd_sc_hd__a31o_2)
                                                         _0556_ (net)
                      0.119219    0.000362    4.300506 ^ _2631_/A1 (sky130_fd_sc_hd__a31o_2)
     4    0.040785    0.235242    0.307535    4.608040 ^ _2631_/X (sky130_fd_sc_hd__a31o_2)
                                                         _0561_ (net)
                      0.235242    0.000966    4.609006 ^ _2684_/D_N (sky130_fd_sc_hd__or4b_2)
     3    0.014047    0.142942    0.679812    5.288818 v _2684_/X (sky130_fd_sc_hd__or4b_2)
                                                         _0614_ (net)
                      0.142942    0.000444    5.289262 v _2690_/A1 (sky130_fd_sc_hd__a21o_2)
     4    0.014206    0.060437    0.256252    5.545515 v _2690_/X (sky130_fd_sc_hd__a21o_2)
                                                         _0620_ (net)
                      0.060437    0.000277    5.545792 v _2694_/A3 (sky130_fd_sc_hd__a311o_2)
     4    0.016232    0.088136    0.436080    5.981872 v _2694_/X (sky130_fd_sc_hd__a311o_2)
                                                         _0624_ (net)
                      0.088136    0.000195    5.982066 v _2696_/A2 (sky130_fd_sc_hd__a21bo_2)
     5    0.019642    0.072866    0.271621    6.253686 v _2696_/X (sky130_fd_sc_hd__a21bo_2)
                                                         _0626_ (net)
                      0.072873    0.000768    6.254455 v _2704_/C (sky130_fd_sc_hd__and3_2)
     2    0.016719    0.068751    0.257914    6.512369 v _2704_/X (sky130_fd_sc_hd__and3_2)
                                                         _0628_ (net)
                      0.068751    0.000155    6.512524 v _2705_/B (sky130_fd_sc_hd__and2_2)
     1    0.002855    0.036486    0.193186    6.705710 v _2705_/X (sky130_fd_sc_hd__and2_2)
                                                         net53 (net)
                      0.036486    0.000031    6.705741 v output53/A (sky130_fd_sc_hd__clkdlybuf4s25_1)
     1    0.051710    0.379686    0.502558    7.208300 v output53/X (sky130_fd_sc_hd__clkdlybuf4s25_1)
                                                         DEVICES_STRW (net)
                      0.379686    0.000861    7.209161 v DEVICES_STRW (out)
                                              7.209161   data arrival time

                                 26.000000   26.000000   clock CLK (rise edge)
                                  0.000000   26.000000   clock network delay (propagated)
                                  0.000000   26.000000   clock reconvergence pessimism
                                 -5.000000   20.999998   output external delay
                                             20.999998   data required time
---------------------------------------------------------------------------------------------
                                             20.999998   data required time
                                             -7.209161   data arrival time
---------------------------------------------------------------------------------------------
                                             13.790838   slack (MET)




===========================================================================
report_checks --slack_max -0.01
============================================================================
======================= min_tt_025C_1v80 Corner ===================================

No paths found.


===========================================================================
 report_check_types -max_slew -max_cap -max_fanout -violators
============================================================================
======================= min_tt_025C_1v80 Corner ===================================



===========================================================================
report_parasitic_annotation -report_unannotated
============================================================================
Found 34 unannotated drivers.
 clkload0/X
 clkload1/Y
 clkload10/X
 clkload11/X
 clkload12/Y
 clkload13/Y
 clkload14/Y
 clkload15/Y
 clkload16/Y
 clkload17/X
 clkload18/Y
 clkload19/Y
 clkload2/Y
 clkload20/Y
 clkload21/Y
 clkload22/Y
 clkload23/X
 clkload24/X
 clkload25/X
 clkload26/Y
 clkload27/Y
 clkload28/X
 clkload29/X
 clkload3/Y
 clkload30/X
 clkload31/X
 clkload32/X
 clkload33/Y
 clkload4/X
 clkload5/X
 clkload6/X
 clkload7/X
 clkload8/X
 clkload9/X
Found 0 partially unannotated drivers.

===========================================================================
max slew violation count 0
max fanout violation count 0
max cap violation count 0
============================================================================

===========================================================================
check_setup -verbose -unconstrained_endpoints -multiple_clock -no_clock -no_input_delay -loops -generated_clocks
===========================================================================
