Clock: CLK
Sources: CLK 
Generated: no
Virtual: yes
Propagated: no
Period: 26.000000

===========================================================================
report_clock_properties
============================================================================
Clock                   Period          Waveform
----------------------------------------------------
CLK                  26.000000    0.000000 13.000000

===========================================================================
report_clock_latency
============================================================================
Clock CLK
rise -> rise
    min     max
0.000000 0.000000 source latency
0.509028         network latency _5219_/CLK
        0.552064 network latency _5057_/CLK
---------------
0.509028 0.552064 latency
        0.043036 skew

fall -> fall
    min     max
0.000000 0.000000 source latency
0.512034         network latency _5219_/CLK
        0.542545 network latency _5057_/CLK
---------------
0.512034 0.542545 latency
        0.030511 skew



===========================================================================
report_clock_min_period
============================================================================
CLK period_min = 6.62 fmax = 151.12
