
===========================================================================
report_checks -unconstrained
===========================================================================
======================= nom_ss_100C_1v60 Corner ===================================

Startpoint: _5123_ (rising edge-triggered flip-flop clocked by CLK)
Endpoint: _5219_ (rising edge-triggered flip-flop clocked by CLK)
Path Group: CLK
Path Type: max

Fanout         Cap        Slew       Delay        Time   Description
---------------------------------------------------------------------------------------------
                                  0.000000    0.000000   clock CLK (rise edge)
                                  0.000000    0.000000   clock source latency
     1    0.051287    0.000000    0.000000    0.000000 ^ CLK (in)
                                                         CLK (net)
                      0.005521    0.002761    0.002761 ^ clkbuf_0_CLK/A (sky130_fd_sc_hd__clkbuf_16)
     4    0.073772    0.139206    0.257534    0.260294 ^ clkbuf_0_CLK/X (sky130_fd_sc_hd__clkbuf_16)
                                                         clknet_0_CLK (net)
                      0.139470    0.004063    0.264358 ^ clkbuf_2_0__f_CLK/A (sky130_fd_sc_hd__clkbuf_16)
    14    0.128538    0.216748    0.377559    0.641917 ^ clkbuf_2_0__f_CLK/X (sky130_fd_sc_hd__clkbuf_16)
                                                         clknet_2_0__leaf_CLK (net)
                      0.216772    0.002387    0.644304 ^ clkbuf_leaf_3_CLK/A (sky130_fd_sc_hd__clkbuf_8)
    11    0.027320    0.101162    0.319906    0.964210 ^ clkbuf_leaf_3_CLK/X (sky130_fd_sc_hd__clkbuf_8)
                                                         clknet_leaf_3_CLK (net)
                      0.101163    0.000535    0.964745 ^ _5123_/CLK (sky130_fd_sc_hd__dfxtp_4)
    31    0.251833    1.102797    1.460450    2.425195 ^ _5123_/Q (sky130_fd_sc_hd__dfxtp_4)
                                                         _0008_ (net)
                      1.102953    0.013173    2.438368 ^ max_cap147/A (sky130_fd_sc_hd__buf_12)
    34    0.274359    0.485893    0.763208    3.201576 ^ max_cap147/X (sky130_fd_sc_hd__buf_12)
                                                         net147 (net)
                      0.494327    0.051257    3.252832 ^ _2579_/S0 (sky130_fd_sc_hd__mux4_2)
     1    0.004929    0.160464    1.260369    4.513202 v _2579_/X (sky130_fd_sc_hd__mux4_2)
                                                         _0454_ (net)
                      0.160464    0.000179    4.513380 v _2580_/A1 (sky130_fd_sc_hd__mux2_1)
     2    0.014354    0.212128    0.824778    5.338159 v _2580_/X (sky130_fd_sc_hd__mux2_1)
                                                         _0455_ (net)
                      0.212128    0.000829    5.338987 v _2581_/B1 (sky130_fd_sc_hd__a22oi_2)
    14    0.099050    1.851301    1.472542    6.811529 ^ _2581_/Y (sky130_fd_sc_hd__a22oi_2)
                                                         _0456_ (net)
                      1.851318    0.004857    6.816385 ^ _3929_/B (sky130_fd_sc_hd__or2_2)
     2    0.011954    0.144805    0.750441    7.566826 ^ _3929_/X (sky130_fd_sc_hd__or2_2)
                                                         _1433_ (net)
                      0.144805    0.000136    7.566962 ^ _3931_/B1 (sky130_fd_sc_hd__o211ai_2)
     3    0.012643    0.258858    0.289878    7.856841 v _3931_/Y (sky130_fd_sc_hd__o211ai_2)
                                                         _1435_ (net)
                      0.258858    0.000335    7.857175 v _3935_/A4 (sky130_fd_sc_hd__a41o_2)
     3    0.014930    0.124356    0.638517    8.495692 v _3935_/X (sky130_fd_sc_hd__a41o_2)
                                                         _1439_ (net)
                      0.124357    0.000577    8.496270 v _3941_/A2 (sky130_fd_sc_hd__o31a_2)
     3    0.035114    0.223547    0.808456    9.304726 v _3941_/X (sky130_fd_sc_hd__o31a_2)
                                                         _1445_ (net)
                      0.223582    0.002849    9.307574 v _3942_/B2 (sky130_fd_sc_hd__a221oi_2)
     4    0.023520    0.796555    0.833870   10.141444 ^ _3942_/Y (sky130_fd_sc_hd__a221oi_2)
                                                         _1446_ (net)
                      0.796557    0.001061   10.142506 ^ _4292_/B (sky130_fd_sc_hd__nor2_2)
     2    0.005338    0.142506    0.228529   10.371035 v _4292_/Y (sky130_fd_sc_hd__nor2_2)
                                                         _1785_ (net)
                      0.142506    0.000113   10.371148 v _4311_/C (sky130_fd_sc_hd__or3_2)
     1    0.002578    0.159296    0.977194   11.348342 v _4311_/X (sky130_fd_sc_hd__or3_2)
                                                         _1803_ (net)
                      0.159296    0.000073   11.348415 v _4313_/C (sky130_fd_sc_hd__and4_2)
     1    0.001629    0.068918    0.486752   11.835167 v _4313_/X (sky130_fd_sc_hd__and4_2)
                                                         _1805_ (net)
                      0.068918    0.000030   11.835197 v _4324_/B (sky130_fd_sc_hd__or3b_2)
     1    0.001803    0.151754    0.994961   12.830157 v _4324_/X (sky130_fd_sc_hd__or3b_2)
                                                         _1816_ (net)
                      0.151754    0.000051   12.830209 v _4327_/B1_N (sky130_fd_sc_hd__o21ba_2)
     1    0.010097    0.134134    0.553224   13.383432 ^ _4327_/X (sky130_fd_sc_hd__o21ba_2)
                                                         _1819_ (net)
                      0.134261    0.000357   13.383790 ^ _4328_/B1 (sky130_fd_sc_hd__o21ai_2)
     1    0.002821    0.147877    0.117165   13.500955 v _4328_/Y (sky130_fd_sc_hd__o21ai_2)
                                                         _1820_ (net)
                      0.147877    0.000084   13.501039 v _4329_/B2 (sky130_fd_sc_hd__o221a_2)
     1    0.002541    0.077225    0.458647   13.959686 v _4329_/X (sky130_fd_sc_hd__o221a_2)
                                                         _0371_ (net)
                      0.077225    0.000076   13.959763 v _5219_/D (sky130_fd_sc_hd__dfxtp_2)
                                             13.959763   data arrival time

                                 26.000000   26.000000   clock CLK (rise edge)
                                  0.000000   26.000000   clock source latency
     1    0.051287    0.000000    0.000000   26.000000 ^ CLK (in)
                                                         CLK (net)
                      0.005521    0.002760   26.002760 ^ clkbuf_0_CLK/A (sky130_fd_sc_hd__clkbuf_16)
     4    0.073772    0.139206    0.257534   26.260294 ^ clkbuf_0_CLK/X (sky130_fd_sc_hd__clkbuf_16)
                                                         clknet_0_CLK (net)
                      0.139470    0.004066   26.264360 ^ clkbuf_2_1__f_CLK/A (sky130_fd_sc_hd__clkbuf_16)
    12    0.104736    0.182641    0.350438   26.614798 ^ clkbuf_2_1__f_CLK/X (sky130_fd_sc_hd__clkbuf_16)
                                                         clknet_2_1__leaf_CLK (net)
                      0.183143    0.006787   26.621586 ^ clkbuf_leaf_17_CLK/A (sky130_fd_sc_hd__clkbuf_8)
    11    0.034487    0.116551    0.319471   26.941057 ^ clkbuf_leaf_17_CLK/X (sky130_fd_sc_hd__clkbuf_8)
                                                         clknet_leaf_17_CLK (net)
                      0.116551    0.000448   26.941504 ^ _5219_/CLK (sky130_fd_sc_hd__dfxtp_2)
                                  0.000000   26.941504   clock reconvergence pessimism
                                 -0.264780   26.676723   library setup time
                                             26.676723   data required time
---------------------------------------------------------------------------------------------
                                             26.676723   data required time
                                            -13.959763   data arrival time
---------------------------------------------------------------------------------------------
                                             12.716961   slack (MET)




===========================================================================
report_checks --slack_max -0.01
============================================================================
======================= nom_ss_100C_1v60 Corner ===================================

No paths found.


===========================================================================
 report_check_types -max_slew -max_cap -max_fanout -violators
============================================================================
======================= nom_ss_100C_1v60 Corner ===================================

max slew

Pin                                        Limit        Slew       Slack
------------------------------------------------------------------------
_3971_/A0                               1.500000    1.904827   -0.404827 (VIOLATED)
_3656_/A1                               1.500000    1.904824   -0.404824 (VIOLATED)
_4420_/A1                               1.500000    1.904815   -0.404816 (VIOLATED)
_4096_/A1                               1.500000    1.904815   -0.404815 (VIOLATED)
_4636_/A1                               1.500000    1.904812   -0.404812 (VIOLATED)
_3641_/A1                               1.500000    1.904807   -0.404807 (VIOLATED)
_3826_/A                                1.500000    1.904799   -0.404799 (VIOLATED)
_3825_/A                                1.500000    1.904798   -0.404798 (VIOLATED)
_3968_/A0                               1.500000    1.904797   -0.404797 (VIOLATED)
_2611_/B                                1.500000    1.904797   -0.404797 (VIOLATED)
_2610_/B                                1.500000    1.904796   -0.404796 (VIOLATED)
_4382_/A1                               1.500000    1.904786   -0.404786 (VIOLATED)
_4552_/B1                               1.500000    1.904781   -0.404781 (VIOLATED)
_4530_/A1                               1.500000    1.904780   -0.404780 (VIOLATED)
_4493_/A                                1.500000    1.904770   -0.404770 (VIOLATED)
_4446_/A                                1.500000    1.904768   -0.404768 (VIOLATED)
_4044_/A1                               1.500000    1.851368   -0.351368 (VIOLATED)
_4420_/A0                               1.500000    1.851366   -0.351366 (VIOLATED)
_4067_/A                                1.500000    1.851366   -0.351366 (VIOLATED)
_3973_/A1                               1.500000    1.851360   -0.351360 (VIOLATED)
_3641_/A0                               1.500000    1.851357   -0.351357 (VIOLATED)
_3656_/A0                               1.500000    1.851356   -0.351356 (VIOLATED)
_4585_/A1                               1.500000    1.851353   -0.351353 (VIOLATED)
_3966_/A                                1.500000    1.851332   -0.351332 (VIOLATED)
_4381_/B1                               1.500000    1.851323   -0.351324 (VIOLATED)
_3929_/B                                1.500000    1.851318   -0.351318 (VIOLATED)
_3891_/A                                1.500000    1.851317   -0.351317 (VIOLATED)
_4478_/A2                               1.500000    1.851315   -0.351315 (VIOLATED)
_4552_/C1                               1.500000    1.851312   -0.351312 (VIOLATED)
_4530_/A2                               1.500000    1.851310   -0.351311 (VIOLATED)
_4002_/Y                                1.496266    1.818454   -0.322188 (VIOLATED)
_4321_/B1                               1.500000    1.818475   -0.318475 (VIOLATED)
_4300_/B1                               1.500000    1.818474   -0.318474 (VIOLATED)
_4348_/B1                               1.500000    1.818473   -0.318473 (VIOLATED)
_4210_/B1                               1.500000    1.818471   -0.318471 (VIOLATED)
_4273_/B1                               1.500000    1.818471   -0.318471 (VIOLATED)
_4513_/B1                               1.500000    1.818469   -0.318469 (VIOLATED)
_4574_/C1                               1.500000    1.818468   -0.318468 (VIOLATED)
_4372_/A2                               1.500000    1.818468   -0.318468 (VIOLATED)
_4256_/B1                               1.500000    1.818467   -0.318467 (VIOLATED)
_4084_/A2_N                             1.500000    1.818463   -0.318463 (VIOLATED)
_4158_/B1                               1.500000    1.818463   -0.318463 (VIOLATED)
_4135_/B1                               1.500000    1.818462   -0.318462 (VIOLATED)
_4101_/B1                               1.500000    1.818462   -0.318462 (VIOLATED)
_3136_/Y                                1.496266    1.789921   -0.293655 (VIOLATED)
_3139_/B1                               1.500000    1.789986   -0.289987 (VIOLATED)
_3140_/B1                               1.500000    1.789985   -0.289985 (VIOLATED)
_3142_/B1                               1.500000    1.789983   -0.289983 (VIOLATED)
_3137_/B1                               1.500000    1.789978   -0.289978 (VIOLATED)
_3146_/B1                               1.500000    1.789977   -0.289977 (VIOLATED)
_3141_/B1                               1.500000    1.789976   -0.289976 (VIOLATED)
_3148_/B1                               1.500000    1.789974   -0.289974 (VIOLATED)
_3144_/B1                               1.500000    1.789969   -0.289969 (VIOLATED)
_3147_/B1                               1.500000    1.789949   -0.289949 (VIOLATED)
_3138_/B1                               1.500000    1.789940   -0.289940 (VIOLATED)
_3143_/B1                               1.500000    1.789926   -0.289926 (VIOLATED)
_3145_/B1                               1.500000    1.789921   -0.289921 (VIOLATED)
_3149_/B1                               1.500000    1.789921   -0.289921 (VIOLATED)
_3150_/B1                               1.500000    1.789921   -0.289921 (VIOLATED)
_3151_/B1                               1.500000    1.789921   -0.289921 (VIOLATED)
_3152_/B1                               1.500000    1.789921   -0.289921 (VIOLATED)
_3043_/Y                                1.496266    1.783396   -0.287130 (VIOLATED)
_3046_/B1                               1.500000    1.783474   -0.283474 (VIOLATED)
_3047_/B1                               1.500000    1.783472   -0.283472 (VIOLATED)
_3044_/B1                               1.500000    1.783471   -0.283471 (VIOLATED)
_3049_/B1                               1.500000    1.783471   -0.283471 (VIOLATED)
_3048_/B1                               1.500000    1.783461   -0.283461 (VIOLATED)
_3055_/B1                               1.500000    1.783443   -0.283443 (VIOLATED)
_3053_/B1                               1.500000    1.783432   -0.283432 (VIOLATED)
_3051_/B1                               1.500000    1.783416   -0.283416 (VIOLATED)
_3045_/B1                               1.500000    1.783409   -0.283409 (VIOLATED)
_3054_/B1                               1.500000    1.783407   -0.283407 (VIOLATED)
_3056_/B1                               1.500000    1.783404   -0.283404 (VIOLATED)
_3050_/B1                               1.500000    1.783403   -0.283403 (VIOLATED)
_3057_/B1                               1.500000    1.783399   -0.283399 (VIOLATED)
_3059_/B1                               1.500000    1.783399   -0.283399 (VIOLATED)
_3052_/B1                               1.500000    1.783398   -0.283398 (VIOLATED)
_3058_/B1                               1.500000    1.783396   -0.283396 (VIOLATED)
_3061_/Y                                1.496266    1.769619   -0.273353 (VIOLATED)
_3062_/B1                               1.500000    1.769684   -0.269684 (VIOLATED)
_3067_/B1                               1.500000    1.769683   -0.269684 (VIOLATED)
_3064_/B1                               1.500000    1.769683   -0.269683 (VIOLATED)
_3065_/B1                               1.500000    1.769682   -0.269682 (VIOLATED)
_3066_/B1                               1.500000    1.769678   -0.269678 (VIOLATED)
_3073_/B1                               1.500000    1.769677   -0.269677 (VIOLATED)
_3071_/B1                               1.500000    1.769672   -0.269672 (VIOLATED)
_3069_/B1                               1.500000    1.769659   -0.269659 (VIOLATED)
_3063_/B1                               1.500000    1.769645   -0.269645 (VIOLATED)
_3072_/B1                               1.500000    1.769643   -0.269643 (VIOLATED)
_3074_/B1                               1.500000    1.769639   -0.269639 (VIOLATED)
_3068_/B1                               1.500000    1.769638   -0.269638 (VIOLATED)
_3075_/B1                               1.500000    1.769631   -0.269631 (VIOLATED)
_3077_/B1                               1.500000    1.769631   -0.269631 (VIOLATED)
_3070_/B1                               1.500000    1.769625   -0.269625 (VIOLATED)
_3076_/B1                               1.500000    1.769619   -0.269619 (VIOLATED)
_3208_/Y                                1.496266    1.751241   -0.254975 (VIOLATED)
_3211_/B1                               1.500000    1.751317   -0.251317 (VIOLATED)
_3212_/B1                               1.500000    1.751316   -0.251316 (VIOLATED)
_3209_/B1                               1.500000    1.751313   -0.251313 (VIOLATED)
_3214_/B1                               1.500000    1.751313   -0.251313 (VIOLATED)
_3213_/B1                               1.500000    1.751305   -0.251306 (VIOLATED)
_3220_/B1                               1.500000    1.751293   -0.251293 (VIOLATED)
_3218_/B1                               1.500000    1.751275   -0.251275 (VIOLATED)
_3216_/B1                               1.500000    1.751270   -0.251270 (VIOLATED)
_3219_/B1                               1.500000    1.751263   -0.251263 (VIOLATED)
_3210_/B1                               1.500000    1.751260   -0.251260 (VIOLATED)
_3221_/B1                               1.500000    1.751259   -0.251259 (VIOLATED)
_3215_/B1                               1.500000    1.751255   -0.251255 (VIOLATED)
_3223_/B1                               1.500000    1.751244   -0.251244 (VIOLATED)
_3222_/B1                               1.500000    1.751243   -0.251243 (VIOLATED)
_3224_/B1                               1.500000    1.751243   -0.251243 (VIOLATED)
_3217_/B1                               1.500000    1.751241   -0.251241 (VIOLATED)
_3099_/Y                                1.496266    1.706170   -0.209904 (VIOLATED)
_3102_/B1                               1.500000    1.706210   -0.206210 (VIOLATED)
_3100_/B1                               1.500000    1.706210   -0.206210 (VIOLATED)
_3105_/B1                               1.500000    1.706209   -0.206209 (VIOLATED)
_3103_/B1                               1.500000    1.706209   -0.206209 (VIOLATED)
_3104_/B1                               1.500000    1.706206   -0.206206 (VIOLATED)
_3111_/B1                               1.500000    1.706203   -0.206203 (VIOLATED)
_3107_/B1                               1.500000    1.706199   -0.206200 (VIOLATED)
_3109_/B1                               1.500000    1.706192   -0.206192 (VIOLATED)
_3110_/B1                               1.500000    1.706180   -0.206180 (VIOLATED)
_3101_/B1                               1.500000    1.706176   -0.206176 (VIOLATED)
_3108_/B1                               1.500000    1.706175   -0.206175 (VIOLATED)
_3113_/B1                               1.500000    1.706175   -0.206175 (VIOLATED)
_3112_/B1                               1.500000    1.706174   -0.206174 (VIOLATED)
_3114_/B1                               1.500000    1.706174   -0.206174 (VIOLATED)
_3115_/B1                               1.500000    1.706174   -0.206174 (VIOLATED)
_3106_/B1                               1.500000    1.706174   -0.206174 (VIOLATED)
_2987_/Y                                1.496266    1.673749   -0.177483 (VIOLATED)
_2990_/B1                               1.500000    1.673854   -0.173854 (VIOLATED)
_2991_/B1                               1.500000    1.673853   -0.173853 (VIOLATED)
_2993_/B1                               1.500000    1.673851   -0.173851 (VIOLATED)
_2988_/B1                               1.500000    1.673847   -0.173847 (VIOLATED)
_2992_/B1                               1.500000    1.673838   -0.173838 (VIOLATED)
_2999_/B1                               1.500000    1.673829   -0.173829 (VIOLATED)
_2997_/B1                               1.500000    1.673820   -0.173820 (VIOLATED)
_2995_/B1                               1.500000    1.673806   -0.173806 (VIOLATED)
_2998_/B1                               1.500000    1.673800   -0.173800 (VIOLATED)
_2989_/B1                               1.500000    1.673800   -0.173800 (VIOLATED)
_3000_/B1                               1.500000    1.673779   -0.173779 (VIOLATED)
_2994_/B1                               1.500000    1.673768   -0.173768 (VIOLATED)
_3003_/B1                               1.500000    1.673758   -0.173758 (VIOLATED)
_3001_/B1                               1.500000    1.673756   -0.173757 (VIOLATED)
_2996_/B1                               1.500000    1.673749   -0.173749 (VIOLATED)
_3002_/B1                               1.500000    1.673749   -0.173749 (VIOLATED)
_3024_/Y                                1.496266    1.666140   -0.169874 (VIOLATED)
_3027_/B1                               1.500000    1.666283   -0.166283 (VIOLATED)
_3028_/B1                               1.500000    1.666283   -0.166283 (VIOLATED)
_3025_/B1                               1.500000    1.666281   -0.166281 (VIOLATED)
_3030_/B1                               1.500000    1.666281   -0.166281 (VIOLATED)
_3036_/B1                               1.500000    1.666264   -0.166264 (VIOLATED)
_3029_/B1                               1.500000    1.666258   -0.166258 (VIOLATED)
_3034_/B1                               1.500000    1.666243   -0.166243 (VIOLATED)
_3032_/B1                               1.500000    1.666214   -0.166214 (VIOLATED)
_3035_/B1                               1.500000    1.666196   -0.166197 (VIOLATED)
_3026_/B1                               1.500000    1.666193   -0.166193 (VIOLATED)
_3037_/B1                               1.500000    1.666191   -0.166191 (VIOLATED)
_3031_/B1                               1.500000    1.666188   -0.166188 (VIOLATED)
_3038_/B1                               1.500000    1.666181   -0.166181 (VIOLATED)
_3040_/B1                               1.500000    1.666175   -0.166176 (VIOLATED)
_3033_/B1                               1.500000    1.666158   -0.166158 (VIOLATED)
_3039_/B1                               1.500000    1.666153   -0.166153 (VIOLATED)
_2968_/Y                                1.496266    1.656464   -0.160198 (VIOLATED)
_2971_/B1                               1.500000    1.656491   -0.156491 (VIOLATED)
_2972_/B1                               1.500000    1.656490   -0.156490 (VIOLATED)
_2974_/B1                               1.500000    1.656489   -0.156489 (VIOLATED)
_2969_/B1                               1.500000    1.656488   -0.156488 (VIOLATED)
_2973_/B1                               1.500000    1.656486   -0.156486 (VIOLATED)
_2980_/B1                               1.500000    1.656486   -0.156486 (VIOLATED)
_2983_/B1                               1.500000    1.656484   -0.156484 (VIOLATED)
_2977_/B1                               1.500000    1.656483   -0.156483 (VIOLATED)
_2978_/B1                               1.500000    1.656483   -0.156483 (VIOLATED)
_2982_/B1                               1.500000    1.656483   -0.156483 (VIOLATED)
_2976_/B1                               1.500000    1.656481   -0.156481 (VIOLATED)
_2979_/B1                               1.500000    1.656480   -0.156480 (VIOLATED)
_2984_/B1                               1.500000    1.656480   -0.156480 (VIOLATED)
_2981_/B1                               1.500000    1.656479   -0.156479 (VIOLATED)
_2975_/B1                               1.500000    1.656476   -0.156476 (VIOLATED)
_2970_/B1                               1.500000    1.656467   -0.156467 (VIOLATED)
_3006_/Y                                1.496266    1.588336   -0.092069 (VIOLATED)
_3009_/B1                               1.500000    1.588453   -0.088453 (VIOLATED)
_3010_/B1                               1.500000    1.588453   -0.088453 (VIOLATED)
_3012_/B1                               1.500000    1.588451   -0.088451 (VIOLATED)
_3007_/B1                               1.500000    1.588447   -0.088447 (VIOLATED)
_3011_/B1                               1.500000    1.588437   -0.088437 (VIOLATED)
_3018_/B1                               1.500000    1.588431   -0.088431 (VIOLATED)
_3016_/B1                               1.500000    1.588418   -0.088418 (VIOLATED)
_3014_/B1                               1.500000    1.588399   -0.088399 (VIOLATED)
_3008_/B1                               1.500000    1.588387   -0.088387 (VIOLATED)
_3017_/B1                               1.500000    1.588387   -0.088387 (VIOLATED)
_3019_/B1                               1.500000    1.588386   -0.088386 (VIOLATED)
_3013_/B1                               1.500000    1.588374   -0.088374 (VIOLATED)
_3022_/B1                               1.500000    1.588356   -0.088356 (VIOLATED)
_3020_/B1                               1.500000    1.588349   -0.088349 (VIOLATED)
_3015_/B1                               1.500000    1.588341   -0.088342 (VIOLATED)
_3021_/B1                               1.500000    1.588336   -0.088336 (VIOLATED)
_4145_/A1                               1.500000    1.541411   -0.041411 (VIOLATED)
_4188_/B2                               1.500000    1.541404   -0.041404 (VIOLATED)
_2454_/D                                1.500000    1.541403   -0.041403 (VIOLATED)
_4807_/A1                               1.500000    1.541403   -0.041403 (VIOLATED)
_4376_/A1                               1.500000    1.541389   -0.041389 (VIOLATED)
_4793_/A1                               1.500000    1.541361   -0.041361 (VIOLATED)
_4764_/A1                               1.500000    1.541326   -0.041326 (VIOLATED)
_4780_/A1                               1.500000    1.541292   -0.041292 (VIOLATED)
_4327_/A1                               1.500000    1.541277   -0.041277 (VIOLATED)
_4304_/A1                               1.500000    1.541253   -0.041253 (VIOLATED)
_4213_/B1                               1.500000    1.541229   -0.041230 (VIOLATED)
_4282_/A1                               1.500000    1.541206   -0.041206 (VIOLATED)
_2693_/A                                1.500000    1.541206   -0.041206 (VIOLATED)
_2699_/A                                1.500000    1.541200   -0.041200 (VIOLATED)
_2707_/A2                               1.500000    1.541162   -0.041162 (VIOLATED)
_4678_/A1                               1.500000    1.541158   -0.041159 (VIOLATED)
_4665_/A1                               1.500000    1.541148   -0.041149 (VIOLATED)
_4081_/A1_N                             1.500000    1.541148   -0.041148 (VIOLATED)
_4609_/A1                               1.500000    1.541148   -0.041148 (VIOLATED)
_4037_/A                                1.500000    1.541145   -0.041145 (VIOLATED)
_4115_/A                                1.500000    1.541135   -0.041135 (VIOLATED)
_4006_/A1                               1.500000    1.541130   -0.041130 (VIOLATED)
_4259_/A1                               1.500000    1.541087   -0.041087 (VIOLATED)
_4235_/A1                               1.500000    1.541083   -0.041083 (VIOLATED)
_4163_/A1                               1.500000    1.541080   -0.041080 (VIOLATED)
_4718_/A1                               1.500000    1.541056   -0.041056 (VIOLATED)
_2446_/X                                1.500687    1.540994   -0.040307 (VIOLATED)
_2885_/A                                1.500000    1.517661   -0.017661 (VIOLATED)
_2874_/A                                1.500000    1.517657   -0.017657 (VIOLATED)
_2877_/A                                1.500000    1.517649   -0.017649 (VIOLATED)
_2866_/A                                1.500000    1.517637   -0.017637 (VIOLATED)
_2880_/A                                1.500000    1.517624   -0.017624 (VIOLATED)
_2871_/A                                1.500000    1.517604   -0.017604 (VIOLATED)
_2883_/A                                1.500000    1.517596   -0.017596 (VIOLATED)
_2869_/A                                1.500000    1.517580   -0.017580 (VIOLATED)
_2888_/B1                               1.500000    1.517565   -0.017565 (VIOLATED)
_2691_/A_N                              1.500000    1.517554   -0.017554 (VIOLATED)
_2696_/A                                1.500000    1.517549   -0.017549 (VIOLATED)
_2887_/B                                1.500000    1.517506   -0.017506 (VIOLATED)
_2856_/A                                1.500000    1.517461   -0.017461 (VIOLATED)
_2854_/A_N                              1.500000    1.517460   -0.017460 (VIOLATED)
_2860_/A                                1.500000    1.517460   -0.017460 (VIOLATED)
_2858_/A                                1.500000    1.517459   -0.017459 (VIOLATED)
_2862_/A                                1.500000    1.517458   -0.017458 (VIOLATED)
_2454_/A_N                              1.500000    1.517381   -0.017381 (VIOLATED)
_2702_/A1                               1.500000    1.517341   -0.017341 (VIOLATED)
_2466_/A_N                              1.500000    1.517338   -0.017338 (VIOLATED)
_2707_/B1                               1.500000    1.517335   -0.017335 (VIOLATED)
_2864_/A                                1.500000    1.517324   -0.017324 (VIOLATED)
_2448_/X                                1.500687    1.517299   -0.016612 (VIOLATED)

max capacitance

Pin                                        Limit         Cap       Slack
------------------------------------------------------------------------
_4002_/Y                                0.086070    0.106189   -0.020119 (VIOLATED)
_3136_/Y                                0.086070    0.104436   -0.018366 (VIOLATED)
_3043_/Y                                0.086070    0.104037   -0.017967 (VIOLATED)
_3061_/Y                                0.086070    0.103194   -0.017124 (VIOLATED)
_3208_/Y                                0.086070    0.101989   -0.015919 (VIOLATED)
_3099_/Y                                0.086070    0.099152   -0.013082 (VIOLATED)
_2987_/Y                                0.086070    0.097172   -0.011102 (VIOLATED)
_3024_/Y                                0.086070    0.096684   -0.010614 (VIOLATED)
_2968_/Y                                0.086070    0.096193   -0.010123 (VIOLATED)
_2446_/X                                0.174876    0.181009   -0.006133 (VIOLATED)
_3006_/Y                                0.086070    0.092070   -0.006000 (VIOLATED)
_2448_/X                                0.174876    0.178390   -0.003514 (VIOLATED)



===========================================================================
report_parasitic_annotation -report_unannotated
============================================================================
Found 37 unannotated drivers.
 clkload0/Y
 clkload1/Y
 clkload10/X
 clkload11/X
 clkload12/X
 clkload13/X
 clkload14/X
 clkload15/X
 clkload16/X
 clkload17/Y
 clkload18/X
 clkload19/X
 clkload2/Y
 clkload20/X
 clkload21/Y
 clkload22/Y
 clkload23/X
 clkload24/Y
 clkload25/Y
 clkload26/Y
 clkload27/X
 clkload28/X
 clkload29/Y
 clkload3/X
 clkload30/Y
 clkload31/X
 clkload32/X
 clkload33/X
 clkload34/Y
 clkload35/X
 clkload36/X
 clkload4/X
 clkload5/X
 clkload6/X
 clkload7/X
 clkload8/X
 clkload9/X
Found 0 partially unannotated drivers.

===========================================================================
max slew violation count 247
max fanout violation count 0
max cap violation count 12
============================================================================

===========================================================================
check_setup -verbose -unconstrained_endpoints -multiple_clock -no_clock -no_input_delay -loops -generated_clocks
===========================================================================
Warning: There are 58 unconstrained endpoints.
  DEVICES_LDH
  DEVICES_LDW
  DEVICES_STRH
  DEVICES_STRW
  EX_HALT
  INSTR_ADDR[0]
  INSTR_ADDR[10]
  INSTR_ADDR[11]
  INSTR_ADDR[12]
  INSTR_ADDR[13]
  INSTR_ADDR[14]
  INSTR_ADDR[15]
  INSTR_ADDR[1]
  INSTR_ADDR[2]
  INSTR_ADDR[3]
  INSTR_ADDR[4]
  INSTR_ADDR[5]
  INSTR_ADDR[6]
  INSTR_ADDR[7]
  INSTR_ADDR[8]
  INSTR_ADDR[9]
  INVALID_MEM
  MAIN_LDH
  MAIN_LDW
  MAIN_STRH
  MAIN_STRW
  MEM_ADDR[0]
  MEM_ADDR[10]
  MEM_ADDR[11]
  MEM_ADDR[12]
  MEM_ADDR[13]
  MEM_ADDR[14]
  MEM_ADDR[15]
  MEM_ADDR[1]
  MEM_ADDR[2]
  MEM_ADDR[3]
  MEM_ADDR[4]
  MEM_ADDR[5]
  MEM_ADDR[6]
  MEM_ADDR[7]
  MEM_ADDR[8]
  MEM_ADDR[9]
  MEM_STR_DATA[0]
  MEM_STR_DATA[10]
  MEM_STR_DATA[11]
  MEM_STR_DATA[12]
  MEM_STR_DATA[13]
  MEM_STR_DATA[14]
  MEM_STR_DATA[15]
  MEM_STR_DATA[1]
  MEM_STR_DATA[2]
  MEM_STR_DATA[3]
  MEM_STR_DATA[4]
  MEM_STR_DATA[5]
  MEM_STR_DATA[6]
  MEM_STR_DATA[7]
  MEM_STR_DATA[8]
  MEM_STR_DATA[9]
