Clock: CLK
Sources: CLK 
Generated: no
Virtual: yes
Propagated: no
Period: 26.000000

===========================================================================
report_clock_properties
============================================================================
Clock                   Period          Waveform
----------------------------------------------------
CLK                  26.000000    0.000000 13.000000

===========================================================================
report_clock_latency
============================================================================
Clock CLK
rise -> rise
    min     max
0.000000 0.000000 source latency
0.890315         network latency _4970_/CLK
        0.979815 network latency _4882_/CLK
---------------
0.890315 0.979815 latency
        0.089500 skew

fall -> fall
    min     max
0.000000 0.000000 source latency
0.901632         network latency _4970_/CLK
        0.967059 network latency _4882_/CLK
---------------
0.901632 0.967059 latency
        0.065428 skew



===========================================================================
report_clock_min_period
============================================================================
CLK period_min = 13.28 fmax = 75.28
