Reading timing models for corner max_ss_100C_1v60…
Reading timing library for the 'max_ss_100C_1v60' corner at '/root/.ciel/ciel/sky130/versions/8afc8346a57fe1ab7934ba5a6056ea8b43078e71/sky130A/libs.ref/sky130_fd_sc_hd/lib/sky130_fd_sc_hd__ss_100C_1v60.lib'…
Reading OpenROAD database at '/home/Ven/vscode/VRAI/runs/RUN_2026-07-29_11-20-22/41-openroad-repairdesignpostgrt/VRAI_SYNC_CORE.odb'…
Reading design constraints file at '/home/Ven/vscode/VRAI/constraints/vrai_pnr.sdc'…
[INFO] No information on clock propagation in input SDC file-- propagating all clocks.
+ repair_antennas sky130_fd_sc_hd__diode_2 -iterations 3 -ratio_margin 10
[INFO GRT-0012] Found 3 antenna violations.
[INFO GRT-0302] Inserted 3 jumpers for 3 nets.
[INFO GRT-0012] Found 0 antenna violations.
Setting global connections for newly added cells…
[INFO] Setting global connections...
[INFO ODB-0403] 0 connections made, 0 conflicts skipped.
Updating metrics…
Cell type report:                       Count       Area
  Fill cell                               188     705.68
  Tap cell                                912    1141.09
  Clock buffer                             72     934.65
  Timing Repair Buffer                    181    1965.64
  Inverter                                 67     253.99
  Clock inverter                            8      82.58
  Sequential cell                         416    8863.50
  Multi-Input combinational cell         2383   24303.31
  Total                                  4227   38250.44
Writing OpenROAD database to '/home/Ven/vscode/VRAI/runs/RUN_2026-07-29_11-20-22/43-openroad-repairantennas/1-openroad-diodeinsertion/VRAI_SYNC_CORE.odb'…
Writing layout to '/home/Ven/vscode/VRAI/runs/RUN_2026-07-29_11-20-22/43-openroad-repairantennas/1-openroad-diodeinsertion/VRAI_SYNC_CORE.def'…
